                                                                                                      "responseId": "sCa4aOHXJYCD-8YPocWsuQc"
                                                                                                    }
2025-09-03 19:29:53.141 13636-14301 FoodActivity            com.example.nutrisaur11              D  Extracted verification text: 1,2,3,4,5,7,8,9
2025-09-03 19:29:53.142 13636-14272 FoodActivity            com.example.nutrisaur11              D  Nutrition verification response: {
                                                                                                      "candidates": [
                                                                                                        {
                                                                                                          "content": {
                                                                                                            "parts": [
                                                                                                              {
                                                                                                                "text": "1,2,3,4,5,6,8,9\n"
                                                                                                              }
                                                                                                            ],
                                                                                                            "role": "model"
                                                                                                          },
                                                                                                          "finishReason": "STOP",
                                                                                                          "avgLogprobs": -0.37853145599365234
                                                                                                        }
                                                                                                      ],
                                                                                                      "usageMetadata": {
                                                                                                        "promptTokenCount": 539,
                                                                                                        "candidatesTokenCount": 16,
                                                                                                        "totalTokenCount": 555,
                                                                                                        "promptTokensDetails": [
                                                                                                          {
                                                                                                            "modality": "TEXT",
                                                                                                            "tokenCount": 539
                                                                                                          }
                                                                                                        ],
                                                                                                        "candidatesTokensDetails": [
                                                                                                          {
                                                                                                            "modality": "TEXT",
                                                                                                            "tokenCount": 16
                                                                                                          }
                                                                                                        ]
                                                                                                      },
                                                                                                      "modelVersion": "gemini-2.0-flash",
                                                                                                      "responseId": "sCa4aNa_L8GI-8YPt8666A8"
                                                                                                    }
2025-09-03 19:29:53.142 13636-14301 FoodActivity            com.example.nutrisaur11              D  Verified nutrition for: Lugaw
2025-09-03 19:29:53.142 13636-14301 FoodActivity            com.example.nutrisaur11              D  Verified nutrition for: Kalabasa Congee
2025-09-03 19:29:53.142 13636-14301 FoodActivity            com.example.nutrisaur11              D  Verified nutrition for: Banana Oatmeal
2025-09-03 19:29:53.142 13636-14301 FoodActivity            com.example.nutrisaur11              D  Verified nutrition for: Ginisang Repolyo
2025-09-03 19:29:53.142 13636-14301 FoodActivity            com.example.nutrisaur11              D  Verified nutrition for: Avocado Espuma
2025-09-03 19:29:53.142 13636-14301 FoodActivity            com.example.nutrisaur11              D  Verified nutrition for: Sweet Potato Mash
2025-09-03 19:29:53.142 13636-14301 FoodActivity            com.example.nutrisaur11              D  Verified nutrition for: Pears in Syrup
2025-09-03 19:29:53.142 13636-14301 FoodActivity            com.example.nutrisaur11              D  Verified nutrition for: Mango Tapioca
2025-09-03 19:29:53.142 13636-14272 FoodActivity            com.example.nutrisaur11              D  Extracted verification text: 1,2,3,4,5,6,8,9
2025-09-03 19:29:53.142 13636-14301 FoodActivity            com.example.nutrisaur11              D  Nutrition verification complete: 8 out of 10 have accurate nutrition
2025-09-03 19:29:53.142 13636-14272 FoodActivity            com.example.nutrisaur11              D  Verified nutrition for: Lugaw with Egg Yolk
2025-09-03 19:29:53.142 13636-14272 FoodActivity            com.example.nutrisaur11              D  Verified nutrition for: Sweet Potato Congee
2025-09-03 19:29:53.142 13636-14272 FoodActivity            com.example.nutrisaur11              D  Verified nutrition for: Squash and Chicken Stew
2025-09-03 19:29:53.142 13636-14272 FoodActivity            com.example.nutrisaur11              D  Verified nutrition for: Guava and Pear Compote
2025-09-03 19:29:53.142 13636-14301 FoodActivity            com.example.nutrisaur11              D  Generated 8 unique verified foods out of 10 total
2025-09-03 19:29:53.143 13636-14272 FoodActivity            com.example.nutrisaur11              D  Verified nutrition for: Banana and Avocado Mix
2025-09-03 19:29:53.143 13636-14272 FoodActivity            com.example.nutrisaur11              D  Verified nutrition for: Tofu and Carrot Blend
2025-09-03 19:29:53.143 13636-14272 FoodActivity            com.example.nutrisaur11              D  Verified nutrition for: Chicken and Veggie Broth
2025-09-03 19:29:53.143 13636-14272 FoodActivity            com.example.nutrisaur11              D  Verified nutrition for: Apple and Prune Paste
2025-09-03 19:29:53.143 13636-14272 FoodActivity            com.example.nutrisaur11              D  Nutrition verification complete: 8 out of 9 have accurate nutrition
2025-09-03 19:29:53.143 13636-14272 FoodActivity            com.example.nutrisaur11              D  Generated 8 unique verified foods out of 10 total
2025-09-03 19:29:53.143 13636-13636 FoodActivity            com.example.nutrisaur11              D  Added unique recommendation: Lugaw
2025-09-03 19:29:53.143 13636-13636 FoodActivity            com.example.nutrisaur11              D  Added unique recommendation: Kalabasa Congee
2025-09-03 19:29:53.143 13636-13636 FoodActivity            com.example.nutrisaur11              D  Added unique recommendation: Banana Oatmeal
2025-09-03 19:29:53.144 13636-13636 FoodActivity            com.example.nutrisaur11              D  Added unique recommendation: Ginisang Repolyo
2025-09-03 19:29:53.144 13636-13636 FoodActivity            com.example.nutrisaur11              D  Added unique recommendation: Avocado Espuma
2025-09-03 19:29:53.144 13636-13636 FoodActivity            com.example.nutrisaur11              D  Added unique recommendation: Sweet Potato Mash
2025-09-03 19:29:53.144 13636-13636 FoodActivity            com.example.nutrisaur11              D  Added unique recommendation: Pears in Syrup
2025-09-03 19:29:53.144 13636-13636 FoodActivity            com.example.nutrisaur11              D  Added unique recommendation: Mango Tapioca
2025-09-03 19:29:53.144 13636-13636 FoodActivity            com.example.nutrisaur11              D  Adding 2 fallback foods to complete current batch
2025-09-03 19:29:53.144 13636-13636 FoodActivity            com.example.nutrisaur11              D  Added fallback: Curry (calories: 276)
2025-09-03 19:29:53.144 13636-13636 FoodActivity            com.example.nutrisaur11              D  Added fallback: Chicken Teriyaki (calories: 287)
2025-09-03 19:29:53.144 13636-13636 FoodActivity            com.example.nutrisaur11              D  Added fallback: Burger (calories: 214)
2025-09-03 19:29:53.144 13636-13636 FoodActivity            com.example.nutrisaur11              D  Added fallback: Menudo (calories: 225)
2025-09-03 19:29:53.145 13636-13636 FoodActivity            com.example.nutrisaur11              D  Added fallback: Afritada (calories: 320)
2025-09-03 19:29:53.145 13636-13636 FoodActivity            com.example.nutrisaur11              D  Added fallback: Mechado (calories: 314)
2025-09-03 19:29:53.145 13636-13636 FoodActivity            com.example.nutrisaur11              D  Added fallback: Tinola (calories: 217)
2025-09-03 19:29:53.145 13636-13636 FoodActivity            com.example.nutrisaur11              D  Added fallback: Crispy Pata (calories: 230)
2025-09-03 19:29:53.145 13636-13636 FoodActivity            com.example.nutrisaur11              D  Added fallback: Fried Chicken (calories: 270)
2025-09-03 19:29:53.145 13636-13636 FoodActivity            com.example.nutrisaur11              D  Added fallback: Stir Fry (calories: 320)
2025-09-03 19:29:53.146 13636-13636 FoodActivity            com.example.nutrisaur11              D  Created 10 fallback recommendations
2025-09-03 19:29:53.146 13636-13636 FoodActivity            com.example.nutrisaur11              D  Creating 2 generic fallbacks to complete batch
2025-09-03 19:29:53.146 13636-13636 FoodActivity            com.example.nutrisaur11              D  Added generic fallback: Filipino Dish 1756898993146_0
2025-09-03 19:29:53.146 13636-13636 FoodActivity            com.example.nutrisaur11              D  Added generic fallback: Filipino Dish 1756898993146_1
2025-09-03 19:29:53.148 13636-13636 FoodActivity            com.example.nutrisaur11              D  Added 8 new unique recommendations from batch
2025-09-03 19:29:53.148 13636-13636 FoodActivity            com.example.nutrisaur11              D  Final recommendations size after batch: 20
2025-09-03 19:29:53.148 13636-13636 FoodActivity            com.example.nutrisaur11              D  Adding 2 fallback foods to complete batch
2025-09-03 19:29:53.148 13636-13636 FoodActivity            com.example.nutrisaur11              D  Added fallback: Ginataang Gulay (calories: 205)
2025-09-03 19:29:53.148 13636-13636 FoodActivity            com.example.nutrisaur11              D  Added fallback: Mechado (calories: 323)
2025-09-03 19:29:53.149 13636-13636 FoodActivity            com.example.nutrisaur11              D  Added fallback: Dinuguan (calories: 301)
2025-09-03 19:29:53.149 13636-13636 FoodActivity            com.example.nutrisaur11              D  Added fallback: Sisig (calories: 226)
2025-09-03 19:29:53.149 13636-13636 FoodActivity            com.example.nutrisaur11              D  Added fallback: Lumpia (calories: 237)
2025-09-03 19:29:53.149 13636-13636 FoodActivity            com.example.nutrisaur11              D  Added fallback: Fried Chicken (calories: 319)
2025-09-03 19:29:53.149 13636-13636 FoodActivity            com.example.nutrisaur11              D  Added fallback: Pizza (calories: 269)
2025-09-03 19:29:53.149 13636-13636 FoodActivity            com.example.nutrisaur11              D  Added fallback: Beef Steak (calories: 376)
2025-09-03 19:29:53.149 13636-13636 FoodActivity            com.example.nutrisaur11              D  Added fallback: Pad Thai (calories: 214)
2025-09-03 19:29:53.150 13636-13636 FoodActivity            com.example.nutrisaur11              D  Added fallback: Pancit (calories: 273)
2025-09-03 19:29:53.150 13636-13636 FoodActivity            com.example.nutrisaur11              D  Created 10 fallback recommendations
2025-09-03 19:29:53.150 13636-13636 FoodActivity            com.example.nutrisaur11              D  Creating 2 generic fallbacks to complete batch
2025-09-03 19:29:53.150 13636-13636 FoodActivity            com.example.nutrisaur11              D  Added generic fallback: Filipino Dish 1756898993150_0
2025-09-03 19:29:53.150 13636-13636 FoodActivity            com.example.nutrisaur11              D  Added generic fallback: Filipino Dish 1756898993150_1
2025-09-03 19:29:53.150 13636-13636 FoodActivity            com.example.nutrisaur11              D  Real food cards ready! Images will load when user views them.
2025-09-03 19:29:53.170 13636-13636 FoodRecomm...ionAdapter com.example.nutrisaur11              D  Binding recommendation at position 8: Filipino Dish 1756898993150_0
2025-09-03 19:29:53.179 13636-13636 FoodRecomm...ionAdapter com.example.nutrisaur11              D  Set text values - Name: 'Filipino Dish 1756898993150_0', Calories: 250, Protein: 15.0, Description: 'Traditional Filipino dish'
2025-09-03 19:29:53.180 13636-13636 FoodImageService        com.example.nutrisaur11              D  Loaded local image for: Filipino Dish 1756898993150_0 (resource: 2131165382)
2025-09-03 19:29:53.192 13636-13636 FoodRecomm...ionAdapter com.example.nutrisaur11              D  Binding recommendation at position 9: Filipino Dish 1756898993150_1
2025-09-03 19:29:53.198 13636-13636 FoodRecomm...ionAdapter com.example.nutrisaur11              D  Set text values - Name: 'Filipino Dish 1756898993150_1', Calories: 250, Protein: 15.0, Description: 'Traditional Filipino dish'
2025-09-03 19:29:53.199 13636-13636 FoodImageService        com.example.nutrisaur11              D  Loaded local image for: Filipino Dish 1756898993150_1 (resource: 2131165382)
2025-09-03 19:29:53.204 13636-13636 FoodActivity            com.example.nutrisaur11              D  Showing recommendation at position: 9, isPreloading: false, total foods: 10
2025-09-03 19:29:53.205 13636-13636 FoodActivity            com.example.nutrisaur11              D  Triggering preload at position: 9 (near end of available foods: 10)
2025-09-03 19:29:53.205 13636-14301 FoodActivity            com.example.nutrisaur11              D  Starting generateNextRecommendation - current size: 10
2025-09-03 19:29:53.241 13636-13765 OpenGLRenderer          com.example.nutrisaur11              I  Davey! duration=9223159692178ms; Flags=0, FrameTimelineVsyncId=9868629, IntendedVsync=212344675760589, Vsync=212344675760589, InputEventId=0, HandleInputStart=212344677173838, AnimationStart=212344677182067, PerformTraversalsStart=212344677186702, DrawStart=212344721845504, FrameDeadline=212344709093921, FrameInterval=212344677129567, FrameStartTime=16666666, SyncQueued=212344723783942, SyncStart=212344723852692, IssueDrawCommandsStart=212344724092015, SwapBuffers=212344725585765, FrameCompleted=9223372036854775807, DequeueBufferDuration=29531, QueueBufferDuration=1435365, GpuCompleted=9223372036854775807, SwapBuffersCompleted=212344727575817, DisplayPresentTime=0, 
2025-09-03 19:29:53.253 13636-13765 OpenGLRenderer          com.example.nutrisaur11              I  Davey! duration=9223159692111ms; Flags=0, FrameTimelineVsyncId=9868634, IntendedVsync=212344742610873, Vsync=212344742610873, InputEventId=0, HandleInputStart=212344744876963, AnimationStart=212344744879931, PerformTraversalsStart=212344745944723, DrawStart=212344746060348, FrameDeadline=212344775944205, FrameInterval=212344744857848, FrameStartTime=16666666, SyncQueued=212344746248734, SyncStart=212344746801181, IssueDrawCommandsStart=212344747128056, SwapBuffers=212344750143786, FrameCompleted=9223372036854775807, DequeueBufferDuration=29531, QueueBufferDuration=2092813, GpuCompleted=9223372036854775807, SwapBuffersCompleted=212344752976598, DisplayPresentTime=0, 
2025-09-03 19:29:57.446 13636-14301 FoodActivity            com.example.nutrisaur11              D  Retrying API call (attempt 1)
2025-09-03 19:29:59.182 13636-14301 FoodActivity            com.example.nutrisaur11              D  Retrying API call (attempt 2)
2025-09-03 19:30:01.745 13636-14301 FoodActivity            com.example.nutrisaur11              D  Retrying API call (attempt 3)
2025-09-03 19:30:04.305 13636-14301 FoodActivity            com.example.nutrisaur11              D  Retrying API call (attempt 4)
2025-09-03 19:30:05.306 13636-14301 FoodActivity            com.example.nutrisaur11              W  Max retry count reached, returning fallback recommendations
2025-09-03 19:30:05.307 13636-14301 FoodActivity            com.example.nutrisaur11              D  Added fallback: Afritada (calories: 285)
2025-09-03 19:30:05.308 13636-14301 FoodActivity            com.example.nutrisaur11              D  Added fallback: Kaldereta (calories: 341)
2025-09-03 19:30:05.308 13636-14301 FoodActivity            com.example.nutrisaur11              D  Added fallback: Bicol Express (calories: 343)
2025-09-03 19:30:05.308 13636-14301 FoodActivity            com.example.nutrisaur11              D  Added fallback: Beef Bulgogi (calories: 313)
2025-09-03 19:30:05.309 13636-14301 FoodActivity            com.example.nutrisaur11              D  Added fallback: Sushi (calories: 279)
2025-09-03 19:30:05.309 13636-14301 FoodActivity            com.example.nutrisaur11              D  Added fallback: Tinola (calories: 258)
2025-09-03 19:30:05.309 13636-14301 FoodActivity            com.example.nutrisaur11              D  Added fallback: Crispy Pata (calories: 207)
2025-09-03 19:30:05.310 13636-14301 FoodActivity            com.example.nutrisaur11              D  Added fallback: Stir Fry (calories: 308)
2025-09-03 19:30:05.310 13636-14301 FoodActivity            com.example.nutrisaur11              D  Added fallback: Pinakbet (calories: 251)
2025-09-03 19:30:05.310 13636-14301 FoodActivity            com.example.nutrisaur11              D  Added fallback: Lechon (calories: 316)
2025-09-03 19:30:05.310 13636-14301 FoodActivity            com.example.nutrisaur11              D  Created 10 fallback recommendations
2025-09-03 19:30:05.311 13636-13636 FoodActivity            com.example.nutrisaur11              D  Skipped duplicate: Afritada
2025-09-03 19:30:05.312 13636-13636 FoodActivity            com.example.nutrisaur11              D  Skipped duplicate: Kaldereta
2025-09-03 19:30:05.312 13636-13636 FoodActivity            com.example.nutrisaur11              D  Skipped duplicate: Bicol Express
2025-09-03 19:30:05.312 13636-13636 FoodActivity            com.example.nutrisaur11              D  Skipped duplicate: Beef Bulgogi
2025-09-03 19:30:05.312 13636-13636 FoodActivity            com.example.nutrisaur11              D  Skipped duplicate: Sushi
2025-09-03 19:30:05.312 13636-13636 FoodActivity            com.example.nutrisaur11              D  Skipped duplicate: Tinola
2025-09-03 19:30:05.312 13636-13636 FoodActivity            com.example.nutrisaur11              D  Skipped duplicate: Crispy Pata
2025-09-03 19:30:05.312 13636-13636 FoodActivity            com.example.nutrisaur11              D  Skipped duplicate: Stir Fry
2025-09-03 19:30:05.313 13636-13636 FoodActivity            com.example.nutrisaur11              D  Skipped duplicate: Pinakbet
2025-09-03 19:30:05.313 13636-13636 FoodActivity            com.example.nutrisaur11              D  Skipped duplicate: Lechon
2025-09-03 19:30:05.313 13636-13636 FoodActivity            com.example.nutrisaur11              D  No unique foods added, generating more recommendations
2025-09-03 19:30:05.314 13636-13636 FoodActivity            com.example.nutrisaur11              D  Final recommendations size after batch: 10
2025-09-03 19:30:05.314 13636-14272 FoodActivity            com.example.nutrisaur11              D  Starting generateNextRecommendation - current size: 10
2025-09-03 19:30:06.864 13636-14272 FoodActivity            com.example.nutrisaur11              D  Retrying API call (attempt 1)
2025-09-03 19:30:09.425 13636-14272 FoodActivity            com.example.nutrisaur11              D  Retrying API call (attempt 2)
2025-09-03 19:30:12.086 13636-14272 FoodActivity            com.example.nutrisaur11              D  Retrying API call (attempt 3)
2025-09-03 19:30:14.646 13636-14272 FoodActivity            com.example.nutrisaur11              D  Retrying API call (attempt 4)
2025-09-03 19:30:15.647 13636-14272 FoodActivity            com.example.nutrisaur11              W  Max retry count reached, returning fallback recommendations
2025-09-03 19:30:15.648 13636-14272 FoodActivity            com.example.nutrisaur11              D  Added fallback: Tapsilog (calories: 218)
2025-09-03 19:30:15.648 13636-14272 FoodActivity            com.example.nutrisaur11              D  Added fallback: Ramen (calories: 257)
2025-09-03 19:30:15.649 13636-14272 FoodActivity            com.example.nutrisaur11              D  Added fallback: Chicken Inasal (calories: 249)
2025-09-03 19:30:15.649 13636-14272 FoodActivity            com.example.nutrisaur11              D  Added fallback: Burger (calories: 310)
2025-09-03 19:30:15.649 13636-14272 FoodActivity            com.example.nutrisaur11              D  Added fallback: Chicken Teriyaki (calories: 202)
2025-09-03 19:30:15.650 13636-14272 FoodActivity            com.example.nutrisaur11              D  Added fallback: Menudo (calories: 317)
2025-09-03 19:30:15.650 13636-14272 FoodActivity            com.example.nutrisaur11              D  Added fallback: Curry (calories: 258)
2025-09-03 19:30:15.650 13636-14272 FoodActivity            com.example.nutrisaur11              D  Added fallback: Kare-kare (calories: 296)
2025-09-03 19:30:15.651 13636-14272 FoodActivity            com.example.nutrisaur11              D  Added fallback: Spaghetti (calories: 240)
2025-09-03 19:30:15.651 13636-14272 FoodActivity            com.example.nutrisaur11              D  Added fallback: Adobo (calories: 308)
2025-09-03 19:30:15.652 13636-14272 FoodActivity            com.example.nutrisaur11              D  Created 10 fallback recommendations
2025-09-03 19:30:15.652 13636-13636 FoodActivity            com.example.nutrisaur11              D  Skipped duplicate: Tapsilog
2025-09-03 19:30:15.653 13636-13636 FoodActivity            com.example.nutrisaur11              D  Skipped duplicate: Ramen
2025-09-03 19:30:15.653 13636-13636 FoodActivity            com.example.nutrisaur11              D  Skipped duplicate: Chicken Inasal
2025-09-03 19:30:15.653 13636-13636 FoodActivity            com.example.nutrisaur11              D  Skipped duplicate: Burger
2025-09-03 19:30:15.653 13636-13636 FoodActivity            com.example.nutrisaur11              D  Skipped duplicate: Chicken Teriyaki
2025-09-03 19:30:15.653 13636-13636 FoodActivity            com.example.nutrisaur11              D  Skipped duplicate: Menudo
2025-09-03 19:30:15.653 13636-13636 FoodActivity            com.example.nutrisaur11              D  Skipped duplicate: Curry
2025-09-03 19:30:15.654 13636-13636 FoodActivity            com.example.nutrisaur11              D  Skipped duplicate: Kare-kare
2025-09-03 19:30:15.654 13636-13636 FoodActivity            com.example.nutrisaur11              D  Skipped duplicate: Spaghetti
2025-09-03 19:30:15.654 13636-13636 FoodActivity            com.example.nutrisaur11              D  Skipped duplicate: Adobo
2025-09-03 19:30:15.654 13636-13636 FoodActivity            com.example.nutrisaur11              D  No unique foods added, generating more recommendations
2025-09-03 19:30:15.654 13636-13636 FoodActivity            com.example.nutrisaur11              D  Final recommendations size after batch: 10
2025-09-03 19:30:15.655 13636-14301 FoodActivity            com.example.nutrisaur11              D  Starting generateNextRecommendation - current size: 10
