--------- beginning of main
--------- beginning of system
2025-09-03 19:12:17.462 32664-32664 ActivityManagerWrapper  pid-32664                            E  getRecentTasks: taskId=7357   userId=0   baseIntent=Intent { act=android.intent.action.MAIN cat=[android.intent.category.LAUNCHER] flg=0x10000000 cmp=com.example.nutrisaur11/.MainActivity }
2025-09-03 19:12:19.710 32664-10048 ActivityManagerWrapper  com.miui.home                        E  getRecentTasks: taskId=7357   userId=0   baseIntent=Intent { act=android.intent.action.MAIN cat=[android.intent.category.LAUNCHER] flg=0x10000000 cmp=com.example.nutrisaur11/.MainActivity }
2025-09-03 19:12:19.956 32664-597   InstallApkReceiver      com.miui.home                        E  uninstall:package:com.example.nutrisaur11
2025-09-03 19:12:20.015 32664-597   InstallApkReceiver      com.miui.home                        E  install:package:com.example.nutrisaur11
2025-09-03 19:12:20.154  1527-2631  AppScanObserverService  system_server                        E  Try to add a invalid package: com.example.nutrisaur11 | 10328 | 0
2025-09-03 19:12:20.164  1527-2147  VerityUtils             system_server                        E  Failed to measure fs-verity, errno 1: /data/app/~~bc2FLyT4kh-evL2YCP97mA==/com.example.nutrisaur11-c6FDE0OmpxFHCGq3egBnaw==/base.apk
2025-09-03 19:12:20.484  1527-2147  VerityUtils             system_server                        E  Failed to measure fs-verity, errno 1: /data/app/~~bc2FLyT4kh-evL2YCP97mA==/com.example.nutrisaur11-c6FDE0OmpxFHCGq3egBnaw==/base.apk
2025-09-03 19:12:20.542 32664-10048 ActivityManagerWrapper  com.miui.home                        E  getRecentTasks: taskId=7359   userId=0   baseIntent=Intent { act=android.intent.action.MAIN cat=[android.intent.category.LAUNCHER] flg=0x10000000 cmp=com.example.nutrisaur11/.MainActivity }
2025-09-03 19:12:22.906 32664-10048 ActivityManagerWrapper  com.miui.home                        E  getRecentTasks: taskId=7359   userId=0   baseIntent=Intent { act=android.intent.action.MAIN cat=[android.intent.category.LAUNCHER] flg=0x10000000 cmp=com.example.nutrisaur11/.MainActivity }
2025-09-03 19:12:23.909 32664-10048 ActivityManagerWrapper  com.miui.home                        E  getRecentTasks: taskId=7359   userId=0   baseIntent=Intent { act=android.intent.action.MAIN cat=[android.intent.category.LAUNCHER] flg=0x10000000 cmp=com.example.nutrisaur11/.MainActivity }
2025-09-03 19:12:41.516 32664-10048 ActivityManagerWrapper  com.miui.home                        E  getRecentTasks: taskId=7359   userId=0   baseIntent=Intent { act=android.intent.action.MAIN cat=[android.intent.category.LAUNCHER] flg=0x10000000 cmp=com.example.nutrisaur11/.MainActivity }
2025-09-03 19:12:41.936  1527-2631  AppScanObserverService  system_server                        E  Try to add a invalid package: com.example.nutrisaur11 | 10328 | 0
2025-09-03 19:12:41.961 32664-32664 ActivityManagerWrapper  com.miui.home                        E  getRecentTasks: taskId=7359   userId=0   baseIntent=Intent { act=android.intent.action.MAIN cat=[android.intent.category.LAUNCHER] flg=0x10000000 cmp=com.example.nutrisaur11/.MainActivity }
2025-09-03 19:12:42.088  1527-2147  VerityUtils             system_server                        E  Failed to measure fs-verity, errno 1: /data/app/~~vdAoZUcKYE6u5IhA-GUeeg==/com.example.nutrisaur11-r5xdPCRK8JoxNEKQcp2OfQ==/base.apk
2025-09-03 19:12:42.123 32664-597   InstallApkReceiver      com.miui.home                        E  uninstall:package:com.example.nutrisaur11
2025-09-03 19:12:42.123 32664-597   InstallApkReceiver      com.miui.home                        E  install:package:com.example.nutrisaur11
2025-09-03 19:12:42.581  1527-2147  VerityUtils             system_server                        E  Failed to measure fs-verity, errno 1: /data/app/~~vdAoZUcKYE6u5IhA-GUeeg==/com.example.nutrisaur11-r5xdPCRK8JoxNEKQcp2OfQ==/base.apk
2025-09-03 19:13:29.998 32664-10048 ActivityManagerWrapper  com.miui.home                        E  getRecentTasks: taskId=7359   userId=0   baseIntent=Intent { act=android.intent.action.MAIN cat=[android.intent.category.LAUNCHER] flg=0x10000000 cmp=com.example.nutrisaur11/.MainActivity }
2025-09-03 19:13:30.107 32664-597   InstallApkReceiver      com.miui.home                        E  uninstall:package:com.example.nutrisaur11
2025-09-03 19:13:30.148 32664-597   InstallApkReceiver      com.miui.home                        E  install:package:com.example.nutrisaur11
2025-09-03 19:13:30.243  1527-2631  AppScanObserverService  system_server                        E  Try to add a invalid package: com.example.nutrisaur11 | 10328 | 0
2025-09-03 19:13:30.318  1527-2147  VerityUtils             system_server                        E  Failed to measure fs-verity, errno 1: /data/app/~~y3k1bJ9XqmGZMvoWMsifsQ==/com.example.nutrisaur11-ZRwLtsgxiDteTENGSpVArQ==/base.apk
2025-09-03 19:13:30.509  1527-2147  VerityUtils             system_server                        E  Failed to measure fs-verity, errno 1: /data/app/~~y3k1bJ9XqmGZMvoWMsifsQ==/com.example.nutrisaur11-ZRwLtsgxiDteTENGSpVArQ==/base.apk
2025-09-03 19:15:08.519 32664-10048 ActivityManagerWrapper  com.miui.home                        E  getRecentTasks: taskId=7359   userId=0   baseIntent=Intent { act=android.intent.action.MAIN cat=[android.intent.category.LAUNCHER] flg=0x10000000 cmp=com.example.nutrisaur11/.MainActivity }
2025-09-03 19:15:08.595 32664-597   InstallApkReceiver      com.miui.home                        E  uninstall:package:com.example.nutrisaur11
2025-09-03 19:15:08.611 32664-597   InstallApkReceiver      com.miui.home                        E  install:package:com.example.nutrisaur11
2025-09-03 19:15:08.769  1527-2631  AppScanObserverService  system_server                        E  Try to add a invalid package: com.example.nutrisaur11 | 10328 | 0
2025-09-03 19:15:08.777  1527-2147  VerityUtils             system_server                        E  Failed to measure fs-verity, errno 1: /data/app/~~zJ0shyxCAM4T0mkhP1CDMQ==/com.example.nutrisaur11-rgYiM6QsKtY49ZPdgPiESg==/base.apk
2025-09-03 19:15:09.079  1527-2147  VerityUtils             system_server                        E  Failed to measure fs-verity, errno 1: /data/app/~~zJ0shyxCAM4T0mkhP1CDMQ==/com.example.nutrisaur11-rgYiM6QsKtY49ZPdgPiESg==/base.apk
2025-09-03 19:15:09.168 32664-10048 ActivityManagerWrapper  com.miui.home                        E  getRecentTasks: taskId=7363   userId=0   baseIntent=Intent { act=android.intent.action.MAIN cat=[android.intent.category.LAUNCHER] flg=0x10000000 cmp=com.example.nutrisaur11/.MainActivity }
2025-09-03 19:17:40.725 32664-10048 ActivityManagerWrapper  com.miui.home                        E  getRecentTasks: taskId=7363   userId=0   baseIntent=Intent { act=android.intent.action.MAIN cat=[android.intent.category.LAUNCHER] flg=0x10000000 cmp=com.example.nutrisaur11/.MainActivity }
2025-09-03 19:18:10.860 32664-32664 ActivityManagerWrapper  com.miui.home                        E  getRecentTasks: taskId=7363   userId=0   baseIntent=Intent { act=android.intent.action.MAIN cat=[android.intent.category.LAUNCHER] flg=0x10000000 cmp=com.example.nutrisaur11/.MainActivity }
2025-09-03 19:18:12.238 32664-10048 ActivityManagerWrapper  com.miui.home                        E  getRecentTasks: taskId=7364   userId=0   baseIntent=Intent { act=android.intent.action.MAIN cat=[android.intent.category.LAUNCHER] flg=0x10000000 cmp=com.example.nutrisaur11/.MainActivity }
2025-09-03 19:18:30.598 32664-10048 ActivityManagerWrapper  com.miui.home                        E  getRecentTasks: taskId=7364   userId=0   baseIntent=Intent { act=android.intent.action.MAIN cat=[android.intent.category.LAUNCHER] flg=0x10000000 cmp=com.example.nutrisaur11/.MainActivity }
2025-09-03 19:18:31.384 32664-10048 ActivityManagerWrapper  com.miui.home                        E  getRecentTasks: taskId=7364   userId=0   baseIntent=Intent { act=android.intent.action.MAIN cat=[android.intent.category.LAUNCHER] flg=0x10000000 cmp=com.example.nutrisaur11/.MainActivity }
2025-09-03 19:21:09.557 32664-10048 ActivityManagerWrapper  com.miui.home                        E  getRecentTasks: taskId=7364   userId=0   baseIntent=Intent { act=android.intent.action.MAIN cat=[android.intent.category.LAUNCHER] flg=0x10000000 cmp=com.example.nutrisaur11/.MainActivity }
2025-09-03 19:21:09.904 32664-10048 ActivityManagerWrapper  com.miui.home                        E  getRecentTasks: taskId=7364   userId=0   baseIntent=Intent { act=android.intent.action.MAIN cat=[android.intent.category.LAUNCHER] flg=0x10000000 cmp=com.example.nutrisaur11/.MainActivity }
2025-09-03 19:21:10.225  1527-2631  AppScanObserverService  system_server                        E  Try to add a invalid package: com.example.nutrisaur11 | 10328 | 0
2025-09-03 19:21:10.417 32664-32664 ActivityManagerWrapper  com.miui.home                        E  getRecentTasks: taskId=7364   userId=0   baseIntent=Intent { act=android.intent.action.MAIN cat=[android.intent.category.LAUNCHER] flg=0x10000000 cmp=com.example.nutrisaur11/.MainActivity }
2025-09-03 19:21:10.471  1527-2147  VerityUtils             system_server                        E  Failed to measure fs-verity, errno 1: /data/app/~~aXUBmaUvUWuHUDie8YQj0A==/com.example.nutrisaur11-9wi5t0NpZhc9gPQ-NvLrTA==/base.apk
2025-09-03 19:21:10.916 32664-597   InstallApkReceiver      com.miui.home                        E  uninstall:package:com.example.nutrisaur11
2025-09-03 19:21:10.916 32664-597   InstallApkReceiver      com.miui.home                        E  install:package:com.example.nutrisaur11
2025-09-03 19:21:11.393  1527-2147  VerityUtils             system_server                        E  Failed to measure fs-verity, errno 1: /data/app/~~aXUBmaUvUWuHUDie8YQj0A==/com.example.nutrisaur11-9wi5t0NpZhc9gPQ-NvLrTA==/base.apk
2025-09-03 19:24:07.643 32664-10048 ActivityManagerWrapper  com.miui.home                        E  getRecentTasks: taskId=7364   userId=0   baseIntent=Intent { act=android.intent.action.MAIN cat=[android.intent.category.LAUNCHER] flg=0x10000000 cmp=com.example.nutrisaur11/.MainActivity }
2025-09-03 19:25:47.999 32664-10048 ActivityManagerWrapper  com.miui.home                        E  getRecentTasks: taskId=7364   userId=0   baseIntent=Intent { act=android.intent.action.MAIN cat=[android.intent.category.LAUNCHER] flg=0x10000000 cmp=com.example.nutrisaur11/.MainActivity }
2025-09-03 19:25:48.185 32664-32664 ActivityManagerWrapper  com.miui.home                        E  getRecentTasks: taskId=7364   userId=0   baseIntent=Intent { act=android.intent.action.MAIN cat=[android.intent.category.LAUNCHER] flg=0x10000000 cmp=com.example.nutrisaur11/.MainActivity }
2025-09-03 19:25:49.405 32664-10048 ActivityManagerWrapper  com.miui.home                        E  getRecentTasks: taskId=7364   userId=0   baseIntent=Intent { act=android.intent.action.MAIN cat=[android.intent.category.LAUNCHER] flg=0x10000000 cmp=com.example.nutrisaur11/.MainActivity }
2025-09-03 19:27:48.455 32664-32664 ActivityManagerWrapper  com.miui.home                        E  getRecentTasks: taskId=7364   userId=0   baseIntent=Intent { act=android.intent.action.MAIN cat=[android.intent.category.LAUNCHER] flg=0x10000000 cmp=com.example.nutrisaur11/.MainActivity }
2025-09-03 19:27:48.995 32664-10048 ActivityManagerWrapper  com.miui.home                        E  getRecentTasks: taskId=7364   userId=0   baseIntent=Intent { act=android.intent.action.MAIN cat=[android.intent.category.LAUNCHER] flg=0x10000000 cmp=com.example.nutrisaur11/.MainActivity }
2025-09-03 19:27:50.519 32664-10048 ActivityManagerWrapper  com.miui.home                        E  getRecentTasks: taskId=7364   userId=0   baseIntent=Intent { act=android.intent.action.MAIN cat=[android.intent.category.LAUNCHER] flg=0x10000000 cmp=com.example.nutrisaur11/.MainActivity }
2025-09-03 19:27:51.403 32664-10048 ActivityManagerWrapper  com.miui.home                        E  getRecentTasks: taskId=7364   userId=0   baseIntent=Intent { act=android.intent.action.MAIN cat=[android.intent.category.LAUNCHER] flg=0x10000000 cmp=com.example.nutrisaur11/.MainActivity }
2025-09-03 19:27:51.567 32664-10048 ActivityManagerWrapper  com.miui.home                        E  getRecentTasks: taskId=7364   userId=0   baseIntent=Intent { act=android.intent.action.MAIN cat=[android.intent.category.LAUNCHER] flg=0x10000000 cmp=com.example.nutrisaur11/.MainActivity }
2025-09-03 19:28:44.312 32664-10048 ActivityManagerWrapper  com.miui.home                        E  getRecentTasks: taskId=7364   userId=0   baseIntent=Intent { act=android.intent.action.MAIN cat=[android.intent.category.LAUNCHER] flg=0x10000000 cmp=com.example.nutrisaur11/.MainActivity }
2025-09-03 19:28:44.325 32664-32664 ActivityManagerWrapper  com.miui.home                        E  getRecentTasks: taskId=7364   userId=0   baseIntent=Intent { act=android.intent.action.MAIN cat=[android.intent.category.LAUNCHER] flg=0x10000000 cmp=com.example.nutrisaur11/.MainActivity }
2025-09-03 19:29:05.311 32664-10048 ActivityManagerWrapper  com.miui.home                        E  getRecentTasks: taskId=7364   userId=0   baseIntent=Intent { act=android.intent.action.MAIN cat=[android.intent.category.LAUNCHER] flg=0x10000000 cmp=com.example.nutrisaur11/.MainActivity }
2025-09-03 19:29:05.794 32664-10048 ActivityManagerWrapper  com.miui.home                        E  getRecentTasks: taskId=7364   userId=0   baseIntent=Intent { act=android.intent.action.MAIN cat=[android.intent.category.LAUNCHER] flg=0x10000000 cmp=com.example.nutrisaur11/.MainActivity }
2025-09-03 19:29:06.461 32664-597   InstallApkReceiver      com.miui.home                        E  uninstall:package:com.example.nutrisaur11
2025-09-03 19:29:06.541 32664-597   InstallApkReceiver      com.miui.home                        E  install:package:com.example.nutrisaur11
2025-09-03 19:29:06.761  1527-2631  AppScanObserverService  system_server                        E  Try to add a invalid package: com.example.nutrisaur11 | 10328 | 0
2025-09-03 19:29:06.822  1527-2147  VerityUtils             system_server                        E  Failed to measure fs-verity, errno 1: /data/app/~~1X0ZYLZmbqNpfjcvQUGvMQ==/com.example.nutrisaur11-OPy7MIJWqNBPDJwxUwzlew==/base.apk
2025-09-03 19:29:07.080  1527-2147  VerityUtils             system_server                        E  Failed to measure fs-verity, errno 1: /data/app/~~1X0ZYLZmbqNpfjcvQUGvMQ==/com.example.nutrisaur11-OPy7MIJWqNBPDJwxUwzlew==/base.apk
2025-09-03 19:29:07.259 32664-10048 ActivityManagerWrapper  com.miui.home                        E  getRecentTasks: taskId=7369   userId=0   baseIntent=Intent { act=android.intent.action.MAIN cat=[android.intent.category.LAUNCHER] flg=0x10000000 cmp=com.example.nutrisaur11/.MainActivity }
---------------------------- PROCESS STARTED (13636) for package com.example.nutrisaur11 ----------------------------
2025-09-03 19:29:07.800 13636-13636 nativeloader            com.example.nutrisaur11              D  Configuring clns-4 for other apk /apex/com.android.extservices/javalib/android.ext.adservices.jar. target_sdk_version=35, uses_libraries=ALL, library_path=/data/app/~~1X0ZYLZmbqNpfjcvQUGvMQ==/com.example.nutrisaur11-OPy7MIJWqNBPDJwxUwzlew==/lib/arm64:/data/app/~~1X0ZYLZmbqNpfjcvQUGvMQ==/com.example.nutrisaur11-OPy7MIJWqNBPDJwxUwzlew==/base.apk!/lib/arm64-v8a, permitted_path=/data:/mnt/expand:/data/user/0/com.example.nutrisaur11
2025-09-03 19:29:07.800 13636-13636 nativeloader            com.example.nutrisaur11              D  Extending system_exposed_libraries: libvraudio_client.qti.so:libbinauralrenderer_wrapper.qti.so:libhoaeffects.qti.so:libQOC.qti.so:libcamera_algoup_jni.xiaomi.so:libcamera_mianode_jni.xiaomi.so:libupdateprof.qti.so:libthermalclient.qti.so:libQOC.qti.so:libdiag_system.qti.so:libqape.qti.so:libqesdk_ndk_platform.qti.so:liblistenjni.qti.so
2025-09-03 19:29:07.804 13636-13636 nativeloader            com.example.nutrisaur11              D  InitApexLibraries:
                                                                                                      com_android_appsearch: libicing.so
                                                                                                      com_android_art: libartservice.so
                                                                                                      com_android_conscrypt: libjavacrypto.so
                                                                                                      com_android_extservices: libtflite_support_classifiers_native.so
                                                                                                      com_android_mediaprovider: libpdfclient.so
                                                                                                      com_android_os_statsd: libstats_jni.so
                                                                                                      com_android_tethering: libandroid_net_connectivity_com_android_net_module_util_jni.so:libframework-connectivity-jni.so:libframework-connectivity-tiramisu-jni.so:libmainlinecronet.136.0.7091.2.so:libservice-connectivity.so:libservice-thread-jni.so:stable_cronet_libcrypto.so:stable_cronet_libssl.so
2025-09-03 19:29:08.044 13636-13636 nativeloader            com.example.nutrisaur11              D  Configuring clns-5 for other apk /data/app/~~1X0ZYLZmbqNpfjcvQUGvMQ==/com.example.nutrisaur11-OPy7MIJWqNBPDJwxUwzlew==/base.apk. target_sdk_version=35, uses_libraries=, library_path=/data/app/~~1X0ZYLZmbqNpfjcvQUGvMQ==/com.example.nutrisaur11-OPy7MIJWqNBPDJwxUwzlew==/lib/arm64:/data/app/~~1X0ZYLZmbqNpfjcvQUGvMQ==/com.example.nutrisaur11-OPy7MIJWqNBPDJwxUwzlew==/base.apk!/lib/arm64-v8a, permitted_path=/data:/mnt/expand:/data/user/0/com.example.nutrisaur11
2025-09-03 19:29:08.055 13636-13636 Perf                    com.example.nutrisaur11              I  Connecting to perf service.
2025-09-03 19:29:08.059 13636-13636 GraphicsEnvironment     com.example.nutrisaur11              V  ANGLE Developer option for 'com.example.nutrisaur11' set to: 'default'
2025-09-03 19:29:08.060 13636-13636 GraphicsEnvironment     com.example.nutrisaur11              V  Updatable production driver is not supported on the device.
2025-09-03 19:29:08.063 13636-13636 ForceDarkHelperStubImpl com.example.nutrisaur11              I  initialize for com.example.nutrisaur11 , ForceDarkOrigin
2025-09-03 19:29:08.066 13636-13636 nativeloader            com.example.nutrisaur11              D  Load libforcedarkimpl.so using system ns (caller=/system/framework/miui-framework.jar): ok
2025-09-03 19:29:08.067 13636-13636 OpenGLRenderer          com.example.nutrisaur11              D  JNI_OnLoad success
2025-09-03 19:29:08.067 13636-13636 MiuiForceDarkConfig     com.example.nutrisaur11              I  setConfig density:2.750000, mainRule:0, secondaryRule:0, tertiaryRule:0
2025-09-03 19:29:08.068 13636-13636 NetworkSecurityConfig   com.example.nutrisaur11              D  No Network Security Config specified, using platform default
2025-09-03 19:29:08.069 13636-13636 NetworkSecurityConfig   com.example.nutrisaur11              D  No Network Security Config specified, using platform default
2025-09-03 19:29:08.096 13636-13636 FirebaseApp             com.example.nutrisaur11              I  Device unlocked: initializing all Firebase APIs for app [DEFAULT]
2025-09-03 19:29:08.131 13636-13636 FirebaseInitProvider    com.example.nutrisaur11              I  FirebaseApp initialization successful
2025-09-03 19:29:08.193 13636-13848 ple.nutrisaur1          com.example.nutrisaur11              W  ClassLoaderContext classpath size mismatch. expected=1, found=0 (DLC[];PCL[base.apk*549733019]{PCL[/system/framework/org.apache.http.legacy.jar*2058259661]#PCL[/apex/com.android.extservices/javalib/android.ext.adservices.jar*3549398240]#PCL[/system/framework/com.android.media.remotedisplay.jar*3472798123]#PCL[/system/framework/com.android.location.provider.jar*3633238672]#PCL[/system/framework/org.apache.http.legacy.jar*2058259661]#PCL[/apex/com.android.extservices/javalib/android.ext.adservices.jar*3549398240]} | DLC[];PCL[])
2025-09-03 19:29:08.205 13636-13848 DynamiteModule          com.example.nutrisaur11              I  Considering local module com.google.android.gms.measurement.dynamite:155 and remote module com.google.android.gms.measurement.dynamite:158
2025-09-03 19:29:08.205 13636-13848 DynamiteModule          com.example.nutrisaur11              I  Selected remote version of com.google.android.gms.measurement.dynamite, version >= 158
2025-09-03 19:29:08.205 13636-13848 DynamiteModule          com.example.nutrisaur11              V  Dynamite loader version >= 2, using loadModule2NoCrashUtils
2025-09-03 19:29:08.229 13636-13636 AppCompatDelegate       com.example.nutrisaur11              D  Checking for metadata for AppLocalesMetadataHolderService : Service not found
2025-09-03 19:29:08.243 13636-13848 System                  com.example.nutrisaur11              W  ClassLoader referenced unknown path: 
2025-09-03 19:29:08.245 13636-13848 nativeloader            com.example.nutrisaur11              D  Configuring clns-6 for other apk . target_sdk_version=36, uses_libraries=, library_path=/data/app/~~kH7VzkzVM7MD3-6iD4sNAQ==/com.google.android.gms-GdgvXmMcgxMp_7PO_4z2Zg==/lib/arm64:/data/app/~~kH7VzkzVM7MD3-6iD4sNAQ==/com.google.android.gms-GdgvXmMcgxMp_7PO_4z2Zg==/base.apk!/lib/arm64-v8a, permitted_path=/data:/mnt/expand:/data/user/0/com.google.android.gms
2025-09-03 19:29:08.267 13636-13848 ple.nutrisaur1          com.example.nutrisaur11              W  ClassLoaderContext classpath element checksum mismatch. expected=549733019, found=2458061500 (DLC[];PCL[base.apk*549733019]{PCL[/system/framework/org.apache.http.legacy.jar*2058259661]#PCL[/apex/com.android.extservices/javalib/android.ext.adservices.jar*3549398240]#PCL[/system/framework/com.android.media.remotedisplay.jar*3472798123]#PCL[/system/framework/com.android.location.provider.jar*3633238672]#PCL[/system/framework/org.apache.http.legacy.jar*2058259661]#PCL[/apex/com.android.extservices/javalib/android.ext.adservices.jar*3549398240]} | DLC[];PCL[/data/app/~~1X0ZYLZmbqNpfjcvQUGvMQ==/com.example.nutrisaur11-OPy7MIJWqNBPDJwxUwzlew==/base.apk*2458061500]{PCL[/apex/com.android.extservices/javalib/android.ext.adservices.jar*3549398240]})
2025-09-03 19:29:08.327 13636-13636 MainActivity            com.example.nutrisaur11              D  Started food preload service
2025-09-03 19:29:08.363 13636-13636 ViewScrollStubImpl      com.example.nutrisaur11              D  the value of ScrollFrictionRes is: 0.019499999
2025-09-03 19:29:08.370 13636-13636 IS_CTS_MODE             com.example.nutrisaur11              D  false
2025-09-03 19:29:08.370 13636-13636 MULTI_WIND...CH_ENABLED com.example.nutrisaur11              D  false
2025-09-03 19:29:08.370 13636-13636 IS_CTS_MODE             com.example.nutrisaur11              D  false
2025-09-03 19:29:08.370 13636-13636 MULTI_WIND...CH_ENABLED com.example.nutrisaur11              D  false
2025-09-03 19:29:08.371 13636-13636 IS_CTS_MODE             com.example.nutrisaur11              D  false
2025-09-03 19:29:08.371 13636-13636 MULTI_WIND...CH_ENABLED com.example.nutrisaur11              D  false
2025-09-03 19:29:08.374 13636-13636 DecorView[]             com.example.nutrisaur11              D  getWindowModeFromSystem  windowmode is 1
2025-09-03 19:29:08.396 13636-13636 ple.nutrisaur1          com.example.nutrisaur11              I  hiddenapi: Accessing hidden method Landroid/view/ViewGroup;->makeOptionalFitsSystemWindows()V (runtime_flags=0, domain=platform, api=unsupported) from Landroidx/appcompat/widget/ViewUtils; (domain=app) using reflection: allowed
2025-09-03 19:29:08.398 13636-13888 ple.nutrisaur1          com.example.nutrisaur11              I  hiddenapi: Accessing hidden method Ldalvik/system/VMStack;->getStackClass2()Ljava/lang/Class; (runtime_flags=0, domain=core-platform, api=unsupported) from Lm7/aop; (domain=app) using reflection: allowed
2025-09-03 19:29:08.419 13636-13869 ple.nutrisaur1          com.example.nutrisaur11              E  No package ID 6a found for ID 0x6a0b000f.
2025-09-03 19:29:08.420 13636-13869 FA                      com.example.nutrisaur11              I  App measurement initialized, version: 136000
2025-09-03 19:29:08.420 13636-13869 FA                      com.example.nutrisaur11              I  To enable debug logging run: adb shell setprop log.tag.FA VERBOSE
2025-09-03 19:29:08.420 13636-13869 FA                      com.example.nutrisaur11              I  To enable faster debug mode event logging run:
                                                                                                      adb shell setprop debug.firebase.analytics.app com.example.nutrisaur11
2025-09-03 19:29:08.429 13636-13636 Compatibil...geReporter com.example.nutrisaur11              D  Compat change id reported: 171228096; UID 10328; state: ENABLED
2025-09-03 19:29:08.552 13636-13636 MainActivity            com.example.nutrisaur11              D  Fetched barangay from database for udhdhd@udhd.jdjd: Not specified
2025-09-03 19:29:08.552 13636-13636 MainActivity            com.example.nutrisaur11              D  User has barangay data, initializing FCM with user context
2025-09-03 19:29:08.552 13636-13636 FCMTokenManager         com.example.nutrisaur11              D  Initializing FCM token manager with user: udhdhd@udhd.jdjd
2025-09-03 19:29:08.554 13636-13636 MainActivity            com.example.nutrisaur11              D  FCM initialization completed successfully
2025-09-03 19:29:08.554 13636-13636 MainActivity            com.example.nutrisaur11              D  Fetching dashboard events for user: udhdhd@udhd.jdjd
2025-09-03 19:29:08.570 13636-13636 MainActivity            com.example.nutrisaur11              D  Fetching dashboard events for user: udhdhd@udhd.jdjd
2025-09-03 19:29:08.574 13636-13636 MainActivity            com.example.nutrisaur11              D  Started periodic event checking and background service in foreground mode
2025-09-03 19:29:08.614 13636-13636 Looper                  com.example.nutrisaur11              W  PerfMonitor looperActivity : package=com.example.nutrisaur11/.MainActivity time=438ms latency=454ms running=323ms  procState=-1  historyMsgCount=3 (msgIndex=3 wall=438ms seq=3 running=368ms runnable=19ms io=7ms swapin=3ms binder=34ms h=android.app.ActivityThread$H w=110)
2025-09-03 19:29:08.614 13636-13636 Looper                  com.example.nutrisaur11              W  PerfMonitor looperActivity : package=com.example.nutrisaur11/.MainActivity time=0ms latency=891ms running=0ms  procState=-1  historyMsgCount=4 (msgIndex=3 wall=438ms seq=3 running=368ms runnable=19ms io=7ms swapin=3ms binder=34ms h=android.app.ActivityThread$H w=110) (msgIndex=4 wall=438ms seq=4 running=323ms runnable=39ms io=7ms swapin=8ms binder=40ms late=454ms h=android.app.ActivityThread$H w=159)
2025-09-03 19:29:08.619 13636-13869 FA                      com.example.nutrisaur11              I  Tag Manager is not found and thus will not be used
2025-09-03 19:29:08.684 13636-13853 AdrenoGLES-0            com.example.nutrisaur11              I  QUALCOMM build                   : c5f0e23, I9972db7aac
                                                                                                    Build Date                       : 04/28/21
                                                                                                    OpenGL ES Shader Compiler Version: EV031.32.02.10
                                                                                                    Local Branch                     : mybrancheba83f1e-3815-f156-b760-08f1eafda2d8
                                                                                                    Remote Branch                    : quic/gfx-adreno.lnx.1.0.r99-rel
                                                                                                    Remote Branch                    : NONE
                                                                                                    Reconstruct Branch               : NOTHING
2025-09-03 19:29:08.684 13636-13853 AdrenoGLES-0            com.example.nutrisaur11              I  Build Config                     : S P 10.0.7 AArch64
2025-09-03 19:29:08.684 13636-13853 AdrenoGLES-0            com.example.nutrisaur11              I  Driver Path                      : /vendor/lib64/egl/libGLESv2_adreno.so
2025-09-03 19:29:08.692 13636-13853 AdrenoGLES-0            com.example.nutrisaur11              I  PFP: 0x016ee190, ME: 0x00000000
2025-09-03 19:29:08.702 13636-13853 hw-ProcessState         com.example.nutrisaur11              D  Binder ioctl to enable oneway spam detection failed: Invalid argument
2025-09-03 19:29:08.806 13636-13853 ple.nutrisaur1          com.example.nutrisaur11              E  open libmigui.so failed! dlopen - dlopen failed: library "libmigui.so" not found
2025-09-03 19:29:08.811 13636-13636 Looper                  com.example.nutrisaur11              W  PerfMonitor doFrame : time=195ms vsyncFrame=0 latency=465ms procState=-1 historyMsgCount=6 (msgIndex=2 wall=195ms seq=8 running=79ms runnable=9ms io=9ms swapin=2ms binder=7ms late=465ms h=android.view.Choreographer$FrameHandler c=android.view.Choreographer$FrameDisplayEventReceiver) (msgIndex=3 wall=438ms seq=4 running=323ms runnable=39ms io=7ms swapin=8ms binder=40ms late=454ms h=android.app.ActivityThread$H w=159)
2025-09-03 19:29:08.816 13636-13636 FoodPreloadService      com.example.nutrisaur11              D  FoodPreloadService created
2025-09-03 19:29:08.816 13636-13636 FoodPreloadService      com.example.nutrisaur11              D  FoodPreloadService started
2025-09-03 19:29:08.817 13636-13958 FoodPreloadService      com.example.nutrisaur11              D  Starting background food preload
2025-09-03 19:29:08.818 13636-13636 FCMTokenManager         com.example.nutrisaur11              D  FCM token obtained: dDgJr74pRHukYxdkYiGyAE:APA91bHGxsIiGsI7MF9C5-tHr2Q...
2025-09-03 19:29:08.820 13636-13636 EventBackgroundService  com.example.nutrisaur11              D  EventBackgroundService started with startId: 1
2025-09-03 19:29:08.820 13636-13636 EventBackgroundService  com.example.nutrisaur11              D  Starting periodic event checking every 3000ms
2025-09-03 19:29:08.823 13636-13960 FCMTokenManager         com.example.nutrisaur11              D  Token is the same and recently registered, skipping registration
2025-09-03 19:29:08.823 13636-13961 EventBackgroundService  com.example.nutrisaur11              D  Running scheduled event check...
2025-09-03 19:29:08.824 13636-13961 Compatibil...geReporter com.example.nutrisaur11              D  Compat change id reported: 288912692; UID 10328; state: DISABLED
2025-09-03 19:29:08.833 13636-13962 EventBackgroundService  com.example.nutrisaur11              D  Starting event check with direct HTTP...
2025-09-03 19:29:08.836 13636-13958 FoodPreloadService      com.example.nutrisaur11              E  Error preloading food data: Can't create handler inside thread Thread[pool-11-thread-1,5,main] that has not called Looper.prepare()
2025-09-03 19:29:08.868 13636-13636 FoodPreloadService      com.example.nutrisaur11              D  FoodPreloadService destroyed
2025-09-03 19:29:08.870 13636-13636 DecorView[]             com.example.nutrisaur11              D  onWindowFocusChanged hasWindowFocus true
2025-09-03 19:29:09.072 13636-13922 MainActivity            com.example.nutrisaur11              D  Events API response code: 200
2025-09-03 19:29:09.075 13636-13922 MainActivity            com.example.nutrisaur11              D  Events API response: {"success":true,"events":[{"id":1,"title":"Sample Event","type":"Workshop","description":"Sample description","date_time":"2025-09-08 13:07:00","location":"Sample Location","organizer":"Sample Organizer","created_at":1756703239000}],"total_events":1}
2025-09-03 19:29:09.076 13636-13922 MainActivity            com.example.nutrisaur11              D  Found 1 events
2025-09-03 19:29:09.150 13636-13922 MainActivity            com.example.nutrisaur11              D  Unified API user events response code: 400
2025-09-03 19:29:09.163 13636-13922 MainActivity            com.example.nutrisaur11              D  Processing 1 events from API
2025-09-03 19:29:09.164 13636-13922 MainActivity            com.example.nutrisaur11              D  Processing event: Sample Event at 2025-09-08 13:07:00
2025-09-03 19:29:09.171 13636-13922 MainActivity            com.example.nutrisaur11              D  Added event: Sample Event at 2025-09-08 13:07:00 (diff: 4 days)
2025-09-03 19:29:09.171 13636-13922 MainActivity            com.example.nutrisaur11              D  New event detected: Sample Event
2025-09-03 19:29:09.171 13636-13922 MainActivity            com.example.nutrisaur11              D  Total future events found: 1
2025-09-03 19:29:09.171 13636-13922 MainActivity            com.example.nutrisaur11              D  Displaying 1 events on dashboard
2025-09-03 19:29:09.173 13636-13636 MainActivity            com.example.nutrisaur11              D  Dashboard events refreshed. Count: 1
2025-09-03 19:29:09.206 13636-13636 EventAdapter            com.example.nutrisaur11              D  Event: Sample Event | Button: Join | Status: Upcoming | EventTime: 1757308020000 | CurrentTime: 1756898949202 | EventEndTime: 1757308020000 | IsStarted: false | IsFinished: false
2025-09-03 19:29:09.237 13636-13925 MainActivity            com.example.nutrisaur11              D  Events API response code: 200
2025-09-03 19:29:09.238 13636-13765 OpenGLRenderer          com.example.nutrisaur11              I  Davey! duration=9223159736153ms; Flags=0, FrameTimelineVsyncId=9865317, IntendedVsync=212300700802018, Vsync=212300700802018, InputEventId=0, HandleInputStart=212300701361563, AnimationStart=212300701365469, PerformTraversalsStart=212300701368073, DrawStart=212300733687917, FrameDeadline=212300734135350, FrameInterval=212300701336875, FrameStartTime=16666666, SyncQueued=212300745377552, SyncStart=212300745476927, IssueDrawCommandsStart=212300745584636, SwapBuffers=212300746389688, FrameCompleted=9223372036854775807, DequeueBufferDuration=15625, QueueBufferDuration=459896, GpuCompleted=9223372036854775807, SwapBuffersCompleted=212300747215261, DisplayPresentTime=8029725052685873768, 
2025-09-03 19:29:09.240 13636-13925 MainActivity            com.example.nutrisaur11              D  Events API response: {"success":true,"events":[{"id":1,"title":"Sample Event","type":"Workshop","description":"Sample description","date_time":"2025-09-08 13:07:00","location":"Sample Location","organizer":"Sample Organizer","created_at":1756703239000}],"total_events":1}
2025-09-03 19:29:09.241 13636-13925 MainActivity            com.example.nutrisaur11              D  Found 1 events
2025-09-03 19:29:09.291 13636-13960 FCMTokenManager         com.example.nutrisaur11              W  Failed to check token existence on server: Value <br of type java.lang.String cannot be converted to JSONObject
2025-09-03 19:29:09.292 13636-13960 FCMTokenManager         com.example.nutrisaur11              D  Server reports token is missing; will register now
2025-09-03 19:29:09.324 13636-13925 MainActivity            com.example.nutrisaur11              D  Unified API user events response code: 400
2025-09-03 19:29:09.325 13636-13925 MainActivity            com.example.nutrisaur11              D  Processing 1 events from API
2025-09-03 19:29:09.325 13636-13925 MainActivity            com.example.nutrisaur11              D  Processing event: Sample Event at 2025-09-08 13:07:00
2025-09-03 19:29:09.329 13636-13925 MainActivity            com.example.nutrisaur11              D  Added event: Sample Event at 2025-09-08 13:07:00 (diff: 4 days)
2025-09-03 19:29:09.330 13636-13925 MainActivity            com.example.nutrisaur11              D  Total future events found: 1
2025-09-03 19:29:09.330 13636-13925 MainActivity            com.example.nutrisaur11              D  Displaying 1 events on dashboard
2025-09-03 19:29:09.330 13636-13636 MainActivity            com.example.nutrisaur11              D  Dashboard events refreshed. Count: 1
2025-09-03 19:29:09.344 13636-13636 EventAdapter            com.example.nutrisaur11              D  Event: Sample Event | Button: Join | Status: Upcoming | EventTime: 1757308020000 | CurrentTime: 1756898949341 | EventEndTime: 1757308020000 | IsStarted: false | IsFinished: false
2025-09-03 19:29:09.465 13636-13975 FCMTokenManager         com.example.nutrisaur11              D  FCM token registered successfully: {"success":true,"message":"FCM token already registered, no changes needed","action":"no_change","token_id":95}
2025-09-03 19:29:09.803 13636-13962 EventBackgroundService  com.example.nutrisaur11              D  HTTP API response: {"success":true,"events":[{"id":1,"title":"Sample Event","type":"Workshop","description":"Sample description","date_time":"2025-09-08 13:07:00","location":"Sample Location","organizer":"Sample Organizer","created_at":1756703239000}],"total_events":1}
2025-09-03 19:29:09.803 13636-13962 EventBackgroundService  com.example.nutrisaur11              D  Found 1 events
2025-09-03 19:29:09.803 13636-13962 EventBackgroundService  com.example.nutrisaur11              D  Currently tracking 18 events
2025-09-03 19:29:09.803 13636-13962 EventBackgroundService  com.example.nutrisaur11              D  Known event tracked: Sample Event (ID: 1)
2025-09-03 19:29:09.805 13636-13962 EventBackgroundService  com.example.nutrisaur11              D  Updated tracking: 18 -> 18 events
2025-09-03 19:29:11.584 13636-13636 EventBackgroundService  com.example.nutrisaur11              D  EventBackgroundService started with startId: 2
2025-09-03 19:29:11.586 13636-13978 EventBackgroundService  com.example.nutrisaur11              D  Starting event check with direct HTTP...
2025-09-03 19:29:11.758 13636-13978 EventBackgroundService  com.example.nutrisaur11              D  HTTP API response: {"success":true,"events":[{"id":1,"title":"Sample Event","type":"Workshop","description":"Sample description","date_time":"2025-09-08 13:07:00","location":"Sample Location","organizer":"Sample Organizer","created_at":1756703239000}],"total_events":1}
2025-09-03 19:29:11.759 13636-13978 EventBackgroundService  com.example.nutrisaur11              D  Found 1 events
2025-09-03 19:29:11.759 13636-13978 EventBackgroundService  com.example.nutrisaur11              D  Currently tracking 18 events
2025-09-03 19:29:11.760 13636-13978 EventBackgroundService  com.example.nutrisaur11              D  Known event tracked: Sample Event (ID: 1)
2025-09-03 19:29:11.763 13636-13978 EventBackgroundService  com.example.nutrisaur11              D  Updated tracking: 18 -> 18 events
2025-09-03 19:29:11.820 13636-13961 EventBackgroundService  com.example.nutrisaur11              D  Running scheduled event check...
2025-09-03 19:29:11.821 13636-13979 EventBackgroundService  com.example.nutrisaur11              D  Starting event check with direct HTTP...
2025-09-03 19:29:11.960 13636-13979 EventBackgroundService  com.example.nutrisaur11              D  HTTP API response: {"success":true,"events":[{"id":1,"title":"Sample Event","type":"Workshop","description":"Sample description","date_time":"2025-09-08 13:07:00","location":"Sample Location","organizer":"Sample Organizer","created_at":1756703239000}],"total_events":1}
2025-09-03 19:29:11.961 13636-13979 EventBackgroundService  com.example.nutrisaur11              D  Found 1 events
2025-09-03 19:29:11.961 13636-13979 EventBackgroundService  com.example.nutrisaur11              D  Currently tracking 18 events
2025-09-03 19:29:11.961 13636-13979 EventBackgroundService  com.example.nutrisaur11              D  Known event tracked: Sample Event (ID: 1)
2025-09-03 19:29:11.965 13636-13979 EventBackgroundService  com.example.nutrisaur11              D  Updated tracking: 18 -> 18 events
2025-09-03 19:29:13.940 13636-13980 ProfileInstaller        com.example.nutrisaur11              D  Installing profile for com.example.nutrisaur11
2025-09-03 19:29:14.594 13636-13636 EventBackgroundService  com.example.nutrisaur11              D  EventBackgroundService started with startId: 3
2025-09-03 19:29:14.596 13636-13999 EventBackgroundService  com.example.nutrisaur11              D  Starting event check with direct HTTP...
2025-09-03 19:29:14.724 13636-13999 EventBackgroundService  com.example.nutrisaur11              D  HTTP API response: {"success":true,"events":[{"id":1,"title":"Sample Event","type":"Workshop","description":"Sample description","date_time":"2025-09-08 13:07:00","location":"Sample Location","organizer":"Sample Organizer","created_at":1756703239000}],"total_events":1}
2025-09-03 19:29:14.725 13636-13999 EventBackgroundService  com.example.nutrisaur11              D  Found 1 events
2025-09-03 19:29:14.725 13636-13999 EventBackgroundService  com.example.nutrisaur11              D  Currently tracking 18 events
2025-09-03 19:29:14.726 13636-13999 EventBackgroundService  com.example.nutrisaur11              D  Known event tracked: Sample Event (ID: 1)
2025-09-03 19:29:14.729 13636-13999 EventBackgroundService  com.example.nutrisaur11              D  Updated tracking: 18 -> 18 events
2025-09-03 19:29:14.822 13636-13961 EventBackgroundService  com.example.nutrisaur11              D  Running scheduled event check...
2025-09-03 19:29:14.827 13636-14000 EventBackgroundService  com.example.nutrisaur11              D  Starting event check with direct HTTP...
2025-09-03 19:29:14.949 13636-14000 EventBackgroundService  com.example.nutrisaur11              D  HTTP API response: {"success":true,"events":[{"id":1,"title":"Sample Event","type":"Workshop","description":"Sample description","date_time":"2025-09-08 13:07:00","location":"Sample Location","organizer":"Sample Organizer","created_at":1756703239000}],"total_events":1}
2025-09-03 19:29:14.950 13636-14000 EventBackgroundService  com.example.nutrisaur11              D  Found 1 events
2025-09-03 19:29:14.950 13636-14000 EventBackgroundService  com.example.nutrisaur11              D  Currently tracking 18 events
2025-09-03 19:29:14.951 13636-14000 EventBackgroundService  com.example.nutrisaur11              D  Known event tracked: Sample Event (ID: 1)
2025-09-03 19:29:14.955 13636-14000 EventBackgroundService  com.example.nutrisaur11              D  Updated tracking: 18 -> 18 events
2025-09-03 19:29:17.599 13636-13636 EventBackgroundService  com.example.nutrisaur11              D  EventBackgroundService started with startId: 4
2025-09-03 19:29:17.602 13636-14029 EventBackgroundService  com.example.nutrisaur11              D  Starting event check with direct HTTP...
2025-09-03 19:29:17.761 13636-13721 ple.nutrisaur1          com.example.nutrisaur11              I  Background concurrent copying GC freed 6648KB AllocSpace bytes, 31(748KB) LOS objects, 49% free, 5570KB/10MB, paused 123us,72us total 161.939ms
2025-09-03 19:29:17.790 13636-14029 EventBackgroundService  com.example.nutrisaur11              D  HTTP API response: {"success":true,"events":[{"id":1,"title":"Sample Event","type":"Workshop","description":"Sample description","date_time":"2025-09-08 13:07:00","location":"Sample Location","organizer":"Sample Organizer","created_at":1756703239000}],"total_events":1}
2025-09-03 19:29:17.791 13636-14029 EventBackgroundService  com.example.nutrisaur11              D  Found 1 events
2025-09-03 19:29:17.791 13636-14029 EventBackgroundService  com.example.nutrisaur11              D  Currently tracking 18 events
2025-09-03 19:29:17.791 13636-14029 EventBackgroundService  com.example.nutrisaur11              D  Known event tracked: Sample Event (ID: 1)
2025-09-03 19:29:17.791 13636-14029 EventBackgroundService  com.example.nutrisaur11              D  Updated tracking: 18 -> 18 events
2025-09-03 19:29:17.820 13636-13961 EventBackgroundService  com.example.nutrisaur11              D  Running scheduled event check...
2025-09-03 19:29:17.825 13636-14042 EventBackgroundService  com.example.nutrisaur11              D  Starting event check with direct HTTP...
2025-09-03 19:29:17.950 13636-14042 EventBackgroundService  com.example.nutrisaur11              D  HTTP API response: {"success":true,"events":[{"id":1,"title":"Sample Event","type":"Workshop","description":"Sample description","date_time":"2025-09-08 13:07:00","location":"Sample Location","organizer":"Sample Organizer","created_at":1756703239000}],"total_events":1}
2025-09-03 19:29:17.950 13636-14042 EventBackgroundService  com.example.nutrisaur11              D  Found 1 events
2025-09-03 19:29:17.950 13636-14042 EventBackgroundService  com.example.nutrisaur11              D  Currently tracking 18 events
2025-09-03 19:29:17.950 13636-14042 EventBackgroundService  com.example.nutrisaur11              D  Known event tracked: Sample Event (ID: 1)
2025-09-03 19:29:17.950 13636-14042 EventBackgroundService  com.example.nutrisaur11              D  Updated tracking: 18 -> 18 events
2025-09-03 19:29:17.995 13636-13636 EventBackgroundService  com.example.nutrisaur11              D  EventBackgroundService being destroyed, shutting down scheduler
2025-09-03 19:29:18.022 13636-13636 IS_CTS_MODE             com.example.nutrisaur11              D  false
2025-09-03 19:29:18.022 13636-13636 MULTI_WIND...CH_ENABLED com.example.nutrisaur11              D  false
2025-09-03 19:29:18.029 13636-13636 DecorView[]             com.example.nutrisaur11              D  getWindowModeFromSystem  windowmode is 1
2025-09-03 19:29:18.099 32664-10048 ActivityManagerWrapper  com.miui.home                        E  getRecentTasks: taskId=7369   userId=0   baseIntent=Intent { act=android.intent.action.MAIN cat=[android.intent.category.LAUNCHER] flg=0x10000000 cmp=com.example.nutrisaur11/.MainActivity }
2025-09-03 19:29:18.111 13636-13636 FoodActivity            com.example.nutrisaur11              D  FoodActivity onCreate started
2025-09-03 19:29:18.111 13636-13636 FoodActivity            com.example.nutrisaur11              D  Executor service initialized
2025-09-03 19:29:18.111 13636-13636 FoodActivity            com.example.nutrisaur11              D  ViewPager2 initialized: success
2025-09-03 19:29:18.112 13636-13636 FoodActivity            com.example.nutrisaur11              D  Recommendations list initialized
2025-09-03 19:29:18.116 13636-13636 FoodActivity            com.example.nutrisaur11              D  Pregnancy status from screening JSON: Not Applicable
2025-09-03 19:29:18.116 13636-13636 FoodActivity            com.example.nutrisaur11              D  Loaded complete user profile: Age=0, Sex=Not specified, BMI=0, Health=Family history of heart disease, BMI Category: Underweight, Pregnancy=Not Applicable, Allergies=null, Diet=null
2025-09-03 19:29:18.116 13636-13636 FoodActivity            com.example.nutrisaur11              D  User profile loaded
2025-09-03 19:29:18.117 13636-13636 FoodActivity            com.example.nutrisaur11              D  Nutrition targets calculated: 2466 kcal, 84g protein
2025-09-03 19:29:18.117 13636-13636 FoodActivity            com.example.nutrisaur11              D  Setting up ViewPager and checking for preloaded data
2025-09-03 19:29:18.118 13636-13636 FoodImageService        com.example.nutrisaur11              D  FoodImageService initialized - Local images only
2025-09-03 19:29:18.118 13636-13636 FoodRecomm...ionAdapter com.example.nutrisaur11              D  FoodRecommendationAdapter created - Local images only
2025-09-03 19:29:18.118 13636-13636 FoodActivity            com.example.nutrisaur11              D  ViewPager2 setup completed
2025-09-03 19:29:18.118 13636-13636 FoodActivity            com.example.nutrisaur11              D  No preloaded data available, starting immediate preload
2025-09-03 19:29:18.118 13636-13636 FoodActivity            com.example.nutrisaur11              D  Creating immediate placeholder cards while loading real data
2025-09-03 19:29:18.118 13636-13636 FoodActivity            com.example.nutrisaur11              D  Creating 10 placeholder food cards for immediate display
2025-09-03 19:29:18.119 13636-13636 FoodActivity            com.example.nutrisaur11              D  Placeholder cards created - user can start swiping immediately!
2025-09-03 19:29:18.131 13636-14087 FoodActivity            com.example.nutrisaur11              D  Loading real food data in background (cards only, no images)
2025-09-03 19:29:18.257 13636-13636 FoodRecomm...ionAdapter com.example.nutrisaur11              D  Binding recommendation at position 0: Adobo
2025-09-03 19:29:18.258 13636-13636 FoodRecomm...ionAdapter com.example.nutrisaur11              D  Set text values - Name: 'Adobo', Calories: 100, Protein: 5.0, Description: 'A classic Filipino dish featuring tender meat braised in savory soy-vinegar sauce.'
2025-09-03 19:29:18.271 13636-13636 FoodImageService        com.example.nutrisaur11              D  Loaded local image for: Adobo (resource: 2131165305)
2025-09-03 19:29:18.276 13636-13636 FoodActivity            com.example.nutrisaur11              D  Showing recommendation at position: 0, isPreloading: false, total foods: 10
2025-09-03 19:29:18.276 13636-13636 FoodActivity            com.example.nutrisaur11              D  User started viewing food cards - enabling image loading
2025-09-03 19:29:18.339 13636-13636 DecorView[]             com.example.nutrisaur11              D  onWindowFocusChanged hasWindowFocus false
2025-09-03 19:29:18.395 13636-13636 DecorView[]             com.example.nutrisaur11              D  onWindowFocusChanged hasWindowFocus true
2025-09-03 19:29:18.626 13636-14047 MainActivity            com.example.nutrisaur11              E  Failed to sync preferences: 400
2025-09-03 19:29:19.975 13636-13636 IS_CTS_MODE             com.example.nutrisaur11              D  false
