 Gemini API response code: 200
2025-09-27 21:14:47.829 11608-12032 GeminiService           com.example.nutrisaur11              D  Gemini API response received successfully
2025-09-27 21:14:47.830 11608-12032 Compatibil...geReporter com.example.nutrisaur11              D  Compat change id reported: 247079863; UID 10132; state: ENABLED
2025-09-27 21:14:47.830 11608-12032 GeminiService           com.example.nutrisaur11              D  Extracted text from Gemini response: {"malnutrition_types": ["HEALTHY"], "severity": "NONE", "confidence": 0.7, "assessment": "Based on the image provided, there are no obvious visual indicators of malnutrition. The individual appears to have a healthy body composition for this image.", "recommendations": ["Maintain a balanced diet", "Regular physical activity"], "signs": [], "urgent_care": false}
2025-09-27 21:14:47.830 11608-12032 GeminiService           com.example.nutrisaur11              D  Extracted text from Gemini: {"malnutrition_types": ["HEALTHY"], "severity": "NONE", "confidence": 0.7, "assessment": "Based on the image provided, there are no obvious visual indicators of malnutrition. The individual appears to have a healthy body composition for this image.", "recommendations": ["Maintain a balanced diet", "Regular physical activity"], "signs": [], "urgent_care": false}
2025-09-27 21:14:47.830 11608-12032 MalnutritionAIVerifier  com.example.nutrisaur11              D  AI PRIMARY analysis completed successfully on attempt 1
2025-09-27 21:14:47.831 11608-12032 MalnutritionAIVerifier  com.example.nutrisaur11              D  Extracted malnutrition_types: [HEALTHY] -> detected: false
2025-09-27 21:14:47.832 11608-12032 MalnutritionAIVerifier  com.example.nutrisaur11              D  AI Parsing Results: verification=HEALTHY_DETECTED, severity=NONE, confidence=0.7
2025-09-27 21:14:47.834 11608-11703 gralloc4                com.example.nutrisaur11              I  @set_metadata: update dataspace from GM (0x00000000 -> 0x08010000)
2025-09-27 21:14:47.843 11608-12032 MalnutritionAIVerifier  com.example.nutrisaur11              D  Found recommendations array: "Maintain a balanced diet", "Regular physical activity"
2025-09-27 21:14:47.844 11608-12032 MalnutritionAIVerifier  com.example.nutrisaur11              D  Added simple recommendation: Maintain a balanced diet
2025-09-27 21:14:47.844 11608-12032 MalnutritionAIVerifier  com.example.nutrisaur11              D  Added simple recommendation: Regular physical activity
2025-09-27 21:14:47.844 11608-11608 ImageValidationActivity com.example.nutrisaur11              D  Validation completed: isVerified=true
2025-09-27 21:14:47.845 11608-11608 ImageValidationActivity com.example.nutrisaur11              D  Image validation passed - navigating directly to results
2025-09-27 21:14:47.847 11608-11703 gralloc4                com.example.nutrisaur11              I  @set_metadata: update dataspace from GM (0x00000000 -> 0x08010000)
2025-09-27 21:14:47.864 11608-11703 gralloc4                com.example.nutrisaur11              I  @set_metadata: update dataspace from GM (0x00000000 -> 0x08010000)
2025-09-27 21:14:47.878   852-963   BufferQueueDebug        surfaceflinger                       E  [ActivityRecord{1f924ac u0 com.example.nutrisaur11/.AnalysisResultsActivity t824}#5518](this:0xb400007d13fb4a30,id:-1,api:0,p:-1,c:-1) id info cannot be read from 'ActivityRecord{1f924ac u0 com.example.nutrisaur11/.AnalysisResultsActivity t824}#5518'
2025-09-27 21:14:47.881 11608-11703 gralloc4                com.example.nutrisaur11              I  @set_metadata: update dataspace from GM (0x00000000 -> 0x08010000)
2025-09-27 21:14:47.898 11608-11703 gralloc4                com.example.nutrisaur11              I  @set_metadata: update dataspace from GM (0x00000000 -> 0x08010000)
2025-09-27 21:14:47.898 11608-11703 RenderInspector         com.example.nutrisaur11              W  DequeueBuffer time out on com.example.nutrisaur11/com.example.nutrisaur11.ImageValidationActivity, count=2, avg=20 ms, max=20 ms.
2025-09-27 21:14:47.916 11608-11703 gralloc4                com.example.nutrisaur11              I  @set_metadata: update dataspace from GM (0x00000000 -> 0x08010000)
2025-09-27 21:14:47.923 11608-12038 libMEOW                 com.example.nutrisaur11              D  meow new tls: 0xb40000791597d8c0
2025-09-27 21:14:47.923 11608-12038 libMEOW                 com.example.nutrisaur11              D  applied 1 plugins for [com.example.nutrisaur11]:
2025-09-27 21:14:47.923 11608-12038 libMEOW                 com.example.nutrisaur11              D    plugin 1: [libMEOW_gift.so]: 0xb400007976682380
2025-09-27 21:14:47.923 11608-12038 libMEOW                 com.example.nutrisaur11              D  rebuild call chain: 0xb400007915990980
2025-09-27 21:14:47.923 11608-12038 libMEOW                 com.example.nutrisaur11              D  meow delete tls: 0xb40000791597d8c0
2025-09-27 21:14:47.941 11608-11608 DecorView[]             com.example.nutrisaur11              D  getWindowModeFromSystem  windowmode is 1
2025-09-27 21:14:47.948 11608-11608 ScrollerOp...ionManager com.example.nutrisaur11              D  registerConfigChangedListener
2025-09-27 21:14:47.974 11608-11608 AnalysisResults         com.example.nutrisaur11              D  AI result passed directly from FavoritesActivity
2025-09-27 21:14:47.983 11608-11608 skia                    com.example.nutrisaur11              D  SkJpegCodec::onGetPixels + (2448, 3264)
2025-09-27 21:14:47.989 11608-11608 skia                    com.example.nutrisaur11              D  stream getLength() not supported, use temp buffer for loading stream, buffer addr 0x78ceeec000 length 1734155
2025-09-27 21:14:47.989 11608-11608 skia                    com.example.nutrisaur11              D  LoadInputStreamToMem va 0x78ceeec000  size 1736448
2025-09-27 21:14:47.986 11608-11608 ple.nutrisaur11         com.example.nutrisaur11              W  type=1400 audit(0.0:19088): avc:  denied  { search } for  name="ppm" dev="proc" ino=4026531923 scontext=u:r:untrusted_app:s0:c132,c256,c512,c768 tcontext=u:object_r:proc_ppm:s0 tclass=dir permissive=0 app=com.example.nutrisaur11
2025-09-27 21:14:47.990 11608-11608 libjpeg-alpha           com.example.nutrisaur11              D  Huffman Builder run in subthread
2025-09-27 21:14:47.991 11608-11608 libjpeg-alpha           com.example.nutrisaur11              D  Tile Decoder (#thread:4, size:768 512 512 656x816, alignment:256x16)
2025-09-27 21:14:47.986 11608-11608 ple.nutrisaur11         com.example.nutrisaur11              W  type=1400 audit(0.0:19089): avc:  denied  { search } for  name="ppm" dev="proc" ino=4026531923 scontext=u:r:untrusted_app:s0:c132,c256,c512,c768 tcontext=u:object_r:proc_ppm:s0 tclass=dir permissive=0 app=com.example.nutrisaur11
2025-09-27 21:14:48.029  2200-2546  ActivityManagerWrapper  com.miui.home                        E  getRecentTasks: mainTaskId=824   userId=0   windowMode=1   baseIntent=Intent { act=android.intent.action.MAIN flag=268435456 cmp=ComponentInfo{com.example.nutrisaur11/com.example.nutrisaur11.MainActivity} }
2025-09-27 21:14:48.032 11608-11608 skia                    com.example.nutrisaur11              D  SkJpegCodec::onGetPixels -
2025-09-27 21:14:48.033 11608-11608 skia                    com.example.nutrisaur11              D  onGetGainmapInfo: false.
2025-09-27 21:14:48.034 11608-11608 AnalysisResults         com.example.nutrisaur11              D  Loaded uploaded image from URI: content://com.miui.gallery.open/raw/%2Fstorage%2Femulated%2F0%2FDCIM%2FCamera%2FIMG_20250913_073552.jpg
2025-09-27 21:14:48.051 11608-11608 AnalysisResults         com.example.nutrisaur11              D  Loaded, rotated and scaled captured image from temporary storage
2025-09-27 21:14:48.070 11608-11608 AnalysisResults         com.example.nutrisaur11              D  AI Results displayed - Status: HEALTHY, Severity: NONE
2025-09-27 21:14:48.079 11608-11703 libc                    com.example.nutrisaur11              W  Access denied finding property "ro.vendor.display.iris_x7.support"
2025-09-27 21:14:48.079 11608-11608 VRI[Analys...sActivity] com.example.nutrisaur11              D  hardware acceleration = true, forceHwAccelerated = false
2025-09-27 21:14:48.082   852-963   BufferQueueDebug        surfaceflinger                       E  [1a95d44 com.example.nutrisaur11/com.example.nutrisaur11.AnalysisResultsActivity#5519](this:0xb400007d13fdea30,id:-1,api:0,p:-1,c:-1) id info cannot be read from '1a95d44 com.example.nutrisaur11/com.example.nutrisaur11.AnalysisResultsActivity#5519'
2025-09-27 21:14:48.104   852-1716  BufferQueueDebug        surfaceflinger                       E  [com.example.nutrisaur11/com.example.nutrisaur11.AnalysisResultsActivity#5520](this:0xb400007d13c6ca30,id:-1,api:0,p:-1,c:-1) id info cannot be read from 'com.example.nutrisaur11/com.example.nutrisaur11.AnalysisResultsActivity#5520'
2025-09-27 21:14:48.119 11608-11608 BufferQueueConsumer     com.example.nutrisaur11              D  [](id:2d5800000007,api:0,p:-1,c:11608) connect: controlledByApp=false
2025-09-27 21:14:48.121 11608-11703 OpenGLRenderer          com.example.nutrisaur11              E  Unable to match the desired swap behavior.
2025-09-27 21:14:48.124 11608-11608 VRI[Analys...sActivity] com.example.nutrisaur11              D  vri.reportNextDraw android.view.ViewRootImpl.performTraversals:4402 android.view.ViewRootImpl.doTraversal:3018 android.view.ViewRootImpl$TraversalRunnable.run:10526 android.view.Choreographer$CallbackRecord.run:1682 android.view.Choreographer$CallbackRecord.run:1691 
2025-09-27 21:14:48.124 11608-11608 VRI[Analys...sActivity] com.example.nutrisaur11              D  vri.Setup new sync=wmsSync-VRI[AnalysisResultsActivity]#14
2025-09-27 21:14:48.131 11608-11703 OpenGLRenderer          com.example.nutrisaur11              D  makeCurrent grContext:0xb400007976900240 reset mTextureAvailable
2025-09-27 21:14:48.139 11608-11703 BLASTBufferQueue        com.example.nutrisaur11              D  [VRI[AnalysisResultsActivity]#5](f:0,a:1) acquireNextBufferLocked size=720x1600 mFrameNumber=1 applyTransaction=true mTimestamp=15613197591083(auto) mPendingTransactions.size=0 graphicBufferId=49855980372004 transform=0
2025-09-27 21:14:48.140 11608-11608 VRI[Analys...sActivity] com.example.nutrisaur11              D  vri.reportDrawFinished
2025-09-27 21:14:48.145   852-963   BufferQueueDebug        surfaceflinger                       E  [Transition Root: ActivityRecord{1f924ac u0 com.example.nutrisaur11/.AnalysisResultsActivity t824}#5523](this:0xb400007d0ba30a30,id:-1,api:0,p:-1,c:-1) id info cannot be read from 'Transition Root: ActivityRecord{1f924ac u0 com.example.nutrisaur11/.AnalysisResultsActivity t824}#5523'
2025-09-27 21:14:48.151   852-963   BufferQueueDebug        surfaceflinger                       E  [b9025f ActivityRecordInputSink com.example.nutrisaur11/.AnalysisResultsActivity#5524](this:0xb400007d0bab1a30,id:-1,api:0,p:-1,c:-1) id info cannot be read from 'b9025f ActivityRecordInputSink com.example.nutrisaur11/.AnalysisResultsActivity#5524'
2025-09-27 21:14:48.152   852-1643  BufferQueueDebug        surfaceflinger                       E  [DefaultTransition Dim Layer for - Surface(name=ActivityRecord{206a1a7 u0 com.example.nutrisaur11/.ImageValidationActivity t824}#5504)/@0x150b10e#5525](this:0xb400007d13681a30,id:-1,api:0,p:-1,c:-1) id info cannot be read from 'DefaultTransition Dim Layer for - Surface(name=ActivityRecord{206a1a7 u0 com.example.nutrisaur11/.ImageValidationActivity t824}#5504)/@0x150b10e#5525'
2025-09-27 21:14:48.165 11608-11608 HandWritingStubImpl     com.example.nutrisaur11              I  refreshLastKeyboardType: 1
2025-09-27 21:14:48.165 11608-11608 HandWritingStubImpl     com.example.nutrisaur11              I  getCurrentKeyboardType: 1
2025-09-27 21:14:48.196 11608-11703 gralloc4                com.example.nutrisaur11              I  @set_metadata: update dataspace from GM (0x00000000 -> 0x08010000)
2025-09-27 21:14:48.207 11608-11703 gralloc4                com.example.nutrisaur11              I  @set_metadata: update dataspace from GM (0x00000000 -> 0x08010000)
2025-09-27 21:14:48.214 11608-11703 gralloc4                com.example.nutrisaur11              I  @set_metadata: update dataspace from GM (0x00000000 -> 0x08010000)
2025-09-27 21:14:48.224 11608-11703 gralloc4                com.example.nutrisaur11              I  @set_metadata: update dataspace from GM (0x00000000 -> 0x08010000)
2025-09-27 21:14:48.235 11608-11703 gralloc4                com.example.nutrisaur11              I  @set_metadata: update dataspace from GM (0x00000000 -> 0x08010000)
2025-09-27 21:14:48.246 11608-11703 gralloc4                com.example.nutrisaur11              I  @set_metadata: update dataspace from GM (0x00000000 -> 0x08010000)
2025-09-27 21:14:48.257 11608-11703 gralloc4                com.example.nutrisaur11              I  @set_metadata: update dataspace from GM (0x00000000 -> 0x08010000)
2025-09-27 21:14:48.268 11608-11703 gralloc4                com.example.nutrisaur11              I  @set_metadata: update dataspace from GM (0x00000000 -> 0x08010000)
2025-09-27 21:14:48.702 11608-11608 BLASTBufferQueue        com.example.nutrisaur11              D  [VRI[ImageValidationActivity]#4](f:0,a:2) destructor()
2025-09-27 21:14:48.703 11608-11608 BufferQueueConsumer     com.example.nutrisaur11              D  [VRI[ImageValidationActivity]#4(BLAST Consumer)4](id:2d5800000006,api:0,p:-1,c:11608) disconnect
2025-09-27 21:14:48.711 11608-11608 WindowOnBackDispatcher  com.example.nutrisaur11              W  sendCancelIfRunning: isInProgress=falsecallback=android.view.ViewRootImpl$$ExternalSyntheticLambda23@3cf4ae1
2025-09-27 21:14:48.714 11608-11608 View                    com.example.nutrisaur11              D  [Warning] assignParent to null: this = DecorView@98e828[ImageValidationActivity]
2025-09-27 21:14:49.663 11608-11703 gralloc4                com.example.nutrisaur11              I  @set_metadata: update dataspace from GM (0x00000000 -> 0x08010000)
2025-09-27 21:14:49.679 11608-11703 gralloc4                com.example.nutrisaur11              I  @set_metadata: update dataspace from GM (0x00000000 -> 0x08010000)
2025-09-27 21:14:49.699 11608-11703 gralloc4                com.example.nutrisaur11              I  @set_metadata: update dataspace from GM (0x00000000 -> 0x08010000)
2025-09-27 21:14:49.714 11608-11703 gralloc4                com.example.nutrisaur11              I  @set_metadata: update dataspace from GM (0x00000000 -> 0x08010000)
2025-09-27 21:14:49.728 11608-11703 gralloc4                com.example.nutrisaur11              I  @set_metadata: update dataspace from GM (0x00000000 -> 0x08010000)
2025-09-27 21:14:49.745 11608-11703 gralloc4                com.example.nutrisaur11              I  @set_metadata: update dataspace from GM (0x00000000 -> 0x08010000)
2025-09-27 21:14:49.762 11608-11703 gralloc4                com.example.nutrisaur11              I  @set_metadata: update dataspace from GM (0x00000000 -> 0x08010000)
2025-09-27 21:14:49.778 11608-11703 gralloc4                com.example.nutrisaur11              I  @set_metadata: update dataspace from GM (0x00000000 -> 0x08010000)
2025-09-27 21:14:49.795 11608-11703 gralloc4                com.example.nutrisaur11              I  @set_metadata: update dataspace from GM (0x00000000 -> 0x08010000)
2025-09-27 21:14:49.812 11608-11703 gralloc4                com.example.nutrisaur11              I  @set_metadata: update dataspace from GM (0x00000000 -> 0x08010000)
2025-09-27 21:14:49.829 11608-11703 gralloc4                com.example.nutrisaur11              I  @set_metadata: update dataspace from GM (0x00000000 -> 0x08010000)
2025-09-27 21:14:49.853 11608-11703 gralloc4                com.example.nutrisaur11              I  @set_metadata: update dataspace from GM (0x00000000 -> 0x08010000)
2025-09-27 21:14:49.861 11608-11703 gralloc4                com.example.nutrisaur11              I  @set_metadata: update dataspace from GM (0x00000000 -> 0x08010000)
2025-09-27 21:14:49.879 11608-11703 gralloc4                com.example.nutrisaur11              I  @set_metadata: update dataspace from GM (0x00000000 -> 0x08010000)
2025-09-27 21:14:49.895 11608-11703 gralloc4                com.example.nutrisaur11              I  @set_metadata: update dataspace from GM (0x00000000 -> 0x08010000)
2025-09-27 21:14:49.911 11608-11703 gralloc4                com.example.nutrisaur11              I  @set_metadata: update dataspace from GM (0x00000000 -> 0x08010000)
2025-09-27 21:14:49.928 11608-11703 gralloc4                com.example.nutrisaur11              I  @set_metadata: update dataspace from GM (0x00000000 -> 0x08010000)
2025-09-27 21:14:49.945 11608-11703 gralloc4                com.example.nutrisaur11              I  @set_metadata: update dataspace from GM (0x00000000 -> 0x08010000)
2025-09-27 21:14:49.961 11608-11703 gralloc4                com.example.nutrisaur11              I  @set_metadata: update dataspace from GM (0x00000000 -> 0x08010000)
2025-09-27 21:14:49.979 11608-11703 gralloc4                com.example.nutrisaur11              I  @set_metadata: update dataspace from GM (0x00000000 -> 0x08010000)
2025-09-27 21:14:49.995 11608-11703 gralloc4                com.example.nutrisaur11              I  @set_metadata: update dataspace from GM (0x00000000 -> 0x08010000)
2025-09-27 21:14:50.012 11608-11703 gralloc4                com.example.nutrisaur11              I  @set_metadata: update dataspace from GM (0x00000000 -> 0x08010000)
2025-09-27 21:14:50.028 11608-11703 gralloc4                com.example.nutrisaur11              I  @set_metadata: update dataspace from GM (0x00000000 -> 0x08010000)
2025-09-27 21:14:50.045 11608-11703 gralloc4                com.example.nutrisaur11              I  @set_metadata: update dataspace from GM (0x00000000 -> 0x08010000)
2025-09-27 21:14:50.062 11608-11703 gralloc4                com.example.nutrisaur11              I  @set_metadata: update dataspace from GM (0x00000000 -> 0x08010000)
2025-09-27 21:14:50.095 11608-11703 gralloc4                com.example.nutrisaur11              I  @set_metadata: update dataspace from GM (0x00000000 -> 0x08010000)
2025-09-27 21:14:50.112 11608-11703 gralloc4                com.example.nutrisaur11              I  @set_metadata: update dataspace from GM (0x00000000 -> 0x08010000)
2025-09-27 21:14:50.128 11608-11703 gralloc4                com.example.nutrisaur11              I  @set_metadata: update dataspace from GM (0x00000000 -> 0x08010000)
2025-09-27 21:14:50.145 11608-11703 gralloc4                com.example.nutrisaur11              I  @set_metadata: update dataspace from GM (0x00000000 -> 0x08010000)
2025-09-27 21:14:50.162 11608-11703 gralloc4                com.example.nutrisaur11              I  @set_metadata: update dataspace from GM (0x00000000 -> 0x08010000)
2025-09-27 21:14:50.178 11608-11703 gralloc4                com.example.nutrisaur11              I  @set_metadata: update dataspace from GM (0x00000000 -> 0x08010000)
2025-09-27 21:14:50.195 11608-11703 gralloc4                com.example.nutrisaur11              I  @set_metadata: update dataspace from GM (0x00000000 -> 0x08010000)
2025-09-27 21:14:50.212 11608-11703 gralloc4                com.example.nutrisaur11              I  @set_metadata: update dataspace from GM (0x00000000 -> 0x08010000)
2025-09-27 21:14:50.228 11608-11703 gralloc4                com.example.nutrisaur11              I  @set_metadata: update dataspace from GM (0x00000000 -> 0x08010000)
2025-09-27 21:14:50.245 11608-11703 gralloc4                com.example.nutrisaur11              I  @set_metadata: update dataspace from GM (0x00000000 -> 0x08010000)
2025-09-27 21:14:50.261 11608-11703 gralloc4                com.example.nutrisaur11              I  @set_metadata: update dataspace from GM (0x00000000 -> 0x08010000)
2025-09-27 21:14:50.378 11608-11703 gralloc4                com.example.nutrisaur11              I  @set_metadata: update dataspace from GM (0x00000000 -> 0x08010000)
2025-09-27 21:14:50.396 11608-11703 gralloc4                com.example.nutrisaur11              I  @set_metadata: update dataspace from GM (0x00000000 -> 0x08010000)
2025-09-27 21:14:50.412 11608-11703 gralloc4                com.example.nutrisaur11              I  @set_metadata: update dataspace from GM (0x00000000 -> 0x08010000)
2025-09-27 21:14:50.429 11608-11703 gralloc4                com.example.nutrisaur11              I  @set_metadata: update dataspace from GM (0x00000000 -> 0x08010000)
2025-09-27 21:14:50.445 11608-11703 gralloc4                com.example.nutrisaur11              I  @set_metadata: update dataspace from GM (0x00000000 -> 0x08010000)
2025-09-27 21:14:50.462 11608-11703 gralloc4                com.example.nutrisaur11              I  @set_metadata: update dataspace from GM (0x00000000 -> 0x08010000)
2025-09-27 21:14:50.478 11608-11703 gralloc4                com.example.nutrisaur11              I  @set_metadata: update dataspace from GM (0x00000000 -> 0x08010000)
2025-09-27 21:14:50.498 11608-11703 gralloc4                com.example.nutrisaur11              I  @set_metadata: update dataspace from GM (0x00000000 -> 0x08010000)
2025-09-27 21:14:50.512 11608-11703 gralloc4                com.example.nutrisaur11              I  @set_metadata: update dataspace from GM (0x00000000 -> 0x08010000)
2025-09-27 21:14:50.528 11608-11703 gralloc4                com.example.nutrisaur11              I  @set_metadata: update dataspace from GM (0x00000000 -> 0x08010000)
2025-09-27 21:14:50.545 11608-11703 gralloc4                com.example.nutrisaur11              I  @set_metadata: update dataspace from GM (0x00000000 -> 0x08010000)
2025-09-27 21:14:50.564 11608-11703 gralloc4                com.example.nutrisaur11              I  @set_metadata: update dataspace from GM (0x00000000 -> 0x08010000)
2025-09-27 21:14:50.581 11608-11703 gralloc4                com.example.nutrisaur11              I  @set_metadata: update dataspace from GM (0x00000000 -> 0x08010000)
2025-09-27 21:14:50.597 11608-11703 gralloc4                com.example.nutrisaur11              I  @set_metadata: update dataspace from GM (0x00000000 -> 0x08010000)
2025-09-27 21:14:50.614 11608-11703 gralloc4                com.example.nutrisaur11              I  @set_metadata: update dataspace from GM (0x00000000 -> 0x08010000)
2025-09-27 21:14:50.630 11608-11703 gralloc4                com.example.nutrisaur11              I  @set_metadata: update dataspace from GM (0x00000000 -> 0x08010000)
2025-09-27 21:14:50.647 11608-11703 gralloc4                com.example.nutrisaur11              I  @set_metadata: update dataspace from GM (0x00000000 -> 0x08010000)
2025-09-27 21:14:50.664 11608-11703 gralloc4                com.example.nutrisaur11              I  @set_metadata: update dataspace from GM (0x00000000 -> 0x08010000)
2025-09-27 21:14:50.680 11608-11703 gralloc4                com.example.nutrisaur11              I  @set_metadata: update dataspace from GM (0x00000000 -> 0x08010000)
2025-09-27 21:14:50.697 11608-11703 gralloc4                com.example.nutrisaur11              I  @set_metadata: update dataspace from GM (0x00000000 -> 0x08010000)
2025-09-27 21:14:50.713 11608-11703 gralloc4                com.example.nutrisaur11              I  @set_metadata: update dataspace from GM (0x00000000 -> 0x08010000)
2025-09-27 21:14:50.730 11608-11703 gralloc4                com.example.nutrisaur11              I  @set_metadata: update dataspace from GM (0x00000000 -> 0x08010000)
2025-09-27 21:14:50.747 11608-11703 gralloc4                com.example.nutrisaur11              I  @set_metadata: update dataspace from GM (0x00000000 -> 0x08010000)
2025-09-27 21:14:50.764 11608-11703 gralloc4                com.example.nutrisaur11              I  @set_metadata: update dataspace from GM (0x00000000 -> 0x08010000)
2025-09-27 21:14:50.779 11608-11703 gralloc4                com.example.nutrisaur11              I  @set_metadata: update dataspace from GM (0x00000000 -> 0x08010000)
2025-09-27 21:14:50.797 11608-11703 gralloc4                com.example.nutrisaur11              I  @set_metadata: update dataspace from GM (0x00000000 -> 0x08010000)
2025-09-27 21:14:50.812 11608-11703 gralloc4                com.example.nutrisaur11              I  @set_metadata: update dataspace from GM (0x00000000 -> 0x08010000)
2025-09-27 21:14:50.831 11608-11703 gralloc4                com.example.nutrisaur11              I  @set_metadata: update dataspace from GM (0x00000000 -> 0x08010000)
2025-09-27 21:14:50.846 11608-11703 gralloc4                com.example.nutrisaur11              I  @set_metadata: update dataspace from GM (0x00000000 -> 0x08010000)
2025-09-27 21:14:50.863 11608-11703 gralloc4                com.example.nutrisaur11              I  @set_metadata: update dataspace from GM (0x00000000 -> 0x08010000)
2025-09-27 21:14:50.879 11608-11703 gralloc4                com.example.nutrisaur11              I  @set_metadata: update dataspace from GM (0x00000000 -> 0x08010000)
2025-09-27 21:14:50.896 11608-11703 gralloc4                com.example.nutrisaur11              I  @set_metadata: update dataspace from GM (0x00000000 -> 0x08010000)
2025-09-27 21:14:50.914 11608-11703 gralloc4                com.example.nutrisaur11              I  @set_metadata: update dataspace from GM (0x00000000 -> 0x08010000)
2025-09-27 21:14:50.930 11608-11703 gralloc4                com.example.nutrisaur11              I  @set_metadata: update dataspace from GM (0x00000000 -> 0x08010000)
2025-09-27 21:14:50.946 11608-11703 gralloc4                com.example.nutrisaur11              I  @set_metadata: update dataspace from GM (0x00000000 -> 0x08010000)
2025-09-27 21:14:50.953 11608-11608 MiInputConsumer         com.example.nutrisaur11              I  optimized resample latency: 605010 ns
2025-09-27 21:14:50.963 11608-11703 gralloc4                com.example.nutrisaur11              I  @set_metadata: update dataspace from GM (0x00000000 -> 0x08010000)
2025-09-27 21:14:50.978 11608-11703 gralloc4                com.example.nutrisaur11              I  @set_metadata: update dataspace from GM (0x00000000 -> 0x08010000)
2025-09-27 21:14:50.995 11608-11703 gralloc4                com.example.nutrisaur11              I  @set_metadata: update dataspace from GM (0x00000000 -> 0x08010000)
2025-09-27 21:14:51.012 11608-11703 gralloc4                com.example.nutrisaur11              I  @set_metadata: update dataspace from GM (0x00000000 -> 0x08010000)
2025-09-27 21:14:51.030 11608-11703 gralloc4                com.example.nutrisaur11              I  @set_metadata: update dataspace from GM (0x00000000 -> 0x08010000)
2025-09-27 21:14:51.045 11608-11703 gralloc4                com.example.nutrisaur11              I  @set_metadata: update dataspace from GM (0x00000000 -> 0x08010000)
2025-09-27 21:14:51.061 11608-11703 gralloc4                com.example.nutrisaur11              I  @set_metadata: update dataspace from GM (0x00000000 -> 0x08010000)
2025-09-27 21:14:51.079 11608-11703 gralloc4                com.example.nutrisaur11              I  @set_metadata: update dataspace from GM (0x00000000 -> 0x08010000)
2025-09-27 21:14:51.096 11608-11703 gralloc4                com.example.nutrisaur11              I  @set_metadata: update dataspace from GM (0x00000000 -> 0x08010000)
2025-09-27 21:14:51.113 11608-11703 gralloc4                com.example.nutrisaur11              I  @set_metadata: update dataspace from GM (0x00000000 -> 0x08010000)
2025-09-27 21:14:51.128 11608-11703 gralloc4                com.example.nutrisaur11              I  @set_metadata: update dataspace from GM (0x00000000 -> 0x08010000)
2025-09-27 21:14:51.146 11608-11703 gralloc4                com.example.nutrisaur11              I  @set_metadata: update dataspace from GM (0x00000000 -> 0x08010000)
2025-09-27 21:14:51.163 11608-11703 gralloc4                com.example.nutrisaur11              I  @set_metadata: update dataspace from GM (0x00000000 -> 0x08010000)
2025-09-27 21:14:51.179 11608-11703 gralloc4                com.example.nutrisaur11              I  @set_metadata: update dataspace from GM (0x00000000 -> 0x08010000)
2025-09-27 21:14:51.196 11608-11703 gralloc4                com.example.nutrisaur11              I  @set_metadata: update dataspace from GM (0x00000000 -> 0x08010000)
2025-09-27 21:14:51.213 11608-11703 gralloc4                com.example.nutrisaur11              I  @set_metadata: update dataspace from GM (0x00000000 -> 0x08010000)
2025-09-27 21:14:51.230 11608-11703 gralloc4                com.example.nutrisaur11              I  @set_metadata: update dataspace from GM (0x00000000 -> 0x08010000)
2025-09-27 21:14:51.247 11608-11703 gralloc4                com.example.nutrisaur11              I  @set_metadata: update dataspace from GM (0x00000000 -> 0x08010000)
2025-09-27 21:14:51.264 11608-11703 gralloc4                com.example.nutrisaur11              I  @set_metadata: update dataspace from GM (0x00000000 -> 0x08010000)
2025-09-27 21:14:51.280 11608-11703 gralloc4                com.example.nutrisaur11              I  @set_metadata: update dataspace from GM (0x00000000 -> 0x08010000)
2025-09-27 21:14:51.297 11608-11703 gralloc4                com.example.nutrisaur11              I  @set_metadata: update dataspace from GM (0x00000000 -> 0x08010000)
2025-09-27 21:14:51.314 11608-11703 gralloc4                com.example.nutrisaur11              I  @set_metadata: update dataspace from GM (0x00000000 -> 0x08010000)
2025-09-27 21:14:51.330 11608-11703 gralloc4                com.example.nutrisaur11              I  @set_metadata: update dataspace from GM (0x00000000 -> 0x08010000)
2025-09-27 21:14:51.346 11608-11703 gralloc4                com.example.nutrisaur11              I  @set_metadata: update dataspace from GM (0x00000000 -> 0x08010000)
2025-09-27 21:14:51.363 11608-11703 gralloc4                com.example.nutrisaur11              I  @set_metadata: update dataspace from GM (0x00000000 -> 0x08010000)
2025-09-27 21:14:51.380 11608-11703 gralloc4                com.example.nutrisaur11              I  @set_metadata: update dataspace from GM (0x00000000 -> 0x08010000)
2025-09-27 21:14:51.397 11608-11703 gralloc4                com.example.nutrisaur11              I  @set_metadata: update dataspace from GM (0x00000000 -> 0x08010000)
2025-09-27 21:14:51.414 11608-11703 gralloc4                com.example.nutrisaur11              I  @set_metadata: update dataspace from GM (0x00000000 -> 0x08010000)
2025-09-27 21:14:51.431 11608-11703 gralloc4                com.example.nutrisaur11              I  @set_metadata: update dataspace from GM (0x00000000 -> 0x08010000)
2025-09-27 21:14:51.448 11608-11703 gralloc4                com.example.nutrisaur11              I  @set_metadata: update dataspace from GM (0x00000000 -> 0x08010000)
2025-09-27 21:14:51.464 11608-11703 gralloc4                com.example.nutrisaur11              I  @set_metadata: update dataspace from GM (0x00000000 -> 0x08010000)
2025-09-27 21:14:51.481 11608-11703 gralloc4                com.example.nutrisaur11              I  @set_metadata: update dataspace from GM (0x00000000 -> 0x08010000)
2025-09-27 21:14:51.499 11608-11703 gralloc4                com.example.nutrisaur11              I  @set_metadata: update dataspace from GM (0x00000000 -> 0x08010000)
2025-09-27 21:14:51.513 11608-11703 gralloc4                com.example.nutrisaur11              I  @set_metadata: update dataspace from GM (0x00000000 -> 0x08010000)
2025-09-27 21:14:51.530 11608-11703 gralloc4                com.example.nutrisaur11              I  @set_metadata: update dataspace from GM (0x00000000 -> 0x08010000)
2025-09-27 21:14:51.546 11608-11703 gralloc4                com.example.nutrisaur11              I  @set_metadata: update dataspace from GM (0x00000000 -> 0x08010000)
2025-09-27 21:14:51.563 11608-11703 gralloc4                com.example.nutrisaur11              I  @set_metadata: update dataspace from GM (0x00000000 -> 0x08010000)
2025-09-27 21:14:51.580 11608-11703 gralloc4                com.example.nutrisaur11              I  @set_metadata: update dataspace from GM (0x00000000 -> 0x08010000)
2025-09-27 21:14:51.596 11608-11703 gralloc4                com.example.nutrisaur11              I  @set_metadata: update dataspace from GM (0x00000000 -> 0x08010000)
2025-09-27 21:14:51.612 11608-11703 gralloc4                com.example.nutrisaur11              I  @set_metadata: update dataspace from GM (0x00000000 -> 0x08010000)
2025-09-27 21:14:51.630 11608-11703 gralloc4                com.example.nutrisaur11              I  @set_metadata: update dataspace from GM (0x00000000 -> 0x08010000)
2025-09-27 21:14:51.646 11608-11703 gralloc4                com.example.nutrisaur11              I  @set_metadata: update dataspace from GM (0x00000000 -> 0x08010000)
2025-09-27 21:14:51.665 11608-11703 gralloc4                com.example.nutrisaur11              I  @set_metadata: update dataspace from GM (0x00000000 -> 0x08010000)
2025-09-27 21:14:51.682 11608-11703 gralloc4                com.example.nutrisaur11              I  @set_metadata: update dataspace from GM (0x00000000 -> 0x08010000)
2025-09-27 21:14:51.699 11608-11703 gralloc4                com.example.nutrisaur11              I  @set_metadata: update dataspace from GM (0x00000000 -> 0x08010000)
2025-09-27 21:14:51.716 11608-11703 gralloc4                com.example.nutrisaur11              I  @set_metadata: update dataspace from GM (0x00000000 -> 0x08010000)
2025-09-27 21:14:51.731 11608-11608 SplineOverScroller      com.example.nutrisaur11              D  mFlingDuration: 1210,mFlingDistance: 290.6976318359375,mVelocity: 675
2025-09-27 21:14:51.732 11608-11608 ScrollIdentify          com.example.nutrisaur11              I  on fling
2025-09-27 21:14:51.732 11608-11703 gralloc4                com.example.nutrisaur11              I  @set_metadata: update dataspace from GM (0x00000000 -> 0x08010000)
2025-09-27 21:14:51.745 11608-11703 gralloc4                com.example.nutrisaur11              I  @set_metadata: update dataspace from GM (0x00000000 -> 0x08010000)
2025-09-27 21:14:51.762 11608-11703 gralloc4                com.example.nutrisaur11              I  @set_metadata: update dataspace from GM (0x00000000 -> 0x08010000)
2025-09-27 21:14:51.779 11608-11703 gralloc4                com.example.nutrisaur11              I  @set_metadata: update dataspace from GM (0x00000000 -> 0x08010000)
2025-09-27 21:14:51.796 11608-11703 gralloc4                com.example.nutrisaur11              I  @set_metadata: update dataspace from GM (0x00000000 -> 0x08010000)
2025-09-27 21:14:51.812 11608-11703 gralloc4                com.example.nutrisaur11              I  @set_metadata: update dataspace from GM (0x00000000 -> 0x08010000)
2025-09-27 21:14:51.828 11608-11703 gralloc4                com.example.nutrisaur11              I  @set_metadata: update dataspace from GM (0x00000000 -> 0x08010000)
2025-09-27 21:14:51.846 11608-11703 gralloc4                com.example.nutrisaur11              I  @set_metadata: update dataspace from GM (0x00000000 -> 0x08010000)
2025-09-27 21:14:51.863 11608-11703 gralloc4                com.example.nutrisaur11              I  @set_metadata: update dataspace from GM (0x00000000 -> 0x08010000)
2025-09-27 21:14:51.879 11608-11703 gralloc4                com.example.nutrisaur11              I  @set_metadata: update dataspace from GM (0x00000000 -> 0x08010000)
2025-09-27 21:14:51.886 11608-11703 gralloc4                com.example.nutrisaur11              I  @set_metadata: update dataspace from GM (0x00000000 -> 0x08010000)
2025-09-27 21:14:51.903 11608-11703 gralloc4                com.example.nutrisaur11              I  @set_metadata: update dataspace from GM (0x00000000 -> 0x08010000)
2025-09-27 21:14:51.911 11608-11703 gralloc4                com.example.nutrisaur11              I  @set_metadata: update dataspace from GM (0x00000000 -> 0x08010000)
2025-09-27 21:14:51.931 11608-11703 gralloc4                com.example.nutrisaur11              I  @set_metadata: update dataspace from GM (0x00000000 -> 0x08010000)
2025-09-27 21:14:51.946 11608-11703 gralloc4                com.example.nutrisaur11              I  @set_metadata: update dataspace from GM (0x00000000 -> 0x08010000)
2025-09-27 21:14:51.962 11608-11703 gralloc4                com.example.nutrisaur11              I  @set_metadata: update dataspace from GM (0x00000000 -> 0x08010000)
2025-09-27 21:14:51.979 11608-11703 gralloc4                com.example.nutrisaur11              I  @set_metadata: update dataspace from GM (0x00000000 -> 0x08010000)
2025-09-27 21:14:51.996 11608-11703 gralloc4                com.example.nutrisaur11              I  @set_metadata: update dataspace from GM (0x00000000 -> 0x08010000)
2025-09-27 21:14:52.017 11608-11703 gralloc4                com.example.nutrisaur11              I  @set_metadata: update dataspace from GM (0x00000000 -> 0x08010000)
2025-09-27 21:14:52.035 11608-11703 gralloc4                com.example.nutrisaur11              I  @set_metadata: update dataspace from GM (0x00000000 -> 0x08010000)
2025-09-27 21:14:52.052 11608-11703 gralloc4                com.example.nutrisaur11              I  @set_metadata: update dataspace from GM (0x00000000 -> 0x08010000)
2025-09-27 21:14:52.069 11608-11703 gralloc4                com.example.nutrisaur11              I  @set_metadata: update dataspace from GM (0x00000000 -> 0x08010000)
2025-09-27 21:14:52.084 11608-11703 gralloc4                com.example.nutrisaur11              I  @set_metadata: update dataspace from GM (0x00000000 -> 0x08010000)
2025-09-27 21:14:52.103 11608-11703 gralloc4                com.example.nutrisaur11              I  @set_metadata: update dataspace from GM (0x00000000 -> 0x08010000)
2025-09-27 21:14:52.120 11608-11703 gralloc4                com.example.nutrisaur11              I  @set_metadata: update dataspace from GM (0x00000000 -> 0x08010000)
2025-09-27 21:14:52.135 11608-11703 gralloc4                com.example.nutrisaur11              I  @set_metadata: update dataspace from GM (0x00000000 -> 0x08010000)
2025-09-27 21:14:52.152 11608-11703 gralloc4                com.example.nutrisaur11              I  @set_metadata: update dataspace from GM (0x00000000 -> 0x08010000)
2025-09-27 21:14:52.168 11608-11703 gralloc4                com.example.nutrisaur11              I  @set_metadata: update dataspace from GM (0x00000000 -> 0x08010000)
2025-09-27 21:14:52.185 11608-11703 gralloc4                com.example.nutrisaur11              I  @set_metadata: update dataspace from GM (0x00000000 -> 0x08010000)
2025-09-27 21:14:52.202 11608-11703 gralloc4                com.example.nutrisaur11              I  @set_metadata: update dataspace from GM (0x00000000 -> 0x08010000)
2025-09-27 21:14:52.218 11608-11703 gralloc4                com.example.nutrisaur11              I  @set_metadata: update dataspace from GM (0x00000000 -> 0x08010000)
2025-09-27 21:14:52.233 11608-11703 gralloc4                com.example.nutrisaur11              I  @set_metadata: update dataspace from GM (0x00000000 -> 0x08010000)
2025-09-27 21:14:52.253 11608-11703 gralloc4                com.example.nutrisaur11              I  @set_metadata: update dataspace from GM (0x00000000 -> 0x08010000)
2025-09-27 21:14:52.269 11608-11703 gralloc4                com.example.nutrisaur11              I  @set_metadata: update dataspace from GM (0x00000000 -> 0x08010000)
2025-09-27 21:14:52.286 11608-11703 gralloc4                com.example.nutrisaur11              I  @set_metadata: update dataspace from GM (0x00000000 -> 0x08010000)
2025-09-27 21:14:52.303 11608-11703 gralloc4                com.example.nutrisaur11              I  @set_metadata: update dataspace from GM (0x00000000 -> 0x08010000)
2025-09-27 21:14:52.320 11608-11703 gralloc4                com.example.nutrisaur11              I  @set_metadata: update dataspace from GM (0x00000000 -> 0x08010000)
2025-09-27 21:14:52.336 11608-11703 gralloc4                com.example.nutrisaur11              I  @set_metadata: update dataspace from GM (0x00000000 -> 0x08010000)
2025-09-27 21:14:52.351 11608-11703 gralloc4                com.example.nutrisaur11              I  @set_metadata: update dataspace from GM (0x00000000 -> 0x08010000)
2025-09-27 21:14:52.368 11608-11703 gralloc4                com.example.nutrisaur11              I  @set_metadata: update dataspace from GM (0x00000000 -> 0x08010000)
2025-09-27 21:14:52.386 11608-11703 gralloc4                com.example.nutrisaur11              I  @set_metadata: update dataspace from GM (0x00000000 -> 0x08010000)
2025-09-27 21:14:52.401 11608-11703 gralloc4                com.example.nutrisaur11              I  @set_metadata: update dataspace from GM (0x00000000 -> 0x08010000)
2025-09-27 21:14:52.418 11608-11703 gralloc4                com.example.nutrisaur11              I  @set_metadata: update dataspace from GM (0x00000000 -> 0x08010000)
2025-09-27 21:14:52.436 11608-11703 gralloc4                com.example.nutrisaur11              I  @set_metadata: update dataspace from GM (0x00000000 -> 0x08010000)
2025-09-27 21:14:52.453 11608-11703 gralloc4                com.example.nutrisaur11              I  @set_metadata: update dataspace from GM (0x00000000 -> 0x08010000)
2025-09-27 21:14:52.467 11608-11703 gralloc4                com.example.nutrisaur11              I  @set_metadata: update dataspace from GM (0x00000000 -> 0x08010000)
2025-09-27 21:14:52.482 11608-11703 gralloc4                com.example.nutrisaur11              I  @set_metadata: update dataspace from GM (0x00000000 -> 0x08010000)
2025-09-27 21:14:52.501 11608-11703 gralloc4                com.example.nutrisaur11              I  @set_metadata: update dataspace from GM (0x00000000 -> 0x08010000)
2025-09-27 21:14:52.519 11608-11703 gralloc4                com.example.nutrisaur11              I  @set_metadata: update dataspace from GM (0x00000000 -> 0x08010000)
2025-09-27 21:14:52.536 11608-11703 gralloc4                com.example.nutrisaur11              I  @set_metadata: update dataspace from GM (0x00000000 -> 0x08010000)
2025-09-27 21:14:52.550 11608-11703 gralloc4                com.example.nutrisaur11              I  @set_metadata: update dataspace from GM (0x00000000 -> 0x08010000)
2025-09-27 21:14:52.579 11608-11703 gralloc4                com.example.nutrisaur11              I  @set_metadata: update dataspace from GM (0x00000000 -> 0x08010000)
2025-09-27 21:14:52.585 11608-11703 gralloc4                com.example.nutrisaur11              I  @set_metadata: update dataspace from GM (0x00000000 -> 0x08010000)
2025-09-27 21:14:52.600 11608-11703 gralloc4                com.example.nutrisaur11              I  @set_metadata: update dataspace from GM (0x00000000 -> 0x08010000)
2025-09-27 21:14:52.620 11608-11703 gralloc4                com.example.nutrisaur11              I  @set_metadata: update dataspace from GM (0x00000000 -> 0x08010000)
2025-09-27 21:14:52.636 11608-11703 gralloc4                com.example.nutrisaur11              I  @set_metadata: update dataspace from GM (0x00000000 -> 0x08010000)
2025-09-27 21:14:52.650 11608-11703 gralloc4                com.example.nutrisaur11              I  @set_metadata: update dataspace from GM (0x00000000 -> 0x08010000)
2025-09-27 21:14:52.670 11608-11703 gralloc4                com.example.nutrisaur11              I  @set_metadata: update dataspace from GM (0x00000000 -> 0x08010000)
2025-09-27 21:14:52.686 11608-11703 gralloc4                com.example.nutrisaur11              I  @set_metadata: update dataspace from GM (0x00000000 -> 0x08010000)
2025-09-27 21:14:52.702 11608-11703 gralloc4                com.example.nutrisaur11              I  @set_metadata: update dataspace from GM (0x00000000 -> 0x08010000)
2025-09-27 21:14:52.717 11608-11703 gralloc4                com.example.nutrisaur11              I  @set_metadata: update dataspace from GM (0x00000000 -> 0x08010000)
2025-09-27 21:14:52.734 11608-11703 gralloc4                com.example.nutrisaur11              I  @set_metadata: update dataspace from GM (0x00000000 -> 0x08010000)
2025-09-27 21:14:52.751 11608-11703 gralloc4                com.example.nutrisaur11              I  @set_metadata: update dataspace from GM (0x00000000 -> 0x08010000)
2025-09-27 21:14:52.768 11608-11703 gralloc4                com.example.nutrisaur11              I  @set_metadata: update dataspace from GM (0x00000000 -> 0x08010000)
2025-09-27 21:14:52.786 11608-11703 gralloc4                com.example.nutrisaur11              I  @set_metadata: update dataspace from GM (0x00000000 -> 0x08010000)
2025-09-27 21:14:52.799 11608-11703 gralloc4                com.example.nutrisaur11              I  @set_metadata: update dataspace from GM (0x00000000 -> 0x08010000)
2025-09-27 21:14:52.817 11608-11703 gralloc4                com.example.nutrisaur11              I  @set_metadata: update dataspace from GM (0x00000000 -> 0x08010000)
2025-09-27 21:14:52.836 11608-11703 gralloc4                com.example.nutrisaur11              I  @set_metadata: update dataspace from GM (0x00000000 -> 0x08010000)
2025-09-27 21:14:52.853 11608-11703 gralloc4                com.example.nutrisaur11              I  @set_metadata: update dataspace from GM (0x00000000 -> 0x08010000)
2025-09-27 21:14:52.869 11608-11703 gralloc4                com.example.nutrisaur11              I  @set_metadata: update dataspace from GM (0x00000000 -> 0x08010000)
2025-09-27 21:14:52.883 11608-11703 gralloc4                com.example.nutrisaur11              I  @set_metadata: update dataspace from GM (0x00000000 -> 0x08010000)
2025-09-27 21:14:52.902 11608-11703 gralloc4                com.example.nutrisaur11              I  @set_metadata: update dataspace from GM (0x00000000 -> 0x08010000)
2025-09-27 21:14:52.918 11608-11703 gralloc4                com.example.nutrisaur11              I  @set_metadata: update dataspace from GM (0x00000000 -> 0x08010000)
2025-09-27 21:14:52.933 11608-11703 gralloc4                com.example.nutrisaur11              I  @set_metadata: update dataspace from GM (0x00000000 -> 0x08010000)
2025-09-27 21:14:52.951 11608-11703 gralloc4                com.example.nutrisaur11              I  @set_metadata: update dataspace from GM (0x00000000 -> 0x08010000)
2025-09-27 21:14:52.966 11608-11703 gralloc4                com.example.nutrisaur11              I  @set_metadata: update dataspace from GM (0x00000000 -> 0x08010000)
2025-09-27 21:14:53.371 11608-11703 gralloc4                com.example.nutrisaur11              I  @set_metadata: update dataspace from GM (0x00000000 -> 0x08010000)
2025-09-27 21:14:53.388 11608-11703 gralloc4                com.example.nutrisaur11              I  @set_metadata: update dataspace from GM (0x00000000 -> 0x08010000)
2025-09-27 21:14:53.404 11608-11703 gralloc4                com.example.nutrisaur11              I  @set_metadata: update dataspace from GM (0x00000000 -> 0x08010000)
2025-09-27 21:14:53.422 11608-11703 gralloc4                com.example.nutrisaur11              I  @set_metadata: update dataspace from GM (0x00000000 -> 0x08010000)
2025-09-27 21:14:53.437 11608-11703 gralloc4                com.example.nutrisaur11              I  @set_metadata: update dataspace from GM (0x00000000 -> 0x08010000)
2025-09-27 21:14:53.454 11608-11703 gralloc4                com.example.nutrisaur11              I  @set_metadata: update dataspace from GM (0x00000000 -> 0x08010000)
2025-09-27 21:14:53.470 11608-11703 gralloc4                com.example.nutrisaur11              I  @set_metadata: update dataspace from GM (0x00000000 -> 0x08010000)
2025-09-27 21:14:53.487 11608-11703 gralloc4                com.example.nutrisaur11              I  @set_metadata: update dataspace from GM (0x00000000 -> 0x08010000)
2025-09-27 21:14:53.504 11608-11703 gralloc4                com.example.nutrisaur11              I  @set_metadata: update dataspace from GM (0x00000000 -> 0x08010000)
2025-09-27 21:14:53.520 11608-11703 gralloc4                com.example.nutrisaur11              I  @set_metadata: update dataspace from GM (0x00000000 -> 0x08010000)
2025-09-27 21:14:53.536 11608-11703 gralloc4                com.example.nutrisaur11              I  @set_metadata: update dataspace from GM (0x00000000 -> 0x08010000)
2025-09-27 21:14:53.553 11608-11703 gralloc4                com.example.nutrisaur11              I  @set_metadata: update dataspace from GM (0x00000000 -> 0x08010000)
2025-09-27 21:14:53.570 11608-11703 gralloc4                com.example.nutrisaur11              I  @set_metadata: update dataspace from GM (0x00000000 -> 0x08010000)
2025-09-27 21:14:53.587 11608-11703 gralloc4                com.example.nutrisaur11              I  @set_metadata: update dataspace from GM (0x00000000 -> 0x08010000)
2025-09-27 21:14:53.602 11608-11703 gralloc4                com.example.nutrisaur11              I  @set_metadata: update dataspace from GM (0x00000000 -> 0x08010000)
2025-09-27 21:14:53.615 11608-11703 gralloc4                com.example.nutrisaur11              I  @set_metadata: update dataspace from GM (0x00000000 -> 0x08010000)
2025-09-27 21:15:51.568 11608-11703 GED                     com.example.nutrisaur11              I  ged_boost_gpu_freq, level 100, eOrigin 2, final_idx 31, oppidx_max 31, oppidx_min 0
2025-09-27 21:15:51.590 11608-11608 BLASTBufferQueue        com.example.nutrisaur11              D  [VRI[AnalysisResultsActivity]#5](f:0,a:2) destructor()
2025-09-27 21:15:51.592 11608-11608 BufferQueueConsumer     com.example.nutrisaur11              D  [VRI[AnalysisResultsActivity]#5(BLAST Consumer)5](id:2d5800000007,api:0,p:-1,c:11608) disconnect
2025-09-27 21:15:51.595 11608-11703 GED                     com.example.nutrisaur11              I  ged_boost_gpu_freq, level 100, eOrigin 2, final_idx 31, oppidx_max 31, oppidx_min 0
