2025-10-11 09:04:17.529 24273-24273 SessionManager          com.example.nutrisaur11              D  === PERIODIC SESSION VALIDATION ===
2025-10-11 09:04:17.529 24273-24273 SessionManager          com.example.nutrisaur11              D  User is active, validating with database
2025-10-11 09:04:17.529 24273-24273 SessionManager          com.example.nutrisaur11              D  Checking user existence in database: kevinpingol123@gmail.com
2025-10-11 09:04:17.530 24273-24273 CommunityUserManager    com.example.nutrisaur11              D  === GETTING CURRENT USER DATA FROM DATABASE (ASYNC) ===
2025-10-11 09:04:17.530 24273-24273 CommunityUserManager    com.example.nutrisaur11              D  Retrieved cached user data for: kevinpingol123@gmail.com
2025-10-11 09:04:17.530 24273-24273 CommunityUserManager    com.example.nutrisaur11              D  Returning cached user data
2025-10-11 09:04:17.530 24273-24273 SessionManager          com.example.nutrisaur11              D  Database check completed in 0ms
2025-10-11 09:04:17.531 24273-24273 SessionManager          com.example.nutrisaur11              D  User exists and is valid: kevinpingol123@gmail.com
2025-10-11 09:04:17.536 24273-24273 SessionManager          com.example.nutrisaur11              D  Checking user existence in database: kevinpingol123@gmail.com
2025-10-11 09:04:17.536 24273-24273 CommunityUserManager    com.example.nutrisaur11              D  === GETTING CURRENT USER DATA FROM DATABASE (ASYNC) ===
2025-10-11 09:04:17.537 24273-24273 CommunityUserManager    com.example.nutrisaur11              D  Retrieved cached user data for: kevinpingol123@gmail.com
2025-10-11 09:04:17.537 24273-24273 CommunityUserManager    com.example.nutrisaur11              D  Returning cached user data
2025-10-11 09:04:17.537 24273-24273 SessionManager          com.example.nutrisaur11              D  Database check completed in 1ms
2025-10-11 09:04:17.537 24273-24273 SessionManager          com.example.nutrisaur11              D  User exists and is valid: kevinpingol123@gmail.com
2025-10-11 09:04:17.543 24273-24273 SessionManager          com.example.nutrisaur11              D  User interaction recorded at: 1760144657543
2025-10-11 09:04:17.599 24273-24273 SessionManager          com.example.nutrisaur11              D  User interaction recorded at: 1760144657599
2025-10-11 09:04:17.600 24273-24273 SessionManager          com.example.nutrisaur11              D  Using cached session validation result: true
2025-10-11 09:04:17.621 24273-24273 SessionManager          com.example.nutrisaur11              D  User interaction recorded at: 1760144657621
2025-10-11 09:04:17.622 24273-24273 SessionManager          com.example.nutrisaur11              D  User marked as idle
2025-10-11 09:04:17.646 24273-24273 SessionManager          com.example.nutrisaur11              D  User interaction recorded at: 1760144657646
2025-10-11 09:04:17.646 24273-24273 SessionManager          com.example.nutrisaur11              D  === REAL-TIME SESSION VALIDATION ===
2025-10-11 09:04:17.646 24273-24273 SessionManager          com.example.nutrisaur11              D  Using cached valid session
2025-10-11 09:04:17.647 24273-24273 IS_CTS_MODE             com.example.nutrisaur11              D  false
2025-10-11 09:04:17.647 24273-24273 MULTI_WIND...CH_ENABLED com.example.nutrisaur11              D  false
2025-10-11 09:04:17.648 24273-24273 DecorView[]             com.example.nutrisaur11              D  getWindowModeFromSystem  windowmode is 1
2025-10-11 09:04:17.734  3026-3369  ActivityManagerWrapper  com.miui.home                        E  getRecentTasks: taskId=10900   userId=0   baseIntent=Intent { act=android.intent.action.MAIN cat=[android.intent.category.LAUNCHER] flg=0x10000000 cmp=com.example.nutrisaur11/.SplashActivity }
2025-10-11 09:04:17.813 24273-24273 FoodActivity            com.example.nutrisaur11              D  FoodActivity onCreate started
2025-10-11 09:04:17.814 24273-24273 DailyResetManager       com.example.nutrisaur11              D  Same day, no reset needed. Current: 2025-10-11
2025-10-11 09:04:17.816 24273-24273 FoodActivity            com.example.nutrisaur11              D  Date navigation initialized with date: 2025-10-11
2025-10-11 09:04:17.818 24273-24273 FoodActivity            com.example.nutrisaur11              D  Date display updated to: 2025-10-11
2025-10-11 09:04:17.818 24273-24273 FoodActivity            com.example.nutrisaur11              D  Nutrition views initialized
2025-10-11 09:04:17.818 24273-24273 FoodActivity            com.example.nutrisaur11              D  Views initialized
2025-10-11 09:04:17.819 24273-24273 FoodActivity            com.example.nutrisaur11              D  Data update receiver registered
2025-10-11 09:04:17.820 24273-24273 FoodActivity            com.example.nutrisaur11              D  Fetching user screening data from community_users table...
2025-10-11 09:04:17.821 24273-24409 CommunityUserManager    com.example.nutrisaur11              D  === GETTING CURRENT USER DATA FROM DATABASE (NON-BLOCKING) ===
2025-10-11 09:04:17.821 24273-24409 CommunityUserManager    com.example.nutrisaur11              D  Retrieved cached user data for: kevinpingol123@gmail.com
2025-10-11 09:04:17.821 24273-24409 CommunityUserManager    com.example.nutrisaur11              D  Returning cached user data to prevent ANR
2025-10-11 09:04:17.821 24273-24409 FoodActivity            com.example.nutrisaur11              D  User screening data fetched from community_users table
2025-10-11 09:04:17.824 24273-24273 SessionManager          com.example.nutrisaur11              D  User interaction recorded at: 1760144657824
2025-10-11 09:04:17.824 24273-24273 SessionManager          com.example.nutrisaur11              D  === REAL-TIME SESSION VALIDATION ===
2025-10-11 09:04:17.824 24273-24273 SessionManager          com.example.nutrisaur11              D  Using cached valid session
2025-10-11 09:04:17.824 24273-24273 CommunityUserManager    com.example.nutrisaur11              D  === CHECKING ARCHIVE STATUS ===
2025-10-11 09:04:17.824 24273-24273 CommunityUserManager    com.example.nutrisaur11              D  === FORCE REFRESHING USER DATA FROM DATABASE ===
2025-10-11 09:04:17.824 24273-24273 CommunityUserManager    com.example.nutrisaur11              D  Force refreshing data for: kevinpingol123@gmail.com
2025-10-11 09:04:17.824 24273-24273 CommunityUserManager    com.example.nutrisaur11              D  === CHECKING USER EXISTENCE ===
2025-10-11 09:04:17.825 24273-24273 CommunityUserManager    com.example.nutrisaur11              D  === FORCE REFRESHING USER DATA FROM DATABASE ===
2025-10-11 09:04:17.825 24273-24273 CommunityUserManager    com.example.nutrisaur11              D  Force refreshing data for: kevinpingol123@gmail.com
2025-10-11 09:04:17.825 24273-24273 CommunityUserManager    com.example.nutrisaur11              D  === CHECKING ARCHIVE STATUS ===
2025-10-11 09:04:17.825 24273-24273 CommunityUserManager    com.example.nutrisaur11              D  === FORCE REFRESHING USER DATA FROM DATABASE ===
2025-10-11 09:04:17.825 24273-24273 CommunityUserManager    com.example.nutrisaur11              D  Force refreshing data for: kevinpingol123@gmail.com
2025-10-11 09:04:17.826 24273-24273 FoodActivity            com.example.nutrisaur11              D  FoodActivity onResume - refreshing meal progress
2025-10-11 09:04:17.826 24273-24273 FoodActivity            com.example.nutrisaur11              D  About to call syncFoodHistoryFromDatabase()
2025-10-11 09:04:17.826 24273-24411 CommunityUserManager    com.example.nutrisaur11              D  Making API request to: https://nutrisaur-production.up.railway.app/api/DatabaseAPI.php?action=get_community_user_data
2025-10-11 09:04:17.826 24273-24273 FoodActivity            com.example.nutrisaur11              D  === SYNCING FOOD HISTORY FROM DATABASE ===
2025-10-11 09:04:17.826 24273-24273 FoodActivity            com.example.nutrisaur11              D  Sync Debug - User email: 'kevinpingol123@gmail.com'
2025-10-11 09:04:17.826 24273-24273 FoodActivity            com.example.nutrisaur11              D  Sync Debug - Current date: '2025-10-11'
2025-10-11 09:04:17.826 24273-24411 CommunityUserManager    com.example.nutrisaur11              D  Request data: {"email":"kevinpingol123@gmail.com"}
2025-10-11 09:04:17.826 24273-24273 FoodActivity            com.example.nutrisaur11              D  Sync Debug - About to create ApiClient and call downloadFoodHistory
2025-10-11 09:04:17.826 24273-24273 FoodActivity            com.example.nutrisaur11              D  Syncing food history for user: kevinpingol123@gmail.com on date: 2025-10-11
2025-10-11 09:04:17.826 24273-24412 CommunityUserManager    com.example.nutrisaur11              D  Making API request to: https://nutrisaur-production.up.railway.app/api/DatabaseAPI.php?action=get_community_user_data
2025-10-11 09:04:17.826 24273-24412 CommunityUserManager    com.example.nutrisaur11              D  Request data: {"email":"kevinpingol123@gmail.com"}
2025-10-11 09:04:17.827 24273-24273 ApiClient               com.example.nutrisaur11              D  === DOWNLOAD FOOD HISTORY CALLED ===
2025-10-11 09:04:17.827 24273-24273 ApiClient               com.example.nutrisaur11              D  User: kevinpingol123@gmail.com, Start: 2025-10-11, End: 2025-10-11
2025-10-11 09:04:17.829 24273-24410 CommunityUserManager    com.example.nutrisaur11              D  Making API request to: https://nutrisaur-production.up.railway.app/api/DatabaseAPI.php?action=get_community_user_data
2025-10-11 09:04:17.829 24273-24410 CommunityUserManager    com.example.nutrisaur11              D  Request data: {"email":"kevinpingol123@gmail.com"}
2025-10-11 09:04:17.834 24273-24413 ApiClient               com.example.nutrisaur11              D  Download URL: https://nutrisaur-production.up.railway.app/api/food_history_api.php?action=get_user_history&user_email=kevinpingol123@gmail.com&start_date=2025-10-11&end_date=2025-10-11
2025-10-11 09:04:17.835 24273-24273 FoodHistorySyncManager  com.example.nutrisaur11              D  Syncing flag metadata for user: kevinpingol123@gmail.com
2025-10-11 09:04:17.836 24273-24273 FoodActivity            com.example.nutrisaur11              D  Finished calling syncFoodHistoryFromDatabase()
2025-10-11 09:04:17.836 24273-24273 FoodActivity            com.example.nutrisaur11              D  Refreshing meal progress on resume
2025-10-11 09:04:17.836 24273-24273 FoodActivity            com.example.nutrisaur11              D  Syncing CalorieTracker with AddedFoodManager for date: 2025-10-11
2025-10-11 09:04:17.847 24273-24273 CalorieTracker          com.example.nutrisaur11              D  Syncing with 9 added foods for date: 2025-10-11
2025-10-11 09:04:17.847 24273-24273 CalorieTracker          com.example.nutrisaur11              D    Daily foods: 9
2025-10-11 09:04:17.848 24273-24273 CalorieTracker          com.example.nutrisaur11              D  Available database fields: [birthday, is_pregnant, muac_category, notes, weight_kg, nutritional_risk, height_cm, sex, municipality, muac_cm, screening_date, bmi_category, name, barangay, email, age, bmi, status]
2025-10-11 09:04:17.848 24273-24273 CalorieTracker          com.example.nutrisaur11              D  Calculated age from birthday '2005-10-10': 20
2025-10-11 09:04:17.848 24273-24273 CalorieTracker          com.example.nutrisaur11              D  Weight field lookup - weight_kg: '50', weight: 'null', final: '50'
2025-10-11 09:04:17.848 24273-24273 CalorieTracker          com.example.nutrisaur11              D  Set weight from database: 50
2025-10-11 09:04:17.848 24273-24273 CalorieTracker          com.example.nutrisaur11              D  Height field lookup - height_cm: '171', height: 'null', final: '171'
2025-10-11 09:04:17.848 24273-24273 CalorieTracker          com.example.nutrisaur11              D  Set height from database: 171
2025-10-11 09:04:17.848 24273-24273 CalorieTracker          com.example.nutrisaur11              D  Created user profile from database data: Pingol , Kevin C. (Age: 20, Weight: 50.0, Height: 171.0, Gender: Male, Activity: Moderate)
2025-10-11 09:04:17.848 24273-24273 CalorieTracker          com.example.nutrisaur11              D  Using user profile from database data
2025-10-11 09:04:17.849 24273-24273 KcalSuggestionCache     com.example.nutrisaur11              D  User profile changed, cache invalid
2025-10-11 09:04:17.849 24273-24273 CalorieTracker          com.example.nutrisaur11              D  No valid AI cache found, using fallback calculation...
2025-10-11 09:04:17.849 24273-24273 CalorieCal...ionService com.example.nutrisaur11              D  Calculated BMR: 1473.75 for Pingol , Kevin C.
2025-10-11 09:04:17.849 24273-24273 CalorieCal...ionService com.example.nutrisaur11              D  Calculated TDEE: 2284.3125 (BMR: 1473.75 × Activity: 1.55)
2025-10-11 09:04:17.849 24273-24273 CalorieCal...ionService com.example.nutrisaur11              D  Calculated daily calorie target: 2784 (TDEE: 2284.3125 + Adjustment: 500.0)
2025-10-11 09:04:17.849 24273-24273 CalorieTracker          com.example.nutrisaur11              D  Using fallback calculation (AI will update cache): 2784
2025-10-11 09:04:17.850 24273-24273 CalorieTracker          com.example.nutrisaur11              D  Using AI-calculated daily calorie target: 2784
2025-10-11 09:04:17.850 24273-24273 CalorieCal...ionService com.example.nutrisaur11              D  Calculated meal distribution: Breakfast=696, Lunch=974, Dinner=835, Snacks=278
2025-10-11 09:04:17.850 24273-24273 CalorieTracker          com.example.nutrisaur11              D  Calculated meal distribution: Breakfast=696, Lunch=974, Dinner=835, Snacks=278
2025-10-11 09:04:17.850 24273-24273 CalorieTracker          com.example.nutrisaur11              D  Calculated meal distribution: {Breakfast=696, Dinner=835, Snacks=278, Lunch=974}
2025-10-11 09:04:17.850 24273-24273 CalorieTracker          com.example.nutrisaur11              D  Created Breakfast meal with 696 max calories
2025-10-11 09:04:17.850 24273-24273 CalorieTracker          com.example.nutrisaur11              D  Added Arroz Caldo (450 cal) to Breakfast for date 2025-10-11
2025-10-11 09:04:17.850 24273-24273 CalorieTracker          com.example.nutrisaur11              D  Added Longsilog (550 cal) to Breakfast for date 2025-10-11
2025-10-11 09:04:17.850 24273-24273 CalorieTracker          com.example.nutrisaur11              D  Added Tapsilog (600 cal) to Breakfast for date 2025-10-11
2025-10-11 09:04:17.850 24273-24273 CalorieTracker          com.example.nutrisaur11              D  Created Dinner meal with 835 max calories
2025-10-11 09:04:17.850 24273-24273 CalorieTracker          com.example.nutrisaur11              D  Added Kare-Kare (550 cal) to Dinner for date 2025-10-11
2025-10-11 09:04:17.850 24273-24273 CalorieTracker          com.example.nutrisaur11              D  Added Sinigang (400 cal) to Dinner for date 2025-10-11
2025-10-11 09:04:17.850 24273-24273 CalorieTracker          com.example.nutrisaur11              D  Added Adobo (480 cal) to Dinner for date 2025-10-11
2025-10-11 09:04:17.850 24273-24273 CalorieTracker          com.example.nutrisaur11              D  Created Lunch meal with 974 max calories
2025-10-11 09:04:17.850 24273-24273 CalorieTracker          com.example.nutrisaur11              D  Added Chicken Adobo (400 cal) to Lunch for date 2025-10-11
2025-10-11 09:04:17.850 24273-24273 CalorieTracker          com.example.nutrisaur11              D  Added Kare-Kare (550 cal) to Lunch for date 2025-10-11
2025-10-11 09:04:17.850 24273-24273 CalorieTracker          com.example.nutrisaur11              D  Added Sinigang na Baboy (450 cal) to Lunch for date 2025-10-11
2025-10-11 09:04:17.853 24273-24427 NutritionService        com.example.nutrisaur11              D  Starting nutrition recommendations...
2025-10-11 09:04:17.853 24273-24427 NutritionService        com.example.nutrisaur11              D  Getting user profile from SharedPreferences...
2025-10-11 09:04:17.854 24273-24427 NutritionService        com.example.nutrisaur11              D  User data: name=, age=25, weight=70.0, height=170.0
2025-10-11 09:04:17.854 24273-24427 NutritionService        com.example.nutrisaur11              D  User profile loaded: , BMI: 24.221453287197235
2025-10-11 09:04:17.855 24273-24427 KcalSuggestionCache     com.example.nutrisaur11              D  Cached kcal suggestion is valid
2025-10-11 09:04:17.855 24273-24427 NutritionService        com.example.nutrisaur11              D  Using cached kcal suggestion - user profile unchanged
2025-10-11 09:04:17.856 24273-24427 KcalSuggestionCache     com.example.nutrisaur11              D  Successfully loaded cached kcal suggestion
2025-10-11 09:04:17.856 24273-24427 CalorieTracker          com.example.nutrisaur11              D  Background AI calculation completed: 2545
2025-10-11 09:04:17.861 24273-24273 CalorieTracker          com.example.nutrisaur11              D  Synced CalorieTracker with AddedFoodManager for date 2025-10-11. Total meals: 3
2025-10-11 09:04:17.861 24273-24273 CalorieTracker          com.example.nutrisaur11              D  Meal Breakfast: 1600/696 kcal
2025-10-11 09:04:17.861 24273-24273 CalorieTracker          com.example.nutrisaur11              D  Meal Dinner: 1430/835 kcal
2025-10-11 09:04:17.861 24273-24273 CalorieTracker          com.example.nutrisaur11              D  Meal Lunch: 1400/974 kcal
2025-10-11 09:04:17.870 24273-24273 FoodActivity            com.example.nutrisaur11              D  Loading nutrition data for selected date: 2025-10-11
2025-10-11 09:04:17.952 24273-24413 ApiClient               com.example.nutrisaur11              D  Download food history response: {"success":true,"data":[{"id":52,"user_email":"kevinpingol123@gmail.com","date":"2025-10-11","meal_category":"Breakfast","food_name":"Arroz Caldo","calories":450,"serving_size":"Generous bowl","protein":"20.00","carbs":"60.00","fat":"15.00","fiber":"0.00","created_at":"2025-10-11 00:44:44","is_flagged":0,"is_day_flagged":0,"mho_comment":null,"flagged_by":null,"flagged_at":null},{"id":55,"user_email":"kevinpingol123@gmail.com","date":"2025-10-11","meal_category":"Breakfast","food_name":"Arroz Caldo","calories":450,"serving_size":"Generous bowl","protein":"20.00","carbs":"60.00","fat":"15.00","fiber":"0.00","created_at":"2025-10-11 00:44:47","is_flagged":0,"is_day_flagged":0,"mho_comment":null,"flagged_by":null,"flagged_at":null},{"id":58,"user_email":"kevinpingol123@gmail.com","date":"2025-10-11","meal_category":"Breakfast","food_name":"Arroz Caldo","calories":450,"serving_size":"Generous bowl","protein":"20.00","carbs":"60.00","fat":"15.00","fiber":"0.00","created_at":"2025-10-11 00:44:53","is_flagged":0,"is_day_flagged":0,"mho_comment":null,"flagged_by":null,"flagged_at":null},{"id":59,"user_email":"kevinpingol123@gmail.com","date":"2025-10-11","meal_category":"Breakfast","food_name":"Arroz Caldo","calories":450,"serving_size":"Generous bowl","protein":"20.00","carbs":"60.00","fat":"15.00","fiber":"0.00","created_at":"2025-10-11 00:44:53","is_flagged":0,"is_day_flagged":0,"mho_comment":null,"flagged_by":null,"flagged_at":null},{"id":64,"user_email":"kevinpingol123@gmail.com","date":"2025-10-11","meal_category":"Breakfast","food_name":"Arroz Caldo","calories":450,"serving_size":"Generous bowl","protein":"20.00","carbs":"60.00","fat":"15.00","fiber":"0.00","created_at":"2025-10-11 00:44:57","is_flagged":0,"is_day_flagged":0,"mho_comment":null,"flagged_by":null,"flagged_at":null},{"id":65,"user_email":"kevinpingol123@gmail.com","date":"2025-10-11","meal_category":"Breakfast","food_name":"Arroz Caldo","calories":450,"serving_size":"Generous bowl","protein":"20.00","carbs":"60.00","fat":"15.00","fiber":"0.00","created_at":"2025-10-11 00:44:57","is_flagged":0,"is_day_flagged":0,"mho_comment":null,"flagged_by":null,"flagged_at":null},{"id":66,"user_email":"kevinpingol123@gmail.com","date":"2025-10-11","meal_category":"Breakfast","food_name":"Arroz Caldo","calories":450,"serving_size":"Generous bowl","protein":"20.00","carbs":"60.00","fat":"15.00","fiber":"0.00","created_at":"2025-10-11 00:44:57","is_flagged":0,"is_day_flagged":0,"mho_comment":null,"flagged_by":null,"flagged_at":null},{"id":67,"user_email":"kevinpingol123@gmail.com","date":"2025-10-11","meal_category":"Breakfast","food_name":"Arroz Caldo","calories":450,"serving_size":"Generous bowl","protein":"20.00","carbs":"60.00","fat":"15.00","fiber":"0.00","created_at":"2025-10-11 00:44:57","is_flagged":0,"is_day_flagged":0,"mho_comment":null,"flagged_by":null,"flagged_at":null},{"id":76,"user_email":"kevinpingol123@gmail.com","date":"2025-10-11","meal_category":"Breakfast","food_name":"Arroz Caldo","calories":450,"serving_size":"Generous bowl","protein":"20.00","carbs":"60.00","fat":"15.00","fiber":"0.00","created_at":"2025-10-11 00:45:12","is_flagged":0,"is_day_flagged":0,"mho_comment":null,"flagged_by":null,"flagged_at":null},{"id":77,"user_email":"kevinpingol123@gmail.com","date":"2025-10-11","meal_category":"Breakfast","food_name":"Arroz Caldo","calories":450,"serving_size":"Generous bowl","protein":"20.00","carbs":"60.00","fat":"15.00","fiber":"0.00","created_at":"2025-10-11 00:45:12","is_flagged":0,"is_day_flagged":0,"mho_comment":null,"flagged_by":null,"flagged_at":null},{"id":78,"user_email":"kevinpingol123@gmail.com","date":"2025-10-11","meal_category":"Breakfast","food_name":"Arroz Caldo","calories":450,"serving_size":"Generous bowl","protein":"20.00","carbs":"60.00","fat":"15.00","fiber":"0.00","created_at":"2025-10-11 00:45:12","is_flagged":0,"is_day_flagged":0,"mho_comment":null,"flagged_by":null,"flagged_at":null},{"id":79,"user_email":"kevinpingol123@gmail.com","date":"2025-10-11","mea
2025-10-11 09:04:18.001 24273-24273 DecorView[]             com.example.nutrisaur11              D  onWindowFocusChanged hasWindowFocus false
2025-10-11 09:04:18.005 24273-24273 FoodHistorySyncManager  com.example.nutrisaur11              D  Flag metadata synced successfully
2025-10-11 09:04:18.008 24273-24273 FoodActivity            com.example.nutrisaur11              D  Download successful, parsing response...
2025-10-11 09:04:18.008 24273-24273 FoodActivity            com.example.nutrisaur11              D  === PARSING FOOD HISTORY ===
2025-10-11 09:04:18.008 24273-24273 FoodActivity            com.example.nutrisaur11              D  JSON Response: {"success":true,"data":[{"id":52,"user_email":"kevinpingol123@gmail.com","date":"2025-10-11","meal_category":"Breakfast","food_name":"Arroz Caldo","calories":450,"serving_size":"Generous bowl","protein":"20.00","carbs":"60.00","fat":"15.00","fiber":"0.00","created_at":"2025-10-11 00:44:44","is_flagged":0,"is_day_flagged":0,"mho_comment":null,"flagged_by":null,"flagged_at":null},{"id":55,"user_email":"kevinpingol123@gmail.com","date":"2025-10-11","meal_category":"Breakfast","food_name":"Arroz Caldo","calories":450,"serving_size":"Generous bowl","protein":"20.00","carbs":"60.00","fat":"15.00","fiber":"0.00","created_at":"2025-10-11 00:44:47","is_flagged":0,"is_day_flagged":0,"mho_comment":null,"flagged_by":null,"flagged_at":null},{"id":58,"user_email":"kevinpingol123@gmail.com","date":"2025-10-11","meal_category":"Breakfast","food_name":"Arroz Caldo","calories":450,"serving_size":"Generous bowl","protein":"20.00","carbs":"60.00","fat":"15.00","fiber":"0.00","created_at":"2025-10-11 00:44:53","is_flagged":0,"is_day_flagged":0,"mho_comment":null,"flagged_by":null,"flagged_at":null},{"id":59,"user_email":"kevinpingol123@gmail.com","date":"2025-10-11","meal_category":"Breakfast","food_name":"Arroz Caldo","calories":450,"serving_size":"Generous bowl","protein":"20.00","carbs":"60.00","fat":"15.00","fiber":"0.00","created_at":"2025-10-11 00:44:53","is_flagged":0,"is_day_flagged":0,"mho_comment":null,"flagged_by":null,"flagged_at":null},{"id":64,"user_email":"kevinpingol123@gmail.com","date":"2025-10-11","meal_category":"Breakfast","food_name":"Arroz Caldo","calories":450,"serving_size":"Generous bowl","protein":"20.00","carbs":"60.00","fat":"15.00","fiber":"0.00","created_at":"2025-10-11 00:44:57","is_flagged":0,"is_day_flagged":0,"mho_comment":null,"flagged_by":null,"flagged_at":null},{"id":65,"user_email":"kevinpingol123@gmail.com","date":"2025-10-11","meal_category":"Breakfast","food_name":"Arroz Caldo","calories":450,"serving_size":"Generous bowl","protein":"20.00","carbs":"60.00","fat":"15.00","fiber":"0.00","created_at":"2025-10-11 00:44:57","is_flagged":0,"is_day_flagged":0,"mho_comment":null,"flagged_by":null,"flagged_at":null},{"id":66,"user_email":"kevinpingol123@gmail.com","date":"2025-10-11","meal_category":"Breakfast","food_name":"Arroz Caldo","calories":450,"serving_size":"Generous bowl","protein":"20.00","carbs":"60.00","fat":"15.00","fiber":"0.00","created_at":"2025-10-11 00:44:57","is_flagged":0,"is_day_flagged":0,"mho_comment":null,"flagged_by":null,"flagged_at":null},{"id":67,"user_email":"kevinpingol123@gmail.com","date":"2025-10-11","meal_category":"Breakfast","food_name":"Arroz Caldo","calories":450,"serving_size":"Generous bowl","protein":"20.00","carbs":"60.00","fat":"15.00","fiber":"0.00","created_at":"2025-10-11 00:44:57","is_flagged":0,"is_day_flagged":0,"mho_comment":null,"flagged_by":null,"flagged_at":null},{"id":76,"user_email":"kevinpingol123@gmail.com","date":"2025-10-11","meal_category":"Breakfast","food_name":"Arroz Caldo","calories":450,"serving_size":"Generous bowl","protein":"20.00","carbs":"60.00","fat":"15.00","fiber":"0.00","created_at":"2025-10-11 00:45:12","is_flagged":0,"is_day_flagged":0,"mho_comment":null,"flagged_by":null,"flagged_at":null},{"id":77,"user_email":"kevinpingol123@gmail.com","date":"2025-10-11","meal_category":"Breakfast","food_name":"Arroz Caldo","calories":450,"serving_size":"Generous bowl","protein":"20.00","carbs":"60.00","fat":"15.00","fiber":"0.00","created_at":"2025-10-11 00:45:12","is_flagged":0,"is_day_flagged":0,"mho_comment":null,"flagged_by":null,"flagged_at":null},{"id":78,"user_email":"kevinpingol123@gmail.com","date":"2025-10-11","meal_category":"Breakfast","food_name":"Arroz Caldo","calories":450,"serving_size":"Generous bowl","protein":"20.00","carbs":"60.00","fat":"15.00","fiber":"0.00","created_at":"2025-10-11 00:45:12","is_flagged":0,"is_day_flagged":0,"mho_comment":null,"flagged_by":null,"flagged_at":null},{"id":79,"user_email":"kevinpingol123@gmail.com","date":"2025-10-11","meal_category":"B
2025-10-11 09:04:18.012 24273-24273 FoodActivity            com.example.nutrisaur11              D  Parsing 105 food items from server
2025-10-11 09:04:18.014 24273-24273 FoodActivity            com.example.nutrisaur11              D  === STORING FOOD DATA IN LOCAL STORAGE ===
2025-10-11 09:04:18.015 24273-24273 FoodActivity            com.example.nutrisaur11              D  Storing 1 dates of food data for user: kevinpingol123@gmail.com
2025-10-11 09:04:18.015 24273-24273 FoodActivity            com.example.nutrisaur11              D  Date 2025-10-11 has 3 meal categories
2025-10-11 09:04:18.015 24273-24273 FoodActivity            com.example.nutrisaur11              D    Breakfast: 99 foods
2025-10-11 09:04:18.022 24273-24273 FoodActivity            com.example.nutrisaur11              D  ⏭️ Skipping: Arroz Caldo already exists in Breakfast for 2025-10-11
2025-10-11 09:04:18.028 24273-24273 FoodActivity            com.example.nutrisaur11              D  ⏭️ Skipping: Arroz Caldo already exists in Breakfast for 2025-10-11
2025-10-11 09:04:18.033 24273-24273 FoodActivity            com.example.nutrisaur11              D  ⏭️ Skipping: Arroz Caldo already exists in Breakfast for 2025-10-11
2025-10-11 09:04:18.037 24273-24273 FoodActivity            com.example.nutrisaur11              D  ⏭️ Skipping: Arroz Caldo already exists in Breakfast for 2025-10-11
2025-10-11 09:04:18.042 24273-24273 FoodActivity            com.example.nutrisaur11              D  ⏭️ Skipping: Arroz Caldo already exists in Breakfast for 2025-10-11
2025-10-11 09:04:18.047 24273-24273 FoodActivity            com.example.nutrisaur11              D  ⏭️ Skipping: Arroz Caldo already exists in Breakfast for 2025-10-11
2025-10-11 09:04:18.051 24273-24273 FoodActivity            com.example.nutrisaur11              D  ⏭️ Skipping: Arroz Caldo already exists in Breakfast for 2025-10-11
2025-10-11 09:04:18.056 24273-24273 FoodActivity            com.example.nutrisaur11              D  ⏭️ Skipping: Arroz Caldo already exists in Breakfast for 2025-10-11
2025-10-11 09:04:18.060 24273-24273 FoodActivity            com.example.nutrisaur11              D  ⏭️ Skipping: Arroz Caldo already exists in Breakfast for 2025-10-11
2025-10-11 09:04:18.065 24273-24273 FoodActivity            com.example.nutrisaur11              D  ⏭️ Skipping: Arroz Caldo already exists in Breakfast for 2025-10-11
2025-10-11 09:04:18.069 24273-24273 FoodActivity            com.example.nutrisaur11              D  ⏭️ Skipping: Arroz Caldo already exists in Breakfast for 2025-10-11
2025-10-11 09:04:18.073 24273-24273 FoodActivity            com.example.nutrisaur11              D  ⏭️ Skipping: Arroz Caldo already exists in Breakfast for 2025-10-11
2025-10-11 09:04:18.078 24273-24273 FoodActivity            com.example.nutrisaur11              D  ⏭️ Skipping: Arroz Caldo already exists in Breakfast for 2025-10-11
2025-10-11 09:04:18.081 24273-24273 FoodActivity            com.example.nutrisaur11              D  ⏭️ Skipping: Arroz Caldo already exists in Breakfast for 2025-10-11
2025-10-11 09:04:18.083 24273-24273 FoodActivity            com.example.nutrisaur11              D  ⏭️ Skipping: Arroz Caldo already exists in Breakfast for 2025-10-11
2025-10-11 09:04:18.087 24273-24273 FoodActivity            com.example.nutrisaur11              D  ⏭️ Skipping: Arroz Caldo already exists in Breakfast for 2025-10-11
2025-10-11 09:04:18.089 24273-24273 FoodActivity            com.example.nutrisaur11              D  ⏭️ Skipping: Arroz Caldo already exists in Breakfast for 2025-10-11
2025-10-11 09:04:18.093 24273-24273 FoodActivity            com.example.nutrisaur11              D  ⏭️ Skipping: Arroz Caldo already exists in Breakfast for 2025-10-11
2025-10-11 09:04:18.096 24273-24273 FoodActivity            com.example.nutrisaur11              D  ⏭️ Skipping: Arroz Caldo already exists in Breakfast for 2025-10-11
2025-10-11 09:04:18.099 24273-24273 FoodActivity            com.example.nutrisaur11              D  ⏭️ Skipping: Arroz Caldo already exists in Breakfast for 2025-10-11
2025-10-11 09:04:18.103 24273-24273 FoodActivity            com.example.nutrisaur11              D  ⏭️ Skipping: Arroz Caldo already exists in Breakfast for 2025-10-11
2025-10-11 09:04:18.106 24273-24273 FoodActivity            com.example.nutrisaur11              D  ⏭️ Skipping: Arroz Caldo already exists in Breakfast for 2025-10-11
2025-10-11 09:04:18.109 24273-24273 FoodActivity            com.example.nutrisaur11              D  ⏭️ Skipping: Arroz Caldo already exists in Breakfast for 2025-10-11
2025-10-11 09:04:18.112 24273-24273 FoodActivity            com.example.nutrisaur11              D  ⏭️ Skipping: Arroz Caldo already exists in Breakfast for 2025-10-11
2025-10-11 09:04:18.115 24273-24273 FoodActivity            com.example.nutrisaur11              D  ⏭️ Skipping: Arroz Caldo already exists in Breakfast for 2025-10-11
2025-10-11 09:04:18.118 24273-24273 FoodActivity            com.example.nutrisaur11              D  ⏭️ Skipping: Arroz Caldo already exists in Breakfast for 2025-10-11
2025-10-11 09:04:18.120 24273-24411 CommunityUserManager    com.example.nutrisaur11              D  API response code: 200
2025-10-11 09:04:18.120 24273-24411 CommunityUserManager    com.example.nutrisaur11              D  API response message: 
2025-10-11 09:04:18.121 24273-24273 FoodActivity            com.example.nutrisaur11              D  ⏭️ Skipping: Arroz Caldo already exists in Breakfast for 2025-10-11
2025-10-11 09:04:18.122 24273-24411 CommunityUserManager    com.example.nutrisaur11              D  API response for get_community_user_data: {"success":true,"message":"User data retrieved successfully","user":{"name":"Pingol , Kevin C.","email":"kevinpingol123@gmail.com","municipality":"DINALUPIHAN","barangay":"Burgos","sex":"Male","birthday":"2005-10-10","is_pregnant":"N\/A","weight":"50","height":"171","screening_date":"2025-10-10 06:47:30","fcm_token":"dDgJr74pRHukYxdkYiGyAE:APA91bGRwC6pXjPQVyYGtkcZ6eafSGk0tUnWsyaKl1pZXOygSPN5hrxQ57-QoEbT0Q4AnrxZle82T4gCM6sx46ruDB-KiAtQGKfYr3uHOkNiwosJ5lmui9A","is_flagged":0,"bmi-for-age":"","weight-for-height":"","weight-for-age":"","weight-for-length":"","height-for-age":""}}
2025-10-11 09:04:18.122 24273-24411 CommunityUserManager    com.example.nutrisaur11              D  Cached user data for: kevinpingol123@gmail.com
2025-10-11 09:04:18.122 24273-24411 CommunityUserManager    com.example.nutrisaur11              D  Fresh user data retrieved successfully: {birthday=2005-10-10, is_pregnant=N/A, muac_category=, notes=, weight_kg=50, nutritional_risk=, height_cm=171, sex=Male, municipality=DINALUPIHAN, muac_cm=, screening_date=2025-10-10 06:47:30, bmi_category=, name=Pingol , Kevin C., barangay=Burgos, email=kevinpingol123@gmail.com, age=, bmi=, status=1}
2025-10-11 09:04:18.123 24273-24411 CommunityUserManager    com.example.nutrisaur11              D  User exists and has valid data
2025-10-11 09:04:18.124 24273-24273 FoodActivity            com.example.nutrisaur11              D  ⏭️ Skipping: Arroz Caldo already exists in Breakfast for 2025-10-11
2025-10-11 09:04:18.127 24273-24273 FoodActivity            com.example.nutrisaur11              D  ⏭️ Skipping: Arroz Caldo already exists in Breakfast for 2025-10-11
2025-10-11 09:04:18.130 24273-24273 FoodActivity            com.example.nutrisaur11              D  ⏭️ Skipping: Arroz Caldo already exists in Breakfast for 2025-10-11
2025-10-11 09:04:18.133 24273-24273 FoodActivity            com.example.nutrisaur11              D  ⏭️ Skipping: Arroz Caldo already exists in Breakfast for 2025-10-11
2025-10-11 09:04:18.135 24273-24273 FoodActivity            com.example.nutrisaur11              D  ⏭️ Skipping: Arroz Caldo already exists in Breakfast for 2025-10-11
2025-10-11 09:04:18.138 24273-24273 FoodActivity            com.example.nutrisaur11              D  ⏭️ Skipping: Arroz Caldo already exists in Breakfast for 2025-10-11
2025-10-11 09:04:18.141 24273-24273 FoodActivity            com.example.nutrisaur11              D  ⏭️ Skipping: Longsilog already exists in Breakfast for 2025-10-11
2025-10-11 09:04:18.144 24273-24273 FoodActivity            com.example.nutrisaur11              D  ⏭️ Skipping: Longsilog already exists in Breakfast for 2025-10-11
2025-10-11 09:04:18.146 24273-24273 FoodActivity            com.example.nutrisaur11              D  ⏭️ Skipping: Longsilog already exists in Breakfast for 2025-10-11
2025-10-11 09:04:18.149 24273-24273 FoodActivity            com.example.nutrisaur11              D  ⏭️ Skipping: Longsilog already exists in Breakfast for 2025-10-11
2025-10-11 09:04:18.151 24273-24273 FoodActivity            com.example.nutrisaur11              D  ⏭️ Skipping: Longsilog already exists in Breakfast for 2025-10-11
2025-10-11 09:04:18.154 24273-24273 FoodActivity            com.example.nutrisaur11              D  ⏭️ Skipping: Longsilog already exists in Breakfast for 2025-10-11
2025-10-11 09:04:18.157 24273-24273 FoodActivity            com.example.nutrisaur11              D  ⏭️ Skipping: Longsilog already exists in Breakfast for 2025-10-11
2025-10-11 09:04:18.159 24273-24273 FoodActivity            com.example.nutrisaur11              D  ⏭️ Skipping: Longsilog already exists in Breakfast for 2025-10-11
2025-10-11 09:04:18.162 24273-24273 FoodActivity            com.example.nutrisaur11              D  ⏭️ Skipping: Longsilog already exists in Breakfast for 2025-10-11
2025-10-11 09:04:18.164 24273-24273 FoodActivity            com.example.nutrisaur11              D  ⏭️ Skipping: Longsilog already exists in Breakfast for 2025-10-11
2025-10-11 09:04:18.167 24273-24273 FoodActivity            com.example.nutrisaur11              D  ⏭️ Skipping: Longsilog already exists in Breakfast for 2025-10-11
2025-10-11 09:04:18.169 24273-24273 FoodActivity            com.example.nutrisaur11              D  ⏭️ Skipping: Longsilog already exists in Breakfast for 2025-10-11
2025-10-11 09:04:18.172 24273-24273 FoodActivity            com.example.nutrisaur11              D  ⏭️ Skipping: Longsilog already exists in Breakfast for 2025-10-11
2025-10-11 09:04:18.174 24273-24273 FoodActivity            com.example.nutrisaur11              D  ⏭️ Skipping: Longsilog already exists in Breakfast for 2025-10-11
2025-10-11 09:04:18.177 24273-24273 FoodActivity            com.example.nutrisaur11              D  ⏭️ Skipping: Longsilog already exists in Breakfast for 2025-10-11
2025-10-11 09:04:18.179 24273-24273 FoodActivity            com.example.nutrisaur11              D  ⏭️ Skipping: Longsilog already exists in Breakfast for 2025-10-11
2025-10-11 09:04:18.181 24273-24273 FoodActivity            com.example.nutrisaur11              D  ⏭️ Skipping: Longsilog already exists in Breakfast for 2025-10-11
2025-10-11 09:04:18.184 24273-24273 FoodActivity            com.example.nutrisaur11              D  ⏭️ Skipping: Longsilog already exists in Breakfast for 2025-10-11
2025-10-11 09:04:18.186 24273-24273 FoodActivity            com.example.nutrisaur11              D  ⏭️ Skipping: Longsilog already exists in Breakfast for 2025-10-11
2025-10-11 09:04:18.189 24273-24273 FoodActivity            com.example.nutrisaur11              D  ⏭️ Skipping: Longsilog already exists in Breakfast for 2025-10-11
2025-10-11 09:04:18.191 24273-24273 FoodActivity            com.example.nutrisaur11              D  ⏭️ Skipping: Longsilog already exists in Breakfast for 2025-10-11
2025-10-11 09:04:18.194 24273-24273 FoodActivity            com.example.nutrisaur11              D  ⏭️ Skipping: Longsilog already exists in Breakfast for 2025-10-11
2025-10-11 09:04:18.196 24273-24273 FoodActivity            com.example.nutrisaur11              D  ⏭️ Skipping: Longsilog already exists in Breakfast for 2025-10-11
2025-10-11 09:04:18.199 24273-24273 FoodActivity            com.example.nutrisaur11              D  ⏭️ Skipping: Longsilog already exists in Breakfast for 2025-10-11
2025-10-11 09:04:18.202 24273-24273 FoodActivity            com.example.nutrisaur11              D  ⏭️ Skipping: Longsilog already exists in Breakfast for 2025-10-11
2025-10-11 09:04:18.204 24273-24273 FoodActivity            com.example.nutrisaur11              D  ⏭️ Skipping: Longsilog already exists in Breakfast for 2025-10-11
2025-10-11 09:04:18.207 24273-24273 FoodActivity            com.example.nutrisaur11              D  ⏭️ Skipping: Longsilog already exists in Breakfast for 2025-10-11
2025-10-11 09:04:18.209 24273-24273 FoodActivity            com.example.nutrisaur11              D  ⏭️ Skipping: Longsilog already exists in Breakfast for 2025-10-11
2025-10-11 09:04:18.212 24273-24273 FoodActivity            com.example.nutrisaur11              D  ⏭️ Skipping: Longsilog already exists in Breakfast for 2025-10-11
2025-10-11 09:04:18.214 24273-24273 FoodActivity            com.example.nutrisaur11              D  ⏭️ Skipping: Longsilog already exists in Breakfast for 2025-10-11
2025-10-11 09:04:18.217 24273-24273 FoodActivity            com.example.nutrisaur11              D  ⏭️ Skipping: Longsilog already exists in Breakfast for 2025-10-11
2025-10-11 09:04:18.219 24273-24273 FoodActivity            com.example.nutrisaur11              D  ⏭️ Skipping: Longsilog already exists in Breakfast for 2025-10-11
2025-10-11 09:04:18.222 24273-24273 FoodActivity            com.example.nutrisaur11              D  ⏭️ Skipping: Longsilog already exists in Breakfast for 2025-10-11
2025-10-11 09:04:18.224 24273-24273 FoodActivity            com.example.nutrisaur11              D  ⏭️ Skipping: Tapsilog already exists in Breakfast for 2025-10-11
2025-10-11 09:04:18.227 24273-24273 FoodActivity            com.example.nutrisaur11              D  ⏭️ Skipping: Tapsilog already exists in Breakfast for 2025-10-11
2025-10-11 09:04:18.229 24273-24273 FoodActivity            com.example.nutrisaur11              D  ⏭️ Skipping: Tapsilog already exists in Breakfast for 2025-10-11
2025-10-11 09:04:18.231 24273-24273 FoodActivity            com.example.nutrisaur11              D  ⏭️ Skipping: Tapsilog already exists in Breakfast for 2025-10-11
2025-10-11 09:04:18.234 24273-24273 FoodActivity            com.example.nutrisaur11              D  ⏭️ Skipping: Tapsilog already exists in Breakfast for 2025-10-11
2025-10-11 09:04:18.237 24273-24273 FoodActivity            com.example.nutrisaur11              D  ⏭️ Skipping: Tapsilog already exists in Breakfast for 2025-10-11
2025-10-11 09:04:18.239 24273-24273 FoodActivity            com.example.nutrisaur11              D  ⏭️ Skipping: Tapsilog already exists in Breakfast for 2025-10-11
2025-10-11 09:04:18.242 24273-24273 FoodActivity            com.example.nutrisaur11              D  ⏭️ Skipping: Tapsilog already exists in Breakfast for 2025-10-11
2025-10-11 09:04:18.244 24273-24273 FoodActivity            com.example.nutrisaur11              D  ⏭️ Skipping: Tapsilog already exists in Breakfast for 2025-10-11
2025-10-11 09:04:18.246 24273-24273 FoodActivity            com.example.nutrisaur11              D  ⏭️ Skipping: Tapsilog already exists in Breakfast for 2025-10-11
2025-10-11 09:04:18.248 24273-24273 FoodActivity            com.example.nutrisaur11              D  ⏭️ Skipping: Tapsilog already exists in Breakfast for 2025-10-11
2025-10-11 09:04:18.250 24273-24273 FoodActivity            com.example.nutrisaur11              D  ⏭️ Skipping: Tapsilog already exists in Breakfast for 2025-10-11
2025-10-11 09:04:18.252 24273-24273 FoodActivity            com.example.nutrisaur11              D  ⏭️ Skipping: Tapsilog already exists in Breakfast for 2025-10-11
2025-10-11 09:04:18.254 24273-24273 FoodActivity            com.example.nutrisaur11              D  ⏭️ Skipping: Tapsilog already exists in Breakfast for 2025-10-11
2025-10-11 09:04:18.256 24273-24273 FoodActivity            com.example.nutrisaur11              D  ⏭️ Skipping: Tapsilog already exists in Breakfast for 2025-10-11
2025-10-11 09:04:18.258 24273-24273 FoodActivity            com.example.nutrisaur11              D  ⏭️ Skipping: Tapsilog already exists in Breakfast for 2025-10-11
2025-10-11 09:04:18.260 24273-24273 FoodActivity            com.example.nutrisaur11              D  ⏭️ Skipping: Tapsilog already exists in Breakfast for 2025-10-11
2025-10-11 09:04:18.262 24273-24273 FoodActivity            com.example.nutrisaur11              D  ⏭️ Skipping: Tapsilog already exists in Breakfast for 2025-10-11
2025-10-11 09:04:18.263 24273-24412 CommunityUserManager    com.example.nutrisaur11              D  API response code: 200
2025-10-11 09:04:18.263 24273-24412 CommunityUserManager    com.example.nutrisaur11              D  API response message: 
2025-10-11 09:04:18.264 24273-24273 FoodActivity            com.example.nutrisaur11              D  ⏭️ Skipping: Tapsilog already exists in Breakfast for 2025-10-11
2025-10-11 09:04:18.265 24273-24412 CommunityUserManager    com.example.nutrisaur11              D  API response for get_community_user_data: {"success":true,"message":"User data retrieved successfully","user":{"name":"Pingol , Kevin C.","email":"kevinpingol123@gmail.com","municipality":"DINALUPIHAN","barangay":"Burgos","sex":"Male","birthday":"2005-10-10","is_pregnant":"N\/A","weight":"50","height":"171","screening_date":"2025-10-10 06:47:30","fcm_token":"dDgJr74pRHukYxdkYiGyAE:APA91bGRwC6pXjPQVyYGtkcZ6eafSGk0tUnWsyaKl1pZXOygSPN5hrxQ57-QoEbT0Q4AnrxZle82T4gCM6sx46ruDB-KiAtQGKfYr3uHOkNiwosJ5lmui9A","is_flagged":0,"bmi-for-age":"","weight-for-height":"","weight-for-age":"","weight-for-length":"","height-for-age":""}}
2025-10-11 09:04:18.265 24273-24412 CommunityUserManager    com.example.nutrisaur11              D  Cached user data for: kevinpingol123@gmail.com
2025-10-11 09:04:18.265 24273-24412 CommunityUserManager    com.example.nutrisaur11              D  Fresh user data retrieved successfully: {birthday=2005-10-10, is_pregnant=N/A, muac_category=, notes=, weight_kg=50, nutritional_risk=, height_cm=171, sex=Male, municipality=DINALUPIHAN, muac_cm=, screening_date=2025-10-10 06:47:30, bmi_category=, name=Pingol , Kevin C., barangay=Burgos, email=kevinpingol123@gmail.com, age=, bmi=, status=1}
2025-10-11 09:04:18.265 24273-24412 CommunityUserManager    com.example.nutrisaur11              D  User status: 1
2025-10-11 09:04:18.266 24273-24412 CommunityUserManager    com.example.nutrisaur11              D  User is active (status = 1)
2025-10-11 09:04:18.266 24273-24273 FoodActivity            com.example.nutrisaur11              D  ⏭️ Skipping: Tapsilog already exists in Breakfast for 2025-10-11
2025-10-11 09:04:18.268 24273-24410 CommunityUserManager    com.example.nutrisaur11              D  API response code: 200
2025-10-11 09:04:18.268 24273-24410 CommunityUserManager    com.example.nutrisaur11              D  API response message: 
2025-10-11 09:04:18.268 24273-24273 FoodActivity            com.example.nutrisaur11              D  ⏭️ Skipping: Tapsilog already exists in Breakfast for 2025-10-11
2025-10-11 09:04:18.270 24273-24273 FoodActivity            com.example.nutrisaur11              D  ⏭️ Skipping: Tapsilog already exists in Breakfast for 2025-10-11
2025-10-11 09:04:18.270 24273-24410 CommunityUserManager    com.example.nutrisaur11              D  API response for get_community_user_data: {"success":true,"message":"User data retrieved successfully","user":{"name":"Pingol , Kevin C.","email":"kevinpingol123@gmail.com","municipality":"DINALUPIHAN","barangay":"Burgos","sex":"Male","birthday":"2005-10-10","is_pregnant":"N\/A","weight":"50","height":"171","screening_date":"2025-10-10 06:47:30","fcm_token":"dDgJr74pRHukYxdkYiGyAE:APA91bGRwC6pXjPQVyYGtkcZ6eafSGk0tUnWsyaKl1pZXOygSPN5hrxQ57-QoEbT0Q4AnrxZle82T4gCM6sx46ruDB-KiAtQGKfYr3uHOkNiwosJ5lmui9A","is_flagged":0,"bmi-for-age":"","weight-for-height":"","weight-for-age":"","weight-for-length":"","height-for-age":""}}
2025-10-11 09:04:18.271 24273-24410 CommunityUserManager    com.example.nutrisaur11              D  Cached user data for: kevinpingol123@gmail.com
2025-10-11 09:04:18.271 24273-24410 CommunityUserManager    com.example.nutrisaur11              D  Fresh user data retrieved successfully: {birthday=2005-10-10, is_pregnant=N/A, muac_category=, notes=, weight_kg=50, nutritional_risk=, height_cm=171, sex=Male, municipality=DINALUPIHAN, muac_cm=, screening_date=2025-10-10 06:47:30, bmi_category=, name=Pingol , Kevin C., barangay=Burgos, email=kevinpingol123@gmail.com, age=, bmi=, status=1}
2025-10-11 09:04:18.271 24273-24410 CommunityUserManager    com.example.nutrisaur11              D  User status: 1
2025-10-11 09:04:18.271 24273-24410 CommunityUserManager    com.example.nutrisaur11              D  User is active (status = 1)
2025-10-11 09:04:18.272 24273-24273 FoodActivity            com.example.nutrisaur11              D  ⏭️ Skipping: Tapsilog already exists in Breakfast for 2025-10-11
2025-10-11 09:04:18.274 24273-24273 FoodActivity            com.example.nutrisaur11              D  ⏭️ Skipping: Tapsilog already exists in Breakfast for 2025-10-11
2025-10-11 09:04:18.275 24273-24273 FoodActivity            com.example.nutrisaur11              D  ⏭️ Skipping: Tapsilog already exists in Breakfast for 2025-10-11
2025-10-11 09:04:18.277 24273-24273 FoodActivity            com.example.nutrisaur11              D  ⏭️ Skipping: Tapsilog already exists in Breakfast for 2025-10-11
2025-10-11 09:04:18.279 24273-24273 FoodActivity            com.example.nutrisaur11              D  ⏭️ Skipping: Tapsilog already exists in Breakfast for 2025-10-11
2025-10-11 09:04:18.280 24273-24273 FoodActivity            com.example.nutrisaur11              D  ⏭️ Skipping: Tapsilog already exists in Breakfast for 2025-10-11
2025-10-11 09:04:18.282 24273-24273 FoodActivity            com.example.nutrisaur11              D  ⏭️ Skipping: Tapsilog already exists in Breakfast for 2025-10-11
2025-10-11 09:04:18.284 24273-24273 FoodActivity            com.example.nutrisaur11              D  ⏭️ Skipping: Tapsilog already exists in Breakfast for 2025-10-11
2025-10-11 09:04:18.285 24273-24273 FoodActivity            com.example.nutrisaur11              D  ⏭️ Skipping: Tapsilog already exists in Breakfast for 2025-10-11
2025-10-11 09:04:18.287 24273-24273 FoodActivity            com.example.nutrisaur11              D  ⏭️ Skipping: Tapsilog already exists in Breakfast for 2025-10-11
2025-10-11 09:04:18.289 24273-24273 FoodActivity            com.example.nutrisaur11              D  ⏭️ Skipping: Tapsilog already exists in Breakfast for 2025-10-11
2025-10-11 09:04:18.289 24273-24273 FoodActivity            com.example.nutrisaur11              D    Dinner: 3 foods
2025-10-11 09:04:18.290 24273-24273 FoodActivity            com.example.nutrisaur11              D  ⏭️ Skipping: Adobo already exists in Dinner for 2025-10-11
2025-10-11 09:04:18.292 24273-24273 FoodActivity            com.example.nutrisaur11              D  ⏭️ Skipping: Kare-Kare already exists in Dinner for 2025-10-11
2025-10-11 09:04:18.293 24273-24273 FoodActivity            com.example.nutrisaur11              D  ⏭️ Skipping: Sinigang already exists in Dinner for 2025-10-11
2025-10-11 09:04:18.293 24273-24273 FoodActivity            com.example.nutrisaur11              D    Lunch: 3 foods
2025-10-11 09:04:18.295 24273-24273 FoodActivity            com.example.nutrisaur11              D  ⏭️ Skipping: Chicken Adobo already exists in Lunch for 2025-10-11
2025-10-11 09:04:18.297 24273-24273 FoodActivity            com.example.nutrisaur11              D  ⏭️ Skipping: Kare-Kare already exists in Lunch for 2025-10-11
