2025-10-13 11:20:48.804 31211-31211 FoodActivity            com.example.nutrisaur11              D  FoodActivity Weight field lookup - weight_kg: '50', weight: 'null', final: '50'
2025-10-13 11:20:48.804 31211-31211 FoodActivity            com.example.nutrisaur11              D  FoodActivity: Set weight from database: 50
2025-10-13 11:20:48.804 31211-31211 FoodActivity            com.example.nutrisaur11              D  FoodActivity Height field lookup - height_cm: '171', height: 'null', final: '171'
2025-10-13 11:20:48.804 31211-31211 FoodActivity            com.example.nutrisaur11              D  FoodActivity: Set height from database: 171
2025-10-13 11:20:48.804 31211-31211 FoodActivity            com.example.nutrisaur11              D  Created user profile from database data: Pingol , Kevin C. (Age: 20, Weight: 50.0, Height: 171.0, Gender: Male, Activity: Moderate)
2025-10-13 11:20:48.805 31211-31211 CalorieCal...ionService com.example.nutrisaur11              D  Calculated meal distribution: Breakfast=696, Lunch=974, Dinner=835, Snacks=278
2025-10-13 11:20:48.805 31211-31211 FoodActivity            com.example.nutrisaur11              D  Calculated meal distribution: Breakfast=696, Lunch=974, Dinner=835, Snacks=278
2025-10-13 11:20:48.805 31211-31211 FoodActivity            com.example.nutrisaur11              D  Direct update Breakfast: 20 / 696 kcal (from 1 foods)
2025-10-13 11:20:48.806 31211-31211 FoodActivity            com.example.nutrisaur11              D  Set breakfast progress text to: 20 / 696 kcal
2025-10-13 11:20:48.806 31211-31211 FoodActivity            com.example.nutrisaur11              D  Direct update Lunch: 0 / 974 kcal (from 0 foods)
2025-10-13 11:20:48.806 31211-31211 FoodActivity            com.example.nutrisaur11              D  Set lunch progress text to: 0 / 974 kcal
2025-10-13 11:20:48.806 31211-31211 FoodActivity            com.example.nutrisaur11              D  Direct update Dinner: 0 / 835 kcal (from 0 foods)
2025-10-13 11:20:48.806 31211-31211 FoodActivity            com.example.nutrisaur11              D  Set dinner progress text to: 0 / 835 kcal
2025-10-13 11:20:48.806 31211-31211 FoodActivity            com.example.nutrisaur11              D  Direct update Snacks: 0 / 278 kcal (from 0 foods)
2025-10-13 11:20:48.806 31211-31211 FoodActivity            com.example.nutrisaur11              D  Set snacks progress text to: 0 / 278 kcal
2025-10-13 11:20:48.806 31211-31211 FoodActivity            com.example.nutrisaur11              D  Meal progress refreshed successfully
2025-10-13 11:20:48.814 31211-31211 FoodActivity            com.example.nutrisaur11              D  Refreshing nutrition UI with updated AI data...
2025-10-13 11:20:48.814 31211-31211 FoodActivity            com.example.nutrisaur11              D  Updating kcal goal circle directly
2025-10-13 11:20:48.815 31211-31211 FoodActivity            com.example.nutrisaur11              D  Total eaten calories for circle update: 20
2025-10-13 11:20:48.815 31211-31211 FoodActivity            com.example.nutrisaur11              D  FoodActivity Available database fields: [birthday, is_pregnant, muac_category, notes, weight_kg, nutritional_risk, height_cm, sex, municipality, muac_cm, screening_date, bmi_category, name, barangay, email, age, bmi, status]
2025-10-13 11:20:48.815 31211-31211 FoodActivity            com.example.nutrisaur11              D  Calculated age from birthday '2005-10-10': 20
2025-10-13 11:20:48.815 31211-31211 FoodActivity            com.example.nutrisaur11              D  FoodActivity Weight field lookup - weight_kg: '50', weight: 'null', final: '50'
2025-10-13 11:20:48.816 31211-31211 FoodActivity            com.example.nutrisaur11              D  FoodActivity: Set weight from database: 50
2025-10-13 11:20:48.816 31211-31211 FoodActivity            com.example.nutrisaur11              D  FoodActivity Height field lookup - height_cm: '171', height: 'null', final: '171'
2025-10-13 11:20:48.816 31211-31211 FoodActivity            com.example.nutrisaur11              D  FoodActivity: Set height from database: 171
2025-10-13 11:20:48.816 31211-31211 FoodActivity            com.example.nutrisaur11              D  Created user profile from database data: Pingol , Kevin C. (Age: 20, Weight: 50.0, Height: 171.0, Gender: Male, Activity: Moderate)
2025-10-13 11:20:48.816 31211-31211 CalorieCal...ionService com.example.nutrisaur11              D  Calculated BMR: 1473.75 for Pingol , Kevin C.
2025-10-13 11:20:48.816 31211-31211 CalorieCal...ionService com.example.nutrisaur11              D  Calculated TDEE: 2284.3125 (BMR: 1473.75 × Activity: 1.55)
2025-10-13 11:20:48.816 31211-31211 CalorieCal...ionService com.example.nutrisaur11              D  Calculated daily calorie target: 2784 (TDEE: 2284.3125 + Adjustment: 500.0)
2025-10-13 11:20:48.816 31211-31211 FoodActivity            com.example.nutrisaur11              D  Calculated daily calorie target: 2784
2025-10-13 11:20:48.816 31211-31211 FoodActivity            com.example.nutrisaur11              D  Kcal Goal Circle Update:
2025-10-13 11:20:48.816 31211-31211 FoodActivity            com.example.nutrisaur11              D    Total Daily Calories: 2784
2025-10-13 11:20:48.816 31211-31211 FoodActivity            com.example.nutrisaur11              D    Total Eaten Calories: 20
2025-10-13 11:20:48.816 31211-31211 FoodActivity            com.example.nutrisaur11              D    Calories Left: 2764
2025-10-13 11:20:48.816 31211-31211 FoodActivity            com.example.nutrisaur11              D    Progress Percent: 0.7183908%
2025-10-13 11:20:48.816 31211-31211 FoodActivity            com.example.nutrisaur11              D  Updating macronutrient data directly
2025-10-13 11:20:48.820 31211-31211 FoodActivity            com.example.nutrisaur11              D  FoodActivity Available database fields: [birthday, is_pregnant, muac_category, notes, weight_kg, nutritional_risk, height_cm, sex, municipality, muac_cm, screening_date, bmi_category, name, barangay, email, age, bmi, status]
2025-10-13 11:20:48.820 31211-31211 FoodActivity            com.example.nutrisaur11              D  Calculated age from birthday '2005-10-10': 20
2025-10-13 11:20:48.820 31211-31211 FoodActivity            com.example.nutrisaur11              D  FoodActivity Weight field lookup - weight_kg: '50', weight: 'null', final: '50'
2025-10-13 11:20:48.820 31211-31211 FoodActivity            com.example.nutrisaur11              D  FoodActivity: Set weight from database: 50
2025-10-13 11:20:48.820 31211-31211 FoodActivity            com.example.nutrisaur11              D  FoodActivity Height field lookup - height_cm: '171', height: 'null', final: '171'
2025-10-13 11:20:48.820 31211-31211 FoodActivity            com.example.nutrisaur11              D  FoodActivity: Set height from database: 171
2025-10-13 11:20:48.820 31211-31211 FoodActivity            com.example.nutrisaur11              D  Created user profile from database data: Pingol , Kevin C. (Age: 20, Weight: 50.0, Height: 171.0, Gender: Male, Activity: Moderate)
2025-10-13 11:20:48.820 31211-31211 CalorieCal...ionService com.example.nutrisaur11              D  Calculated BMR: 1473.75 for Pingol , Kevin C.
2025-10-13 11:20:48.820 31211-31211 CalorieCal...ionService com.example.nutrisaur11              D  Calculated TDEE: 2284.3125 (BMR: 1473.75 × Activity: 1.55)
2025-10-13 11:20:48.820 31211-31211 CalorieCal...ionService com.example.nutrisaur11              D  Calculated daily calorie target: 2784 (TDEE: 2284.3125 + Adjustment: 500.0)
2025-10-13 11:20:48.820 31211-31211 FoodActivity            com.example.nutrisaur11              D  Calculated macro targets - Protein: 153, Carbs: 375, Fat: 74
2025-10-13 11:20:48.820 31211-31211 FoodActivity            com.example.nutrisaur11              D  Macro Update:
2025-10-13 11:20:48.820 31211-31211 FoodActivity            com.example.nutrisaur11              D    Protein: 133/153 (eaten: 20)
2025-10-13 11:20:48.820 31211-31211 FoodActivity            com.example.nutrisaur11              D    Carbs: 355/375 (eaten: 20)
2025-10-13 11:20:48.820 31211-31211 FoodActivity            com.example.nutrisaur11              D    Fat: 54/74 (eaten: 20)
2025-10-13 11:20:48.821 31211-31211 FoodActivity            com.example.nutrisaur11              D  Updating meal progress texts with direct AddedFoodManager data
2025-10-13 11:20:48.824 31211-31211 FoodActivity            com.example.nutrisaur11              D  FoodActivity Available database fields: [birthday, is_pregnant, muac_category, notes, weight_kg, nutritional_risk, height_cm, sex, municipality, muac_cm, screening_date, bmi_category, name, barangay, email, age, bmi, status]
2025-10-13 11:20:48.824 31211-31211 FoodActivity            com.example.nutrisaur11              D  Calculated age from birthday '2005-10-10': 20
2025-10-13 11:20:48.825 31211-31211 FoodActivity            com.example.nutrisaur11              D  FoodActivity Weight field lookup - weight_kg: '50', weight: 'null', final: '50'
2025-10-13 11:20:48.825 31211-31211 FoodActivity            com.example.nutrisaur11              D  FoodActivity: Set weight from database: 50
2025-10-13 11:20:48.825 31211-31400 OpenGLRenderer          com.example.nutrisaur11              I  Davey! duration=9223351669812ms; Flags=0, FrameTimelineVsyncId=804717, IntendedVsync=20367042396744, Vsync=20367059063410, InputEventId=0, HandleInputStart=20367061071811, AnimationStart=20367061073895, PerformTraversalsStart=20367061163530, DrawStart=20367066160665, FrameDeadline=20367075730076, FrameInterval=20367061059988, FrameStartTime=16666666, SyncQueued=20367067348999, SyncStart=20367067716134, IssueDrawCommandsStart=20367067994780, SwapBuffers=20367069409780, FrameCompleted=9223372036854775807, DequeueBufferDuration=20625, QueueBufferDuration=1377656, GpuCompleted=9223372036854775807, SwapBuffersCompleted=20367071228061, DisplayPresentTime=0, 
2025-10-13 11:20:48.825 31211-31211 FoodActivity            com.example.nutrisaur11              D  FoodActivity Height field lookup - height_cm: '171', height: 'null', final: '171'
2025-10-13 11:20:48.825 31211-31211 FoodActivity            com.example.nutrisaur11              D  FoodActivity: Set height from database: 171
2025-10-13 11:20:48.825 31211-31211 FoodActivity            com.example.nutrisaur11              D  Created user profile from database data: Pingol , Kevin C. (Age: 20, Weight: 50.0, Height: 171.0, Gender: Male, Activity: Moderate)
2025-10-13 11:20:48.825 31211-31211 KcalSuggestionCache     com.example.nutrisaur11              D  User profile changed, cache invalid
2025-10-13 11:20:48.825 31211-31211 FoodActivity            com.example.nutrisaur11              D  No valid AI cache found, using fallback calculation...
2025-10-13 11:20:48.825 31211-31211 CalorieCal...ionService com.example.nutrisaur11              D  Calculated BMR: 1473.75 for Pingol , Kevin C.
2025-10-13 11:20:48.825 31211-31211 CalorieCal...ionService com.example.nutrisaur11              D  Calculated TDEE: 2284.3125 (BMR: 1473.75 × Activity: 1.55)
2025-10-13 11:20:48.825 31211-31211 CalorieCal...ionService com.example.nutrisaur11              D  Calculated daily calorie target: 2784 (TDEE: 2284.3125 + Adjustment: 500.0)
2025-10-13 11:20:48.825 31211-31211 FoodActivity            com.example.nutrisaur11              D  Using fallback calculation (AI will update cache): 2784
2025-10-13 11:20:48.825 31211-31211 FoodActivity            com.example.nutrisaur11              D  AI calculation already in progress, skipping...
2025-10-13 11:20:48.825 31211-31211 FoodActivity            com.example.nutrisaur11              D  Using AI-calculated total daily calories: 2784
2025-10-13 11:20:48.825 31211-31211 FoodActivity            com.example.nutrisaur11              D  FoodActivity Available database fields: [birthday, is_pregnant, muac_category, notes, weight_kg, nutritional_risk, height_cm, sex, municipality, muac_cm, screening_date, bmi_category, name, barangay, email, age, bmi, status]
2025-10-13 11:20:48.826 31211-31211 FoodActivity            com.example.nutrisaur11              D  Calculated age from birthday '2005-10-10': 20
2025-10-13 11:20:48.826 31211-31211 FoodActivity            com.example.nutrisaur11              D  FoodActivity Weight field lookup - weight_kg: '50', weight: 'null', final: '50'
2025-10-13 11:20:48.826 31211-31211 FoodActivity            com.example.nutrisaur11              D  FoodActivity: Set weight from database: 50
2025-10-13 11:20:48.826 31211-31211 FoodActivity            com.example.nutrisaur11              D  FoodActivity Height field lookup - height_cm: '171', height: 'null', final: '171'
2025-10-13 11:20:48.826 31211-31211 FoodActivity            com.example.nutrisaur11              D  FoodActivity: Set height from database: 171
2025-10-13 11:20:48.826 31211-31211 FoodActivity            com.example.nutrisaur11              D  Created user profile from database data: Pingol , Kevin C. (Age: 20, Weight: 50.0, Height: 171.0, Gender: Male, Activity: Moderate)
2025-10-13 11:20:48.826 31211-31211 CalorieCal...ionService com.example.nutrisaur11              D  Calculated meal distribution: Breakfast=696, Lunch=974, Dinner=835, Snacks=278
2025-10-13 11:20:48.826 31211-31211 FoodActivity            com.example.nutrisaur11              D  Calculated meal distribution: Breakfast=696, Lunch=974, Dinner=835, Snacks=278
2025-10-13 11:20:48.826 31211-31211 FoodActivity            com.example.nutrisaur11              D  Direct update Breakfast: 20 / 696 kcal (from 1 foods)
2025-10-13 11:20:48.826 31211-31211 FoodActivity            com.example.nutrisaur11              D  Set breakfast progress text to: 20 / 696 kcal
2025-10-13 11:20:48.826 31211-31211 FoodActivity            com.example.nutrisaur11              D  Direct update Lunch: 0 / 974 kcal (from 0 foods)
2025-10-13 11:20:48.826 31211-31211 FoodActivity            com.example.nutrisaur11              D  Set lunch progress text to: 0 / 974 kcal
2025-10-13 11:20:48.826 31211-31211 FoodActivity            com.example.nutrisaur11              D  Direct update Dinner: 0 / 835 kcal (from 0 foods)
2025-10-13 11:20:48.827 31211-31211 FoodActivity            com.example.nutrisaur11              D  Set dinner progress text to: 0 / 835 kcal
2025-10-13 11:20:48.827 31211-31211 FoodActivity            com.example.nutrisaur11              D  Direct update Snacks: 0 / 278 kcal (from 0 foods)
2025-10-13 11:20:48.827 31211-31211 FoodActivity            com.example.nutrisaur11              D  Set snacks progress text to: 0 / 278 kcal
2025-10-13 11:20:48.827 31211-31211 FoodActivity            com.example.nutrisaur11              D  Updating meal progress texts with direct AddedFoodManager data
2025-10-13 11:20:48.829 31211-31211 FoodActivity            com.example.nutrisaur11              D  FoodActivity Available database fields: [birthday, is_pregnant, muac_category, notes, weight_kg, nutritional_risk, height_cm, sex, municipality, muac_cm, screening_date, bmi_category, name, barangay, email, age, bmi, status]
2025-10-13 11:20:48.830 31211-31211 FoodActivity            com.example.nutrisaur11              D  Calculated age from birthday '2005-10-10': 20
2025-10-13 11:20:48.830 31211-31211 FoodActivity            com.example.nutrisaur11              D  FoodActivity Weight field lookup - weight_kg: '50', weight: 'null', final: '50'
2025-10-13 11:20:48.830 31211-31211 FoodActivity            com.example.nutrisaur11              D  FoodActivity: Set weight from database: 50
2025-10-13 11:20:48.830 31211-31211 FoodActivity            com.example.nutrisaur11              D  FoodActivity Height field lookup - height_cm: '171', height: 'null', final: '171'
2025-10-13 11:20:48.830 31211-31211 FoodActivity            com.example.nutrisaur11              D  FoodActivity: Set height from database: 171
2025-10-13 11:20:48.830 31211-31211 FoodActivity            com.example.nutrisaur11              D  Created user profile from database data: Pingol , Kevin C. (Age: 20, Weight: 50.0, Height: 171.0, Gender: Male, Activity: Moderate)
2025-10-13 11:20:48.830 31211-31211 KcalSuggestionCache     com.example.nutrisaur11              D  User profile changed, cache invalid
2025-10-13 11:20:48.830 31211-31211 FoodActivity            com.example.nutrisaur11              D  No valid AI cache found, using fallback calculation...
2025-10-13 11:20:48.830 31211-31211 CalorieCal...ionService com.example.nutrisaur11              D  Calculated BMR: 1473.75 for Pingol , Kevin C.
2025-10-13 11:20:48.830 31211-31211 CalorieCal...ionService com.example.nutrisaur11              D  Calculated TDEE: 2284.3125 (BMR: 1473.75 × Activity: 1.55)
2025-10-13 11:20:48.830 31211-31211 CalorieCal...ionService com.example.nutrisaur11              D  Calculated daily calorie target: 2784 (TDEE: 2284.3125 + Adjustment: 500.0)
2025-10-13 11:20:48.830 31211-31211 FoodActivity            com.example.nutrisaur11              D  Using fallback calculation (AI will update cache): 2784
2025-10-13 11:20:48.830 31211-31211 FoodActivity            com.example.nutrisaur11              D  AI calculation already in progress, skipping...
2025-10-13 11:20:48.830 31211-31211 FoodActivity            com.example.nutrisaur11              D  Using AI-calculated total daily calories: 2784
2025-10-13 11:20:48.830 31211-31211 FoodActivity            com.example.nutrisaur11              D  FoodActivity Available database fields: [birthday, is_pregnant, muac_category, notes, weight_kg, nutritional_risk, height_cm, sex, municipality, muac_cm, screening_date, bmi_category, name, barangay, email, age, bmi, status]
2025-10-13 11:20:48.831 31211-31211 FoodActivity            com.example.nutrisaur11              D  Calculated age from birthday '2005-10-10': 20
2025-10-13 11:20:48.831 31211-31211 FoodActivity            com.example.nutrisaur11              D  FoodActivity Weight field lookup - weight_kg: '50', weight: 'null', final: '50'
2025-10-13 11:20:48.831 31211-31211 FoodActivity            com.example.nutrisaur11              D  FoodActivity: Set weight from database: 50
2025-10-13 11:20:48.831 31211-31211 FoodActivity            com.example.nutrisaur11              D  FoodActivity Height field lookup - height_cm: '171', height: 'null', final: '171'
2025-10-13 11:20:48.831 31211-31211 FoodActivity            com.example.nutrisaur11              D  FoodActivity: Set height from database: 171
2025-10-13 11:20:48.831 31211-31211 FoodActivity            com.example.nutrisaur11              D  Created user profile from database data: Pingol , Kevin C. (Age: 20, Weight: 50.0, Height: 171.0, Gender: Male, Activity: Moderate)
2025-10-13 11:20:48.831 31211-31211 CalorieCal...ionService com.example.nutrisaur11              D  Calculated meal distribution: Breakfast=696, Lunch=974, Dinner=835, Snacks=278
2025-10-13 11:20:48.831 31211-31211 FoodActivity            com.example.nutrisaur11              D  Calculated meal distribution: Breakfast=696, Lunch=974, Dinner=835, Snacks=278
2025-10-13 11:20:48.831 31211-31211 FoodActivity            com.example.nutrisaur11              D  Direct update Breakfast: 20 / 696 kcal (from 1 foods)
2025-10-13 11:20:48.831 31211-31211 FoodActivity            com.example.nutrisaur11              D  Set breakfast progress text to: 20 / 696 kcal
2025-10-13 11:20:48.831 31211-31211 FoodActivity            com.example.nutrisaur11              D  Direct update Lunch: 0 / 974 kcal (from 0 foods)
2025-10-13 11:20:48.831 31211-31211 FoodActivity            com.example.nutrisaur11              D  Set lunch progress text to: 0 / 974 kcal
2025-10-13 11:20:48.832 31211-31211 FoodActivity            com.example.nutrisaur11              D  Direct update Dinner: 0 / 835 kcal (from 0 foods)
2025-10-13 11:20:48.832 31211-31211 FoodActivity            com.example.nutrisaur11              D  Set dinner progress text to: 0 / 835 kcal
2025-10-13 11:20:48.832 31211-31211 FoodActivity            com.example.nutrisaur11              D  Direct update Snacks: 0 / 278 kcal (from 0 foods)
2025-10-13 11:20:48.832 31211-31211 FoodActivity            com.example.nutrisaur11              D  Set snacks progress text to: 0 / 278 kcal
2025-10-13 11:20:48.832 31211-31211 FoodActivity            com.example.nutrisaur11              D  Updating macronutrient data directly
2025-10-13 11:20:48.835 31211-31211 FoodActivity            com.example.nutrisaur11              D  FoodActivity Available database fields: [birthday, is_pregnant, muac_category, notes, weight_kg, nutritional_risk, height_cm, sex, municipality, muac_cm, screening_date, bmi_category, name, barangay, email, age, bmi, status]
2025-10-13 11:20:48.835 31211-31211 FoodActivity            com.example.nutrisaur11              D  Calculated age from birthday '2005-10-10': 20
2025-10-13 11:20:48.835 31211-31211 FoodActivity            com.example.nutrisaur11              D  FoodActivity Weight field lookup - weight_kg: '50', weight: 'null', final: '50'
2025-10-13 11:20:48.835 31211-31211 FoodActivity            com.example.nutrisaur11              D  FoodActivity: Set weight from database: 50
2025-10-13 11:20:48.835 31211-31211 FoodActivity            com.example.nutrisaur11              D  FoodActivity Height field lookup - height_cm: '171', height: 'null', final: '171'
2025-10-13 11:20:48.835 31211-31211 FoodActivity            com.example.nutrisaur11              D  FoodActivity: Set height from database: 171
2025-10-13 11:20:48.835 31211-31211 FoodActivity            com.example.nutrisaur11              D  Created user profile from database data: Pingol , Kevin C. (Age: 20, Weight: 50.0, Height: 171.0, Gender: Male, Activity: Moderate)
2025-10-13 11:20:48.836 31211-31211 CalorieCal...ionService com.example.nutrisaur11              D  Calculated BMR: 1473.75 for Pingol , Kevin C.
2025-10-13 11:20:48.836 31211-31211 CalorieCal...ionService com.example.nutrisaur11              D  Calculated TDEE: 2284.3125 (BMR: 1473.75 × Activity: 1.55)
2025-10-13 11:20:48.836 31211-31211 CalorieCal...ionService com.example.nutrisaur11              D  Calculated daily calorie target: 2784 (TDEE: 2284.3125 + Adjustment: 500.0)
2025-10-13 11:20:48.836 31211-31211 FoodActivity            com.example.nutrisaur11              D  Calculated macro targets - Protein: 153, Carbs: 375, Fat: 74
2025-10-13 11:20:48.836 31211-31211 FoodActivity            com.example.nutrisaur11              D  Macro Update:
2025-10-13 11:20:48.836 31211-31211 FoodActivity            com.example.nutrisaur11              D    Protein: 133/153 (eaten: 20)
2025-10-13 11:20:48.836 31211-31211 FoodActivity            com.example.nutrisaur11              D    Carbs: 355/375 (eaten: 20)
2025-10-13 11:20:48.836 31211-31211 FoodActivity            com.example.nutrisaur11              D    Fat: 54/74 (eaten: 20)
2025-10-13 11:20:48.836 31211-31211 FoodActivity            com.example.nutrisaur11              D  Nutrition UI refreshed with updated AI data
2025-10-13 11:20:48.856 31211-31592 CommunityUserManager    com.example.nutrisaur11              D  API response code: 200
2025-10-13 11:20:48.856 31211-31592 CommunityUserManager    com.example.nutrisaur11              D  API response message: 
2025-10-13 11:20:48.858 31211-31592 CommunityUserManager    com.example.nutrisaur11              D  API response for get_community_user_data: {"success":true,"message":"User data retrieved successfully","user":{"name":"Pingol , Kevin C.","email":"kevinpingol123@gmail.com","municipality":"DINALUPIHAN","barangay":"Burgos","sex":"Male","birthday":"2005-10-10","is_pregnant":"N\/A","weight":"50","height":"171","screening_date":"2025-10-10 06:47:30","fcm_token":"dDgJr74pRHukYxdkYiGyAE:APA91bGRwC6pXjPQVyYGtkcZ6eafSGk0tUnWsyaKl1pZXOygSPN5hrxQ57-QoEbT0Q4AnrxZle82T4gCM6sx46ruDB-KiAtQGKfYr3uHOkNiwosJ5lmui9A","is_flagged":0,"bmi-for-age":"","weight-for-height":"","weight-for-age":"","weight-for-length":"","height-for-age":""}}
2025-10-13 11:20:48.859 31211-31592 CommunityUserManager    com.example.nutrisaur11              D  Cached user data for: kevinpingol123@gmail.com
2025-10-13 11:20:48.859 31211-31592 CommunityUserManager    com.example.nutrisaur11              D  Fresh user data retrieved successfully: {birthday=2005-10-10, is_pregnant=N/A, muac_category=, notes=, weight_kg=50, nutritional_risk=, height_cm=171, sex=Male, municipality=DINALUPIHAN, muac_cm=, screening_date=2025-10-10 06:47:30, bmi_category=, name=Pingol , Kevin C., barangay=Burgos, email=kevinpingol123@gmail.com, age=, bmi=, status=1}
2025-10-13 11:20:48.859 31211-31592 CommunityUserManager    com.example.nutrisaur11              D  User status: 1
2025-10-13 11:20:48.859 31211-31592 CommunityUserManager    com.example.nutrisaur11              D  User is active (status = 1)
2025-10-13 11:20:48.876 31211-31593 CommunityUserManager    com.example.nutrisaur11              D  API response code: 200
2025-10-13 11:20:48.876 31211-31593 CommunityUserManager    com.example.nutrisaur11              D  API response message: 
2025-10-13 11:20:48.879 31211-31594 CommunityUserManager    com.example.nutrisaur11              D  API response code: 200
2025-10-13 11:20:48.879 31211-31594 CommunityUserManager    com.example.nutrisaur11              D  API response message: 
2025-10-13 11:20:48.879 31211-31593 CommunityUserManager    com.example.nutrisaur11              D  API response for get_community_user_data: {"success":true,"message":"User data retrieved successfully","user":{"name":"Pingol , Kevin C.","email":"kevinpingol123@gmail.com","municipality":"DINALUPIHAN","barangay":"Burgos","sex":"Male","birthday":"2005-10-10","is_pregnant":"N\/A","weight":"50","height":"171","screening_date":"2025-10-10 06:47:30","fcm_token":"dDgJr74pRHukYxdkYiGyAE:APA91bGRwC6pXjPQVyYGtkcZ6eafSGk0tUnWsyaKl1pZXOygSPN5hrxQ57-QoEbT0Q4AnrxZle82T4gCM6sx46ruDB-KiAtQGKfYr3uHOkNiwosJ5lmui9A","is_flagged":0,"bmi-for-age":"","weight-for-height":"","weight-for-age":"","weight-for-length":"","height-for-age":""}}
2025-10-13 11:20:48.880 31211-31593 CommunityUserManager    com.example.nutrisaur11              D  Cached user data for: kevinpingol123@gmail.com
2025-10-13 11:20:48.881 31211-31593 CommunityUserManager    com.example.nutrisaur11              D  Fresh user data retrieved successfully: {birthday=2005-10-10, is_pregnant=N/A, muac_category=, notes=, weight_kg=50, nutritional_risk=, height_cm=171, sex=Male, municipality=DINALUPIHAN, muac_cm=, screening_date=2025-10-10 06:47:30, bmi_category=, name=Pingol , Kevin C., barangay=Burgos, email=kevinpingol123@gmail.com, age=, bmi=, status=1}
2025-10-13 11:20:48.881 31211-31593 CommunityUserManager    com.example.nutrisaur11              D  User exists and has valid data
2025-10-13 11:20:48.882 31211-31594 CommunityUserManager    com.example.nutrisaur11              D  API response for get_community_user_data: {"success":true,"message":"User data retrieved successfully","user":{"name":"Pingol , Kevin C.","email":"kevinpingol123@gmail.com","municipality":"DINALUPIHAN","barangay":"Burgos","sex":"Male","birthday":"2005-10-10","is_pregnant":"N\/A","weight":"50","height":"171","screening_date":"2025-10-10 06:47:30","fcm_token":"dDgJr74pRHukYxdkYiGyAE:APA91bGRwC6pXjPQVyYGtkcZ6eafSGk0tUnWsyaKl1pZXOygSPN5hrxQ57-QoEbT0Q4AnrxZle82T4gCM6sx46ruDB-KiAtQGKfYr3uHOkNiwosJ5lmui9A","is_flagged":0,"bmi-for-age":"","weight-for-height":"","weight-for-age":"","weight-for-length":"","height-for-age":""}}
2025-10-13 11:20:48.883 31211-31594 CommunityUserManager    com.example.nutrisaur11              D  Cached user data for: kevinpingol123@gmail.com
2025-10-13 11:20:48.884 31211-31594 CommunityUserManager    com.example.nutrisaur11              D  Fresh user data retrieved successfully: {birthday=2005-10-10, is_pregnant=N/A, muac_category=, notes=, weight_kg=50, nutritional_risk=, height_cm=171, sex=Male, municipality=DINALUPIHAN, muac_cm=, screening_date=2025-10-10 06:47:30, bmi_category=, name=Pingol , Kevin C., barangay=Burgos, email=kevinpingol123@gmail.com, age=, bmi=, status=1}
2025-10-13 11:20:48.884 31211-31594 CommunityUserManager    com.example.nutrisaur11              D  User status: 1
2025-10-13 11:20:48.884 31211-31594 CommunityUserManager    com.example.nutrisaur11              D  User is active (status = 1)
2025-10-13 11:20:49.890 31211-31211 SessionManager          com.example.nutrisaur11              D  User interaction recorded at: 1760325649890
2025-10-13 11:20:49.909 31211-31400 OpenGLRenderer          com.example.nutrisaur11              I  Davey! duration=9223351668708ms; Flags=0, FrameTimelineVsyncId=-1, IntendedVsync=20368146162332, Vsync=20368146167853, InputEventId=979293887, HandleInputStart=20368146193269, AnimationStart=20368146197332, PerformTraversalsStart=20368146201290, DrawStart=20368149701394, FrameDeadline=-9223372036838109143, FrameInterval=20368146167853, FrameStartTime=16666666, SyncQueued=20368150212540, SyncStart=20368150355405, IssueDrawCommandsStart=20368150747592, SwapBuffers=20368153027957, FrameCompleted=9223372036854775807, DequeueBufferDuration=35156, QueueBufferDuration=866823, GpuCompleted=9223372036854775807, SwapBuffersCompleted=20368154479103, DisplayPresentTime=0, 
2025-10-13 11:20:49.954 31211-31211 CalorieTracker          com.example.nutrisaur11              D  Saved current day data to history for date: 2025-10-13
2025-10-13 11:20:49.954 31211-31211 FoodActivity            com.example.nutrisaur11              D  Saved current day data to history
2025-10-13 11:20:49.955 31211-31211 FoodActivity            com.example.nutrisaur11              D  Date display updated to: 2025-10-12
2025-10-13 11:20:49.955 31211-31211 FoodActivity            com.example.nutrisaur11              D  Loading nutrition data for selected date: 2025-10-12
2025-10-13 11:20:49.955 31211-31211 FoodActivity            com.example.nutrisaur11              D  Navigated to previous day: 2025-10-12
2025-10-13 11:20:49.956 31211-31211 FoodActivity            com.example.nutrisaur11              D  Syncing food history for new date: 2025-10-12
2025-10-13 11:20:49.956 31211-31211 FoodActivity            com.example.nutrisaur11              D  === SYNCING FOOD HISTORY FROM DATABASE ===
2025-10-13 11:20:49.956 31211-31211 FoodActivity            com.example.nutrisaur11              D  Sync Debug - User email: 'kevinpingol123@gmail.com'
2025-10-13 11:20:49.956 31211-31211 FoodActivity            com.example.nutrisaur11              D  Sync Debug - Current date: '2025-10-12'
2025-10-13 11:20:49.956 31211-31211 FoodActivity            com.example.nutrisaur11              D  Sync Debug - Viewing historical date: 2025-10-12 (today is: 2025-10-13)
2025-10-13 11:20:49.956 31211-31211 FoodActivity            com.example.nutrisaur11              D  Sync Debug - About to create ApiClient and call downloadFoodHistory
2025-10-13 11:20:49.956 31211-31211 FoodActivity            com.example.nutrisaur11              D  Syncing food history for user: kevinpingol123@gmail.com on date: 2025-10-12
2025-10-13 11:20:49.956 31211-31211 ApiClient               com.example.nutrisaur11              D  === DOWNLOAD FOOD HISTORY CALLED ===
2025-10-13 11:20:49.956 31211-31211 ApiClient               com.example.nutrisaur11              D  User: kevinpingol123@gmail.com, Start: 2025-10-12, End: 2025-10-12
2025-10-13 11:20:49.957 31211-31211 FoodHistorySyncManager  com.example.nutrisaur11              D  Syncing flag metadata for user: kevinpingol123@gmail.com
2025-10-13 11:20:49.960 31211-31400 OpenGLRenderer          com.example.nutrisaur11              I  Davey! duration=9223351668661ms; Flags=0, FrameTimelineVsyncId=804741, IntendedVsync=20368192600120, Vsync=20368192600120, InputEventId=133375266, HandleInputStart=20368195184207, AnimationStart=20368195188217, PerformTraversalsStart=20368195192384, DrawStart=20368195308009, FrameDeadline=20368225933452, FrameInterval=20368195161498, FrameStartTime=16666666, SyncQueued=20368198872019, SyncStart=20368199391707, IssueDrawCommandsStart=20368199839936, SwapBuffers=20368202347488, FrameCompleted=9223372036854775807, DequeueBufferDuration=28229, QueueBufferDuration=1343698, GpuCompleted=9223372036854775807, SwapBuffersCompleted=20368204285665, DisplayPresentTime=0, 
2025-10-13 11:20:49.962 31211-31619 ApiClient               com.example.nutrisaur11              D  Download URL: https://nutrisaur-production.up.railway.app/api/food_history_api.php?action=get_user_history&user_email=kevinpingol123@gmail.com&start_date=2025-10-12&end_date=2025-10-12
2025-10-13 11:20:49.978 31211-31400 OpenGLRenderer          com.example.nutrisaur11              I  Davey! duration=9223351668645ms; Flags=0, FrameTimelineVsyncId=804743, IntendedVsync=20368209269130, Vsync=20368209269130, InputEventId=0, HandleInputStart=20368212939936, AnimationStart=20368212943842, PerformTraversalsStart=20368213074675, DrawStart=20368217032436, FrameDeadline=20368242602462, FrameInterval=20368212919571, FrameStartTime=16666666, SyncQueued=20368218208842, SyncStart=20368218319936, IssueDrawCommandsStart=20368218695561, SwapBuffers=20368220947696, FrameCompleted=9223372036854775807, DequeueBufferDuration=29427, QueueBufferDuration=1069114, GpuCompleted=9223372036854775807, SwapBuffersCompleted=20368222444728, DisplayPresentTime=0, 
2025-10-13 11:20:50.063 31211-31619 ApiClient               com.example.nutrisaur11              D  Download food history response: {"success":true,"data":[],"count":0}
2025-10-13 11:20:50.063 31211-31211 FoodActivity            com.example.nutrisaur11              D  Flagging Analysis - Level: none, Day Flagged: false, Flagged Meals: [], Flagged Foods: 0
2025-10-13 11:20:50.063 31211-31211 FoodActivity            com.example.nutrisaur11              D  Loading historical nutrition data for: 2025-10-12
2025-10-13 11:20:50.069 31211-31211 CalorieTracker          com.example.nutrisaur11              D  Syncing with 0 added foods for date: 2025-10-12
2025-10-13 11:20:50.069 31211-31211 CalorieTracker          com.example.nutrisaur11              D    Daily foods: 0
2025-10-13 11:20:50.069 31211-31211 CalorieTracker          com.example.nutrisaur11              D  Available database fields: [birthday, is_pregnant, muac_category, notes, weight_kg, nutritional_risk, height_cm, sex, municipality, muac_cm, screening_date, bmi_category, name, barangay, email, age, bmi, status]
2025-10-13 11:20:50.070 31211-31211 CalorieTracker          com.example.nutrisaur11              D  Calculated age from birthday '2005-10-10': 20
2025-10-13 11:20:50.070 31211-31211 CalorieTracker          com.example.nutrisaur11              D  Weight field lookup - weight_kg: '50', weight: 'null', final: '50'
2025-10-13 11:20:50.070 31211-31211 CalorieTracker          com.example.nutrisaur11              D  Set weight from database: 50
2025-10-13 11:20:50.070 31211-31211 CalorieTracker          com.example.nutrisaur11              D  Height field lookup - height_cm: '171', height: 'null', final: '171'
2025-10-13 11:20:50.070 31211-31211 CalorieTracker          com.example.nutrisaur11              D  Set height from database: 171
2025-10-13 11:20:50.070 31211-31211 CalorieTracker          com.example.nutrisaur11              D  Created user profile from database data: Pingol , Kevin C. (Age: 20, Weight: 50.0, Height: 171.0, Gender: Male, Activity: Moderate)
2025-10-13 11:20:50.070 31211-31211 CalorieTracker          com.example.nutrisaur11              D  Using user profile from database data
2025-10-13 11:20:50.071 31211-31211 KcalSuggestionCache     com.example.nutrisaur11              D  User profile changed, cache invalid
2025-10-13 11:20:50.071 31211-31211 CalorieTracker          com.example.nutrisaur11              D  No valid AI cache found, using fallback calculation...
2025-10-13 11:20:50.071 31211-31211 CalorieCal...ionService com.example.nutrisaur11              D  Calculated BMR: 1473.75 for Pingol , Kevin C.
2025-10-13 11:20:50.071 31211-31211 CalorieCal...ionService com.example.nutrisaur11              D  Calculated TDEE: 2284.3125 (BMR: 1473.75 × Activity: 1.55)
2025-10-13 11:20:50.071 31211-31211 CalorieCal...ionService com.example.nutrisaur11              D  Calculated daily calorie target: 2784 (TDEE: 2284.3125 + Adjustment: 500.0)
2025-10-13 11:20:50.071 31211-31211 CalorieTracker          com.example.nutrisaur11              D  Using fallback calculation (AI will update cache): 2784
2025-10-13 11:20:50.072 31211-31211 CalorieTracker          com.example.nutrisaur11              D  Using AI-calculated daily calorie target: 2784
2025-10-13 11:20:50.072 31211-31211 CalorieCal...ionService com.example.nutrisaur11              D  Calculated meal distribution: Breakfast=696, Lunch=974, Dinner=835, Snacks=278
2025-10-13 11:20:50.072 31211-31211 CalorieTracker          com.example.nutrisaur11              D  Calculated meal distribution: Breakfast=696, Lunch=974, Dinner=835, Snacks=278
2025-10-13 11:20:50.072 31211-31211 CalorieTracker          com.example.nutrisaur11              D  Calculated meal distribution: {Breakfast=696, Dinner=835, Snacks=278, Lunch=974}
2025-10-13 11:20:50.077 31211-31622 NutritionService        com.example.nutrisaur11              D  Starting nutrition recommendations...
2025-10-13 11:20:50.077 31211-31622 NutritionService        com.example.nutrisaur11              D  Getting user profile from SharedPreferences...
2025-10-13 11:20:50.077 31211-31211 CalorieTracker          com.example.nutrisaur11              D  Synced CalorieTracker with AddedFoodManager for date 2025-10-12. Total meals: 0
2025-10-13 11:20:50.077 31211-31622 NutritionService        com.example.nutrisaur11              D  User data: name=, age=25, weight=70.0, height=170.0
2025-10-13 11:20:50.078 31211-31622 NutritionService        com.example.nutrisaur11              D  User profile loaded: , BMI: 24.221453287197235
2025-10-13 11:20:50.079 31211-31622 KcalSuggestionCache     com.example.nutrisaur11              D  Cached kcal suggestion is valid
2025-10-13 11:20:50.079 31211-31622 NutritionService        com.example.nutrisaur11              D  Using cached kcal suggestion - user profile unchanged
2025-10-13 11:20:50.080 31211-31211 FoodHistorySyncManager  com.example.nutrisaur11              D  Flag metadata synced successfully
2025-10-13 11:20:50.080 31211-31347 NutritionService        com.example.nutrisaur11              D  Starting nutrition recommendations with database user data...
2025-10-13 11:20:50.080 31211-31211 FoodActivity            com.example.nutrisaur11              D  Download successful, parsing response...
2025-10-13 11:20:50.081 31211-31347 NutritionService        com.example.nutrisaur11              D  Creating user profile from community_users table data...
2025-10-13 11:20:50.081 31211-31211 FoodActivity            com.example.nutrisaur11              D  === PARSING FOOD HISTORY ===
2025-10-13 11:20:50.081 31211-31211 FoodActivity            com.example.nutrisaur11              D  JSON Response: {"success":true,"data":[],"count":0}
2025-10-13 11:20:50.081 31211-31622 KcalSuggestionCache     com.example.nutrisaur11              D  Successfully loaded cached kcal suggestion
2025-10-13 11:20:50.081 31211-31622 CalorieTracker          com.example.nutrisaur11              D  Background AI calculation completed: 2545
2025-10-13 11:20:50.081 31211-31211 FoodActivity            com.example.nutrisaur11              D  Parsing 0 food items from server
2025-10-13 11:20:50.081 31211-31211 FoodActivity            com.example.nutrisaur11              D  === STORING FOOD DATA IN LOCAL STORAGE ===
2025-10-13 11:20:50.081 31211-31211 FoodActivity            com.example.nutrisaur11              D  Storing 0 dates of food data for user: kevinpingol123@gmail.com
2025-10-13 11:20:50.082 31211-31347 NutritionService        com.example.nutrisaur11              D  Calculated age from birthday '2005-10-10': 20
2025-10-13 11:20:50.083 31211-31347 NutritionService        com.example.nutrisaur11              D  Database user data: name=Pingol , Kevin C., age=20, weight=50.0, height=171.0, gender=Male
2025-10-13 11:20:50.083 31211-31347 NutritionService        com.example.nutrisaur11              D  User profile created from database: Pingol , Kevin C., BMI: 17.09927841045108
2025-10-13 11:20:50.084 31211-31347 KcalSuggestionCache     com.example.nutrisaur11              D  User profile changed, cache invalid
2025-10-13 11:20:50.084 31211-31347 NutritionService        com.example.nutrisaur11              D  User profile changed or cache expired - calculating new nutrition data...
2025-10-13 11:20:50.084 31211-31347 NutritionService        com.example.nutrisaur11              D  Calculating nutrition data for user: Pingol , Kevin C.
2025-10-13 11:20:50.084 31211-31347 CalorieCal...ionService com.example.nutrisaur11              D  Calculated BMR: 1473.75 for Pingol , Kevin C.
2025-10-13 11:20:50.084 31211-31347 CalorieCal...ionService com.example.nutrisaur11              D  Calculated TDEE: 2284.3125 (BMR: 1473.75 × Activity: 1.55)
2025-10-13 11:20:50.085 31211-31347 CalorieCal...ionService com.example.nutrisaur11              D  Calculated daily calorie target: 2784 (TDEE: 2284.3125 + Adjustment: 500.0)
2025-10-13 11:20:50.085 31211-31211 FoodActivity            com.example.nutrisaur11              D  ✅ Food history sync completed successfully
2025-10-13 11:20:50.085 31211-31347 CalorieCal...ionService com.example.nutrisaur11              D  Calculated protein target: 110.00000000000001g (2.2g/kg)
2025-10-13 11:20:50.085 31211-31211 FoodActivity            com.example.nutrisaur11              D  Refreshing UI after sync...
2025-10-13 11:20:50.085 31211-31211 FoodActivity            com.example.nutrisaur11              D  Refreshing meal progress on resume
2025-10-13 11:20:50.085 31211-31347 CalorieCal...ionService com.example.nutrisaur11              D  Calculated fat target: 92.8g (30% of 2784 calories)
2025-10-13 11:20:50.085 31211-31211 FoodActivity            com.example.nutrisaur11              D  Syncing CalorieTracker with AddedFoodManager for date: 2025-10-12
2025-10-13 11:20:50.085 31211-31347 CalorieCal...ionService com.example.nutrisaur11              D  Calculated carb target: 377.20000000000005g
2025-10-13 11:20:50.085 31211-31347 CalorieCal...ionService com.example.nutrisaur11              D  Calculated meal distribution: Breakfast=696, Lunch=974, Dinner=835, Snacks=278
2025-10-13 11:20:50.086 31211-31347 NutritionService        com.example.nutrisaur11              D  Calculated nutrition data: 2784 calories, 110.00000000000001g protein, 377.20000000000005g carbs, 92.8g fat
2025-10-13 11:20:50.087 31211-31347 KcalSuggestionCache     com.example.nutrisaur11              D  Successfully cached kcal suggestion for user profile hash: 1159270992
2025-10-13 11:20:50.087 31211-31347 NutritionService        com.example.nutrisaur11              D  Cached new kcal suggestion for updated user profile
2025-10-13 11:20:50.092 31211-31211 CalorieTracker          com.example.nutrisaur11              D  Syncing with 0 added foods for date: 2025-10-12
2025-10-13 11:20:50.093 31211-31211 CalorieTracker          com.example.nutrisaur11              D    Daily foods: 0
2025-10-13 11:20:50.093 31211-31211 CalorieTracker          com.example.nutrisaur11              D  Available database fields: [birthday, is_pregnant, muac_category, notes, weight_kg, nutritional_risk, height_cm, sex, municipality, muac_cm, screening_date, bmi_category, name, barangay, email, age, bmi, status]
2025-10-13 11:20:50.094 31211-31211 CalorieTracker          com.example.nutrisaur11              D  Calculated age from birthday '2005-10-10': 20
2025-10-13 11:20:50.094 31211-31211 CalorieTracker          com.example.nutrisaur11              D  Weight field lookup - weight_kg: '50', weight: 'null', final: '50'
2025-10-13 11:20:50.094 31211-31211 CalorieTracker          com.example.nutrisaur11              D  Set weight from database: 50
2025-10-13 11:20:50.094 31211-31211 CalorieTracker          com.example.nutrisaur11              D  Height field lookup - height_cm: '171', height: 'null', final: '171'
2025-10-13 11:20:50.094 31211-31211 CalorieTracker          com.example.nutrisaur11              D  Set height from database: 171
2025-10-13 11:20:50.094 31211-31211 CalorieTracker          com.example.nutrisaur11              D  Created user profile from database data: Pingol , Kevin C. (Age: 20, Weight: 50.0, Height: 171.0, Gender: Male, Activity: Moderate)
2025-10-13 11:20:50.094 31211-31211 CalorieTracker          com.example.nutrisaur11              D  Using user profile from database data
2025-10-13 11:20:50.095 31211-31211 KcalSuggestionCache     com.example.nutrisaur11              D  User profile changed, cache invalid
2025-10-13 11:20:50.095 31211-31211 CalorieTracker          com.example.nutrisaur11              D  No valid AI cache found, using fallback calculation...
2025-10-13 11:20:50.095 31211-31211 CalorieCal...ionService com.example.nutrisaur11              D  Calculated BMR: 1473.75 for Pingol , Kevin C.
2025-10-13 11:20:50.096 31211-31211 CalorieCal...ionService com.example.nutrisaur11              D  Calculated TDEE: 2284.3125 (BMR: 1473.75 × Activity: 1.55)
2025-10-13 11:20:50.096 31211-31211 CalorieCal...ionService com.example.nutrisaur11              D  Calculated daily calorie target: 2784 (TDEE: 2284.3125 + Adjustment: 500.0)
2025-10-13 11:20:50.096 31211-31211 CalorieTracker          com.example.nutrisaur11              D  Using fallback calculation (AI will update cache): 2784
2025-10-13 11:20:50.096 31211-31211 CalorieTracker          com.example.nutrisaur11              D  Using AI-calculated daily calorie target: 2784
2025-10-13 11:20:50.096 31211-31211 CalorieCal...ionService com.example.nutrisaur11              D  Calculated meal distribution: Breakfast=696, Lunch=974, Dinner=835, Snacks=278
2025-10-13 11:20:50.096 31211-31211 CalorieTracker          com.example.nutrisaur11              D  Calculated meal distribution: Breakfast=696, Lunch=974, Dinner=835, Snacks=278
2025-10-13 11:20:50.096 31211-31211 CalorieTracker          com.example.nutrisaur11              D  Calculated meal distribution: {Breakfast=696, Dinner=835, Snacks=278, Lunch=974}
2025-10-13 11:20:50.099 31211-31624 NutritionService        com.example.nutrisaur11              D  Starting nutrition recommendations...
2025-10-13 11:20:50.099 31211-31624 NutritionService        com.example.nutrisaur11              D  Getting user profile from SharedPreferences...
2025-10-13 11:20:50.099 31211-31624 NutritionService        com.example.nutrisaur11              D  User data: name=, age=25, weight=70.0, height=170.0
2025-10-13 11:20:50.099 31211-31624 NutritionService        com.example.nutrisaur11              D  User profile loaded: , BMI: 24.221453287197235
2025-10-13 11:20:50.100 31211-31624 KcalSuggestionCache     com.example.nutrisaur11              D  User profile changed, cache invalid
2025-10-13 11:20:50.100 31211-31624 NutritionService        com.example.nutrisaur11              D  User profile changed or cache expired - calculating new nutrition data...
2025-10-13 11:20:50.100 31211-31624 NutritionService        com.example.nutrisaur11              D  Calculating nutrition data for user: 
2025-10-13 11:20:50.100 31211-31624 CalorieCal...ionService com.example.nutrisaur11              D  Calculated BMR: 1642.5 for 
2025-10-13 11:20:50.100 31211-31624 CalorieCal...ionService com.example.nutrisaur11              D  Calculated TDEE: 2545.875 (BMR: 1642.5 × Activity: 1.55)
2025-10-13 11:20:50.100 31211-31624 CalorieCal...ionService com.example.nutrisaur11              D  Calculated daily calorie target: 2545 (TDEE: 2545.875 + Adjustment: 0.0)
2025-10-13 11:20:50.100 31211-31624 CalorieCal...ionService com.example.nutrisaur11              D  Calculated protein target: 112.0g (1.6g/kg)
2025-10-13 11:20:50.100 31211-31624 CalorieCal...ionService com.example.nutrisaur11              D  Calculated fat target: 84.83333333333333g (30% of 2545 calories)
2025-10-13 11:20:50.100 31211-31624 CalorieCal...ionService com.example.nutrisaur11              D  Calculated carb target: 333.375g
2025-10-13 11:20:50.100 31211-31624 CalorieCal...ionService com.example.nutrisaur11              D  Calculated meal distribution: Breakfast=636, Lunch=890, Dinner=763, Snacks=254
2025-10-13 11:20:50.101 31211-31624 NutritionService        com.example.nutrisaur11              D  Calculated nutrition data: 2545 calories, 112.0g protein, 333.375g carbs, 84.83333333333333g fat
2025-10-13 11:20:50.102 31211-31624 KcalSuggestionCache     com.example.nutrisaur11              D  Successfully cached kcal suggestion for user profile hash: 652952617
2025-10-13 11:20:50.102 31211-31624 NutritionService        com.example.nutrisaur11              D  Cached new kcal suggestion for updated user profile
2025-10-13 11:20:50.102 31211-31624 CalorieTracker          com.example.nutrisaur11              D  Background AI calculation completed: 2545
2025-10-13 11:20:50.104 31211-31211 CalorieTracker          com.example.nutrisaur11              D  Synced CalorieTracker with AddedFoodManager for date 2025-10-12. Total meals: 0
2025-10-13 11:20:50.104 31211-31211 FoodActivity            com.example.nutrisaur11              D  Updating historical nutrition UI with data for 2025-10-12
2025-10-13 11:20:50.112 31211-31211 FoodActivity            com.example.nutrisaur11              D  Historical meal progress updated for 2025-10-12
2025-10-13 11:20:50.112 31211-31211 FoodActivity            com.example.nutrisaur11              D  Updating meal progress texts with direct AddedFoodManager data
2025-10-13 11:20:50.115 31211-31211 FoodActivity            com.example.nutrisaur11              D  FoodActivity Available database fields: [birthday, is_pregnant, muac_category, notes, weight_kg, nutritional_risk, height_cm, sex, municipality, muac_cm, screening_date, bmi_category, name, barangay, email, age, bmi, status]
