2025-10-11 09:02:08.032 22879-22879 SessionManager          com.example.nutrisaur11              D  === PERIODIC SESSION VALIDATION ===
2025-10-11 09:02:08.033 22879-22879 SessionManager          com.example.nutrisaur11              D  User is active, validating with database
2025-10-11 09:02:08.033 22879-22879 SessionManager          com.example.nutrisaur11              D  Checking user existence in database: kevinpingol123@gmail.com
2025-10-11 09:02:08.033 22879-22879 CommunityUserManager    com.example.nutrisaur11              D  === GETTING CURRENT USER DATA FROM DATABASE (ASYNC) ===
2025-10-11 09:02:08.033 22879-22879 CommunityUserManager    com.example.nutrisaur11              D  Retrieved cached user data for: kevinpingol123@gmail.com
2025-10-11 09:02:08.034 22879-22879 CommunityUserManager    com.example.nutrisaur11              D  Returning cached user data
2025-10-11 09:02:08.034 22879-22879 SessionManager          com.example.nutrisaur11              D  Database check completed in 1ms
2025-10-11 09:02:08.034 22879-22879 SessionManager          com.example.nutrisaur11              D  User exists and is valid: kevinpingol123@gmail.com
2025-10-11 09:02:08.036 22879-22879 SessionManager          com.example.nutrisaur11              D  Checking user existence in database: kevinpingol123@gmail.com
2025-10-11 09:02:08.036 22879-22879 CommunityUserManager    com.example.nutrisaur11              D  === GETTING CURRENT USER DATA FROM DATABASE (ASYNC) ===
2025-10-11 09:02:08.037 22879-22879 CommunityUserManager    com.example.nutrisaur11              D  Retrieved cached user data for: kevinpingol123@gmail.com
2025-10-11 09:02:08.037 22879-22879 CommunityUserManager    com.example.nutrisaur11              D  Returning cached user data
2025-10-11 09:02:08.037 22879-22879 SessionManager          com.example.nutrisaur11              D  Database check completed in 1ms
2025-10-11 09:02:08.038 22879-22879 SessionManager          com.example.nutrisaur11              D  User exists and is valid: kevinpingol123@gmail.com
2025-10-11 09:02:08.281 22879-22879 SessionManager          com.example.nutrisaur11              D  User interaction recorded at: 1760144528281
2025-10-11 09:02:08.390 22879-22879 CalorieTracker          com.example.nutrisaur11              D  Saved current day data to history for date: 2025-10-11
2025-10-11 09:02:08.391 22879-22879 FoodActivity            com.example.nutrisaur11              D  Saved current day data to history
2025-10-11 09:02:08.391 22879-22879 FoodActivity            com.example.nutrisaur11              D  Date display updated to: 2025-10-10
2025-10-11 09:02:08.391 22879-22879 FoodActivity            com.example.nutrisaur11              D  Loading nutrition data for selected date: 2025-10-10
2025-10-11 09:02:08.392 22879-22879 FoodActivity            com.example.nutrisaur11              D  Navigated to previous day: 2025-10-10
2025-10-11 09:02:08.494 22879-22879 IS_CTS_MODE             com.example.nutrisaur11              D  false
2025-10-11 09:02:08.494 22879-22879 MULTI_WIND...CH_ENABLED com.example.nutrisaur11              D  false
2025-10-11 09:02:08.585 22879-22879 DecorView[]             com.example.nutrisaur11              D  onWindowFocusChanged hasWindowFocus false
2025-10-11 09:02:08.619 22879-22879 DecorView[]             com.example.nutrisaur11              D  onWindowFocusChanged hasWindowFocus true
2025-10-11 09:02:10.025 22879-22879 FoodActivity            com.example.nutrisaur11              D  Loading historical nutrition data for: 2025-10-10
2025-10-11 09:02:10.030 22879-22879 CalorieTracker          com.example.nutrisaur11              D  Syncing with 0 added foods for date: 2025-10-10
2025-10-11 09:02:10.031 22879-22879 CalorieTracker          com.example.nutrisaur11              D    Daily foods: 0
2025-10-11 09:02:10.031 22879-22879 CalorieTracker          com.example.nutrisaur11              D  Available database fields: [birthday, is_pregnant, muac_category, notes, weight_kg, nutritional_risk, height_cm, sex, municipality, muac_cm, screening_date, bmi_category, name, barangay, email, age, bmi, status]
2025-10-11 09:02:10.031 22879-22879 CalorieTracker          com.example.nutrisaur11              D  Calculated age from birthday '2005-10-10': 20
2025-10-11 09:02:10.031 22879-22879 CalorieTracker          com.example.nutrisaur11              D  Weight field lookup - weight_kg: '50', weight: 'null', final: '50'
2025-10-11 09:02:10.031 22879-22879 CalorieTracker          com.example.nutrisaur11              D  Set weight from database: 50
2025-10-11 09:02:10.031 22879-22879 CalorieTracker          com.example.nutrisaur11              D  Height field lookup - height_cm: '171', height: 'null', final: '171'
2025-10-11 09:02:10.031 22879-22879 CalorieTracker          com.example.nutrisaur11              D  Set height from database: 171
2025-10-11 09:02:10.032 22879-22879 CalorieTracker          com.example.nutrisaur11              D  Created user profile from database data: Pingol , Kevin C. (Age: 20, Weight: 50.0, Height: 171.0, Gender: Male, Activity: Moderate)
2025-10-11 09:02:10.032 22879-22879 CalorieTracker          com.example.nutrisaur11              D  Using user profile from database data
2025-10-11 09:02:10.032 22879-22879 KcalSuggestionCache     com.example.nutrisaur11              D  User profile changed, cache invalid
2025-10-11 09:02:10.032 22879-22879 CalorieTracker          com.example.nutrisaur11              D  No valid AI cache found, using fallback calculation...
2025-10-11 09:02:10.032 22879-22879 CalorieCal...ionService com.example.nutrisaur11              D  Calculated BMR: 1473.75 for Pingol , Kevin C.
2025-10-11 09:02:10.032 22879-22879 CalorieCal...ionService com.example.nutrisaur11              D  Calculated TDEE: 2284.3125 (BMR: 1473.75 × Activity: 1.55)
2025-10-11 09:02:10.032 22879-22879 CalorieCal...ionService com.example.nutrisaur11              D  Calculated daily calorie target: 2784 (TDEE: 2284.3125 + Adjustment: 500.0)
2025-10-11 09:02:10.032 22879-22879 CalorieTracker          com.example.nutrisaur11              D  Using fallback calculation (AI will update cache): 2784
2025-10-11 09:02:10.034 22879-22879 CalorieTracker          com.example.nutrisaur11              D  Using AI-calculated daily calorie target: 2784
2025-10-11 09:02:10.034 22879-22879 CalorieCal...ionService com.example.nutrisaur11              D  Calculated meal distribution: Breakfast=696, Lunch=974, Dinner=835, Snacks=278
2025-10-11 09:02:10.034 22879-22879 CalorieTracker          com.example.nutrisaur11              D  Calculated meal distribution: Breakfast=696, Lunch=974, Dinner=835, Snacks=278
2025-10-11 09:02:10.035 22879-22879 CalorieTracker          com.example.nutrisaur11              D  Calculated meal distribution: {Breakfast=696, Dinner=835, Snacks=278, Lunch=974}
2025-10-11 09:02:10.037 22879-23677 NutritionService        com.example.nutrisaur11              D  Starting nutrition recommendations...
2025-10-11 09:02:10.037 22879-23677 NutritionService        com.example.nutrisaur11              D  Getting user profile from SharedPreferences...
2025-10-11 09:02:10.037 22879-23677 NutritionService        com.example.nutrisaur11              D  User data: name=, age=25, weight=70.0, height=170.0
2025-10-11 09:02:10.037 22879-23677 NutritionService        com.example.nutrisaur11              D  User profile loaded: , BMI: 24.221453287197235
2025-10-11 09:02:10.038 22879-23677 KcalSuggestionCache     com.example.nutrisaur11              D  Cached kcal suggestion is valid
2025-10-11 09:02:10.038 22879-23677 NutritionService        com.example.nutrisaur11              D  Using cached kcal suggestion - user profile unchanged
2025-10-11 09:02:10.038 22879-23677 KcalSuggestionCache     com.example.nutrisaur11              D  Successfully loaded cached kcal suggestion
2025-10-11 09:02:10.038 22879-23677 CalorieTracker          com.example.nutrisaur11              D  Background AI calculation completed: 2545
2025-10-11 09:02:10.044 22879-22879 CalorieTracker          com.example.nutrisaur11              D  Synced CalorieTracker with AddedFoodManager for date 2025-10-10. Total meals: 0
2025-10-11 09:02:10.046 22879-23024 NutritionService        com.example.nutrisaur11              D  Starting nutrition recommendations with database user data...
2025-10-11 09:02:10.046 22879-23024 NutritionService        com.example.nutrisaur11              D  Creating user profile from community_users table data...
2025-10-11 09:02:10.046 22879-23024 NutritionService        com.example.nutrisaur11              D  Calculated age from birthday '2005-10-10': 20
2025-10-11 09:02:10.046 22879-23024 NutritionService        com.example.nutrisaur11              D  Database user data: name=Pingol , Kevin C., age=20, weight=50.0, height=171.0, gender=Male
2025-10-11 09:02:10.046 22879-23024 NutritionService        com.example.nutrisaur11              D  User profile created from database: Pingol , Kevin C., BMI: 17.09927841045108
2025-10-11 09:02:10.047 22879-23024 KcalSuggestionCache     com.example.nutrisaur11              D  User profile changed, cache invalid
2025-10-11 09:02:10.047 22879-23024 NutritionService        com.example.nutrisaur11              D  User profile changed or cache expired - calculating new nutrition data...
2025-10-11 09:02:10.047 22879-23024 NutritionService        com.example.nutrisaur11              D  Calculating nutrition data for user: Pingol , Kevin C.
2025-10-11 09:02:10.047 22879-23024 CalorieCal...ionService com.example.nutrisaur11              D  Calculated BMR: 1473.75 for Pingol , Kevin C.
2025-10-11 09:02:10.047 22879-23024 CalorieCal...ionService com.example.nutrisaur11              D  Calculated TDEE: 2284.3125 (BMR: 1473.75 × Activity: 1.55)
2025-10-11 09:02:10.047 22879-23024 CalorieCal...ionService com.example.nutrisaur11              D  Calculated daily calorie target: 2784 (TDEE: 2284.3125 + Adjustment: 500.0)
2025-10-11 09:02:10.047 22879-23024 CalorieCal...ionService com.example.nutrisaur11              D  Calculated protein target: 110.00000000000001g (2.2g/kg)
2025-10-11 09:02:10.047 22879-23024 CalorieCal...ionService com.example.nutrisaur11              D  Calculated fat target: 92.8g (30% of 2784 calories)
2025-10-11 09:02:10.047 22879-23024 CalorieCal...ionService com.example.nutrisaur11              D  Calculated carb target: 377.20000000000005g
2025-10-11 09:02:10.047 22879-23024 CalorieCal...ionService com.example.nutrisaur11              D  Calculated meal distribution: Breakfast=696, Lunch=974, Dinner=835, Snacks=278
2025-10-11 09:02:10.047 22879-23024 NutritionService        com.example.nutrisaur11              D  Calculated nutrition data: 2784 calories, 110.00000000000001g protein, 377.20000000000005g carbs, 92.8g fat
2025-10-11 09:02:10.047 22879-23024 KcalSuggestionCache     com.example.nutrisaur11              D  Successfully cached kcal suggestion for user profile hash: 1159270992
2025-10-11 09:02:10.047 22879-23024 NutritionService        com.example.nutrisaur11              D  Cached new kcal suggestion for updated user profile
2025-10-11 09:02:10.048 22879-22879 FoodActivity            com.example.nutrisaur11              D  Updating historical nutrition UI with data for 2025-10-10
2025-10-11 09:02:10.055 22879-22879 FoodActivity            com.example.nutrisaur11              D  Historical meal progress updated for 2025-10-10
2025-10-11 09:02:10.055 22879-22879 FoodActivity            com.example.nutrisaur11              D  Updating meal progress texts with direct AddedFoodManager data
2025-10-11 09:02:10.058 22879-22879 FoodActivity            com.example.nutrisaur11              D  FoodActivity Available database fields: [birthday, is_pregnant, muac_category, notes, weight_kg, nutritional_risk, height_cm, sex, municipality, muac_cm, screening_date, bmi_category, name, barangay, email, age, bmi, status]
2025-10-11 09:02:10.058 22879-22879 FoodActivity            com.example.nutrisaur11              D  Calculated age from birthday '2005-10-10': 20
2025-10-11 09:02:10.058 22879-22879 FoodActivity            com.example.nutrisaur11              D  FoodActivity Weight field lookup - weight_kg: '50', weight: 'null', final: '50'
2025-10-11 09:02:10.058 22879-22879 FoodActivity            com.example.nutrisaur11              D  FoodActivity: Set weight from database: 50
2025-10-11 09:02:10.058 22879-22879 FoodActivity            com.example.nutrisaur11              D  FoodActivity Height field lookup - height_cm: '171', height: 'null', final: '171'
2025-10-11 09:02:10.058 22879-22879 FoodActivity            com.example.nutrisaur11              D  FoodActivity: Set height from database: 171
2025-10-11 09:02:10.058 22879-22879 FoodActivity            com.example.nutrisaur11              D  Created user profile from database data: Pingol , Kevin C. (Age: 20, Weight: 50.0, Height: 171.0, Gender: Male, Activity: Moderate)
2025-10-11 09:02:10.059 22879-22879 KcalSuggestionCache     com.example.nutrisaur11              D  User profile changed, cache invalid
2025-10-11 09:02:10.059 22879-22879 FoodActivity            com.example.nutrisaur11              D  No valid AI cache found, using fallback calculation...
2025-10-11 09:02:10.059 22879-22879 CalorieCal...ionService com.example.nutrisaur11              D  Calculated BMR: 1473.75 for Pingol , Kevin C.
2025-10-11 09:02:10.059 22879-22879 CalorieCal...ionService com.example.nutrisaur11              D  Calculated TDEE: 2284.3125 (BMR: 1473.75 × Activity: 1.55)
2025-10-11 09:02:10.059 22879-22879 CalorieCal...ionService com.example.nutrisaur11              D  Calculated daily calorie target: 2784 (TDEE: 2284.3125 + Adjustment: 500.0)
2025-10-11 09:02:10.059 22879-22879 FoodActivity            com.example.nutrisaur11              D  Using fallback calculation (AI will update cache): 2784
2025-10-11 09:02:10.059 22879-22879 FoodActivity            com.example.nutrisaur11              D  Starting background AI calculation...
2025-10-11 09:02:10.059 22879-22879 FoodActivity            com.example.nutrisaur11              D  Using AI-calculated total daily calories: 2784
2025-10-11 09:02:10.059 22879-22879 FoodActivity            com.example.nutrisaur11              D  FoodActivity Available database fields: [birthday, is_pregnant, muac_category, notes, weight_kg, nutritional_risk, height_cm, sex, municipality, muac_cm, screening_date, bmi_category, name, barangay, email, age, bmi, status]
2025-10-11 09:02:10.060 22879-22879 FoodActivity            com.example.nutrisaur11              D  Calculated age from birthday '2005-10-10': 20
2025-10-11 09:02:10.060 22879-22879 FoodActivity            com.example.nutrisaur11              D  FoodActivity Weight field lookup - weight_kg: '50', weight: 'null', final: '50'
2025-10-11 09:02:10.060 22879-22879 FoodActivity            com.example.nutrisaur11              D  FoodActivity: Set weight from database: 50
2025-10-11 09:02:10.060 22879-22879 FoodActivity            com.example.nutrisaur11              D  FoodActivity Height field lookup - height_cm: '171', height: 'null', final: '171'
2025-10-11 09:02:10.060 22879-22879 FoodActivity            com.example.nutrisaur11              D  FoodActivity: Set height from database: 171
2025-10-11 09:02:10.060 22879-22879 FoodActivity            com.example.nutrisaur11              D  Created user profile from database data: Pingol , Kevin C. (Age: 20, Weight: 50.0, Height: 171.0, Gender: Male, Activity: Moderate)
2025-10-11 09:02:10.060 22879-23024 NutritionService        com.example.nutrisaur11              D  Starting nutrition recommendations...
2025-10-11 09:02:10.060 22879-23024 NutritionService        com.example.nutrisaur11              D  Getting user profile from SharedPreferences...
2025-10-11 09:02:10.060 22879-23024 NutritionService        com.example.nutrisaur11              D  User data: name=, age=25, weight=70.0, height=170.0
2025-10-11 09:02:10.060 22879-23024 NutritionService        com.example.nutrisaur11              D  User profile loaded: , BMI: 24.221453287197235
2025-10-11 09:02:10.060 22879-22879 CalorieCal...ionService com.example.nutrisaur11              D  Calculated meal distribution: Breakfast=696, Lunch=974, Dinner=835, Snacks=278
2025-10-11 09:02:10.060 22879-22879 FoodActivity            com.example.nutrisaur11              D  Calculated meal distribution: Breakfast=696, Lunch=974, Dinner=835, Snacks=278
2025-10-11 09:02:10.060 22879-22879 FoodActivity            com.example.nutrisaur11              D  Direct update Breakfast: 0 / 696 kcal (from 0 foods)
2025-10-11 09:02:10.060 22879-23024 KcalSuggestionCache     com.example.nutrisaur11              D  User profile changed, cache invalid
2025-10-11 09:02:10.060 22879-23024 NutritionService        com.example.nutrisaur11              D  User profile changed or cache expired - calculating new nutrition data...
2025-10-11 09:02:10.060 22879-23024 NutritionService        com.example.nutrisaur11              D  Calculating nutrition data for user: 
2025-10-11 09:02:10.061 22879-23024 CalorieCal...ionService com.example.nutrisaur11              D  Calculated BMR: 1642.5 for 
2025-10-11 09:02:10.061 22879-23024 CalorieCal...ionService com.example.nutrisaur11              D  Calculated TDEE: 2545.875 (BMR: 1642.5 × Activity: 1.55)
2025-10-11 09:02:10.061 22879-23024 CalorieCal...ionService com.example.nutrisaur11              D  Calculated daily calorie target: 2545 (TDEE: 2545.875 + Adjustment: 0.0)
2025-10-11 09:02:10.061 22879-23024 CalorieCal...ionService com.example.nutrisaur11              D  Calculated protein target: 112.0g (1.6g/kg)
2025-10-11 09:02:10.061 22879-22879 FoodActivity            com.example.nutrisaur11              D  Set breakfast progress text to: 0 / 696 kcal
2025-10-11 09:02:10.061 22879-23024 CalorieCal...ionService com.example.nutrisaur11              D  Calculated fat target: 84.83333333333333g (30% of 2545 calories)
2025-10-11 09:02:10.061 22879-22879 FoodActivity            com.example.nutrisaur11              D  Direct update Lunch: 0 / 974 kcal (from 0 foods)
2025-10-11 09:02:10.061 22879-23024 CalorieCal...ionService com.example.nutrisaur11              D  Calculated carb target: 333.375g
2025-10-11 09:02:10.061 22879-23024 CalorieCal...ionService com.example.nutrisaur11              D  Calculated meal distribution: Breakfast=636, Lunch=890, Dinner=763, Snacks=254
2025-10-11 09:02:10.061 22879-23024 NutritionService        com.example.nutrisaur11              D  Calculated nutrition data: 2545 calories, 112.0g protein, 333.375g carbs, 84.83333333333333g fat
2025-10-11 09:02:10.061 22879-22879 FoodActivity            com.example.nutrisaur11              D  Set lunch progress text to: 0 / 974 kcal
2025-10-11 09:02:10.061 22879-22879 FoodActivity            com.example.nutrisaur11              D  Direct update Dinner: 0 / 835 kcal (from 0 foods)
2025-10-11 09:02:10.061 22879-22879 FoodActivity            com.example.nutrisaur11              D  Set dinner progress text to: 0 / 835 kcal
2025-10-11 09:02:10.062 22879-22879 FoodActivity            com.example.nutrisaur11              D  Direct update Snacks: 0 / 278 kcal (from 0 foods)
2025-10-11 09:02:10.062 22879-23024 KcalSuggestionCache     com.example.nutrisaur11              D  Successfully cached kcal suggestion for user profile hash: 652952617
2025-10-11 09:02:10.062 22879-23024 NutritionService        com.example.nutrisaur11              D  Cached new kcal suggestion for updated user profile
2025-10-11 09:02:10.062 22879-23024 FoodActivity            com.example.nutrisaur11              D  Background AI calculation completed: 2545
2025-10-11 09:02:10.062 22879-22879 FoodActivity            com.example.nutrisaur11              D  Set snacks progress text to: 0 / 278 kcal
2025-10-11 09:02:10.066 22879-22879 FoodActivity            com.example.nutrisaur11              D  Macronutrients remaining - Protein: 110/110, Carbs: 377/377, Fat: 92/92
2025-10-11 09:02:10.067 22879-22879 FoodActivity            com.example.nutrisaur11              D  Historical nutrition data loaded successfully for 2025-10-10
2025-10-11 09:02:10.074 22879-22879 FoodActivity            com.example.nutrisaur11              D  Refreshing nutrition UI with updated AI data...
2025-10-11 09:02:10.075 22879-22879 FoodActivity            com.example.nutrisaur11              D  Updating kcal goal circle directly
2025-10-11 09:02:10.076 22879-22879 FoodActivity            com.example.nutrisaur11              D  Total eaten calories for circle update: 0
2025-10-11 09:02:10.076 22879-22879 FoodActivity            com.example.nutrisaur11              D  FoodActivity Available database fields: [birthday, is_pregnant, muac_category, notes, weight_kg, nutritional_risk, height_cm, sex, municipality, muac_cm, screening_date, bmi_category, name, barangay, email, age, bmi, status]
2025-10-11 09:02:10.076 22879-22879 FoodActivity            com.example.nutrisaur11              D  Calculated age from birthday '2005-10-10': 20
2025-10-11 09:02:10.076 22879-22879 FoodActivity            com.example.nutrisaur11              D  FoodActivity Weight field lookup - weight_kg: '50', weight: 'null', final: '50'
2025-10-11 09:02:10.076 22879-22879 FoodActivity            com.example.nutrisaur11              D  FoodActivity: Set weight from database: 50
2025-10-11 09:02:10.076 22879-22879 FoodActivity            com.example.nutrisaur11              D  FoodActivity Height field lookup - height_cm: '171', height: 'null', final: '171'
2025-10-11 09:02:10.076 22879-22879 FoodActivity            com.example.nutrisaur11              D  FoodActivity: Set height from database: 171
2025-10-11 09:02:10.076 22879-22879 FoodActivity            com.example.nutrisaur11              D  Created user profile from database data: Pingol , Kevin C. (Age: 20, Weight: 50.0, Height: 171.0, Gender: Male, Activity: Moderate)
2025-10-11 09:02:10.076 22879-22879 CalorieCal...ionService com.example.nutrisaur11              D  Calculated BMR: 1473.75 for Pingol , Kevin C.
2025-10-11 09:02:10.076 22879-22879 CalorieCal...ionService com.example.nutrisaur11              D  Calculated TDEE: 2284.3125 (BMR: 1473.75 × Activity: 1.55)
2025-10-11 09:02:10.077 22879-22879 CalorieCal...ionService com.example.nutrisaur11              D  Calculated daily calorie target: 2784 (TDEE: 2284.3125 + Adjustment: 500.0)
2025-10-11 09:02:10.077 22879-22879 FoodActivity            com.example.nutrisaur11              D  Calculated daily calorie target: 2784
2025-10-11 09:02:10.077 22879-22879 FoodActivity            com.example.nutrisaur11              D  Kcal Goal Circle Update:
2025-10-11 09:02:10.077 22879-22879 FoodActivity            com.example.nutrisaur11              D    Total Daily Calories: 2784
2025-10-11 09:02:10.077 22879-22879 FoodActivity            com.example.nutrisaur11              D    Total Eaten Calories: 0
2025-10-11 09:02:10.077 22879-22879 FoodActivity            com.example.nutrisaur11              D    Calories Left: 2784
2025-10-11 09:02:10.077 22879-22879 FoodActivity            com.example.nutrisaur11              D    Progress Percent: 0.0%
2025-10-11 09:02:10.077 22879-22879 FoodActivity            com.example.nutrisaur11              D  Updating macronutrient data directly
2025-10-11 09:02:10.080 22879-22879 FoodActivity            com.example.nutrisaur11              D  FoodActivity Available database fields: [birthday, is_pregnant, muac_category, notes, weight_kg, nutritional_risk, height_cm, sex, municipality, muac_cm, screening_date, bmi_category, name, barangay, email, age, bmi, status]
2025-10-11 09:02:10.081 22879-22879 FoodActivity            com.example.nutrisaur11              D  Calculated age from birthday '2005-10-10': 20
2025-10-11 09:02:10.081 22879-22879 FoodActivity            com.example.nutrisaur11              D  FoodActivity Weight field lookup - weight_kg: '50', weight: 'null', final: '50'
2025-10-11 09:02:10.081 22879-22879 FoodActivity            com.example.nutrisaur11              D  FoodActivity: Set weight from database: 50
2025-10-11 09:02:10.081 22879-22879 FoodActivity            com.example.nutrisaur11              D  FoodActivity Height field lookup - height_cm: '171', height: 'null', final: '171'
2025-10-11 09:02:10.081 22879-22879 FoodActivity            com.example.nutrisaur11              D  FoodActivity: Set height from database: 171
2025-10-11 09:02:10.081 22879-22879 FoodActivity            com.example.nutrisaur11              D  Created user profile from database data: Pingol , Kevin C. (Age: 20, Weight: 50.0, Height: 171.0, Gender: Male, Activity: Moderate)
2025-10-11 09:02:10.081 22879-22879 CalorieCal...ionService com.example.nutrisaur11              D  Calculated BMR: 1473.75 for Pingol , Kevin C.
2025-10-11 09:02:10.081 22879-22879 CalorieCal...ionService com.example.nutrisaur11              D  Calculated TDEE: 2284.3125 (BMR: 1473.75 × Activity: 1.55)
2025-10-11 09:02:10.081 22879-22879 CalorieCal...ionService com.example.nutrisaur11              D  Calculated daily calorie target: 2784 (TDEE: 2284.3125 + Adjustment: 500.0)
2025-10-11 09:02:10.081 22879-22879 FoodActivity            com.example.nutrisaur11              D  Calculated macro targets - Protein: 153, Carbs: 375, Fat: 74
2025-10-11 09:02:10.081 22879-22879 FoodActivity            com.example.nutrisaur11              D  Macro Update:
2025-10-11 09:02:10.081 22879-22879 FoodActivity            com.example.nutrisaur11              D    Protein: 153/153 (eaten: 0)
2025-10-11 09:02:10.081 22879-22879 FoodActivity            com.example.nutrisaur11              D    Carbs: 375/375 (eaten: 0)
2025-10-11 09:02:10.081 22879-22879 FoodActivity            com.example.nutrisaur11              D    Fat: 74/74 (eaten: 0)
2025-10-11 09:02:10.082 22879-22879 FoodActivity            com.example.nutrisaur11              D  Updating meal progress texts with direct AddedFoodManager data
2025-10-11 09:02:10.085 22879-22879 FoodActivity            com.example.nutrisaur11              D  FoodActivity Available database fields: [birthday, is_pregnant, muac_category, notes, weight_kg, nutritional_risk, height_cm, sex, municipality, muac_cm, screening_date, bmi_category, name, barangay, email, age, bmi, status]
2025-10-11 09:02:10.085 22879-22879 FoodActivity            com.example.nutrisaur11              D  Calculated age from birthday '2005-10-10': 20
2025-10-11 09:02:10.085 22879-22879 FoodActivity            com.example.nutrisaur11              D  FoodActivity Weight field lookup - weight_kg: '50', weight: 'null', final: '50'
2025-10-11 09:02:10.085 22879-22879 FoodActivity            com.example.nutrisaur11              D  FoodActivity: Set weight from database: 50
2025-10-11 09:02:10.085 22879-22879 FoodActivity            com.example.nutrisaur11              D  FoodActivity Height field lookup - height_cm: '171', height: 'null', final: '171'
2025-10-11 09:02:10.085 22879-22879 FoodActivity            com.example.nutrisaur11              D  FoodActivity: Set height from database: 171
2025-10-11 09:02:10.085 22879-22879 FoodActivity            com.example.nutrisaur11              D  Created user profile from database data: Pingol , Kevin C. (Age: 20, Weight: 50.0, Height: 171.0, Gender: Male, Activity: Moderate)
2025-10-11 09:02:10.086 22879-22879 KcalSuggestionCache     com.example.nutrisaur11              D  User profile changed, cache invalid
2025-10-11 09:02:10.086 22879-22879 FoodActivity            com.example.nutrisaur11              D  No valid AI cache found, using fallback calculation...
2025-10-11 09:02:10.086 22879-22879 CalorieCal...ionService com.example.nutrisaur11              D  Calculated BMR: 1473.75 for Pingol , Kevin C.
2025-10-11 09:02:10.086 22879-22879 CalorieCal...ionService com.example.nutrisaur11              D  Calculated TDEE: 2284.3125 (BMR: 1473.75 × Activity: 1.55)
2025-10-11 09:02:10.086 22879-22879 CalorieCal...ionService com.example.nutrisaur11              D  Calculated daily calorie target: 2784 (TDEE: 2284.3125 + Adjustment: 500.0)
2025-10-11 09:02:10.086 22879-22879 FoodActivity            com.example.nutrisaur11              D  Using fallback calculation (AI will update cache): 2784
2025-10-11 09:02:10.086 22879-22879 FoodActivity            com.example.nutrisaur11              D  AI calculation already in progress, skipping...
2025-10-11 09:02:10.086 22879-22879 FoodActivity            com.example.nutrisaur11              D  Using AI-calculated total daily calories: 2784
2025-10-11 09:02:10.086 22879-22879 FoodActivity            com.example.nutrisaur11              D  FoodActivity Available database fields: [birthday, is_pregnant, muac_category, notes, weight_kg, nutritional_risk, height_cm, sex, municipality, muac_cm, screening_date, bmi_category, name, barangay, email, age, bmi, status]
2025-10-11 09:02:10.086 22879-22879 FoodActivity            com.example.nutrisaur11              D  Calculated age from birthday '2005-10-10': 20
2025-10-11 09:02:10.086 22879-22879 FoodActivity            com.example.nutrisaur11              D  FoodActivity Weight field lookup - weight_kg: '50', weight: 'null', final: '50'
2025-10-11 09:02:10.086 22879-22879 FoodActivity            com.example.nutrisaur11              D  FoodActivity: Set weight from database: 50
2025-10-11 09:02:10.086 22879-22879 FoodActivity            com.example.nutrisaur11              D  FoodActivity Height field lookup - height_cm: '171', height: 'null', final: '171'
2025-10-11 09:02:10.086 22879-22879 FoodActivity            com.example.nutrisaur11              D  FoodActivity: Set height from database: 171
2025-10-11 09:02:10.086 22879-22879 FoodActivity            com.example.nutrisaur11              D  Created user profile from database data: Pingol , Kevin C. (Age: 20, Weight: 50.0, Height: 171.0, Gender: Male, Activity: Moderate)
2025-10-11 09:02:10.086 22879-22879 CalorieCal...ionService com.example.nutrisaur11              D  Calculated meal distribution: Breakfast=696, Lunch=974, Dinner=835, Snacks=278
2025-10-11 09:02:10.086 22879-22879 FoodActivity            com.example.nutrisaur11              D  Calculated meal distribution: Breakfast=696, Lunch=974, Dinner=835, Snacks=278
2025-10-11 09:02:10.086 22879-22879 FoodActivity            com.example.nutrisaur11              D  Direct update Breakfast: 0 / 696 kcal (from 0 foods)
2025-10-11 09:02:10.087 22879-23479 OpenGLRenderer          com.example.nutrisaur11              I  Davey! duration=9223309978353ms; Flags=0, FrameTimelineVsyncId=3283823, IntendedVsync=62058500837041, Vsync=62058500837041, InputEventId=0, HandleInputStart=62058502730646, AnimationStart=62058502732521, PerformTraversalsStart=62058502814969, DrawStart=62058507913302, FrameDeadline=62058534170373, FrameInterval=62058502719448, FrameStartTime=16666666, SyncQueued=62058509131636, SyncStart=62058509586844, IssueDrawCommandsStart=62058509831948, SwapBuffers=62058511302677, FrameCompleted=9223372036854775807, DequeueBufferDuration=20000, QueueBufferDuration=1063438, GpuCompleted=9223372036854775807, SwapBuffersCompleted=62058512767104, DisplayPresentTime=0, 
2025-10-11 09:02:10.087 22879-22879 FoodActivity            com.example.nutrisaur11              D  Set breakfast progress text to: 0 / 696 kcal
2025-10-11 09:02:10.087 22879-22879 FoodActivity            com.example.nutrisaur11              D  Direct update Lunch: 0 / 974 kcal (from 0 foods)
2025-10-11 09:02:10.087 22879-22879 FoodActivity            com.example.nutrisaur11              D  Set lunch progress text to: 0 / 974 kcal
2025-10-11 09:02:10.087 22879-22879 FoodActivity            com.example.nutrisaur11              D  Direct update Dinner: 0 / 835 kcal (from 0 foods)
2025-10-11 09:02:10.087 22879-22879 FoodActivity            com.example.nutrisaur11              D  Set dinner progress text to: 0 / 835 kcal
2025-10-11 09:02:10.087 22879-22879 FoodActivity            com.example.nutrisaur11              D  Direct update Snacks: 0 / 278 kcal (from 0 foods)
2025-10-11 09:02:10.088 22879-22879 FoodActivity            com.example.nutrisaur11              D  Set snacks progress text to: 0 / 278 kcal
2025-10-11 09:02:10.088 22879-22879 FoodActivity            com.example.nutrisaur11              D  Updating meal progress texts with direct AddedFoodManager data
2025-10-11 09:02:10.090 22879-22879 FoodActivity            com.example.nutrisaur11              D  FoodActivity Available database fields: [birthday, is_pregnant, muac_category, notes, weight_kg, nutritional_risk, height_cm, sex, municipality, muac_cm, screening_date, bmi_category, name, barangay, email, age, bmi, status]
2025-10-11 09:02:10.090 22879-22879 FoodActivity            com.example.nutrisaur11              D  Calculated age from birthday '2005-10-10': 20
2025-10-11 09:02:10.090 22879-22879 FoodActivity            com.example.nutrisaur11              D  FoodActivity Weight field lookup - weight_kg: '50', weight: 'null', final: '50'
2025-10-11 09:02:10.090 22879-22879 FoodActivity            com.example.nutrisaur11              D  FoodActivity: Set weight from database: 50
2025-10-11 09:02:10.090 22879-22879 FoodActivity            com.example.nutrisaur11              D  FoodActivity Height field lookup - height_cm: '171', height: 'null', final: '171'
2025-10-11 09:02:10.090 22879-22879 FoodActivity            com.example.nutrisaur11              D  FoodActivity: Set height from database: 171
2025-10-11 09:02:10.090 22879-22879 FoodActivity            com.example.nutrisaur11              D  Created user profile from database data: Pingol , Kevin C. (Age: 20, Weight: 50.0, Height: 171.0, Gender: Male, Activity: Moderate)
2025-10-11 09:02:10.091 22879-22879 KcalSuggestionCache     com.example.nutrisaur11              D  User profile changed, cache invalid
2025-10-11 09:02:10.091 22879-22879 FoodActivity            com.example.nutrisaur11              D  No valid AI cache found, using fallback calculation...
2025-10-11 09:02:10.091 22879-22879 CalorieCal...ionService com.example.nutrisaur11              D  Calculated BMR: 1473.75 for Pingol , Kevin C.
2025-10-11 09:02:10.091 22879-22879 CalorieCal...ionService com.example.nutrisaur11              D  Calculated TDEE: 2284.3125 (BMR: 1473.75 × Activity: 1.55)
2025-10-11 09:02:10.091 22879-22879 CalorieCal...ionService com.example.nutrisaur11              D  Calculated daily calorie target: 2784 (TDEE: 2284.3125 + Adjustment: 500.0)
2025-10-11 09:02:10.091 22879-22879 FoodActivity            com.example.nutrisaur11              D  Using fallback calculation (AI will update cache): 2784
2025-10-11 09:02:10.091 22879-22879 FoodActivity            com.example.nutrisaur11              D  AI calculation already in progress, skipping...
2025-10-11 09:02:10.091 22879-22879 FoodActivity            com.example.nutrisaur11              D  Using AI-calculated total daily calories: 2784
2025-10-11 09:02:10.091 22879-22879 FoodActivity            com.example.nutrisaur11              D  FoodActivity Available database fields: [birthday, is_pregnant, muac_category, notes, weight_kg, nutritional_risk, height_cm, sex, municipality, muac_cm, screening_date, bmi_category, name, barangay, email, age, bmi, status]
2025-10-11 09:02:10.091 22879-22879 FoodActivity            com.example.nutrisaur11              D  Calculated age from birthday '2005-10-10': 20
2025-10-11 09:02:10.091 22879-22879 FoodActivity            com.example.nutrisaur11              D  FoodActivity Weight field lookup - weight_kg: '50', weight: 'null', final: '50'
2025-10-11 09:02:10.091 22879-22879 FoodActivity            com.example.nutrisaur11              D  FoodActivity: Set weight from database: 50
2025-10-11 09:02:10.091 22879-22879 FoodActivity            com.example.nutrisaur11              D  FoodActivity Height field lookup - height_cm: '171', height: 'null', final: '171'
2025-10-11 09:02:10.091 22879-22879 FoodActivity            com.example.nutrisaur11              D  FoodActivity: Set height from database: 171
2025-10-11 09:02:10.091 22879-22879 FoodActivity            com.example.nutrisaur11              D  Created user profile from database data: Pingol , Kevin C. (Age: 20, Weight: 50.0, Height: 171.0, Gender: Male, Activity: Moderate)
2025-10-11 09:02:10.092 22879-22879 CalorieCal...ionService com.example.nutrisaur11              D  Calculated meal distribution: Breakfast=696, Lunch=974, Dinner=835, Snacks=278
2025-10-11 09:02:10.092 22879-22879 FoodActivity            com.example.nutrisaur11              D  Calculated meal distribution: Breakfast=696, Lunch=974, Dinner=835, Snacks=278
2025-10-11 09:02:10.092 22879-22879 FoodActivity            com.example.nutrisaur11              D  Direct update Breakfast: 0 / 696 kcal (from 0 foods)
2025-10-11 09:02:10.092 22879-22879 FoodActivity            com.example.nutrisaur11              D  Set breakfast progress text to: 0 / 696 kcal
2025-10-11 09:02:10.092 22879-22879 FoodActivity            com.example.nutrisaur11              D  Direct update Lunch: 0 / 974 kcal (from 0 foods)
2025-10-11 09:02:10.092 22879-22879 FoodActivity            com.example.nutrisaur11              D  Set lunch progress text to: 0 / 974 kcal
2025-10-11 09:02:10.092 22879-22879 FoodActivity            com.example.nutrisaur11              D  Direct update Dinner: 0 / 835 kcal (from 0 foods)
2025-10-11 09:02:10.092 22879-22879 FoodActivity            com.example.nutrisaur11              D  Set dinner progress text to: 0 / 835 kcal
2025-10-11 09:02:10.092 22879-22879 FoodActivity            com.example.nutrisaur11              D  Direct update Snacks: 0 / 278 kcal (from 0 foods)
2025-10-11 09:02:10.093 22879-22879 FoodActivity            com.example.nutrisaur11              D  Set snacks progress text to: 0 / 278 kcal
2025-10-11 09:02:10.093 22879-22879 FoodActivity            com.example.nutrisaur11              D  Updating macronutrient data directly
2025-10-11 09:02:10.096 22879-22879 FoodActivity            com.example.nutrisaur11              D  FoodActivity Available database fields: [birthday, is_pregnant, muac_category, notes, weight_kg, nutritional_risk, height_cm, sex, municipality, muac_cm, screening_date, bmi_category, name, barangay, email, age, bmi, status]
2025-10-11 09:02:10.096 22879-22879 FoodActivity            com.example.nutrisaur11              D  Calculated age from birthday '2005-10-10': 20
2025-10-11 09:02:10.096 22879-22879 FoodActivity            com.example.nutrisaur11              D  FoodActivity Weight field lookup - weight_kg: '50', weight: 'null', final: '50'
2025-10-11 09:02:10.096 22879-22879 FoodActivity            com.example.nutrisaur11              D  FoodActivity: Set weight from database: 50
2025-10-11 09:02:10.096 22879-22879 FoodActivity            com.example.nutrisaur11              D  FoodActivity Height field lookup - height_cm: '171', height: 'null', final: '171'
2025-10-11 09:02:10.096 22879-22879 FoodActivity            com.example.nutrisaur11              D  FoodActivity: Set height from database: 171
2025-10-11 09:02:10.096 22879-22879 FoodActivity            com.example.nutrisaur11              D  Created user profile from database data: Pingol , Kevin C. (Age: 20, Weight: 50.0, Height: 171.0, Gender: Male, Activity: Moderate)
2025-10-11 09:02:10.096 22879-22879 CalorieCal...ionService com.example.nutrisaur11              D  Calculated BMR: 1473.75 for Pingol , Kevin C.
2025-10-11 09:02:10.096 22879-22879 CalorieCal...ionService com.example.nutrisaur11              D  Calculated TDEE: 2284.3125 (BMR: 1473.75 × Activity: 1.55)
2025-10-11 09:02:10.096 22879-22879 CalorieCal...ionService com.example.nutrisaur11              D  Calculated daily calorie target: 2784 (TDEE: 2284.3125 + Adjustment: 500.0)
2025-10-11 09:02:10.096 22879-22879 FoodActivity            com.example.nutrisaur11              D  Calculated macro targets - Protein: 153, Carbs: 375, Fat: 74
2025-10-11 09:02:10.096 22879-22879 FoodActivity            com.example.nutrisaur11              D  Macro Update:
2025-10-11 09:02:10.096 22879-22879 FoodActivity            com.example.nutrisaur11              D    Protein: 153/153 (eaten: 0)
2025-10-11 09:02:10.096 22879-22879 FoodActivity            com.example.nutrisaur11              D    Carbs: 375/375 (eaten: 0)
2025-10-11 09:02:10.096 22879-22879 FoodActivity            com.example.nutrisaur11              D    Fat: 74/74 (eaten: 0)
2025-10-11 09:02:10.097 22879-22879 FoodActivity            com.example.nutrisaur11              D  Nutrition UI refreshed with updated AI data
2025-10-11 09:02:10.097 22879-22879 DecorView[]             com.example.nutrisaur11              D  onWindowFocusChanged hasWindowFocus true
2025-10-11 09:02:10.119 22879-23479 OpenGLRenderer          com.example.nutrisaur11              I  Davey! duration=9223309978337ms; Flags=0, FrameTimelineVsyncId=3283826, IntendedVsync=62058517500774, Vsync=62058534167440, InputEventId=0, HandleInputStart=62058535022990, AnimationStart=62058535024604, PerformTraversalsStart=62058535097886, DrawStart=62058539390542, FrameDeadline=62058550834106, FrameInterval=62058535010334, FrameStartTime=16666666, SyncQueued=62058542015542, SyncStart=62058542059865, IssueDrawCommandsStart=62058542279813, SwapBuffers=62058543418042, FrameCompleted=9223372036854775807, DequeueBufferDuration=15364, QueueBufferDuration=817500, GpuCompleted=9223372036854775807, SwapBuffersCompleted=62058544550021, DisplayPresentTime=0, 
2025-10-11 09:02:11.040 22879-22879 SessionManager          com.example.nutrisaur11              D  === PERIODIC SESSION VALIDATION ===
2025-10-11 09:02:11.040 22879-22879 SessionManager          com.example.nutrisaur11              D  User is active, validating with database
2025-10-11 09:02:11.040 22879-22879 SessionManager          com.example.nutrisaur11              D  Checking user existence in database: kevinpingol123@gmail.com
2025-10-11 09:02:11.040 22879-22879 CommunityUserManager    com.example.nutrisaur11              D  === GETTING CURRENT USER DATA FROM DATABASE (ASYNC) ===
2025-10-11 09:02:11.041 22879-22879 CommunityUserManager    com.example.nutrisaur11              D  Retrieved cached user data for: kevinpingol123@gmail.com
2025-10-11 09:02:11.041 22879-22879 CommunityUserManager    com.example.nutrisaur11              D  Returning cached user data
2025-10-11 09:02:11.041 22879-22879 SessionManager          com.example.nutrisaur11              D  Database check completed in 1ms
2025-10-11 09:02:11.041 22879-22879 SessionManager          com.example.nutrisaur11              D  User exists and is valid: kevinpingol123@gmail.com
2025-10-11 09:02:11.043 22879-22879 SessionManager          com.example.nutrisaur11              D  Checking user existence in database: kevinpingol123@gmail.com
2025-10-11 09:02:11.044 22879-22879 CommunityUserManager    com.example.nutrisaur11              D  === GETTING CURRENT USER DATA FROM DATABASE (ASYNC) ===
2025-10-11 09:02:11.044 22879-22879 CommunityUserManager    com.example.nutrisaur11              D  Retrieved cached user data for: kevinpingol123@gmail.com
2025-10-11 09:02:11.044 22879-22879 CommunityUserManager    com.example.nutrisaur11              D  Returning cached user data
2025-10-11 09:02:11.044 22879-22879 SessionManager          com.example.nutrisaur11              D  Database check completed in 1ms
2025-10-11 09:02:11.045 22879-22879 SessionManager          com.example.nutrisaur11              D  User exists and is valid: kevinpingol123@gmail.com
