2025-10-14 03:11:57.966 14165-14165 FoodActivity            com.example.nutrisaur11              D  FoodActivity Height field lookup - height_cm: '171', height: 'null', final: '171'
2025-10-14 03:11:57.966 14165-14165 FoodActivity            com.example.nutrisaur11              D  FoodActivity: Set height from database: 171
2025-10-14 03:11:57.966 14165-14165 FoodActivity            com.example.nutrisaur11              D  Created user profile from database data: Pingol , Kevin C. (Age: 20, Weight: 50.0, Height: 171.0, Gender: Male, Activity: Moderate)
2025-10-14 03:11:57.966 14165-14165 KcalSuggestionCache     com.example.nutrisaur11              D  User profile changed, cache invalid
2025-10-14 03:11:57.966 14165-14165 FoodActivity            com.example.nutrisaur11              D  No valid AI cache found, using fallback calculation...
2025-10-14 03:11:57.966 14165-14165 CalorieCal...ionService com.example.nutrisaur11              D  Calculated BMR: 1473.75 for Pingol , Kevin C.
2025-10-14 03:11:57.966 14165-14165 CalorieCal...ionService com.example.nutrisaur11              D  Calculated TDEE: 2284.3125 (BMR: 1473.75 × Activity: 1.55)
2025-10-14 03:11:57.966 14165-14165 CalorieCal...ionService com.example.nutrisaur11              D  Calculated daily calorie target: 2784 (TDEE: 2284.3125 + Adjustment: 500.0)
2025-10-14 03:11:57.967 14165-14165 FoodActivity            com.example.nutrisaur11              D  Using fallback calculation (AI will update cache): 2784
2025-10-14 03:11:57.967 14165-14165 FoodActivity            com.example.nutrisaur11              D  AI calculation already in progress, skipping...
2025-10-14 03:11:57.967 14165-14165 FoodActivity            com.example.nutrisaur11              D  Using AI-calculated total daily calories: 2784
2025-10-14 03:11:57.967 14165-14165 FoodActivity            com.example.nutrisaur11              D  FoodActivity Available database fields: [birthday, is_pregnant, muac_category, notes, weight_kg, nutritional_risk, height_cm, sex, municipality, muac_cm, screening_date, bmi_category, name, barangay, email, age, bmi, status]
2025-10-14 03:11:57.967 14165-14165 FoodActivity            com.example.nutrisaur11              D  Calculated age from birthday '2005-10-10': 20
2025-10-14 03:11:57.967 14165-14165 FoodActivity            com.example.nutrisaur11              D  FoodActivity Weight field lookup - weight_kg: '50', weight: 'null', final: '50'
2025-10-14 03:11:57.967 14165-14165 FoodActivity            com.example.nutrisaur11              D  FoodActivity: Set weight from database: 50
2025-10-14 03:11:57.967 14165-14165 FoodActivity            com.example.nutrisaur11              D  FoodActivity Height field lookup - height_cm: '171', height: 'null', final: '171'
2025-10-14 03:11:57.967 14165-14165 FoodActivity            com.example.nutrisaur11              D  FoodActivity: Set height from database: 171
2025-10-14 03:11:57.967 14165-14165 FoodActivity            com.example.nutrisaur11              D  Created user profile from database data: Pingol , Kevin C. (Age: 20, Weight: 50.0, Height: 171.0, Gender: Male, Activity: Moderate)
2025-10-14 03:11:57.967 14165-14165 CalorieCal...ionService com.example.nutrisaur11              D  Calculated meal distribution: Breakfast=696, Lunch=974, Dinner=835, Snacks=278
2025-10-14 03:11:57.967 14165-14165 FoodActivity            com.example.nutrisaur11              D  Calculated meal distribution: Breakfast=696, Lunch=974, Dinner=835, Snacks=278
2025-10-14 03:11:57.967 14165-14165 FoodActivity            com.example.nutrisaur11              D  Direct update Breakfast: 2000 / 696 kcal (from 4 foods)
2025-10-14 03:11:57.968 14165-14165 FoodActivity            com.example.nutrisaur11              D  Set breakfast progress text to: 2000 / 696 kcal
2025-10-14 03:11:57.968 14165-14165 FoodActivity            com.example.nutrisaur11              D  Direct update Lunch: 0 / 974 kcal (from 0 foods)
2025-10-14 03:11:57.968 14165-14165 FoodActivity            com.example.nutrisaur11              D  Set lunch progress text to: 0 / 974 kcal
2025-10-14 03:11:57.968 14165-14165 FoodActivity            com.example.nutrisaur11              D  Direct update Dinner: 0 / 835 kcal (from 0 foods)
2025-10-14 03:11:57.968 14165-14165 FoodActivity            com.example.nutrisaur11              D  Set dinner progress text to: 0 / 835 kcal
2025-10-14 03:11:57.968 14165-14165 FoodActivity            com.example.nutrisaur11              D  Direct update Snacks: 0 / 278 kcal (from 0 foods)
2025-10-14 03:11:57.968 14165-14165 FoodActivity            com.example.nutrisaur11              D  Set snacks progress text to: 0 / 278 kcal
2025-10-14 03:11:57.968 14165-14165 FoodActivity            com.example.nutrisaur11              D  Updating meal progress texts with direct AddedFoodManager data
2025-10-14 03:11:57.972 14165-14165 FoodActivity            com.example.nutrisaur11              D  FoodActivity Available database fields: [birthday, is_pregnant, muac_category, notes, weight_kg, nutritional_risk, height_cm, sex, municipality, muac_cm, screening_date, bmi_category, name, barangay, email, age, bmi, status]
2025-10-14 03:11:57.972 14165-14165 FoodActivity            com.example.nutrisaur11              D  Calculated age from birthday '2005-10-10': 20
2025-10-14 03:11:57.972 14165-14165 FoodActivity            com.example.nutrisaur11              D  FoodActivity Weight field lookup - weight_kg: '50', weight: 'null', final: '50'
2025-10-14 03:11:57.972 14165-14165 FoodActivity            com.example.nutrisaur11              D  FoodActivity: Set weight from database: 50
2025-10-14 03:11:57.972 14165-14165 FoodActivity            com.example.nutrisaur11              D  FoodActivity Height field lookup - height_cm: '171', height: 'null', final: '171'
2025-10-14 03:11:57.972 14165-14165 FoodActivity            com.example.nutrisaur11              D  FoodActivity: Set height from database: 171
2025-10-14 03:11:57.972 14165-14165 FoodActivity            com.example.nutrisaur11              D  Created user profile from database data: Pingol , Kevin C. (Age: 20, Weight: 50.0, Height: 171.0, Gender: Male, Activity: Moderate)
2025-10-14 03:11:57.973 14165-14165 KcalSuggestionCache     com.example.nutrisaur11              D  User profile changed, cache invalid
2025-10-14 03:11:57.973 14165-14165 FoodActivity            com.example.nutrisaur11              D  No valid AI cache found, using fallback calculation...
2025-10-14 03:11:57.973 14165-14165 CalorieCal...ionService com.example.nutrisaur11              D  Calculated BMR: 1473.75 for Pingol , Kevin C.
2025-10-14 03:11:57.973 14165-14165 CalorieCal...ionService com.example.nutrisaur11              D  Calculated TDEE: 2284.3125 (BMR: 1473.75 × Activity: 1.55)
2025-10-14 03:11:57.973 14165-14165 CalorieCal...ionService com.example.nutrisaur11              D  Calculated daily calorie target: 2784 (TDEE: 2284.3125 + Adjustment: 500.0)
2025-10-14 03:11:57.973 14165-14165 FoodActivity            com.example.nutrisaur11              D  Using fallback calculation (AI will update cache): 2784
2025-10-14 03:11:57.973 14165-14165 FoodActivity            com.example.nutrisaur11              D  AI calculation already in progress, skipping...
2025-10-14 03:11:57.973 14165-14165 FoodActivity            com.example.nutrisaur11              D  Using AI-calculated total daily calories: 2784
2025-10-14 03:11:57.973 14165-14165 FoodActivity            com.example.nutrisaur11              D  FoodActivity Available database fields: [birthday, is_pregnant, muac_category, notes, weight_kg, nutritional_risk, height_cm, sex, municipality, muac_cm, screening_date, bmi_category, name, barangay, email, age, bmi, status]
2025-10-14 03:11:57.973 14165-14165 FoodActivity            com.example.nutrisaur11              D  Calculated age from birthday '2005-10-10': 20
2025-10-14 03:11:57.973 14165-14165 FoodActivity            com.example.nutrisaur11              D  FoodActivity Weight field lookup - weight_kg: '50', weight: 'null', final: '50'
2025-10-14 03:11:57.973 14165-14165 FoodActivity            com.example.nutrisaur11              D  FoodActivity: Set weight from database: 50
2025-10-14 03:11:57.973 14165-14165 FoodActivity            com.example.nutrisaur11              D  FoodActivity Height field lookup - height_cm: '171', height: 'null', final: '171'
2025-10-14 03:11:57.973 14165-14165 FoodActivity            com.example.nutrisaur11              D  FoodActivity: Set height from database: 171
2025-10-14 03:11:57.973 14165-14165 FoodActivity            com.example.nutrisaur11              D  Created user profile from database data: Pingol , Kevin C. (Age: 20, Weight: 50.0, Height: 171.0, Gender: Male, Activity: Moderate)
2025-10-14 03:11:57.973 14165-14165 CalorieCal...ionService com.example.nutrisaur11              D  Calculated meal distribution: Breakfast=696, Lunch=974, Dinner=835, Snacks=278
2025-10-14 03:11:57.973 14165-14165 FoodActivity            com.example.nutrisaur11              D  Calculated meal distribution: Breakfast=696, Lunch=974, Dinner=835, Snacks=278
2025-10-14 03:11:57.973 14165-14165 FoodActivity            com.example.nutrisaur11              D  Direct update Breakfast: 2000 / 696 kcal (from 4 foods)
2025-10-14 03:11:57.974 14165-14165 FoodActivity            com.example.nutrisaur11              D  Set breakfast progress text to: 2000 / 696 kcal
2025-10-14 03:11:57.974 14165-14165 FoodActivity            com.example.nutrisaur11              D  Direct update Lunch: 0 / 974 kcal (from 0 foods)
2025-10-14 03:11:57.974 14165-14165 FoodActivity            com.example.nutrisaur11              D  Set lunch progress text to: 0 / 974 kcal
2025-10-14 03:11:57.974 14165-14165 FoodActivity            com.example.nutrisaur11              D  Direct update Dinner: 0 / 835 kcal (from 0 foods)
2025-10-14 03:11:57.974 14165-14165 FoodActivity            com.example.nutrisaur11              D  Set dinner progress text to: 0 / 835 kcal
2025-10-14 03:11:57.974 14165-14165 FoodActivity            com.example.nutrisaur11              D  Direct update Snacks: 0 / 278 kcal (from 0 foods)
2025-10-14 03:11:57.975 14165-14165 FoodActivity            com.example.nutrisaur11              D  Set snacks progress text to: 0 / 278 kcal
2025-10-14 03:11:57.975 14165-14165 FoodActivity            com.example.nutrisaur11              D  Updating macronutrient data directly
2025-10-14 03:11:57.980 14165-14165 FoodActivity            com.example.nutrisaur11              D  FoodActivity Available database fields: [birthday, is_pregnant, muac_category, notes, weight_kg, nutritional_risk, height_cm, sex, municipality, muac_cm, screening_date, bmi_category, name, barangay, email, age, bmi, status]
2025-10-14 03:11:57.981 14165-14165 FoodActivity            com.example.nutrisaur11              D  Calculated age from birthday '2005-10-10': 20
2025-10-14 03:11:57.981 14165-14165 FoodActivity            com.example.nutrisaur11              D  FoodActivity Weight field lookup - weight_kg: '50', weight: 'null', final: '50'
2025-10-14 03:11:57.981 14165-14165 FoodActivity            com.example.nutrisaur11              D  FoodActivity: Set weight from database: 50
2025-10-14 03:11:57.981 14165-14165 FoodActivity            com.example.nutrisaur11              D  FoodActivity Height field lookup - height_cm: '171', height: 'null', final: '171'
2025-10-14 03:11:57.981 14165-14165 FoodActivity            com.example.nutrisaur11              D  FoodActivity: Set height from database: 171
2025-10-14 03:11:57.981 14165-14165 FoodActivity            com.example.nutrisaur11              D  Created user profile from database data: Pingol , Kevin C. (Age: 20, Weight: 50.0, Height: 171.0, Gender: Male, Activity: Moderate)
2025-10-14 03:11:57.981 14165-14165 CalorieCal...ionService com.example.nutrisaur11              D  Calculated BMR: 1473.75 for Pingol , Kevin C.
2025-10-14 03:11:57.981 14165-14165 CalorieCal...ionService com.example.nutrisaur11              D  Calculated TDEE: 2284.3125 (BMR: 1473.75 × Activity: 1.55)
2025-10-14 03:11:57.981 14165-14165 CalorieCal...ionService com.example.nutrisaur11              D  Calculated daily calorie target: 2784 (TDEE: 2284.3125 + Adjustment: 500.0)
2025-10-14 03:11:57.981 14165-14165 FoodActivity            com.example.nutrisaur11              D  Calculated macro targets - Protein: 153, Carbs: 375, Fat: 74
2025-10-14 03:11:57.981 14165-14165 FoodActivity            com.example.nutrisaur11              D  Macro Update:
2025-10-14 03:11:57.981 14165-14165 FoodActivity            com.example.nutrisaur11              D    Protein: 70/153 (eaten: 83)
2025-10-14 03:11:57.981 14165-14165 FoodActivity            com.example.nutrisaur11              D    Carbs: 175/375 (eaten: 200)
2025-10-14 03:11:57.981 14165-14165 FoodActivity            com.example.nutrisaur11              D    Fat: 0/74 (eaten: 100)
2025-10-14 03:11:57.982 14165-14165 FoodActivity            com.example.nutrisaur11              D  Nutrition UI refreshed with updated AI data
2025-10-14 03:11:57.994 14165-14165 FoodActivity            com.example.nutrisaur11              D  Total eaten calories after sync: 2000
2025-10-14 03:11:57.994 14165-14165 FoodActivity            com.example.nutrisaur11              D  Updating eaten calories only (preserving daily target)
2025-10-14 03:11:57.996 14165-14165 FoodActivity            com.example.nutrisaur11              D  Total eaten calories for update: 2000
2025-10-14 03:11:57.996 14165-14165 FoodActivity            com.example.nutrisaur11              D  Using existing daily calorie target: 2784
2025-10-14 03:11:57.996 14165-14165 FoodActivity            com.example.nutrisaur11              D  Eaten Calories Only Update:
2025-10-14 03:11:57.996 14165-14165 FoodActivity            com.example.nutrisaur11              D    Total Daily Calories: 2784 (preserved)
2025-10-14 03:11:57.996 14165-14165 FoodActivity            com.example.nutrisaur11              D    Total Eaten Calories: 2000 (updated)
2025-10-14 03:11:57.996 14165-14165 FoodActivity            com.example.nutrisaur11              D    Calories Left: 784
2025-10-14 03:11:57.996 14165-14165 FoodActivity            com.example.nutrisaur11              D    Progress Percent: 71.83908%
2025-10-14 03:11:57.996 14165-14165 FoodActivity            com.example.nutrisaur11              D  Updating macronutrient data directly
2025-10-14 03:11:57.999 14165-14717 CommunityUserManager    com.example.nutrisaur11              D  API response code: 200
2025-10-14 03:11:57.999 14165-14717 CommunityUserManager    com.example.nutrisaur11              D  API response message: 
2025-10-14 03:11:58.001 14165-14717 CommunityUserManager    com.example.nutrisaur11              D  API response for get_community_user_data: {"success":true,"message":"User data retrieved successfully","user":{"name":"Pingol , Kevin C.","email":"kevinpingol123@gmail.com","municipality":"DINALUPIHAN","barangay":"Batanes","sex":"Male","birthday":"2005-10-10","is_pregnant":"N\/A","weight":"50","height":"171","screening_date":"2025-10-10 06:47:30","fcm_token":"dDgJr74pRHukYxdkYiGyAE:APA91bGonfRAbhb5xo9V8ufuveE8EQB7Cu5A_7D-d4pqd9OQodrKTUVp48IfMw6HxDJr6XEHhTwD-QrZt7Uv25kP61USRCnHqLqO4RVcN4VUBRhb83IxLpE","is_flagged":0,"bmi-for-age":"","weight-for-height":"","weight-for-age":"","weight-for-length":"","height-for-age":""}}
2025-10-14 03:11:58.001 14165-14165 FoodActivity            com.example.nutrisaur11              D  FoodActivity Available database fields: [birthday, is_pregnant, muac_category, notes, weight_kg, nutritional_risk, height_cm, sex, municipality, muac_cm, screening_date, bmi_category, name, barangay, email, age, bmi, status]
2025-10-14 03:11:58.002 14165-14165 FoodActivity            com.example.nutrisaur11              D  Calculated age from birthday '2005-10-10': 20
2025-10-14 03:11:58.002 14165-14717 CommunityUserManager    com.example.nutrisaur11              D  Cached user data for: kevinpingol123@gmail.com
2025-10-14 03:11:58.002 14165-14165 FoodActivity            com.example.nutrisaur11              D  FoodActivity Weight field lookup - weight_kg: '50', weight: 'null', final: '50'
2025-10-14 03:11:58.002 14165-14165 FoodActivity            com.example.nutrisaur11              D  FoodActivity: Set weight from database: 50
2025-10-14 03:11:58.002 14165-14717 CommunityUserManager    com.example.nutrisaur11              D  Fresh user data retrieved successfully: {birthday=2005-10-10, is_pregnant=N/A, muac_category=, notes=, weight_kg=50, nutritional_risk=, height_cm=171, sex=Male, municipality=DINALUPIHAN, muac_cm=, screening_date=2025-10-10 06:47:30, bmi_category=, name=Pingol , Kevin C., barangay=Batanes, email=kevinpingol123@gmail.com, age=, bmi=, status=1}
2025-10-14 03:11:58.002 14165-14165 FoodActivity            com.example.nutrisaur11              D  FoodActivity Height field lookup - height_cm: '171', height: 'null', final: '171'
2025-10-14 03:11:58.002 14165-14717 CommunityUserManager    com.example.nutrisaur11              D  User status: 1
2025-10-14 03:11:58.002 14165-14717 CommunityUserManager    com.example.nutrisaur11              D  User is active (status = 1)
2025-10-14 03:11:58.002 14165-14165 FoodActivity            com.example.nutrisaur11              D  FoodActivity: Set height from database: 171
2025-10-14 03:11:58.002 14165-14165 FoodActivity            com.example.nutrisaur11              D  Created user profile from database data: Pingol , Kevin C. (Age: 20, Weight: 50.0, Height: 171.0, Gender: Male, Activity: Moderate)
2025-10-14 03:11:58.002 14165-14165 CalorieCal...ionService com.example.nutrisaur11              D  Calculated BMR: 1473.75 for Pingol , Kevin C.
2025-10-14 03:11:58.002 14165-14165 CalorieCal...ionService com.example.nutrisaur11              D  Calculated TDEE: 2284.3125 (BMR: 1473.75 × Activity: 1.55)
2025-10-14 03:11:58.002 14165-14165 CalorieCal...ionService com.example.nutrisaur11              D  Calculated daily calorie target: 2784 (TDEE: 2284.3125 + Adjustment: 500.0)
2025-10-14 03:11:58.002 14165-14165 FoodActivity            com.example.nutrisaur11              D  Calculated macro targets - Protein: 153, Carbs: 375, Fat: 74
2025-10-14 03:11:58.002 14165-14165 FoodActivity            com.example.nutrisaur11              D  Macro Update:
2025-10-14 03:11:58.002 14165-14165 FoodActivity            com.example.nutrisaur11              D    Protein: 70/153 (eaten: 83)
2025-10-14 03:11:58.002 14165-14165 FoodActivity            com.example.nutrisaur11              D    Carbs: 175/375 (eaten: 200)
2025-10-14 03:11:58.002 14165-14165 FoodActivity            com.example.nutrisaur11              D    Fat: 0/74 (eaten: 100)
2025-10-14 03:11:58.003 14165-14165 FoodActivity            com.example.nutrisaur11              D  Updating meal progress texts with direct AddedFoodManager data
2025-10-14 03:11:58.006 14165-14179 OpenGLRenderer          com.example.nutrisaur11              I  Davey! duration=9223311592931ms; Flags=0, FrameTimelineVsyncId=2531717, IntendedVsync=60443922761258, Vsync=60444056094586, InputEventId=0, HandleInputStart=60444058869075, AnimationStart=60444058871575, PerformTraversalsStart=60444058982669, DrawStart=60444064752929, FrameDeadline=60443939427924, FrameInterval=60444058856054, FrameStartTime=16666666, SyncQueued=60444068060794, SyncStart=60444068115846, IssueDrawCommandsStart=60444068424179, SwapBuffers=60444069804804, FrameCompleted=9223372036854775807, DequeueBufferDuration=21459, QueueBufferDuration=778646, GpuCompleted=9223372036854775807, SwapBuffersCompleted=60444071089336, DisplayPresentTime=103079215104, 
2025-10-14 03:11:58.007 14165-14165 FoodActivity            com.example.nutrisaur11              D  FoodActivity Available database fields: [birthday, is_pregnant, muac_category, notes, weight_kg, nutritional_risk, height_cm, sex, municipality, muac_cm, screening_date, bmi_category, name, barangay, email, age, bmi, status]
2025-10-14 03:11:58.008 14165-14165 FoodActivity            com.example.nutrisaur11              D  Calculated age from birthday '2005-10-10': 20
2025-10-14 03:11:58.008 14165-14165 FoodActivity            com.example.nutrisaur11              D  FoodActivity Weight field lookup - weight_kg: '50', weight: 'null', final: '50'
2025-10-14 03:11:58.008 14165-14165 FoodActivity            com.example.nutrisaur11              D  FoodActivity: Set weight from database: 50
2025-10-14 03:11:58.008 14165-14165 FoodActivity            com.example.nutrisaur11              D  FoodActivity Height field lookup - height_cm: '171', height: 'null', final: '171'
2025-10-14 03:11:58.008 14165-14165 FoodActivity            com.example.nutrisaur11              D  FoodActivity: Set height from database: 171
2025-10-14 03:11:58.008 14165-14165 FoodActivity            com.example.nutrisaur11              D  Created user profile from database data: Pingol , Kevin C. (Age: 20, Weight: 50.0, Height: 171.0, Gender: Male, Activity: Moderate)
2025-10-14 03:11:58.008 14165-14165 KcalSuggestionCache     com.example.nutrisaur11              D  User profile changed, cache invalid
2025-10-14 03:11:58.008 14165-14165 FoodActivity            com.example.nutrisaur11              D  No valid AI cache found, using fallback calculation...
2025-10-14 03:11:58.008 14165-14165 CalorieCal...ionService com.example.nutrisaur11              D  Calculated BMR: 1473.75 for Pingol , Kevin C.
2025-10-14 03:11:58.008 14165-14165 CalorieCal...ionService com.example.nutrisaur11              D  Calculated TDEE: 2284.3125 (BMR: 1473.75 × Activity: 1.55)
2025-10-14 03:11:58.008 14165-14165 CalorieCal...ionService com.example.nutrisaur11              D  Calculated daily calorie target: 2784 (TDEE: 2284.3125 + Adjustment: 500.0)
2025-10-14 03:11:58.008 14165-14165 FoodActivity            com.example.nutrisaur11              D  Using fallback calculation (AI will update cache): 2784
2025-10-14 03:11:58.008 14165-14165 FoodActivity            com.example.nutrisaur11              D  Starting background AI calculation...
2025-10-14 03:11:58.008 14165-14165 FoodActivity            com.example.nutrisaur11              D  Using AI-calculated total daily calories: 2784
2025-10-14 03:11:58.009 14165-14165 FoodActivity            com.example.nutrisaur11              D  FoodActivity Available database fields: [birthday, is_pregnant, muac_category, notes, weight_kg, nutritional_risk, height_cm, sex, municipality, muac_cm, screening_date, bmi_category, name, barangay, email, age, bmi, status]
2025-10-14 03:11:58.009 14165-14728 NutritionService        com.example.nutrisaur11              D  Starting nutrition recommendations...
2025-10-14 03:11:58.009 14165-14728 NutritionService        com.example.nutrisaur11              D  Getting user profile from SharedPreferences...
2025-10-14 03:11:58.009 14165-14728 NutritionService        com.example.nutrisaur11              D  User data: name=, age=25, weight=70.0, height=170.0
2025-10-14 03:11:58.009 14165-14728 NutritionService        com.example.nutrisaur11              D  User profile loaded: , BMI: 24.221453287197235
2025-10-14 03:11:58.009 14165-14165 FoodActivity            com.example.nutrisaur11              D  Calculated age from birthday '2005-10-10': 20
2025-10-14 03:11:58.009 14165-14165 FoodActivity            com.example.nutrisaur11              D  FoodActivity Weight field lookup - weight_kg: '50', weight: 'null', final: '50'
2025-10-14 03:11:58.009 14165-14165 FoodActivity            com.example.nutrisaur11              D  FoodActivity: Set weight from database: 50
2025-10-14 03:11:58.009 14165-14165 FoodActivity            com.example.nutrisaur11              D  FoodActivity Height field lookup - height_cm: '171', height: 'null', final: '171'
2025-10-14 03:11:58.009 14165-14165 FoodActivity            com.example.nutrisaur11              D  FoodActivity: Set height from database: 171
2025-10-14 03:11:58.009 14165-14728 KcalSuggestionCache     com.example.nutrisaur11              D  Cached kcal suggestion is valid
2025-10-14 03:11:58.009 14165-14165 FoodActivity            com.example.nutrisaur11              D  Created user profile from database data: Pingol , Kevin C. (Age: 20, Weight: 50.0, Height: 171.0, Gender: Male, Activity: Moderate)
2025-10-14 03:11:58.009 14165-14728 NutritionService        com.example.nutrisaur11              D  Using cached kcal suggestion - user profile unchanged
2025-10-14 03:11:58.009 14165-14165 CalorieCal...ionService com.example.nutrisaur11              D  Calculated meal distribution: Breakfast=696, Lunch=974, Dinner=835, Snacks=278
2025-10-14 03:11:58.009 14165-14165 FoodActivity            com.example.nutrisaur11              D  Calculated meal distribution: Breakfast=696, Lunch=974, Dinner=835, Snacks=278
2025-10-14 03:11:58.010 14165-14165 FoodActivity            com.example.nutrisaur11              D  Direct update Breakfast: 2000 / 696 kcal (from 4 foods)
2025-10-14 03:11:58.010 14165-14728 KcalSuggestionCache     com.example.nutrisaur11              D  Successfully loaded cached kcal suggestion
2025-10-14 03:11:58.010 14165-14728 FoodActivity            com.example.nutrisaur11              D  Background AI calculation completed: 2545
2025-10-14 03:11:58.010 14165-14165 FoodActivity            com.example.nutrisaur11              D  Set breakfast progress text to: 2000 / 696 kcal
2025-10-14 03:11:58.010 14165-14165 FoodActivity            com.example.nutrisaur11              D  Direct update Lunch: 0 / 974 kcal (from 0 foods)
2025-10-14 03:11:58.010 14165-14165 FoodActivity            com.example.nutrisaur11              D  Set lunch progress text to: 0 / 974 kcal
2025-10-14 03:11:58.010 14165-14165 FoodActivity            com.example.nutrisaur11              D  Direct update Dinner: 0 / 835 kcal (from 0 foods)
2025-10-14 03:11:58.011 14165-14165 FoodActivity            com.example.nutrisaur11              D  Set dinner progress text to: 0 / 835 kcal
2025-10-14 03:11:58.011 14165-14165 FoodActivity            com.example.nutrisaur11              D  Direct update Snacks: 0 / 278 kcal (from 0 foods)
2025-10-14 03:11:58.011 14165-14165 FoodActivity            com.example.nutrisaur11              D  Set snacks progress text to: 0 / 278 kcal
2025-10-14 03:11:58.011 14165-14165 FoodActivity            com.example.nutrisaur11              D  Updating meal progress texts with direct AddedFoodManager data
2025-10-14 03:11:58.015 14165-14165 FoodActivity            com.example.nutrisaur11              D  FoodActivity Available database fields: [birthday, is_pregnant, muac_category, notes, weight_kg, nutritional_risk, height_cm, sex, municipality, muac_cm, screening_date, bmi_category, name, barangay, email, age, bmi, status]
2025-10-14 03:11:58.015 14165-14165 FoodActivity            com.example.nutrisaur11              D  Calculated age from birthday '2005-10-10': 20
2025-10-14 03:11:58.015 14165-14165 FoodActivity            com.example.nutrisaur11              D  FoodActivity Weight field lookup - weight_kg: '50', weight: 'null', final: '50'
2025-10-14 03:11:58.015 14165-14165 FoodActivity            com.example.nutrisaur11              D  FoodActivity: Set weight from database: 50
2025-10-14 03:11:58.015 14165-14165 FoodActivity            com.example.nutrisaur11              D  FoodActivity Height field lookup - height_cm: '171', height: 'null', final: '171'
2025-10-14 03:11:58.015 14165-14165 FoodActivity            com.example.nutrisaur11              D  FoodActivity: Set height from database: 171
2025-10-14 03:11:58.015 14165-14165 FoodActivity            com.example.nutrisaur11              D  Created user profile from database data: Pingol , Kevin C. (Age: 20, Weight: 50.0, Height: 171.0, Gender: Male, Activity: Moderate)
2025-10-14 03:11:58.016 14165-14165 KcalSuggestionCache     com.example.nutrisaur11              D  User profile changed, cache invalid
2025-10-14 03:11:58.016 14165-14165 FoodActivity            com.example.nutrisaur11              D  No valid AI cache found, using fallback calculation...
2025-10-14 03:11:58.016 14165-14165 CalorieCal...ionService com.example.nutrisaur11              D  Calculated BMR: 1473.75 for Pingol , Kevin C.
2025-10-14 03:11:58.016 14165-14165 CalorieCal...ionService com.example.nutrisaur11              D  Calculated TDEE: 2284.3125 (BMR: 1473.75 × Activity: 1.55)
2025-10-14 03:11:58.016 14165-14165 CalorieCal...ionService com.example.nutrisaur11              D  Calculated daily calorie target: 2784 (TDEE: 2284.3125 + Adjustment: 500.0)
2025-10-14 03:11:58.016 14165-14165 FoodActivity            com.example.nutrisaur11              D  Using fallback calculation (AI will update cache): 2784
2025-10-14 03:11:58.016 14165-14165 FoodActivity            com.example.nutrisaur11              D  AI calculation already in progress, skipping...
2025-10-14 03:11:58.016 14165-14165 FoodActivity            com.example.nutrisaur11              D  Using AI-calculated total daily calories: 2784
2025-10-14 03:11:58.016 14165-14165 FoodActivity            com.example.nutrisaur11              D  FoodActivity Available database fields: [birthday, is_pregnant, muac_category, notes, weight_kg, nutritional_risk, height_cm, sex, municipality, muac_cm, screening_date, bmi_category, name, barangay, email, age, bmi, status]
2025-10-14 03:11:58.016 14165-14165 FoodActivity            com.example.nutrisaur11              D  Calculated age from birthday '2005-10-10': 20
2025-10-14 03:11:58.016 14165-14165 FoodActivity            com.example.nutrisaur11              D  FoodActivity Weight field lookup - weight_kg: '50', weight: 'null', final: '50'
2025-10-14 03:11:58.016 14165-14165 FoodActivity            com.example.nutrisaur11              D  FoodActivity: Set weight from database: 50
2025-10-14 03:11:58.016 14165-14165 FoodActivity            com.example.nutrisaur11              D  FoodActivity Height field lookup - height_cm: '171', height: 'null', final: '171'
2025-10-14 03:11:58.016 14165-14165 FoodActivity            com.example.nutrisaur11              D  FoodActivity: Set height from database: 171
2025-10-14 03:11:58.016 14165-14165 FoodActivity            com.example.nutrisaur11              D  Created user profile from database data: Pingol , Kevin C. (Age: 20, Weight: 50.0, Height: 171.0, Gender: Male, Activity: Moderate)
2025-10-14 03:11:58.016 14165-14165 CalorieCal...ionService com.example.nutrisaur11              D  Calculated meal distribution: Breakfast=696, Lunch=974, Dinner=835, Snacks=278
2025-10-14 03:11:58.016 14165-14165 FoodActivity            com.example.nutrisaur11              D  Calculated meal distribution: Breakfast=696, Lunch=974, Dinner=835, Snacks=278
2025-10-14 03:11:58.017 14165-14165 FoodActivity            com.example.nutrisaur11              D  Direct update Breakfast: 2000 / 696 kcal (from 4 foods)
2025-10-14 03:11:58.017 14165-14165 FoodActivity            com.example.nutrisaur11              D  Set breakfast progress text to: 2000 / 696 kcal
2025-10-14 03:11:58.017 14165-14165 FoodActivity            com.example.nutrisaur11              D  Direct update Lunch: 0 / 974 kcal (from 0 foods)
2025-10-14 03:11:58.017 14165-14165 FoodActivity            com.example.nutrisaur11              D  Set lunch progress text to: 0 / 974 kcal
2025-10-14 03:11:58.017 14165-14165 FoodActivity            com.example.nutrisaur11              D  Direct update Dinner: 0 / 835 kcal (from 0 foods)
2025-10-14 03:11:58.017 14165-14165 FoodActivity            com.example.nutrisaur11              D  Set dinner progress text to: 0 / 835 kcal
2025-10-14 03:11:58.018 14165-14165 FoodActivity            com.example.nutrisaur11              D  Direct update Snacks: 0 / 278 kcal (from 0 foods)
2025-10-14 03:11:58.018 14165-14165 FoodActivity            com.example.nutrisaur11              D  Set snacks progress text to: 0 / 278 kcal
2025-10-14 03:11:58.018 14165-14165 FoodActivity            com.example.nutrisaur11              D  Meal progress refreshed successfully
2025-10-14 03:11:58.028 14165-14165 FoodActivity            com.example.nutrisaur11              D  Refreshing nutrition UI with updated AI data...
2025-10-14 03:11:58.029 14165-14165 FoodActivity            com.example.nutrisaur11              D  Updating kcal goal circle directly
2025-10-14 03:11:58.031 14165-14165 FoodActivity            com.example.nutrisaur11              D  Total eaten calories for circle update: 2000
2025-10-14 03:11:58.031 14165-14165 FoodActivity            com.example.nutrisaur11              D  FoodActivity Available database fields: [birthday, is_pregnant, muac_category, notes, weight_kg, nutritional_risk, height_cm, sex, municipality, muac_cm, screening_date, bmi_category, name, barangay, email, age, bmi, status]
2025-10-14 03:11:58.031 14165-14165 FoodActivity            com.example.nutrisaur11              D  Calculated age from birthday '2005-10-10': 20
2025-10-14 03:11:58.031 14165-14165 FoodActivity            com.example.nutrisaur11              D  FoodActivity Weight field lookup - weight_kg: '50', weight: 'null', final: '50'
2025-10-14 03:11:58.031 14165-14165 FoodActivity            com.example.nutrisaur11              D  FoodActivity: Set weight from database: 50
2025-10-14 03:11:58.031 14165-14165 FoodActivity            com.example.nutrisaur11              D  FoodActivity Height field lookup - height_cm: '171', height: 'null', final: '171'
2025-10-14 03:11:58.031 14165-14165 FoodActivity            com.example.nutrisaur11              D  FoodActivity: Set height from database: 171
2025-10-14 03:11:58.031 14165-14165 FoodActivity            com.example.nutrisaur11              D  Created user profile from database data: Pingol , Kevin C. (Age: 20, Weight: 50.0, Height: 171.0, Gender: Male, Activity: Moderate)
2025-10-14 03:11:58.031 14165-14165 CalorieCal...ionService com.example.nutrisaur11              D  Calculated BMR: 1473.75 for Pingol , Kevin C.
2025-10-14 03:11:58.032 14165-14165 CalorieCal...ionService com.example.nutrisaur11              D  Calculated TDEE: 2284.3125 (BMR: 1473.75 × Activity: 1.55)
2025-10-14 03:11:58.032 14165-14165 CalorieCal...ionService com.example.nutrisaur11              D  Calculated daily calorie target: 2784 (TDEE: 2284.3125 + Adjustment: 500.0)
2025-10-14 03:11:58.032 14165-14165 FoodActivity            com.example.nutrisaur11              D  Calculated daily calorie target: 2784
2025-10-14 03:11:58.032 14165-14165 FoodActivity            com.example.nutrisaur11              D  Kcal Goal Circle Update:
2025-10-14 03:11:58.032 14165-14165 FoodActivity            com.example.nutrisaur11              D    Total Daily Calories: 2784
2025-10-14 03:11:58.032 14165-14165 FoodActivity            com.example.nutrisaur11              D    Total Eaten Calories: 2000
2025-10-14 03:11:58.032 14165-14165 FoodActivity            com.example.nutrisaur11              D    Calories Left: 784
2025-10-14 03:11:58.032 14165-14165 FoodActivity            com.example.nutrisaur11              D    Progress Percent: 71.83908%
2025-10-14 03:11:58.032 14165-14165 CalorieGoalManager      com.example.nutrisaur11              D  Calorie Goal Status: UNDER_GOAL
2025-10-14 03:11:58.032 14165-14165 CalorieGoalManager      com.example.nutrisaur11              D  Daily Goal: 2784
2025-10-14 03:11:58.032 14165-14165 CalorieGoalManager      com.example.nutrisaur11              D  Consumed: 2000
2025-10-14 03:11:58.032 14165-14165 CalorieGoalManager      com.example.nutrisaur11              D  Left: 784
2025-10-14 03:11:58.032 14165-14165 CalorieGoalManager      com.example.nutrisaur11              D  Over: 0
2025-10-14 03:11:58.032 14165-14165 CalorieGoalManager      com.example.nutrisaur11              D  Percentage: 71.8%
2025-10-14 03:11:58.032 14165-14165 FoodActivity            com.example.nutrisaur11              D  Normal calorie progress: 784 calories left
2025-10-14 03:11:58.032 14165-14165 FoodActivity            com.example.nutrisaur11              D  Under goal display: 784 calories left
2025-10-14 03:11:58.033 14165-14165 FoodActivity            com.example.nutrisaur11              D  Could not set color on CuteCircularProgressView: com.example.nutrisaur11.CuteCircularProgressView.setTextColor [int]
2025-10-14 03:11:58.033 14165-14165 FoodActivity            com.example.nutrisaur11              D  Visual feedback - Status: UNDER_GOAL, Color: #4CAF50, Progress: 71.83908%
2025-10-14 03:11:58.033 14165-14165 FoodActivity            com.example.nutrisaur11              D  Updating macronutrient data directly
2025-10-14 03:11:58.038 14165-14165 FoodActivity            com.example.nutrisaur11              D  FoodActivity Available database fields: [birthday, is_pregnant, muac_category, notes, weight_kg, nutritional_risk, height_cm, sex, municipality, muac_cm, screening_date, bmi_category, name, barangay, email, age, bmi, status]
2025-10-14 03:11:58.039 14165-14165 FoodActivity            com.example.nutrisaur11              D  Calculated age from birthday '2005-10-10': 20
2025-10-14 03:11:58.039 14165-14165 FoodActivity            com.example.nutrisaur11              D  FoodActivity Weight field lookup - weight_kg: '50', weight: 'null', final: '50'
2025-10-14 03:11:58.039 14165-14165 FoodActivity            com.example.nutrisaur11              D  FoodActivity: Set weight from database: 50
2025-10-14 03:11:58.039 14165-14165 FoodActivity            com.example.nutrisaur11              D  FoodActivity Height field lookup - height_cm: '171', height: 'null', final: '171'
2025-10-14 03:11:58.039 14165-14165 FoodActivity            com.example.nutrisaur11              D  FoodActivity: Set height from database: 171
2025-10-14 03:11:58.039 14165-14165 FoodActivity            com.example.nutrisaur11              D  Created user profile from database data: Pingol , Kevin C. (Age: 20, Weight: 50.0, Height: 171.0, Gender: Male, Activity: Moderate)
2025-10-14 03:11:58.039 14165-14165 CalorieCal...ionService com.example.nutrisaur11              D  Calculated BMR: 1473.75 for Pingol , Kevin C.
2025-10-14 03:11:58.039 14165-14165 CalorieCal...ionService com.example.nutrisaur11              D  Calculated TDEE: 2284.3125 (BMR: 1473.75 × Activity: 1.55)
2025-10-14 03:11:58.039 14165-14165 CalorieCal...ionService com.example.nutrisaur11              D  Calculated daily calorie target: 2784 (TDEE: 2284.3125 + Adjustment: 500.0)
2025-10-14 03:11:58.039 14165-14165 FoodActivity            com.example.nutrisaur11              D  Calculated macro targets - Protein: 153, Carbs: 375, Fat: 74
2025-10-14 03:11:58.039 14165-14165 FoodActivity            com.example.nutrisaur11              D  Macro Update:
2025-10-14 03:11:58.039 14165-14165 FoodActivity            com.example.nutrisaur11              D    Protein: 70/153 (eaten: 83)
2025-10-14 03:11:58.039 14165-14165 FoodActivity            com.example.nutrisaur11              D    Carbs: 175/375 (eaten: 200)
2025-10-14 03:11:58.039 14165-14165 FoodActivity            com.example.nutrisaur11              D    Fat: 0/74 (eaten: 100)
2025-10-14 03:11:58.040 14165-14165 FoodActivity            com.example.nutrisaur11              D  Updating meal progress texts with direct AddedFoodManager data
2025-10-14 03:11:58.044 14165-14165 FoodActivity            com.example.nutrisaur11              D  FoodActivity Available database fields: [birthday, is_pregnant, muac_category, notes, weight_kg, nutritional_risk, height_cm, sex, municipality, muac_cm, screening_date, bmi_category, name, barangay, email, age, bmi, status]
2025-10-14 03:11:58.044 14165-14165 FoodActivity            com.example.nutrisaur11              D  Calculated age from birthday '2005-10-10': 20
2025-10-14 03:11:58.044 14165-14165 FoodActivity            com.example.nutrisaur11              D  FoodActivity Weight field lookup - weight_kg: '50', weight: 'null', final: '50'
2025-10-14 03:11:58.044 14165-14165 FoodActivity            com.example.nutrisaur11              D  FoodActivity: Set weight from database: 50
2025-10-14 03:11:58.044 14165-14165 FoodActivity            com.example.nutrisaur11              D  FoodActivity Height field lookup - height_cm: '171', height: 'null', final: '171'
2025-10-14 03:11:58.044 14165-14165 FoodActivity            com.example.nutrisaur11              D  FoodActivity: Set height from database: 171
2025-10-14 03:11:58.044 14165-14165 FoodActivity            com.example.nutrisaur11              D  Created user profile from database data: Pingol , Kevin C. (Age: 20, Weight: 50.0, Height: 171.0, Gender: Male, Activity: Moderate)
2025-10-14 03:11:58.045 14165-14165 KcalSuggestionCache     com.example.nutrisaur11              D  User profile changed, cache invalid
2025-10-14 03:11:58.045 14165-14165 FoodActivity            com.example.nutrisaur11              D  No valid AI cache found, using fallback calculation...
2025-10-14 03:11:58.045 14165-14165 CalorieCal...ionService com.example.nutrisaur11              D  Calculated BMR: 1473.75 for Pingol , Kevin C.
2025-10-14 03:11:58.045 14165-14165 CalorieCal...ionService com.example.nutrisaur11              D  Calculated TDEE: 2284.3125 (BMR: 1473.75 × Activity: 1.55)
2025-10-14 03:11:58.045 14165-14165 CalorieCal...ionService com.example.nutrisaur11              D  Calculated daily calorie target: 2784 (TDEE: 2284.3125 + Adjustment: 500.0)
2025-10-14 03:11:58.045 14165-14165 FoodActivity            com.example.nutrisaur11              D  Using fallback calculation (AI will update cache): 2784
2025-10-14 03:11:58.045 14165-14165 FoodActivity            com.example.nutrisaur11              D  AI calculation already in progress, skipping...
2025-10-14 03:11:58.045 14165-14165 FoodActivity            com.example.nutrisaur11              D  Using AI-calculated total daily calories: 2784
2025-10-14 03:11:58.045 14165-14165 FoodActivity            com.example.nutrisaur11              D  FoodActivity Available database fields: [birthday, is_pregnant, muac_category, notes, weight_kg, nutritional_risk, height_cm, sex, municipality, muac_cm, screening_date, bmi_category, name, barangay, email, age, bmi, status]
2025-10-14 03:11:58.045 14165-14165 FoodActivity            com.example.nutrisaur11              D  Calculated age from birthday '2005-10-10': 20
2025-10-14 03:11:58.045 14165-14165 FoodActivity            com.example.nutrisaur11              D  FoodActivity Weight field lookup - weight_kg: '50', weight: 'null', final: '50'
2025-10-14 03:11:58.045 14165-14165 FoodActivity            com.example.nutrisaur11              D  FoodActivity: Set weight from database: 50
2025-10-14 03:11:58.045 14165-14165 FoodActivity            com.example.nutrisaur11              D  FoodActivity Height field lookup - height_cm: '171', height: 'null', final: '171'
2025-10-14 03:11:58.045 14165-14165 FoodActivity            com.example.nutrisaur11              D  FoodActivity: Set height from database: 171
2025-10-14 03:11:58.046 14165-14165 FoodActivity            com.example.nutrisaur11              D  Created user profile from database data: Pingol , Kevin C. (Age: 20, Weight: 50.0, Height: 171.0, Gender: Male, Activity: Moderate)
2025-10-14 03:11:58.046 14165-14165 CalorieCal...ionService com.example.nutrisaur11              D  Calculated meal distribution: Breakfast=696, Lunch=974, Dinner=835, Snacks=278
2025-10-14 03:11:58.046 14165-14165 FoodActivity            com.example.nutrisaur11              D  Calculated meal distribution: Breakfast=696, Lunch=974, Dinner=835, Snacks=278
2025-10-14 03:11:58.046 14165-14165 FoodActivity            com.example.nutrisaur11              D  Direct update Breakfast: 2000 / 696 kcal (from 4 foods)
2025-10-14 03:11:58.046 14165-14165 FoodActivity            com.example.nutrisaur11              D  Set breakfast progress text to: 2000 / 696 kcal
2025-10-14 03:11:58.046 14165-14165 FoodActivity            com.example.nutrisaur11              D  Direct update Lunch: 0 / 974 kcal (from 0 foods)
2025-10-14 03:11:58.046 14165-14165 FoodActivity            com.example.nutrisaur11              D  Set lunch progress text to: 0 / 974 kcal
2025-10-14 03:11:58.046 14165-14165 FoodActivity            com.example.nutrisaur11              D  Direct update Dinner: 0 / 835 kcal (from 0 foods)
2025-10-14 03:11:58.047 14165-14165 FoodActivity            com.example.nutrisaur11              D  Set dinner progress text to: 0 / 835 kcal
2025-10-14 03:11:58.047 14165-14165 FoodActivity            com.example.nutrisaur11              D  Direct update Snacks: 0 / 278 kcal (from 0 foods)
2025-10-14 03:11:58.047 14165-14165 FoodActivity            com.example.nutrisaur11              D  Set snacks progress text to: 0 / 278 kcal
2025-10-14 03:11:58.047 14165-14165 FoodActivity            com.example.nutrisaur11              D  Updating meal progress texts with direct AddedFoodManager data
2025-10-14 03:11:58.051 14165-14165 FoodActivity            com.example.nutrisaur11              D  FoodActivity Available database fields: [birthday, is_pregnant, muac_category, notes, weight_kg, nutritional_risk, height_cm, sex, municipality, muac_cm, screening_date, bmi_category, name, barangay, email, age, bmi, status]
2025-10-14 03:11:58.052 14165-14165 FoodActivity            com.example.nutrisaur11              D  Calculated age from birthday '2005-10-10': 20
2025-10-14 03:11:58.052 14165-14165 FoodActivity            com.example.nutrisaur11              D  FoodActivity Weight field lookup - weight_kg: '50', weight: 'null', final: '50'
2025-10-14 03:11:58.052 14165-14165 FoodActivity            com.example.nutrisaur11              D  FoodActivity: Set weight from database: 50
2025-10-14 03:11:58.052 14165-14165 FoodActivity            com.example.nutrisaur11              D  FoodActivity Height field lookup - height_cm: '171', height: 'null', final: '171'
2025-10-14 03:11:58.052 14165-14165 FoodActivity            com.example.nutrisaur11              D  FoodActivity: Set height from database: 171
2025-10-14 03:11:58.052 14165-14165 FoodActivity            com.example.nutrisaur11              D  Created user profile from database data: Pingol , Kevin C. (Age: 20, Weight: 50.0, Height: 171.0, Gender: Male, Activity: Moderate)
2025-10-14 03:11:58.052 14165-14165 KcalSuggestionCache     com.example.nutrisaur11              D  User profile changed, cache invalid
2025-10-14 03:11:58.052 14165-14165 FoodActivity            com.example.nutrisaur11              D  No valid AI cache found, using fallback calculation...
2025-10-14 03:11:58.052 14165-14165 CalorieCal...ionService com.example.nutrisaur11              D  Calculated BMR: 1473.75 for Pingol , Kevin C.
2025-10-14 03:11:58.052 14165-14165 CalorieCal...ionService com.example.nutrisaur11              D  Calculated TDEE: 2284.3125 (BMR: 1473.75 × Activity: 1.55)
2025-10-14 03:11:58.052 14165-14165 CalorieCal...ionService com.example.nutrisaur11              D  Calculated daily calorie target: 2784 (TDEE: 2284.3125 + Adjustment: 500.0)
2025-10-14 03:11:58.052 14165-14165 FoodActivity            com.example.nutrisaur11              D  Using fallback calculation (AI will update cache): 2784
2025-10-14 03:11:58.052 14165-14165 FoodActivity            com.example.nutrisaur11              D  AI calculation already in progress, skipping...
2025-10-14 03:11:58.052 14165-14165 FoodActivity            com.example.nutrisaur11              D  Using AI-calculated total daily calories: 2784
2025-10-14 03:11:58.052 14165-14165 FoodActivity            com.example.nutrisaur11              D  FoodActivity Available database fields: [birthday, is_pregnant, muac_category, notes, weight_kg, nutritional_risk, height_cm, sex, municipality, muac_cm, screening_date, bmi_category, name, barangay, email, age, bmi, status]
2025-10-14 03:11:58.053 14165-14165 FoodActivity            com.example.nutrisaur11              D  Calculated age from birthday '2005-10-10': 20
2025-10-14 03:11:58.053 14165-14165 FoodActivity            com.example.nutrisaur11              D  FoodActivity Weight field lookup - weight_kg: '50', weight: 'null', final: '50'
2025-10-14 03:11:58.053 14165-14165 FoodActivity            com.example.nutrisaur11              D  FoodActivity: Set weight from database: 50
2025-10-14 03:11:58.053 14165-14165 FoodActivity            com.example.nutrisaur11              D  FoodActivity Height field lookup - height_cm: '171', height: 'null', final: '171'
2025-10-14 03:11:58.053 14165-14165 FoodActivity            com.example.nutrisaur11              D  FoodActivity: Set height from database: 171
2025-10-14 03:11:58.053 14165-14165 FoodActivity            com.example.nutrisaur11              D  Created user profile from database data: Pingol , Kevin C. (Age: 20, Weight: 50.0, Height: 171.0, Gender: Male, Activity: Moderate)
2025-10-14 03:11:58.053 14165-14165 CalorieCal...ionService com.example.nutrisaur11              D  Calculated meal distribution: Breakfast=696, Lunch=974, Dinner=835, Snacks=278
2025-10-14 03:11:58.053 14165-14165 FoodActivity            com.example.nutrisaur11              D  Calculated meal distribution: Breakfast=696, Lunch=974, Dinner=835, Snacks=278
2025-10-14 03:11:58.053 14165-14165 FoodActivity            com.example.nutrisaur11              D  Direct update Breakfast: 2000 / 696 kcal (from 4 foods)
2025-10-14 03:11:58.053 14165-14165 FoodActivity            com.example.nutrisaur11              D  Set breakfast progress text to: 2000 / 696 kcal
2025-10-14 03:11:58.054 14165-14165 FoodActivity            com.example.nutrisaur11              D  Direct update Lunch: 0 / 974 kcal (from 0 foods)
2025-10-14 03:11:58.054 14165-14165 FoodActivity            com.example.nutrisaur11              D  Set lunch progress text to: 0 / 974 kcal
2025-10-14 03:11:58.054 14165-14165 FoodActivity            com.example.nutrisaur11              D  Direct update Dinner: 0 / 835 kcal (from 0 foods)
