2025-10-10 04:44:20.311  3026-3369  ActivityManagerWrapper  com.miui.home                        E  getRecentTasks: taskId=10734   userId=0   baseIntent=Intent { act=android.intent.action.MAIN cat=[android.intent.category.LAUNCHER] flg=0x10000000 cmp=com.example.nutrisaur11/.SplashActivity }
---------------------------- PROCESS STARTED (30651) for package com.example.nutrisaur11 ----------------------------
2025-10-10 04:44:22.250 30651-30651 SplashActivity          com.example.nutrisaur11              D  Checking login status - Email: kevinpotatrue@gmail.com, IsLoggedIn: true
2025-10-10 04:44:22.251 30651-30651 SplashActivity          com.example.nutrisaur11              D  User found in preferences, verifying with database: kevinpotatrue@gmail.com
2025-10-10 04:44:22.259 30651-30709 SessionManager          com.example.nutrisaur11              D  Checking user existence in database: kevinpotatrue@gmail.com
2025-10-10 04:44:22.265 30651-30709 CommunityUserManager    com.example.nutrisaur11              D  === GETTING CURRENT USER DATA FROM DATABASE (ASYNC) ===
2025-10-10 04:44:22.266 30651-30709 CommunityUserManager    com.example.nutrisaur11              D  Retrieved cached user data for: kevinpotatrue@gmail.com
2025-10-10 04:44:22.266 30651-30709 CommunityUserManager    com.example.nutrisaur11              D  Returning cached user data
2025-10-10 04:44:22.266 30651-30709 SessionManager          com.example.nutrisaur11              D  Database check completed in 7ms
2025-10-10 04:44:22.267 30651-30709 SessionManager          com.example.nutrisaur11              D  User exists and is valid: kevinpotatrue@gmail.com
2025-10-10 04:44:22.302 30651-30651 SplashActivity          com.example.nutrisaur11              D  User verified in database, going to MainActivity
2025-10-10 04:44:22.344 30651-30651 DecorView[]             com.example.nutrisaur11              D  onWindowFocusChanged hasWindowFocus false
2025-10-10 04:44:22.362 30651-30651 SessionManager          com.example.nutrisaur11              D  User interaction recorded at: 1760042662362
2025-10-10 04:44:22.362 30651-30651 SessionManager          com.example.nutrisaur11              D  === REAL-TIME SESSION VALIDATION ===
2025-10-10 04:44:22.362 30651-30651 SessionManager          com.example.nutrisaur11              D  No recent valid session found, performing real-time database check
2025-10-10 04:44:22.364 30651-30651 SessionManager          com.example.nutrisaur11              D  Checking user existence in database: kevinpotatrue@gmail.com
2025-10-10 04:44:22.364 30651-30651 CommunityUserManager    com.example.nutrisaur11              D  === GETTING CURRENT USER DATA FROM DATABASE (ASYNC) ===
2025-10-10 04:44:22.364 30651-30651 CommunityUserManager    com.example.nutrisaur11              D  Retrieved cached user data for: kevinpotatrue@gmail.com
2025-10-10 04:44:22.364 30651-30651 CommunityUserManager    com.example.nutrisaur11              D  Returning cached user data
2025-10-10 04:44:22.364 30651-30651 SessionManager          com.example.nutrisaur11              D  Database check completed in 0ms
2025-10-10 04:44:22.364 30651-30651 SessionManager          com.example.nutrisaur11              D  User exists and is valid: kevinpotatrue@gmail.com
2025-10-10 04:44:22.364 30651-30651 SessionManager          com.example.nutrisaur11              D  Real-time validation successful
2025-10-10 04:44:22.372 30651-30651 DailyResetManager       com.example.nutrisaur11              D  Same day, no reset needed. Current: 2025-10-10
2025-10-10 04:44:22.385 30651-30651 IS_CTS_MODE             com.example.nutrisaur11              D  false
2025-10-10 04:44:22.385 30651-30651 MULTI_WIND...CH_ENABLED com.example.nutrisaur11              D  false
2025-10-10 04:44:22.388 30651-30651 DecorView[]             com.example.nutrisaur11              D  getWindowModeFromSystem  windowmode is 1
2025-10-10 04:44:22.400 30651-30651 Compatibil...geReporter com.example.nutrisaur11              D  Compat change id reported: 171228096; UID 10350; state: ENABLED
2025-10-10 04:44:22.447  3026-3369  ActivityManagerWrapper  com.miui.home                        E  getRecentTasks: taskId=10735   userId=0   baseIntent=Intent { act=android.intent.action.MAIN cat=[android.intent.category.LAUNCHER] flg=0x10000000 cmp=com.example.nutrisaur11/.SplashActivity }
2025-10-10 04:44:22.457 30651-30651 CommunityUserManager    com.example.nutrisaur11              D  === GETTING CURRENT USER DATA FROM DATABASE (NON-BLOCKING) ===
2025-10-10 04:44:22.457 30651-30651 CommunityUserManager    com.example.nutrisaur11              D  Retrieved cached user data for: kevinpotatrue@gmail.com
2025-10-10 04:44:22.457 30651-30651 CommunityUserManager    com.example.nutrisaur11              D  Returning cached user data to prevent ANR
2025-10-10 04:44:22.462 30651-30651 MainActivity            com.example.nutrisaur11              D  Fetched barangay from database for kevinpotatrue@gmail.com: 
2025-10-10 04:44:22.462 30651-30651 MainActivity            com.example.nutrisaur11              D  User has no barangay data, FCM initialization delayed until screening completion
2025-10-10 04:44:22.464 30651-30651 MainActivity            com.example.nutrisaur11              D  Data update receiver registered
2025-10-10 04:44:22.468 30651-30651 CalorieTracker          com.example.nutrisaur11              D  Cleared all calorie data for the day
2025-10-10 04:44:22.475 30651-30651 SessionManager          com.example.nutrisaur11              D  User interaction recorded at: 1760042662475
2025-10-10 04:44:22.475 30651-30651 SessionManager          com.example.nutrisaur11              D  === REAL-TIME SESSION VALIDATION ===
2025-10-10 04:44:22.475 30651-30651 SessionManager          com.example.nutrisaur11              D  Using cached valid session
2025-10-10 04:44:22.475 30651-30651 CommunityUserManager    com.example.nutrisaur11              D  === CHECKING ARCHIVE STATUS ===
2025-10-10 04:44:22.475 30651-30651 CommunityUserManager    com.example.nutrisaur11              D  === FORCE REFRESHING USER DATA FROM DATABASE ===
2025-10-10 04:44:22.475 30651-30651 CommunityUserManager    com.example.nutrisaur11              D  Force refreshing data for: kevinpotatrue@gmail.com
2025-10-10 04:44:22.475 30651-30651 CommunityUserManager    com.example.nutrisaur11              D  === CHECKING USER EXISTENCE ===
2025-10-10 04:44:22.476 30651-30720 CommunityUserManager    com.example.nutrisaur11              D  Making API request to: https://nutrisaur-production.up.railway.app/api/DatabaseAPI.php?action=get_community_user_data
2025-10-10 04:44:22.476 30651-30720 CommunityUserManager    com.example.nutrisaur11              D  Request data: {"email":"kevinpotatrue@gmail.com"}
2025-10-10 04:44:22.481 30651-30651 CommunityUserManager    com.example.nutrisaur11              D  === FORCE REFRESHING USER DATA FROM DATABASE ===
2025-10-10 04:44:22.481 30651-30651 CommunityUserManager    com.example.nutrisaur11              D  Force refreshing data for: kevinpotatrue@gmail.com
2025-10-10 04:44:22.481 30651-30651 CommunityUserManager    com.example.nutrisaur11              D  === CHECKING ARCHIVE STATUS ===
2025-10-10 04:44:22.481 30651-30651 CommunityUserManager    com.example.nutrisaur11              D  === FORCE REFRESHING USER DATA FROM DATABASE ===
2025-10-10 04:44:22.481 30651-30651 CommunityUserManager    com.example.nutrisaur11              D  Force refreshing data for: kevinpotatrue@gmail.com
2025-10-10 04:44:22.481 30651-30651 MainActivity            com.example.nutrisaur11              D  Checking for new events for user: kevinpotatrue@gmail.com
2025-10-10 04:44:22.481 30651-30722 CommunityUserManager    com.example.nutrisaur11              D  Making API request to: https://nutrisaur-production.up.railway.app/api/DatabaseAPI.php?action=get_community_user_data
2025-10-10 04:44:22.481 30651-30721 CommunityUserManager    com.example.nutrisaur11              D  Making API request to: https://nutrisaur-production.up.railway.app/api/DatabaseAPI.php?action=get_community_user_data
2025-10-10 04:44:22.482 30651-30721 CommunityUserManager    com.example.nutrisaur11              D  Request data: {"email":"kevinpotatrue@gmail.com"}
2025-10-10 04:44:22.482 30651-30722 CommunityUserManager    com.example.nutrisaur11              D  Request data: {"email":"kevinpotatrue@gmail.com"}
2025-10-10 04:44:22.599 30651-30651 DecorView[]             com.example.nutrisaur11              D  onWindowFocusChanged hasWindowFocus true
2025-10-10 04:44:22.629 30651-30665 OpenGLRenderer          com.example.nutrisaur11              I  Davey! duration=9223369434057ms; Flags=0, FrameTimelineVsyncId=37368, IntendedVsync=2602797464135, Vsync=2602797464135, InputEventId=0, HandleInputStart=2602800044942, AnimationStart=2602800046713, PerformTraversalsStart=2602800047755, DrawStart=2602800126453, FrameDeadline=2602814130801, FrameInterval=2602799994369, FrameStartTime=16666666, SyncQueued=2602800788744, SyncStart=2602801097182, IssueDrawCommandsStart=2602801241765, SwapBuffers=2602809578380, FrameCompleted=9223372036854775807, DequeueBufferDuration=19115, QueueBufferDuration=1211823, GpuCompleted=9223372036854775807, SwapBuffersCompleted=2602811140515, DisplayPresentTime=0, 
2025-10-10 04:44:22.843 30651-30721 CommunityUserManager    com.example.nutrisaur11              D  API response code: 200
2025-10-10 04:44:22.843 30651-30721 CommunityUserManager    com.example.nutrisaur11              D  API response message: 
2025-10-10 04:44:22.851 30651-30721 CommunityUserManager    com.example.nutrisaur11              D  API response for get_community_user_data: {"success":true,"message":"User data retrieved successfully","user":{"name":"Joshua Hernandez","email":"kevinpotatrue@gmail.com","municipality":"LIMAY","barangay":"Kitang I","sex":"Male","birthday":"2005-10-20","is_pregnant":"N\/A","weight":"65","height":"170","screening_date":"2025-10-09 01:05:59","fcm_token":"dDgJr74pRHukYxdkYiGyAE:APA91bEXmlVPtccDWnjjYa2YbuS2uFPXcHj6yNSAzCTLm-xrau3IpK1fGfdxayfKacMk1tWt1hyqMsurnJSjzh5ghb-Mcg_6VoJMNVl40Zz-rcOX_QwSJuo","is_flagged":0,"bmi-for-age":"","weight-for-height":"","weight-for-age":"","weight-for-length":"","height-for-age":""}}
2025-10-10 04:44:22.852 30651-30721 CommunityUserManager    com.example.nutrisaur11              D  Cached user data for: kevinpotatrue@gmail.com
2025-10-10 04:44:22.853 30651-30721 CommunityUserManager    com.example.nutrisaur11              D  Fresh user data retrieved successfully: {birthday=2005-10-20, is_pregnant=N/A, muac_category=, notes=, weight_kg=65, nutritional_risk=, height_cm=170, sex=Male, municipality=LIMAY, muac_cm=, screening_date=2025-10-09 01:05:59, bmi_category=, name=Joshua Hernandez, barangay=Kitang I, email=kevinpotatrue@gmail.com, age=, bmi=, status=1}
2025-10-10 04:44:22.853 30651-30721 CommunityUserManager    com.example.nutrisaur11              D  User exists and has valid data
2025-10-10 04:44:22.857 30651-30720 CommunityUserManager    com.example.nutrisaur11              D  API response code: 200
2025-10-10 04:44:22.857 30651-30720 CommunityUserManager    com.example.nutrisaur11              D  API response message: 
2025-10-10 04:44:22.858 30651-30720 CommunityUserManager    com.example.nutrisaur11              D  API response for get_community_user_data: {"success":true,"message":"User data retrieved successfully","user":{"name":"Joshua Hernandez","email":"kevinpotatrue@gmail.com","municipality":"LIMAY","barangay":"Kitang I","sex":"Male","birthday":"2005-10-20","is_pregnant":"N\/A","weight":"65","height":"170","screening_date":"2025-10-09 01:05:59","fcm_token":"dDgJr74pRHukYxdkYiGyAE:APA91bEXmlVPtccDWnjjYa2YbuS2uFPXcHj6yNSAzCTLm-xrau3IpK1fGfdxayfKacMk1tWt1hyqMsurnJSjzh5ghb-Mcg_6VoJMNVl40Zz-rcOX_QwSJuo","is_flagged":0,"bmi-for-age":"","weight-for-height":"","weight-for-age":"","weight-for-length":"","height-for-age":""}}
2025-10-10 04:44:22.859 30651-30720 CommunityUserManager    com.example.nutrisaur11              D  Cached user data for: kevinpotatrue@gmail.com
2025-10-10 04:44:22.859 30651-30720 CommunityUserManager    com.example.nutrisaur11              D  Fresh user data retrieved successfully: {birthday=2005-10-20, is_pregnant=N/A, muac_category=, notes=, weight_kg=65, nutritional_risk=, height_cm=170, sex=Male, municipality=LIMAY, muac_cm=, screening_date=2025-10-09 01:05:59, bmi_category=, name=Joshua Hernandez, barangay=Kitang I, email=kevinpotatrue@gmail.com, age=, bmi=, status=1}
2025-10-10 04:44:22.859 30651-30720 CommunityUserManager    com.example.nutrisaur11              D  User status: 1
2025-10-10 04:44:22.859 30651-30720 CommunityUserManager    com.example.nutrisaur11              D  User is active (status = 1)
2025-10-10 04:44:22.875 30651-30722 CommunityUserManager    com.example.nutrisaur11              D  API response code: 200
2025-10-10 04:44:22.875 30651-30722 CommunityUserManager    com.example.nutrisaur11              D  API response message: 
2025-10-10 04:44:22.877 30651-30722 CommunityUserManager    com.example.nutrisaur11              D  API response for get_community_user_data: {"success":true,"message":"User data retrieved successfully","user":{"name":"Joshua Hernandez","email":"kevinpotatrue@gmail.com","municipality":"LIMAY","barangay":"Kitang I","sex":"Male","birthday":"2005-10-20","is_pregnant":"N\/A","weight":"65","height":"170","screening_date":"2025-10-09 01:05:59","fcm_token":"dDgJr74pRHukYxdkYiGyAE:APA91bEXmlVPtccDWnjjYa2YbuS2uFPXcHj6yNSAzCTLm-xrau3IpK1fGfdxayfKacMk1tWt1hyqMsurnJSjzh5ghb-Mcg_6VoJMNVl40Zz-rcOX_QwSJuo","is_flagged":0,"bmi-for-age":"","weight-for-height":"","weight-for-age":"","weight-for-length":"","height-for-age":""}}
2025-10-10 04:44:22.877 30651-30722 CommunityUserManager    com.example.nutrisaur11              D  Cached user data for: kevinpotatrue@gmail.com
2025-10-10 04:44:22.877 30651-30722 CommunityUserManager    com.example.nutrisaur11              D  Fresh user data retrieved successfully: {birthday=2005-10-20, is_pregnant=N/A, muac_category=, notes=, weight_kg=65, nutritional_risk=, height_cm=170, sex=Male, municipality=LIMAY, muac_cm=, screening_date=2025-10-09 01:05:59, bmi_category=, name=Joshua Hernandez, barangay=Kitang I, email=kevinpotatrue@gmail.com, age=, bmi=, status=1}
2025-10-10 04:44:22.877 30651-30722 CommunityUserManager    com.example.nutrisaur11              D  User status: 1
2025-10-10 04:44:22.877 30651-30722 CommunityUserManager    com.example.nutrisaur11              D  User is active (status = 1)
2025-10-10 04:44:22.889 30651-30723 MainActivity            com.example.nutrisaur11              D  Events API response code: 200
2025-10-10 04:44:22.890 30651-30723 MainActivity            com.example.nutrisaur11              D  Events API response: {"success":true,"events":[{"id":4,"title":"bhvehjfve","type":"Event","description":"sfs","date_time":"2024-02-09 10:01:00","location":"Binukawan","organizer":"kevin112","created_at":1760042662},{"id":5,"title":"bhbhbhgh h","type":"Event","description":"uhbbbh","date_time":"2025-10-09 21:06:00","location":"Kitang I","organizer":"nerayushi","created_at":1760042662},{"id":6,"title":"dadad","type":"Event","description":"dadadada","date_time":"2025-10-09 21:22:00","location":"Kitang I","organizer":"nerayushi","created_at":1760042662},{"id":7,"title":"Community Nutrition Maintenance Program","type":"Event","description":"bjhbhjh","date_time":"2025-10-09 21:24:00","location":"Kitang I","organizer":"nerayushi","created_at":1760042662},{"id":8,"title":"Nutrition Education Program","type":"Event","description":"njbhbhj","date_time":"2025-10-09 21:24:00","location":"Kitang I","organizer":"nerayushi","created_at":1760042662},{"id":9,"title":"hjbh h h ","type":"Event","description":"rwrwr","date_time":"2025-10-09 21:25:00","location":"Lamao","organizer":"nerayushi","created_at":1760042662},{"id":10,"title":"vghvhg","type":"Event","description":"vhgvgh","date_time":"2025-10-10 04:02:00","location":"Kitang I","organizer":"nerayushi","created_at":1760042662},{"id":11,"title":"kkkkk","type":"Event","description":"vchcgfc","date_time":"2025-10-10 04:04:00","location":"Kitang I","organizer":"nerayushi","created_at":1760042662},{"id":12,"title":"dada","type":"Event","description":"dadadad","date_time":"2025-10-10 04:04:00","location":"Kitang I","organizer":"nerayushi","created_at":1760042662},{"id":1,"title":"Nutrition Workshop","type":"Event","description":"Free nutrition screening and health consultation","date_time":"2025-10-16 09:49:00","location":"CITY OF BALANGA","organizer":"Dr. Maria Santos","created_at":1760042662},{"id":2,"title":"Health Seminar","type":"Event","description":"Community health education and awareness (all barangays)","date_time":"2025-10-23 09:49:00","location":"ABUCAY","organizer":"Dr. Juan Cruz","created_at":1760042662},{"id":3,"title":"Medical Mission","type":"Event","description":"Free medical checkup and consultation","date_time":"2025-10-30 09:49:00","location":"LIMAY","organizer":"Dr. Ana Reyes","created_at":1760042662}]}
2025-10-10 04:44:22.890 30651-30723 MainActivity            com.example.nutrisaur11              D  Found 12 events
2025-10-10 04:44:22.890 30651-30723 MainActivity            com.example.nutrisaur11              D  New event detected: bhvehjfve
2025-10-10 04:44:22.891 30651-30723 MainActivity            com.example.nutrisaur11              D  New event detected: bhbhbhgh h
2025-10-10 04:44:22.891 30651-30723 MainActivity            com.example.nutrisaur11              D  New event detected: dadad
2025-10-10 04:44:22.891 30651-30723 MainActivity            com.example.nutrisaur11              D  New event detected: Community Nutrition Maintenance Program
2025-10-10 04:44:22.891 30651-30723 MainActivity            com.example.nutrisaur11              D  New event detected: Nutrition Education Program
2025-10-10 04:44:22.891 30651-30723 MainActivity            com.example.nutrisaur11              D  New event detected: hjbh h h 
2025-10-10 04:44:22.891 30651-30723 MainActivity            com.example.nutrisaur11              D  New event detected: vghvhg
2025-10-10 04:44:22.891 30651-30723 MainActivity            com.example.nutrisaur11              D  New event detected: kkkkk
2025-10-10 04:44:22.891 30651-30723 MainActivity            com.example.nutrisaur11              D  New event detected: dada
2025-10-10 04:44:22.891 30651-30723 MainActivity            com.example.nutrisaur11              D  New event detected: Nutrition Workshop
2025-10-10 04:44:22.891 30651-30723 MainActivity            com.example.nutrisaur11              D  New event detected: Health Seminar
2025-10-10 04:44:22.891 30651-30723 MainActivity            com.example.nutrisaur11              D  New event detected: Medical Mission
2025-10-10 04:44:22.891 30651-30723 MainActivity            com.example.nutrisaur11              D  Found 12 new events, refreshing dashboard
2025-10-10 04:44:23.053 30651-30665 OpenGLRenderer          com.example.nutrisaur11              I  Davey! duration=9223369433673ms; Flags=0, FrameTimelineVsyncId=37385, IntendedVsync=2603181082442, Vsync=2603181082442, InputEventId=0, HandleInputStart=2603181339786, AnimationStart=2603181341557, PerformTraversalsStart=2603181342702, DrawStart=2603217651036, FrameDeadline=2603214415774, FrameInterval=2603181328432, FrameStartTime=16666666, SyncQueued=2603219367702, SyncStart=2603219422234, IssueDrawCommandsStart=2603219541088, SwapBuffers=2603224402754, FrameCompleted=9223372036854775807, DequeueBufferDuration=13229, QueueBufferDuration=602188, GpuCompleted=9223372036854775807, SwapBuffersCompleted=2603225355463, DisplayPresentTime=0, 
2025-10-10 04:44:23.063 30651-30665 OpenGLRenderer          com.example.nutrisaur11              I  Davey! duration=9223369433623ms; Flags=0, FrameTimelineVsyncId=37388, IntendedVsync=2603231106926, Vsync=2603231106926, InputEventId=0, HandleInputStart=2603231584317, AnimationStart=2603231586713, PerformTraversalsStart=2603231588067, DrawStart=2603231688432, FrameDeadline=2603264440258, FrameInterval=2603231563275, FrameStartTime=16666666, SyncQueued=2603231880463, SyncStart=2603231950202, IssueDrawCommandsStart=2603232089265, SwapBuffers=2603233520515, FrameCompleted=9223372036854775807, DequeueBufferDuration=21406, QueueBufferDuration=4778281, GpuCompleted=9223372036854775807, SwapBuffersCompleted=2603238913275, DisplayPresentTime=0, 
2025-10-10 04:44:25.261 30651-30651 SessionManager          com.example.nutrisaur11              D  === PERIODIC SESSION VALIDATION ===
2025-10-10 04:44:25.261 30651-30651 SessionManager          com.example.nutrisaur11              D  Using cached session validation result: true
2025-10-10 04:44:25.264 30651-30651 SessionManager          com.example.nutrisaur11              D  Checking user existence in database: kevinpotatrue@gmail.com
2025-10-10 04:44:25.264 30651-30651 CommunityUserManager    com.example.nutrisaur11              D  === GETTING CURRENT USER DATA FROM DATABASE (ASYNC) ===
2025-10-10 04:44:25.265 30651-30651 CommunityUserManager    com.example.nutrisaur11              D  Retrieved cached user data for: kevinpotatrue@gmail.com
2025-10-10 04:44:25.265 30651-30651 CommunityUserManager    com.example.nutrisaur11              D  Returning cached user data
2025-10-10 04:44:25.265 30651-30651 SessionManager          com.example.nutrisaur11              D  Database check completed in 1ms
2025-10-10 04:44:25.265 30651-30651 SessionManager          com.example.nutrisaur11              D  User exists and is valid: kevinpotatrue@gmail.com
2025-10-10 04:44:26.550 30651-30759 ProfileInstaller        com.example.nutrisaur11              D  Installing profile for com.example.nutrisaur11
2025-10-10 04:44:28.269 30651-30651 SessionManager          com.example.nutrisaur11              D  === PERIODIC SESSION VALIDATION ===
2025-10-10 04:44:28.270 30651-30651 SessionManager          com.example.nutrisaur11              D  User is active, validating with database
2025-10-10 04:44:28.270 30651-30651 SessionManager          com.example.nutrisaur11              D  Checking user existence in database: kevinpotatrue@gmail.com
2025-10-10 04:44:28.271 30651-30651 CommunityUserManager    com.example.nutrisaur11              D  === GETTING CURRENT USER DATA FROM DATABASE (ASYNC) ===
2025-10-10 04:44:28.272 30651-30651 CommunityUserManager    com.example.nutrisaur11              D  Retrieved cached user data for: kevinpotatrue@gmail.com
2025-10-10 04:44:28.272 30651-30651 CommunityUserManager    com.example.nutrisaur11              D  Returning cached user data
2025-10-10 04:44:28.272 30651-30651 SessionManager          com.example.nutrisaur11              D  Database check completed in 2ms
2025-10-10 04:44:28.273 30651-30651 SessionManager          com.example.nutrisaur11              D  User exists and is valid: kevinpotatrue@gmail.com
2025-10-10 04:44:28.280 30651-30651 SessionManager          com.example.nutrisaur11              D  Checking user existence in database: kevinpotatrue@gmail.com
2025-10-10 04:44:28.280 30651-30651 CommunityUserManager    com.example.nutrisaur11              D  === GETTING CURRENT USER DATA FROM DATABASE (ASYNC) ===
2025-10-10 04:44:28.282 30651-30651 CommunityUserManager    com.example.nutrisaur11              D  Retrieved cached user data for: kevinpotatrue@gmail.com
2025-10-10 04:44:28.282 30651-30651 CommunityUserManager    com.example.nutrisaur11              D  Returning cached user data
2025-10-10 04:44:28.282 30651-30651 SessionManager          com.example.nutrisaur11              D  Database check completed in 2ms
2025-10-10 04:44:28.283 30651-30651 SessionManager          com.example.nutrisaur11              D  User exists and is valid: kevinpotatrue@gmail.com
2025-10-10 04:44:28.374 30651-30651 SessionManager          com.example.nutrisaur11              D  User interaction recorded at: 1760042668374
2025-10-10 04:44:28.425 30651-30651 SessionManager          com.example.nutrisaur11              D  User interaction recorded at: 1760042668425
2025-10-10 04:44:28.426 30651-30651 SessionManager          com.example.nutrisaur11              D  Using cached session validation result: true
2025-10-10 04:44:28.466 30651-30651 SessionManager          com.example.nutrisaur11              D  User interaction recorded at: 1760042668466
2025-10-10 04:44:28.466 30651-30651 SessionManager          com.example.nutrisaur11              D  User marked as idle
2025-10-10 04:44:28.487 30651-30651 SessionManager          com.example.nutrisaur11              D  User interaction recorded at: 1760042668487
2025-10-10 04:44:28.487 30651-30651 SessionManager          com.example.nutrisaur11              D  === REAL-TIME SESSION VALIDATION ===
2025-10-10 04:44:28.488 30651-30651 SessionManager          com.example.nutrisaur11              D  Using cached valid session
2025-10-10 04:44:28.488 30651-30651 IS_CTS_MODE             com.example.nutrisaur11              D  false
2025-10-10 04:44:28.488 30651-30651 MULTI_WIND...CH_ENABLED com.example.nutrisaur11              D  false
2025-10-10 04:44:28.489 30651-30651 DecorView[]             com.example.nutrisaur11              D  getWindowModeFromSystem  windowmode is 1
2025-10-10 04:44:28.578  3026-3369  ActivityManagerWrapper  com.miui.home                        E  getRecentTasks: taskId=10735   userId=0   baseIntent=Intent { act=android.intent.action.MAIN cat=[android.intent.category.LAUNCHER] flg=0x10000000 cmp=com.example.nutrisaur11/.SplashActivity }
2025-10-10 04:44:28.627 30651-30651 FoodActivity            com.example.nutrisaur11              D  FoodActivity onCreate started
2025-10-10 04:44:28.628 30651-30651 DailyResetManager       com.example.nutrisaur11              D  Same day, no reset needed. Current: 2025-10-10
2025-10-10 04:44:28.633 30651-30651 FoodHistorySyncManager  com.example.nutrisaur11              D  === CHECKING MIGRATION STATUS ===
2025-10-10 04:44:28.634 30651-30651 FoodHistorySyncManager  com.example.nutrisaur11              D  Migration already completed, skipping
2025-10-10 04:44:28.634 30651-30651 FoodActivity            com.example.nutrisaur11              D  Date navigation initialized with date: 2025-10-10
2025-10-10 04:44:28.635 30651-30651 FoodActivity            com.example.nutrisaur11              D  Date display updated to: 2025-10-10
2025-10-10 04:44:28.635 30651-30651 FoodActivity            com.example.nutrisaur11              D  Nutrition views initialized
2025-10-10 04:44:28.636 30651-30651 FoodActivity            com.example.nutrisaur11              D  Views initialized
2025-10-10 04:44:28.637 30651-30651 FoodActivity            com.example.nutrisaur11              D  Data update receiver registered
2025-10-10 04:44:28.638 30651-30651 FoodActivity            com.example.nutrisaur11              D  Fetching user screening data from community_users table...
2025-10-10 04:44:28.638 30651-30651 FoodHistorySyncManager  com.example.nutrisaur11              D  === CHECKING MIGRATION STATUS ===
2025-10-10 04:44:28.638 30651-30651 FoodHistorySyncManager  com.example.nutrisaur11              D  Migration already completed, skipping
2025-10-10 04:44:28.638 30651-30767 CommunityUserManager    com.example.nutrisaur11              D  === GETTING CURRENT USER DATA FROM DATABASE (NON-BLOCKING) ===
2025-10-10 04:44:28.638 30651-30767 CommunityUserManager    com.example.nutrisaur11              D  Retrieved cached user data for: kevinpotatrue@gmail.com
2025-10-10 04:44:28.638 30651-30767 CommunityUserManager    com.example.nutrisaur11              D  Returning cached user data to prevent ANR
2025-10-10 04:44:28.638 30651-30767 FoodActivity            com.example.nutrisaur11              D  User screening data fetched from community_users table
2025-10-10 04:44:28.641 30651-30651 SessionManager          com.example.nutrisaur11              D  User interaction recorded at: 1760042668641
2025-10-10 04:44:28.642 30651-30651 SessionManager          com.example.nutrisaur11              D  === REAL-TIME SESSION VALIDATION ===
2025-10-10 04:44:28.642 30651-30651 SessionManager          com.example.nutrisaur11              D  Using cached valid session
2025-10-10 04:44:28.642 30651-30651 CommunityUserManager    com.example.nutrisaur11              D  === CHECKING ARCHIVE STATUS ===
2025-10-10 04:44:28.642 30651-30651 CommunityUserManager    com.example.nutrisaur11              D  === FORCE REFRESHING USER DATA FROM DATABASE ===
2025-10-10 04:44:28.642 30651-30651 CommunityUserManager    com.example.nutrisaur11              D  Force refreshing data for: kevinpotatrue@gmail.com
2025-10-10 04:44:28.642 30651-30651 CommunityUserManager    com.example.nutrisaur11              D  === CHECKING USER EXISTENCE ===
2025-10-10 04:44:28.642 30651-30768 CommunityUserManager    com.example.nutrisaur11              D  Making API request to: https://nutrisaur-production.up.railway.app/api/DatabaseAPI.php?action=get_community_user_data
2025-10-10 04:44:28.643 30651-30768 CommunityUserManager    com.example.nutrisaur11              D  Request data: {"email":"kevinpotatrue@gmail.com"}
2025-10-10 04:44:28.643 30651-30651 CommunityUserManager    com.example.nutrisaur11              D  === FORCE REFRESHING USER DATA FROM DATABASE ===
2025-10-10 04:44:28.643 30651-30651 CommunityUserManager    com.example.nutrisaur11              D  Force refreshing data for: kevinpotatrue@gmail.com
2025-10-10 04:44:28.643 30651-30651 CommunityUserManager    com.example.nutrisaur11              D  === CHECKING ARCHIVE STATUS ===
2025-10-10 04:44:28.643 30651-30651 CommunityUserManager    com.example.nutrisaur11              D  === FORCE REFRESHING USER DATA FROM DATABASE ===
2025-10-10 04:44:28.643 30651-30651 CommunityUserManager    com.example.nutrisaur11              D  Force refreshing data for: kevinpotatrue@gmail.com
2025-10-10 04:44:28.643 30651-30651 FoodActivity            com.example.nutrisaur11              D  FoodActivity onResume - refreshing meal progress
2025-10-10 04:44:28.643 30651-30651 FoodActivity            com.example.nutrisaur11              D  Refreshing meal progress on resume
2025-10-10 04:44:28.643 30651-30651 FoodActivity            com.example.nutrisaur11              D  Syncing CalorieTracker with AddedFoodManager for date: 2025-10-10
2025-10-10 04:44:28.649 30651-30651 CalorieTracker          com.example.nutrisaur11              D  Syncing with 1 added foods for date: 2025-10-10
2025-10-10 04:44:28.649 30651-30651 CalorieTracker          com.example.nutrisaur11              D    Daily foods: 1
2025-10-10 04:44:28.649 30651-30651 CalorieTracker          com.example.nutrisaur11              D  Available database fields: [birthday, is_pregnant, muac_category, notes, weight_kg, nutritional_risk, height_cm, sex, municipality, muac_cm, screening_date, bmi_category, name, barangay, email, age, bmi, status]
2025-10-10 04:44:28.650 30651-30651 CalorieTracker          com.example.nutrisaur11              D  Calculated age from birthday '2005-10-20': 19
2025-10-10 04:44:28.650 30651-30651 CalorieTracker          com.example.nutrisaur11              D  Weight field lookup - weight_kg: '65', weight: 'null', final: '65'
2025-10-10 04:44:28.650 30651-30651 CalorieTracker          com.example.nutrisaur11              D  Set weight from database: 65
2025-10-10 04:44:28.650 30651-30651 CalorieTracker          com.example.nutrisaur11              D  Height field lookup - height_cm: '170', height: 'null', final: '170'
2025-10-10 04:44:28.650 30651-30651 CalorieTracker          com.example.nutrisaur11              D  Set height from database: 170
2025-10-10 04:44:28.650 30651-30769 CommunityUserManager    com.example.nutrisaur11              D  Making API request to: https://nutrisaur-production.up.railway.app/api/DatabaseAPI.php?action=get_community_user_data
2025-10-10 04:44:28.650 30651-30769 CommunityUserManager    com.example.nutrisaur11              D  Request data: {"email":"kevinpotatrue@gmail.com"}
2025-10-10 04:44:28.650 30651-30651 CalorieTracker          com.example.nutrisaur11              D  Created user profile from database data: Joshua Hernandez (Age: 19, Weight: 65.0, Height: 170.0, Gender: Male, Activity: Moderate)
2025-10-10 04:44:28.650 30651-30651 CalorieTracker          com.example.nutrisaur11              D  Using user profile from database data
2025-10-10 04:44:28.650 30651-30651 KcalSuggestionCache     com.example.nutrisaur11              D  User profile changed, cache invalid
2025-10-10 04:44:28.650 30651-30651 CalorieTracker          com.example.nutrisaur11              D  No valid AI cache found, using fallback calculation...
2025-10-10 04:44:28.651 30651-30770 CommunityUserManager    com.example.nutrisaur11              D  Making API request to: https://nutrisaur-production.up.railway.app/api/DatabaseAPI.php?action=get_community_user_data
2025-10-10 04:44:28.651 30651-30770 CommunityUserManager    com.example.nutrisaur11              D  Request data: {"email":"kevinpotatrue@gmail.com"}
2025-10-10 04:44:28.651 30651-30651 CalorieCal...ionService com.example.nutrisaur11              D  Calculated BMR: 1622.5 for Joshua Hernandez
2025-10-10 04:44:28.651 30651-30651 CalorieCal...ionService com.example.nutrisaur11              D  Calculated TDEE: 2514.875 (BMR: 1622.5 × Activity: 1.55)
2025-10-10 04:44:28.651 30651-30651 CalorieCal...ionService com.example.nutrisaur11              D  Calculated daily calorie target: 2514 (TDEE: 2514.875 + Adjustment: 0.0)
2025-10-10 04:44:28.651 30651-30651 CalorieTracker          com.example.nutrisaur11              D  Using fallback calculation (AI will update cache): 2514
2025-10-10 04:44:28.651 30651-30651 CalorieTracker          com.example.nutrisaur11              D  Using AI-calculated daily calorie target: 2514
2025-10-10 04:44:28.651 30651-30651 CalorieCal...ionService com.example.nutrisaur11              D  Calculated meal distribution: Breakfast=628, Lunch=879, Dinner=754, Snacks=251
2025-10-10 04:44:28.651 30651-30651 CalorieTracker          com.example.nutrisaur11              D  Calculated meal distribution: Breakfast=628, Lunch=879, Dinner=754, Snacks=251
2025-10-10 04:44:28.651 30651-30651 CalorieTracker          com.example.nutrisaur11              D  Calculated meal distribution: {Breakfast=628, Dinner=754, Snacks=251, Lunch=879}
2025-10-10 04:44:28.652 30651-30651 CalorieTracker          com.example.nutrisaur11              D  Created Breakfast meal with 628 max calories
2025-10-10 04:44:28.652 30651-30651 CalorieTracker          com.example.nutrisaur11              D  Added Vegan Cream of Mushroom Soup (350 cal) to Breakfast for date 2025-10-10
2025-10-10 04:44:28.654 30651-30775 NutritionService        com.example.nutrisaur11              D  Starting nutrition recommendations...
2025-10-10 04:44:28.654 30651-30775 NutritionService        com.example.nutrisaur11              D  Getting user profile from SharedPreferences...
2025-10-10 04:44:28.655 30651-30775 NutritionService        com.example.nutrisaur11              D  User data: name=, age=25, weight=70.0, height=170.0
2025-10-10 04:44:28.655 30651-30775 NutritionService        com.example.nutrisaur11              D  User profile loaded: , BMI: 24.221453287197235
2025-10-10 04:44:28.656 30651-30775 KcalSuggestionCache     com.example.nutrisaur11              D  Cached kcal suggestion is valid
2025-10-10 04:44:28.656 30651-30775 NutritionService        com.example.nutrisaur11              D  Using cached kcal suggestion - user profile unchanged
2025-10-10 04:44:28.657 30651-30651 CalorieTracker          com.example.nutrisaur11              D  Synced CalorieTracker with AddedFoodManager for date 2025-10-10. Total meals: 1
2025-10-10 04:44:28.657 30651-30651 CalorieTracker          com.example.nutrisaur11              D  Meal Breakfast: 350/628 kcal
2025-10-10 04:44:28.657 30651-30775 KcalSuggestionCache     com.example.nutrisaur11              D  Successfully loaded cached kcal suggestion
2025-10-10 04:44:28.657 30651-30775 CalorieTracker          com.example.nutrisaur11              D  Background AI calculation completed: 2545
2025-10-10 04:44:28.667 30651-30651 FoodActivity            com.example.nutrisaur11              D  Loading nutrition data for selected date: 2025-10-10
2025-10-10 04:44:28.667 30651-30651 FoodActivity            com.example.nutrisaur11              D  Loading nutrition data with user data from community_users table...
2025-10-10 04:44:28.668 30651-30782 NutritionService        com.example.nutrisaur11              D  Starting nutrition recommendations with database user data...
2025-10-10 04:44:28.668 30651-30782 NutritionService        com.example.nutrisaur11              D  Creating user profile from community_users table data...
2025-10-10 04:44:28.668 30651-30782 NutritionService        com.example.nutrisaur11              D  Calculated age from birthday '2005-10-20': 19
2025-10-10 04:44:28.668 30651-30782 NutritionService        com.example.nutrisaur11              D  Database user data: name=Joshua Hernandez, age=19, weight=65.0, height=170.0, gender=Male
2025-10-10 04:44:28.668 30651-30782 NutritionService        com.example.nutrisaur11              D  User profile created from database: Joshua Hernandez, BMI: 22.49134948096886
2025-10-10 04:44:28.668 30651-30782 KcalSuggestionCache     com.example.nutrisaur11              D  User profile changed, cache invalid
2025-10-10 04:44:28.668 30651-30782 NutritionService        com.example.nutrisaur11              D  User profile changed or cache expired - calculating new nutrition data...
2025-10-10 04:44:28.669 30651-30782 NutritionService        com.example.nutrisaur11              D  Calculating nutrition data for user: Joshua Hernandez
2025-10-10 04:44:28.669 30651-30782 CalorieCal...ionService com.example.nutrisaur11              D  Calculated BMR: 1622.5 for Joshua Hernandez
2025-10-10 04:44:28.669 30651-30782 CalorieCal...ionService com.example.nutrisaur11              D  Calculated TDEE: 2514.875 (BMR: 1622.5 × Activity: 1.55)
2025-10-10 04:44:28.669 30651-30782 CalorieCal...ionService com.example.nutrisaur11              D  Calculated daily calorie target: 2514 (TDEE: 2514.875 + Adjustment: 0.0)
2025-10-10 04:44:28.669 30651-30782 CalorieCal...ionService com.example.nutrisaur11              D  Calculated protein target: 104.0g (1.6g/kg)
2025-10-10 04:44:28.669 30651-30782 CalorieCal...ionService com.example.nutrisaur11              D  Calculated fat target: 83.8g (30% of 2514 calories)
2025-10-10 04:44:28.669 30651-30782 CalorieCal...ionService com.example.nutrisaur11              D  Calculated carb target: 335.95000000000005g
2025-10-10 04:44:28.669 30651-30782 CalorieCal...ionService com.example.nutrisaur11              D  Calculated meal distribution: Breakfast=628, Lunch=879, Dinner=754, Snacks=251
2025-10-10 04:44:28.669 30651-30782 NutritionService        com.example.nutrisaur11              D  Calculated nutrition data: 2514 calories, 104.0g protein, 335.95000000000005g carbs, 83.8g fat
2025-10-10 04:44:28.670 30651-30782 KcalSuggestionCache     com.example.nutrisaur11              D  Successfully cached kcal suggestion for user profile hash: -1283725558
2025-10-10 04:44:28.670 30651-30782 NutritionService        com.example.nutrisaur11              D  Cached new kcal suggestion for updated user profile
2025-10-10 04:44:28.793 30651-30651 DecorView[]             com.example.nutrisaur11              D  onWindowFocusChanged hasWindowFocus false
2025-10-10 04:44:28.794 30651-30651 FoodActivity            com.example.nutrisaur11              D  Updating nutrition UI with data
2025-10-10 04:44:28.797 30651-30651 AddedFoodManager        com.example.nutrisaur11              D  getDailyFoods returned: 1 meal categories for 2025-10-10
2025-10-10 04:44:28.797 30651-30651 AddedFoodManager        com.example.nutrisaur11              D  Meal category Breakfast has 1 foods
2025-10-10 04:44:28.797 30651-30651 AddedFoodManager        com.example.nutrisaur11              D    - Vegan Cream of Mushroom Soup in Breakfast
2025-10-10 04:44:28.797 30651-30651 AddedFoodManager        com.example.nutrisaur11              D  Retrieved 1 foods from daily storage for 2025-10-10
2025-10-10 04:44:28.797 30651-30651 CalorieTracker          com.example.nutrisaur11              D  Syncing with 1 added foods
2025-10-10 04:44:28.798 30651-30651 CalorieTracker          com.example.nutrisaur11              D  Cleared SharedPreferences user profile cache to force fresh database data
2025-10-10 04:44:28.798 30651-30651 CalorieTracker          com.example.nutrisaur11              W  No user profile found in SharedPreferences - will use database data
2025-10-10 04:44:28.798 30651-30651 CalorieTracker          com.example.nutrisaur11              D  Using user profile from SharedPreferences
2025-10-10 04:44:28.798 30651-30651 CalorieTracker          com.example.nutrisaur11              W  No user profile found, using default meal distribution
2025-10-10 04:44:28.798 30651-30651 CalorieTracker          com.example.nutrisaur11              D  Calculated meal distribution: {Breakfast=500, Dinner=600, Snacks=200, Lunch=700}
2025-10-10 04:44:28.798 30651-30651 CalorieTracker          com.example.nutrisaur11              D  Created Breakfast meal with 500 max calories
2025-10-10 04:44:28.798 30651-30651 CalorieTracker          com.example.nutrisaur11              D  Added Vegan Cream of Mushroom Soup (350 cal) to Breakfast
2025-10-10 04:44:28.799 30651-30651 CalorieTracker          com.example.nutrisaur11              D  Synced CalorieTracker with AddedFoodManager. Total meals: 1
2025-10-10 04:44:28.799 30651-30651 CalorieTracker          com.example.nutrisaur11              D  Meal Breakfast: 350/500 kcal
2025-10-10 04:44:28.801 30651-30651 FoodActivity            com.example.nutrisaur11              D  FoodActivity Available database fields: [birthday, is_pregnant, muac_category, notes, weight_kg, nutritional_risk, height_cm, sex, municipality, muac_cm, screening_date, bmi_category, name, barangay, email, age, bmi, status]
2025-10-10 04:44:28.801 30651-30651 FoodActivity            com.example.nutrisaur11              D  Calculated age from birthday '2005-10-20': 19
2025-10-10 04:44:28.801 30651-30651 FoodActivity            com.example.nutrisaur11              D  FoodActivity Weight field lookup - weight_kg: '65', weight: 'null', final: '65'
2025-10-10 04:44:28.801 30651-30651 FoodActivity            com.example.nutrisaur11              D  FoodActivity: Set weight from database: 65
2025-10-10 04:44:28.801 30651-30651 FoodActivity            com.example.nutrisaur11              D  FoodActivity Height field lookup - height_cm: '170', height: 'null', final: '170'
2025-10-10 04:44:28.801 30651-30651 FoodActivity            com.example.nutrisaur11              D  FoodActivity: Set height from database: 170
2025-10-10 04:44:28.801 30651-30651 FoodActivity            com.example.nutrisaur11              D  Created user profile from database data: Joshua Hernandez (Age: 19, Weight: 65.0, Height: 170.0, Gender: Male, Activity: Moderate)
2025-10-10 04:44:28.801 30651-30651 CalorieCal...ionService com.example.nutrisaur11              D  Calculated BMR: 1622.5 for Joshua Hernandez
2025-10-10 04:44:28.801 30651-30651 CalorieCal...ionService com.example.nutrisaur11              D  Calculated TDEE: 2514.875 (BMR: 1622.5 × Activity: 1.55)
2025-10-10 04:44:28.801 30651-30651 CalorieCal...ionService com.example.nutrisaur11              D  Calculated daily calorie target: 2514 (TDEE: 2514.875 + Adjustment: 0.0)
2025-10-10 04:44:28.801 30651-30651 FoodActivity            com.example.nutrisaur11              D  updateCalorieData - Calculated daily calorie target: 2514
2025-10-10 04:44:28.801 30651-30651 FoodActivity            com.example.nutrisaur11              D  === CALORIE UPDATE ===
2025-10-10 04:44:28.802 30651-30651 FoodActivity            com.example.nutrisaur11              D  Total Daily Calories: 2514
2025-10-10 04:44:28.802 30651-30651 FoodActivity            com.example.nutrisaur11              D  Total Eaten Calories: 350
2025-10-10 04:44:28.802 30651-30651 FoodActivity            com.example.nutrisaur11              D  Calories Left: 2164
2025-10-10 04:44:28.802 30651-30651 FoodActivity            com.example.nutrisaur11              D  Calories Burned: 0
2025-10-10 04:44:28.802 30651-30651 FoodActivity            com.example.nutrisaur11              D  Updating meal progress texts with direct AddedFoodManager data
2025-10-10 04:44:28.804 30651-30651 FoodActivity            com.example.nutrisaur11              D  FoodActivity Available database fields: [birthday, is_pregnant, muac_category, notes, weight_kg, nutritional_risk, height_cm, sex, municipality, muac_cm, screening_date, bmi_category, name, barangay, email, age, bmi, status]
2025-10-10 04:44:28.805 30651-30651 FoodActivity            com.example.nutrisaur11              D  Calculated age from birthday '2005-10-20': 19
2025-10-10 04:44:28.805 30651-30651 FoodActivity            com.example.nutrisaur11              D  FoodActivity Weight field lookup - weight_kg: '65', weight: 'null', final: '65'
2025-10-10 04:44:28.805 30651-30651 FoodActivity            com.example.nutrisaur11              D  FoodActivity: Set weight from database: 65
2025-10-10 04:44:28.805 30651-30651 FoodActivity            com.example.nutrisaur11              D  FoodActivity Height field lookup - height_cm: '170', height: 'null', final: '170'
2025-10-10 04:44:28.805 30651-30651 FoodActivity            com.example.nutrisaur11              D  FoodActivity: Set height from database: 170
2025-10-10 04:44:28.805 30651-30651 FoodActivity            com.example.nutrisaur11              D  Created user profile from database data: Joshua Hernandez (Age: 19, Weight: 65.0, Height: 170.0, Gender: Male, Activity: Moderate)
2025-10-10 04:44:28.805 30651-30651 KcalSuggestionCache     com.example.nutrisaur11              D  User profile changed, cache invalid
2025-10-10 04:44:28.805 30651-30651 FoodActivity            com.example.nutrisaur11              D  No valid AI cache found, using fallback calculation...
2025-10-10 04:44:28.805 30651-30651 CalorieCal...ionService com.example.nutrisaur11              D  Calculated BMR: 1622.5 for Joshua Hernandez
2025-10-10 04:44:28.805 30651-30651 CalorieCal...ionService com.example.nutrisaur11              D  Calculated TDEE: 2514.875 (BMR: 1622.5 × Activity: 1.55)
2025-10-10 04:44:28.805 30651-30651 CalorieCal...ionService com.example.nutrisaur11              D  Calculated daily calorie target: 2514 (TDEE: 2514.875 + Adjustment: 0.0)
2025-10-10 04:44:28.805 30651-30651 FoodActivity            com.example.nutrisaur11              D  Using fallback calculation (AI will update cache): 2514
2025-10-10 04:44:28.805 30651-30651 FoodActivity            com.example.nutrisaur11              D  Starting background AI calculation...
2025-10-10 04:44:28.805 30651-30651 FoodActivity            com.example.nutrisaur11              D  Using AI-calculated total daily calories: 2514
2025-10-10 04:44:28.805 30651-30651 FoodActivity            com.example.nutrisaur11              D  FoodActivity Available database fields: [birthday, is_pregnant, muac_category, notes, weight_kg, nutritional_risk, height_cm, sex, municipality, muac_cm, screening_date, bmi_category, name, barangay, email, age, bmi, status]
2025-10-10 04:44:28.806 30651-30651 FoodActivity            com.example.nutrisaur11              D  Calculated age from birthday '2005-10-20': 19
2025-10-10 04:44:28.806 30651-30651 FoodActivity            com.example.nutrisaur11              D  FoodActivity Weight field lookup - weight_kg: '65', weight: 'null', final: '65'
2025-10-10 04:44:28.806 30651-30651 FoodActivity            com.example.nutrisaur11              D  FoodActivity: Set weight from database: 65
2025-10-10 04:44:28.806 30651-30651 FoodActivity            com.example.nutrisaur11              D  FoodActivity Height field lookup - height_cm: '170', height: 'null', final: '170'
2025-10-10 04:44:28.806 30651-30651 FoodActivity            com.example.nutrisaur11              D  FoodActivity: Set height from database: 170
2025-10-10 04:44:28.806 30651-30651 FoodActivity            com.example.nutrisaur11              D  Created user profile from database data: Joshua Hernandez (Age: 19, Weight: 65.0, Height: 170.0, Gender: Male, Activity: Moderate)
2025-10-10 04:44:28.806 30651-30651 CalorieCal...ionService com.example.nutrisaur11              D  Calculated meal distribution: Breakfast=628, Lunch=879, Dinner=754, Snacks=251
2025-10-10 04:44:28.806 30651-30651 FoodActivity            com.example.nutrisaur11              D  Calculated meal distribution: Breakfast=628, Lunch=879, Dinner=754, Snacks=251
2025-10-10 04:44:28.806 30651-30651 FoodActivity            com.example.nutrisaur11              D  Direct update Breakfast: 350 / 628 kcal (from 1 foods)
2025-10-10 04:44:28.807 30651-30651 FoodActivity            com.example.nutrisaur11              D  Set breakfast progress text to: 350 / 628 kcal
2025-10-10 04:44:28.807 30651-30651 FoodActivity            com.example.nutrisaur11              D  Direct update Lunch: 0 / 879 kcal (from 0 foods)
2025-10-10 04:44:28.807 30651-30651 FoodActivity            com.example.nutrisaur11              D  Set lunch progress text to: 0 / 879 kcal
2025-10-10 04:44:28.807 30651-30651 FoodActivity            com.example.nutrisaur11              D  Direct update Dinner: 0 / 754 kcal (from 0 foods)
2025-10-10 04:44:28.807 30651-30651 FoodActivity            com.example.nutrisaur11              D  Set dinner progress text to: 0 / 754 kcal
2025-10-10 04:44:28.807 30651-30651 FoodActivity            com.example.nutrisaur11              D  Direct update Snacks: 0 / 251 kcal (from 0 foods)
2025-10-10 04:44:28.808 30651-30782 NutritionService        com.example.nutrisaur11              D  Starting nutrition recommendations...
