2025-10-13 10:24:05.604 16860-16860 FoodActivity            com.example.nutrisaur11              D  FoodActivity Weight field lookup - weight_kg: '50', weight: 'null', final: '50'
2025-10-13 10:24:05.604 16860-16860 FoodActivity            com.example.nutrisaur11              D  FoodActivity: Set weight from database: 50
2025-10-13 10:24:05.605 16860-16860 FoodActivity            com.example.nutrisaur11              D  FoodActivity Height field lookup - height_cm: '171', height: 'null', final: '171'
2025-10-13 10:24:05.605 16860-16860 FoodActivity            com.example.nutrisaur11              D  FoodActivity: Set height from database: 171
2025-10-13 10:24:05.605 16860-16860 FoodActivity            com.example.nutrisaur11              D  Created user profile from database data: Pingol , Kevin C. (Age: 20, Weight: 50.0, Height: 171.0, Gender: Male, Activity: Moderate)
2025-10-13 10:24:05.605 16860-16860 CalorieCal...ionService com.example.nutrisaur11              D  Calculated BMR: 1473.75 for Pingol , Kevin C.
2025-10-13 10:24:05.605 16860-16860 CalorieCal...ionService com.example.nutrisaur11              D  Calculated TDEE: 2284.3125 (BMR: 1473.75 × Activity: 1.55)
2025-10-13 10:24:05.605 16860-16860 CalorieCal...ionService com.example.nutrisaur11              D  Calculated daily calorie target: 2784 (TDEE: 2284.3125 + Adjustment: 500.0)
2025-10-13 10:24:05.605 16860-16860 FoodActivity            com.example.nutrisaur11              D  Calculated daily calorie target: 2784
2025-10-13 10:24:05.605 16860-16860 FoodActivity            com.example.nutrisaur11              D  Kcal Goal Circle Update:
2025-10-13 10:24:05.605 16860-16860 FoodActivity            com.example.nutrisaur11              D    Total Daily Calories: 2784
2025-10-13 10:24:05.605 16860-16860 FoodActivity            com.example.nutrisaur11              D    Total Eaten Calories: 20
2025-10-13 10:24:05.605 16860-16860 FoodActivity            com.example.nutrisaur11              D    Calories Left: 2764
2025-10-13 10:24:05.605 16860-16860 FoodActivity            com.example.nutrisaur11              D    Progress Percent: 0.7183908%
2025-10-13 10:24:05.605 16860-16860 FoodActivity            com.example.nutrisaur11              D  Updating macronutrient data directly
2025-10-13 10:24:05.608 16860-16860 FoodActivity            com.example.nutrisaur11              D  FoodActivity Available database fields: [birthday, is_pregnant, muac_category, notes, weight_kg, nutritional_risk, height_cm, sex, municipality, muac_cm, screening_date, bmi_category, name, barangay, email, age, bmi, status]
2025-10-13 10:24:05.608 16860-16860 FoodActivity            com.example.nutrisaur11              D  Calculated age from birthday '2005-10-10': 20
2025-10-13 10:24:05.608 16860-16860 FoodActivity            com.example.nutrisaur11              D  FoodActivity Weight field lookup - weight_kg: '50', weight: 'null', final: '50'
2025-10-13 10:24:05.608 16860-16860 FoodActivity            com.example.nutrisaur11              D  FoodActivity: Set weight from database: 50
2025-10-13 10:24:05.608 16860-16860 FoodActivity            com.example.nutrisaur11              D  FoodActivity Height field lookup - height_cm: '171', height: 'null', final: '171'
2025-10-13 10:24:05.608 16860-16860 FoodActivity            com.example.nutrisaur11              D  FoodActivity: Set height from database: 171
2025-10-13 10:24:05.608 16860-16860 FoodActivity            com.example.nutrisaur11              D  Created user profile from database data: Pingol , Kevin C. (Age: 20, Weight: 50.0, Height: 171.0, Gender: Male, Activity: Moderate)
2025-10-13 10:24:05.608 16860-16860 CalorieCal...ionService com.example.nutrisaur11              D  Calculated BMR: 1473.75 for Pingol , Kevin C.
2025-10-13 10:24:05.608 16860-16860 CalorieCal...ionService com.example.nutrisaur11              D  Calculated TDEE: 2284.3125 (BMR: 1473.75 × Activity: 1.55)
2025-10-13 10:24:05.608 16860-16860 CalorieCal...ionService com.example.nutrisaur11              D  Calculated daily calorie target: 2784 (TDEE: 2284.3125 + Adjustment: 500.0)
2025-10-13 10:24:05.608 16860-16860 FoodActivity            com.example.nutrisaur11              D  Calculated macro targets - Protein: 153, Carbs: 375, Fat: 74
2025-10-13 10:24:05.609 16860-16860 FoodActivity            com.example.nutrisaur11              D  Macro Update:
2025-10-13 10:24:05.609 16860-16860 FoodActivity            com.example.nutrisaur11              D    Protein: 133/153 (eaten: 20)
2025-10-13 10:24:05.609 16860-16860 FoodActivity            com.example.nutrisaur11              D    Carbs: 355/375 (eaten: 20)
2025-10-13 10:24:05.609 16860-16860 FoodActivity            com.example.nutrisaur11              D    Fat: 54/74 (eaten: 20)
2025-10-13 10:24:05.609 16860-16860 FoodActivity            com.example.nutrisaur11              D  Updating meal progress texts with direct AddedFoodManager data
2025-10-13 10:24:05.612 16860-16860 FoodActivity            com.example.nutrisaur11              D  FoodActivity Available database fields: [birthday, is_pregnant, muac_category, notes, weight_kg, nutritional_risk, height_cm, sex, municipality, muac_cm, screening_date, bmi_category, name, barangay, email, age, bmi, status]
2025-10-13 10:24:05.612 16860-16860 FoodActivity            com.example.nutrisaur11              D  Calculated age from birthday '2005-10-10': 20
2025-10-13 10:24:05.612 16860-16860 FoodActivity            com.example.nutrisaur11              D  FoodActivity Weight field lookup - weight_kg: '50', weight: 'null', final: '50'
2025-10-13 10:24:05.612 16860-16860 FoodActivity            com.example.nutrisaur11              D  FoodActivity: Set weight from database: 50
2025-10-13 10:24:05.612 16860-16860 FoodActivity            com.example.nutrisaur11              D  FoodActivity Height field lookup - height_cm: '171', height: 'null', final: '171'
2025-10-13 10:24:05.612 16860-16860 FoodActivity            com.example.nutrisaur11              D  FoodActivity: Set height from database: 171
2025-10-13 10:24:05.612 16860-16860 FoodActivity            com.example.nutrisaur11              D  Created user profile from database data: Pingol , Kevin C. (Age: 20, Weight: 50.0, Height: 171.0, Gender: Male, Activity: Moderate)
2025-10-13 10:24:05.612 16860-16860 KcalSuggestionCache     com.example.nutrisaur11              D  User profile changed, cache invalid
2025-10-13 10:24:05.612 16860-16860 FoodActivity            com.example.nutrisaur11              D  No valid AI cache found, using fallback calculation...
2025-10-13 10:24:05.613 16860-16860 CalorieCal...ionService com.example.nutrisaur11              D  Calculated BMR: 1473.75 for Pingol , Kevin C.
2025-10-13 10:24:05.613 16860-16860 CalorieCal...ionService com.example.nutrisaur11              D  Calculated TDEE: 2284.3125 (BMR: 1473.75 × Activity: 1.55)
2025-10-13 10:24:05.613 16860-16860 CalorieCal...ionService com.example.nutrisaur11              D  Calculated daily calorie target: 2784 (TDEE: 2284.3125 + Adjustment: 500.0)
2025-10-13 10:24:05.613 16860-16860 FoodActivity            com.example.nutrisaur11              D  Using fallback calculation (AI will update cache): 2784
2025-10-13 10:24:05.613 16860-16860 FoodActivity            com.example.nutrisaur11              D  AI calculation already in progress, skipping...
2025-10-13 10:24:05.613 16860-16860 FoodActivity            com.example.nutrisaur11              D  Using AI-calculated total daily calories: 2784
2025-10-13 10:24:05.613 16860-16860 FoodActivity            com.example.nutrisaur11              D  FoodActivity Available database fields: [birthday, is_pregnant, muac_category, notes, weight_kg, nutritional_risk, height_cm, sex, municipality, muac_cm, screening_date, bmi_category, name, barangay, email, age, bmi, status]
2025-10-13 10:24:05.613 16860-16860 FoodActivity            com.example.nutrisaur11              D  Calculated age from birthday '2005-10-10': 20
2025-10-13 10:24:05.613 16860-16860 FoodActivity            com.example.nutrisaur11              D  FoodActivity Weight field lookup - weight_kg: '50', weight: 'null', final: '50'
2025-10-13 10:24:05.613 16860-16860 FoodActivity            com.example.nutrisaur11              D  FoodActivity: Set weight from database: 50
2025-10-13 10:24:05.613 16860-16860 FoodActivity            com.example.nutrisaur11              D  FoodActivity Height field lookup - height_cm: '171', height: 'null', final: '171'
2025-10-13 10:24:05.613 16860-16860 FoodActivity            com.example.nutrisaur11              D  FoodActivity: Set height from database: 171
2025-10-13 10:24:05.613 16860-16860 FoodActivity            com.example.nutrisaur11              D  Created user profile from database data: Pingol , Kevin C. (Age: 20, Weight: 50.0, Height: 171.0, Gender: Male, Activity: Moderate)
2025-10-13 10:24:05.613 16860-16860 CalorieCal...ionService com.example.nutrisaur11              D  Calculated meal distribution: Breakfast=696, Lunch=974, Dinner=835, Snacks=278
2025-10-13 10:24:05.613 16860-16860 FoodActivity            com.example.nutrisaur11              D  Calculated meal distribution: Breakfast=696, Lunch=974, Dinner=835, Snacks=278
2025-10-13 10:24:05.613 16860-16860 FoodActivity            com.example.nutrisaur11              D  Direct update Breakfast: 20 / 696 kcal (from 1 foods)
2025-10-13 10:24:05.614 16860-16860 FoodActivity            com.example.nutrisaur11              D  Set breakfast progress text to: 20 / 696 kcal
2025-10-13 10:24:05.614 16860-16860 FoodActivity            com.example.nutrisaur11              D  Direct update Lunch: 0 / 974 kcal (from 0 foods)
2025-10-13 10:24:05.614 16860-16860 FoodActivity            com.example.nutrisaur11              D  Set lunch progress text to: 0 / 974 kcal
2025-10-13 10:24:05.614 16860-16860 FoodActivity            com.example.nutrisaur11              D  Direct update Dinner: 0 / 835 kcal (from 0 foods)
2025-10-13 10:24:05.614 16860-16860 FoodActivity            com.example.nutrisaur11              D  Set dinner progress text to: 0 / 835 kcal
2025-10-13 10:24:05.614 16860-16860 FoodActivity            com.example.nutrisaur11              D  Direct update Snacks: 0 / 278 kcal (from 0 foods)
2025-10-13 10:24:05.614 16860-16860 FoodActivity            com.example.nutrisaur11              D  Set snacks progress text to: 0 / 278 kcal
2025-10-13 10:24:05.614 16860-16860 FoodActivity            com.example.nutrisaur11              D  Updating meal progress texts with direct AddedFoodManager data
2025-10-13 10:24:05.617 16860-16860 FoodActivity            com.example.nutrisaur11              D  FoodActivity Available database fields: [birthday, is_pregnant, muac_category, notes, weight_kg, nutritional_risk, height_cm, sex, municipality, muac_cm, screening_date, bmi_category, name, barangay, email, age, bmi, status]
2025-10-13 10:24:05.617 16860-16860 FoodActivity            com.example.nutrisaur11              D  Calculated age from birthday '2005-10-10': 20
2025-10-13 10:24:05.617 16860-16860 FoodActivity            com.example.nutrisaur11              D  FoodActivity Weight field lookup - weight_kg: '50', weight: 'null', final: '50'
2025-10-13 10:24:05.617 16860-16860 FoodActivity            com.example.nutrisaur11              D  FoodActivity: Set weight from database: 50
2025-10-13 10:24:05.617 16860-16860 FoodActivity            com.example.nutrisaur11              D  FoodActivity Height field lookup - height_cm: '171', height: 'null', final: '171'
2025-10-13 10:24:05.617 16860-16860 FoodActivity            com.example.nutrisaur11              D  FoodActivity: Set height from database: 171
2025-10-13 10:24:05.617 16860-16860 FoodActivity            com.example.nutrisaur11              D  Created user profile from database data: Pingol , Kevin C. (Age: 20, Weight: 50.0, Height: 171.0, Gender: Male, Activity: Moderate)
2025-10-13 10:24:05.618 16860-16860 KcalSuggestionCache     com.example.nutrisaur11              D  User profile changed, cache invalid
2025-10-13 10:24:05.619 16860-16860 FoodActivity            com.example.nutrisaur11              D  No valid AI cache found, using fallback calculation...
2025-10-13 10:24:05.619 16860-16860 CalorieCal...ionService com.example.nutrisaur11              D  Calculated BMR: 1473.75 for Pingol , Kevin C.
2025-10-13 10:24:05.619 16860-16860 CalorieCal...ionService com.example.nutrisaur11              D  Calculated TDEE: 2284.3125 (BMR: 1473.75 × Activity: 1.55)
2025-10-13 10:24:05.619 16860-16860 CalorieCal...ionService com.example.nutrisaur11              D  Calculated daily calorie target: 2784 (TDEE: 2284.3125 + Adjustment: 500.0)
2025-10-13 10:24:05.619 16860-16860 FoodActivity            com.example.nutrisaur11              D  Using fallback calculation (AI will update cache): 2784
2025-10-13 10:24:05.619 16860-16860 FoodActivity            com.example.nutrisaur11              D  AI calculation already in progress, skipping...
2025-10-13 10:24:05.619 16860-16860 FoodActivity            com.example.nutrisaur11              D  Using AI-calculated total daily calories: 2784
2025-10-13 10:24:05.619 16860-16860 FoodActivity            com.example.nutrisaur11              D  FoodActivity Available database fields: [birthday, is_pregnant, muac_category, notes, weight_kg, nutritional_risk, height_cm, sex, municipality, muac_cm, screening_date, bmi_category, name, barangay, email, age, bmi, status]
2025-10-13 10:24:05.619 16860-16860 FoodActivity            com.example.nutrisaur11              D  Calculated age from birthday '2005-10-10': 20
2025-10-13 10:24:05.619 16860-16860 FoodActivity            com.example.nutrisaur11              D  FoodActivity Weight field lookup - weight_kg: '50', weight: 'null', final: '50'
2025-10-13 10:24:05.619 16860-16860 FoodActivity            com.example.nutrisaur11              D  FoodActivity: Set weight from database: 50
2025-10-13 10:24:05.619 16860-16860 FoodActivity            com.example.nutrisaur11              D  FoodActivity Height field lookup - height_cm: '171', height: 'null', final: '171'
2025-10-13 10:24:05.619 16860-16860 FoodActivity            com.example.nutrisaur11              D  FoodActivity: Set height from database: 171
2025-10-13 10:24:05.619 16860-16860 FoodActivity            com.example.nutrisaur11              D  Created user profile from database data: Pingol , Kevin C. (Age: 20, Weight: 50.0, Height: 171.0, Gender: Male, Activity: Moderate)
2025-10-13 10:24:05.619 16860-16860 CalorieCal...ionService com.example.nutrisaur11              D  Calculated meal distribution: Breakfast=696, Lunch=974, Dinner=835, Snacks=278
2025-10-13 10:24:05.619 16860-16860 FoodActivity            com.example.nutrisaur11              D  Calculated meal distribution: Breakfast=696, Lunch=974, Dinner=835, Snacks=278
2025-10-13 10:24:05.619 16860-16860 FoodActivity            com.example.nutrisaur11              D  Direct update Breakfast: 20 / 696 kcal (from 1 foods)
2025-10-13 10:24:05.620 16860-16860 FoodActivity            com.example.nutrisaur11              D  Set breakfast progress text to: 20 / 696 kcal
2025-10-13 10:24:05.620 16860-16860 FoodActivity            com.example.nutrisaur11              D  Direct update Lunch: 0 / 974 kcal (from 0 foods)
2025-10-13 10:24:05.620 16860-16860 FoodActivity            com.example.nutrisaur11              D  Set lunch progress text to: 0 / 974 kcal
2025-10-13 10:24:05.620 16860-16860 FoodActivity            com.example.nutrisaur11              D  Direct update Dinner: 0 / 835 kcal (from 0 foods)
2025-10-13 10:24:05.620 16860-16860 FoodActivity            com.example.nutrisaur11              D  Set dinner progress text to: 0 / 835 kcal
2025-10-13 10:24:05.620 16860-16860 FoodActivity            com.example.nutrisaur11              D  Direct update Snacks: 0 / 278 kcal (from 0 foods)
2025-10-13 10:24:05.620 16860-16860 FoodActivity            com.example.nutrisaur11              D  Set snacks progress text to: 0 / 278 kcal
2025-10-13 10:24:05.620 16860-16860 FoodActivity            com.example.nutrisaur11              D  Updating macronutrient data directly
2025-10-13 10:24:05.623 16860-16860 FoodActivity            com.example.nutrisaur11              D  FoodActivity Available database fields: [birthday, is_pregnant, muac_category, notes, weight_kg, nutritional_risk, height_cm, sex, municipality, muac_cm, screening_date, bmi_category, name, barangay, email, age, bmi, status]
2025-10-13 10:24:05.623 16860-16860 FoodActivity            com.example.nutrisaur11              D  Calculated age from birthday '2005-10-10': 20
2025-10-13 10:24:05.623 16860-16860 FoodActivity            com.example.nutrisaur11              D  FoodActivity Weight field lookup - weight_kg: '50', weight: 'null', final: '50'
2025-10-13 10:24:05.623 16860-16860 FoodActivity            com.example.nutrisaur11              D  FoodActivity: Set weight from database: 50
2025-10-13 10:24:05.623 16860-16860 FoodActivity            com.example.nutrisaur11              D  FoodActivity Height field lookup - height_cm: '171', height: 'null', final: '171'
2025-10-13 10:24:05.623 16860-16860 FoodActivity            com.example.nutrisaur11              D  FoodActivity: Set height from database: 171
2025-10-13 10:24:05.623 16860-16860 FoodActivity            com.example.nutrisaur11              D  Created user profile from database data: Pingol , Kevin C. (Age: 20, Weight: 50.0, Height: 171.0, Gender: Male, Activity: Moderate)
2025-10-13 10:24:05.623 16860-16860 CalorieCal...ionService com.example.nutrisaur11              D  Calculated BMR: 1473.75 for Pingol , Kevin C.
2025-10-13 10:24:05.623 16860-16860 CalorieCal...ionService com.example.nutrisaur11              D  Calculated TDEE: 2284.3125 (BMR: 1473.75 × Activity: 1.55)
2025-10-13 10:24:05.624 16860-16860 CalorieCal...ionService com.example.nutrisaur11              D  Calculated daily calorie target: 2784 (TDEE: 2284.3125 + Adjustment: 500.0)
2025-10-13 10:24:05.624 16860-16860 FoodActivity            com.example.nutrisaur11              D  Calculated macro targets - Protein: 153, Carbs: 375, Fat: 74
2025-10-13 10:24:05.624 16860-16860 FoodActivity            com.example.nutrisaur11              D  Macro Update:
2025-10-13 10:24:05.624 16860-16860 FoodActivity            com.example.nutrisaur11              D    Protein: 133/153 (eaten: 20)
2025-10-13 10:24:05.624 16860-16860 FoodActivity            com.example.nutrisaur11              D    Carbs: 355/375 (eaten: 20)
2025-10-13 10:24:05.624 16860-16860 FoodActivity            com.example.nutrisaur11              D    Fat: 54/74 (eaten: 20)
2025-10-13 10:24:05.624 16860-16860 FoodActivity            com.example.nutrisaur11              D  Nutrition UI refreshed with updated AI data
2025-10-13 10:24:05.631 16860-16860 FoodHistorySyncManager  com.example.nutrisaur11              D  Flag metadata synced successfully
2025-10-13 10:24:05.836 16860-17495 CommunityUserManager    com.example.nutrisaur11              D  API response code: 200
2025-10-13 10:24:05.836 16860-17495 CommunityUserManager    com.example.nutrisaur11              D  API response message: 
2025-10-13 10:24:05.838 16860-17495 CommunityUserManager    com.example.nutrisaur11              D  API response for get_community_user_data: {"success":true,"message":"User data retrieved successfully","user":{"name":"Pingol , Kevin C.","email":"kevinpingol123@gmail.com","municipality":"DINALUPIHAN","barangay":"Burgos","sex":"Male","birthday":"2005-10-10","is_pregnant":"N\/A","weight":"50","height":"171","screening_date":"2025-10-10 06:47:30","fcm_token":"dDgJr74pRHukYxdkYiGyAE:APA91bGRwC6pXjPQVyYGtkcZ6eafSGk0tUnWsyaKl1pZXOygSPN5hrxQ57-QoEbT0Q4AnrxZle82T4gCM6sx46ruDB-KiAtQGKfYr3uHOkNiwosJ5lmui9A","is_flagged":0,"bmi-for-age":"","weight-for-height":"","weight-for-age":"","weight-for-length":"","height-for-age":""}}
2025-10-13 10:24:05.839 16860-17495 CommunityUserManager    com.example.nutrisaur11              D  Cached user data for: kevinpingol123@gmail.com
2025-10-13 10:24:05.839 16860-17495 CommunityUserManager    com.example.nutrisaur11              D  Fresh user data retrieved successfully: {birthday=2005-10-10, is_pregnant=N/A, muac_category=, notes=, weight_kg=50, nutritional_risk=, height_cm=171, sex=Male, municipality=DINALUPIHAN, muac_cm=, screening_date=2025-10-10 06:47:30, bmi_category=, name=Pingol , Kevin C., barangay=Burgos, email=kevinpingol123@gmail.com, age=, bmi=, status=1}
2025-10-13 10:24:05.839 16860-17495 CommunityUserManager    com.example.nutrisaur11              D  User status: 1
2025-10-13 10:24:05.839 16860-17495 CommunityUserManager    com.example.nutrisaur11              D  User is active (status = 1)
2025-10-13 10:24:05.852 16860-17496 CommunityUserManager    com.example.nutrisaur11              D  API response code: 200
2025-10-13 10:24:05.853 16860-17496 CommunityUserManager    com.example.nutrisaur11              D  API response message: 
2025-10-13 10:24:05.854 16860-17496 CommunityUserManager    com.example.nutrisaur11              D  API response for get_community_user_data: {"success":true,"message":"User data retrieved successfully","user":{"name":"Pingol , Kevin C.","email":"kevinpingol123@gmail.com","municipality":"DINALUPIHAN","barangay":"Burgos","sex":"Male","birthday":"2005-10-10","is_pregnant":"N\/A","weight":"50","height":"171","screening_date":"2025-10-10 06:47:30","fcm_token":"dDgJr74pRHukYxdkYiGyAE:APA91bGRwC6pXjPQVyYGtkcZ6eafSGk0tUnWsyaKl1pZXOygSPN5hrxQ57-QoEbT0Q4AnrxZle82T4gCM6sx46ruDB-KiAtQGKfYr3uHOkNiwosJ5lmui9A","is_flagged":0,"bmi-for-age":"","weight-for-height":"","weight-for-age":"","weight-for-length":"","height-for-age":""}}
2025-10-13 10:24:05.855 16860-17496 CommunityUserManager    com.example.nutrisaur11              D  Cached user data for: kevinpingol123@gmail.com
2025-10-13 10:24:05.855 16860-17496 CommunityUserManager    com.example.nutrisaur11              D  Fresh user data retrieved successfully: {birthday=2005-10-10, is_pregnant=N/A, muac_category=, notes=, weight_kg=50, nutritional_risk=, height_cm=171, sex=Male, municipality=DINALUPIHAN, muac_cm=, screening_date=2025-10-10 06:47:30, bmi_category=, name=Pingol , Kevin C., barangay=Burgos, email=kevinpingol123@gmail.com, age=, bmi=, status=1}
2025-10-13 10:24:05.855 16860-17496 CommunityUserManager    com.example.nutrisaur11              D  User exists and has valid data
2025-10-13 10:24:05.862 16860-17497 CommunityUserManager    com.example.nutrisaur11              D  API response code: 200
2025-10-13 10:24:05.862 16860-17497 CommunityUserManager    com.example.nutrisaur11              D  API response message: 
2025-10-13 10:24:05.863 16860-17497 CommunityUserManager    com.example.nutrisaur11              D  API response for get_community_user_data: {"success":true,"message":"User data retrieved successfully","user":{"name":"Pingol , Kevin C.","email":"kevinpingol123@gmail.com","municipality":"DINALUPIHAN","barangay":"Burgos","sex":"Male","birthday":"2005-10-10","is_pregnant":"N\/A","weight":"50","height":"171","screening_date":"2025-10-10 06:47:30","fcm_token":"dDgJr74pRHukYxdkYiGyAE:APA91bGRwC6pXjPQVyYGtkcZ6eafSGk0tUnWsyaKl1pZXOygSPN5hrxQ57-QoEbT0Q4AnrxZle82T4gCM6sx46ruDB-KiAtQGKfYr3uHOkNiwosJ5lmui9A","is_flagged":0,"bmi-for-age":"","weight-for-height":"","weight-for-age":"","weight-for-length":"","height-for-age":""}}
2025-10-13 10:24:05.864 16860-17497 CommunityUserManager    com.example.nutrisaur11              D  Cached user data for: kevinpingol123@gmail.com
2025-10-13 10:24:05.864 16860-17497 CommunityUserManager    com.example.nutrisaur11              D  Fresh user data retrieved successfully: {birthday=2005-10-10, is_pregnant=N/A, muac_category=, notes=, weight_kg=50, nutritional_risk=, height_cm=171, sex=Male, municipality=DINALUPIHAN, muac_cm=, screening_date=2025-10-10 06:47:30, bmi_category=, name=Pingol , Kevin C., barangay=Burgos, email=kevinpingol123@gmail.com, age=, bmi=, status=1}
2025-10-13 10:24:05.864 16860-17497 CommunityUserManager    com.example.nutrisaur11              D  User status: 1
2025-10-13 10:24:05.865 16860-17497 CommunityUserManager    com.example.nutrisaur11              D  User is active (status = 1)
2025-10-13 10:24:05.896 16860-17498 ApiClient               com.example.nutrisaur11              D  Download food history response: {"success":true,"data":[{"id":329,"user_email":"kevinpingol123@gmail.com","date":"2025-10-13","meal_category":"Breakfast","food_name":"meow","calories":20,"serving_size":"meow","protein":"20.00","carbs":"20.00","fat":"20.00","fiber":"20.00","created_at":"2025-10-13 02:22:33","is_flagged":0,"is_day_flagged":0,"mho_comment":null,"flagged_by":null,"flagged_at":null,"is_mho_recommended":0,"emoji":"\ud83c\udf7d\ufe0f"},{"id":330,"user_email":"kevinpingol123@gmail.com","date":"2025-10-13","meal_category":"Breakfast","food_name":"meow","calories":20,"serving_size":"meow","protein":"20.00","carbs":"20.00","fat":"20.00","fiber":"20.00","created_at":"2025-10-13 02:22:33","is_flagged":0,"is_day_flagged":0,"mho_comment":null,"flagged_by":null,"flagged_at":null,"is_mho_recommended":0,"emoji":"\ud83c\udf7d\ufe0f"}],"count":2}
2025-10-13 10:24:05.897 16860-16860 FoodActivity            com.example.nutrisaur11              D  Download successful, parsing response...
2025-10-13 10:24:05.897 16860-16860 FoodActivity            com.example.nutrisaur11              D  === PARSING FOOD HISTORY ===
2025-10-13 10:24:05.897 16860-16860 FoodActivity            com.example.nutrisaur11              D  JSON Response: {"success":true,"data":[{"id":329,"user_email":"kevinpingol123@gmail.com","date":"2025-10-13","meal_category":"Breakfast","food_name":"meow","calories":20,"serving_size":"meow","protein":"20.00","carbs":"20.00","fat":"20.00","fiber":"20.00","created_at":"2025-10-13 02:22:33","is_flagged":0,"is_day_flagged":0,"mho_comment":null,"flagged_by":null,"flagged_at":null,"is_mho_recommended":0,"emoji":"\ud83c\udf7d\ufe0f"},{"id":330,"user_email":"kevinpingol123@gmail.com","date":"2025-10-13","meal_category":"Breakfast","food_name":"meow","calories":20,"serving_size":"meow","protein":"20.00","carbs":"20.00","fat":"20.00","fiber":"20.00","created_at":"2025-10-13 02:22:33","is_flagged":0,"is_day_flagged":0,"mho_comment":null,"flagged_by":null,"flagged_at":null,"is_mho_recommended":0,"emoji":"\ud83c\udf7d\ufe0f"}],"count":2}
2025-10-13 10:24:05.898 16860-16860 FoodActivity            com.example.nutrisaur11              D  Parsing 2 food items from server
2025-10-13 10:24:05.898 16860-16860 FoodActivity            com.example.nutrisaur11              D  === STORING FOOD DATA IN LOCAL STORAGE ===
2025-10-13 10:24:05.898 16860-16860 FoodActivity            com.example.nutrisaur11              D  Storing 1 dates of food data for user: kevinpingol123@gmail.com
2025-10-13 10:24:05.899 16860-16860 FoodActivity            com.example.nutrisaur11              D  Date 2025-10-13 has 1 meal categories
2025-10-13 10:24:05.899 16860-16860 FoodActivity            com.example.nutrisaur11              D    Breakfast: 2 foods
2025-10-13 10:24:05.904 16860-16860 FoodActivity            com.example.nutrisaur11              D  ⏭️ Skipping: meow already exists in Breakfast for 2025-10-13
2025-10-13 10:24:05.905 16860-16860 FoodActivity            com.example.nutrisaur11              D  ⏭️ Skipping: meow already exists in Breakfast for 2025-10-13
2025-10-13 10:24:05.905 16860-16860 FoodActivity            com.example.nutrisaur11              D  ✅ Food history sync completed successfully
2025-10-13 10:24:05.905 16860-16860 FoodActivity            com.example.nutrisaur11              D  Refreshing UI after sync...
2025-10-13 10:24:05.905 16860-16860 FoodActivity            com.example.nutrisaur11              D  Refreshing meal progress on resume
2025-10-13 10:24:05.906 16860-16860 FoodActivity            com.example.nutrisaur11              D  Syncing CalorieTracker with AddedFoodManager for date: 2025-10-13
2025-10-13 10:24:05.911 16860-16860 CalorieTracker          com.example.nutrisaur11              D  Syncing with 1 added foods for date: 2025-10-13
2025-10-13 10:24:05.911 16860-16860 CalorieTracker          com.example.nutrisaur11              D    Daily foods: 1
2025-10-13 10:24:05.911 16860-16860 CalorieTracker          com.example.nutrisaur11              D  Available database fields: [birthday, is_pregnant, muac_category, notes, weight_kg, nutritional_risk, height_cm, sex, municipality, muac_cm, screening_date, bmi_category, name, barangay, email, age, bmi, status]
2025-10-13 10:24:05.912 16860-16860 CalorieTracker          com.example.nutrisaur11              D  Calculated age from birthday '2005-10-10': 20
2025-10-13 10:24:05.912 16860-16860 CalorieTracker          com.example.nutrisaur11              D  Weight field lookup - weight_kg: '50', weight: 'null', final: '50'
2025-10-13 10:24:05.912 16860-16860 CalorieTracker          com.example.nutrisaur11              D  Set weight from database: 50
2025-10-13 10:24:05.912 16860-16860 CalorieTracker          com.example.nutrisaur11              D  Height field lookup - height_cm: '171', height: 'null', final: '171'
2025-10-13 10:24:05.912 16860-16860 CalorieTracker          com.example.nutrisaur11              D  Set height from database: 171
2025-10-13 10:24:05.912 16860-16860 CalorieTracker          com.example.nutrisaur11              D  Created user profile from database data: Pingol , Kevin C. (Age: 20, Weight: 50.0, Height: 171.0, Gender: Male, Activity: Moderate)
2025-10-13 10:24:05.912 16860-16860 CalorieTracker          com.example.nutrisaur11              D  Using user profile from database data
2025-10-13 10:24:05.913 16860-16860 KcalSuggestionCache     com.example.nutrisaur11              D  User profile changed, cache invalid
2025-10-13 10:24:05.913 16860-16860 CalorieTracker          com.example.nutrisaur11              D  No valid AI cache found, using fallback calculation...
2025-10-13 10:24:05.913 16860-16860 CalorieCal...ionService com.example.nutrisaur11              D  Calculated BMR: 1473.75 for Pingol , Kevin C.
2025-10-13 10:24:05.913 16860-16860 CalorieCal...ionService com.example.nutrisaur11              D  Calculated TDEE: 2284.3125 (BMR: 1473.75 × Activity: 1.55)
2025-10-13 10:24:05.913 16860-16860 CalorieCal...ionService com.example.nutrisaur11              D  Calculated daily calorie target: 2784 (TDEE: 2284.3125 + Adjustment: 500.0)
2025-10-13 10:24:05.913 16860-16860 CalorieTracker          com.example.nutrisaur11              D  Using fallback calculation (AI will update cache): 2784
2025-10-13 10:24:05.914 16860-16860 CalorieTracker          com.example.nutrisaur11              D  Using AI-calculated daily calorie target: 2784
2025-10-13 10:24:05.914 16860-16860 CalorieCal...ionService com.example.nutrisaur11              D  Calculated meal distribution: Breakfast=696, Lunch=974, Dinner=835, Snacks=278
2025-10-13 10:24:05.914 16860-16860 CalorieTracker          com.example.nutrisaur11              D  Calculated meal distribution: Breakfast=696, Lunch=974, Dinner=835, Snacks=278
2025-10-13 10:24:05.914 16860-16860 CalorieTracker          com.example.nutrisaur11              D  Calculated meal distribution: {Breakfast=696, Dinner=835, Snacks=278, Lunch=974}
2025-10-13 10:24:05.914 16860-16860 CalorieTracker          com.example.nutrisaur11              D  Created Breakfast meal with 696 max calories
2025-10-13 10:24:05.914 16860-16860 CalorieTracker          com.example.nutrisaur11              D  Added meow (20 cal) to Breakfast for date 2025-10-13
2025-10-13 10:24:05.919 16860-16860 CalorieTracker          com.example.nutrisaur11              D  Synced CalorieTracker with AddedFoodManager for date 2025-10-13. Total meals: 1
2025-10-13 10:24:05.919 16860-17506 NutritionService        com.example.nutrisaur11              D  Starting nutrition recommendations...
2025-10-13 10:24:05.919 16860-16860 CalorieTracker          com.example.nutrisaur11              D  Meal Breakfast: 20/696 kcal
2025-10-13 10:24:05.919 16860-17506 NutritionService        com.example.nutrisaur11              D  Getting user profile from SharedPreferences...
2025-10-13 10:24:05.920 16860-17506 NutritionService        com.example.nutrisaur11              D  User data: name=, age=25, weight=70.0, height=170.0
2025-10-13 10:24:05.920 16860-17506 NutritionService        com.example.nutrisaur11              D  User profile loaded: , BMI: 24.221453287197235
2025-10-13 10:24:05.920 16860-17506 KcalSuggestionCache     com.example.nutrisaur11              D  Cached kcal suggestion is valid
2025-10-13 10:24:05.920 16860-17506 NutritionService        com.example.nutrisaur11              D  Using cached kcal suggestion - user profile unchanged
2025-10-13 10:24:05.921 16860-17506 KcalSuggestionCache     com.example.nutrisaur11              D  Successfully loaded cached kcal suggestion
2025-10-13 10:24:06.022 16860-16860 FoodActivity            com.example.nutrisaur11              D  Total eaten calories after sync: 20
2025-10-13 10:24:05.921 16860-17506 CalorieTracker          com.example.nutrisaur11              D  Background AI calculation completed: 2545
2025-10-13 10:24:06.022 16860-16860 FoodActivity            com.example.nutrisaur11              D  Updating eaten calories only (preserving daily target)
2025-10-13 10:24:06.024 16860-16860 FoodActivity            com.example.nutrisaur11              D  Total eaten calories for update: 20
2025-10-13 10:24:06.024 16860-16860 FoodActivity            com.example.nutrisaur11              D  Using existing daily calorie target: 2784
2025-10-13 10:24:06.024 16860-16860 FoodActivity            com.example.nutrisaur11              D  Eaten Calories Only Update:
2025-10-13 10:24:06.024 16860-16860 FoodActivity            com.example.nutrisaur11              D    Total Daily Calories: 2784 (preserved)
2025-10-13 10:24:06.024 16860-16860 FoodActivity            com.example.nutrisaur11              D    Total Eaten Calories: 20 (updated)
2025-10-13 10:24:06.024 16860-16860 FoodActivity            com.example.nutrisaur11              D    Calories Left: 2764
2025-10-13 10:24:06.024 16860-16860 FoodActivity            com.example.nutrisaur11              D    Progress Percent: 0.7183908%
2025-10-13 10:24:06.025 16860-16860 FoodActivity            com.example.nutrisaur11              D  Updating macronutrient data directly
2025-10-13 10:24:06.030 16860-16860 FoodActivity            com.example.nutrisaur11              D  FoodActivity Available database fields: [birthday, is_pregnant, muac_category, notes, weight_kg, nutritional_risk, height_cm, sex, municipality, muac_cm, screening_date, bmi_category, name, barangay, email, age, bmi, status]
2025-10-13 10:24:06.031 16860-16860 FoodActivity            com.example.nutrisaur11              D  Calculated age from birthday '2005-10-10': 20
2025-10-13 10:24:06.031 16860-16860 FoodActivity            com.example.nutrisaur11              D  FoodActivity Weight field lookup - weight_kg: '50', weight: 'null', final: '50'
2025-10-13 10:24:06.031 16860-16860 FoodActivity            com.example.nutrisaur11              D  FoodActivity: Set weight from database: 50
2025-10-13 10:24:06.031 16860-16860 FoodActivity            com.example.nutrisaur11              D  FoodActivity Height field lookup - height_cm: '171', height: 'null', final: '171'
2025-10-13 10:24:06.031 16860-16860 FoodActivity            com.example.nutrisaur11              D  FoodActivity: Set height from database: 171
2025-10-13 10:24:06.031 16860-16860 FoodActivity            com.example.nutrisaur11              D  Created user profile from database data: Pingol , Kevin C. (Age: 20, Weight: 50.0, Height: 171.0, Gender: Male, Activity: Moderate)
2025-10-13 10:24:06.031 16860-16860 CalorieCal...ionService com.example.nutrisaur11              D  Calculated BMR: 1473.75 for Pingol , Kevin C.
2025-10-13 10:24:06.032 16860-16860 CalorieCal...ionService com.example.nutrisaur11              D  Calculated TDEE: 2284.3125 (BMR: 1473.75 × Activity: 1.55)
2025-10-13 10:24:06.032 16860-16860 CalorieCal...ionService com.example.nutrisaur11              D  Calculated daily calorie target: 2784 (TDEE: 2284.3125 + Adjustment: 500.0)
2025-10-13 10:24:06.032 16860-16860 FoodActivity            com.example.nutrisaur11              D  Calculated macro targets - Protein: 153, Carbs: 375, Fat: 74
2025-10-13 10:24:06.032 16860-16860 FoodActivity            com.example.nutrisaur11              D  Macro Update:
2025-10-13 10:24:06.032 16860-16860 FoodActivity            com.example.nutrisaur11              D    Protein: 133/153 (eaten: 20)
2025-10-13 10:24:06.032 16860-16860 FoodActivity            com.example.nutrisaur11              D    Carbs: 355/375 (eaten: 20)
2025-10-13 10:24:06.032 16860-16860 FoodActivity            com.example.nutrisaur11              D    Fat: 54/74 (eaten: 20)
2025-10-13 10:24:06.034 16860-16860 FoodActivity            com.example.nutrisaur11              D  Updating meal progress texts with direct AddedFoodManager data
2025-10-13 10:24:06.040 16860-16860 FoodActivity            com.example.nutrisaur11              D  FoodActivity Available database fields: [birthday, is_pregnant, muac_category, notes, weight_kg, nutritional_risk, height_cm, sex, municipality, muac_cm, screening_date, bmi_category, name, barangay, email, age, bmi, status]
2025-10-13 10:24:06.040 16860-16860 FoodActivity            com.example.nutrisaur11              D  Calculated age from birthday '2005-10-10': 20
2025-10-13 10:24:06.041 16860-16860 FoodActivity            com.example.nutrisaur11              D  FoodActivity Weight field lookup - weight_kg: '50', weight: 'null', final: '50'
2025-10-13 10:24:06.041 16860-16860 FoodActivity            com.example.nutrisaur11              D  FoodActivity: Set weight from database: 50
2025-10-13 10:24:06.041 16860-16860 FoodActivity            com.example.nutrisaur11              D  FoodActivity Height field lookup - height_cm: '171', height: 'null', final: '171'
2025-10-13 10:24:06.041 16860-16860 FoodActivity            com.example.nutrisaur11              D  FoodActivity: Set height from database: 171
2025-10-13 10:24:06.041 16860-16860 FoodActivity            com.example.nutrisaur11              D  Created user profile from database data: Pingol , Kevin C. (Age: 20, Weight: 50.0, Height: 171.0, Gender: Male, Activity: Moderate)
2025-10-13 10:24:06.041 16860-16860 KcalSuggestionCache     com.example.nutrisaur11              D  User profile changed, cache invalid
2025-10-13 10:24:06.042 16860-16860 FoodActivity            com.example.nutrisaur11              D  No valid AI cache found, using fallback calculation...
2025-10-13 10:24:06.042 16860-16860 CalorieCal...ionService com.example.nutrisaur11              D  Calculated BMR: 1473.75 for Pingol , Kevin C.
2025-10-13 10:24:06.042 16860-16860 CalorieCal...ionService com.example.nutrisaur11              D  Calculated TDEE: 2284.3125 (BMR: 1473.75 × Activity: 1.55)
2025-10-13 10:24:06.042 16860-16860 CalorieCal...ionService com.example.nutrisaur11              D  Calculated daily calorie target: 2784 (TDEE: 2284.3125 + Adjustment: 500.0)
2025-10-13 10:24:06.042 16860-16860 FoodActivity            com.example.nutrisaur11              D  Using fallback calculation (AI will update cache): 2784
2025-10-13 10:24:06.042 16860-16860 FoodActivity            com.example.nutrisaur11              D  Starting background AI calculation...
2025-10-13 10:24:06.042 16860-16860 FoodActivity            com.example.nutrisaur11              D  Using AI-calculated total daily calories: 2784
2025-10-13 10:24:06.043 16860-16860 FoodActivity            com.example.nutrisaur11              D  FoodActivity Available database fields: [birthday, is_pregnant, muac_category, notes, weight_kg, nutritional_risk, height_cm, sex, municipality, muac_cm, screening_date, bmi_category, name, barangay, email, age, bmi, status]
2025-10-13 10:24:06.043 16860-16860 FoodActivity            com.example.nutrisaur11              D  Calculated age from birthday '2005-10-10': 20
2025-10-13 10:24:06.043 16860-16860 FoodActivity            com.example.nutrisaur11              D  FoodActivity Weight field lookup - weight_kg: '50', weight: 'null', final: '50'
2025-10-13 10:24:06.043 16860-16860 FoodActivity            com.example.nutrisaur11              D  FoodActivity: Set weight from database: 50
2025-10-13 10:24:06.043 16860-16860 FoodActivity            com.example.nutrisaur11              D  FoodActivity Height field lookup - height_cm: '171', height: 'null', final: '171'
2025-10-13 10:24:06.043 16860-16860 FoodActivity            com.example.nutrisaur11              D  FoodActivity: Set height from database: 171
2025-10-13 10:24:06.044 16860-17033 NutritionService        com.example.nutrisaur11              D  Starting nutrition recommendations...
2025-10-13 10:24:06.044 16860-16860 FoodActivity            com.example.nutrisaur11              D  Created user profile from database data: Pingol , Kevin C. (Age: 20, Weight: 50.0, Height: 171.0, Gender: Male, Activity: Moderate)
2025-10-13 10:24:06.044 16860-17033 NutritionService        com.example.nutrisaur11              D  Getting user profile from SharedPreferences...
2025-10-13 10:24:06.044 16860-16860 CalorieCal...ionService com.example.nutrisaur11              D  Calculated meal distribution: Breakfast=696, Lunch=974, Dinner=835, Snacks=278
2025-10-13 10:24:06.044 16860-17033 NutritionService        com.example.nutrisaur11              D  User data: name=, age=25, weight=70.0, height=170.0
2025-10-13 10:24:06.044 16860-16860 FoodActivity            com.example.nutrisaur11              D  Calculated meal distribution: Breakfast=696, Lunch=974, Dinner=835, Snacks=278
2025-10-13 10:24:06.044 16860-17033 NutritionService        com.example.nutrisaur11              D  User profile loaded: , BMI: 24.221453287197235
2025-10-13 10:24:06.044 16860-16860 FoodActivity            com.example.nutrisaur11              D  Direct update Breakfast: 20 / 696 kcal (from 1 foods)
2025-10-13 10:24:06.044 16860-17033 KcalSuggestionCache     com.example.nutrisaur11              D  Cached kcal suggestion is valid
2025-10-13 10:24:06.044 16860-17033 NutritionService        com.example.nutrisaur11              D  Using cached kcal suggestion - user profile unchanged
2025-10-13 10:24:06.045 16860-16860 FoodActivity            com.example.nutrisaur11              D  Set breakfast progress text to: 20 / 696 kcal
2025-10-13 10:24:06.045 16860-16860 FoodActivity            com.example.nutrisaur11              D  Direct update Lunch: 0 / 974 kcal (from 0 foods)
2025-10-13 10:24:06.045 16860-17033 KcalSuggestionCache     com.example.nutrisaur11              D  Successfully loaded cached kcal suggestion
2025-10-13 10:24:06.045 16860-17033 FoodActivity            com.example.nutrisaur11              D  Background AI calculation completed: 2545
2025-10-13 10:24:06.045 16860-16860 FoodActivity            com.example.nutrisaur11              D  Set lunch progress text to: 0 / 974 kcal
2025-10-13 10:24:06.045 16860-16860 FoodActivity            com.example.nutrisaur11              D  Direct update Dinner: 0 / 835 kcal (from 0 foods)
2025-10-13 10:24:06.046 16860-16860 FoodActivity            com.example.nutrisaur11              D  Set dinner progress text to: 0 / 835 kcal
2025-10-13 10:24:06.046 16860-16860 FoodActivity            com.example.nutrisaur11              D  Direct update Snacks: 0 / 278 kcal (from 0 foods)
2025-10-13 10:24:06.046 16860-16860 FoodActivity            com.example.nutrisaur11              D  Set snacks progress text to: 0 / 278 kcal
2025-10-13 10:24:06.046 16860-16860 FoodActivity            com.example.nutrisaur11              D  Updating meal progress texts with direct AddedFoodManager data
2025-10-13 10:24:06.050 16860-16860 FoodActivity            com.example.nutrisaur11              D  FoodActivity Available database fields: [birthday, is_pregnant, muac_category, notes, weight_kg, nutritional_risk, height_cm, sex, municipality, muac_cm, screening_date, bmi_category, name, barangay, email, age, bmi, status]
2025-10-13 10:24:06.050 16860-16860 FoodActivity            com.example.nutrisaur11              D  Calculated age from birthday '2005-10-10': 20
2025-10-13 10:24:06.050 16860-16860 FoodActivity            com.example.nutrisaur11              D  FoodActivity Weight field lookup - weight_kg: '50', weight: 'null', final: '50'
2025-10-13 10:24:06.050 16860-16860 FoodActivity            com.example.nutrisaur11              D  FoodActivity: Set weight from database: 50
2025-10-13 10:24:06.050 16860-16860 FoodActivity            com.example.nutrisaur11              D  FoodActivity Height field lookup - height_cm: '171', height: 'null', final: '171'
2025-10-13 10:24:06.050 16860-16860 FoodActivity            com.example.nutrisaur11              D  FoodActivity: Set height from database: 171
2025-10-13 10:24:06.051 16860-16860 FoodActivity            com.example.nutrisaur11              D  Created user profile from database data: Pingol , Kevin C. (Age: 20, Weight: 50.0, Height: 171.0, Gender: Male, Activity: Moderate)
2025-10-13 10:24:06.051 16860-16860 KcalSuggestionCache     com.example.nutrisaur11              D  User profile changed, cache invalid
2025-10-13 10:24:06.051 16860-16860 FoodActivity            com.example.nutrisaur11              D  No valid AI cache found, using fallback calculation...
2025-10-13 10:24:06.051 16860-16860 CalorieCal...ionService com.example.nutrisaur11              D  Calculated BMR: 1473.75 for Pingol , Kevin C.
2025-10-13 10:24:06.051 16860-16860 CalorieCal...ionService com.example.nutrisaur11              D  Calculated TDEE: 2284.3125 (BMR: 1473.75 × Activity: 1.55)
2025-10-13 10:24:06.051 16860-16860 CalorieCal...ionService com.example.nutrisaur11              D  Calculated daily calorie target: 2784 (TDEE: 2284.3125 + Adjustment: 500.0)
2025-10-13 10:24:06.051 16860-16860 FoodActivity            com.example.nutrisaur11              D  Using fallback calculation (AI will update cache): 2784
2025-10-13 10:24:06.051 16860-16860 FoodActivity            com.example.nutrisaur11              D  AI calculation already in progress, skipping...
2025-10-13 10:24:06.051 16860-16860 FoodActivity            com.example.nutrisaur11              D  Using AI-calculated total daily calories: 2784
2025-10-13 10:24:06.051 16860-16860 FoodActivity            com.example.nutrisaur11              D  FoodActivity Available database fields: [birthday, is_pregnant, muac_category, notes, weight_kg, nutritional_risk, height_cm, sex, municipality, muac_cm, screening_date, bmi_category, name, barangay, email, age, bmi, status]
2025-10-13 10:24:06.052 16860-16860 FoodActivity            com.example.nutrisaur11              D  Calculated age from birthday '2005-10-10': 20
2025-10-13 10:24:06.052 16860-16860 FoodActivity            com.example.nutrisaur11              D  FoodActivity Weight field lookup - weight_kg: '50', weight: 'null', final: '50'
2025-10-13 10:24:06.052 16860-16860 FoodActivity            com.example.nutrisaur11              D  FoodActivity: Set weight from database: 50
2025-10-13 10:24:06.052 16860-16860 FoodActivity            com.example.nutrisaur11              D  FoodActivity Height field lookup - height_cm: '171', height: 'null', final: '171'
2025-10-13 10:24:06.052 16860-16860 FoodActivity            com.example.nutrisaur11              D  FoodActivity: Set height from database: 171
2025-10-13 10:24:06.052 16860-16860 FoodActivity            com.example.nutrisaur11              D  Created user profile from database data: Pingol , Kevin C. (Age: 20, Weight: 50.0, Height: 171.0, Gender: Male, Activity: Moderate)
2025-10-13 10:24:06.052 16860-16860 CalorieCal...ionService com.example.nutrisaur11              D  Calculated meal distribution: Breakfast=696, Lunch=974, Dinner=835, Snacks=278
2025-10-13 10:24:06.052 16860-16860 FoodActivity            com.example.nutrisaur11              D  Calculated meal distribution: Breakfast=696, Lunch=974, Dinner=835, Snacks=278
2025-10-13 10:24:06.052 16860-16860 FoodActivity            com.example.nutrisaur11              D  Direct update Breakfast: 20 / 696 kcal (from 1 foods)
2025-10-13 10:24:06.053 16860-16860 FoodActivity            com.example.nutrisaur11              D  Set breakfast progress text to: 20 / 696 kcal
2025-10-13 10:24:06.053 16860-16860 FoodActivity            com.example.nutrisaur11              D  Direct update Lunch: 0 / 974 kcal (from 0 foods)
2025-10-13 10:24:06.053 16860-16860 FoodActivity            com.example.nutrisaur11              D  Set lunch progress text to: 0 / 974 kcal
2025-10-13 10:24:06.053 16860-16860 FoodActivity            com.example.nutrisaur11              D  Direct update Dinner: 0 / 835 kcal (from 0 foods)
2025-10-13 10:24:06.053 16860-16860 FoodActivity            com.example.nutrisaur11              D  Set dinner progress text to: 0 / 835 kcal
2025-10-13 10:24:06.053 16860-16860 FoodActivity            com.example.nutrisaur11              D  Direct update Snacks: 0 / 278 kcal (from 0 foods)
2025-10-13 10:24:06.053 16860-16860 FoodActivity            com.example.nutrisaur11              D  Set snacks progress text to: 0 / 278 kcal
2025-10-13 10:24:06.053 16860-16860 FoodActivity            com.example.nutrisaur11              D  Meal progress refreshed successfully
2025-10-13 10:24:06.064 16860-16860 FoodActivity            com.example.nutrisaur11              D  Refreshing nutrition UI with updated AI data...
2025-10-13 10:24:06.064 16860-16860 FoodActivity            com.example.nutrisaur11              D  Updating kcal goal circle directly
2025-10-13 10:24:06.065 16860-16860 FoodActivity            com.example.nutrisaur11              D  Total eaten calories for circle update: 20
