2025-10-13 08:45:47.874 23447-23447 SessionManager          com.example.nutrisaur11              D  User interaction recorded at: 1760316347874
2025-10-13 08:45:47.940 23447-23447 FoodItemAdapter         com.example.nutrisaur11              D  Plus button clicked for: giniling giling, isCategoryActivity: false
2025-10-13 08:45:47.940 23447-23447 FoodItemAdapter         com.example.nutrisaur11              D  Adding recommended food to meal plan: giniling giling
2025-10-13 08:45:47.995 23447-23447 IS_CTS_MODE             com.example.nutrisaur11              D  false
2025-10-13 08:45:47.995 23447-23447 MULTI_WIND...CH_ENABLED com.example.nutrisaur11              D  false
2025-10-13 08:45:48.076 23447-23447 DecorView[]             com.example.nutrisaur11              D  onWindowFocusChanged hasWindowFocus false
2025-10-13 08:45:48.080 23447-23459 OpenGLRenderer          com.example.nutrisaur11              I  Davey! duration=9223360970576ms; Flags=1, FrameTimelineVsyncId=571528, IntendedVsync=11066278143191, Vsync=11066278143191, InputEventId=0, HandleInputStart=11066279698797, AnimationStart=11066279702391, PerformTraversalsStart=11066279704578, DrawStart=11066322640151, FrameDeadline=11066294809857, FrameInterval=11066279682807, FrameStartTime=16666666, SyncQueued=11066323392495, SyncStart=11066323527026, IssueDrawCommandsStart=11066323839578, SwapBuffers=11066325574526, FrameCompleted=9223372036854775807, DequeueBufferDuration=27708, QueueBufferDuration=1135677, GpuCompleted=9223372036854775807, SwapBuffersCompleted=11066327185099, DisplayPresentTime=0, 
2025-10-13 08:45:48.113 23447-23447 DecorView[]             com.example.nutrisaur11              D  onWindowFocusChanged hasWindowFocus true
2025-10-13 08:45:48.350 23447-23447 SessionManager          com.example.nutrisaur11              D  === PERIODIC SESSION VALIDATION ===
2025-10-13 08:45:48.351 23447-23447 SessionManager          com.example.nutrisaur11              D  User is active, validating with database
2025-10-13 08:45:48.351 23447-23447 SessionManager          com.example.nutrisaur11              D  Checking user existence in database: kevinpingol123@gmail.com
2025-10-13 08:45:48.351 23447-23447 CommunityUserManager    com.example.nutrisaur11              D  === GETTING CURRENT USER DATA FROM DATABASE (ASYNC) ===
2025-10-13 08:45:48.352 23447-23447 CommunityUserManager    com.example.nutrisaur11              D  Retrieved cached user data for: kevinpingol123@gmail.com
2025-10-13 08:45:48.353 23447-23447 CommunityUserManager    com.example.nutrisaur11              D  Returning cached user data
2025-10-13 08:45:48.353 23447-23447 SessionManager          com.example.nutrisaur11              D  Database check completed in 2ms
2025-10-13 08:45:48.353 23447-23447 SessionManager          com.example.nutrisaur11              D  User exists and is valid: kevinpingol123@gmail.com
2025-10-13 08:45:48.359 23447-23447 SessionManager          com.example.nutrisaur11              D  Checking user existence in database: kevinpingol123@gmail.com
2025-10-13 08:45:48.359 23447-23447 CommunityUserManager    com.example.nutrisaur11              D  === GETTING CURRENT USER DATA FROM DATABASE (ASYNC) ===
2025-10-13 08:45:48.360 23447-23447 CommunityUserManager    com.example.nutrisaur11              D  Retrieved cached user data for: kevinpingol123@gmail.com
2025-10-13 08:45:48.360 23447-23447 CommunityUserManager    com.example.nutrisaur11              D  Returning cached user data
2025-10-13 08:45:48.360 23447-23447 SessionManager          com.example.nutrisaur11              D  Database check completed in 1ms
2025-10-13 08:45:48.361 23447-23447 SessionManager          com.example.nutrisaur11              D  User exists and is valid: kevinpingol123@gmail.com
2025-10-13 08:45:50.112 23447-23447 FoodItemAdapter         com.example.nutrisaur11              D  Adding recommended food to meal plan: giniling giling for Lunch
2025-10-13 08:45:50.178 23447-23447 DecorView[]             com.example.nutrisaur11              D  onWindowFocusChanged hasWindowFocus true
2025-10-13 08:45:50.283 23447-23704 ApiClient               com.example.nutrisaur11              D  Response code: 200
2025-10-13 08:45:50.321 23447-23704 ApiClient               com.example.nutrisaur11              D  Add Recommended Food to Meal Plan response: {"success":true,"message":"Recommended food added to your meal plan successfully","id":"320"}
2025-10-13 08:45:50.374 23447-23447 CalorieTracker          com.example.nutrisaur11              D  Added giniling giling to Lunch for date 2025-10-13. Calories: 20/500 kcal
2025-10-13 08:45:50.399 23447-23447 FoodItemAdapter         com.example.nutrisaur11              D  MHO recommended food - cabbage soup isAdded: false
2025-10-13 08:45:50.404 23447-23447 FoodItemAdapter         com.example.nutrisaur11              D  MHO recommended food - giniling giling isAdded: true
2025-10-13 08:45:50.408 23447-23447 FoodItemAdapter         com.example.nutrisaur11              D  MHO recommended food - adobong tipaklong isAdded: true
2025-10-13 08:45:50.436 23447-23588 OpenGLRenderer          com.example.nutrisaur11              I  Davey! duration=9223360968209ms; Flags=0, FrameTimelineVsyncId=571592, IntendedVsync=11068644846321, Vsync=11068644846321, InputEventId=0, HandleInputStart=11068649436765, AnimationStart=11068649443692, PerformTraversalsStart=11068649447702, DrawStart=11068664802910, FrameDeadline=11068661512987, FrameInterval=11068649400098, FrameStartTime=16666666, SyncQueued=11068669902702, SyncStart=11068670574994, IssueDrawCommandsStart=11068671404525, SwapBuffers=11068675882285, FrameCompleted=9223372036854775807, DequeueBufferDuration=53958, QueueBufferDuration=1021146, GpuCompleted=9223372036854775807, SwapBuffersCompleted=11068677666192, DisplayPresentTime=0, 
2025-10-13 08:45:51.365 23447-23447 SessionManager          com.example.nutrisaur11              D  === PERIODIC SESSION VALIDATION ===
2025-10-13 08:45:51.365 23447-23447 SessionManager          com.example.nutrisaur11              D  User is active, validating with database
2025-10-13 08:45:51.366 23447-23447 SessionManager          com.example.nutrisaur11              D  Checking user existence in database: kevinpingol123@gmail.com
2025-10-13 08:45:51.366 23447-23447 CommunityUserManager    com.example.nutrisaur11              D  === GETTING CURRENT USER DATA FROM DATABASE (ASYNC) ===
2025-10-13 08:45:51.367 23447-23447 CommunityUserManager    com.example.nutrisaur11              D  Retrieved cached user data for: kevinpingol123@gmail.com
2025-10-13 08:45:51.367 23447-23447 CommunityUserManager    com.example.nutrisaur11              D  Returning cached user data
2025-10-13 08:45:51.368 23447-23447 SessionManager          com.example.nutrisaur11              D  Database check completed in 2ms
2025-10-13 08:45:51.368 23447-23447 SessionManager          com.example.nutrisaur11              D  User exists and is valid: kevinpingol123@gmail.com
2025-10-13 08:45:51.374 23447-23447 SessionManager          com.example.nutrisaur11              D  Checking user existence in database: kevinpingol123@gmail.com
2025-10-13 08:45:51.374 23447-23447 CommunityUserManager    com.example.nutrisaur11              D  === GETTING CURRENT USER DATA FROM DATABASE (ASYNC) ===
2025-10-13 08:45:51.375 23447-23447 CommunityUserManager    com.example.nutrisaur11              D  Retrieved cached user data for: kevinpingol123@gmail.com
2025-10-13 08:45:51.375 23447-23447 CommunityUserManager    com.example.nutrisaur11              D  Returning cached user data
2025-10-13 08:45:51.375 23447-23447 SessionManager          com.example.nutrisaur11              D  Database check completed in 1ms
2025-10-13 08:45:51.376 23447-23447 SessionManager          com.example.nutrisaur11              D  User exists and is valid: kevinpingol123@gmail.com
2025-10-13 08:45:51.457 23447-23447 SessionManager          com.example.nutrisaur11              D  User interaction recorded at: 1760316351457
2025-10-13 08:45:51.480 23447-23588 OpenGLRenderer          com.example.nutrisaur11              I  Davey! duration=9223360967141ms; Flags=0, FrameTimelineVsyncId=-1, IntendedVsync=11069713403223, Vsync=11069713412650, InputEventId=1071408570, HandleInputStart=11069713460514, AnimationStart=11069713469577, PerformTraversalsStart=11069713473795, DrawStart=11069713884525, FrameDeadline=-9223372036838109143, FrameInterval=11069713412650, FrameStartTime=16666666, SyncQueued=11069719980358, SyncStart=11069720221556, IssueDrawCommandsStart=11069720963848, SwapBuffers=11069725591035, FrameCompleted=9223372036854775807, DequeueBufferDuration=69583, QueueBufferDuration=1948177, GpuCompleted=9223372036854775807, SwapBuffersCompleted=11069728703848, DisplayPresentTime=0, 
2025-10-13 08:45:51.589 23447-23447 SessionManager          com.example.nutrisaur11              D  User marked as idle
2025-10-13 08:45:51.631 23447-23447 SessionManager          com.example.nutrisaur11              D  User interaction recorded at: 1760316351631
2025-10-13 08:45:51.631 23447-23447 SessionManager          com.example.nutrisaur11              D  === REAL-TIME SESSION VALIDATION ===
2025-10-13 08:45:51.632 23447-23447 SessionManager          com.example.nutrisaur11              D  Using cached valid session
2025-10-13 08:45:51.632 23447-23447 CommunityUserManager    com.example.nutrisaur11              D  === CHECKING ARCHIVE STATUS ===
2025-10-13 08:45:51.632 23447-23447 CommunityUserManager    com.example.nutrisaur11              D  === FORCE REFRESHING USER DATA FROM DATABASE ===
2025-10-13 08:45:51.632 23447-23447 CommunityUserManager    com.example.nutrisaur11              D  Force refreshing data for: kevinpingol123@gmail.com
2025-10-13 08:45:51.632 23447-23447 CommunityUserManager    com.example.nutrisaur11              D  === CHECKING USER EXISTENCE ===
2025-10-13 08:45:51.632 23447-23707 CommunityUserManager    com.example.nutrisaur11              D  Making API request to: https://nutrisaur-production.up.railway.app/api/DatabaseAPI.php?action=get_community_user_data
2025-10-13 08:45:51.632 23447-23707 CommunityUserManager    com.example.nutrisaur11              D  Request data: {"email":"kevinpingol123@gmail.com"}
2025-10-13 08:45:51.633 23447-23447 CommunityUserManager    com.example.nutrisaur11              D  === FORCE REFRESHING USER DATA FROM DATABASE ===
2025-10-13 08:45:51.633 23447-23447 CommunityUserManager    com.example.nutrisaur11              D  Force refreshing data for: kevinpingol123@gmail.com
2025-10-13 08:45:51.633 23447-23447 CommunityUserManager    com.example.nutrisaur11              D  === CHECKING ARCHIVE STATUS ===
2025-10-13 08:45:51.633 23447-23447 CommunityUserManager    com.example.nutrisaur11              D  === FORCE REFRESHING USER DATA FROM DATABASE ===
2025-10-13 08:45:51.633 23447-23447 CommunityUserManager    com.example.nutrisaur11              D  Force refreshing data for: kevinpingol123@gmail.com
2025-10-13 08:45:51.634 23447-23447 FoodActivity            com.example.nutrisaur11              D  FoodActivity onResume - refreshing meal progress
2025-10-13 08:45:51.634 23447-23447 FoodActivity            com.example.nutrisaur11              D  About to call syncFoodHistoryFromDatabase()
2025-10-13 08:45:51.634 23447-23447 FoodActivity            com.example.nutrisaur11              D  === SYNCING FOOD HISTORY FROM DATABASE ===
2025-10-13 08:45:51.634 23447-23447 FoodActivity            com.example.nutrisaur11              D  Sync Debug - User email: 'kevinpingol123@gmail.com'
2025-10-13 08:45:51.634 23447-23447 FoodActivity            com.example.nutrisaur11              D  Sync Debug - Current date: '2025-10-13'
2025-10-13 08:45:51.634 23447-23447 FoodActivity            com.example.nutrisaur11              D  Sync Debug - About to create ApiClient and call downloadFoodHistory
2025-10-13 08:45:51.634 23447-23447 FoodActivity            com.example.nutrisaur11              D  Syncing food history for user: kevinpingol123@gmail.com on date: 2025-10-13
2025-10-13 08:45:51.634 23447-23447 ApiClient               com.example.nutrisaur11              D  === DOWNLOAD FOOD HISTORY CALLED ===
2025-10-13 08:45:51.634 23447-23447 ApiClient               com.example.nutrisaur11              D  User: kevinpingol123@gmail.com, Start: 2025-10-13, End: 2025-10-13
2025-10-13 08:45:51.634 23447-23447 FoodHistorySyncManager  com.example.nutrisaur11              D  Syncing flag metadata for user: kevinpingol123@gmail.com
2025-10-13 08:45:51.634 23447-23447 FoodActivity            com.example.nutrisaur11              D  Finished calling syncFoodHistoryFromDatabase()
2025-10-13 08:45:51.634 23447-23447 FoodActivity            com.example.nutrisaur11              D  Refreshing meal progress on resume
2025-10-13 08:45:51.634 23447-23447 FoodActivity            com.example.nutrisaur11              D  Syncing CalorieTracker with AddedFoodManager for date: 2025-10-13
2025-10-13 08:45:51.639 23447-23447 CalorieTracker          com.example.nutrisaur11              D  Syncing with 4 added foods for date: 2025-10-13
2025-10-13 08:45:51.639 23447-23447 CalorieTracker          com.example.nutrisaur11              D    Daily foods: 4
2025-10-13 08:45:51.639 23447-23447 CalorieTracker          com.example.nutrisaur11              D  Available database fields: [birthday, is_pregnant, muac_category, notes, weight_kg, nutritional_risk, height_cm, sex, municipality, muac_cm, screening_date, bmi_category, name, barangay, email, age, bmi, status]
2025-10-13 08:45:51.640 23447-23710 ApiClient               com.example.nutrisaur11              D  Download URL: https://nutrisaur-production.up.railway.app/api/food_history_api.php?action=get_user_history&user_email=kevinpingol123@gmail.com&start_date=2025-10-13&end_date=2025-10-13
2025-10-13 08:45:51.641 23447-23447 CalorieTracker          com.example.nutrisaur11              D  Calculated age from birthday '2005-10-10': 20
2025-10-13 08:45:51.641 23447-23447 CalorieTracker          com.example.nutrisaur11              D  Weight field lookup - weight_kg: '50', weight: 'null', final: '50'
2025-10-13 08:45:51.641 23447-23447 CalorieTracker          com.example.nutrisaur11              D  Set weight from database: 50
2025-10-13 08:45:51.641 23447-23447 CalorieTracker          com.example.nutrisaur11              D  Height field lookup - height_cm: '171', height: 'null', final: '171'
2025-10-13 08:45:51.641 23447-23447 CalorieTracker          com.example.nutrisaur11              D  Set height from database: 171
2025-10-13 08:45:51.641 23447-23447 CalorieTracker          com.example.nutrisaur11              D  Created user profile from database data: Pingol , Kevin C. (Age: 20, Weight: 50.0, Height: 171.0, Gender: Male, Activity: Moderate)
2025-10-13 08:45:51.641 23447-23447 CalorieTracker          com.example.nutrisaur11              D  Using user profile from database data
2025-10-13 08:45:51.642 23447-23447 KcalSuggestionCache     com.example.nutrisaur11              D  User profile changed, cache invalid
2025-10-13 08:45:51.642 23447-23447 CalorieTracker          com.example.nutrisaur11              D  No valid AI cache found, using fallback calculation...
2025-10-13 08:45:51.642 23447-23447 CalorieCal...ionService com.example.nutrisaur11              D  Calculated BMR: 1473.75 for Pingol , Kevin C.
2025-10-13 08:45:51.642 23447-23447 CalorieCal...ionService com.example.nutrisaur11              D  Calculated TDEE: 2284.3125 (BMR: 1473.75 × Activity: 1.55)
2025-10-13 08:45:51.642 23447-23447 CalorieCal...ionService com.example.nutrisaur11              D  Calculated daily calorie target: 2784 (TDEE: 2284.3125 + Adjustment: 500.0)
2025-10-13 08:45:51.642 23447-23447 CalorieTracker          com.example.nutrisaur11              D  Using fallback calculation (AI will update cache): 2784
2025-10-13 08:45:51.642 23447-23447 CalorieTracker          com.example.nutrisaur11              D  Using AI-calculated daily calorie target: 2784
2025-10-13 08:45:51.642 23447-23447 CalorieCal...ionService com.example.nutrisaur11              D  Calculated meal distribution: Breakfast=696, Lunch=974, Dinner=835, Snacks=278
2025-10-13 08:45:51.642 23447-23447 CalorieTracker          com.example.nutrisaur11              D  Calculated meal distribution: Breakfast=696, Lunch=974, Dinner=835, Snacks=278
2025-10-13 08:45:51.642 23447-23447 CalorieTracker          com.example.nutrisaur11              D  Calculated meal distribution: {Breakfast=696, Dinner=835, Snacks=278, Lunch=974}
2025-10-13 08:45:51.642 23447-23447 CalorieTracker          com.example.nutrisaur11              D  Created Breakfast meal with 696 max calories
2025-10-13 08:45:51.642 23447-23447 CalorieTracker          com.example.nutrisaur11              D  Added cabbage soup (20 cal) to Breakfast for date 2025-10-13
2025-10-13 08:45:51.642 23447-23447 CalorieTracker          com.example.nutrisaur11              D  Added giniling giling (20 cal) to Breakfast for date 2025-10-13
2025-10-13 08:45:51.642 23447-23447 CalorieTracker          com.example.nutrisaur11              D  Added adobong tipaklong (20 cal) to Breakfast for date 2025-10-13
2025-10-13 08:45:51.642 23447-23447 CalorieTracker          com.example.nutrisaur11              D  Created Dinner meal with 835 max calories
2025-10-13 08:45:51.642 23447-23447 CalorieTracker          com.example.nutrisaur11              D  Added adobong tipaklong (20 cal) to Dinner for date 2025-10-13
2025-10-13 08:45:51.644 23447-23708 CommunityUserManager    com.example.nutrisaur11              D  Making API request to: https://nutrisaur-production.up.railway.app/api/DatabaseAPI.php?action=get_community_user_data
2025-10-13 08:45:51.644 23447-23708 CommunityUserManager    com.example.nutrisaur11              D  Request data: {"email":"kevinpingol123@gmail.com"}
2025-10-13 08:45:51.646 23447-23709 CommunityUserManager    com.example.nutrisaur11              D  Making API request to: https://nutrisaur-production.up.railway.app/api/DatabaseAPI.php?action=get_community_user_data
2025-10-13 08:45:51.646 23447-23709 CommunityUserManager    com.example.nutrisaur11              D  Request data: {"email":"kevinpingol123@gmail.com"}
2025-10-13 08:45:51.650 23447-23717 NutritionService        com.example.nutrisaur11              D  Starting nutrition recommendations...
2025-10-13 08:45:51.650 23447-23717 NutritionService        com.example.nutrisaur11              D  Getting user profile from SharedPreferences...
2025-10-13 08:45:51.650 23447-23717 NutritionService        com.example.nutrisaur11              D  User data: name=, age=25, weight=70.0, height=170.0
2025-10-13 08:45:51.650 23447-23717 NutritionService        com.example.nutrisaur11              D  User profile loaded: , BMI: 24.221453287197235
2025-10-13 08:45:51.650 23447-23717 KcalSuggestionCache     com.example.nutrisaur11              D  Cached kcal suggestion is valid
2025-10-13 08:45:51.650 23447-23717 NutritionService        com.example.nutrisaur11              D  Using cached kcal suggestion - user profile unchanged
2025-10-13 08:45:51.651 23447-23717 KcalSuggestionCache     com.example.nutrisaur11              D  Successfully loaded cached kcal suggestion
2025-10-13 08:45:51.651 23447-23717 CalorieTracker          com.example.nutrisaur11              D  Background AI calculation completed: 2545
2025-10-13 08:45:51.653 23447-23447 CalorieTracker          com.example.nutrisaur11              D  Synced CalorieTracker with AddedFoodManager for date 2025-10-13. Total meals: 2
2025-10-13 08:45:51.653 23447-23447 CalorieTracker          com.example.nutrisaur11              D  Meal Breakfast: 60/696 kcal
2025-10-13 08:45:51.653 23447-23447 CalorieTracker          com.example.nutrisaur11              D  Meal Dinner: 20/835 kcal
2025-10-13 08:45:51.683 23447-23447 DecorView[]             com.example.nutrisaur11              D  onWindowFocusChanged hasWindowFocus false
2025-10-13 08:45:51.714 23447-23447 DecorView[]             com.example.nutrisaur11              D  onWindowFocusChanged hasWindowFocus true
2025-10-13 08:45:51.741  3040-3351  ActivityManagerWrapper  com.miui.home                        E  getRecentTasks: taskId=11040   userId=0   baseIntent=Intent { act=android.intent.action.MAIN cat=[android.intent.category.LAUNCHER] flg=0x10000000 cmp=com.example.nutrisaur11/.SplashActivity }
2025-10-13 08:45:51.743 23447-23447 SessionManager          com.example.nutrisaur11              D  User marked as idle
2025-10-13 08:45:51.765 23447-23447 FoodActivity            com.example.nutrisaur11              D  Total eaten calories after sync: 80
2025-10-13 08:45:51.765 23447-23447 FoodActivity            com.example.nutrisaur11              D  Updating eaten calories only (preserving daily target)
2025-10-13 08:45:51.767 23447-23447 FoodActivity            com.example.nutrisaur11              D  Total eaten calories for update: 80
2025-10-13 08:45:51.767 23447-23447 FoodActivity            com.example.nutrisaur11              D  Using existing daily calorie target: 2784
2025-10-13 08:45:51.767 23447-23447 FoodActivity            com.example.nutrisaur11              D  Eaten Calories Only Update:
2025-10-13 08:45:51.767 23447-23447 FoodActivity            com.example.nutrisaur11              D    Total Daily Calories: 2784 (preserved)
2025-10-13 08:45:51.767 23447-23447 FoodActivity            com.example.nutrisaur11              D    Total Eaten Calories: 80 (updated)
2025-10-13 08:45:51.767 23447-23447 FoodActivity            com.example.nutrisaur11              D    Calories Left: 2704
2025-10-13 08:45:51.767 23447-23447 FoodActivity            com.example.nutrisaur11              D    Progress Percent: 2.8735633%
2025-10-13 08:45:51.767 23447-23447 FoodActivity            com.example.nutrisaur11              D  Updating macronutrient data directly
2025-10-13 08:45:51.774 23447-23447 FoodActivity            com.example.nutrisaur11              D  FoodActivity Available database fields: [birthday, is_pregnant, muac_category, notes, weight_kg, nutritional_risk, height_cm, sex, municipality, muac_cm, screening_date, bmi_category, name, barangay, email, age, bmi, status]
2025-10-13 08:45:51.775 23447-23447 FoodActivity            com.example.nutrisaur11              D  Calculated age from birthday '2005-10-10': 20
2025-10-13 08:45:51.775 23447-23447 FoodActivity            com.example.nutrisaur11              D  FoodActivity Weight field lookup - weight_kg: '50', weight: 'null', final: '50'
2025-10-13 08:45:51.775 23447-23447 FoodActivity            com.example.nutrisaur11              D  FoodActivity: Set weight from database: 50
2025-10-13 08:45:51.775 23447-23447 FoodActivity            com.example.nutrisaur11              D  FoodActivity Height field lookup - height_cm: '171', height: 'null', final: '171'
2025-10-13 08:45:51.775 23447-23447 FoodActivity            com.example.nutrisaur11              D  FoodActivity: Set height from database: 171
2025-10-13 08:45:51.775 23447-23447 FoodActivity            com.example.nutrisaur11              D  Created user profile from database data: Pingol , Kevin C. (Age: 20, Weight: 50.0, Height: 171.0, Gender: Male, Activity: Moderate)
2025-10-13 08:45:51.775 23447-23447 CalorieCal...ionService com.example.nutrisaur11              D  Calculated BMR: 1473.75 for Pingol , Kevin C.
2025-10-13 08:45:51.775 23447-23447 CalorieCal...ionService com.example.nutrisaur11              D  Calculated TDEE: 2284.3125 (BMR: 1473.75 × Activity: 1.55)
2025-10-13 08:45:51.775 23447-23447 CalorieCal...ionService com.example.nutrisaur11              D  Calculated daily calorie target: 2784 (TDEE: 2284.3125 + Adjustment: 500.0)
2025-10-13 08:45:51.775 23447-23447 FoodActivity            com.example.nutrisaur11              D  Calculated macro targets - Protein: 153, Carbs: 375, Fat: 74
2025-10-13 08:45:51.775 23447-23447 FoodActivity            com.example.nutrisaur11              D  Macro Update:
2025-10-13 08:45:51.775 23447-23447 FoodActivity            com.example.nutrisaur11              D    Protein: 73/153 (eaten: 80)
2025-10-13 08:45:51.775 23447-23447 FoodActivity            com.example.nutrisaur11              D    Carbs: 295/375 (eaten: 80)
2025-10-13 08:45:51.775 23447-23447 FoodActivity            com.example.nutrisaur11              D    Fat: 0/74 (eaten: 80)
2025-10-13 08:45:51.777 23447-23447 FoodActivity            com.example.nutrisaur11              D  Updating meal progress texts with direct AddedFoodManager data
2025-10-13 08:45:51.781 23447-23447 FoodActivity            com.example.nutrisaur11              D  FoodActivity Available database fields: [birthday, is_pregnant, muac_category, notes, weight_kg, nutritional_risk, height_cm, sex, municipality, muac_cm, screening_date, bmi_category, name, barangay, email, age, bmi, status]
2025-10-13 08:45:51.781 23447-23447 FoodActivity            com.example.nutrisaur11              D  Calculated age from birthday '2005-10-10': 20
2025-10-13 08:45:51.781 23447-23447 FoodActivity            com.example.nutrisaur11              D  FoodActivity Weight field lookup - weight_kg: '50', weight: 'null', final: '50'
2025-10-13 08:45:51.781 23447-23447 FoodActivity            com.example.nutrisaur11              D  FoodActivity: Set weight from database: 50
2025-10-13 08:45:51.781 23447-23447 FoodActivity            com.example.nutrisaur11              D  FoodActivity Height field lookup - height_cm: '171', height: 'null', final: '171'
2025-10-13 08:45:51.781 23447-23447 FoodActivity            com.example.nutrisaur11              D  FoodActivity: Set height from database: 171
2025-10-13 08:45:51.781 23447-23447 FoodActivity            com.example.nutrisaur11              D  Created user profile from database data: Pingol , Kevin C. (Age: 20, Weight: 50.0, Height: 171.0, Gender: Male, Activity: Moderate)
2025-10-13 08:45:51.781 23447-23447 KcalSuggestionCache     com.example.nutrisaur11              D  User profile changed, cache invalid
2025-10-13 08:45:51.781 23447-23447 FoodActivity            com.example.nutrisaur11              D  No valid AI cache found, using fallback calculation...
2025-10-13 08:45:51.781 23447-23447 CalorieCal...ionService com.example.nutrisaur11              D  Calculated BMR: 1473.75 for Pingol , Kevin C.
2025-10-13 08:45:51.781 23447-23447 CalorieCal...ionService com.example.nutrisaur11              D  Calculated TDEE: 2284.3125 (BMR: 1473.75 × Activity: 1.55)
2025-10-13 08:45:51.781 23447-23447 CalorieCal...ionService com.example.nutrisaur11              D  Calculated daily calorie target: 2784 (TDEE: 2284.3125 + Adjustment: 500.0)
2025-10-13 08:45:51.781 23447-23447 FoodActivity            com.example.nutrisaur11              D  Using fallback calculation (AI will update cache): 2784
2025-10-13 08:45:51.781 23447-23447 FoodActivity            com.example.nutrisaur11              D  Starting background AI calculation...
2025-10-13 08:45:51.782 23447-23447 FoodActivity            com.example.nutrisaur11              D  Using AI-calculated total daily calories: 2784
2025-10-13 08:45:51.782 23447-23447 FoodActivity            com.example.nutrisaur11              D  FoodActivity Available database fields: [birthday, is_pregnant, muac_category, notes, weight_kg, nutritional_risk, height_cm, sex, municipality, muac_cm, screening_date, bmi_category, name, barangay, email, age, bmi, status]
2025-10-13 08:45:51.782 23447-23447 FoodActivity            com.example.nutrisaur11              D  Calculated age from birthday '2005-10-10': 20
2025-10-13 08:45:51.782 23447-23447 FoodActivity            com.example.nutrisaur11              D  FoodActivity Weight field lookup - weight_kg: '50', weight: 'null', final: '50'
2025-10-13 08:45:51.782 23447-23447 FoodActivity            com.example.nutrisaur11              D  FoodActivity: Set weight from database: 50
2025-10-13 08:45:51.783 23447-23447 FoodActivity            com.example.nutrisaur11              D  FoodActivity Height field lookup - height_cm: '171', height: 'null', final: '171'
2025-10-13 08:45:51.783 23447-23447 FoodActivity            com.example.nutrisaur11              D  FoodActivity: Set height from database: 171
2025-10-13 08:45:51.783 23447-23447 FoodActivity            com.example.nutrisaur11              D  Created user profile from database data: Pingol , Kevin C. (Age: 20, Weight: 50.0, Height: 171.0, Gender: Male, Activity: Moderate)
2025-10-13 08:45:51.783 23447-23593 NutritionService        com.example.nutrisaur11              D  Starting nutrition recommendations...
2025-10-13 08:45:51.783 23447-23593 NutritionService        com.example.nutrisaur11              D  Getting user profile from SharedPreferences...
2025-10-13 08:45:51.783 23447-23593 NutritionService        com.example.nutrisaur11              D  User data: name=, age=25, weight=70.0, height=170.0
2025-10-13 08:45:51.783 23447-23593 NutritionService        com.example.nutrisaur11              D  User profile loaded: , BMI: 24.221453287197235
2025-10-13 08:45:51.783 23447-23447 CalorieCal...ionService com.example.nutrisaur11              D  Calculated meal distribution: Breakfast=696, Lunch=974, Dinner=835, Snacks=278
2025-10-13 08:45:51.783 23447-23447 FoodActivity            com.example.nutrisaur11              D  Calculated meal distribution: Breakfast=696, Lunch=974, Dinner=835, Snacks=278
2025-10-13 08:45:51.783 23447-23593 KcalSuggestionCache     com.example.nutrisaur11              D  Cached kcal suggestion is valid
2025-10-13 08:45:51.783 23447-23447 FoodActivity            com.example.nutrisaur11              D  Direct update Breakfast: 60 / 696 kcal (from 3 foods)
2025-10-13 08:45:51.783 23447-23447 FoodActivity            com.example.nutrisaur11              D  Set breakfast progress text to: 60 / 696 kcal
2025-10-13 08:45:51.783 23447-23447 FoodActivity            com.example.nutrisaur11              D  Direct update Lunch: 0 / 974 kcal (from 0 foods)
2025-10-13 08:45:51.784 23447-23593 NutritionService        com.example.nutrisaur11              D  Using cached kcal suggestion - user profile unchanged
2025-10-13 08:45:51.784 23447-23447 FoodActivity            com.example.nutrisaur11              D  Set lunch progress text to: 0 / 974 kcal
2025-10-13 08:45:51.784 23447-23447 FoodActivity            com.example.nutrisaur11              D  Direct update Dinner: 20 / 835 kcal (from 1 foods)
2025-10-13 08:45:51.784 23447-23593 KcalSuggestionCache     com.example.nutrisaur11              D  Successfully loaded cached kcal suggestion
2025-10-13 08:45:51.784 23447-23593 FoodActivity            com.example.nutrisaur11              D  Background AI calculation completed: 2545
2025-10-13 08:45:51.784 23447-23447 FoodActivity            com.example.nutrisaur11              D  Set dinner progress text to: 20 / 835 kcal
2025-10-13 08:45:51.784 23447-23447 FoodActivity            com.example.nutrisaur11              D  Direct update Snacks: 0 / 278 kcal (from 0 foods)
2025-10-13 08:45:51.784 23447-23447 FoodActivity            com.example.nutrisaur11              D  Set snacks progress text to: 0 / 278 kcal
2025-10-13 08:45:51.784 23447-23447 FoodActivity            com.example.nutrisaur11              D  Updating meal progress texts with direct AddedFoodManager data
2025-10-13 08:45:51.788 23447-23447 FoodActivity            com.example.nutrisaur11              D  FoodActivity Available database fields: [birthday, is_pregnant, muac_category, notes, weight_kg, nutritional_risk, height_cm, sex, municipality, muac_cm, screening_date, bmi_category, name, barangay, email, age, bmi, status]
2025-10-13 08:45:51.789 23447-23447 FoodActivity            com.example.nutrisaur11              D  Calculated age from birthday '2005-10-10': 20
2025-10-13 08:45:51.789 23447-23447 FoodActivity            com.example.nutrisaur11              D  FoodActivity Weight field lookup - weight_kg: '50', weight: 'null', final: '50'
2025-10-13 08:45:51.789 23447-23447 FoodActivity            com.example.nutrisaur11              D  FoodActivity: Set weight from database: 50
2025-10-13 08:45:51.789 23447-23447 FoodActivity            com.example.nutrisaur11              D  FoodActivity Height field lookup - height_cm: '171', height: 'null', final: '171'
2025-10-13 08:45:51.789 23447-23447 FoodActivity            com.example.nutrisaur11              D  FoodActivity: Set height from database: 171
2025-10-13 08:45:51.789 23447-23447 FoodActivity            com.example.nutrisaur11              D  Created user profile from database data: Pingol , Kevin C. (Age: 20, Weight: 50.0, Height: 171.0, Gender: Male, Activity: Moderate)
2025-10-13 08:45:51.789 23447-23447 KcalSuggestionCache     com.example.nutrisaur11              D  User profile changed, cache invalid
2025-10-13 08:45:51.789 23447-23447 FoodActivity            com.example.nutrisaur11              D  No valid AI cache found, using fallback calculation...
2025-10-13 08:45:51.789 23447-23447 CalorieCal...ionService com.example.nutrisaur11              D  Calculated BMR: 1473.75 for Pingol , Kevin C.
2025-10-13 08:45:51.789 23447-23447 CalorieCal...ionService com.example.nutrisaur11              D  Calculated TDEE: 2284.3125 (BMR: 1473.75 × Activity: 1.55)
2025-10-13 08:45:51.789 23447-23447 CalorieCal...ionService com.example.nutrisaur11              D  Calculated daily calorie target: 2784 (TDEE: 2284.3125 + Adjustment: 500.0)
2025-10-13 08:45:51.789 23447-23447 FoodActivity            com.example.nutrisaur11              D  Using fallback calculation (AI will update cache): 2784
2025-10-13 08:45:51.789 23447-23447 FoodActivity            com.example.nutrisaur11              D  AI calculation already in progress, skipping...
2025-10-13 08:45:51.789 23447-23447 FoodActivity            com.example.nutrisaur11              D  Using AI-calculated total daily calories: 2784
2025-10-13 08:45:51.789 23447-23447 FoodActivity            com.example.nutrisaur11              D  FoodActivity Available database fields: [birthday, is_pregnant, muac_category, notes, weight_kg, nutritional_risk, height_cm, sex, municipality, muac_cm, screening_date, bmi_category, name, barangay, email, age, bmi, status]
2025-10-13 08:45:51.790 23447-23447 FoodActivity            com.example.nutrisaur11              D  Calculated age from birthday '2005-10-10': 20
2025-10-13 08:45:51.790 23447-23447 FoodActivity            com.example.nutrisaur11              D  FoodActivity Weight field lookup - weight_kg: '50', weight: 'null', final: '50'
2025-10-13 08:45:51.790 23447-23447 FoodActivity            com.example.nutrisaur11              D  FoodActivity: Set weight from database: 50
2025-10-13 08:45:51.790 23447-23447 FoodActivity            com.example.nutrisaur11              D  FoodActivity Height field lookup - height_cm: '171', height: 'null', final: '171'
2025-10-13 08:45:51.790 23447-23447 FoodActivity            com.example.nutrisaur11              D  FoodActivity: Set height from database: 171
2025-10-13 08:45:51.790 23447-23447 FoodActivity            com.example.nutrisaur11              D  Created user profile from database data: Pingol , Kevin C. (Age: 20, Weight: 50.0, Height: 171.0, Gender: Male, Activity: Moderate)
2025-10-13 08:45:51.790 23447-23447 CalorieCal...ionService com.example.nutrisaur11              D  Calculated meal distribution: Breakfast=696, Lunch=974, Dinner=835, Snacks=278
2025-10-13 08:45:51.790 23447-23447 FoodActivity            com.example.nutrisaur11              D  Calculated meal distribution: Breakfast=696, Lunch=974, Dinner=835, Snacks=278
2025-10-13 08:45:51.790 23447-23447 FoodActivity            com.example.nutrisaur11              D  Direct update Breakfast: 60 / 696 kcal (from 3 foods)
2025-10-13 08:45:51.790 23447-23447 FoodActivity            com.example.nutrisaur11              D  Set breakfast progress text to: 60 / 696 kcal
2025-10-13 08:45:51.791 23447-23447 FoodActivity            com.example.nutrisaur11              D  Direct update Lunch: 0 / 974 kcal (from 0 foods)
2025-10-13 08:45:51.791 23447-23447 FoodActivity            com.example.nutrisaur11              D  Set lunch progress text to: 0 / 974 kcal
2025-10-13 08:45:51.791 23447-23447 FoodActivity            com.example.nutrisaur11              D  Direct update Dinner: 20 / 835 kcal (from 1 foods)
2025-10-13 08:45:51.791 23447-23447 FoodActivity            com.example.nutrisaur11              D  Set dinner progress text to: 20 / 835 kcal
2025-10-13 08:45:51.791 23447-23447 FoodActivity            com.example.nutrisaur11              D  Direct update Snacks: 0 / 278 kcal (from 0 foods)
2025-10-13 08:45:51.792 23447-23447 FoodActivity            com.example.nutrisaur11              D  Set snacks progress text to: 0 / 278 kcal
2025-10-13 08:45:51.792 23447-23447 FoodActivity            com.example.nutrisaur11              D  Meal progress refreshed successfully
2025-10-13 08:45:51.796 23447-23710 ApiClient               com.example.nutrisaur11              D  Download food history response: {"success":true,"data":[{"id":317,"user_email":"kevinpingol123@gmail.com","date":"2025-10-13","meal_category":"Breakfast","food_name":"adobong tipaklong","calories":20,"serving_size":"1 cup","protein":"20.00","carbs":"20.00","fat":"20.00","fiber":"20.00","created_at":"2025-10-13 00:41:57","is_flagged":0,"is_day_flagged":0,"mho_comment":null,"flagged_by":null,"flagged_at":null,"is_mho_recommended":0,"emoji":null},{"id":312,"user_email":"kevinpingol123@gmail.com","date":"2025-10-13","meal_category":"Breakfast","food_name":"cabbage soup","calories":20,"serving_size":"1 cup","protein":"20.00","carbs":"20.00","fat":"20.00","fiber":"20.00","created_at":"2025-10-13 00:40:51","is_flagged":0,"is_day_flagged":0,"mho_comment":null,"flagged_by":null,"flagged_at":null,"is_mho_recommended":0,"emoji":null},{"id":313,"user_email":"kevinpingol123@gmail.com","date":"2025-10-13","meal_category":"Breakfast","food_name":"cabbage soup","calories":20,"serving_size":"1 cup","protein":"20.00","carbs":"20.00","fat":"20.00","fiber":"20.00","created_at":"2025-10-13 00:40:51","is_flagged":0,"is_day_flagged":0,"mho_comment":null,"flagged_by":null,"flagged_at":null,"is_mho_recommended":0,"emoji":null},{"id":314,"user_email":"kevinpingol123@gmail.com","date":"2025-10-13","meal_category":"Breakfast","food_name":"giniling giling","calories":20,"serving_size":"1 cup","protein":"20.00","carbs":"20.00","fat":"20.00","fiber":"20.00","created_at":"2025-10-13 00:41:11","is_flagged":0,"is_day_flagged":0,"mho_comment":null,"flagged_by":null,"flagged_at":null,"is_mho_recommended":0,"emoji":null},{"id":315,"user_email":"kevinpingol123@gmail.com","date":"2025-10-13","meal_category":"Breakfast","food_name":"giniling giling","calories":20,"serving_size":"1 cup","protein":"20.00","carbs":"20.00","fat":"20.00","fiber":"20.00","created_at":"2025-10-13 00:41:12","is_flagged":0,"is_day_flagged":0,"mho_comment":null,"flagged_by":null,"flagged_at":null,"is_mho_recommended":0,"emoji":null},{"id":320,"user_email":"kevinpingol123@gmail.com","date":"2025-10-13","meal_category":"Breakfast","food_name":"giniling giling","calories":20,"serving_size":"1 cup","protein":"20.00","carbs":"20.00","fat":"20.00","fiber":"20.00","created_at":"2025-10-13 00:45:50","is_flagged":0,"is_day_flagged":0,"mho_comment":null,"flagged_by":null,"flagged_at":null,"is_mho_recommended":0,"emoji":null},{"id":316,"user_email":"kevinpingol123@gmail.com","date":"2025-10-13","meal_category":"Dinner","food_name":"adobong tipaklong","calories":20,"serving_size":"1 cup","protein":"20.00","carbs":"20.00","fat":"20.00","fiber":"20.00","created_at":"2025-10-13 00:41:56","is_flagged":0,"is_day_flagged":0,"mho_comment":null,"flagged_by":null,"flagged_at":null,"is_mho_recommended":0,"emoji":null},{"id":318,"user_email":"kevinpingol123@gmail.com","date":"2025-10-13","meal_category":"Dinner","food_name":"adobong tipaklong","calories":20,"serving_size":"1 cup","protein":"20.00","carbs":"20.00","fat":"20.00","fiber":"20.00","created_at":"2025-10-13 00:44:44","is_flagged":0,"is_day_flagged":0,"mho_comment":null,"flagged_by":null,"flagged_at":null,"is_mho_recommended":0,"emoji":null},{"id":319,"user_email":"kevinpingol123@gmail.com","date":"2025-10-13","meal_category":"Dinner","food_name":"adobong tipaklong","calories":20,"serving_size":"1 cup","protein":"20.00","carbs":"20.00","fat":"20.00","fiber":"20.00","created_at":"2025-10-13 00:45:36","is_flagged":0,"is_day_flagged":0,"mho_comment":null,"flagged_by":null,"flagged_at":null,"is_mho_recommended":0,"emoji":null}],"count":9}
2025-10-13 08:45:51.800 23447-23447 FoodActivity            com.example.nutrisaur11              D  Refreshing nutrition UI with updated AI data...
2025-10-13 08:45:51.800 23447-23447 FoodActivity            com.example.nutrisaur11              D  Updating kcal goal circle directly
2025-10-13 08:45:51.802 23447-23447 FoodActivity            com.example.nutrisaur11              D  Total eaten calories for circle update: 80
2025-10-13 08:45:51.803 23447-23447 FoodActivity            com.example.nutrisaur11              D  FoodActivity Available database fields: [birthday, is_pregnant, muac_category, notes, weight_kg, nutritional_risk, height_cm, sex, municipality, muac_cm, screening_date, bmi_category, name, barangay, email, age, bmi, status]
2025-10-13 08:45:51.803 23447-23447 FoodActivity            com.example.nutrisaur11              D  Calculated age from birthday '2005-10-10': 20
2025-10-13 08:45:51.803 23447-23447 FoodActivity            com.example.nutrisaur11              D  FoodActivity Weight field lookup - weight_kg: '50', weight: 'null', final: '50'
2025-10-13 08:45:51.803 23447-23447 FoodActivity            com.example.nutrisaur11              D  FoodActivity: Set weight from database: 50
2025-10-13 08:45:51.803 23447-23447 FoodActivity            com.example.nutrisaur11              D  FoodActivity Height field lookup - height_cm: '171', height: 'null', final: '171'
2025-10-13 08:45:51.803 23447-23447 FoodActivity            com.example.nutrisaur11              D  FoodActivity: Set height from database: 171
2025-10-13 08:45:51.803 23447-23447 FoodActivity            com.example.nutrisaur11              D  Created user profile from database data: Pingol , Kevin C. (Age: 20, Weight: 50.0, Height: 171.0, Gender: Male, Activity: Moderate)
2025-10-13 08:45:51.803 23447-23447 CalorieCal...ionService com.example.nutrisaur11              D  Calculated BMR: 1473.75 for Pingol , Kevin C.
2025-10-13 08:45:51.803 23447-23447 CalorieCal...ionService com.example.nutrisaur11              D  Calculated TDEE: 2284.3125 (BMR: 1473.75 × Activity: 1.55)
2025-10-13 08:45:51.803 23447-23447 CalorieCal...ionService com.example.nutrisaur11              D  Calculated daily calorie target: 2784 (TDEE: 2284.3125 + Adjustment: 500.0)
2025-10-13 08:45:51.803 23447-23447 FoodActivity            com.example.nutrisaur11              D  Calculated daily calorie target: 2784
2025-10-13 08:45:51.803 23447-23447 FoodActivity            com.example.nutrisaur11              D  Kcal Goal Circle Update:
2025-10-13 08:45:51.803 23447-23447 FoodActivity            com.example.nutrisaur11              D    Total Daily Calories: 2784
2025-10-13 08:45:51.803 23447-23447 FoodActivity            com.example.nutrisaur11              D    Total Eaten Calories: 80
2025-10-13 08:45:51.803 23447-23447 FoodActivity            com.example.nutrisaur11              D    Calories Left: 2704
2025-10-13 08:45:51.803 23447-23447 FoodActivity            com.example.nutrisaur11              D    Progress Percent: 2.8735633%
2025-10-13 08:45:51.804 23447-23447 FoodActivity            com.example.nutrisaur11              D  Updating macronutrient data directly
2025-10-13 08:45:51.810 23447-23447 FoodActivity            com.example.nutrisaur11              D  FoodActivity Available database fields: [birthday, is_pregnant, muac_category, notes, weight_kg, nutritional_risk, height_cm, sex, municipality, muac_cm, screening_date, bmi_category, name, barangay, email, age, bmi, status]
2025-10-13 08:45:51.811 23447-23447 FoodActivity            com.example.nutrisaur11              D  Calculated age from birthday '2005-10-10': 20
2025-10-13 08:45:51.811 23447-23447 FoodActivity            com.example.nutrisaur11              D  FoodActivity Weight field lookup - weight_kg: '50', weight: 'null', final: '50'
2025-10-13 08:45:51.811 23447-23447 FoodActivity            com.example.nutrisaur11              D  FoodActivity: Set weight from database: 50
2025-10-13 08:45:51.811 23447-23447 FoodActivity            com.example.nutrisaur11              D  FoodActivity Height field lookup - height_cm: '171', height: 'null', final: '171'
2025-10-13 08:45:51.811 23447-23459 OpenGLRenderer          com.example.nutrisaur11              I  Davey! duration=9223360966826ms; Flags=0, FrameTimelineVsyncId=571652, IntendedVsync=11070028099693, Vsync=11070044766359, InputEventId=0, HandleInputStart=11070046380358, AnimationStart=11070046382441, PerformTraversalsStart=11070046460254, DrawStart=11070052109993, FrameDeadline=11070044766359, FrameInterval=11070046369629, FrameStartTime=16666666, SyncQueued=11070053836035, SyncStart=11070054241556, IssueDrawCommandsStart=11070054455983, SwapBuffers=11070056074889, FrameCompleted=9223372036854775807, DequeueBufferDuration=18125, QueueBufferDuration=1021979, GpuCompleted=9223372036854775807, SwapBuffersCompleted=11070057431972, DisplayPresentTime=474641852642623488, 
2025-10-13 08:45:51.811 23447-23447 FoodActivity            com.example.nutrisaur11              D  FoodActivity: Set height from database: 171
2025-10-13 08:45:51.811 23447-23447 FoodActivity            com.example.nutrisaur11              D  Created user profile from database data: Pingol , Kevin C. (Age: 20, Weight: 50.0, Height: 171.0, Gender: Male, Activity: Moderate)
2025-10-13 08:45:51.811 23447-23447 CalorieCal...ionService com.example.nutrisaur11              D  Calculated BMR: 1473.75 for Pingol , Kevin C.
2025-10-13 08:45:51.811 23447-23447 CalorieCal...ionService com.example.nutrisaur11              D  Calculated TDEE: 2284.3125 (BMR: 1473.75 × Activity: 1.55)
2025-10-13 08:45:51.811 23447-23447 CalorieCal...ionService com.example.nutrisaur11              D  Calculated daily calorie target: 2784 (TDEE: 2284.3125 + Adjustment: 500.0)
2025-10-13 08:45:51.811 23447-23447 FoodActivity            com.example.nutrisaur11              D  Calculated macro targets - Protein: 153, Carbs: 375, Fat: 74
2025-10-13 08:45:51.811 23447-23447 FoodActivity            com.example.nutrisaur11              D  Macro Update:
2025-10-13 08:45:51.811 23447-23447 FoodActivity            com.example.nutrisaur11              D    Protein: 73/153 (eaten: 80)
2025-10-13 08:45:51.811 23447-23447 FoodActivity            com.example.nutrisaur11              D    Carbs: 295/375 (eaten: 80)
2025-10-13 08:45:51.811 23447-23447 FoodActivity            com.example.nutrisaur11              D    Fat: 0/74 (eaten: 80)
2025-10-13 08:45:51.812 23447-23447 FoodActivity            com.example.nutrisaur11              D  Updating meal progress texts with direct AddedFoodManager data
2025-10-13 08:45:51.816 23447-23447 FoodActivity            com.example.nutrisaur11              D  FoodActivity Available database fields: [birthday, is_pregnant, muac_category, notes, weight_kg, nutritional_risk, height_cm, sex, municipality, muac_cm, screening_date, bmi_category, name, barangay, email, age, bmi, status]
2025-10-13 08:45:51.816 23447-23447 FoodActivity            com.example.nutrisaur11              D  Calculated age from birthday '2005-10-10': 20
2025-10-13 08:45:51.816 23447-23447 FoodActivity            com.example.nutrisaur11              D  FoodActivity Weight field lookup - weight_kg: '50', weight: 'null', final: '50'
2025-10-13 08:45:51.816 23447-23447 FoodActivity            com.example.nutrisaur11              D  FoodActivity: Set weight from database: 50
2025-10-13 08:45:51.816 23447-23447 FoodActivity            com.example.nutrisaur11              D  FoodActivity Height field lookup - height_cm: '171', height: 'null', final: '171'
2025-10-13 08:45:51.816 23447-23447 FoodActivity            com.example.nutrisaur11              D  FoodActivity: Set height from database: 171
2025-10-13 08:45:51.816 23447-23447 FoodActivity            com.example.nutrisaur11              D  Created user profile from database data: Pingol , Kevin C. (Age: 20, Weight: 50.0, Height: 171.0, Gender: Male, Activity: Moderate)
2025-10-13 08:45:51.816 23447-23447 KcalSuggestionCache     com.example.nutrisaur11              D  User profile changed, cache invalid
2025-10-13 08:45:51.817 23447-23447 FoodActivity            com.example.nutrisaur11              D  No valid AI cache found, using fallback calculation...
2025-10-13 08:45:51.817 23447-23447 CalorieCal...ionService com.example.nutrisaur11              D  Calculated BMR: 1473.75 for Pingol , Kevin C.
2025-10-13 08:45:51.817 23447-23447 CalorieCal...ionService com.example.nutrisaur11              D  Calculated TDEE: 2284.3125 (BMR: 1473.75 × Activity: 1.55)
2025-10-13 08:45:51.817 23447-23447 CalorieCal...ionService com.example.nutrisaur11              D  Calculated daily calorie target: 2784 (TDEE: 2284.3125 + Adjustment: 500.0)
2025-10-13 08:45:51.817 23447-23447 FoodActivity            com.example.nutrisaur11              D  Using fallback calculation (AI will update cache): 2784
2025-10-13 08:45:51.817 23447-23447 FoodActivity            com.example.nutrisaur11              D  AI calculation already in progress, skipping...
2025-10-13 08:45:51.817 23447-23447 FoodActivity            com.example.nutrisaur11              D  Using AI-calculated total daily calories: 2784
