2025-10-13 11:20:44.900 31211-31211 SessionManager          com.example.nutrisaur11              D  === PERIODIC SESSION VALIDATION ===
2025-10-13 11:20:45.252 31211-31211 SessionManager          com.example.nutrisaur11              D  User interaction recorded at: 1760325645252
2025-10-13 11:20:45.280 31211-31275 OpenGLRenderer          com.example.nutrisaur11              I  Davey! duration=9223351673343ms; Flags=0, FrameTimelineVsyncId=-1, IntendedVsync=20363510751500, Vsync=20363510760094, InputEventId=564172291, HandleInputStart=20363510798688, AnimationStart=20363510805875, PerformTraversalsStart=20363510809729, DrawStart=20363516443948, FrameDeadline=-9223372036838109143, FrameInterval=20363510760094, FrameStartTime=16666666, SyncQueued=20363517120250, SyncStart=20363517233584, IssueDrawCommandsStart=20363518287906, SwapBuffers=20363522991136, FrameCompleted=9223372036854775807, DequeueBufferDuration=48542, QueueBufferDuration=2069843, GpuCompleted=9223372036854775807, SwapBuffersCompleted=20363525948271, DisplayPresentTime=0, 
2025-10-13 11:20:45.302 31211-31211 FoodActivity            com.example.nutrisaur11              D  MHO Recommended card clicked
2025-10-13 11:20:45.302 31211-31211 FoodActivity            com.example.nutrisaur11              D  showMHORecommendedFoods called
2025-10-13 11:20:45.305 31211-31211 IS_CTS_MODE             com.example.nutrisaur11              D  false
2025-10-13 11:20:45.305 31211-31211 MULTI_WIND...CH_ENABLED com.example.nutrisaur11              D  false
2025-10-13 11:20:45.410 31211-31211 DecorView[]             com.example.nutrisaur11              D  onWindowFocusChanged hasWindowFocus false
2025-10-13 11:20:45.417 31211-31211 DecorView[]             com.example.nutrisaur11              D  onWindowFocusChanged hasWindowFocus true
2025-10-13 11:20:45.440 31211-31400 OpenGLRenderer          com.example.nutrisaur11              I  Davey! duration=9223351673188ms; Flags=0, FrameTimelineVsyncId=-1, IntendedVsync=20363666136083, Vsync=20363666140927, InputEventId=587847866, HandleInputStart=20363666161761, AnimationStart=20363666165511, PerformTraversalsStart=20363666168427, DrawStart=20363666258427, FrameDeadline=-9223372036838109143, FrameInterval=20363666140927, FrameStartTime=16666666, SyncQueued=20363669379000, SyncStart=20363669896083, IssueDrawCommandsStart=20363670346761, SwapBuffers=20363672347490, FrameCompleted=9223372036854775807, DequeueBufferDuration=32969, QueueBufferDuration=869687, GpuCompleted=9223372036854775807, SwapBuffersCompleted=20363673739104, DisplayPresentTime=0, 
2025-10-13 11:20:45.504 31211-31562 ApiClient               com.example.nutrisaur11              D  MHO Recommended Foods response: {"success":true,"message":"Recommended foods retrieved successfully","data":{"Breakfast":[{"id":4,"day_number":1,"meal_category":"Breakfast","food_name":"meow","calories":20,"serving_size":"meow","protein":"20.00","carbs":"20.00","fat":"20.00","fiber":"20.00","emoji":"\ud83c\udf7d\ufe0f","classification":"bmi-for-age-underweight","plan_duration":"7","is_added":false,"date":"2025-10-13"}]},"count":1,"user_classification":null}
2025-10-13 11:20:45.571 31211-31211 SessionManager          com.example.nutrisaur11              D  User interaction recorded at: 1760325645571
2025-10-13 11:20:45.573 31211-31211 SessionManager          com.example.nutrisaur11              D  User marked as idle
2025-10-13 11:20:45.585 31211-31211 DecorView[]             com.example.nutrisaur11              D  onWindowFocusChanged hasWindowFocus true
2025-10-13 11:20:45.598 31211-31211 SessionManager          com.example.nutrisaur11              D  User interaction recorded at: 1760325645598
2025-10-13 11:20:45.598 31211-31211 SessionManager          com.example.nutrisaur11              D  === REAL-TIME SESSION VALIDATION ===
2025-10-13 11:20:45.599 31211-31211 SessionManager          com.example.nutrisaur11              D  No recent valid session found, performing real-time database check
2025-10-13 11:20:45.599 31211-31211 SessionManager          com.example.nutrisaur11              D  Checking user existence in database: kevinpingol123@gmail.com
2025-10-13 11:20:45.599 31211-31211 CommunityUserManager    com.example.nutrisaur11              D  === GETTING CURRENT USER DATA FROM DATABASE (ASYNC) ===
2025-10-13 11:20:45.599 31211-31211 CommunityUserManager    com.example.nutrisaur11              D  Retrieved cached user data for: kevinpingol123@gmail.com
2025-10-13 11:20:45.600 31211-31211 CommunityUserManager    com.example.nutrisaur11              D  Returning cached user data
2025-10-13 11:20:45.600 31211-31211 SessionManager          com.example.nutrisaur11              D  Database check completed in 1ms
2025-10-13 11:20:45.600 31211-31211 SessionManager          com.example.nutrisaur11              D  User exists and is valid: kevinpingol123@gmail.com
2025-10-13 11:20:45.600 31211-31211 SessionManager          com.example.nutrisaur11              D  Real-time validation successful
2025-10-13 11:20:45.600 31211-31211 IS_CTS_MODE             com.example.nutrisaur11              D  false
2025-10-13 11:20:45.601 31211-31211 MULTI_WIND...CH_ENABLED com.example.nutrisaur11              D  false
2025-10-13 11:20:45.602 31211-31211 DecorView[]             com.example.nutrisaur11              D  getWindowModeFromSystem  windowmode is 1
2025-10-13 11:20:45.629 31211-31211 DailyResetManager       com.example.nutrisaur11              D  Same day, no reset needed. Current: 2025-10-13
2025-10-13 11:20:45.630 31211-31211 FoodLoggingActivity     com.example.nutrisaur11              D  Custom ingredient from intent: null
2025-10-13 11:20:45.630 31211-31211 FoodLoggingActivity     com.example.nutrisaur11              D  FoodLoggingActivity initialized for date: 2025-10-13
2025-10-13 11:20:45.630 31211-31211 FoodLoggingActivity     com.example.nutrisaur11              W  No user data received from FoodActivity, will use SharedPreferences fallback
2025-10-13 11:20:45.633 31211-31211 CalorieTracker          com.example.nutrisaur11              D  Syncing with 0 added foods for date: 2025-10-13
2025-10-13 11:20:45.633 31211-31211 CalorieTracker          com.example.nutrisaur11              D    Daily foods: 0
2025-10-13 11:20:45.633 31211-31211 CalorieTracker          com.example.nutrisaur11              D  Cleared SharedPreferences user profile cache to force fresh database data
2025-10-13 11:20:45.633 31211-31211 CalorieTracker          com.example.nutrisaur11              W  No user profile found in SharedPreferences - will use database data
2025-10-13 11:20:45.633 31211-31211 CalorieTracker          com.example.nutrisaur11              D  Using user profile from SharedPreferences
2025-10-13 11:20:45.633 31211-31211 CalorieTracker          com.example.nutrisaur11              W  No user profile found, using default meal distribution
2025-10-13 11:20:45.633 31211-31211 CalorieTracker          com.example.nutrisaur11              D  Calculated meal distribution: {Breakfast=500, Dinner=600, Snacks=200, Lunch=700}
2025-10-13 11:20:45.635 31211-31211 CalorieTracker          com.example.nutrisaur11              D  Synced CalorieTracker with AddedFoodManager for date 2025-10-13. Total meals: 0
2025-10-13 11:20:45.636 31211-31211 FoodLoggingActivity     com.example.nutrisaur11              W  No database user data available, cannot create user profile
2025-10-13 11:20:45.639 31211-31211 CalorieTracker          com.example.nutrisaur11              D  Syncing with 0 added foods for date: 2025-10-13
2025-10-13 11:20:45.639 31211-31211 CalorieTracker          com.example.nutrisaur11              D    Daily foods: 0
2025-10-13 11:20:45.639 31211-31211 CalorieTracker          com.example.nutrisaur11              D  Cleared SharedPreferences user profile cache to force fresh database data
2025-10-13 11:20:45.639 31211-31211 CalorieTracker          com.example.nutrisaur11              W  No user profile found in SharedPreferences - will use database data
2025-10-13 11:20:45.639 31211-31211 CalorieTracker          com.example.nutrisaur11              D  Using user profile from SharedPreferences
2025-10-13 11:20:45.639 31211-31211 CalorieTracker          com.example.nutrisaur11              W  No user profile found, using default meal distribution
2025-10-13 11:20:45.639 31211-31211 CalorieTracker          com.example.nutrisaur11              D  Calculated meal distribution: {Breakfast=500, Dinner=600, Snacks=200, Lunch=700}
2025-10-13 11:20:45.641 31211-31211 CalorieTracker          com.example.nutrisaur11              D  Synced CalorieTracker with AddedFoodManager for date 2025-10-13. Total meals: 0
2025-10-13 11:20:45.641 31211-31211 FoodLoggingActivity     com.example.nutrisaur11              D  Creating user profile from community_users table data...
2025-10-13 11:20:45.641 31211-31211 FoodLoggingActivity     com.example.nutrisaur11              E  Error creating user profile from database data: Attempt to invoke interface method 'java.lang.Object java.util.Map.getOrDefault(java.lang.Object, java.lang.Object)' on a null object reference
2025-10-13 11:20:45.641 31211-31211 FoodLoggingActivity     com.example.nutrisaur11              D  Updated meal category text: null
2025-10-13 11:20:45.643 31211-31211 CalorieTracker          com.example.nutrisaur11              D  Syncing with 0 added foods for date: 2025-10-13
2025-10-13 11:20:45.643 31211-31211 CalorieTracker          com.example.nutrisaur11              D    Daily foods: 0
2025-10-13 11:20:45.643 31211-31211 CalorieTracker          com.example.nutrisaur11              D  Cleared SharedPreferences user profile cache to force fresh database data
2025-10-13 11:20:45.643 31211-31211 CalorieTracker          com.example.nutrisaur11              W  No user profile found in SharedPreferences - will use database data
2025-10-13 11:20:45.643 31211-31211 CalorieTracker          com.example.nutrisaur11              D  Using user profile from SharedPreferences
2025-10-13 11:20:45.643 31211-31211 CalorieTracker          com.example.nutrisaur11              W  No user profile found, using default meal distribution
2025-10-13 11:20:45.643 31211-31211 CalorieTracker          com.example.nutrisaur11              D  Calculated meal distribution: {Breakfast=500, Dinner=600, Snacks=200, Lunch=700}
2025-10-13 11:20:45.644 31211-31211 CalorieTracker          com.example.nutrisaur11              D  Synced CalorieTracker with AddedFoodManager for date 2025-10-13. Total meals: 0
2025-10-13 11:20:45.644 31211-31211 CalorieTracker          com.example.nutrisaur11              E  Error setting meal max calories: key == null
2025-10-13 11:20:45.644 31211-31211 FoodLoggingActivity     com.example.nutrisaur11              D  Loading MHO recommended foods
2025-10-13 11:20:45.644 31211-31211 FoodLoggingActivity     com.example.nutrisaur11              D  Loaded 1 MHO recommended foods from intent
2025-10-13 11:20:45.645 31211-31211 FoodLoggingActivity     com.example.nutrisaur11              D  Set current meal category to: Breakfast
2025-10-13 11:20:45.645 31211-31211 FoodLoggingActivity     com.example.nutrisaur11              D  FoodLoggingActivity created for Breakfast (max 500 kcal)
2025-10-13 11:20:45.645 31211-31211 FoodLoggingActivity     com.example.nutrisaur11              D  Initial food items count: 2
2025-10-13 11:20:45.648 31211-31211 SessionManager          com.example.nutrisaur11              D  User interaction recorded at: 1760325645648
2025-10-13 11:20:45.648 31211-31211 SessionManager          com.example.nutrisaur11              D  === REAL-TIME SESSION VALIDATION ===
2025-10-13 11:20:45.648 31211-31211 SessionManager          com.example.nutrisaur11              D  Using cached valid session
2025-10-13 11:20:45.648 31211-31211 CommunityUserManager    com.example.nutrisaur11              D  === CHECKING ARCHIVE STATUS ===
2025-10-13 11:20:45.648 31211-31211 CommunityUserManager    com.example.nutrisaur11              D  === FORCE REFRESHING USER DATA FROM DATABASE ===
2025-10-13 11:20:45.649 31211-31211 CommunityUserManager    com.example.nutrisaur11              D  Force refreshing data for: kevinpingol123@gmail.com
2025-10-13 11:20:45.649 31211-31211 CommunityUserManager    com.example.nutrisaur11              D  === CHECKING USER EXISTENCE ===
2025-10-13 11:20:45.649 31211-31211 CommunityUserManager    com.example.nutrisaur11              D  === FORCE REFRESHING USER DATA FROM DATABASE ===
2025-10-13 11:20:45.649 31211-31211 CommunityUserManager    com.example.nutrisaur11              D  Force refreshing data for: kevinpingol123@gmail.com
2025-10-13 11:20:45.652 31211-31567 CommunityUserManager    com.example.nutrisaur11              D  Making API request to: https://nutrisaur-production.up.railway.app/api/DatabaseAPI.php?action=get_community_user_data
2025-10-13 11:20:45.652 31211-31567 CommunityUserManager    com.example.nutrisaur11              D  Request data: {"email":"kevinpingol123@gmail.com"}
2025-10-13 11:20:45.652 31211-31211 CalorieTracker          com.example.nutrisaur11              D  Syncing with 0 added foods for date: 2025-10-13
2025-10-13 11:20:45.652 31211-31211 CalorieTracker          com.example.nutrisaur11              D    Daily foods: 0
2025-10-13 11:20:45.652 31211-31211 CalorieTracker          com.example.nutrisaur11              D  Cleared SharedPreferences user profile cache to force fresh database data
2025-10-13 11:20:45.652 31211-31211 CalorieTracker          com.example.nutrisaur11              W  No user profile found in SharedPreferences - will use database data
2025-10-13 11:20:45.652 31211-31211 CalorieTracker          com.example.nutrisaur11              D  Using user profile from SharedPreferences
2025-10-13 11:20:45.652 31211-31211 CalorieTracker          com.example.nutrisaur11              W  No user profile found, using default meal distribution
2025-10-13 11:20:45.652 31211-31211 CalorieTracker          com.example.nutrisaur11              D  Calculated meal distribution: {Breakfast=500, Dinner=600, Snacks=200, Lunch=700}
2025-10-13 11:20:45.652 31211-31211 CalorieTracker          com.example.nutrisaur11              D  Synced CalorieTracker with AddedFoodManager for date 2025-10-13. Total meals: 0
2025-10-13 11:20:45.653 31211-31211 FoodLoggingActivity     com.example.nutrisaur11              D  Refreshed food data for tab: recent for date: 2025-10-13
2025-10-13 11:20:45.654 31211-31566 CommunityUserManager    com.example.nutrisaur11              D  Making API request to: https://nutrisaur-production.up.railway.app/api/DatabaseAPI.php?action=get_community_user_data
2025-10-13 11:20:45.654 31211-31566 CommunityUserManager    com.example.nutrisaur11              D  Request data: {"email":"kevinpingol123@gmail.com"}
2025-10-13 11:20:45.677 31211-31223 OpenGLRenderer          com.example.nutrisaur11              I  Davey! duration=9223351673012ms; Flags=0, FrameTimelineVsyncId=804547, IntendedVsync=20363842560578, Vsync=20363909227242, InputEventId=0, HandleInputStart=20363916691292, AnimationStart=20363916693167, PerformTraversalsStart=20363916694313, DrawStart=20363916751656, FrameDeadline=20363875893910, FrameInterval=20363916679885, FrameStartTime=16666666, SyncQueued=20363918193427, SyncStart=20363918251292, IssueDrawCommandsStart=20363918442594, SwapBuffers=20363919384625, FrameCompleted=9223372036854775807, DequeueBufferDuration=15886, QueueBufferDuration=1061250, GpuCompleted=9223372036854775807, SwapBuffersCompleted=20363920709573, DisplayPresentTime=0, 
2025-10-13 11:20:45.690  3040-3351  ActivityManagerWrapper  com.miui.home                        E  getRecentTasks: taskId=11078   userId=0   baseIntent=Intent { act=android.intent.action.MAIN cat=[android.intent.category.LAUNCHER] flg=0x10000000 cmp=com.example.nutrisaur11/.SplashActivity }
2025-10-13 11:20:45.692 31211-31211 FoodItemAdapter         com.example.nutrisaur11              D  MHO recommended food - meow isAdded: false (from API)
2025-10-13 11:20:45.702 31211-31211 FoodLoggingActivity     com.example.nutrisaur11              D  Loaded 1 recent/recommended foods
2025-10-13 11:20:45.702 31211-31211 FoodLoggingActivity     com.example.nutrisaur11              D  Loaded 1 recent/recommended foods
2025-10-13 11:20:45.702 31211-31211 DecorView[]             com.example.nutrisaur11              D  onWindowFocusChanged hasWindowFocus false
2025-10-13 11:20:45.710 31211-31211 FoodItemAdapter         com.example.nutrisaur11              D  MHO recommended food - meow isAdded: false (from API)
2025-10-13 11:20:45.728 31211-31211 DecorView[]             com.example.nutrisaur11              D  onWindowFocusChanged hasWindowFocus true
2025-10-13 11:20:45.754 31211-31211 SessionManager          com.example.nutrisaur11              D  User marked as idle
2025-10-13 11:20:45.759 31211-31400 OpenGLRenderer          com.example.nutrisaur11              I  Davey! duration=9223351672862ms; Flags=0, FrameTimelineVsyncId=804566, IntendedVsync=20363992424694, Vsync=20363992424694, InputEventId=0, HandleInputStart=20363993083583, AnimationStart=20363993088115, PerformTraversalsStart=20363993090823, DrawStart=20364002974885, FrameDeadline=20364009091360, FrameInterval=20363993061552, FrameStartTime=16666666, SyncQueued=20364004543948, SyncStart=20364004645719, IssueDrawCommandsStart=20364004755458, SwapBuffers=20364006065771, FrameCompleted=9223372036854775807, DequeueBufferDuration=19896, QueueBufferDuration=769948, GpuCompleted=9223372036854775807, SwapBuffersCompleted=20364007397229, DisplayPresentTime=0, 
2025-10-13 11:20:45.780 31211-31568 ApiClient               com.example.nutrisaur11              D  MHO Recommended Foods response: {"success":true,"message":"Recommended foods retrieved successfully","data":{"Breakfast":[{"id":4,"day_number":1,"meal_category":"Breakfast","food_name":"meow","calories":20,"serving_size":"meow","protein":"20.00","carbs":"20.00","fat":"20.00","fiber":"20.00","emoji":"\ud83c\udf7d\ufe0f","classification":"bmi-for-age-underweight","plan_duration":"7","is_added":false,"date":"2025-10-13"}]},"count":1,"user_classification":null}
2025-10-13 11:20:45.792 31211-31211 FoodItemAdapter         com.example.nutrisaur11              D  MHO recommended food - meow isAdded: false (from API)
2025-10-13 11:20:46.042 31211-31567 CommunityUserManager    com.example.nutrisaur11              D  API response code: 200
2025-10-13 11:20:46.042 31211-31567 CommunityUserManager    com.example.nutrisaur11              D  API response message: 
2025-10-13 11:20:46.044 31211-31567 CommunityUserManager    com.example.nutrisaur11              D  API response for get_community_user_data: {"success":true,"message":"User data retrieved successfully","user":{"name":"Pingol , Kevin C.","email":"kevinpingol123@gmail.com","municipality":"DINALUPIHAN","barangay":"Burgos","sex":"Male","birthday":"2005-10-10","is_pregnant":"N\/A","weight":"50","height":"171","screening_date":"2025-10-10 06:47:30","fcm_token":"dDgJr74pRHukYxdkYiGyAE:APA91bGRwC6pXjPQVyYGtkcZ6eafSGk0tUnWsyaKl1pZXOygSPN5hrxQ57-QoEbT0Q4AnrxZle82T4gCM6sx46ruDB-KiAtQGKfYr3uHOkNiwosJ5lmui9A","is_flagged":0,"bmi-for-age":"","weight-for-height":"","weight-for-age":"","weight-for-length":"","height-for-age":""}}
2025-10-13 11:20:46.045 31211-31567 CommunityUserManager    com.example.nutrisaur11              D  Cached user data for: kevinpingol123@gmail.com
2025-10-13 11:20:46.045 31211-31567 CommunityUserManager    com.example.nutrisaur11              D  Fresh user data retrieved successfully: {birthday=2005-10-10, is_pregnant=N/A, muac_category=, notes=, weight_kg=50, nutritional_risk=, height_cm=171, sex=Male, municipality=DINALUPIHAN, muac_cm=, screening_date=2025-10-10 06:47:30, bmi_category=, name=Pingol , Kevin C., barangay=Burgos, email=kevinpingol123@gmail.com, age=, bmi=, status=1}
2025-10-13 11:20:46.045 31211-31567 CommunityUserManager    com.example.nutrisaur11              D  User exists and has valid data
2025-10-13 11:20:46.047 31211-31566 CommunityUserManager    com.example.nutrisaur11              D  API response code: 200
2025-10-13 11:20:46.047 31211-31566 CommunityUserManager    com.example.nutrisaur11              D  API response message: 
2025-10-13 11:20:46.049 31211-31566 CommunityUserManager    com.example.nutrisaur11              D  API response for get_community_user_data: {"success":true,"message":"User data retrieved successfully","user":{"name":"Pingol , Kevin C.","email":"kevinpingol123@gmail.com","municipality":"DINALUPIHAN","barangay":"Burgos","sex":"Male","birthday":"2005-10-10","is_pregnant":"N\/A","weight":"50","height":"171","screening_date":"2025-10-10 06:47:30","fcm_token":"dDgJr74pRHukYxdkYiGyAE:APA91bGRwC6pXjPQVyYGtkcZ6eafSGk0tUnWsyaKl1pZXOygSPN5hrxQ57-QoEbT0Q4AnrxZle82T4gCM6sx46ruDB-KiAtQGKfYr3uHOkNiwosJ5lmui9A","is_flagged":0,"bmi-for-age":"","weight-for-height":"","weight-for-age":"","weight-for-length":"","height-for-age":""}}
2025-10-13 11:20:46.050 31211-31566 CommunityUserManager    com.example.nutrisaur11              D  Cached user data for: kevinpingol123@gmail.com
2025-10-13 11:20:46.050 31211-31566 CommunityUserManager    com.example.nutrisaur11              D  Fresh user data retrieved successfully: {birthday=2005-10-10, is_pregnant=N/A, muac_category=, notes=, weight_kg=50, nutritional_risk=, height_cm=171, sex=Male, municipality=DINALUPIHAN, muac_cm=, screening_date=2025-10-10 06:47:30, bmi_category=, name=Pingol , Kevin C., barangay=Burgos, email=kevinpingol123@gmail.com, age=, bmi=, status=1}
2025-10-13 11:20:46.050 31211-31566 CommunityUserManager    com.example.nutrisaur11              D  User status: 1
2025-10-13 11:20:46.050 31211-31566 CommunityUserManager    com.example.nutrisaur11              D  User is active (status = 1)
2025-10-13 11:20:46.415 31211-31211 SessionManager          com.example.nutrisaur11              D  User interaction recorded at: 1760325646414
2025-10-13 11:20:46.483 31211-31211 FoodItemAdapter         com.example.nutrisaur11              D  Plus button clicked for: meow, isCategoryActivity: false
2025-10-13 11:20:46.483 31211-31211 FoodItemAdapter         com.example.nutrisaur11              D  Adding recommended food to meal plan: meow
2025-10-13 11:20:46.543 31211-31211 IS_CTS_MODE             com.example.nutrisaur11              D  false
2025-10-13 11:20:46.543 31211-31211 MULTI_WIND...CH_ENABLED com.example.nutrisaur11              D  false
2025-10-13 11:20:46.630 31211-31211 DecorView[]             com.example.nutrisaur11              D  onWindowFocusChanged hasWindowFocus false
2025-10-13 11:20:46.632 31211-31223 OpenGLRenderer          com.example.nutrisaur11              I  Davey! duration=9223351672028ms; Flags=1, FrameTimelineVsyncId=804595, IntendedVsync=20364825902882, Vsync=20364825902882, InputEventId=0, HandleInputStart=20364829726031, AnimationStart=20364829730354, PerformTraversalsStart=20364829733583, DrawStart=20364861235093, FrameDeadline=20364842569548, FrameInterval=20364829699989, FrameStartTime=16666666, SyncQueued=20364862926291, SyncStart=20364863339781, IssueDrawCommandsStart=20364863432125, SwapBuffers=20364865410979, FrameCompleted=9223372036854775807, DequeueBufferDuration=22188, QueueBufferDuration=2610260, GpuCompleted=9223372036854775807, SwapBuffersCompleted=20364868368687, DisplayPresentTime=0, 
2025-10-13 11:20:46.632 31211-31223 OpenGLRenderer          com.example.nutrisaur11              I  Davey! duration=9223351672028ms; Flags=1, FrameTimelineVsyncId=804595, IntendedVsync=20364825902882, Vsync=20364825902882, InputEventId=0, HandleInputStart=20364829726031, AnimationStart=20364829730354, PerformTraversalsStart=20364829733583, DrawStart=20364869694208, FrameDeadline=20364859236214, FrameInterval=20364829699989, FrameStartTime=16666666, SyncQueued=20364870363791, SyncStart=20364870494729, IssueDrawCommandsStart=20364870665927, SwapBuffers=20364872385146, FrameCompleted=9223372036854775807, DequeueBufferDuration=22760, QueueBufferDuration=1023438, GpuCompleted=9223372036854775807, SwapBuffersCompleted=20364873920875, DisplayPresentTime=0, 
2025-10-13 11:20:46.659 31211-31211 DecorView[]             com.example.nutrisaur11              D  onWindowFocusChanged hasWindowFocus true
2025-10-13 11:20:47.311 31211-31211 FoodItemAdapter         com.example.nutrisaur11              D  Adding recommended food to meal plan: meow for Breakfast
2025-10-13 11:20:47.359 31211-31211 DecorView[]             com.example.nutrisaur11              D  onWindowFocusChanged hasWindowFocus true
2025-10-13 11:20:47.431 31211-31587 ApiClient               com.example.nutrisaur11              D  Response code: 200
2025-10-13 11:20:47.433 31211-31587 ApiClient               com.example.nutrisaur11              D  Add Recommended Food to Meal Plan response: {"success":true,"message":"Recommended food added to your meal plan successfully","id":"335"}
2025-10-13 11:20:47.441 31211-31211 AddedFoodManager        com.example.nutrisaur11              D  🎯 addFoodToMealTime called: meow -> Breakfast on 2025-10-13
2025-10-13 11:20:47.450 31211-31211 AddedFoodManager        com.example.nutrisaur11              D  Added meow to Breakfast on 2025-10-13 (using single storage system)
2025-10-13 11:20:47.450 31211-31211 AddedFoodManager        com.example.nutrisaur11              D  Retrieved user email: 'kevinpingol123@gmail.com'
2025-10-13 11:20:47.450 31211-31211 AddedFoodManager        com.example.nutrisaur11              D  🔍 Attempting to store food in database:
2025-10-13 11:20:47.450 31211-31211 AddedFoodManager        com.example.nutrisaur11              D    - User Email: kevinpingol123@gmail.com
2025-10-13 11:20:47.450 31211-31211 AddedFoodManager        com.example.nutrisaur11              D    - Date: 2025-10-13
2025-10-13 11:20:47.450 31211-31211 AddedFoodManager        com.example.nutrisaur11              D    - Meal: Breakfast
2025-10-13 11:20:47.450 31211-31211 AddedFoodManager        com.example.nutrisaur11              D    - Food: meow
2025-10-13 11:20:47.451 31211-31588 ApiClient               com.example.nutrisaur11              D  🚀 Starting food upload to database:
2025-10-13 11:20:47.451 31211-31588 ApiClient               com.example.nutrisaur11              D    - User: kevinpingol123@gmail.com
2025-10-13 11:20:47.451 31211-31588 ApiClient               com.example.nutrisaur11              D    - Date: 2025-10-13
2025-10-13 11:20:47.451 31211-31588 ApiClient               com.example.nutrisaur11              D    - Meal: Breakfast
2025-10-13 11:20:47.451 31211-31588 ApiClient               com.example.nutrisaur11              D    - Food: meow
2025-10-13 11:20:47.451 31211-31588 ApiClient               com.example.nutrisaur11              D  📡 Upload URL: https://nutrisaur-production.up.railway.app/api/food_history_api.php?action=add
2025-10-13 11:20:47.452 31211-31588 ApiClient               com.example.nutrisaur11              D  📦 Upload data: {"user_email":"kevinpingol123@gmail.com","date":"2025-10-13","meal_category":"Breakfast","food_name":"meow","calories":20,"serving_size":"meow","protein":20,"carbs":20,"fat":20,"fiber":20,"emoji":"🍽️"}
2025-10-13 11:20:47.465 31211-31211 CalorieTracker          com.example.nutrisaur11              D  Added meow to Breakfast for date 2025-10-13. Calories: 20/500 kcal
2025-10-13 11:20:47.476 31211-31211 FoodItemAdapter         com.example.nutrisaur11              D  MHO recommended food - meow isAdded: true (from API)
2025-10-13 11:20:47.522 31211-31588 ApiClient               com.example.nutrisaur11              D  Response code: 200
2025-10-13 11:20:47.523 31211-31588 ApiClient               com.example.nutrisaur11              D  📥 Upload food response: {"success":true,"message":"Food entry added successfully","id":"336"}
2025-10-13 11:20:47.523 31211-31588 AddedFoodManager        com.example.nutrisaur11              D  ✅ Database storage call completed
2025-10-13 11:20:47.903 31211-31211 SessionManager          com.example.nutrisaur11              D  === PERIODIC SESSION VALIDATION ===
2025-10-13 11:20:47.904 31211-31211 SessionManager          com.example.nutrisaur11              D  Using cached session validation result: true
2025-10-13 11:20:47.909 31211-31211 SessionManager          com.example.nutrisaur11              D  Checking user existence in database: kevinpingol123@gmail.com
2025-10-13 11:20:47.909 31211-31211 CommunityUserManager    com.example.nutrisaur11              D  === GETTING CURRENT USER DATA FROM DATABASE (ASYNC) ===
2025-10-13 11:20:47.911 31211-31211 CommunityUserManager    com.example.nutrisaur11              D  Retrieved cached user data for: kevinpingol123@gmail.com
2025-10-13 11:20:47.911 31211-31211 CommunityUserManager    com.example.nutrisaur11              D  Returning cached user data
2025-10-13 11:20:47.911 31211-31211 SessionManager          com.example.nutrisaur11              D  Database check completed in 2ms
2025-10-13 11:20:47.911 31211-31211 SessionManager          com.example.nutrisaur11              D  User exists and is valid: kevinpingol123@gmail.com
2025-10-13 11:20:48.428 31211-31211 SessionManager          com.example.nutrisaur11              D  User interaction recorded at: 1760325648428
2025-10-13 11:20:48.533 31211-31211 SessionManager          com.example.nutrisaur11              D  User marked as idle
2025-10-13 11:20:48.567 31211-31211 SessionManager          com.example.nutrisaur11              D  User interaction recorded at: 1760325648567
2025-10-13 11:20:48.568 31211-31211 SessionManager          com.example.nutrisaur11              D  === REAL-TIME SESSION VALIDATION ===
2025-10-13 11:20:48.568 31211-31211 SessionManager          com.example.nutrisaur11              D  Using cached valid session
2025-10-13 11:20:48.568 31211-31211 CommunityUserManager    com.example.nutrisaur11              D  === CHECKING ARCHIVE STATUS ===
2025-10-13 11:20:48.568 31211-31211 CommunityUserManager    com.example.nutrisaur11              D  === FORCE REFRESHING USER DATA FROM DATABASE ===
2025-10-13 11:20:48.568 31211-31211 CommunityUserManager    com.example.nutrisaur11              D  Force refreshing data for: kevinpingol123@gmail.com
2025-10-13 11:20:48.568 31211-31211 CommunityUserManager    com.example.nutrisaur11              D  === CHECKING USER EXISTENCE ===
2025-10-13 11:20:48.569 31211-31211 CommunityUserManager    com.example.nutrisaur11              D  === FORCE REFRESHING USER DATA FROM DATABASE ===
2025-10-13 11:20:48.569 31211-31211 CommunityUserManager    com.example.nutrisaur11              D  Force refreshing data for: kevinpingol123@gmail.com
2025-10-13 11:20:48.570 31211-31211 CommunityUserManager    com.example.nutrisaur11              D  === CHECKING ARCHIVE STATUS ===
2025-10-13 11:20:48.570 31211-31211 CommunityUserManager    com.example.nutrisaur11              D  === FORCE REFRESHING USER DATA FROM DATABASE ===
2025-10-13 11:20:48.570 31211-31211 CommunityUserManager    com.example.nutrisaur11              D  Force refreshing data for: kevinpingol123@gmail.com
2025-10-13 11:20:48.570 31211-31593 CommunityUserManager    com.example.nutrisaur11              D  Making API request to: https://nutrisaur-production.up.railway.app/api/DatabaseAPI.php?action=get_community_user_data
2025-10-13 11:20:48.570 31211-31211 FoodActivity            com.example.nutrisaur11              D  FoodActivity onResume - refreshing meal progress
2025-10-13 11:20:48.570 31211-31211 FoodActivity            com.example.nutrisaur11              D  About to call syncFoodHistoryFromDatabase()
2025-10-13 11:20:48.570 31211-31211 FoodActivity            com.example.nutrisaur11              D  === SYNCING FOOD HISTORY FROM DATABASE ===
2025-10-13 11:20:48.571 31211-31211 FoodActivity            com.example.nutrisaur11              D  Sync Debug - User email: 'kevinpingol123@gmail.com'
2025-10-13 11:20:48.571 31211-31593 CommunityUserManager    com.example.nutrisaur11              D  Request data: {"email":"kevinpingol123@gmail.com"}
2025-10-13 11:20:48.571 31211-31211 FoodActivity            com.example.nutrisaur11              D  Sync Debug - Current date: '2025-10-13'
2025-10-13 11:20:48.571 31211-31592 CommunityUserManager    com.example.nutrisaur11              D  Making API request to: https://nutrisaur-production.up.railway.app/api/DatabaseAPI.php?action=get_community_user_data
2025-10-13 11:20:48.571 31211-31594 CommunityUserManager    com.example.nutrisaur11              D  Making API request to: https://nutrisaur-production.up.railway.app/api/DatabaseAPI.php?action=get_community_user_data
2025-10-13 11:20:48.571 31211-31211 FoodActivity            com.example.nutrisaur11              D  Sync Debug - About to create ApiClient and call downloadFoodHistory
2025-10-13 11:20:48.571 31211-31211 FoodActivity            com.example.nutrisaur11              D  Syncing food history for user: kevinpingol123@gmail.com on date: 2025-10-13
2025-10-13 11:20:48.571 31211-31594 CommunityUserManager    com.example.nutrisaur11              D  Request data: {"email":"kevinpingol123@gmail.com"}
2025-10-13 11:20:48.571 31211-31211 ApiClient               com.example.nutrisaur11              D  === DOWNLOAD FOOD HISTORY CALLED ===
2025-10-13 11:20:48.571 31211-31211 ApiClient               com.example.nutrisaur11              D  User: kevinpingol123@gmail.com, Start: 2025-10-13, End: 2025-10-13
2025-10-13 11:20:48.571 31211-31211 FoodHistorySyncManager  com.example.nutrisaur11              D  Syncing flag metadata for user: kevinpingol123@gmail.com
2025-10-13 11:20:48.572 31211-31595 ApiClient               com.example.nutrisaur11              D  Download URL: https://nutrisaur-production.up.railway.app/api/food_history_api.php?action=get_user_history&user_email=kevinpingol123@gmail.com&start_date=2025-10-13&end_date=2025-10-13
2025-10-13 11:20:48.572 31211-31592 CommunityUserManager    com.example.nutrisaur11              D  Request data: {"email":"kevinpingol123@gmail.com"}
2025-10-13 11:20:48.573 31211-31211 FoodActivity            com.example.nutrisaur11              D  Finished calling syncFoodHistoryFromDatabase()
2025-10-13 11:20:48.573 31211-31211 FoodActivity            com.example.nutrisaur11              D  Refreshing meal progress on resume
2025-10-13 11:20:48.573 31211-31211 FoodActivity            com.example.nutrisaur11              D  Syncing CalorieTracker with AddedFoodManager for date: 2025-10-13
2025-10-13 11:20:48.577 31211-31211 CalorieTracker          com.example.nutrisaur11              D  Syncing with 1 added foods for date: 2025-10-13
2025-10-13 11:20:48.577 31211-31211 CalorieTracker          com.example.nutrisaur11              D    Daily foods: 1
2025-10-13 11:20:48.577 31211-31211 CalorieTracker          com.example.nutrisaur11              D  Available database fields: [birthday, is_pregnant, muac_category, notes, weight_kg, nutritional_risk, height_cm, sex, municipality, muac_cm, screening_date, bmi_category, name, barangay, email, age, bmi, status]
2025-10-13 11:20:48.578 31211-31211 CalorieTracker          com.example.nutrisaur11              D  Calculated age from birthday '2005-10-10': 20
2025-10-13 11:20:48.578 31211-31211 CalorieTracker          com.example.nutrisaur11              D  Weight field lookup - weight_kg: '50', weight: 'null', final: '50'
2025-10-13 11:20:48.578 31211-31211 CalorieTracker          com.example.nutrisaur11              D  Set weight from database: 50
2025-10-13 11:20:48.578 31211-31211 CalorieTracker          com.example.nutrisaur11              D  Height field lookup - height_cm: '171', height: 'null', final: '171'
2025-10-13 11:20:48.578 31211-31211 CalorieTracker          com.example.nutrisaur11              D  Set height from database: 171
2025-10-13 11:20:48.578 31211-31211 CalorieTracker          com.example.nutrisaur11              D  Created user profile from database data: Pingol , Kevin C. (Age: 20, Weight: 50.0, Height: 171.0, Gender: Male, Activity: Moderate)
2025-10-13 11:20:48.578 31211-31211 CalorieTracker          com.example.nutrisaur11              D  Using user profile from database data
2025-10-13 11:20:48.578 31211-31211 KcalSuggestionCache     com.example.nutrisaur11              D  User profile changed, cache invalid
2025-10-13 11:20:48.578 31211-31211 CalorieTracker          com.example.nutrisaur11              D  No valid AI cache found, using fallback calculation...
2025-10-13 11:20:48.578 31211-31211 CalorieCal...ionService com.example.nutrisaur11              D  Calculated BMR: 1473.75 for Pingol , Kevin C.
2025-10-13 11:20:48.578 31211-31211 CalorieCal...ionService com.example.nutrisaur11              D  Calculated TDEE: 2284.3125 (BMR: 1473.75 × Activity: 1.55)
2025-10-13 11:20:48.578 31211-31211 CalorieCal...ionService com.example.nutrisaur11              D  Calculated daily calorie target: 2784 (TDEE: 2284.3125 + Adjustment: 500.0)
2025-10-13 11:20:48.578 31211-31211 CalorieTracker          com.example.nutrisaur11              D  Using fallback calculation (AI will update cache): 2784
2025-10-13 11:20:48.579 31211-31211 CalorieTracker          com.example.nutrisaur11              D  Using AI-calculated daily calorie target: 2784
2025-10-13 11:20:48.579 31211-31211 CalorieCal...ionService com.example.nutrisaur11              D  Calculated meal distribution: Breakfast=696, Lunch=974, Dinner=835, Snacks=278
2025-10-13 11:20:48.579 31211-31211 CalorieTracker          com.example.nutrisaur11              D  Calculated meal distribution: Breakfast=696, Lunch=974, Dinner=835, Snacks=278
2025-10-13 11:20:48.579 31211-31211 CalorieTracker          com.example.nutrisaur11              D  Calculated meal distribution: {Breakfast=696, Dinner=835, Snacks=278, Lunch=974}
2025-10-13 11:20:48.579 31211-31211 CalorieTracker          com.example.nutrisaur11              D  Created Breakfast meal with 696 max calories
2025-10-13 11:20:48.579 31211-31211 CalorieTracker          com.example.nutrisaur11              D  Added meow (20 cal) to Breakfast for date 2025-10-13
2025-10-13 11:20:48.582 31211-31211 CalorieTracker          com.example.nutrisaur11              D  Synced CalorieTracker with AddedFoodManager for date 2025-10-13. Total meals: 1
2025-10-13 11:20:48.582 31211-31598 NutritionService        com.example.nutrisaur11              D  Starting nutrition recommendations...
2025-10-13 11:20:48.582 31211-31211 CalorieTracker          com.example.nutrisaur11              D  Meal Breakfast: 20/696 kcal
2025-10-13 11:20:48.582 31211-31598 NutritionService        com.example.nutrisaur11              D  Getting user profile from SharedPreferences...
2025-10-13 11:20:48.583 31211-31598 NutritionService        com.example.nutrisaur11              D  User data: name=, age=25, weight=70.0, height=170.0
2025-10-13 11:20:48.583 31211-31598 NutritionService        com.example.nutrisaur11              D  User profile loaded: , BMI: 24.221453287197235
2025-10-13 11:20:48.584 31211-31598 KcalSuggestionCache     com.example.nutrisaur11              D  Cached kcal suggestion is valid
2025-10-13 11:20:48.584 31211-31598 NutritionService        com.example.nutrisaur11              D  Using cached kcal suggestion - user profile unchanged
2025-10-13 11:20:48.585 31211-31598 KcalSuggestionCache     com.example.nutrisaur11              D  Successfully loaded cached kcal suggestion
2025-10-13 11:20:48.585 31211-31598 CalorieTracker          com.example.nutrisaur11              D  Background AI calculation completed: 2545
2025-10-13 11:20:48.619 31211-31211 DecorView[]             com.example.nutrisaur11              D  onWindowFocusChanged hasWindowFocus false
2025-10-13 11:20:48.627 31211-31400 OpenGLRenderer          com.example.nutrisaur11              I  Davey! duration=9223351670028ms; Flags=1, FrameTimelineVsyncId=804685, IntendedVsync=20366825703179, Vsync=20366825703179, InputEventId=0, HandleInputStart=20366838157436, AnimationStart=20366838159416, PerformTraversalsStart=20366838210666, DrawStart=20366855925822, FrameDeadline=20366842369845, FrameInterval=20366838144936, FrameStartTime=16666666, SyncQueued=20366868222280, SyncStart=20366868530874, IssueDrawCommandsStart=20366868930613, SwapBuffers=20366871110093, FrameCompleted=9223372036854775807, DequeueBufferDuration=25052, QueueBufferDuration=1613646, GpuCompleted=9223372036854775807, SwapBuffersCompleted=20366873071082, DisplayPresentTime=0, 
2025-10-13 11:20:48.643 31211-31211 FoodHistorySyncManager  com.example.nutrisaur11              D  Flag metadata synced successfully
2025-10-13 11:20:48.643 31211-31211 DecorView[]             com.example.nutrisaur11              D  onWindowFocusChanged hasWindowFocus true
2025-10-13 11:20:48.648 31211-31595 ApiClient               com.example.nutrisaur11              D  Download food history response: {"success":true,"data":[{"id":335,"user_email":"kevinpingol123@gmail.com","date":"2025-10-13","meal_category":"Breakfast","food_name":"meow","calories":20,"serving_size":"meow","protein":"20.00","carbs":"20.00","fat":"20.00","fiber":"20.00","created_at":"2025-10-13 03:20:47","is_flagged":0,"is_day_flagged":0,"mho_comment":null,"flagged_by":null,"flagged_at":null,"is_mho_recommended":0,"emoji":"\ud83c\udf7d\ufe0f"},{"id":336,"user_email":"kevinpingol123@gmail.com","date":"2025-10-13","meal_category":"Breakfast","food_name":"meow","calories":20,"serving_size":"meow","protein":"20.00","carbs":"20.00","fat":"20.00","fiber":"20.00","created_at":"2025-10-13 03:20:47","is_flagged":0,"is_day_flagged":0,"mho_comment":null,"flagged_by":null,"flagged_at":null,"is_mho_recommended":0,"emoji":"\ud83c\udf7d\ufe0f"}],"count":2}
2025-10-13 11:20:48.661 31211-31211 FoodActivity            com.example.nutrisaur11              D  Download successful, parsing response...
2025-10-13 11:20:48.661 31211-31211 FoodActivity            com.example.nutrisaur11              D  === PARSING FOOD HISTORY ===
2025-10-13 11:20:48.661 31211-31211 FoodActivity            com.example.nutrisaur11              D  JSON Response: {"success":true,"data":[{"id":335,"user_email":"kevinpingol123@gmail.com","date":"2025-10-13","meal_category":"Breakfast","food_name":"meow","calories":20,"serving_size":"meow","protein":"20.00","carbs":"20.00","fat":"20.00","fiber":"20.00","created_at":"2025-10-13 03:20:47","is_flagged":0,"is_day_flagged":0,"mho_comment":null,"flagged_by":null,"flagged_at":null,"is_mho_recommended":0,"emoji":"\ud83c\udf7d\ufe0f"},{"id":336,"user_email":"kevinpingol123@gmail.com","date":"2025-10-13","meal_category":"Breakfast","food_name":"meow","calories":20,"serving_size":"meow","protein":"20.00","carbs":"20.00","fat":"20.00","fiber":"20.00","created_at":"2025-10-13 03:20:47","is_flagged":0,"is_day_flagged":0,"mho_comment":null,"flagged_by":null,"flagged_at":null,"is_mho_recommended":0,"emoji":"\ud83c\udf7d\ufe0f"}],"count":2}
2025-10-13 11:20:48.662 31211-31211 FoodActivity            com.example.nutrisaur11              D  Parsing 2 food items from server
2025-10-13 11:20:48.662 31211-31211 FoodActivity            com.example.nutrisaur11              D  === STORING FOOD DATA IN LOCAL STORAGE ===
2025-10-13 11:20:48.662 31211-31211 FoodActivity            com.example.nutrisaur11              D  Storing 1 dates of food data for user: kevinpingol123@gmail.com
2025-10-13 11:20:48.663 31211-31211 FoodActivity            com.example.nutrisaur11              D  Date 2025-10-13 has 1 meal categories
2025-10-13 11:20:48.663 31211-31211 FoodActivity            com.example.nutrisaur11              D    Breakfast: 2 foods
2025-10-13 11:20:48.670 31211-31211 FoodActivity            com.example.nutrisaur11              D  ⏭️ Skipping: meow already exists in Breakfast for 2025-10-13
2025-10-13 11:20:48.671 31211-31211 FoodActivity            com.example.nutrisaur11              D  ⏭️ Skipping: meow already exists in Breakfast for 2025-10-13
2025-10-13 11:20:48.671 31211-31211 FoodActivity            com.example.nutrisaur11              D  ✅ Food history sync completed successfully
2025-10-13 11:20:48.671 31211-31211 FoodActivity            com.example.nutrisaur11              D  Refreshing UI after sync...
2025-10-13 11:20:48.671 31211-31211 FoodActivity            com.example.nutrisaur11              D  Refreshing meal progress on resume
2025-10-13 11:20:48.671 31211-31211 FoodActivity            com.example.nutrisaur11              D  Syncing CalorieTracker with AddedFoodManager for date: 2025-10-13
2025-10-13 11:20:48.675 31211-31211 CalorieTracker          com.example.nutrisaur11              D  Syncing with 1 added foods for date: 2025-10-13
2025-10-13 11:20:48.675 31211-31211 CalorieTracker          com.example.nutrisaur11              D    Daily foods: 1
2025-10-13 11:20:48.675 31211-31211 CalorieTracker          com.example.nutrisaur11              D  Available database fields: [birthday, is_pregnant, muac_category, notes, weight_kg, nutritional_risk, height_cm, sex, municipality, muac_cm, screening_date, bmi_category, name, barangay, email, age, bmi, status]
2025-10-13 11:20:48.675 31211-31211 CalorieTracker          com.example.nutrisaur11              D  Calculated age from birthday '2005-10-10': 20
2025-10-13 11:20:48.675 31211-31211 CalorieTracker          com.example.nutrisaur11              D  Weight field lookup - weight_kg: '50', weight: 'null', final: '50'
2025-10-13 11:20:48.675 31211-31211 CalorieTracker          com.example.nutrisaur11              D  Set weight from database: 50
2025-10-13 11:20:48.675 31211-31211 CalorieTracker          com.example.nutrisaur11              D  Height field lookup - height_cm: '171', height: 'null', final: '171'
2025-10-13 11:20:48.675 31211-31211 CalorieTracker          com.example.nutrisaur11              D  Set height from database: 171
2025-10-13 11:20:48.675 31211-31211 CalorieTracker          com.example.nutrisaur11              D  Created user profile from database data: Pingol , Kevin C. (Age: 20, Weight: 50.0, Height: 171.0, Gender: Male, Activity: Moderate)
2025-10-13 11:20:48.675 31211-31211 CalorieTracker          com.example.nutrisaur11              D  Using user profile from database data
2025-10-13 11:20:48.676 31211-31211 KcalSuggestionCache     com.example.nutrisaur11              D  User profile changed, cache invalid
2025-10-13 11:20:48.676 31211-31211 CalorieTracker          com.example.nutrisaur11              D  No valid AI cache found, using fallback calculation...
2025-10-13 11:20:48.676 31211-31211 CalorieCal...ionService com.example.nutrisaur11              D  Calculated BMR: 1473.75 for Pingol , Kevin C.
2025-10-13 11:20:48.676 31211-31211 CalorieCal...ionService com.example.nutrisaur11              D  Calculated TDEE: 2284.3125 (BMR: 1473.75 × Activity: 1.55)
2025-10-13 11:20:48.676 31211-31211 CalorieCal...ionService com.example.nutrisaur11              D  Calculated daily calorie target: 2784 (TDEE: 2284.3125 + Adjustment: 500.0)
2025-10-13 11:20:48.676 31211-31211 CalorieTracker          com.example.nutrisaur11              D  Using fallback calculation (AI will update cache): 2784
2025-10-13 11:20:48.676 31211-31211 CalorieTracker          com.example.nutrisaur11              D  Using AI-calculated daily calorie target: 2784
2025-10-13 11:20:48.676 31211-31211 CalorieCal...ionService com.example.nutrisaur11              D  Calculated meal distribution: Breakfast=696, Lunch=974, Dinner=835, Snacks=278
2025-10-13 11:20:48.676 31211-31211 CalorieTracker          com.example.nutrisaur11              D  Calculated meal distribution: Breakfast=696, Lunch=974, Dinner=835, Snacks=278
2025-10-13 11:20:48.676 31211-31211 CalorieTracker          com.example.nutrisaur11              D  Calculated meal distribution: {Breakfast=696, Dinner=835, Snacks=278, Lunch=974}
2025-10-13 11:20:48.676 31211-31211 CalorieTracker          com.example.nutrisaur11              D  Created Breakfast meal with 696 max calories
2025-10-13 11:20:48.676 31211-31211 CalorieTracker          com.example.nutrisaur11              D  Added meow (20 cal) to Breakfast for date 2025-10-13
2025-10-13 11:20:48.677  3040-3351  ActivityManagerWrapper  com.miui.home                        E  getRecentTasks: taskId=11078   userId=0   baseIntent=Intent { act=android.intent.action.MAIN cat=[android.intent.category.LAUNCHER] flg=0x10000000 cmp=com.example.nutrisaur11/.SplashActivity }
2025-10-13 11:20:48.679 31211-31211 CalorieTracker          com.example.nutrisaur11              D  Synced CalorieTracker with AddedFoodManager for date 2025-10-13. Total meals: 1
2025-10-13 11:20:48.679 31211-31211 CalorieTracker          com.example.nutrisaur11              D  Meal Breakfast: 20/696 kcal
2025-10-13 11:20:48.681 31211-31612 NutritionService        com.example.nutrisaur11              D  Starting nutrition recommendations...
2025-10-13 11:20:48.681 31211-31612 NutritionService        com.example.nutrisaur11              D  Getting user profile from SharedPreferences...
2025-10-13 11:20:48.681 31211-31612 NutritionService        com.example.nutrisaur11              D  User data: name=, age=25, weight=70.0, height=170.0
2025-10-13 11:20:48.681 31211-31612 NutritionService        com.example.nutrisaur11              D  User profile loaded: , BMI: 24.221453287197235
2025-10-13 11:20:48.682 31211-31612 KcalSuggestionCache     com.example.nutrisaur11              D  Cached kcal suggestion is valid
2025-10-13 11:20:48.682 31211-31612 NutritionService        com.example.nutrisaur11              D  Using cached kcal suggestion - user profile unchanged
2025-10-13 11:20:48.682 31211-31612 KcalSuggestionCache     com.example.nutrisaur11              D  Successfully loaded cached kcal suggestion
2025-10-13 11:20:48.682 31211-31612 CalorieTracker          com.example.nutrisaur11              D  Background AI calculation completed: 2545
2025-10-13 11:20:48.683 31211-31211 SessionManager          com.example.nutrisaur11              D  User marked as idle
