2025-10-11 08:45:12.368 11915-11915 AddedFoodManager        com.example.nutrisaur11              D    - Meal: Breakfast
2025-10-11 08:45:12.368 11915-11915 AddedFoodManager        com.example.nutrisaur11              D    - Food: Arroz Caldo
2025-10-11 08:45:12.369 11915-18503 ApiClient               com.example.nutrisaur11              D  ğŸš€ Starting food upload to database:
2025-10-11 08:45:12.369 11915-11915 FoodActivity            com.example.nutrisaur11              D  âœ… Stored: Arroz Caldo in Breakfast for 2025-10-11
2025-10-11 08:45:12.369 11915-11915 FoodActivity            com.example.nutrisaur11              D  About to store: Arroz Caldo in Breakfast for 2025-10-11
2025-10-11 08:45:12.369 11915-18503 ApiClient               com.example.nutrisaur11              D    - User: kevinpingol123@gmail.com
2025-10-11 08:45:12.369 11915-11915 AddedFoodManager        com.example.nutrisaur11              D  ğŸ¯ addFoodToMealTime called: Arroz Caldo -> Breakfast on 2025-10-11
2025-10-11 08:45:12.369 11915-18503 ApiClient               com.example.nutrisaur11              D    - Date: 2025-10-11
2025-10-11 08:45:12.369 11915-18503 ApiClient               com.example.nutrisaur11              D    - Meal: Breakfast
2025-10-11 08:45:12.369 11915-18503 ApiClient               com.example.nutrisaur11              D    - Food: Arroz Caldo
2025-10-11 08:45:12.369 11915-18503 ApiClient               com.example.nutrisaur11              D  ğŸ“¡ Upload URL: https://nutrisaur-production.up.railway.app/api/food_history_api.php?action=add
2025-10-11 08:45:12.370 11915-18503 ApiClient               com.example.nutrisaur11              D  ğŸ“¦ Upload data: {"user_email":"kevinpingol123@gmail.com","date":"2025-10-11","meal_category":"Breakfast","food_name":"Arroz Caldo","calories":450,"serving_size":"Generous bowl","protein":20,"carbs":60,"fat":15,"fiber":0}
2025-10-11 08:45:12.371 11915-18508 ApiClient               com.example.nutrisaur11              D  ğŸš€ Starting food upload to database:
2025-10-11 08:45:12.372 11915-18508 ApiClient               com.example.nutrisaur11              D    - User: kevinpingol123@gmail.com
2025-10-11 08:45:12.372 11915-18508 ApiClient               com.example.nutrisaur11              D    - Date: 2025-10-11
2025-10-11 08:45:12.372 11915-18508 ApiClient               com.example.nutrisaur11              D    - Meal: Breakfast
2025-10-11 08:45:12.372 11915-18508 ApiClient               com.example.nutrisaur11              D    - Food: Arroz Caldo
2025-10-11 08:45:12.372 11915-18508 ApiClient               com.example.nutrisaur11              D  ğŸ“¡ Upload URL: https://nutrisaur-production.up.railway.app/api/food_history_api.php?action=add
2025-10-11 08:45:12.373 11915-18508 ApiClient               com.example.nutrisaur11              D  ğŸ“¦ Upload data: {"user_email":"kevinpingol123@gmail.com","date":"2025-10-11","meal_category":"Breakfast","food_name":"Arroz Caldo","calories":450,"serving_size":"Generous bowl","protein":20,"carbs":60,"fat":15,"fiber":0}
2025-10-11 08:45:12.385 11915-18451 CommunityUserManager    com.example.nutrisaur11              D  API response for get_community_user_data: {"success":true,"message":"User data retrieved successfully","user":{"name":"Pingol , Kevin C.","email":"kevinpingol123@gmail.com","municipality":"DINALUPIHAN","barangay":"Burgos","sex":"Male","birthday":"2005-10-10","is_pregnant":"N\/A","weight":"50","height":"171","screening_date":"2025-10-10 06:47:30","fcm_token":"dDgJr74pRHukYxdkYiGyAE:APA91bGRwC6pXjPQVyYGtkcZ6eafSGk0tUnWsyaKl1pZXOygSPN5hrxQ57-QoEbT0Q4AnrxZle82T4gCM6sx46ruDB-KiAtQGKfYr3uHOkNiwosJ5lmui9A","is_flagged":0,"bmi-for-age":"","weight-for-height":"","weight-for-age":"","weight-for-length":"","height-for-age":""}}
2025-10-11 08:45:12.389 11915-18451 CommunityUserManager    com.example.nutrisaur11              D  Cached user data for: kevinpingol123@gmail.com
2025-10-11 08:45:12.389 11915-18451 CommunityUserManager    com.example.nutrisaur11              D  Fresh user data retrieved successfully: {birthday=2005-10-10, is_pregnant=N/A, muac_category=, notes=, weight_kg=50, nutritional_risk=, height_cm=171, sex=Male, municipality=DINALUPIHAN, muac_cm=, screening_date=2025-10-10 06:47:30, bmi_category=, name=Pingol , Kevin C., barangay=Burgos, email=kevinpingol123@gmail.com, age=, bmi=, status=1}
2025-10-11 08:45:12.389 11915-18451 CommunityUserManager    com.example.nutrisaur11              D  User status: 1
2025-10-11 08:45:12.389 11915-18451 CommunityUserManager    com.example.nutrisaur11              D  User is active (status = 1)
2025-10-11 08:45:12.390 11915-18487 ApiClient               com.example.nutrisaur11              D  Response code: 200
2025-10-11 08:45:12.391 11915-18487 ApiClient               com.example.nutrisaur11              D  ğŸ“¥ Upload food response: {"success":true,"message":"Food entry added successfully","id":"77"}
2025-10-11 08:45:12.391 11915-18487 AddedFoodManager        com.example.nutrisaur11              D  âœ… Database storage call completed
2025-10-11 08:45:12.404 11915-11915 AddedFoodManager        com.example.nutrisaur11              D  Added Arroz Caldo to Breakfast on 2025-10-11 (using single storage system)
2025-10-11 08:45:12.405 11915-11915 AddedFoodManager        com.example.nutrisaur11              D  Retrieved user email: 'kevinpingol123@gmail.com'
2025-10-11 08:45:12.405 11915-11915 AddedFoodManager        com.example.nutrisaur11              D  ğŸ” Attempting to store food in database:
2025-10-11 08:45:12.405 11915-11915 AddedFoodManager        com.example.nutrisaur11              D    - User Email: kevinpingol123@gmail.com
2025-10-11 08:45:12.405 11915-11915 AddedFoodManager        com.example.nutrisaur11              D    - Date: 2025-10-11
2025-10-11 08:45:12.405 11915-11915 AddedFoodManager        com.example.nutrisaur11              D    - Meal: Breakfast
2025-10-11 08:45:12.405 11915-11915 AddedFoodManager        com.example.nutrisaur11              D    - Food: Arroz Caldo
2025-10-11 08:45:12.406 11915-11915 FoodActivity            com.example.nutrisaur11              D  âœ… Stored: Arroz Caldo in Breakfast for 2025-10-11
2025-10-11 08:45:12.406 11915-11915 FoodActivity            com.example.nutrisaur11              D  About to store: Longsilog in Breakfast for 2025-10-11
2025-10-11 08:45:12.406 11915-11915 AddedFoodManager        com.example.nutrisaur11              D  ğŸ¯ addFoodToMealTime called: Longsilog -> Breakfast on 2025-10-11
2025-10-11 08:45:12.414 11915-18491 ApiClient               com.example.nutrisaur11              D  Response code: 200
2025-10-11 08:45:12.415 11915-18449 CommunityUserManager    com.example.nutrisaur11              D  API response code: 200
2025-10-11 08:45:12.415 11915-18449 CommunityUserManager    com.example.nutrisaur11              D  API response message: 
2025-10-11 08:45:12.416 11915-18491 ApiClient               com.example.nutrisaur11              D  ğŸ“¥ Upload food response: {"success":true,"message":"Food entry added successfully","id":"78"}
2025-10-11 08:45:12.416 11915-18491 AddedFoodManager        com.example.nutrisaur11              D  âœ… Database storage call completed
2025-10-11 08:45:12.417 11915-18449 CommunityUserManager    com.example.nutrisaur11              D  API response for get_community_user_data: {"success":true,"message":"User data retrieved successfully","user":{"name":"Pingol , Kevin C.","email":"kevinpingol123@gmail.com","municipality":"DINALUPIHAN","barangay":"Burgos","sex":"Male","birthday":"2005-10-10","is_pregnant":"N\/A","weight":"50","height":"171","screening_date":"2025-10-10 06:47:30","fcm_token":"dDgJr74pRHukYxdkYiGyAE:APA91bGRwC6pXjPQVyYGtkcZ6eafSGk0tUnWsyaKl1pZXOygSPN5hrxQ57-QoEbT0Q4AnrxZle82T4gCM6sx46ruDB-KiAtQGKfYr3uHOkNiwosJ5lmui9A","is_flagged":0,"bmi-for-age":"","weight-for-height":"","weight-for-age":"","weight-for-length":"","height-for-age":""}}
2025-10-11 08:45:12.419 11915-18449 CommunityUserManager    com.example.nutrisaur11              D  Cached user data for: kevinpingol123@gmail.com
2025-10-11 08:45:12.419 11915-18449 CommunityUserManager    com.example.nutrisaur11              D  Fresh user data retrieved successfully: {birthday=2005-10-10, is_pregnant=N/A, muac_category=, notes=, weight_kg=50, nutritional_risk=, height_cm=171, sex=Male, municipality=DINALUPIHAN, muac_cm=, screening_date=2025-10-10 06:47:30, bmi_category=, name=Pingol , Kevin C., barangay=Burgos, email=kevinpingol123@gmail.com, age=, bmi=, status=1}
2025-10-11 08:45:12.419 11915-18449 CommunityUserManager    com.example.nutrisaur11              D  User exists and has valid data
2025-10-11 08:45:12.425 11915-18510 ApiClient               com.example.nutrisaur11              D  ğŸš€ Starting food upload to database:
2025-10-11 08:45:12.425 11915-18510 ApiClient               com.example.nutrisaur11              D    - User: kevinpingol123@gmail.com
2025-10-11 08:45:12.425 11915-18510 ApiClient               com.example.nutrisaur11              D    - Date: 2025-10-11
2025-10-11 08:45:12.425 11915-18510 ApiClient               com.example.nutrisaur11              D    - Meal: Breakfast
2025-10-11 08:45:12.425 11915-18510 ApiClient               com.example.nutrisaur11              D    - Food: Arroz Caldo
2025-10-11 08:45:12.425 11915-18510 ApiClient               com.example.nutrisaur11              D  ğŸ“¡ Upload URL: https://nutrisaur-production.up.railway.app/api/food_history_api.php?action=add
2025-10-11 08:45:12.425 11915-18510 ApiClient               com.example.nutrisaur11              D  ğŸ“¦ Upload data: {"user_email":"kevinpingol123@gmail.com","date":"2025-10-11","meal_category":"Breakfast","food_name":"Arroz Caldo","calories":450,"serving_size":"Generous bowl","protein":20,"carbs":60,"fat":15,"fiber":0}
2025-10-11 08:45:12.429 11915-11915 AddedFoodManager        com.example.nutrisaur11              D  Added Longsilog to Breakfast on 2025-10-11 (using single storage system)
2025-10-11 08:45:12.429 11915-11915 AddedFoodManager        com.example.nutrisaur11              D  Retrieved user email: 'kevinpingol123@gmail.com'
2025-10-11 08:45:12.429 11915-11915 AddedFoodManager        com.example.nutrisaur11              D  ğŸ” Attempting to store food in database:
2025-10-11 08:45:12.429 11915-11915 AddedFoodManager        com.example.nutrisaur11              D    - User Email: kevinpingol123@gmail.com
2025-10-11 08:45:12.429 11915-11915 AddedFoodManager        com.example.nutrisaur11              D    - Date: 2025-10-11
2025-10-11 08:45:12.429 11915-11915 AddedFoodManager        com.example.nutrisaur11              D    - Meal: Breakfast
2025-10-11 08:45:12.429 11915-11915 AddedFoodManager        com.example.nutrisaur11              D    - Food: Longsilog
2025-10-11 08:45:12.430 11915-11915 FoodActivity            com.example.nutrisaur11              D  âœ… Stored: Longsilog in Breakfast for 2025-10-11
2025-10-11 08:45:12.430 11915-11915 FoodActivity            com.example.nutrisaur11              D  About to store: Longsilog in Breakfast for 2025-10-11
2025-10-11 08:45:12.430 11915-11915 AddedFoodManager        com.example.nutrisaur11              D  ğŸ¯ addFoodToMealTime called: Longsilog -> Breakfast on 2025-10-11
2025-10-11 08:45:12.434 11915-18489 ApiClient               com.example.nutrisaur11              D  Response code: 200
2025-10-11 08:45:12.435 11915-18489 ApiClient               com.example.nutrisaur11              D  ğŸ“¥ Upload food response: {"success":true,"message":"Food entry added successfully","id":"79"}
2025-10-11 08:45:12.435 11915-18489 AddedFoodManager        com.example.nutrisaur11              D  âœ… Database storage call completed
2025-10-11 08:45:12.454 11915-18511 ApiClient               com.example.nutrisaur11              D  ğŸš€ Starting food upload to database:
2025-10-11 08:45:12.454 11915-18511 ApiClient               com.example.nutrisaur11              D    - User: kevinpingol123@gmail.com
2025-10-11 08:45:12.454 11915-18511 ApiClient               com.example.nutrisaur11              D    - Date: 2025-10-11
2025-10-11 08:45:12.455 11915-18511 ApiClient               com.example.nutrisaur11              D    - Meal: Breakfast
2025-10-11 08:45:12.455 11915-18511 ApiClient               com.example.nutrisaur11              D    - Food: Longsilog
2025-10-11 08:45:12.455 11915-18511 ApiClient               com.example.nutrisaur11              D  ğŸ“¡ Upload URL: https://nutrisaur-production.up.railway.app/api/food_history_api.php?action=add
2025-10-11 08:45:12.455 11915-18511 ApiClient               com.example.nutrisaur11              D  ğŸ“¦ Upload data: {"user_email":"kevinpingol123@gmail.com","date":"2025-10-11","meal_category":"Breakfast","food_name":"Longsilog","calories":550,"serving_size":"Large plate with extra rice","protein":25,"carbs":50,"fat":25,"fiber":0}
2025-10-11 08:45:12.455 11915-18500 ApiClient               com.example.nutrisaur11              D  Response code: 200
2025-10-11 08:45:12.455 11915-18447 CommunityUserManager    com.example.nutrisaur11              D  API response code: 200
2025-10-11 08:45:12.455 11915-18447 CommunityUserManager    com.example.nutrisaur11              D  API response message: 
2025-10-11 08:45:12.456 11915-18500 ApiClient               com.example.nutrisaur11              D  ğŸ“¥ Upload food response: {"success":true,"message":"Food entry added successfully","id":"80"}
2025-10-11 08:45:12.456 11915-18500 AddedFoodManager        com.example.nutrisaur11              D  âœ… Database storage call completed
2025-10-11 08:45:12.457 11915-11915 AddedFoodManager        com.example.nutrisaur11              D  Added Longsilog to Breakfast on 2025-10-11 (using single storage system)
2025-10-11 08:45:12.457 11915-11915 AddedFoodManager        com.example.nutrisaur11              D  Retrieved user email: 'kevinpingol123@gmail.com'
2025-10-11 08:45:12.457 11915-11915 AddedFoodManager        com.example.nutrisaur11              D  ğŸ” Attempting to store food in database:
2025-10-11 08:45:12.457 11915-11915 AddedFoodManager        com.example.nutrisaur11              D    - User Email: kevinpingol123@gmail.com
2025-10-11 08:45:12.457 11915-11915 AddedFoodManager        com.example.nutrisaur11              D    - Date: 2025-10-11
2025-10-11 08:45:12.457 11915-11915 AddedFoodManager        com.example.nutrisaur11              D    - Meal: Breakfast
2025-10-11 08:45:12.457 11915-11915 AddedFoodManager        com.example.nutrisaur11              D    - Food: Longsilog
2025-10-11 08:45:12.458 11915-11915 FoodActivity            com.example.nutrisaur11              D  âœ… Stored: Longsilog in Breakfast for 2025-10-11
2025-10-11 08:45:12.458 11915-11915 FoodActivity            com.example.nutrisaur11              D  About to store: Longsilog in Breakfast for 2025-10-11
2025-10-11 08:45:12.458 11915-11915 AddedFoodManager        com.example.nutrisaur11              D  ğŸ¯ addFoodToMealTime called: Longsilog -> Breakfast on 2025-10-11
2025-10-11 08:45:12.460 11915-18447 CommunityUserManager    com.example.nutrisaur11              D  API response for get_community_user_data: {"success":true,"message":"User data retrieved successfully","user":{"name":"Pingol , Kevin C.","email":"kevinpingol123@gmail.com","municipality":"DINALUPIHAN","barangay":"Burgos","sex":"Male","birthday":"2005-10-10","is_pregnant":"N\/A","weight":"50","height":"171","screening_date":"2025-10-10 06:47:30","fcm_token":"dDgJr74pRHukYxdkYiGyAE:APA91bGRwC6pXjPQVyYGtkcZ6eafSGk0tUnWsyaKl1pZXOygSPN5hrxQ57-QoEbT0Q4AnrxZle82T4gCM6sx46ruDB-KiAtQGKfYr3uHOkNiwosJ5lmui9A","is_flagged":0,"bmi-for-age":"","weight-for-height":"","weight-for-age":"","weight-for-length":"","height-for-age":""}}
2025-10-11 08:45:12.461 11915-18447 CommunityUserManager    com.example.nutrisaur11              D  Cached user data for: kevinpingol123@gmail.com
2025-10-11 08:45:12.462 11915-18447 CommunityUserManager    com.example.nutrisaur11              D  Fresh user data retrieved successfully: {birthday=2005-10-10, is_pregnant=N/A, muac_category=, notes=, weight_kg=50, nutritional_risk=, height_cm=171, sex=Male, municipality=DINALUPIHAN, muac_cm=, screening_date=2025-10-10 06:47:30, bmi_category=, name=Pingol , Kevin C., barangay=Burgos, email=kevinpingol123@gmail.com, age=, bmi=, status=1}
2025-10-11 08:45:12.462 11915-18447 CommunityUserManager    com.example.nutrisaur11              D  User status: 1
2025-10-11 08:45:12.463 11915-18447 CommunityUserManager    com.example.nutrisaur11              D  User is active (status = 1)
2025-10-11 08:45:12.468 11915-18503 ApiClient               com.example.nutrisaur11              D  Response code: 200
2025-10-11 08:45:12.469 11915-18503 ApiClient               com.example.nutrisaur11              D  ğŸ“¥ Upload food response: {"success":true,"message":"Food entry added successfully","id":"81"}
2025-10-11 08:45:12.470 11915-18503 AddedFoodManager        com.example.nutrisaur11              D  âœ… Database storage call completed
2025-10-11 08:45:12.474 11915-18512 ApiClient               com.example.nutrisaur11              D  ğŸš€ Starting food upload to database:
2025-10-11 08:45:12.475 11915-18512 ApiClient               com.example.nutrisaur11              D    - User: kevinpingol123@gmail.com
2025-10-11 08:45:12.475 11915-18512 ApiClient               com.example.nutrisaur11              D    - Date: 2025-10-11
2025-10-11 08:45:12.475 11915-18512 ApiClient               com.example.nutrisaur11              D    - Meal: Breakfast
2025-10-11 08:45:12.475 11915-18512 ApiClient               com.example.nutrisaur11              D    - Food: Longsilog
2025-10-11 08:45:12.475 11915-18512 ApiClient               com.example.nutrisaur11              D  ğŸ“¡ Upload URL: https://nutrisaur-production.up.railway.app/api/food_history_api.php?action=add
2025-10-11 08:45:12.475 11915-18512 ApiClient               com.example.nutrisaur11              D  ğŸ“¦ Upload data: {"user_email":"kevinpingol123@gmail.com","date":"2025-10-11","meal_category":"Breakfast","food_name":"Longsilog","calories":550,"serving_size":"Large plate with extra rice","protein":25,"carbs":50,"fat":25,"fiber":0}
2025-10-11 08:45:12.476 11915-11915 AddedFoodManager        com.example.nutrisaur11              D  Added Longsilog to Breakfast on 2025-10-11 (using single storage system)
2025-10-11 08:45:12.476 11915-11915 AddedFoodManager        com.example.nutrisaur11              D  Retrieved user email: 'kevinpingol123@gmail.com'
2025-10-11 08:45:12.476 11915-11915 AddedFoodManager        com.example.nutrisaur11              D  ğŸ” Attempting to store food in database:
2025-10-11 08:45:12.476 11915-11915 AddedFoodManager        com.example.nutrisaur11              D    - User Email: kevinpingol123@gmail.com
2025-10-11 08:45:12.476 11915-11915 AddedFoodManager        com.example.nutrisaur11              D    - Date: 2025-10-11
2025-10-11 08:45:12.476 11915-11915 AddedFoodManager        com.example.nutrisaur11              D    - Meal: Breakfast
2025-10-11 08:45:12.476 11915-11915 AddedFoodManager        com.example.nutrisaur11              D    - Food: Longsilog
2025-10-11 08:45:12.476 11915-11915 FoodActivity            com.example.nutrisaur11              D  âœ… Stored: Longsilog in Breakfast for 2025-10-11
2025-10-11 08:45:12.476 11915-11915 FoodActivity            com.example.nutrisaur11              D  About to store: Longsilog in Breakfast for 2025-10-11
2025-10-11 08:45:12.476 11915-11915 AddedFoodManager        com.example.nutrisaur11              D  ğŸ¯ addFoodToMealTime called: Longsilog -> Breakfast on 2025-10-11
2025-10-11 08:45:12.480 11915-18514 ApiClient               com.example.nutrisaur11              D  ğŸš€ Starting food upload to database:
2025-10-11 08:45:12.480 11915-18514 ApiClient               com.example.nutrisaur11              D    - User: kevinpingol123@gmail.com
2025-10-11 08:45:12.480 11915-18514 ApiClient               com.example.nutrisaur11              D    - Date: 2025-10-11
2025-10-11 08:45:12.480 11915-18514 ApiClient               com.example.nutrisaur11              D    - Meal: Breakfast
2025-10-11 08:45:12.480 11915-18514 ApiClient               com.example.nutrisaur11              D    - Food: Longsilog
2025-10-11 08:45:12.480 11915-18514 ApiClient               com.example.nutrisaur11              D  ğŸ“¡ Upload URL: https://nutrisaur-production.up.railway.app/api/food_history_api.php?action=add
2025-10-11 08:45:12.480 11915-18514 ApiClient               com.example.nutrisaur11              D  ğŸ“¦ Upload data: {"user_email":"kevinpingol123@gmail.com","date":"2025-10-11","meal_category":"Breakfast","food_name":"Longsilog","calories":550,"serving_size":"Large plate with extra rice","protein":25,"carbs":50,"fat":25,"fiber":0}
2025-10-11 08:45:12.492 11915-18510 ApiClient               com.example.nutrisaur11              D  Response code: 200
2025-10-11 08:45:12.493 11915-18510 ApiClient               com.example.nutrisaur11              D  ğŸ“¥ Upload food response: {"success":true,"message":"Food entry added successfully","id":"82"}
2025-10-11 08:45:12.493 11915-18510 AddedFoodManager        com.example.nutrisaur11              D  âœ… Database storage call completed
2025-10-11 08:45:12.498 11915-11915 AddedFoodManager        com.example.nutrisaur11              D  Added Longsilog to Breakfast on 2025-10-11 (using single storage system)
2025-10-11 08:45:12.498 11915-11915 AddedFoodManager        com.example.nutrisaur11              D  Retrieved user email: 'kevinpingol123@gmail.com'
2025-10-11 08:45:12.498 11915-11915 AddedFoodManager        com.example.nutrisaur11              D  ğŸ” Attempting to store food in database:
2025-10-11 08:45:12.498 11915-11915 AddedFoodManager        com.example.nutrisaur11              D    - User Email: kevinpingol123@gmail.com
2025-10-11 08:45:12.498 11915-11915 AddedFoodManager        com.example.nutrisaur11              D    - Date: 2025-10-11
2025-10-11 08:45:12.498 11915-11915 AddedFoodManager        com.example.nutrisaur11              D    - Meal: Breakfast
2025-10-11 08:45:12.498 11915-11915 AddedFoodManager        com.example.nutrisaur11              D    - Food: Longsilog
2025-10-11 08:45:12.499 11915-11915 FoodActivity            com.example.nutrisaur11              D  âœ… Stored: Longsilog in Breakfast for 2025-10-11
2025-10-11 08:45:12.499 11915-11915 FoodActivity            com.example.nutrisaur11              D  About to store: Longsilog in Breakfast for 2025-10-11
2025-10-11 08:45:12.499 11915-11915 AddedFoodManager        com.example.nutrisaur11              D  ğŸ¯ addFoodToMealTime called: Longsilog -> Breakfast on 2025-10-11
2025-10-11 08:45:12.499 11915-18515 ApiClient               com.example.nutrisaur11              D  ğŸš€ Starting food upload to database:
2025-10-11 08:45:12.499 11915-18515 ApiClient               com.example.nutrisaur11              D    - User: kevinpingol123@gmail.com
2025-10-11 08:45:12.499 11915-18515 ApiClient               com.example.nutrisaur11              D    - Date: 2025-10-11
2025-10-11 08:45:12.499 11915-18515 ApiClient               com.example.nutrisaur11              D    - Meal: Breakfast
2025-10-11 08:45:12.499 11915-18515 ApiClient               com.example.nutrisaur11              D    - Food: Longsilog
2025-10-11 08:45:12.499 11915-18515 ApiClient               com.example.nutrisaur11              D  ğŸ“¡ Upload URL: https://nutrisaur-production.up.railway.app/api/food_history_api.php?action=add
2025-10-11 08:45:12.499 11915-18515 ApiClient               com.example.nutrisaur11              D  ğŸ“¦ Upload data: {"user_email":"kevinpingol123@gmail.com","date":"2025-10-11","meal_category":"Breakfast","food_name":"Longsilog","calories":550,"serving_size":"Large plate with extra rice","protein":25,"carbs":50,"fat":25,"fiber":0}
2025-10-11 08:45:12.506 11915-11915 AddedFoodManager        com.example.nutrisaur11              D  Added Longsilog to Breakfast on 2025-10-11 (using single storage system)
2025-10-11 08:45:12.506 11915-11915 AddedFoodManager        com.example.nutrisaur11              D  Retrieved user email: 'kevinpingol123@gmail.com'
2025-10-11 08:45:12.507 11915-11915 AddedFoodManager        com.example.nutrisaur11              D  ğŸ” Attempting to store food in database:
2025-10-11 08:45:12.507 11915-11915 AddedFoodManager        com.example.nutrisaur11              D    - User Email: kevinpingol123@gmail.com
2025-10-11 08:45:12.507 11915-11915 AddedFoodManager        com.example.nutrisaur11              D    - Date: 2025-10-11
2025-10-11 08:45:12.507 11915-11915 AddedFoodManager        com.example.nutrisaur11              D    - Meal: Breakfast
2025-10-11 08:45:12.507 11915-11915 AddedFoodManager        com.example.nutrisaur11              D    - Food: Longsilog
2025-10-11 08:45:12.507 11915-11915 FoodActivity            com.example.nutrisaur11              D  âœ… Stored: Longsilog in Breakfast for 2025-10-11
2025-10-11 08:45:12.507 11915-11915 FoodActivity            com.example.nutrisaur11              D  About to store: Longsilog in Breakfast for 2025-10-11
2025-10-11 08:45:12.507 11915-11915 AddedFoodManager        com.example.nutrisaur11              D  ğŸ¯ addFoodToMealTime called: Longsilog -> Breakfast on 2025-10-11
2025-10-11 08:45:12.512 11915-18517 ApiClient               com.example.nutrisaur11              D  ğŸš€ Starting food upload to database:
2025-10-11 08:45:12.512 11915-18517 ApiClient               com.example.nutrisaur11              D    - User: kevinpingol123@gmail.com
2025-10-11 08:45:12.512 11915-18517 ApiClient               com.example.nutrisaur11              D    - Date: 2025-10-11
2025-10-11 08:45:12.512 11915-18517 ApiClient               com.example.nutrisaur11              D    - Meal: Breakfast
2025-10-11 08:45:12.512 11915-18517 ApiClient               com.example.nutrisaur11              D    - Food: Longsilog
2025-10-11 08:45:12.513 11915-18517 ApiClient               com.example.nutrisaur11              D  ğŸ“¡ Upload URL: https://nutrisaur-production.up.railway.app/api/food_history_api.php?action=add
2025-10-11 08:45:12.513 11915-18517 ApiClient               com.example.nutrisaur11              D  ğŸ“¦ Upload data: {"user_email":"kevinpingol123@gmail.com","date":"2025-10-11","meal_category":"Breakfast","food_name":"Longsilog","calories":550,"serving_size":"Large plate with extra rice","protein":25,"carbs":50,"fat":25,"fiber":0}
2025-10-11 08:45:12.515 11915-11915 AddedFoodManager        com.example.nutrisaur11              D  Added Longsilog to Breakfast on 2025-10-11 (using single storage system)
2025-10-11 08:45:12.515 11915-11915 AddedFoodManager        com.example.nutrisaur11              D  Retrieved user email: 'kevinpingol123@gmail.com'
2025-10-11 08:45:12.515 11915-11915 AddedFoodManager        com.example.nutrisaur11              D  ğŸ” Attempting to store food in database:
2025-10-11 08:45:12.515 11915-11915 AddedFoodManager        com.example.nutrisaur11              D    - User Email: kevinpingol123@gmail.com
2025-10-11 08:45:12.515 11915-11915 AddedFoodManager        com.example.nutrisaur11              D    - Date: 2025-10-11
2025-10-11 08:45:12.515 11915-11915 AddedFoodManager        com.example.nutrisaur11              D    - Meal: Breakfast
2025-10-11 08:45:12.515 11915-11915 AddedFoodManager        com.example.nutrisaur11              D    - Food: Longsilog
2025-10-11 08:45:12.516 11915-11915 FoodActivity            com.example.nutrisaur11              D  âœ… Stored: Longsilog in Breakfast for 2025-10-11
2025-10-11 08:45:12.516 11915-11915 FoodActivity            com.example.nutrisaur11              D  About to store: Longsilog in Breakfast for 2025-10-11
2025-10-11 08:45:12.516 11915-11915 AddedFoodManager        com.example.nutrisaur11              D  ğŸ¯ addFoodToMealTime called: Longsilog -> Breakfast on 2025-10-11
2025-10-11 08:45:12.523 11915-11915 AddedFoodManager        com.example.nutrisaur11              D  Added Longsilog to Breakfast on 2025-10-11 (using single storage system)
2025-10-11 08:45:12.523 11915-11915 AddedFoodManager        com.example.nutrisaur11              D  Retrieved user email: 'kevinpingol123@gmail.com'
2025-10-11 08:45:12.523 11915-11915 AddedFoodManager        com.example.nutrisaur11              D  ğŸ” Attempting to store food in database:
2025-10-11 08:45:12.523 11915-11915 AddedFoodManager        com.example.nutrisaur11              D    - User Email: kevinpingol123@gmail.com
2025-10-11 08:45:12.523 11915-11915 AddedFoodManager        com.example.nutrisaur11              D    - Date: 2025-10-11
2025-10-11 08:45:12.523 11915-11915 AddedFoodManager        com.example.nutrisaur11              D    - Meal: Breakfast
2025-10-11 08:45:12.523 11915-11915 AddedFoodManager        com.example.nutrisaur11              D    - Food: Longsilog
2025-10-11 08:45:12.523 11915-11915 FoodActivity            com.example.nutrisaur11              D  âœ… Stored: Longsilog in Breakfast for 2025-10-11
2025-10-11 08:45:12.523 11915-11915 FoodActivity            com.example.nutrisaur11              D  About to store: Longsilog in Breakfast for 2025-10-11
2025-10-11 08:45:12.523 11915-11915 AddedFoodManager        com.example.nutrisaur11              D  ğŸ¯ addFoodToMealTime called: Longsilog -> Breakfast on 2025-10-11
2025-10-11 08:45:12.524 11915-18524 ApiClient               com.example.nutrisaur11              D  ğŸš€ Starting food upload to database:
2025-10-11 08:45:12.524 11915-18524 ApiClient               com.example.nutrisaur11              D    - User: kevinpingol123@gmail.com
2025-10-11 08:45:12.525 11915-18524 ApiClient               com.example.nutrisaur11              D    - Date: 2025-10-11
2025-10-11 08:45:12.525 11915-18524 ApiClient               com.example.nutrisaur11              D    - Meal: Breakfast
2025-10-11 08:45:12.525 11915-18524 ApiClient               com.example.nutrisaur11              D    - Food: Longsilog
2025-10-11 08:45:12.525 11915-18524 ApiClient               com.example.nutrisaur11              D  ğŸ“¡ Upload URL: https://nutrisaur-production.up.railway.app/api/food_history_api.php?action=add
2025-10-11 08:45:12.526 11915-18524 ApiClient               com.example.nutrisaur11              D  ğŸ“¦ Upload data: {"user_email":"kevinpingol123@gmail.com","date":"2025-10-11","meal_category":"Breakfast","food_name":"Longsilog","calories":550,"serving_size":"Large plate with extra rice","protein":25,"carbs":50,"fat":25,"fiber":0}
2025-10-11 08:45:12.527 11915-18511 ApiClient               com.example.nutrisaur11              D  Response code: 200
2025-10-11 08:45:12.527 11915-18511 ApiClient               com.example.nutrisaur11              D  ğŸ“¥ Upload food response: {"success":true,"message":"Food entry added successfully","id":"83"}
2025-10-11 08:45:12.528 11915-18511 AddedFoodManager        com.example.nutrisaur11              D  âœ… Database storage call completed
2025-10-11 08:45:12.530 11915-18523 ApiClient               com.example.nutrisaur11              D  ğŸš€ Starting food upload to database:
2025-10-11 08:45:12.530 11915-18523 ApiClient               com.example.nutrisaur11              D    - User: kevinpingol123@gmail.com
2025-10-11 08:45:12.530 11915-18523 ApiClient               com.example.nutrisaur11              D    - Date: 2025-10-11
2025-10-11 08:45:12.530 11915-18523 ApiClient               com.example.nutrisaur11              D    - Meal: Breakfast
2025-10-11 08:45:12.530 11915-18523 ApiClient               com.example.nutrisaur11              D    - Food: Longsilog
2025-10-11 08:45:12.530 11915-18523 ApiClient               com.example.nutrisaur11              D  ğŸ“¡ Upload URL: https://nutrisaur-production.up.railway.app/api/food_history_api.php?action=add
2025-10-11 08:45:12.530 11915-18523 ApiClient               com.example.nutrisaur11              D  ğŸ“¦ Upload data: {"user_email":"kevinpingol123@gmail.com","date":"2025-10-11","meal_category":"Breakfast","food_name":"Longsilog","calories":550,"serving_size":"Large plate with extra rice","protein":25,"carbs":50,"fat":25,"fiber":0}
2025-10-11 08:45:12.531 11915-11915 AddedFoodManager        com.example.nutrisaur11              D  Added Longsilog to Breakfast on 2025-10-11 (using single storage system)
2025-10-11 08:45:12.531 11915-11915 AddedFoodManager        com.example.nutrisaur11              D  Retrieved user email: 'kevinpingol123@gmail.com'
2025-10-11 08:45:12.531 11915-11915 AddedFoodManager        com.example.nutrisaur11              D  ğŸ” Attempting to store food in database:
2025-10-11 08:45:12.531 11915-11915 AddedFoodManager        com.example.nutrisaur11              D    - User Email: kevinpingol123@gmail.com
2025-10-11 08:45:12.531 11915-11915 AddedFoodManager        com.example.nutrisaur11              D    - Date: 2025-10-11
2025-10-11 08:45:12.531 11915-11915 AddedFoodManager        com.example.nutrisaur11              D    - Meal: Breakfast
2025-10-11 08:45:12.531 11915-11915 AddedFoodManager        com.example.nutrisaur11              D    - Food: Longsilog
2025-10-11 08:45:12.531 11915-11915 FoodActivity            com.example.nutrisaur11              D  âœ… Stored: Longsilog in Breakfast for 2025-10-11
2025-10-11 08:45:12.531 11915-11915 FoodActivity            com.example.nutrisaur11              D  About to store: Tapsilog in Breakfast for 2025-10-11
2025-10-11 08:45:12.531 11915-11915 AddedFoodManager        com.example.nutrisaur11              D  ğŸ¯ addFoodToMealTime called: Tapsilog -> Breakfast on 2025-10-11
2025-10-11 08:45:12.534 11915-18525 ApiClient               com.example.nutrisaur11              D  ğŸš€ Starting food upload to database:
2025-10-11 08:45:12.534 11915-18525 ApiClient               com.example.nutrisaur11              D    - User: kevinpingol123@gmail.com
2025-10-11 08:45:12.534 11915-18525 ApiClient               com.example.nutrisaur11              D    - Date: 2025-10-11
2025-10-11 08:45:12.534 11915-18525 ApiClient               com.example.nutrisaur11              D    - Meal: Breakfast
2025-10-11 08:45:12.534 11915-18525 ApiClient               com.example.nutrisaur11              D    - Food: Longsilog
2025-10-11 08:45:12.534 11915-18525 ApiClient               com.example.nutrisaur11              D  ğŸ“¡ Upload URL: https://nutrisaur-production.up.railway.app/api/food_history_api.php?action=add
2025-10-11 08:45:12.534 11915-18525 ApiClient               com.example.nutrisaur11              D  ğŸ“¦ Upload data: {"user_email":"kevinpingol123@gmail.com","date":"2025-10-11","meal_category":"Breakfast","food_name":"Longsilog","calories":550,"serving_size":"Large plate with extra rice","protein":25,"carbs":50,"fat":25,"fiber":0}
2025-10-11 08:45:12.544 11915-18514 ApiClient               com.example.nutrisaur11              D  Response code: 200
2025-10-11 08:45:12.544 11915-18514 ApiClient               com.example.nutrisaur11              D  ğŸ“¥ Upload food response: {"success":true,"message":"Food entry added successfully","id":"84"}
2025-10-11 08:45:12.545 11915-18514 AddedFoodManager        com.example.nutrisaur11              D  âœ… Database storage call completed
2025-10-11 08:45:12.548 11915-11915 AddedFoodManager        com.example.nutrisaur11              D  Added Tapsilog to Breakfast on 2025-10-11 (using single storage system)
2025-10-11 08:45:12.548 11915-11915 AddedFoodManager        com.example.nutrisaur11              D  Retrieved user email: 'kevinpingol123@gmail.com'
2025-10-11 08:45:12.548 11915-11915 AddedFoodManager        com.example.nutrisaur11              D  ğŸ” Attempting to store food in database:
2025-10-11 08:45:12.548 11915-11915 AddedFoodManager        com.example.nutrisaur11              D    - User Email: kevinpingol123@gmail.com
2025-10-11 08:45:12.548 11915-11915 AddedFoodManager        com.example.nutrisaur11              D    - Date: 2025-10-11
2025-10-11 08:45:12.548 11915-11915 AddedFoodManager        com.example.nutrisaur11              D    - Meal: Breakfast
2025-10-11 08:45:12.548 11915-11915 AddedFoodManager        com.example.nutrisaur11              D    - Food: Tapsilog
2025-10-11 08:45:12.550 11915-11915 FoodActivity            com.example.nutrisaur11              D  âœ… Stored: Tapsilog in Breakfast for 2025-10-11
2025-10-11 08:45:12.550 11915-11915 FoodActivity            com.example.nutrisaur11              D  About to store: Tapsilog in Breakfast for 2025-10-11
2025-10-11 08:45:12.550 11915-11915 AddedFoodManager        com.example.nutrisaur11              D  ğŸ¯ addFoodToMealTime called: Tapsilog -> Breakfast on 2025-10-11
2025-10-11 08:45:12.552 11915-11922 ple.nutrisaur1          com.example.nutrisaur11              I  Background concurrent copying GC freed 9476KB AllocSpace bytes, 104(3076KB) LOS objects, 49% free, 13MB/27MB, paused 1.888ms,224us total 220.675ms
2025-10-11 08:45:12.557 11915-18512 ApiClient               com.example.nutrisaur11              D  Response code: 200
2025-10-11 08:45:12.557 11915-11915 AddedFoodManager        com.example.nutrisaur11              D  Added Tapsilog to Breakfast on 2025-10-11 (using single storage system)
2025-10-11 08:45:12.557 11915-11915 AddedFoodManager        com.example.nutrisaur11              D  Retrieved user email: 'kevinpingol123@gmail.com'
2025-10-11 08:45:12.557 11915-11915 AddedFoodManager        com.example.nutrisaur11              D  ğŸ” Attempting to store food in database:
2025-10-11 08:45:12.557 11915-11915 AddedFoodManager        com.example.nutrisaur11              D    - User Email: kevinpingol123@gmail.com
2025-10-11 08:45:12.557 11915-11915 AddedFoodManager        com.example.nutrisaur11              D    - Date: 2025-10-11
2025-10-11 08:45:12.557 11915-11915 AddedFoodManager        com.example.nutrisaur11              D    - Meal: Breakfast
2025-10-11 08:45:12.557 11915-11915 AddedFoodManager        com.example.nutrisaur11              D    - Food: Tapsilog
2025-10-11 08:45:12.558 11915-11915 FoodActivity            com.example.nutrisaur11              D  âœ… Stored: Tapsilog in Breakfast for 2025-10-11
2025-10-11 08:45:12.558 11915-11915 FoodActivity            com.example.nutrisaur11              D  About to store: Tapsilog in Breakfast for 2025-10-11
2025-10-11 08:45:12.558 11915-11915 AddedFoodManager        com.example.nutrisaur11              D  ğŸ¯ addFoodToMealTime called: Tapsilog -> Breakfast on 2025-10-11
2025-10-11 08:45:12.558 11915-18512 ApiClient               com.example.nutrisaur11              D  ğŸ“¥ Upload food response: {"success":true,"message":"Food entry added successfully","id":"85"}
2025-10-11 08:45:12.558 11915-18512 AddedFoodManager        com.example.nutrisaur11              D  âœ… Database storage call completed
2025-10-11 08:45:12.564 11915-18515 ApiClient               com.example.nutrisaur11              D  Response code: 200
2025-10-11 08:45:12.565 11915-18515 ApiClient               com.example.nutrisaur11              D  ğŸ“¥ Upload food response: {"success":true,"message":"Food entry added successfully","id":"86"}
2025-10-11 08:45:12.565 11915-18515 AddedFoodManager        com.example.nutrisaur11              D  âœ… Database storage call completed
2025-10-11 08:45:12.567 11915-18527 ApiClient               com.example.nutrisaur11              D  ğŸš€ Starting food upload to database:
2025-10-11 08:45:12.567 11915-18527 ApiClient               com.example.nutrisaur11              D    - User: kevinpingol123@gmail.com
2025-10-11 08:45:12.567 11915-18527 ApiClient               com.example.nutrisaur11              D    - Date: 2025-10-11
2025-10-11 08:45:12.567 11915-18527 ApiClient               com.example.nutrisaur11              D    - Meal: Breakfast
2025-10-11 08:45:12.567 11915-18527 ApiClient               com.example.nutrisaur11              D    - Food: Tapsilog
2025-10-11 08:45:12.567 11915-18527 ApiClient               com.example.nutrisaur11              D  ğŸ“¡ Upload URL: https://nutrisaur-production.up.railway.app/api/food_history_api.php?action=add
2025-10-11 08:45:12.567 11915-18527 ApiClient               com.example.nutrisaur11              D  ğŸ“¦ Upload data: {"user_email":"kevinpingol123@gmail.com","date":"2025-10-11","meal_category":"Breakfast","food_name":"Tapsilog","calories":600,"serving_size":"Large plate with extra rice","protein":35,"carbs":40,"fat":30,"fiber":0}
2025-10-11 08:45:12.568 11915-11915 AddedFoodManager        com.example.nutrisaur11              D  Added Tapsilog to Breakfast on 2025-10-11 (using single storage system)
2025-10-11 08:45:12.568 11915-11915 AddedFoodManager        com.example.nutrisaur11              D  Retrieved user email: 'kevinpingol123@gmail.com'
2025-10-11 08:45:12.568 11915-11915 AddedFoodManager        com.example.nutrisaur11              D  ğŸ” Attempting to store food in database:
2025-10-11 08:45:12.568 11915-11915 AddedFoodManager        com.example.nutrisaur11              D    - User Email: kevinpingol123@gmail.com
2025-10-11 08:45:12.568 11915-11915 AddedFoodManager        com.example.nutrisaur11              D    - Date: 2025-10-11
2025-10-11 08:45:12.568 11915-11915 AddedFoodManager        com.example.nutrisaur11              D    - Meal: Breakfast
2025-10-11 08:45:12.568 11915-11915 AddedFoodManager        com.example.nutrisaur11              D    - Food: Tapsilog
2025-10-11 08:45:12.569 11915-11915 FoodActivity            com.example.nutrisaur11              D  âœ… Stored: Tapsilog in Breakfast for 2025-10-11
2025-10-11 08:45:12.569 11915-11915 FoodActivity            com.example.nutrisaur11              D  About to store: Tapsilog in Breakfast for 2025-10-11
2025-10-11 08:45:12.569 11915-11915 AddedFoodManager        com.example.nutrisaur11              D  ğŸ¯ addFoodToMealTime called: Tapsilog -> Breakfast on 2025-10-11
2025-10-11 08:45:12.578 11915-18528 ApiClient               com.example.nutrisaur11              D  ğŸš€ Starting food upload to database:
2025-10-11 08:45:12.578 11915-18528 ApiClient               com.example.nutrisaur11              D    - User: kevinpingol123@gmail.com
2025-10-11 08:45:12.578 11915-18528 ApiClient               com.example.nutrisaur11              D    - Date: 2025-10-11
2025-10-11 08:45:12.578 11915-18528 ApiClient               com.example.nutrisaur11              D    - Meal: Breakfast
2025-10-11 08:45:12.578 11915-18528 ApiClient               com.example.nutrisaur11              D    - Food: Tapsilog
2025-10-11 08:45:12.578 11915-18528 ApiClient               com.example.nutrisaur11              D  ğŸ“¡ Upload URL: https://nutrisaur-production.up.railway.app/api/food_history_api.php?action=add
2025-10-11 08:45:12.578 11915-18528 ApiClient               com.example.nutrisaur11              D  ğŸ“¦ Upload data: {"user_email":"kevinpingol123@gmail.com","date":"2025-10-11","meal_category":"Breakfast","food_name":"Tapsilog","calories":600,"serving_size":"Large plate with extra rice","protein":35,"carbs":40,"fat":30,"fiber":0}
2025-10-11 08:45:12.580 11915-11915 AddedFoodManager        com.example.nutrisaur11              D  Added Tapsilog to Breakfast on 2025-10-11 (using single storage system)
2025-10-11 08:45:12.580 11915-11915 AddedFoodManager        com.example.nutrisaur11              D  Retrieved user email: 'kevinpingol123@gmail.com'
2025-10-11 08:45:12.580 11915-11915 AddedFoodManager        com.example.nutrisaur11              D  ğŸ” Attempting to store food in database:
2025-10-11 08:45:12.580 11915-11915 AddedFoodManager        com.example.nutrisaur11              D    - User Email: kevinpingol123@gmail.com
2025-10-11 08:45:12.580 11915-11915 AddedFoodManager        com.example.nutrisaur11              D    - Date: 2025-10-11
2025-10-11 08:45:12.580 11915-11915 AddedFoodManager        com.example.nutrisaur11              D    - Meal: Breakfast
2025-10-11 08:45:12.580 11915-11915 AddedFoodManager        com.example.nutrisaur11              D    - Food: Tapsilog
2025-10-11 08:45:12.581 11915-11915 FoodActivity            com.example.nutrisaur11              D  âœ… Stored: Tapsilog in Breakfast for 2025-10-11
2025-10-11 08:45:12.581 11915-11915 FoodActivity            com.example.nutrisaur11              D  About to store: Tapsilog in Breakfast for 2025-10-11
2025-10-11 08:45:12.581 11915-11915 AddedFoodManager        com.example.nutrisaur11              D  ğŸ¯ addFoodToMealTime called: Tapsilog -> Breakfast on 2025-10-11
2025-10-11 08:45:12.584 11915-18529 ApiClient               com.example.nutrisaur11              D  ğŸš€ Starting food upload to database:
2025-10-11 08:45:12.585 11915-18529 ApiClient               com.example.nutrisaur11              D    - User: kevinpingol123@gmail.com
2025-10-11 08:45:12.585 11915-18529 ApiClient               com.example.nutrisaur11              D    - Date: 2025-10-11
2025-10-11 08:45:12.585 11915-18529 ApiClient               com.example.nutrisaur11              D    - Meal: Breakfast
2025-10-11 08:45:12.585 11915-18529 ApiClient               com.example.nutrisaur11              D    - Food: Tapsilog
2025-10-11 08:45:12.585 11915-18529 ApiClient               com.example.nutrisaur11              D  ğŸ“¡ Upload URL: https://nutrisaur-production.up.railway.app/api/food_history_api.php?action=add
2025-10-11 08:45:12.585 11915-18529 ApiClient               com.example.nutrisaur11              D  ğŸ“¦ Upload data: {"user_email":"kevinpingol123@gmail.com","date":"2025-10-11","meal_category":"Breakfast","food_name":"Tapsilog","calories":600,"serving_size":"Large plate with extra rice","protein":35,"carbs":40,"fat":30,"fiber":0}
2025-10-11 08:45:12.586 11915-18530 ApiClient               com.example.nutrisaur11              D  ğŸš€ Starting food upload to database:
2025-10-11 08:45:12.586 11915-18530 ApiClient               com.example.nutrisaur11              D    - User: kevinpingol123@gmail.com
2025-10-11 08:45:12.586 11915-18530 ApiClient               com.example.nutrisaur11              D    - Date: 2025-10-11
2025-10-11 08:45:12.586 11915-18530 ApiClient               com.example.nutrisaur11              D    - Meal: Breakfast
2025-10-11 08:45:12.586 11915-18530 ApiClient               com.example.nutrisaur11              D    - Food: Tapsilog
2025-10-11 08:45:12.586 11915-18530 ApiClient               com.example.nutrisaur11              D  ğŸ“¡ Upload URL: https://nutrisaur-production.up.railway.app/api/food_history_api.php?action=add
2025-10-11 08:45:12.586 11915-18530 ApiClient               com.example.nutrisaur11              D  ğŸ“¦ Upload data: {"user_email":"kevinpingol123@gmail.com","date":"2025-10-11","meal_category":"Breakfast","food_name":"Tapsilog","calories":600,"serving_size":"Large plate with extra rice","protein":35,"carbs":40,"fat":30,"fiber":0}
2025-10-11 08:45:12.595 11915-18523 ApiClient               com.example.nutrisaur11              D  Response code: 200
2025-10-11 08:45:12.595 11915-18523 ApiClient               com.example.nutrisaur11              D  ğŸ“¥ Upload food response: {"success":true,"message":"Food entry added successfully","id":"87"}
2025-10-11 08:45:12.595 11915-18523 AddedFoodManager        com.example.nutrisaur11              D  âœ… Database storage call completed
2025-10-11 08:45:12.600 11915-11915 AddedFoodManager        com.example.nutrisaur11              D  Added Tapsilog to Breakfast on 2025-10-11 (using single storage system)
2025-10-11 08:45:12.600 11915-11915 AddedFoodManager        com.example.nutrisaur11              D  Retrieved user email: 'kevinpingol123@gmail.com'
2025-10-11 08:45:12.600 11915-11915 AddedFoodManager        com.example.nutrisaur11              D  ğŸ” Attempting to store food in database:
2025-10-11 08:45:12.600 11915-11915 AddedFoodManager        com.example.nutrisaur11              D    - User Email: kevinpingol123@gmail.com
2025-10-11 08:45:12.600 11915-11915 AddedFoodManager        com.example.nutrisaur11              D    - Date: 2025-10-11
2025-10-11 08:45:12.600 11915-11915 AddedFoodManager        com.example.nutrisaur11              D    - Meal: Breakfast
2025-10-11 08:45:12.600 11915-11915 AddedFoodManager        com.example.nutrisaur11              D    - Food: Tapsilog
2025-10-11 08:45:12.600 11915-11915 FoodActivity            com.example.nutrisaur11              D  âœ… Stored: Tapsilog in Breakfast for 2025-10-11
2025-10-11 08:45:12.600 11915-11915 FoodActivity            com.example.nutrisaur11              D  About to store: Tapsilog in Breakfast for 2025-10-11
2025-10-11 08:45:12.600 11915-11915 AddedFoodManager        com.example.nutrisaur11              D  ğŸ¯ addFoodToMealTime called: Tapsilog -> Breakfast on 2025-10-11
2025-10-11 08:45:12.601 11915-18531 ApiClient               com.example.nutrisaur11              D  ğŸš€ Starting food upload to database:
2025-10-11 08:45:12.601 11915-18531 ApiClient               com.example.nutrisaur11              D    - User: kevinpingol123@gmail.com
2025-10-11 08:45:12.601 11915-18531 ApiClient               com.example.nutrisaur11              D    - Date: 2025-10-11
2025-10-11 08:45:12.601 11915-18531 ApiClient               com.example.nutrisaur11              D    - Meal: Breakfast
2025-10-11 08:45:12.601 11915-18531 ApiClient               com.example.nutrisaur11              D    - Food: Tapsilog
2025-10-11 08:45:12.601 11915-18531 ApiClient               com.example.nutrisaur11              D  ğŸ“¡ Upload URL: https://nutrisaur-production.up.railway.app/api/food_history_api.php?action=add
2025-10-11 08:45:12.601 11915-18531 ApiClient               com.example.nutrisaur11              D  ğŸ“¦ Upload data: {"user_email":"kevinpingol123@gmail.com","date":"2025-10-11","meal_category":"Breakfast","food_name":"Tapsilog","calories":600,"serving_size":"Large plate with extra rice","protein":35,"carbs":40,"fat":30,"fiber":0}
2025-10-11 08:45:12.609 11915-18524 ApiClient               com.example.nutrisaur11              D  Response code: 200
