2025-09-25 11:27:34.610 13895-13943 CommunityUserManager    com.example.nutrisaur11              D    screening_date: 2025-09-24 17:30:05
2025-09-25 11:27:34.610 13895-13943 CommunityUserManager    com.example.nutrisaur11              D    bmi_category: 
2025-09-25 11:27:34.610 13895-13943 CommunityUserManager    com.example.nutrisaur11              D    name: jsjsh
2025-09-25 11:27:34.611 13895-13943 CommunityUserManager    com.example.nutrisaur11              D    barangay: Alion
2025-09-25 11:27:34.611 13895-13943 CommunityUserManager    com.example.nutrisaur11              D    email: uehwhzueje@ss.e
2025-09-25 11:27:34.611 13895-13943 CommunityUserManager    com.example.nutrisaur11              D    age: 
2025-09-25 11:27:34.611 13895-13943 CommunityUserManager    com.example.nutrisaur11              D    bmi: 
2025-09-25 11:27:34.611 13895-13943 CommunityUserManager    com.example.nutrisaur11              D  Essential user data found for personalization
2025-09-25 11:27:34.611 13895-13943 SessionManager          com.example.nutrisaur11              D  User exists and is valid: uehwhzueje@ss.e
2025-09-25 11:27:34.611 13895-13943 CommunityUserManager    com.example.nutrisaur11              D  === GETTING CURRENT USER DATA FROM DATABASE ===
2025-09-25 11:27:34.611 13895-13943 CommunityUserManager    com.example.nutrisaur11              D  Making API request to: https://nutrisaur-production.up.railway.app/api/DatabaseAPI.php?action=get_community_user_data
2025-09-25 11:27:34.611 13895-13943 CommunityUserManager    com.example.nutrisaur11              D  Request data: {"email":"uehwhzueje@ss.e"}
2025-09-25 11:27:34.612 13895-13895 SessionManager          com.example.nutrisaur11              D  Background validation successful
2025-09-25 11:27:34.710 13895-13895 SessionManager          com.example.nutrisaur11              D  User interaction recorded at: 1758770854710
2025-09-25 11:27:34.800 13895-13895 AddedFoodManager        com.example.nutrisaur11              D  getDailyFoods returned: 3 meal categories for 2025-09-25
2025-09-25 11:27:34.800 13895-13895 AddedFoodManager        com.example.nutrisaur11              D  Meal category Breakfast has 1 foods
2025-09-25 11:27:34.800 13895-13895 AddedFoodManager        com.example.nutrisaur11              D    - Sinigang na Baboy (Pork in Tamarind Broth) in Breakfast
2025-09-25 11:27:34.800 13895-13895 AddedFoodManager        com.example.nutrisaur11              D  Meal category Lunch has 0 foods
2025-09-25 11:27:34.800 13895-13895 AddedFoodManager        com.example.nutrisaur11              D  Meal category Dinner has 0 foods
2025-09-25 11:27:34.800 13895-13895 AddedFoodManager        com.example.nutrisaur11              D  Retrieved 1 foods from NEW daily storage for 2025-09-25
2025-09-25 11:27:34.800 13895-13895 AddedFoodManager        com.example.nutrisaur11              D  Combined foods: 2 total (daily: 1, historical: 1)
2025-09-25 11:27:34.804 13895-13895 FoodLoggingActivity     com.example.nutrisaur11              D  Loaded 2 added foods for Breakfast
2025-09-25 11:27:34.893 13895-13943 CommunityUserManager    com.example.nutrisaur11              D  API response code: 200
2025-09-25 11:27:34.893 13895-13943 CommunityUserManager    com.example.nutrisaur11              D  API response message: 
2025-09-25 11:27:34.896 13895-13943 CommunityUserManager    com.example.nutrisaur11              D  API response for get_community_user_data: {"success":true,"message":"User data retrieved successfully","user":{"name":"jsjsh","email":"uehwhzueje@ss.e","municipality":"MARIVELES","barangay":"Alion","sex":"Male","birthday":"2005-09-25","age":"","is_pregnant":"N\/A","weight":"50","height":"171","muac_cm":"","bmi":"","bmi_category":"","muac_category":"","screening_date":"2025-09-24 17:30:05","screened_by":"","notes":"","status":"","created_at":"","updated_at":""}}
2025-09-25 11:27:34.896 13895-13943 CommunityUserManager    com.example.nutrisaur11              D  Retrieved user data from database:
2025-09-25 11:27:34.896 13895-13943 CommunityUserManager    com.example.nutrisaur11              D    birthday: 2005-09-25
2025-09-25 11:27:34.896 13895-13943 CommunityUserManager    com.example.nutrisaur11              D    is_pregnant: N/A
2025-09-25 11:27:34.896 13895-13943 CommunityUserManager    com.example.nutrisaur11              D    muac_category: 
2025-09-25 11:27:34.897 13895-13943 CommunityUserManager    com.example.nutrisaur11              D    notes: 
2025-09-25 11:27:34.897 13895-13943 CommunityUserManager    com.example.nutrisaur11              D    weight_kg: 50
2025-09-25 11:27:34.897 13895-13943 CommunityUserManager    com.example.nutrisaur11              D    nutritional_risk: 
2025-09-25 11:27:34.897 13895-13943 CommunityUserManager    com.example.nutrisaur11              D    height_cm: 171
2025-09-25 11:27:34.897 13895-13943 CommunityUserManager    com.example.nutrisaur11              D    sex: Male
2025-09-25 11:27:34.897 13895-13943 CommunityUserManager    com.example.nutrisaur11              D    municipality: MARIVELES
2025-09-25 11:27:34.897 13895-13943 CommunityUserManager    com.example.nutrisaur11              D    muac_cm: 
2025-09-25 11:27:34.897 13895-13943 CommunityUserManager    com.example.nutrisaur11              D    screening_date: 2025-09-24 17:30:05
2025-09-25 11:27:34.897 13895-13943 CommunityUserManager    com.example.nutrisaur11              D    bmi_category: 
2025-09-25 11:27:34.897 13895-13943 CommunityUserManager    com.example.nutrisaur11              D    name: jsjsh
2025-09-25 11:27:34.897 13895-13943 CommunityUserManager    com.example.nutrisaur11              D    barangay: Alion
2025-09-25 11:27:34.897 13895-13943 CommunityUserManager    com.example.nutrisaur11              D    email: uehwhzueje@ss.e
2025-09-25 11:27:34.897 13895-13943 CommunityUserManager    com.example.nutrisaur11              D    age: 
2025-09-25 11:27:34.897 13895-13943 CommunityUserManager    com.example.nutrisaur11              D    bmi: 
2025-09-25 11:27:34.897 13895-13943 CommunityUserManager    com.example.nutrisaur11              D  Essential user data found for personalization
2025-09-25 11:27:34.897 13895-13943 SessionManager          com.example.nutrisaur11              D  User exists and is valid: uehwhzueje@ss.e
2025-09-25 11:27:34.898 13895-13895 SessionManager          com.example.nutrisaur11              D  Background validation successful
2025-09-25 11:27:36.329 13895-13895 SessionManager          com.example.nutrisaur11              D  User interaction recorded at: 1758770856329
2025-09-25 11:27:36.425 13895-13895 AddedFoodManager        com.example.nutrisaur11              D  Attempting to remove food: Sinigang na Baboy (Pork in Tamarind Broth) (calories: 350, meal: Breakfast)
2025-09-25 11:27:36.428 13895-13895 AddedFoodManager        com.example.nutrisaur11              D  Checking daily foods for Breakfast: 1 items
2025-09-25 11:27:36.433 13895-13895 AddedFoodManager        com.example.nutrisaur11              D  Removed from daily foods system (meal: Breakfast)
2025-09-25 11:27:36.448 13895-13895 CalorieTracker          com.example.nutrisaur11              D  Removed Sinigang na Baboy (Pork in Tamarind Broth) from Breakfast for date 2025-09-25. Calories before: 700, after: 350
2025-09-25 11:27:36.453 13895-13895 AddedFoodManager        com.example.nutrisaur11              D  getDailyFoods returned: 3 meal categories for 2025-09-25
2025-09-25 11:27:36.453 13895-13895 AddedFoodManager        com.example.nutrisaur11              D  Meal category Breakfast has 0 foods
2025-09-25 11:27:36.453 13895-13895 AddedFoodManager        com.example.nutrisaur11              D  Meal category Lunch has 0 foods
2025-09-25 11:27:36.453 13895-13895 AddedFoodManager        com.example.nutrisaur11              D  Meal category Dinner has 0 foods
2025-09-25 11:27:36.453 13895-13895 AddedFoodManager        com.example.nutrisaur11              D  Retrieved 0 foods from NEW daily storage for 2025-09-25
2025-09-25 11:27:36.453 13895-13895 CalorieTracker          com.example.nutrisaur11              D  Syncing with 0 added foods for date: 2025-09-25
2025-09-25 11:27:36.453 13895-13895 CalorieTracker          com.example.nutrisaur11              D    Daily foods: 0
2025-09-25 11:27:36.453 13895-13895 CalorieTracker          com.example.nutrisaur11              D    Historical foods: 0
2025-09-25 11:27:36.453 13895-13895 CalorieTracker          com.example.nutrisaur11              D  Available database fields: [is_pregnant, birthday, muac_category, notes, nutritional_risk, weight_kg, height_cm, sex, municipality, muac_cm, screening_date, bmi_category, name, barangay, age, email, bmi]
2025-09-25 11:27:36.454 13895-13895 CalorieTracker          com.example.nutrisaur11              D  Calculated age from birthday '2005-09-25': 20
2025-09-25 11:27:36.454 13895-13895 CalorieTracker          com.example.nutrisaur11              D  Weight field lookup - weight_kg: '50', weight: 'null', final: '50'
2025-09-25 11:27:36.454 13895-13895 CalorieTracker          com.example.nutrisaur11              D  Set weight from database: 50
2025-09-25 11:27:36.454 13895-13895 CalorieTracker          com.example.nutrisaur11              D  Height field lookup - height_cm: '171', height: 'null', final: '171'
2025-09-25 11:27:36.454 13895-13895 CalorieTracker          com.example.nutrisaur11              D  Set height from database: 171
2025-09-25 11:27:36.454 13895-13895 CalorieTracker          com.example.nutrisaur11              D  Created user profile from database data: jsjsh (Age: 20, Weight: 50.0, Height: 171.0, Gender: Male, Activity: Moderate)
2025-09-25 11:27:36.454 13895-13895 CalorieTracker          com.example.nutrisaur11              D  Using user profile from database data
2025-09-25 11:27:36.454 13895-13895 CalorieCal...ionService com.example.nutrisaur11              D  Calculated BMR: 1473.75 for jsjsh
2025-09-25 11:27:36.454 13895-13895 CalorieCal...ionService com.example.nutrisaur11              D  Calculated TDEE: 1768.5 (BMR: 1473.75 × Activity: 1.2)
2025-09-25 11:27:36.454 13895-13895 CalorieCal...ionService com.example.nutrisaur11              D  Calculated daily calorie target: 2268 (TDEE: 1768.5 + Adjustment: 500.0)
2025-09-25 11:27:36.454 13895-13895 CalorieTracker          com.example.nutrisaur11              D  Calculated daily calorie target: 2268
2025-09-25 11:27:36.454 13895-13895 CalorieCal...ionService com.example.nutrisaur11              D  Calculated meal distribution: Breakfast=567, Lunch=793, Dinner=680, Snacks=226
2025-09-25 11:27:36.454 13895-13895 CalorieTracker          com.example.nutrisaur11              D  Calculated meal distribution: Breakfast=567, Lunch=793, Dinner=680, Snacks=226
2025-09-25 11:27:36.454 13895-13895 CalorieTracker          com.example.nutrisaur11              D  Calculated meal distribution: {Breakfast=567, Dinner=680, Snacks=226, Lunch=793}
2025-09-25 11:27:36.460 13895-13895 CalorieTracker          com.example.nutrisaur11              D  Synced CalorieTracker with AddedFoodManager for date 2025-09-25. Total meals: 0
2025-09-25 11:27:36.460 13895-13895 FoodLoggingActivity     com.example.nutrisaur11              D  Creating user profile from community_users table data...
2025-09-25 11:27:36.461 13895-13895 FoodLoggingActivity     com.example.nutrisaur11              D  Calculated age from birthday '2005-09-25': 20
2025-09-25 11:27:36.461 13895-13895 FoodLoggingActivity     com.example.nutrisaur11              D  Database user data: name=jsjsh, age=20, weight=50.0, height=171.0, gender=Male
2025-09-25 11:27:36.461 13895-13895 CalorieCal...ionService com.example.nutrisaur11              D  Calculated BMR: 1473.75 for jsjsh
2025-09-25 11:27:36.461 13895-13895 CalorieCal...ionService com.example.nutrisaur11              D  Calculated TDEE: 1768.5 (BMR: 1473.75 × Activity: 1.2)
2025-09-25 11:27:36.461 13895-13895 CalorieCal...ionService com.example.nutrisaur11              D  Calculated daily calorie target: 2268 (TDEE: 1768.5 + Adjustment: 500.0)
2025-09-25 11:27:36.461 13895-13895 CalorieCal...ionService com.example.nutrisaur11              D  Calculated meal distribution: Breakfast=567, Lunch=793, Dinner=680, Snacks=226
2025-09-25 11:27:36.462 13895-13895 FoodLoggingActivity     com.example.nutrisaur11              D  Updated meal progress text: Breakfast 0/567 kcal
2025-09-25 11:27:36.462 13895-13895 FoodItemAdapter         com.example.nutrisaur11              D  Calories updated for Breakfast: 0/696 kcal
2025-09-25 11:27:36.789 13895-13895 SessionManager          com.example.nutrisaur11              D  User interaction recorded at: 1758770856789
2025-09-25 11:27:36.874 13895-13895 AddedFoodManager        com.example.nutrisaur11              D  Attempting to remove food: Sinigang na Baboy (Pork in Tamarind Broth) (calories: 350, meal: Breakfast)
2025-09-25 11:27:36.875 13895-13895 AddedFoodManager        com.example.nutrisaur11              D  Checking daily foods for Breakfast: 0 items
2025-09-25 11:27:36.875 13895-13895 AddedFoodManager        com.example.nutrisaur11              D  Checking daily foods for Lunch: 0 items
2025-09-25 11:27:36.875 13895-13895 AddedFoodManager        com.example.nutrisaur11              D  Checking daily foods for Dinner: 0 items
2025-09-25 11:27:36.876 13895-13895 AddedFoodManager        com.example.nutrisaur11              D  getDailyFoods returned: 3 meal categories for 2025-09-25
2025-09-25 11:27:36.877 13895-13895 AddedFoodManager        com.example.nutrisaur11              D  Meal category Breakfast has 0 foods
2025-09-25 11:27:36.877 13895-13895 AddedFoodManager        com.example.nutrisaur11              D  Meal category Lunch has 0 foods
2025-09-25 11:27:36.877 13895-13895 AddedFoodManager        com.example.nutrisaur11              D  Meal category Dinner has 0 foods
2025-09-25 11:27:36.877 13895-13895 AddedFoodManager        com.example.nutrisaur11              D  Retrieved 0 foods from NEW daily storage for 2025-09-25
2025-09-25 11:27:36.877 13895-13895 AddedFoodManager        com.example.nutrisaur11              D  Current historical foods count: 0
2025-09-25 11:27:36.877 13895-13895 AddedFoodManager        com.example.nutrisaur11              W  Failed to remove food: Sinigang na Baboy (Pork in Tamarind Broth) - no matching item found in either daily or historical foods
2025-09-25 11:27:36.878 13895-13895 CalorieTracker          com.example.nutrisaur11              W  Meal category not found: Breakfast for date 2025-09-25
2025-09-25 11:27:36.885 13895-13895 AddedFoodManager        com.example.nutrisaur11              D  getDailyFoods returned: 3 meal categories for 2025-09-25
2025-09-25 11:27:36.886 13895-13895 AddedFoodManager        com.example.nutrisaur11              D  Meal category Breakfast has 0 foods
2025-09-25 11:27:36.886 13895-13895 AddedFoodManager        com.example.nutrisaur11              D  Meal category Lunch has 0 foods
2025-09-25 11:27:36.886 13895-13895 AddedFoodManager        com.example.nutrisaur11              D  Meal category Dinner has 0 foods
2025-09-25 11:27:36.886 13895-13895 AddedFoodManager        com.example.nutrisaur11              D  Retrieved 0 foods from NEW daily storage for 2025-09-25
2025-09-25 11:27:36.886 13895-13895 CalorieTracker          com.example.nutrisaur11              D  Syncing with 0 added foods for date: 2025-09-25
2025-09-25 11:27:36.886 13895-13895 CalorieTracker          com.example.nutrisaur11              D    Daily foods: 0
2025-09-25 11:27:36.886 13895-13895 CalorieTracker          com.example.nutrisaur11              D    Historical foods: 0
2025-09-25 11:27:36.886 13895-13895 CalorieTracker          com.example.nutrisaur11              D  Available database fields: [is_pregnant, birthday, muac_category, notes, nutritional_risk, weight_kg, height_cm, sex, municipality, muac_cm, screening_date, bmi_category, name, barangay, age, email, bmi]
2025-09-25 11:27:36.887 13895-13895 CalorieTracker          com.example.nutrisaur11              D  Calculated age from birthday '2005-09-25': 20
2025-09-25 11:27:36.887 13895-13895 CalorieTracker          com.example.nutrisaur11              D  Weight field lookup - weight_kg: '50', weight: 'null', final: '50'
2025-09-25 11:27:36.887 13895-13895 CalorieTracker          com.example.nutrisaur11              D  Set weight from database: 50
2025-09-25 11:27:36.887 13895-13895 CalorieTracker          com.example.nutrisaur11              D  Height field lookup - height_cm: '171', height: 'null', final: '171'
2025-09-25 11:27:36.887 13895-13895 CalorieTracker          com.example.nutrisaur11              D  Set height from database: 171
2025-09-25 11:27:36.887 13895-13895 CalorieTracker          com.example.nutrisaur11              D  Created user profile from database data: jsjsh (Age: 20, Weight: 50.0, Height: 171.0, Gender: Male, Activity: Moderate)
2025-09-25 11:27:36.887 13895-13895 CalorieTracker          com.example.nutrisaur11              D  Using user profile from database data
2025-09-25 11:27:36.887 13895-13895 CalorieCal...ionService com.example.nutrisaur11              D  Calculated BMR: 1473.75 for jsjsh
2025-09-25 11:27:36.887 13895-13895 CalorieCal...ionService com.example.nutrisaur11              D  Calculated TDEE: 1768.5 (BMR: 1473.75 × Activity: 1.2)
2025-09-25 11:27:36.887 13895-13895 CalorieCal...ionService com.example.nutrisaur11              D  Calculated daily calorie target: 2268 (TDEE: 1768.5 + Adjustment: 500.0)
2025-09-25 11:27:36.888 13895-13895 CalorieTracker          com.example.nutrisaur11              D  Calculated daily calorie target: 2268
2025-09-25 11:27:36.888 13895-13895 CalorieCal...ionService com.example.nutrisaur11              D  Calculated meal distribution: Breakfast=567, Lunch=793, Dinner=680, Snacks=226
2025-09-25 11:27:36.888 13895-13895 CalorieTracker          com.example.nutrisaur11              D  Calculated meal distribution: Breakfast=567, Lunch=793, Dinner=680, Snacks=226
2025-09-25 11:27:36.888 13895-13895 CalorieTracker          com.example.nutrisaur11              D  Calculated meal distribution: {Breakfast=567, Dinner=680, Snacks=226, Lunch=793}
2025-09-25 11:27:36.897 13895-13895 CalorieTracker          com.example.nutrisaur11              D  Synced CalorieTracker with AddedFoodManager for date 2025-09-25. Total meals: 0
2025-09-25 11:27:36.898 13895-13895 FoodLoggingActivity     com.example.nutrisaur11              D  Creating user profile from community_users table data...
2025-09-25 11:27:36.898 13895-13895 FoodLoggingActivity     com.example.nutrisaur11              D  Calculated age from birthday '2005-09-25': 20
2025-09-25 11:27:36.899 13895-13895 FoodLoggingActivity     com.example.nutrisaur11              D  Database user data: name=jsjsh, age=20, weight=50.0, height=171.0, gender=Male
2025-09-25 11:27:36.899 13895-13895 CalorieCal...ionService com.example.nutrisaur11              D  Calculated BMR: 1473.75 for jsjsh
2025-09-25 11:27:36.899 13895-13895 CalorieCal...ionService com.example.nutrisaur11              D  Calculated TDEE: 1768.5 (BMR: 1473.75 × Activity: 1.2)
2025-09-25 11:27:36.899 13895-13895 CalorieCal...ionService com.example.nutrisaur11              D  Calculated daily calorie target: 2268 (TDEE: 1768.5 + Adjustment: 500.0)
2025-09-25 11:27:36.899 13895-13895 CalorieCal...ionService com.example.nutrisaur11              D  Calculated meal distribution: Breakfast=567, Lunch=793, Dinner=680, Snacks=226
2025-09-25 11:27:36.900 13895-13895 FoodLoggingActivity     com.example.nutrisaur11              D  Updated meal progress text: Breakfast 0/567 kcal
2025-09-25 11:27:36.901 13895-13895 FoodItemAdapter         com.example.nutrisaur11              D  Calories updated for Breakfast: 0/696 kcal
2025-09-25 11:27:37.708 13895-13895 SessionManager          com.example.nutrisaur11              D  User interaction recorded at: 1758770857708
2025-09-25 11:27:37.822 13895-13895 SessionManager          com.example.nutrisaur11              D  User marked as idle
2025-09-25 11:27:37.842 13895-13895 FoodActivity            com.example.nutrisaur11              D  Food logging completed, refreshing meal progress
2025-09-25 11:27:37.842 13895-13895 FoodActivity            com.example.nutrisaur11              D  Refreshing meal progress on resume
2025-09-25 11:27:37.842 13895-13895 FoodActivity            com.example.nutrisaur11              D  Syncing CalorieTracker with AddedFoodManager for date: 2025-09-25
2025-09-25 11:27:37.847 13895-13895 AddedFoodManager        com.example.nutrisaur11              D  getDailyFoods returned: 3 meal categories for 2025-09-25
2025-09-25 11:27:37.847 13895-13895 AddedFoodManager        com.example.nutrisaur11              D  Meal category Breakfast has 0 foods
2025-09-25 11:27:37.847 13895-13895 AddedFoodManager        com.example.nutrisaur11              D  Meal category Lunch has 0 foods
2025-09-25 11:27:37.847 13895-13895 AddedFoodManager        com.example.nutrisaur11              D  Meal category Dinner has 0 foods
2025-09-25 11:27:37.847 13895-13895 AddedFoodManager        com.example.nutrisaur11              D  Retrieved 0 foods from NEW daily storage for 2025-09-25
2025-09-25 11:27:37.847 13895-13895 CalorieTracker          com.example.nutrisaur11              D  Syncing with 0 added foods for date: 2025-09-25
2025-09-25 11:27:37.847 13895-13895 CalorieTracker          com.example.nutrisaur11              D    Daily foods: 0
2025-09-25 11:27:37.847 13895-13895 CalorieTracker          com.example.nutrisaur11              D    Historical foods: 0
2025-09-25 11:27:37.848 13895-13895 CalorieTracker          com.example.nutrisaur11              D  Available database fields: [birthday, is_pregnant, muac_category, notes, weight_kg, nutritional_risk, height_cm, sex, municipality, muac_cm, screening_date, bmi_category, name, barangay, email, age, bmi]
2025-09-25 11:27:37.848 13895-13895 CalorieTracker          com.example.nutrisaur11              D  Calculated age from birthday '2005-09-25': 20
2025-09-25 11:27:37.848 13895-13895 CalorieTracker          com.example.nutrisaur11              D  Weight field lookup - weight_kg: '50', weight: 'null', final: '50'
2025-09-25 11:27:37.848 13895-13895 CalorieTracker          com.example.nutrisaur11              D  Set weight from database: 50
2025-09-25 11:27:37.848 13895-13895 CalorieTracker          com.example.nutrisaur11              D  Height field lookup - height_cm: '171', height: 'null', final: '171'
2025-09-25 11:27:37.848 13895-13895 CalorieTracker          com.example.nutrisaur11              D  Set height from database: 171
2025-09-25 11:27:37.848 13895-13895 CalorieTracker          com.example.nutrisaur11              D  Created user profile from database data: jsjsh (Age: 20, Weight: 50.0, Height: 171.0, Gender: Male, Activity: Moderate)
2025-09-25 11:27:37.848 13895-13895 CalorieTracker          com.example.nutrisaur11              D  Using user profile from database data
2025-09-25 11:27:37.848 13895-13895 CalorieCal...ionService com.example.nutrisaur11              D  Calculated BMR: 1473.75 for jsjsh
2025-09-25 11:27:37.848 13895-13895 CalorieCal...ionService com.example.nutrisaur11              D  Calculated TDEE: 1768.5 (BMR: 1473.75 × Activity: 1.2)
2025-09-25 11:27:37.849 13895-13895 CalorieCal...ionService com.example.nutrisaur11              D  Calculated daily calorie target: 2268 (TDEE: 1768.5 + Adjustment: 500.0)
2025-09-25 11:27:37.849 13895-13895 CalorieTracker          com.example.nutrisaur11              D  Calculated daily calorie target: 2268
2025-09-25 11:27:37.849 13895-13895 CalorieCal...ionService com.example.nutrisaur11              D  Calculated meal distribution: Breakfast=567, Lunch=793, Dinner=680, Snacks=226
2025-09-25 11:27:37.849 13895-13895 CalorieTracker          com.example.nutrisaur11              D  Calculated meal distribution: Breakfast=567, Lunch=793, Dinner=680, Snacks=226
2025-09-25 11:27:37.849 13895-13895 CalorieTracker          com.example.nutrisaur11              D  Calculated meal distribution: {Breakfast=567, Dinner=680, Snacks=226, Lunch=793}
2025-09-25 11:27:37.850 13895-13895 CalorieTracker          com.example.nutrisaur11              D  Synced CalorieTracker with AddedFoodManager for date 2025-09-25. Total meals: 0
2025-09-25 11:27:37.850 13895-13895 FoodActivity            com.example.nutrisaur11              D  Total eaten calories after sync: 0
2025-09-25 11:27:37.850 13895-13895 FoodActivity            com.example.nutrisaur11              D  Updating eaten calories only (preserving daily target)
2025-09-25 11:27:37.851 13895-13895 FoodActivity            com.example.nutrisaur11              D  Total eaten calories for update: 0
2025-09-25 11:27:37.851 13895-13895 FoodActivity            com.example.nutrisaur11              D  Using existing daily calorie target: 2268
2025-09-25 11:27:37.851 13895-13895 FoodActivity            com.example.nutrisaur11              D  Eaten Calories Only Update:
2025-09-25 11:27:37.851 13895-13895 FoodActivity            com.example.nutrisaur11              D    Total Daily Calories: 2268 (preserved)
2025-09-25 11:27:37.851 13895-13895 FoodActivity            com.example.nutrisaur11              D    Total Eaten Calories: 0 (updated)
2025-09-25 11:27:37.851 13895-13895 FoodActivity            com.example.nutrisaur11              D    Calories Left: 2268
2025-09-25 11:27:37.851 13895-13895 FoodActivity            com.example.nutrisaur11              D    Progress Percent: 0.0%
2025-09-25 11:27:37.851 13895-13895 FoodActivity            com.example.nutrisaur11              D  Updating macronutrient data directly
2025-09-25 11:27:37.853 13895-13895 FoodActivity            com.example.nutrisaur11              D  FoodActivity Available database fields: [birthday, is_pregnant, muac_category, notes, weight_kg, nutritional_risk, height_cm, sex, municipality, muac_cm, screening_date, bmi_category, name, barangay, email, age, bmi]
2025-09-25 11:27:37.854 13895-13895 FoodActivity            com.example.nutrisaur11              D  Calculated age from birthday '2005-09-25': 20
2025-09-25 11:27:37.854 13895-13895 FoodActivity            com.example.nutrisaur11              D  FoodActivity Weight field lookup - weight_kg: '50', weight: 'null', final: '50'
2025-09-25 11:27:37.854 13895-13895 FoodActivity            com.example.nutrisaur11              D  FoodActivity: Set weight from database: 50
2025-09-25 11:27:37.854 13895-13895 FoodActivity            com.example.nutrisaur11              D  FoodActivity Height field lookup - height_cm: '171', height: 'null', final: '171'
2025-09-25 11:27:37.854 13895-13895 FoodActivity            com.example.nutrisaur11              D  FoodActivity: Set height from database: 171
2025-09-25 11:27:37.854 13895-13895 FoodActivity            com.example.nutrisaur11              D  Created user profile from database data: jsjsh (Age: 20, Weight: 50.0, Height: 171.0, Gender: Male, Activity: Moderate)
2025-09-25 11:27:37.854 13895-13895 CalorieCal...ionService com.example.nutrisaur11              D  Calculated BMR: 1473.75 for jsjsh
2025-09-25 11:27:37.854 13895-13895 CalorieCal...ionService com.example.nutrisaur11              D  Calculated TDEE: 1768.5 (BMR: 1473.75 × Activity: 1.2)
2025-09-25 11:27:37.854 13895-13895 CalorieCal...ionService com.example.nutrisaur11              D  Calculated daily calorie target: 2268 (TDEE: 1768.5 + Adjustment: 500.0)
2025-09-25 11:27:37.854 13895-13895 FoodActivity            com.example.nutrisaur11              D  Calculated macro targets - Protein: 124, Carbs: 306, Fat: 60
2025-09-25 11:27:37.854 13895-13895 FoodActivity            com.example.nutrisaur11              D  Macro Update:
2025-09-25 11:27:37.855 13895-13895 FoodActivity            com.example.nutrisaur11              D    Protein: 124/124 (eaten: 0)
2025-09-25 11:27:37.855 13895-13895 FoodActivity            com.example.nutrisaur11              D    Carbs: 306/306 (eaten: 0)
2025-09-25 11:27:37.855 13895-13895 FoodActivity            com.example.nutrisaur11              D    Fat: 60/60 (eaten: 0)
2025-09-25 11:27:37.856 13895-13895 FoodActivity            com.example.nutrisaur11              D  Updating meal progress texts
2025-09-25 11:27:37.858 13895-13895 FoodActivity            com.example.nutrisaur11              D  Meal progress refreshed successfully
2025-09-25 11:27:37.862 13895-13895 SessionManager          com.example.nutrisaur11              D  User interaction recorded at: 1758770857862
2025-09-25 11:27:37.862 13895-13895 SessionManager          com.example.nutrisaur11              D  No recent valid session found, validating in background
2025-09-25 11:27:37.862 13895-13895 SessionManager          com.example.nutrisaur11              D  Using cached session validation result: false
2025-09-25 11:27:37.862 13895-13943 CommunityUserManager    com.example.nutrisaur11              D  === GETTING CURRENT USER DATA FROM DATABASE ===
2025-09-25 11:27:37.862 13895-13943 CommunityUserManager    com.example.nutrisaur11              D  Making API request to: https://nutrisaur-production.up.railway.app/api/DatabaseAPI.php?action=get_community_user_data
2025-09-25 11:27:37.862 13895-13943 CommunityUserManager    com.example.nutrisaur11              D  Request data: {"email":"uehwhzueje@ss.e"}
2025-09-25 11:27:37.867 13895-13895 FoodActivity            com.example.nutrisaur11              D  FoodActivity onResume - refreshing meal progress
2025-09-25 11:27:37.867 13895-13895 FoodActivity            com.example.nutrisaur11              D  Refreshing meal progress on resume
2025-09-25 11:27:37.867 13895-13895 FoodActivity            com.example.nutrisaur11              D  Syncing CalorieTracker with AddedFoodManager for date: 2025-09-25
2025-09-25 11:27:37.870 13895-13895 AddedFoodManager        com.example.nutrisaur11              D  getDailyFoods returned: 3 meal categories for 2025-09-25
2025-09-25 11:27:37.870 13895-13895 AddedFoodManager        com.example.nutrisaur11              D  Meal category Breakfast has 0 foods
2025-09-25 11:27:37.870 13895-13895 AddedFoodManager        com.example.nutrisaur11              D  Meal category Lunch has 0 foods
2025-09-25 11:27:37.870 13895-13895 AddedFoodManager        com.example.nutrisaur11              D  Meal category Dinner has 0 foods
2025-09-25 11:27:37.870 13895-13895 AddedFoodManager        com.example.nutrisaur11              D  Retrieved 0 foods from NEW daily storage for 2025-09-25
2025-09-25 11:27:37.870 13895-13895 CalorieTracker          com.example.nutrisaur11              D  Syncing with 0 added foods for date: 2025-09-25
2025-09-25 11:27:37.870 13895-13895 CalorieTracker          com.example.nutrisaur11              D    Daily foods: 0
2025-09-25 11:27:37.870 13895-13895 CalorieTracker          com.example.nutrisaur11              D    Historical foods: 0
2025-09-25 11:27:37.870 13895-13895 CalorieTracker          com.example.nutrisaur11              D  Available database fields: [birthday, is_pregnant, muac_category, notes, weight_kg, nutritional_risk, height_cm, sex, municipality, muac_cm, screening_date, bmi_category, name, barangay, email, age, bmi]
2025-09-25 11:27:37.871 13895-13895 CalorieTracker          com.example.nutrisaur11              D  Calculated age from birthday '2005-09-25': 20
2025-09-25 11:27:37.871 13895-13895 CalorieTracker          com.example.nutrisaur11              D  Weight field lookup - weight_kg: '50', weight: 'null', final: '50'
2025-09-25 11:27:37.871 13895-13895 CalorieTracker          com.example.nutrisaur11              D  Set weight from database: 50
2025-09-25 11:27:37.871 13895-13895 CalorieTracker          com.example.nutrisaur11              D  Height field lookup - height_cm: '171', height: 'null', final: '171'
2025-09-25 11:27:37.871 13895-13895 CalorieTracker          com.example.nutrisaur11              D  Set height from database: 171
2025-09-25 11:27:37.871 13895-13895 CalorieTracker          com.example.nutrisaur11              D  Created user profile from database data: jsjsh (Age: 20, Weight: 50.0, Height: 171.0, Gender: Male, Activity: Moderate)
2025-09-25 11:27:37.871 13895-13895 CalorieTracker          com.example.nutrisaur11              D  Using user profile from database data
2025-09-25 11:27:37.871 13895-13895 CalorieCal...ionService com.example.nutrisaur11              D  Calculated BMR: 1473.75 for jsjsh
2025-09-25 11:27:37.871 13895-13895 CalorieCal...ionService com.example.nutrisaur11              D  Calculated TDEE: 1768.5 (BMR: 1473.75 × Activity: 1.2)
2025-09-25 11:27:37.871 13895-13895 CalorieCal...ionService com.example.nutrisaur11              D  Calculated daily calorie target: 2268 (TDEE: 1768.5 + Adjustment: 500.0)
2025-09-25 11:27:37.871 13895-13895 CalorieTracker          com.example.nutrisaur11              D  Calculated daily calorie target: 2268
2025-09-25 11:27:37.871 13895-13895 CalorieCal...ionService com.example.nutrisaur11              D  Calculated meal distribution: Breakfast=567, Lunch=793, Dinner=680, Snacks=226
2025-09-25 11:27:37.871 13895-13895 CalorieTracker          com.example.nutrisaur11              D  Calculated meal distribution: Breakfast=567, Lunch=793, Dinner=680, Snacks=226
2025-09-25 11:27:37.871 13895-13895 CalorieTracker          com.example.nutrisaur11              D  Calculated meal distribution: {Breakfast=567, Dinner=680, Snacks=226, Lunch=793}
2025-09-25 11:27:37.872 13895-13895 CalorieTracker          com.example.nutrisaur11              D  Synced CalorieTracker with AddedFoodManager for date 2025-09-25. Total meals: 0
2025-09-25 11:27:37.872 13895-13895 FoodActivity            com.example.nutrisaur11              D  Total eaten calories after sync: 0
2025-09-25 11:27:37.872 13895-13895 FoodActivity            com.example.nutrisaur11              D  Updating eaten calories only (preserving daily target)
2025-09-25 11:27:37.873 13895-13895 FoodActivity            com.example.nutrisaur11              D  Total eaten calories for update: 0
2025-09-25 11:27:37.873 13895-13895 FoodActivity            com.example.nutrisaur11              D  Using existing daily calorie target: 2268
2025-09-25 11:27:37.873 13895-13895 FoodActivity            com.example.nutrisaur11              D  Eaten Calories Only Update:
2025-09-25 11:27:37.873 13895-13895 FoodActivity            com.example.nutrisaur11              D    Total Daily Calories: 2268 (preserved)
2025-09-25 11:27:37.873 13895-13895 FoodActivity            com.example.nutrisaur11              D    Total Eaten Calories: 0 (updated)
2025-09-25 11:27:37.873 13895-13895 FoodActivity            com.example.nutrisaur11              D    Calories Left: 2268
2025-09-25 11:27:37.873 13895-13895 FoodActivity            com.example.nutrisaur11              D    Progress Percent: 0.0%
2025-09-25 11:27:37.873 13895-13895 FoodActivity            com.example.nutrisaur11              D  Updating macronutrient data directly
2025-09-25 11:27:37.874 13895-13895 FoodActivity            com.example.nutrisaur11              D  FoodActivity Available database fields: [birthday, is_pregnant, muac_category, notes, weight_kg, nutritional_risk, height_cm, sex, municipality, muac_cm, screening_date, bmi_category, name, barangay, email, age, bmi]
2025-09-25 11:27:37.876 13895-13895 FoodActivity            com.example.nutrisaur11              D  Calculated age from birthday '2005-09-25': 20
2025-09-25 11:27:37.876 13895-13895 FoodActivity            com.example.nutrisaur11              D  FoodActivity Weight field lookup - weight_kg: '50', weight: 'null', final: '50'
2025-09-25 11:27:37.876 13895-13895 FoodActivity            com.example.nutrisaur11              D  FoodActivity: Set weight from database: 50
2025-09-25 11:27:37.876 13895-13895 FoodActivity            com.example.nutrisaur11              D  FoodActivity Height field lookup - height_cm: '171', height: 'null', final: '171'
2025-09-25 11:27:37.876 13895-13895 FoodActivity            com.example.nutrisaur11              D  FoodActivity: Set height from database: 171
2025-09-25 11:27:37.876 13895-13895 FoodActivity            com.example.nutrisaur11              D  Created user profile from database data: jsjsh (Age: 20, Weight: 50.0, Height: 171.0, Gender: Male, Activity: Moderate)
2025-09-25 11:27:37.876 13895-13895 CalorieCal...ionService com.example.nutrisaur11              D  Calculated BMR: 1473.75 for jsjsh
2025-09-25 11:27:37.876 13895-13895 CalorieCal...ionService com.example.nutrisaur11              D  Calculated TDEE: 1768.5 (BMR: 1473.75 × Activity: 1.2)
2025-09-25 11:27:37.876 13895-13895 CalorieCal...ionService com.example.nutrisaur11              D  Calculated daily calorie target: 2268 (TDEE: 1768.5 + Adjustment: 500.0)
2025-09-25 11:27:37.876 13895-13895 FoodActivity            com.example.nutrisaur11              D  Calculated macro targets - Protein: 124, Carbs: 306, Fat: 60
2025-09-25 11:27:37.876 13895-13895 FoodActivity            com.example.nutrisaur11              D  Macro Update:
2025-09-25 11:27:37.876 13895-13895 FoodActivity            com.example.nutrisaur11              D    Protein: 124/124 (eaten: 0)
2025-09-25 11:27:37.876 13895-13895 FoodActivity            com.example.nutrisaur11              D    Carbs: 306/306 (eaten: 0)
2025-09-25 11:27:37.876 13895-13895 FoodActivity            com.example.nutrisaur11              D    Fat: 60/60 (eaten: 0)
2025-09-25 11:27:37.877 13895-13895 FoodActivity            com.example.nutrisaur11              D  Updating meal progress texts
2025-09-25 11:27:37.878 13895-13895 FoodActivity            com.example.nutrisaur11              D  Meal progress refreshed successfully
2025-09-25 11:27:37.879 13895-13895 DecorView[]             com.example.nutrisaur11              D  onWindowFocusChanged hasWindowFocus false
2025-09-25 11:27:37.946 13895-13895 SessionManager          com.example.nutrisaur11              D  User marked as idle
2025-09-25 11:27:37.946  3030-3326  ActivityManagerWrapper  com.miui.home                        E  getRecentTasks: taskId=9352   userId=0   baseIntent=Intent { act=android.intent.action.MAIN cat=[android.intent.category.LAUNCHER] flg=0x10000000 cmp=com.example.nutrisaur11/.MainActivity }
2025-09-25 11:27:37.957 13895-13895 DecorView[]             com.example.nutrisaur11              D  onWindowFocusChanged hasWindowFocus true
2025-09-25 11:27:38.589 13895-13943 CommunityUserManager    com.example.nutrisaur11              D  API response code: 200
2025-09-25 11:27:38.590 13895-13943 CommunityUserManager    com.example.nutrisaur11              D  API response message: 
2025-09-25 11:27:38.591 13895-13943 CommunityUserManager    com.example.nutrisaur11              D  API response for get_community_user_data: {"success":true,"message":"User data retrieved successfully","user":{"name":"jsjsh","email":"uehwhzueje@ss.e","municipality":"MARIVELES","barangay":"Alion","sex":"Male","birthday":"2005-09-25","age":"","is_pregnant":"N\/A","weight":"50","height":"171","muac_cm":"","bmi":"","bmi_category":"","muac_category":"","screening_date":"2025-09-24 17:30:05","screened_by":"","notes":"","status":"","created_at":"","updated_at":""}}
2025-09-25 11:27:38.592 13895-13943 CommunityUserManager    com.example.nutrisaur11              D  Retrieved user data from database:
2025-09-25 11:27:38.592 13895-13943 CommunityUserManager    com.example.nutrisaur11              D    birthday: 2005-09-25
2025-09-25 11:27:38.592 13895-13943 CommunityUserManager    com.example.nutrisaur11              D    is_pregnant: N/A
2025-09-25 11:27:38.592 13895-13943 CommunityUserManager    com.example.nutrisaur11              D    muac_category: 
2025-09-25 11:27:38.592 13895-13943 CommunityUserManager    com.example.nutrisaur11              D    notes: 
2025-09-25 11:27:38.592 13895-13943 CommunityUserManager    com.example.nutrisaur11              D    weight_kg: 50
2025-09-25 11:27:38.592 13895-13943 CommunityUserManager    com.example.nutrisaur11              D    nutritional_risk: 
2025-09-25 11:27:38.592 13895-13943 CommunityUserManager    com.example.nutrisaur11              D    height_cm: 171
2025-09-25 11:27:38.592 13895-13943 CommunityUserManager    com.example.nutrisaur11              D    sex: Male
2025-09-25 11:27:38.592 13895-13943 CommunityUserManager    com.example.nutrisaur11              D    municipality: MARIVELES
2025-09-25 11:27:38.592 13895-13943 CommunityUserManager    com.example.nutrisaur11              D    muac_cm: 
2025-09-25 11:27:38.592 13895-13943 CommunityUserManager    com.example.nutrisaur11              D    screening_date: 2025-09-24 17:30:05
2025-09-25 11:27:38.592 13895-13943 CommunityUserManager    com.example.nutrisaur11              D    bmi_category: 
2025-09-25 11:27:38.592 13895-13943 CommunityUserManager    com.example.nutrisaur11              D    name: jsjsh
2025-09-25 11:27:38.592 13895-13943 CommunityUserManager    com.example.nutrisaur11              D    barangay: Alion
2025-09-25 11:27:38.592 13895-13943 CommunityUserManager    com.example.nutrisaur11              D    email: uehwhzueje@ss.e
2025-09-25 11:27:38.592 13895-13943 CommunityUserManager    com.example.nutrisaur11              D    age: 
2025-09-25 11:27:38.592 13895-13943 CommunityUserManager    com.example.nutrisaur11              D    bmi: 
2025-09-25 11:27:38.592 13895-13943 CommunityUserManager    com.example.nutrisaur11              D  Essential user data found for personalization
2025-09-25 11:27:38.593 13895-13943 SessionManager          com.example.nutrisaur11              D  User exists and is valid: uehwhzueje@ss.e
2025-09-25 11:27:38.594 13895-13895 SessionManager          com.example.nutrisaur11              D  Background validation successful
2025-09-25 11:27:39.854 13895-13895 SessionManager          com.example.nutrisaur11              D  User interaction recorded at: 1758770859854
2025-09-25 11:27:39.941 13895-13895 FoodActivity            com.example.nutrisaur11              D  Breakfast card clicked
2025-09-25 11:27:39.941 13895-13895 FoodActivity            com.example.nutrisaur11              D  Selected meal category: Breakfast
2025-09-25 11:27:39.941 13895-13895 FoodActivity            com.example.nutrisaur11              D  Passing user data to FoodLoggingActivity: jsjsh (BMI: )
2025-09-25 11:27:39.957 13895-13914 OpenGLRenderer          com.example.nutrisaur11              I  Davey! duration=9223131315844ms; Flags=0, FrameTimelineVsyncId=14872771, IntendedVsync=240721010052553, Vsync=240721010052553, InputEventId=15067300, HandleInputStart=240721010729159, AnimationStart=240721010734888, PerformTraversalsStart=240721010737753, DrawStart=240721010907961, FrameDeadline=240721026719219, FrameInterval=240721010701867, FrameStartTime=16666666, SyncQueued=240721014938117, SyncStart=240721015090305, IssueDrawCommandsStart=240721015993221, SwapBuffers=240721022375825, FrameCompleted=9223372036854775807, DequeueBufferDuration=41615, QueueBufferDuration=1997604, GpuCompleted=9223372036854775807, SwapBuffersCompleted=240721025065877, DisplayPresentTime=0, 
2025-09-25 11:27:39.968 13895-13895 SessionManager          com.example.nutrisaur11              D  User interaction recorded at: 1758770859968
2025-09-25 11:27:39.969 13895-13895 SessionManager          com.example.nutrisaur11              D  User marked as idle
2025-09-25 11:27:39.983 13895-13895 SessionManager          com.example.nutrisaur11              D  User interaction recorded at: 1758770859983
2025-09-25 11:27:39.983 13895-13895 SessionManager          com.example.nutrisaur11              D  No recent valid session found, validating in background
2025-09-25 11:27:39.983 13895-13895 SessionManager          com.example.nutrisaur11              D  Using cached session validation result: false
2025-09-25 11:27:39.985 13895-13895 IS_CTS_MODE             com.example.nutrisaur11              D  false
2025-09-25 11:27:39.985 13895-13895 MULTI_WIND...CH_ENABLED com.example.nutrisaur11              D  false
2025-09-25 11:27:39.985 13895-13943 CommunityUserManager    com.example.nutrisaur11              D  === GETTING CURRENT USER DATA FROM DATABASE ===
2025-09-25 11:27:39.985 13895-13943 CommunityUserManager    com.example.nutrisaur11              D  Making API request to: https://nutrisaur-production.up.railway.app/api/DatabaseAPI.php?action=get_community_user_data
2025-09-25 11:27:39.985 13895-13943 CommunityUserManager    com.example.nutrisaur11              D  Request data: {"email":"uehwhzueje@ss.e"}
2025-09-25 11:27:39.986 13895-13895 DecorView[]             com.example.nutrisaur11              D  getWindowModeFromSystem  windowmode is 1
2025-09-25 11:27:40.008 13895-13895 DailyResetManager       com.example.nutrisaur11              D  Same day, no reset needed. Current: 2025-09-25
2025-09-25 11:27:40.009 13895-13895 FoodLoggingActivity     com.example.nutrisaur11              D  FoodLoggingActivity initialized for date: 2025-09-25
2025-09-25 11:27:40.009 13895-13895 FoodLoggingActivity     com.example.nutrisaur11              D  Received user data from database: jsjsh (BMI: )
2025-09-25 11:27:40.012 13895-13895 AddedFoodManager        com.example.nutrisaur11              D  getDailyFoods returned: 3 meal categories for 2025-09-25
2025-09-25 11:27:40.012 13895-13895 AddedFoodManager        com.example.nutrisaur11              D  Meal category Breakfast has 0 foods
2025-09-25 11:27:40.012 13895-13895 AddedFoodManager        com.example.nutrisaur11              D  Meal category Lunch has 0 foods
2025-09-25 11:27:40.012 13895-13895 AddedFoodManager        com.example.nutrisaur11              D  Meal category Dinner has 0 foods
2025-09-25 11:27:40.012 13895-13895 AddedFoodManager        com.example.nutrisaur11              D  Retrieved 0 foods from NEW daily storage for 2025-09-25
2025-09-25 11:27:40.012 13895-13895 CalorieTracker          com.example.nutrisaur11              D  Syncing with 0 added foods for date: 2025-09-25
2025-09-25 11:27:40.012 13895-13895 CalorieTracker          com.example.nutrisaur11              D    Daily foods: 0
2025-09-25 11:27:40.012 13895-13895 CalorieTracker          com.example.nutrisaur11              D    Historical foods: 0
2025-09-25 11:27:40.012 13895-13895 CalorieTracker          com.example.nutrisaur11              D  Available database fields: [is_pregnant, birthday, muac_category, notes, nutritional_risk, weight_kg, height_cm, sex, municipality, muac_cm, screening_date, bmi_category, name, barangay, age, email, bmi]
2025-09-25 11:27:40.013 13895-13895 CalorieTracker          com.example.nutrisaur11              D  Calculated age from birthday '2005-09-25': 20
2025-09-25 11:27:40.013 13895-13895 CalorieTracker          com.example.nutrisaur11              D  Weight field lookup - weight_kg: '50', weight: 'null', final: '50'
2025-09-25 11:27:40.013 13895-13895 CalorieTracker          com.example.nutrisaur11              D  Set weight from database: 50
2025-09-25 11:27:40.013 13895-13895 CalorieTracker          com.example.nutrisaur11              D  Height field lookup - height_cm: '171', height: 'null', final: '171'
2025-09-25 11:27:40.013 13895-13895 CalorieTracker          com.example.nutrisaur11              D  Set height from database: 171
2025-09-25 11:27:40.013 13895-13895 CalorieTracker          com.example.nutrisaur11              D  Created user profile from database data: jsjsh (Age: 20, Weight: 50.0, Height: 171.0, Gender: Male, Activity: Moderate)
2025-09-25 11:27:40.013 13895-13895 CalorieTracker          com.example.nutrisaur11              D  Using user profile from database data
2025-09-25 11:27:40.013 13895-13895 CalorieCal...ionService com.example.nutrisaur11              D  Calculated BMR: 1473.75 for jsjsh
2025-09-25 11:27:40.013 13895-13895 CalorieCal...ionService com.example.nutrisaur11              D  Calculated TDEE: 1768.5 (BMR: 1473.75 × Activity: 1.2)
2025-09-25 11:27:40.013 13895-13895 CalorieCal...ionService com.example.nutrisaur11              D  Calculated daily calorie target: 2268 (TDEE: 1768.5 + Adjustment: 500.0)
2025-09-25 11:27:40.013 13895-13895 CalorieTracker          com.example.nutrisaur11              D  Calculated daily calorie target: 2268
2025-09-25 11:27:40.013 13895-13895 CalorieCal...ionService com.example.nutrisaur11              D  Calculated meal distribution: Breakfast=567, Lunch=793, Dinner=680, Snacks=226
2025-09-25 11:27:40.013 13895-13895 CalorieTracker          com.example.nutrisaur11              D  Calculated meal distribution: Breakfast=567, Lunch=793, Dinner=680, Snacks=226
2025-09-25 11:27:40.013 13895-13895 CalorieTracker          com.example.nutrisaur11              D  Calculated meal distribution: {Breakfast=567, Dinner=680, Snacks=226, Lunch=793}
2025-09-25 11:27:40.015 13895-13895 CalorieTracker          com.example.nutrisaur11              D  Synced CalorieTracker with AddedFoodManager for date 2025-09-25. Total meals: 0
2025-09-25 11:27:40.015 13895-13895 FoodLoggingActivity     com.example.nutrisaur11              D  Creating user profile from database data...
2025-09-25 11:27:40.015 13895-13895 FoodLoggingActivity     com.example.nutrisaur11              D  Creating user profile from community_users table data...
2025-09-25 11:27:40.016 13895-13895 FoodLoggingActivity     com.example.nutrisaur11              D  Calculated age from birthday '2005-09-25': 20
2025-09-25 11:27:40.016 13895-13895 FoodLoggingActivity     com.example.nutrisaur11              D  Database user data: name=jsjsh, age=20, weight=50.0, height=171.0, gender=Male
2025-09-25 11:27:40.020 13895-13895 AddedFoodManager        com.example.nutrisaur11              D  getDailyFoods returned: 3 meal categories for 2025-09-25
2025-09-25 11:27:40.020 13895-13895 AddedFoodManager        com.example.nutrisaur11              D  Meal category Breakfast has 0 foods
2025-09-25 11:27:40.020 13895-13895 AddedFoodManager        com.example.nutrisaur11              D  Meal category Lunch has 0 foods
