2025-10-11 12:11:04.701  2749-2749  CommunityUserManager    com.example.nutrisaur11              D  === GETTING CURRENT USER DATA FROM DATABASE (ASYNC) ===
2025-10-11 12:11:04.702  2749-2749  CommunityUserManager    com.example.nutrisaur11              D  Retrieved cached user data for: kevinpingol123@gmail.com
2025-10-11 12:11:04.703  2749-2749  CommunityUserManager    com.example.nutrisaur11              D  Returning cached user data
2025-10-11 12:11:04.703  2749-2749  SessionManager          com.example.nutrisaur11              D  Database check completed in 2ms
2025-10-11 12:11:04.703  2749-2749  SessionManager          com.example.nutrisaur11              D  User exists and is valid: kevinpingol123@gmail.com
2025-10-11 12:11:05.003  2749-2749  SessionManager          com.example.nutrisaur11              D  User interaction recorded at: 1760155865003
2025-10-11 12:11:05.112  2749-2749  SessionManager          com.example.nutrisaur11              D  User marked as idle
2025-10-11 12:11:05.140  2749-2749  FoodActivity            com.example.nutrisaur11              D  Food logging completed, refreshing meal progress
2025-10-11 12:11:05.140  2749-2749  FoodActivity            com.example.nutrisaur11              D  Refreshing meal progress on resume
2025-10-11 12:11:05.140  2749-2749  FoodActivity            com.example.nutrisaur11              D  Syncing CalorieTracker with AddedFoodManager for date: 2025-10-11
2025-10-11 12:11:05.142  2749-2749  CalorieTracker          com.example.nutrisaur11              D  Syncing with 0 added foods for date: 2025-10-11
2025-10-11 12:11:05.142  2749-2749  CalorieTracker          com.example.nutrisaur11              D    Daily foods: 0
2025-10-11 12:11:05.142  2749-2749  CalorieTracker          com.example.nutrisaur11              D  Available database fields: [birthday, is_pregnant, muac_category, notes, weight_kg, nutritional_risk, height_cm, sex, municipality, muac_cm, screening_date, bmi_category, name, barangay, email, age, bmi, status]
2025-10-11 12:11:05.143  2749-2749  CalorieTracker          com.example.nutrisaur11              D  Calculated age from birthday '2005-10-10': 20
2025-10-11 12:11:05.143  2749-2749  CalorieTracker          com.example.nutrisaur11              D  Weight field lookup - weight_kg: '50', weight: 'null', final: '50'
2025-10-11 12:11:05.143  2749-2749  CalorieTracker          com.example.nutrisaur11              D  Set weight from database: 50
2025-10-11 12:11:05.143  2749-2749  CalorieTracker          com.example.nutrisaur11              D  Height field lookup - height_cm: '171', height: 'null', final: '171'
2025-10-11 12:11:05.143  2749-2749  CalorieTracker          com.example.nutrisaur11              D  Set height from database: 171
2025-10-11 12:11:05.143  2749-2749  CalorieTracker          com.example.nutrisaur11              D  Created user profile from database data: Pingol , Kevin C. (Age: 20, Weight: 50.0, Height: 171.0, Gender: Male, Activity: Moderate)
2025-10-11 12:11:05.143  2749-2749  CalorieTracker          com.example.nutrisaur11              D  Using user profile from database data
2025-10-11 12:11:05.143  2749-2749  KcalSuggestionCache     com.example.nutrisaur11              D  User profile changed, cache invalid
2025-10-11 12:11:05.143  2749-2749  CalorieTracker          com.example.nutrisaur11              D  No valid AI cache found, using fallback calculation...
2025-10-11 12:11:05.143  2749-2749  CalorieCal...ionService com.example.nutrisaur11              D  Calculated BMR: 1473.75 for Pingol , Kevin C.
2025-10-11 12:11:05.143  2749-2749  CalorieCal...ionService com.example.nutrisaur11              D  Calculated TDEE: 2284.3125 (BMR: 1473.75 × Activity: 1.55)
2025-10-11 12:11:05.143  2749-2749  CalorieCal...ionService com.example.nutrisaur11              D  Calculated daily calorie target: 2784 (TDEE: 2284.3125 + Adjustment: 500.0)
2025-10-11 12:11:05.143  2749-2749  CalorieTracker          com.example.nutrisaur11              D  Using fallback calculation (AI will update cache): 2784
2025-10-11 12:11:05.144  2749-2749  CalorieTracker          com.example.nutrisaur11              D  Using AI-calculated daily calorie target: 2784
2025-10-11 12:11:05.144  2749-2749  CalorieCal...ionService com.example.nutrisaur11              D  Calculated meal distribution: Breakfast=696, Lunch=974, Dinner=835, Snacks=278
2025-10-11 12:11:05.144  2749-2749  CalorieTracker          com.example.nutrisaur11              D  Calculated meal distribution: Breakfast=696, Lunch=974, Dinner=835, Snacks=278
2025-10-11 12:11:05.144  2749-2749  CalorieTracker          com.example.nutrisaur11              D  Calculated meal distribution: {Breakfast=696, Dinner=835, Snacks=278, Lunch=974}
2025-10-11 12:11:05.144  2749-2749  CalorieTracker          com.example.nutrisaur11              D  Synced CalorieTracker with AddedFoodManager for date 2025-10-11. Total meals: 0
2025-10-11 12:11:05.149  2749-2749  SessionManager          com.example.nutrisaur11              D  User interaction recorded at: 1760155865149
2025-10-11 12:11:05.149  2749-2749  SessionManager          com.example.nutrisaur11              D  === REAL-TIME SESSION VALIDATION ===
2025-10-11 12:11:05.149  2749-2749  SessionManager          com.example.nutrisaur11              D  Using cached valid session
2025-10-11 12:11:05.149  2749-2749  CommunityUserManager    com.example.nutrisaur11              D  === CHECKING ARCHIVE STATUS ===
2025-10-11 12:11:05.149  2749-2749  CommunityUserManager    com.example.nutrisaur11              D  === FORCE REFRESHING USER DATA FROM DATABASE ===
2025-10-11 12:11:05.149  2749-2749  CommunityUserManager    com.example.nutrisaur11              D  Force refreshing data for: kevinpingol123@gmail.com
2025-10-11 12:11:05.150  2749-2749  CommunityUserManager    com.example.nutrisaur11              D  === CHECKING USER EXISTENCE ===
2025-10-11 12:11:05.151  2749-2749  CommunityUserManager    com.example.nutrisaur11              D  === FORCE REFRESHING USER DATA FROM DATABASE ===
2025-10-11 12:11:05.151  2749-2749  CommunityUserManager    com.example.nutrisaur11              D  Force refreshing data for: kevinpingol123@gmail.com
2025-10-11 12:11:05.151  2749-2749  CommunityUserManager    com.example.nutrisaur11              D  === CHECKING ARCHIVE STATUS ===
2025-10-11 12:11:05.151  2749-2749  CommunityUserManager    com.example.nutrisaur11              D  === FORCE REFRESHING USER DATA FROM DATABASE ===
2025-10-11 12:11:05.151  2749-2749  CommunityUserManager    com.example.nutrisaur11              D  Force refreshing data for: kevinpingol123@gmail.com
2025-10-11 12:11:05.151  2749-8558  CommunityUserManager    com.example.nutrisaur11              D  Making API request to: https://nutrisaur-production.up.railway.app/api/DatabaseAPI.php?action=get_community_user_data
2025-10-11 12:11:05.151  2749-8558  CommunityUserManager    com.example.nutrisaur11              D  Request data: {"email":"kevinpingol123@gmail.com"}
2025-10-11 12:11:05.151  2749-2749  FoodActivity            com.example.nutrisaur11              D  FoodActivity onResume - refreshing meal progress
2025-10-11 12:11:05.151  2749-2749  FoodActivity            com.example.nutrisaur11              D  About to call syncFoodHistoryFromDatabase()
2025-10-11 12:11:05.151  2749-2749  FoodActivity            com.example.nutrisaur11              D  === SYNCING FOOD HISTORY FROM DATABASE ===
2025-10-11 12:11:05.151  2749-2749  FoodActivity            com.example.nutrisaur11              D  Sync Debug - User email: 'kevinpingol123@gmail.com'
2025-10-11 12:11:05.152  2749-2749  FoodActivity            com.example.nutrisaur11              D  Sync Debug - Current date: '2025-10-11'
2025-10-11 12:11:05.152  2749-2749  FoodActivity            com.example.nutrisaur11              D  Sync Debug - About to create ApiClient and call downloadFoodHistory
2025-10-11 12:11:05.152  2749-2749  FoodActivity            com.example.nutrisaur11              D  Syncing food history for user: kevinpingol123@gmail.com on date: 2025-10-11
2025-10-11 12:11:05.152  2749-2749  ApiClient               com.example.nutrisaur11              D  === DOWNLOAD FOOD HISTORY CALLED ===
2025-10-11 12:11:05.152  2749-2749  ApiClient               com.example.nutrisaur11              D  User: kevinpingol123@gmail.com, Start: 2025-10-11, End: 2025-10-11
2025-10-11 12:11:05.152  2749-2749  FoodHistorySyncManager  com.example.nutrisaur11              D  Syncing flag metadata for user: kevinpingol123@gmail.com
2025-10-11 12:11:05.152  2749-2749  FoodActivity            com.example.nutrisaur11              D  Finished calling syncFoodHistoryFromDatabase()
2025-10-11 12:11:05.152  2749-2749  FoodActivity            com.example.nutrisaur11              D  Refreshing meal progress on resume
2025-10-11 12:11:05.152  2749-2749  FoodActivity            com.example.nutrisaur11              D  Syncing CalorieTracker with AddedFoodManager for date: 2025-10-11
2025-10-11 12:11:05.154  2749-2749  CalorieTracker          com.example.nutrisaur11              D  Syncing with 0 added foods for date: 2025-10-11
2025-10-11 12:11:05.154  2749-2749  CalorieTracker          com.example.nutrisaur11              D    Daily foods: 0
2025-10-11 12:11:05.154  2749-2749  CalorieTracker          com.example.nutrisaur11              D  Available database fields: [birthday, is_pregnant, muac_category, notes, weight_kg, nutritional_risk, height_cm, sex, municipality, muac_cm, screening_date, bmi_category, name, barangay, email, age, bmi, status]
2025-10-11 12:11:05.154  2749-2749  CalorieTracker          com.example.nutrisaur11              D  Calculated age from birthday '2005-10-10': 20
2025-10-11 12:11:05.154  2749-2749  CalorieTracker          com.example.nutrisaur11              D  Weight field lookup - weight_kg: '50', weight: 'null', final: '50'
2025-10-11 12:11:05.154  2749-2749  CalorieTracker          com.example.nutrisaur11              D  Set weight from database: 50
2025-10-11 12:11:05.154  2749-2749  CalorieTracker          com.example.nutrisaur11              D  Height field lookup - height_cm: '171', height: 'null', final: '171'
2025-10-11 12:11:05.154  2749-2749  CalorieTracker          com.example.nutrisaur11              D  Set height from database: 171
2025-10-11 12:11:05.154  2749-2749  CalorieTracker          com.example.nutrisaur11              D  Created user profile from database data: Pingol , Kevin C. (Age: 20, Weight: 50.0, Height: 171.0, Gender: Male, Activity: Moderate)
2025-10-11 12:11:05.154  2749-2749  CalorieTracker          com.example.nutrisaur11              D  Using user profile from database data
2025-10-11 12:11:05.154  2749-2749  KcalSuggestionCache     com.example.nutrisaur11              D  User profile changed, cache invalid
2025-10-11 12:11:05.154  2749-2749  CalorieTracker          com.example.nutrisaur11              D  No valid AI cache found, using fallback calculation...
2025-10-11 12:11:05.155  2749-2749  CalorieCal...ionService com.example.nutrisaur11              D  Calculated BMR: 1473.75 for Pingol , Kevin C.
2025-10-11 12:11:05.155  2749-2749  CalorieCal...ionService com.example.nutrisaur11              D  Calculated TDEE: 2284.3125 (BMR: 1473.75 × Activity: 1.55)
2025-10-11 12:11:05.155  2749-2749  CalorieCal...ionService com.example.nutrisaur11              D  Calculated daily calorie target: 2784 (TDEE: 2284.3125 + Adjustment: 500.0)
2025-10-11 12:11:05.155  2749-2749  CalorieTracker          com.example.nutrisaur11              D  Using fallback calculation (AI will update cache): 2784
2025-10-11 12:11:05.155  2749-2749  CalorieTracker          com.example.nutrisaur11              D  Using AI-calculated daily calorie target: 2784
2025-10-11 12:11:05.155  2749-2749  CalorieCal...ionService com.example.nutrisaur11              D  Calculated meal distribution: Breakfast=696, Lunch=974, Dinner=835, Snacks=278
2025-10-11 12:11:05.155  2749-2749  CalorieTracker          com.example.nutrisaur11              D  Calculated meal distribution: Breakfast=696, Lunch=974, Dinner=835, Snacks=278
2025-10-11 12:11:05.155  2749-2749  CalorieTracker          com.example.nutrisaur11              D  Calculated meal distribution: {Breakfast=696, Dinner=835, Snacks=278, Lunch=974}
2025-10-11 12:11:05.155  2749-2749  CalorieTracker          com.example.nutrisaur11              D  Synced CalorieTracker with AddedFoodManager for date 2025-10-11. Total meals: 0
2025-10-11 12:11:05.157  2749-2749  DecorView[]             com.example.nutrisaur11              D  onWindowFocusChanged hasWindowFocus false
2025-10-11 12:11:05.157  2749-8564  NutritionService        com.example.nutrisaur11              D  Starting nutrition recommendations...
2025-10-11 12:11:05.157  2749-8564  NutritionService        com.example.nutrisaur11              D  Getting user profile from SharedPreferences...
2025-10-11 12:11:05.157  2749-8564  NutritionService        com.example.nutrisaur11              D  User data: name=, age=25, weight=70.0, height=170.0
2025-10-11 12:11:05.157  2749-8564  NutritionService        com.example.nutrisaur11              D  User profile loaded: , BMI: 24.221453287197235
2025-10-11 12:11:05.158  2749-8564  KcalSuggestionCache     com.example.nutrisaur11              D  Cached kcal suggestion is valid
2025-10-11 12:11:05.158  2749-8564  NutritionService        com.example.nutrisaur11              D  Using cached kcal suggestion - user profile unchanged
2025-10-11 12:11:05.158  2749-8564  KcalSuggestionCache     com.example.nutrisaur11              D  Successfully loaded cached kcal suggestion
2025-10-11 12:11:05.158  2749-8564  CalorieTracker          com.example.nutrisaur11              D  Background AI calculation completed: 2545
2025-10-11 12:11:05.161  2749-8568  NutritionService        com.example.nutrisaur11              D  Starting nutrition recommendations...
2025-10-11 12:11:05.161  2749-8568  NutritionService        com.example.nutrisaur11              D  Getting user profile from SharedPreferences...
2025-10-11 12:11:05.161  2749-8568  NutritionService        com.example.nutrisaur11              D  User data: name=, age=25, weight=70.0, height=170.0
2025-10-11 12:11:05.161  2749-8568  NutritionService        com.example.nutrisaur11              D  User profile loaded: , BMI: 24.221453287197235
2025-10-11 12:11:05.162  2749-8561  ApiClient               com.example.nutrisaur11              D  Download URL: https://nutrisaur-production.up.railway.app/api/food_history_api.php?action=get_user_history&user_email=kevinpingol123@gmail.com&start_date=2025-10-11&end_date=2025-10-11
2025-10-11 12:11:05.162  2749-8568  KcalSuggestionCache     com.example.nutrisaur11              D  Cached kcal suggestion is valid
2025-10-11 12:11:05.162  2749-8568  NutritionService        com.example.nutrisaur11              D  Using cached kcal suggestion - user profile unchanged
2025-10-11 12:11:05.163  2749-8568  KcalSuggestionCache     com.example.nutrisaur11              D  Successfully loaded cached kcal suggestion
2025-10-11 12:11:05.163  2749-8568  CalorieTracker          com.example.nutrisaur11              D  Background AI calculation completed: 2545
2025-10-11 12:11:05.163  2749-8560  CommunityUserManager    com.example.nutrisaur11              D  Making API request to: https://nutrisaur-production.up.railway.app/api/DatabaseAPI.php?action=get_community_user_data
2025-10-11 12:11:05.163  2749-8560  CommunityUserManager    com.example.nutrisaur11              D  Request data: {"email":"kevinpingol123@gmail.com"}
2025-10-11 12:11:05.164  2749-8559  CommunityUserManager    com.example.nutrisaur11              D  Making API request to: https://nutrisaur-production.up.railway.app/api/DatabaseAPI.php?action=get_community_user_data
2025-10-11 12:11:05.164  2749-8559  CommunityUserManager    com.example.nutrisaur11              D  Request data: {"email":"kevinpingol123@gmail.com"}
2025-10-11 12:11:05.167  2749-6246  OpenGLRenderer          com.example.nutrisaur11              I  Davey! duration=9223302973219ms; Flags=0, FrameTimelineVsyncId=3478341, IntendedVsync=69063635300219, Vsync=69063635300219, InputEventId=0, HandleInputStart=69063647336568, AnimationStart=69063647338547, PerformTraversalsStart=69063647349016, DrawStart=69063647432036, FrameDeadline=69063651966885, FrameInterval=69063647324849, FrameStartTime=16666666, SyncQueued=69063648844328, SyncStart=69063648917297, IssueDrawCommandsStart=69063649112505, SwapBuffers=69063650318963, FrameCompleted=9223372036854775807, DequeueBufferDuration=19166, QueueBufferDuration=712083, GpuCompleted=9223372036854775807, SwapBuffersCompleted=69063651427453, DisplayPresentTime=0, 
2025-10-11 12:11:05.199  2749-2749  DecorView[]             com.example.nutrisaur11              D  onWindowFocusChanged hasWindowFocus true
2025-10-11 12:11:05.204  2749-6246  OpenGLRenderer          com.example.nutrisaur11              I  Davey! duration=9223302973219ms; Flags=1, FrameTimelineVsyncId=3478341, IntendedVsync=69063635300219, Vsync=69063635300219, InputEventId=0, HandleInputStart=69063647336568, AnimationStart=69063647338547, PerformTraversalsStart=69063647349016, DrawStart=69063664929016, FrameDeadline=69063668633551, FrameInterval=69063647324849, FrameStartTime=16666666, SyncQueued=69063674169484, SyncStart=69063674621411, IssueDrawCommandsStart=69063674986359, SwapBuffers=69063676842036, FrameCompleted=9223372036854775807, DequeueBufferDuration=23437, QueueBufferDuration=549375, GpuCompleted=9223372036854775807, SwapBuffersCompleted=69063677670891, DisplayPresentTime=0, 
2025-10-11 12:11:05.204  2749-6246  OpenGLRenderer          com.example.nutrisaur11              I  Davey! duration=9223302973202ms; Flags=0, FrameTimelineVsyncId=3478344, IntendedVsync=69063651959810, Vsync=69063668626476, InputEventId=0, HandleInputStart=69063678177036, AnimationStart=69063678178286, PerformTraversalsStart=69063678560057, DrawStart=69063678640161, FrameDeadline=69063685293142, FrameInterval=69063678169380, FrameStartTime=16666666, SyncQueued=69063679063182, SyncStart=69063679146672, IssueDrawCommandsStart=69063679285682, SwapBuffers=69063680253599, FrameCompleted=9223372036854775807, DequeueBufferDuration=14792, QueueBufferDuration=428072, GpuCompleted=9223372036854775807, SwapBuffersCompleted=69063680944693, DisplayPresentTime=0, 
2025-10-11 12:11:05.220  2749-2749  SessionManager          com.example.nutrisaur11              D  User marked as idle
2025-10-11 12:11:05.231  2749-8561  ApiClient               com.example.nutrisaur11              D  Download food history response: {"success":true,"data":[{"id":215,"user_email":"kevinpingol123@gmail.com","date":"2025-10-11","meal_category":"Lunch","food_name":"Chicken Adobo","calories":400,"serving_size":"1.5 cups","protein":"35.00","carbs":"15.00","fat":"20.00","fiber":"0.00","created_at":"2025-10-11 03:56:23","is_flagged":0,"is_day_flagged":0,"mho_comment":null,"flagged_by":null,"flagged_at":null},{"id":218,"user_email":"kevinpingol123@gmail.com","date":"2025-10-11","meal_category":"Lunch","food_name":"Chicken Adobo","calories":400,"serving_size":"1.5 cups","protein":"35.00","carbs":"15.00","fat":"20.00","fiber":"0.00","created_at":"2025-10-11 03:56:40","is_flagged":0,"is_day_flagged":0,"mho_comment":null,"flagged_by":null,"flagged_at":null},{"id":231,"user_email":"kevinpingol123@gmail.com","date":"2025-10-11","meal_category":"Lunch","food_name":"Chicken Adobo","calories":400,"serving_size":"1.5 cups","protein":"35.00","carbs":"15.00","fat":"20.00","fiber":"0.00","created_at":"2025-10-11 04:02:00","is_flagged":0,"is_day_flagged":0,"mho_comment":null,"flagged_by":null,"flagged_at":null},{"id":238,"user_email":"kevinpingol123@gmail.com","date":"2025-10-11","meal_category":"Lunch","food_name":"Chicken Adobo","calories":400,"serving_size":"1.5 cups","protein":"35.00","carbs":"15.00","fat":"20.00","fiber":"0.00","created_at":"2025-10-11 04:10:45","is_flagged":0,"is_day_flagged":0,"mho_comment":null,"flagged_by":null,"flagged_at":null},{"id":222,"user_email":"kevinpingol123@gmail.com","date":"2025-10-11","meal_category":"Lunch","food_name":"Chicken Adobo","calories":400,"serving_size":"1.5 cups","protein":"35.00","carbs":"15.00","fat":"20.00","fiber":"0.00","created_at":"2025-10-11 03:56:50","is_flagged":0,"is_day_flagged":0,"mho_comment":null,"flagged_by":null,"flagged_at":null},{"id":228,"user_email":"kevinpingol123@gmail.com","date":"2025-10-11","meal_category":"Lunch","food_name":"Chicken Adobo","calories":400,"serving_size":"1.5 cups","protein":"35.00","carbs":"15.00","fat":"20.00","fiber":"0.00","created_at":"2025-10-11 04:01:39","is_flagged":0,"is_day_flagged":0,"mho_comment":null,"flagged_by":null,"flagged_at":null},{"id":235,"user_email":"kevinpingol123@gmail.com","date":"2025-10-11","meal_category":"Lunch","food_name":"Chicken Adobo","calories":400,"serving_size":"1.5 cups","protein":"35.00","carbs":"15.00","fat":"20.00","fiber":"0.00","created_at":"2025-10-11 04:10:41","is_flagged":0,"is_day_flagged":0,"mho_comment":null,"flagged_by":null,"flagged_at":null},{"id":226,"user_email":"kevinpingol123@gmail.com","date":"2025-10-11","meal_category":"Lunch","food_name":"Chicken Adobo","calories":400,"serving_size":"1.5 cups","protein":"35.00","carbs":"15.00","fat":"20.00","fiber":"0.00","created_at":"2025-10-11 03:57:01","is_flagged":0,"is_day_flagged":0,"mho_comment":null,"flagged_by":null,"flagged_at":null},{"id":224,"user_email":"kevinpingol123@gmail.com","date":"2025-10-11","meal_category":"Lunch","food_name":"Kare-Kare","calories":550,"serving_size":"Generous bowl","protein":"25.00","carbs":"30.00","fat":"40.00","fiber":"0.00","created_at":"2025-10-11 03:56:50","is_flagged":0,"is_day_flagged":0,"mho_comment":null,"flagged_by":null,"flagged_at":null},{"id":232,"user_email":"kevinpingol123@gmail.com","date":"2025-10-11","meal_category":"Lunch","food_name":"Kare-Kare","calories":550,"serving_size":"Generous bowl","protein":"25.00","carbs":"30.00","fat":"40.00","fiber":"0.00","created_at":"2025-10-11 04:02:00","is_flagged":0,"is_day_flagged":0,"mho_comment":null,"flagged_by":null,"flagged_at":null},{"id":234,"user_email":"kevinpingol123@gmail.com","date":"2025-10-11","meal_category":"Lunch","food_name":"Kare-Kare","calories":550,"serving_size":"Generous bowl","protein":"25.00","carbs":"30.00","fat":"40.00","fiber":"0.00","created_at":"2025-10-11 04:10:41","is_flagged":0,"is_day_flagged":0,"mho_comment":null,"flagged_by":null,"flagged_at":null},{"id":229,"user_email":"kevinpingol123@gmail.com","date":"2025-10-11","meal_category":"Lunch","food_name":"Kare-Kare","calories":550,"se
2025-10-11 12:11:05.238  3026-3369  ActivityManagerWrapper  com.miui.home                        E  getRecentTasks: taskId=10907   userId=0   baseIntent=Intent { act=android.intent.action.MAIN cat=[android.intent.category.LAUNCHER] flg=0x10000000 cmp=com.example.nutrisaur11/.SplashActivity }
2025-10-11 12:11:05.245  2749-2749  FoodActivity            com.example.nutrisaur11              D  Download successful, parsing response...
2025-10-11 12:11:05.245  2749-2749  FoodActivity            com.example.nutrisaur11              D  === PARSING FOOD HISTORY ===
2025-10-11 12:11:05.245  2749-2749  FoodActivity            com.example.nutrisaur11              D  JSON Response: {"success":true,"data":[{"id":215,"user_email":"kevinpingol123@gmail.com","date":"2025-10-11","meal_category":"Lunch","food_name":"Chicken Adobo","calories":400,"serving_size":"1.5 cups","protein":"35.00","carbs":"15.00","fat":"20.00","fiber":"0.00","created_at":"2025-10-11 03:56:23","is_flagged":0,"is_day_flagged":0,"mho_comment":null,"flagged_by":null,"flagged_at":null},{"id":218,"user_email":"kevinpingol123@gmail.com","date":"2025-10-11","meal_category":"Lunch","food_name":"Chicken Adobo","calories":400,"serving_size":"1.5 cups","protein":"35.00","carbs":"15.00","fat":"20.00","fiber":"0.00","created_at":"2025-10-11 03:56:40","is_flagged":0,"is_day_flagged":0,"mho_comment":null,"flagged_by":null,"flagged_at":null},{"id":231,"user_email":"kevinpingol123@gmail.com","date":"2025-10-11","meal_category":"Lunch","food_name":"Chicken Adobo","calories":400,"serving_size":"1.5 cups","protein":"35.00","carbs":"15.00","fat":"20.00","fiber":"0.00","created_at":"2025-10-11 04:02:00","is_flagged":0,"is_day_flagged":0,"mho_comment":null,"flagged_by":null,"flagged_at":null},{"id":238,"user_email":"kevinpingol123@gmail.com","date":"2025-10-11","meal_category":"Lunch","food_name":"Chicken Adobo","calories":400,"serving_size":"1.5 cups","protein":"35.00","carbs":"15.00","fat":"20.00","fiber":"0.00","created_at":"2025-10-11 04:10:45","is_flagged":0,"is_day_flagged":0,"mho_comment":null,"flagged_by":null,"flagged_at":null},{"id":222,"user_email":"kevinpingol123@gmail.com","date":"2025-10-11","meal_category":"Lunch","food_name":"Chicken Adobo","calories":400,"serving_size":"1.5 cups","protein":"35.00","carbs":"15.00","fat":"20.00","fiber":"0.00","created_at":"2025-10-11 03:56:50","is_flagged":0,"is_day_flagged":0,"mho_comment":null,"flagged_by":null,"flagged_at":null},{"id":228,"user_email":"kevinpingol123@gmail.com","date":"2025-10-11","meal_category":"Lunch","food_name":"Chicken Adobo","calories":400,"serving_size":"1.5 cups","protein":"35.00","carbs":"15.00","fat":"20.00","fiber":"0.00","created_at":"2025-10-11 04:01:39","is_flagged":0,"is_day_flagged":0,"mho_comment":null,"flagged_by":null,"flagged_at":null},{"id":235,"user_email":"kevinpingol123@gmail.com","date":"2025-10-11","meal_category":"Lunch","food_name":"Chicken Adobo","calories":400,"serving_size":"1.5 cups","protein":"35.00","carbs":"15.00","fat":"20.00","fiber":"0.00","created_at":"2025-10-11 04:10:41","is_flagged":0,"is_day_flagged":0,"mho_comment":null,"flagged_by":null,"flagged_at":null},{"id":226,"user_email":"kevinpingol123@gmail.com","date":"2025-10-11","meal_category":"Lunch","food_name":"Chicken Adobo","calories":400,"serving_size":"1.5 cups","protein":"35.00","carbs":"15.00","fat":"20.00","fiber":"0.00","created_at":"2025-10-11 03:57:01","is_flagged":0,"is_day_flagged":0,"mho_comment":null,"flagged_by":null,"flagged_at":null},{"id":224,"user_email":"kevinpingol123@gmail.com","date":"2025-10-11","meal_category":"Lunch","food_name":"Kare-Kare","calories":550,"serving_size":"Generous bowl","protein":"25.00","carbs":"30.00","fat":"40.00","fiber":"0.00","created_at":"2025-10-11 03:56:50","is_flagged":0,"is_day_flagged":0,"mho_comment":null,"flagged_by":null,"flagged_at":null},{"id":232,"user_email":"kevinpingol123@gmail.com","date":"2025-10-11","meal_category":"Lunch","food_name":"Kare-Kare","calories":550,"serving_size":"Generous bowl","protein":"25.00","carbs":"30.00","fat":"40.00","fiber":"0.00","created_at":"2025-10-11 04:02:00","is_flagged":0,"is_day_flagged":0,"mho_comment":null,"flagged_by":null,"flagged_at":null},{"id":234,"user_email":"kevinpingol123@gmail.com","date":"2025-10-11","meal_category":"Lunch","food_name":"Kare-Kare","calories":550,"serving_size":"Generous bowl","protein":"25.00","carbs":"30.00","fat":"40.00","fiber":"0.00","created_at":"2025-10-11 04:10:41","is_flagged":0,"is_day_flagged":0,"mho_comment":null,"flagged_by":null,"flagged_at":null},{"id":229,"user_email":"kevinpingol123@gmail.com","date":"2025-10-11","meal_category":"Lunch","food_name":"Kare-Kare","calories":550,"serving_size":"G
2025-10-11 12:11:05.246  2749-2749  FoodActivity            com.example.nutrisaur11              D  Parsing 25 food items from server
2025-10-11 12:11:05.246  2749-2749  FoodActivity            com.example.nutrisaur11              D  === STORING FOOD DATA IN LOCAL STORAGE ===
2025-10-11 12:11:05.246  2749-2749  FoodActivity            com.example.nutrisaur11              D  Storing 1 dates of food data for user: kevinpingol123@gmail.com
2025-10-11 12:11:05.247  2749-2749  FoodActivity            com.example.nutrisaur11              D  Date 2025-10-11 has 1 meal categories
2025-10-11 12:11:05.247  2749-2749  FoodActivity            com.example.nutrisaur11              D    Lunch: 25 foods
2025-10-11 12:11:05.249  2749-2749  FoodActivity            com.example.nutrisaur11              D  About to store: Chicken Adobo in Lunch for 2025-10-11
2025-10-11 12:11:05.249  2749-2749  AddedFoodManager        com.example.nutrisaur11              D  🎯 addFoodToMealTime called: Chicken Adobo -> Lunch on 2025-10-11
2025-10-11 12:11:05.250  2749-2749  AddedFoodManager        com.example.nutrisaur11              D  Added Chicken Adobo to Lunch on 2025-10-11 (using single storage system)
2025-10-11 12:11:05.251  2749-2749  AddedFoodManager        com.example.nutrisaur11              D  Retrieved user email: 'kevinpingol123@gmail.com'
2025-10-11 12:11:05.251  2749-2749  AddedFoodManager        com.example.nutrisaur11              D  🔍 Attempting to store food in database:
2025-10-11 12:11:05.251  2749-2749  AddedFoodManager        com.example.nutrisaur11              D    - User Email: kevinpingol123@gmail.com
2025-10-11 12:11:05.251  2749-2749  AddedFoodManager        com.example.nutrisaur11              D    - Date: 2025-10-11
2025-10-11 12:11:05.251  2749-2749  AddedFoodManager        com.example.nutrisaur11              D    - Meal: Lunch
2025-10-11 12:11:05.251  2749-2749  AddedFoodManager        com.example.nutrisaur11              D    - Food: Chicken Adobo
2025-10-11 12:11:05.251  2749-2749  FoodActivity            com.example.nutrisaur11              D  ✅ Stored: Chicken Adobo in Lunch for 2025-10-11
2025-10-11 12:11:05.251  2749-2749  FoodActivity            com.example.nutrisaur11              D  ⏭️ Skipping: Chicken Adobo already exists in Lunch for 2025-10-11
2025-10-11 12:11:05.252  2749-2749  FoodActivity            com.example.nutrisaur11              D  ⏭️ Skipping: Chicken Adobo already exists in Lunch for 2025-10-11
2025-10-11 12:11:05.252  2749-2749  FoodActivity            com.example.nutrisaur11              D  ⏭️ Skipping: Chicken Adobo already exists in Lunch for 2025-10-11
2025-10-11 12:11:05.252  2749-2749  FoodActivity            com.example.nutrisaur11              D  ⏭️ Skipping: Chicken Adobo already exists in Lunch for 2025-10-11
2025-10-11 12:11:05.252  2749-2749  FoodActivity            com.example.nutrisaur11              D  ⏭️ Skipping: Chicken Adobo already exists in Lunch for 2025-10-11
2025-10-11 12:11:05.253  2749-2749  FoodActivity            com.example.nutrisaur11              D  ⏭️ Skipping: Chicken Adobo already exists in Lunch for 2025-10-11
2025-10-11 12:11:05.253  2749-2749  FoodActivity            com.example.nutrisaur11              D  ⏭️ Skipping: Chicken Adobo already exists in Lunch for 2025-10-11
2025-10-11 12:11:05.253  2749-2749  FoodActivity            com.example.nutrisaur11              D  About to store: Kare-Kare in Lunch for 2025-10-11
2025-10-11 12:11:05.253  2749-2749  AddedFoodManager        com.example.nutrisaur11              D  🎯 addFoodToMealTime called: Kare-Kare -> Lunch on 2025-10-11
2025-10-11 12:11:05.254  2749-2749  AddedFoodManager        com.example.nutrisaur11              D  Added Kare-Kare to Lunch on 2025-10-11 (using single storage system)
2025-10-11 12:11:05.254  2749-2749  AddedFoodManager        com.example.nutrisaur11              D  Retrieved user email: 'kevinpingol123@gmail.com'
2025-10-11 12:11:05.254  2749-2749  AddedFoodManager        com.example.nutrisaur11              D  🔍 Attempting to store food in database:
2025-10-11 12:11:05.254  2749-2749  AddedFoodManager        com.example.nutrisaur11              D    - User Email: kevinpingol123@gmail.com
2025-10-11 12:11:05.254  2749-2749  AddedFoodManager        com.example.nutrisaur11              D    - Date: 2025-10-11
2025-10-11 12:11:05.254  2749-2749  AddedFoodManager        com.example.nutrisaur11              D    - Meal: Lunch
2025-10-11 12:11:05.254  2749-2749  AddedFoodManager        com.example.nutrisaur11              D    - Food: Kare-Kare
2025-10-11 12:11:05.256  2749-2749  FoodActivity            com.example.nutrisaur11              D  ✅ Stored: Kare-Kare in Lunch for 2025-10-11
2025-10-11 12:11:05.256  2749-8577  ApiClient               com.example.nutrisaur11              D  🚀 Starting food upload to database:
2025-10-11 12:11:05.256  2749-2749  FoodActivity            com.example.nutrisaur11              D  ⏭️ Skipping: Kare-Kare already exists in Lunch for 2025-10-11
2025-10-11 12:11:05.256  2749-8577  ApiClient               com.example.nutrisaur11              D    - User: kevinpingol123@gmail.com
2025-10-11 12:11:05.257  2749-8577  ApiClient               com.example.nutrisaur11              D    - Date: 2025-10-11
2025-10-11 12:11:05.257  2749-8577  ApiClient               com.example.nutrisaur11              D    - Meal: Lunch
2025-10-11 12:11:05.257  2749-8577  ApiClient               com.example.nutrisaur11              D    - Food: Kare-Kare
2025-10-11 12:11:05.257  2749-2749  FoodActivity            com.example.nutrisaur11              D  ⏭️ Skipping: Kare-Kare already exists in Lunch for 2025-10-11
2025-10-11 12:11:05.257  2749-8577  ApiClient               com.example.nutrisaur11              D  📡 Upload URL: https://nutrisaur-production.up.railway.app/api/food_history_api.php?action=add
2025-10-11 12:11:05.257  2749-2749  FoodActivity            com.example.nutrisaur11              D  ⏭️ Skipping: Kare-Kare already exists in Lunch for 2025-10-11
2025-10-11 12:11:05.257  2749-8577  ApiClient               com.example.nutrisaur11              D  📦 Upload data: {"user_email":"kevinpingol123@gmail.com","date":"2025-10-11","meal_category":"Lunch","food_name":"Kare-Kare","calories":550,"serving_size":"Generous bowl","protein":25,"carbs":30,"fat":40,"fiber":0}
2025-10-11 12:11:05.257  2749-2749  FoodActivity            com.example.nutrisaur11              D  ⏭️ Skipping: Kare-Kare already exists in Lunch for 2025-10-11
2025-10-11 12:11:05.257  2749-2749  FoodActivity            com.example.nutrisaur11              D  ⏭️ Skipping: Kare-Kare already exists in Lunch for 2025-10-11
2025-10-11 12:11:05.257  2749-2749  FoodActivity            com.example.nutrisaur11              D  ⏭️ Skipping: Kare-Kare already exists in Lunch for 2025-10-11
2025-10-11 12:11:05.258  2749-2749  FoodActivity            com.example.nutrisaur11              D  ⏭️ Skipping: Kare-Kare already exists in Lunch for 2025-10-11
2025-10-11 12:11:05.258  2749-2749  FoodActivity            com.example.nutrisaur11              D  About to store: Sinigang na Baboy in Lunch for 2025-10-11
2025-10-11 12:11:05.258  2749-2749  AddedFoodManager        com.example.nutrisaur11              D  🎯 addFoodToMealTime called: Sinigang na Baboy -> Lunch on 2025-10-11
2025-10-11 12:11:05.258  2749-2749  AddedFoodManager        com.example.nutrisaur11              D  Added Sinigang na Baboy to Lunch on 2025-10-11 (using single storage system)
2025-10-11 12:11:05.258  2749-2749  AddedFoodManager        com.example.nutrisaur11              D  Retrieved user email: 'kevinpingol123@gmail.com'
2025-10-11 12:11:05.258  2749-2749  AddedFoodManager        com.example.nutrisaur11              D  🔍 Attempting to store food in database:
2025-10-11 12:11:05.258  2749-2749  AddedFoodManager        com.example.nutrisaur11              D    - User Email: kevinpingol123@gmail.com
2025-10-11 12:11:05.259  2749-2749  AddedFoodManager        com.example.nutrisaur11              D    - Date: 2025-10-11
2025-10-11 12:11:05.259  2749-2749  AddedFoodManager        com.example.nutrisaur11              D    - Meal: Lunch
2025-10-11 12:11:05.259  2749-2749  AddedFoodManager        com.example.nutrisaur11              D    - Food: Sinigang na Baboy
2025-10-11 12:11:05.259  2749-2749  FoodActivity            com.example.nutrisaur11              D  ✅ Stored: Sinigang na Baboy in Lunch for 2025-10-11
2025-10-11 12:11:05.259  2749-8578  ApiClient               com.example.nutrisaur11              D  🚀 Starting food upload to database:
2025-10-11 12:11:05.259  2749-8578  ApiClient               com.example.nutrisaur11              D    - User: kevinpingol123@gmail.com
2025-10-11 12:11:05.259  2749-8578  ApiClient               com.example.nutrisaur11              D    - Date: 2025-10-11
2025-10-11 12:11:05.259  2749-8578  ApiClient               com.example.nutrisaur11              D    - Meal: Lunch
2025-10-11 12:11:05.260  2749-8578  ApiClient               com.example.nutrisaur11              D    - Food: Sinigang na Baboy
2025-10-11 12:11:05.260  2749-8578  ApiClient               com.example.nutrisaur11              D  📡 Upload URL: https://nutrisaur-production.up.railway.app/api/food_history_api.php?action=add
2025-10-11 12:11:05.260  2749-8578  ApiClient               com.example.nutrisaur11              D  📦 Upload data: {"user_email":"kevinpingol123@gmail.com","date":"2025-10-11","meal_category":"Lunch","food_name":"Sinigang na Baboy","calories":450,"serving_size":"Large bowl","protein":30,"carbs":20,"fat":25,"fiber":0}
2025-10-11 12:11:05.260  2749-2749  FoodActivity            com.example.nutrisaur11              D  ⏭️ Skipping: Sinigang na Baboy already exists in Lunch for 2025-10-11
2025-10-11 12:11:05.261  2749-2749  FoodActivity            com.example.nutrisaur11              D  ⏭️ Skipping: Sinigang na Baboy already exists in Lunch for 2025-10-11
2025-10-11 12:11:05.261  2749-2749  FoodActivity            com.example.nutrisaur11              D  ⏭️ Skipping: Sinigang na Baboy already exists in Lunch for 2025-10-11
2025-10-11 12:11:05.261  2749-2749  FoodActivity            com.example.nutrisaur11              D  ⏭️ Skipping: Sinigang na Baboy already exists in Lunch for 2025-10-11
2025-10-11 12:11:05.262  2749-2749  FoodActivity            com.example.nutrisaur11              D  ⏭️ Skipping: Sinigang na Baboy already exists in Lunch for 2025-10-11
2025-10-11 12:11:05.262  2749-2749  FoodActivity            com.example.nutrisaur11              D  ⏭️ Skipping: Sinigang na Baboy already exists in Lunch for 2025-10-11
2025-10-11 12:11:05.263  2749-8576  ApiClient               com.example.nutrisaur11              D  🚀 Starting food upload to database:
2025-10-11 12:11:05.263  2749-8576  ApiClient               com.example.nutrisaur11              D    - User: kevinpingol123@gmail.com
2025-10-11 12:11:05.263  2749-8576  ApiClient               com.example.nutrisaur11              D    - Date: 2025-10-11
2025-10-11 12:11:05.263  2749-8576  ApiClient               com.example.nutrisaur11              D    - Meal: Lunch
2025-10-11 12:11:05.263  2749-8576  ApiClient               com.example.nutrisaur11              D    - Food: Chicken Adobo
2025-10-11 12:11:05.263  2749-8576  ApiClient               com.example.nutrisaur11              D  📡 Upload URL: https://nutrisaur-production.up.railway.app/api/food_history_api.php?action=add
2025-10-11 12:11:05.263  2749-2749  FoodActivity            com.example.nutrisaur11              D  ⏭️ Skipping: Sinigang na Baboy already exists in Lunch for 2025-10-11
2025-10-11 12:11:05.263  2749-8576  ApiClient               com.example.nutrisaur11              D  📦 Upload data: {"user_email":"kevinpingol123@gmail.com","date":"2025-10-11","meal_category":"Lunch","food_name":"Chicken Adobo","calories":400,"serving_size":"1.5 cups","protein":35,"carbs":15,"fat":20,"fiber":0}
2025-10-11 12:11:05.263  2749-2749  FoodActivity            com.example.nutrisaur11              D  ⏭️ Skipping: Sinigang na Baboy already exists in Lunch for 2025-10-11
2025-10-11 12:11:05.263  2749-2749  FoodActivity            com.example.nutrisaur11              D  ✅ Food history sync completed successfully
2025-10-11 12:11:05.263  2749-2749  FoodActivity            com.example.nutrisaur11              D  Refreshing UI after sync...
2025-10-11 12:11:05.263  2749-2749  FoodActivity            com.example.nutrisaur11              D  Refreshing meal progress on resume
2025-10-11 12:11:05.263  2749-2749  FoodActivity            com.example.nutrisaur11              D  Syncing CalorieTracker with AddedFoodManager for date: 2025-10-11
2025-10-11 12:11:05.265  2749-2749  CalorieTracker          com.example.nutrisaur11              D  Syncing with 3 added foods for date: 2025-10-11
2025-10-11 12:11:05.265  2749-2749  CalorieTracker          com.example.nutrisaur11              D    Daily foods: 3
2025-10-11 12:11:05.266  2749-2749  CalorieTracker          com.example.nutrisaur11              D  Available database fields: [birthday, is_pregnant, muac_category, notes, weight_kg, nutritional_risk, height_cm, sex, municipality, muac_cm, screening_date, bmi_category, name, barangay, email, age, bmi, status]
2025-10-11 12:11:05.266  2749-2749  CalorieTracker          com.example.nutrisaur11              D  Calculated age from birthday '2005-10-10': 20
2025-10-11 12:11:05.266  2749-2749  CalorieTracker          com.example.nutrisaur11              D  Weight field lookup - weight_kg: '50', weight: 'null', final: '50'
2025-10-11 12:11:05.266  2749-2749  CalorieTracker          com.example.nutrisaur11              D  Set weight from database: 50
2025-10-11 12:11:05.266  2749-2749  CalorieTracker          com.example.nutrisaur11              D  Height field lookup - height_cm: '171', height: 'null', final: '171'
2025-10-11 12:11:05.266  2749-2749  CalorieTracker          com.example.nutrisaur11              D  Set height from database: 171
2025-10-11 12:11:05.266  2749-2749  CalorieTracker          com.example.nutrisaur11              D  Created user profile from database data: Pingol , Kevin C. (Age: 20, Weight: 50.0, Height: 171.0, Gender: Male, Activity: Moderate)
2025-10-11 12:11:05.266  2749-2749  CalorieTracker          com.example.nutrisaur11              D  Using user profile from database data
2025-10-11 12:11:05.266  2749-2749  KcalSuggestionCache     com.example.nutrisaur11              D  User profile changed, cache invalid
2025-10-11 12:11:05.266  2749-2749  CalorieTracker          com.example.nutrisaur11              D  No valid AI cache found, using fallback calculation...
2025-10-11 12:11:05.266  2749-2749  CalorieCal...ionService com.example.nutrisaur11              D  Calculated BMR: 1473.75 for Pingol , Kevin C.
2025-10-11 12:11:05.267  2749-2749  CalorieCal...ionService com.example.nutrisaur11              D  Calculated TDEE: 2284.3125 (BMR: 1473.75 × Activity: 1.55)
2025-10-11 12:11:05.267  2749-2749  CalorieCal...ionService com.example.nutrisaur11              D  Calculated daily calorie target: 2784 (TDEE: 2284.3125 + Adjustment: 500.0)
2025-10-11 12:11:05.267  2749-2749  CalorieTracker          com.example.nutrisaur11              D  Using fallback calculation (AI will update cache): 2784
2025-10-11 12:11:05.267  2749-2749  CalorieTracker          com.example.nutrisaur11              D  Using AI-calculated daily calorie target: 2784
2025-10-11 12:11:05.267  2749-2749  CalorieCal...ionService com.example.nutrisaur11              D  Calculated meal distribution: Breakfast=696, Lunch=974, Dinner=835, Snacks=278
2025-10-11 12:11:05.267  2749-2749  CalorieTracker          com.example.nutrisaur11              D  Calculated meal distribution: Breakfast=696, Lunch=974, Dinner=835, Snacks=278
2025-10-11 12:11:05.267  2749-2749  CalorieTracker          com.example.nutrisaur11              D  Calculated meal distribution: {Breakfast=696, Dinner=835, Snacks=278, Lunch=974}
2025-10-11 12:11:05.267  2749-2749  CalorieTracker          com.example.nutrisaur11              D  Created Lunch meal with 974 max calories
2025-10-11 12:11:05.267  2749-2749  CalorieTracker          com.example.nutrisaur11              D  Added Chicken Adobo (400 cal) to Lunch for date 2025-10-11
2025-10-11 12:11:05.267  2749-2749  CalorieTracker          com.example.nutrisaur11              D  Added Kare-Kare (550 cal) to Lunch for date 2025-10-11
2025-10-11 12:11:05.267  2749-2749  CalorieTracker          com.example.nutrisaur11              D  Added Sinigang na Baboy (450 cal) to Lunch for date 2025-10-11
2025-10-11 12:11:05.268  2749-2749  CalorieTracker          com.example.nutrisaur11              D  Synced CalorieTracker with AddedFoodManager for date 2025-10-11. Total meals: 1
2025-10-11 12:11:05.268  2749-2749  CalorieTracker          com.example.nutrisaur11              D  Meal Lunch: 1400/974 kcal
2025-10-11 12:11:05.268  2749-2749  FoodHistorySyncManager  com.example.nutrisaur11              D  Flag metadata synced successfully
2025-10-11 12:11:05.269  2749-2749  FoodActivity            com.example.nutrisaur11              D  Total eaten calories after sync: 1400
2025-10-11 12:11:05.269  2749-2749  FoodActivity            com.example.nutrisaur11              D  Updating eaten calories only (preserving daily target)
2025-10-11 12:11:05.269  2749-2749  FoodActivity            com.example.nutrisaur11              D  Total eaten calories for update: 1400
2025-10-11 12:11:05.269  2749-2749  FoodActivity            com.example.nutrisaur11              D  Using existing daily calorie target: 2784
2025-10-11 12:11:05.269  2749-2749  FoodActivity            com.example.nutrisaur11              D  Eaten Calories Only Update:
2025-10-11 12:11:05.269  2749-2749  FoodActivity            com.example.nutrisaur11              D    Total Daily Calories: 2784 (preserved)
2025-10-11 12:11:05.270  2749-2749  FoodActivity            com.example.nutrisaur11              D    Total Eaten Calories: 1400 (updated)
2025-10-11 12:11:05.270  2749-2749  FoodActivity            com.example.nutrisaur11              D    Calories Left: 1384
2025-10-11 12:11:05.270  2749-2749  FoodActivity            com.example.nutrisaur11              D    Progress Percent: 50.287354%
2025-10-11 12:11:05.270  2749-2749  FoodActivity            com.example.nutrisaur11              D  Updating macronutrient data directly
2025-10-11 12:11:05.271  2749-2749  FoodActivity            com.example.nutrisaur11              D  FoodActivity Available database fields: [birthday, is_pregnant, muac_category, notes, weight_kg, nutritional_risk, height_cm, sex, municipality, muac_cm, screening_date, bmi_category, name, barangay, email, age, bmi, status]
2025-10-11 12:11:05.272  2749-2749  FoodActivity            com.example.nutrisaur11              D  Calculated age from birthday '2005-10-10': 20
2025-10-11 12:11:05.272  2749-2749  FoodActivity            com.example.nutrisaur11              D  FoodActivity Weight field lookup - weight_kg: '50', weight: 'null', final: '50'
2025-10-11 12:11:05.272  2749-2749  FoodActivity            com.example.nutrisaur11              D  FoodActivity: Set weight from database: 50
2025-10-11 12:11:05.272  2749-2749  FoodActivity            com.example.nutrisaur11              D  FoodActivity Height field lookup - height_cm: '171', height: 'null', final: '171'
2025-10-11 12:11:05.272  2749-2749  FoodActivity            com.example.nutrisaur11              D  FoodActivity: Set height from database: 171
2025-10-11 12:11:05.272  2749-2749  FoodActivity            com.example.nutrisaur11              D  Created user profile from database data: Pingol , Kevin C. (Age: 20, Weight: 50.0, Height: 171.0, Gender: Male, Activity: Moderate)
2025-10-11 12:11:05.272  2749-2749  CalorieCal...ionService com.example.nutrisaur11              D  Calculated BMR: 1473.75 for Pingol , Kevin C.
2025-10-11 12:11:05.272  2749-2749  CalorieCal...ionService com.example.nutrisaur11              D  Calculated TDEE: 2284.3125 (BMR: 1473.75 × Activity: 1.55)
2025-10-11 12:11:05.272  2749-2749  CalorieCal...ionService com.example.nutrisaur11              D  Calculated daily calorie target: 2784 (TDEE: 2284.3125 + Adjustment: 500.0)
2025-10-11 12:11:05.272  2749-2749  FoodActivity            com.example.nutrisaur11              D  Calculated macro targets - Protein: 153, Carbs: 375, Fat: 74
2025-10-11 12:11:05.272  2749-2749  FoodActivity            com.example.nutrisaur11              D  Macro Update:
2025-10-11 12:11:05.272  2749-2749  FoodActivity            com.example.nutrisaur11              D    Protein: 63/153 (eaten: 90)
2025-10-11 12:11:05.272  2749-2749  FoodActivity            com.example.nutrisaur11              D    Carbs: 310/375 (eaten: 65)
2025-10-11 12:11:05.272  2749-2749  FoodActivity            com.example.nutrisaur11              D    Fat: 0/74 (eaten: 85)
2025-10-11 12:11:05.273  2749-2749  FoodActivity            com.example.nutrisaur11              D  Updating meal progress texts with direct AddedFoodManager data
2025-10-11 12:11:05.274  2749-2749  FoodActivity            com.example.nutrisaur11              D  FoodActivity Available database fields: [birthday, is_pregnant, muac_category, notes, weight_kg, nutritional_risk, height_cm, sex, municipality, muac_cm, screening_date, bmi_category, name, barangay, email, age, bmi, status]
2025-10-11 12:11:05.274  2749-2749  FoodActivity            com.example.nutrisaur11              D  Calculated age from birthday '2005-10-10': 20
2025-10-11 12:11:05.274  2749-2749  FoodActivity            com.example.nutrisaur11              D  FoodActivity Weight field lookup - weight_kg: '50', weight: 'null', final: '50'
2025-10-11 12:11:05.274  2749-2749  FoodActivity            com.example.nutrisaur11              D  FoodActivity: Set weight from database: 50
2025-10-11 12:11:05.274  2749-2749  FoodActivity            com.example.nutrisaur11              D  FoodActivity Height field lookup - height_cm: '171', height: 'null', final: '171'
2025-10-11 12:11:05.274  2749-2749  FoodActivity            com.example.nutrisaur11              D  FoodActivity: Set height from database: 171
2025-10-11 12:11:05.275  2749-2749  FoodActivity            com.example.nutrisaur11              D  Created user profile from database data: Pingol , Kevin C. (Age: 20, Weight: 50.0, Height: 171.0, Gender: Male, Activity: Moderate)
2025-10-11 12:11:05.275  2749-2749  KcalSuggestionCache     com.example.nutrisaur11              D  User profile changed, cache invalid
