2025-10-11 11:47:55.382  2749-3993  ApiClient               com.example.nutrisaur11              D    - User: kevinpingol123@gmail.com
2025-10-11 11:47:55.382  2749-3993  ApiClient               com.example.nutrisaur11              D    - Date: 2025-10-11
2025-10-11 11:47:55.382  2749-3993  ApiClient               com.example.nutrisaur11              D    - Meal: Lunch
2025-10-11 11:47:55.382  2749-3993  ApiClient               com.example.nutrisaur11              D    - Food: Sinigang na Baboy
2025-10-11 11:47:55.382  2749-2749  FoodActivity            com.example.nutrisaur11              D  ⏭️ Skipping: Sinigang na Baboy already exists in Lunch for 2025-10-11
2025-10-11 11:47:55.382  2749-2749  FoodActivity            com.example.nutrisaur11              D  ✅ Food history sync completed successfully
2025-10-11 11:47:55.382  2749-2749  FoodActivity            com.example.nutrisaur11              D  Refreshing UI after sync...
2025-10-11 11:47:55.382  2749-3993  ApiClient               com.example.nutrisaur11              D  📡 Upload URL: https://nutrisaur-production.up.railway.app/api/food_history_api.php?action=add
2025-10-11 11:47:55.382  2749-3993  ApiClient               com.example.nutrisaur11              D  📦 Upload data: {"user_email":"kevinpingol123@gmail.com","date":"2025-10-11","meal_category":"Lunch","food_name":"Sinigang na Baboy","calories":450,"serving_size":"Large bowl","protein":30,"carbs":20,"fat":25,"fiber":0}
2025-10-11 11:47:55.383  2749-2749  FoodActivity            com.example.nutrisaur11              D  Refreshing meal progress on resume
2025-10-11 11:47:55.383  2749-2749  FoodActivity            com.example.nutrisaur11              D  Syncing CalorieTracker with AddedFoodManager for date: 2025-10-11
2025-10-11 11:47:55.385  2749-2749  CalorieTracker          com.example.nutrisaur11              D  Syncing with 9 added foods for date: 2025-10-11
2025-10-11 11:47:55.385  2749-2749  CalorieTracker          com.example.nutrisaur11              D    Daily foods: 9
2025-10-11 11:47:55.385  2749-2749  CalorieTracker          com.example.nutrisaur11              D  Available database fields: [birthday, is_pregnant, muac_category, notes, weight_kg, nutritional_risk, height_cm, sex, municipality, muac_cm, screening_date, bmi_category, name, barangay, email, age, bmi, status]
2025-10-11 11:47:55.385  2749-2749  CalorieTracker          com.example.nutrisaur11              D  Calculated age from birthday '2005-10-10': 20
2025-10-11 11:47:55.385  2749-2749  CalorieTracker          com.example.nutrisaur11              D  Weight field lookup - weight_kg: '50', weight: 'null', final: '50'
2025-10-11 11:47:55.385  2749-2749  CalorieTracker          com.example.nutrisaur11              D  Set weight from database: 50
2025-10-11 11:47:55.385  2749-2749  CalorieTracker          com.example.nutrisaur11              D  Height field lookup - height_cm: '171', height: 'null', final: '171'
2025-10-11 11:47:55.385  2749-2749  CalorieTracker          com.example.nutrisaur11              D  Set height from database: 171
2025-10-11 11:47:55.385  2749-2749  CalorieTracker          com.example.nutrisaur11              D  Created user profile from database data: Pingol , Kevin C. (Age: 20, Weight: 50.0, Height: 171.0, Gender: Male, Activity: Moderate)
2025-10-11 11:47:55.385  2749-2749  CalorieTracker          com.example.nutrisaur11              D  Using user profile from database data
2025-10-11 11:47:55.385  2749-2749  KcalSuggestionCache     com.example.nutrisaur11              D  User profile changed, cache invalid
2025-10-11 11:47:55.385  2749-2749  CalorieTracker          com.example.nutrisaur11              D  No valid AI cache found, using fallback calculation...
2025-10-11 11:47:55.385  2749-2749  CalorieCal...ionService com.example.nutrisaur11              D  Calculated BMR: 1473.75 for Pingol , Kevin C.
2025-10-11 11:47:55.385  2749-2749  CalorieCal...ionService com.example.nutrisaur11              D  Calculated TDEE: 2284.3125 (BMR: 1473.75 × Activity: 1.55)
2025-10-11 11:47:55.385  2749-2749  CalorieCal...ionService com.example.nutrisaur11              D  Calculated daily calorie target: 2784 (TDEE: 2284.3125 + Adjustment: 500.0)
2025-10-11 11:47:55.385  2749-2749  CalorieTracker          com.example.nutrisaur11              D  Using fallback calculation (AI will update cache): 2784
2025-10-11 11:47:55.386  2749-2749  CalorieTracker          com.example.nutrisaur11              D  Using AI-calculated daily calorie target: 2784
2025-10-11 11:47:55.386  2749-2749  CalorieCal...ionService com.example.nutrisaur11              D  Calculated meal distribution: Breakfast=696, Lunch=974, Dinner=835, Snacks=278
2025-10-11 11:47:55.386  2749-2749  CalorieTracker          com.example.nutrisaur11              D  Calculated meal distribution: Breakfast=696, Lunch=974, Dinner=835, Snacks=278
2025-10-11 11:47:55.386  2749-2749  CalorieTracker          com.example.nutrisaur11              D  Calculated meal distribution: {Breakfast=696, Dinner=835, Snacks=278, Lunch=974}
2025-10-11 11:47:55.386  2749-2749  CalorieTracker          com.example.nutrisaur11              D  Created Breakfast meal with 696 max calories
2025-10-11 11:47:55.386  2749-2749  CalorieTracker          com.example.nutrisaur11              D  Added Arroz Caldo (450 cal) to Breakfast for date 2025-10-11
2025-10-11 11:47:55.386  2749-2749  CalorieTracker          com.example.nutrisaur11              D  Added Longsilog (550 cal) to Breakfast for date 2025-10-11
2025-10-11 11:47:55.386  2749-2749  CalorieTracker          com.example.nutrisaur11              D  Added Tapsilog (600 cal) to Breakfast for date 2025-10-11
2025-10-11 11:47:55.386  2749-2749  CalorieTracker          com.example.nutrisaur11              D  Created Dinner meal with 835 max calories
2025-10-11 11:47:55.386  2749-2749  CalorieTracker          com.example.nutrisaur11              D  Added Adobo (480 cal) to Dinner for date 2025-10-11
2025-10-11 11:47:55.386  2749-2749  CalorieTracker          com.example.nutrisaur11              D  Added Kare-Kare (550 cal) to Dinner for date 2025-10-11
2025-10-11 11:47:55.386  2749-2749  CalorieTracker          com.example.nutrisaur11              D  Added Sinigang (400 cal) to Dinner for date 2025-10-11
2025-10-11 11:47:55.386  2749-2749  CalorieTracker          com.example.nutrisaur11              D  Created Lunch meal with 974 max calories
2025-10-11 11:47:55.386  2749-2749  CalorieTracker          com.example.nutrisaur11              D  Added Chicken Adobo (400 cal) to Lunch for date 2025-10-11
2025-10-11 11:47:55.386  2749-2749  CalorieTracker          com.example.nutrisaur11              D  Added Kare-Kare (550 cal) to Lunch for date 2025-10-11
2025-10-11 11:47:55.386  2749-2749  CalorieTracker          com.example.nutrisaur11              D  Added Sinigang na Baboy (450 cal) to Lunch for date 2025-10-11
2025-10-11 11:47:55.387  2749-3996  NutritionService        com.example.nutrisaur11              D  Starting nutrition recommendations...
2025-10-11 11:47:55.387  2749-3996  NutritionService        com.example.nutrisaur11              D  Getting user profile from SharedPreferences...
2025-10-11 11:47:55.387  2749-3996  NutritionService        com.example.nutrisaur11              D  User data: name=, age=25, weight=70.0, height=170.0
2025-10-11 11:47:55.387  2749-3996  NutritionService        com.example.nutrisaur11              D  User profile loaded: , BMI: 24.221453287197235
2025-10-11 11:47:55.387  2749-3996  KcalSuggestionCache     com.example.nutrisaur11              D  User profile changed, cache invalid
2025-10-11 11:47:55.387  2749-3996  NutritionService        com.example.nutrisaur11              D  User profile changed or cache expired - calculating new nutrition data...
2025-10-11 11:47:55.387  2749-3996  NutritionService        com.example.nutrisaur11              D  Calculating nutrition data for user: 
2025-10-11 11:47:55.387  2749-3996  CalorieCal...ionService com.example.nutrisaur11              D  Calculated BMR: 1642.5 for 
2025-10-11 11:47:55.387  2749-3996  CalorieCal...ionService com.example.nutrisaur11              D  Calculated TDEE: 2545.875 (BMR: 1642.5 × Activity: 1.55)
2025-10-11 11:47:55.387  2749-3996  CalorieCal...ionService com.example.nutrisaur11              D  Calculated daily calorie target: 2545 (TDEE: 2545.875 + Adjustment: 0.0)
2025-10-11 11:47:55.387  2749-3996  CalorieCal...ionService com.example.nutrisaur11              D  Calculated protein target: 112.0g (1.6g/kg)
2025-10-11 11:47:55.388  2749-3892  ApiClient               com.example.nutrisaur11              D  Response code: 200
2025-10-11 11:47:55.388  2749-3892  ApiClient               com.example.nutrisaur11              D  📥 Upload food response: {"success":true,"message":"Food entry added successfully","id":"184"}
2025-10-11 11:47:55.388  2749-3892  AddedFoodManager        com.example.nutrisaur11              D  ✅ Database storage call completed
2025-10-11 11:47:55.389  2749-2749  CalorieTracker          com.example.nutrisaur11              D  Synced CalorieTracker with AddedFoodManager for date 2025-10-11. Total meals: 3
2025-10-11 11:47:55.389  2749-3996  CalorieCal...ionService com.example.nutrisaur11              D  Calculated fat target: 84.83333333333333g (30% of 2545 calories)
2025-10-11 11:47:55.389  2749-2749  CalorieTracker          com.example.nutrisaur11              D  Meal Breakfast: 1600/696 kcal
2025-10-11 11:47:55.389  2749-3996  CalorieCal...ionService com.example.nutrisaur11              D  Calculated carb target: 333.375g
2025-10-11 11:47:55.389  2749-2749  CalorieTracker          com.example.nutrisaur11              D  Meal Dinner: 1430/835 kcal
2025-10-11 11:47:55.389  2749-3996  CalorieCal...ionService com.example.nutrisaur11              D  Calculated meal distribution: Breakfast=636, Lunch=890, Dinner=763, Snacks=254
2025-10-11 11:47:55.389  2749-2749  CalorieTracker          com.example.nutrisaur11              D  Meal Lunch: 1400/974 kcal
2025-10-11 11:47:55.389  2749-2749  FoodActivity            com.example.nutrisaur11              D  Updating nutrition UI with data
2025-10-11 11:47:55.389  2749-3996  NutritionService        com.example.nutrisaur11              D  Calculated nutrition data: 2545 calories, 112.0g protein, 333.375g carbs, 84.83333333333333g fat
2025-10-11 11:47:55.389  2749-3996  KcalSuggestionCache     com.example.nutrisaur11              D  Successfully cached kcal suggestion for user profile hash: 652952617
2025-10-11 11:47:55.389  2749-3996  NutritionService        com.example.nutrisaur11              D  Cached new kcal suggestion for updated user profile
2025-10-11 11:47:55.389  2749-3996  CalorieTracker          com.example.nutrisaur11              D  Background AI calculation completed: 2545
2025-10-11 11:47:55.391  2749-2749  AddedFoodManager        com.example.nutrisaur11              D  getDailyFoods returned: 3 meal categories for 2025-10-11
2025-10-11 11:47:55.391  2749-2749  AddedFoodManager        com.example.nutrisaur11              D  Meal category Breakfast has 3 foods
2025-10-11 11:47:55.391  2749-2749  AddedFoodManager        com.example.nutrisaur11              D    - Arroz Caldo in Breakfast
2025-10-11 11:47:55.391  2749-2749  AddedFoodManager        com.example.nutrisaur11              D    - Longsilog in Breakfast
2025-10-11 11:47:55.391  2749-2749  AddedFoodManager        com.example.nutrisaur11              D    - Tapsilog in Breakfast
2025-10-11 11:47:55.391  2749-2749  AddedFoodManager        com.example.nutrisaur11              D  Meal category Dinner has 3 foods
2025-10-11 11:47:55.391  2749-2749  AddedFoodManager        com.example.nutrisaur11              D    - Adobo in Dinner
2025-10-11 11:47:55.391  2749-2749  AddedFoodManager        com.example.nutrisaur11              D    - Kare-Kare in Dinner
2025-10-11 11:47:55.391  2749-2749  AddedFoodManager        com.example.nutrisaur11              D    - Sinigang in Dinner
2025-10-11 11:47:55.391  2749-2749  AddedFoodManager        com.example.nutrisaur11              D  Meal category Lunch has 3 foods
2025-10-11 11:47:55.391  2749-2749  AddedFoodManager        com.example.nutrisaur11              D    - Chicken Adobo in Lunch
2025-10-11 11:47:55.391  2749-2749  AddedFoodManager        com.example.nutrisaur11              D    - Kare-Kare in Lunch
2025-10-11 11:47:55.391  2749-2749  AddedFoodManager        com.example.nutrisaur11              D    - Sinigang na Baboy in Lunch
2025-10-11 11:47:55.391  2749-2749  AddedFoodManager        com.example.nutrisaur11              D  Retrieved 9 foods from daily storage for 2025-10-11
2025-10-11 11:47:55.391  2749-2749  CalorieTracker          com.example.nutrisaur11              D  Syncing with 9 added foods
2025-10-11 11:47:55.392  2749-2749  CalorieTracker          com.example.nutrisaur11              D  Cleared SharedPreferences user profile cache to force fresh database data
2025-10-11 11:47:55.392  2749-2749  CalorieTracker          com.example.nutrisaur11              W  No user profile found in SharedPreferences - will use database data
2025-10-11 11:47:55.392  2749-2749  CalorieTracker          com.example.nutrisaur11              D  Using user profile from SharedPreferences
2025-10-11 11:47:55.392  2749-2749  CalorieTracker          com.example.nutrisaur11              W  No user profile found, using default meal distribution
2025-10-11 11:47:55.392  2749-2749  CalorieTracker          com.example.nutrisaur11              D  Calculated meal distribution: {Breakfast=500, Dinner=600, Snacks=200, Lunch=700}
2025-10-11 11:47:55.392  2749-2749  CalorieTracker          com.example.nutrisaur11              D  Created Breakfast meal with 500 max calories
2025-10-11 11:47:55.392  2749-2749  CalorieTracker          com.example.nutrisaur11              D  Added Arroz Caldo (450 cal) to Breakfast
2025-10-11 11:47:55.392  2749-2749  CalorieTracker          com.example.nutrisaur11              D  Added Longsilog (550 cal) to Breakfast
2025-10-11 11:47:55.392  2749-2749  CalorieTracker          com.example.nutrisaur11              D  Added Tapsilog (600 cal) to Breakfast
2025-10-11 11:47:55.392  2749-2749  CalorieTracker          com.example.nutrisaur11              D  Created Dinner meal with 600 max calories
2025-10-11 11:47:55.392  2749-2749  CalorieTracker          com.example.nutrisaur11              D  Added Adobo (480 cal) to Dinner
2025-10-11 11:47:55.392  2749-2749  CalorieTracker          com.example.nutrisaur11              D  Added Kare-Kare (550 cal) to Dinner
2025-10-11 11:47:55.392  2749-2749  CalorieTracker          com.example.nutrisaur11              D  Added Sinigang (400 cal) to Dinner
2025-10-11 11:47:55.392  2749-2749  CalorieTracker          com.example.nutrisaur11              D  Created Lunch meal with 700 max calories
2025-10-11 11:47:55.392  2749-2749  CalorieTracker          com.example.nutrisaur11              D  Added Chicken Adobo (400 cal) to Lunch
2025-10-11 11:47:55.392  2749-2749  CalorieTracker          com.example.nutrisaur11              D  Added Kare-Kare (550 cal) to Lunch
2025-10-11 11:47:55.392  2749-2749  CalorieTracker          com.example.nutrisaur11              D  Added Sinigang na Baboy (450 cal) to Lunch
2025-10-11 11:47:55.394  2749-2749  CalorieTracker          com.example.nutrisaur11              D  Synced CalorieTracker with AddedFoodManager. Total meals: 3
2025-10-11 11:47:55.394  2749-2749  CalorieTracker          com.example.nutrisaur11              D  Meal Breakfast: 1600/500 kcal
2025-10-11 11:47:55.394  2749-2749  CalorieTracker          com.example.nutrisaur11              D  Meal Dinner: 1430/600 kcal
2025-10-11 11:47:55.394  2749-2749  CalorieTracker          com.example.nutrisaur11              D  Meal Lunch: 1400/700 kcal
2025-10-11 11:47:55.395  2749-2749  FoodActivity            com.example.nutrisaur11              D  FoodActivity Available database fields: [birthday, is_pregnant, muac_category, notes, weight_kg, nutritional_risk, height_cm, sex, municipality, muac_cm, screening_date, bmi_category, name, barangay, email, age, bmi, status]
2025-10-11 11:47:55.395  2749-2749  FoodActivity            com.example.nutrisaur11              D  Calculated age from birthday '2005-10-10': 20
2025-10-11 11:47:55.395  2749-2749  FoodActivity            com.example.nutrisaur11              D  FoodActivity Weight field lookup - weight_kg: '50', weight: 'null', final: '50'
2025-10-11 11:47:55.395  2749-2749  FoodActivity            com.example.nutrisaur11              D  FoodActivity: Set weight from database: 50
2025-10-11 11:47:55.395  2749-2749  FoodActivity            com.example.nutrisaur11              D  FoodActivity Height field lookup - height_cm: '171', height: 'null', final: '171'
2025-10-11 11:47:55.395  2749-2749  FoodActivity            com.example.nutrisaur11              D  FoodActivity: Set height from database: 171
2025-10-11 11:47:55.395  2749-2749  FoodActivity            com.example.nutrisaur11              D  Created user profile from database data: Pingol , Kevin C. (Age: 20, Weight: 50.0, Height: 171.0, Gender: Male, Activity: Moderate)
2025-10-11 11:47:55.395  2749-2749  CalorieCal...ionService com.example.nutrisaur11              D  Calculated BMR: 1473.75 for Pingol , Kevin C.
2025-10-11 11:47:55.395  2749-2749  CalorieCal...ionService com.example.nutrisaur11              D  Calculated TDEE: 2284.3125 (BMR: 1473.75 × Activity: 1.55)
2025-10-11 11:47:55.395  2749-2749  CalorieCal...ionService com.example.nutrisaur11              D  Calculated daily calorie target: 2784 (TDEE: 2284.3125 + Adjustment: 500.0)
2025-10-11 11:47:55.395  2749-2749  FoodActivity            com.example.nutrisaur11              D  updateCalorieData - Calculated daily calorie target: 2784
2025-10-11 11:47:55.395  2749-2749  FoodActivity            com.example.nutrisaur11              D  === CALORIE UPDATE ===
2025-10-11 11:47:55.395  2749-2749  FoodActivity            com.example.nutrisaur11              D  Total Daily Calories: 2784
2025-10-11 11:47:55.395  2749-2749  FoodActivity            com.example.nutrisaur11              D  Total Eaten Calories: 4430
2025-10-11 11:47:55.395  2749-2749  FoodActivity            com.example.nutrisaur11              D  Calories Left: 0
2025-10-11 11:47:55.395  2749-2749  FoodActivity            com.example.nutrisaur11              D  Calories Burned: 0
2025-10-11 11:47:55.395  2749-2749  FoodActivity            com.example.nutrisaur11              D  Updating meal progress texts with direct AddedFoodManager data
2025-10-11 11:47:55.397  2749-2749  FoodActivity            com.example.nutrisaur11              D  FoodActivity Available database fields: [birthday, is_pregnant, muac_category, notes, weight_kg, nutritional_risk, height_cm, sex, municipality, muac_cm, screening_date, bmi_category, name, barangay, email, age, bmi, status]
2025-10-11 11:47:55.398  2749-2749  FoodActivity            com.example.nutrisaur11              D  Calculated age from birthday '2005-10-10': 20
2025-10-11 11:47:55.398  2749-2749  FoodActivity            com.example.nutrisaur11              D  FoodActivity Weight field lookup - weight_kg: '50', weight: 'null', final: '50'
2025-10-11 11:47:55.398  2749-2749  FoodActivity            com.example.nutrisaur11              D  FoodActivity: Set weight from database: 50
2025-10-11 11:47:55.398  2749-2749  FoodActivity            com.example.nutrisaur11              D  FoodActivity Height field lookup - height_cm: '171', height: 'null', final: '171'
2025-10-11 11:47:55.398  2749-2749  FoodActivity            com.example.nutrisaur11              D  FoodActivity: Set height from database: 171
2025-10-11 11:47:55.398  2749-2749  FoodActivity            com.example.nutrisaur11              D  Created user profile from database data: Pingol , Kevin C. (Age: 20, Weight: 50.0, Height: 171.0, Gender: Male, Activity: Moderate)
2025-10-11 11:47:55.398  2749-2749  KcalSuggestionCache     com.example.nutrisaur11              D  User profile changed, cache invalid
2025-10-11 11:47:55.398  2749-2749  FoodActivity            com.example.nutrisaur11              D  No valid AI cache found, using fallback calculation...
2025-10-11 11:47:55.398  2749-2749  CalorieCal...ionService com.example.nutrisaur11              D  Calculated BMR: 1473.75 for Pingol , Kevin C.
2025-10-11 11:47:55.398  2749-2749  CalorieCal...ionService com.example.nutrisaur11              D  Calculated TDEE: 2284.3125 (BMR: 1473.75 × Activity: 1.55)
2025-10-11 11:47:55.398  2749-2749  CalorieCal...ionService com.example.nutrisaur11              D  Calculated daily calorie target: 2784 (TDEE: 2284.3125 + Adjustment: 500.0)
2025-10-11 11:47:55.398  2749-2749  FoodActivity            com.example.nutrisaur11              D  Using fallback calculation (AI will update cache): 2784
2025-10-11 11:47:55.398  2749-2749  FoodActivity            com.example.nutrisaur11              D  Starting background AI calculation...
2025-10-11 11:47:55.398  2749-2749  FoodActivity            com.example.nutrisaur11              D  Using AI-calculated total daily calories: 2784
2025-10-11 11:47:55.398  2749-2749  FoodActivity            com.example.nutrisaur11              D  FoodActivity Available database fields: [birthday, is_pregnant, muac_category, notes, weight_kg, nutritional_risk, height_cm, sex, municipality, muac_cm, screening_date, bmi_category, name, barangay, email, age, bmi, status]
2025-10-11 11:47:55.399  2749-2749  FoodActivity            com.example.nutrisaur11              D  Calculated age from birthday '2005-10-10': 20
2025-10-11 11:47:55.399  2749-2749  FoodActivity            com.example.nutrisaur11              D  FoodActivity Weight field lookup - weight_kg: '50', weight: 'null', final: '50'
2025-10-11 11:47:55.399  2749-2856  NutritionService        com.example.nutrisaur11              D  Starting nutrition recommendations...
2025-10-11 11:47:55.399  2749-2856  NutritionService        com.example.nutrisaur11              D  Getting user profile from SharedPreferences...
2025-10-11 11:47:55.399  2749-2856  NutritionService        com.example.nutrisaur11              D  User data: name=, age=25, weight=70.0, height=170.0
2025-10-11 11:47:55.399  2749-2856  NutritionService        com.example.nutrisaur11              D  User profile loaded: , BMI: 24.221453287197235
2025-10-11 11:47:55.399  2749-2749  FoodActivity            com.example.nutrisaur11              D  FoodActivity: Set weight from database: 50
2025-10-11 11:47:55.399  2749-2749  FoodActivity            com.example.nutrisaur11              D  FoodActivity Height field lookup - height_cm: '171', height: 'null', final: '171'
2025-10-11 11:47:55.399  2749-2749  FoodActivity            com.example.nutrisaur11              D  FoodActivity: Set height from database: 171
2025-10-11 11:47:55.399  2749-2749  FoodActivity            com.example.nutrisaur11              D  Created user profile from database data: Pingol , Kevin C. (Age: 20, Weight: 50.0, Height: 171.0, Gender: Male, Activity: Moderate)
2025-10-11 11:47:55.399  2749-2749  CalorieCal...ionService com.example.nutrisaur11              D  Calculated meal distribution: Breakfast=696, Lunch=974, Dinner=835, Snacks=278
2025-10-11 11:47:55.399  2749-2856  KcalSuggestionCache     com.example.nutrisaur11              D  Cached kcal suggestion is valid
2025-10-11 11:47:55.399  2749-2856  NutritionService        com.example.nutrisaur11              D  Using cached kcal suggestion - user profile unchanged
2025-10-11 11:47:55.399  2749-2749  FoodActivity            com.example.nutrisaur11              D  Calculated meal distribution: Breakfast=696, Lunch=974, Dinner=835, Snacks=278
2025-10-11 11:47:55.399  2749-2749  FoodActivity            com.example.nutrisaur11              D  Direct update Breakfast: 1600 / 696 kcal (from 3 foods)
2025-10-11 11:47:55.399  2749-2856  KcalSuggestionCache     com.example.nutrisaur11              D  Successfully loaded cached kcal suggestion
2025-10-11 11:47:55.399  2749-2856  FoodActivity            com.example.nutrisaur11              D  Background AI calculation completed: 2545
2025-10-11 11:47:55.399  2749-2749  FoodActivity            com.example.nutrisaur11              D  Set breakfast progress text to: 1600 / 696 kcal
2025-10-11 11:47:55.399  2749-2749  FoodActivity            com.example.nutrisaur11              D  Direct update Lunch: 1400 / 974 kcal (from 3 foods)
2025-10-11 11:47:55.399  2749-2749  FoodActivity            com.example.nutrisaur11              D  Set lunch progress text to: 1400 / 974 kcal
2025-10-11 11:47:55.399  2749-2749  FoodActivity            com.example.nutrisaur11              D  Direct update Dinner: 1430 / 835 kcal (from 3 foods)
2025-10-11 11:47:55.400  2749-2749  FoodActivity            com.example.nutrisaur11              D  Set dinner progress text to: 1430 / 835 kcal
2025-10-11 11:47:55.400  2749-2749  FoodActivity            com.example.nutrisaur11              D  Direct update Snacks: 0 / 278 kcal (from 0 foods)
2025-10-11 11:47:55.400  2749-2749  FoodActivity            com.example.nutrisaur11              D  Set snacks progress text to: 0 / 278 kcal
2025-10-11 11:47:55.400  2749-2749  FoodActivity            com.example.nutrisaur11              D  Calorie data updated and saved to SharedPreferences
2025-10-11 11:47:55.401  2749-3918  ApiClient               com.example.nutrisaur11              D  Response code: 200
2025-10-11 11:47:55.401  2749-3918  ApiClient               com.example.nutrisaur11              D  📥 Upload food response: {"success":true,"message":"Food entry added successfully","id":"185"}
2025-10-11 11:47:55.402  2749-3918  AddedFoodManager        com.example.nutrisaur11              D  ✅ Database storage call completed
2025-10-11 11:47:55.402  2749-2749  FoodActivity            com.example.nutrisaur11              D  Macronutrients remaining - Protein: 0/110, Carbs: 82/377, Fat: 0/92
2025-10-11 11:47:55.403  2749-2749  FoodActivity            com.example.nutrisaur11              D  Walking Calories: 0
2025-10-11 11:47:55.403  2749-2749  FoodActivity            com.example.nutrisaur11              D  Activity Calories: 0
2025-10-11 11:47:55.404  2749-2749  CalorieTracker          com.example.nutrisaur11              D  Syncing with 9 added foods for date: 2025-10-11
2025-10-11 11:47:55.405  2749-2749  CalorieTracker          com.example.nutrisaur11              D    Daily foods: 9
2025-10-11 11:47:55.405  2749-2749  CalorieTracker          com.example.nutrisaur11              D  Available database fields: [birthday, is_pregnant, muac_category, notes, weight_kg, nutritional_risk, height_cm, sex, municipality, muac_cm, screening_date, bmi_category, name, barangay, email, age, bmi, status]
2025-10-11 11:47:55.405  2749-2749  CalorieTracker          com.example.nutrisaur11              D  Calculated age from birthday '2005-10-10': 20
2025-10-11 11:47:55.405  2749-2749  CalorieTracker          com.example.nutrisaur11              D  Weight field lookup - weight_kg: '50', weight: 'null', final: '50'
2025-10-11 11:47:55.405  2749-2749  CalorieTracker          com.example.nutrisaur11              D  Set weight from database: 50
2025-10-11 11:47:55.405  2749-2749  CalorieTracker          com.example.nutrisaur11              D  Height field lookup - height_cm: '171', height: 'null', final: '171'
2025-10-11 11:47:55.405  2749-2749  CalorieTracker          com.example.nutrisaur11              D  Set height from database: 171
2025-10-11 11:47:55.405  2749-2749  CalorieTracker          com.example.nutrisaur11              D  Created user profile from database data: Pingol , Kevin C. (Age: 20, Weight: 50.0, Height: 171.0, Gender: Male, Activity: Moderate)
2025-10-11 11:47:55.405  2749-2749  CalorieTracker          com.example.nutrisaur11              D  Using user profile from database data
2025-10-11 11:47:55.405  2749-2749  KcalSuggestionCache     com.example.nutrisaur11              D  User profile changed, cache invalid
2025-10-11 11:47:55.405  2749-2749  CalorieTracker          com.example.nutrisaur11              D  No valid AI cache found, using fallback calculation...
2025-10-11 11:47:55.405  2749-2749  CalorieCal...ionService com.example.nutrisaur11              D  Calculated BMR: 1473.75 for Pingol , Kevin C.
2025-10-11 11:47:55.405  2749-2749  CalorieCal...ionService com.example.nutrisaur11              D  Calculated TDEE: 2284.3125 (BMR: 1473.75 × Activity: 1.55)
2025-10-11 11:47:55.405  2749-2749  CalorieCal...ionService com.example.nutrisaur11              D  Calculated daily calorie target: 2784 (TDEE: 2284.3125 + Adjustment: 500.0)
2025-10-11 11:47:55.405  2749-2749  CalorieTracker          com.example.nutrisaur11              D  Using fallback calculation (AI will update cache): 2784
2025-10-11 11:47:55.405  2749-2749  CalorieTracker          com.example.nutrisaur11              D  Using AI-calculated daily calorie target: 2784
2025-10-11 11:47:55.405  2749-2749  CalorieCal...ionService com.example.nutrisaur11              D  Calculated meal distribution: Breakfast=696, Lunch=974, Dinner=835, Snacks=278
2025-10-11 11:47:55.405  2749-2749  CalorieTracker          com.example.nutrisaur11              D  Calculated meal distribution: Breakfast=696, Lunch=974, Dinner=835, Snacks=278
2025-10-11 11:47:55.405  2749-2749  CalorieTracker          com.example.nutrisaur11              D  Calculated meal distribution: {Breakfast=696, Dinner=835, Snacks=278, Lunch=974}
2025-10-11 11:47:55.406  2749-2749  CalorieTracker          com.example.nutrisaur11              D  Created Breakfast meal with 696 max calories
2025-10-11 11:47:55.406  2749-2749  CalorieTracker          com.example.nutrisaur11              D  Added Arroz Caldo (450 cal) to Breakfast for date 2025-10-11
2025-10-11 11:47:55.406  2749-2749  CalorieTracker          com.example.nutrisaur11              D  Added Longsilog (550 cal) to Breakfast for date 2025-10-11
2025-10-11 11:47:55.406  2749-2749  CalorieTracker          com.example.nutrisaur11              D  Added Tapsilog (600 cal) to Breakfast for date 2025-10-11
2025-10-11 11:47:55.406  2749-2749  CalorieTracker          com.example.nutrisaur11              D  Created Dinner meal with 835 max calories
2025-10-11 11:47:55.406  2749-2749  CalorieTracker          com.example.nutrisaur11              D  Added Adobo (480 cal) to Dinner for date 2025-10-11
2025-10-11 11:47:55.406  2749-2749  CalorieTracker          com.example.nutrisaur11              D  Added Kare-Kare (550 cal) to Dinner for date 2025-10-11
2025-10-11 11:47:55.406  2749-2749  CalorieTracker          com.example.nutrisaur11              D  Added Sinigang (400 cal) to Dinner for date 2025-10-11
2025-10-11 11:47:55.406  2749-2749  CalorieTracker          com.example.nutrisaur11              D  Created Lunch meal with 974 max calories
2025-10-11 11:47:55.406  2749-2749  CalorieTracker          com.example.nutrisaur11              D  Added Chicken Adobo (400 cal) to Lunch for date 2025-10-11
2025-10-11 11:47:55.406  2749-2749  CalorieTracker          com.example.nutrisaur11              D  Added Kare-Kare (550 cal) to Lunch for date 2025-10-11
2025-10-11 11:47:55.406  2749-2749  CalorieTracker          com.example.nutrisaur11              D  Added Sinigang na Baboy (450 cal) to Lunch for date 2025-10-11
2025-10-11 11:47:55.407  2749-4000  NutritionService        com.example.nutrisaur11              D  Starting nutrition recommendations...
2025-10-11 11:47:55.407  2749-4000  NutritionService        com.example.nutrisaur11              D  Getting user profile from SharedPreferences...
2025-10-11 11:47:55.407  2749-4000  NutritionService        com.example.nutrisaur11              D  User data: name=, age=25, weight=70.0, height=170.0
2025-10-11 11:47:55.407  2749-4000  NutritionService        com.example.nutrisaur11              D  User profile loaded: , BMI: 24.221453287197235
2025-10-11 11:47:55.407  2749-4000  KcalSuggestionCache     com.example.nutrisaur11              D  Cached kcal suggestion is valid
2025-10-11 11:47:55.407  2749-4000  NutritionService        com.example.nutrisaur11              D  Using cached kcal suggestion - user profile unchanged
2025-10-11 11:47:55.407  2749-4000  KcalSuggestionCache     com.example.nutrisaur11              D  Successfully loaded cached kcal suggestion
2025-10-11 11:47:55.407  2749-4000  CalorieTracker          com.example.nutrisaur11              D  Background AI calculation completed: 2545
2025-10-11 11:47:55.408  2749-2749  CalorieTracker          com.example.nutrisaur11              D  Synced CalorieTracker with AddedFoodManager for date 2025-10-11. Total meals: 3
2025-10-11 11:47:55.408  2749-2749  CalorieTracker          com.example.nutrisaur11              D  Meal Breakfast: 1600/696 kcal
2025-10-11 11:47:55.408  2749-2749  CalorieTracker          com.example.nutrisaur11              D  Meal Dinner: 1430/835 kcal
2025-10-11 11:47:55.408  2749-2749  CalorieTracker          com.example.nutrisaur11              D  Meal Lunch: 1400/974 kcal
2025-10-11 11:47:55.408  2749-2749  FoodActivity            com.example.nutrisaur11              D  Synced CalorieTracker in updateMealProgress for date: 2025-10-11
2025-10-11 11:47:55.409  2749-2749  FoodActivity            com.example.nutrisaur11              D  Updated breakfast progress: 1600 / 696 kcal
2025-10-11 11:47:55.410  2749-2749  FoodActivity            com.example.nutrisaur11              D  Updated lunch progress: 1400 / 974 kcal
2025-10-11 11:47:55.410  2749-2749  FoodActivity            com.example.nutrisaur11              D  Updated dinner progress: 1430 / 835 kcal
2025-10-11 11:47:55.411  2749-2749  FoodActivity            com.example.nutrisaur11              D  Updated snacks progress: 0 / 278 kcal
2025-10-11 11:47:55.411  2749-2749  FoodActivity            com.example.nutrisaur11              D  Meal progress updated with CalorieTracker data
2025-10-11 11:47:55.411  2749-2749  FoodActivity            com.example.nutrisaur11              D  Updating kcal goal circle directly
2025-10-11 11:47:55.412  2749-2749  FoodActivity            com.example.nutrisaur11              D  Total eaten calories for circle update: 4430
2025-10-11 11:47:55.412  2749-2749  FoodActivity            com.example.nutrisaur11              D  FoodActivity Available database fields: [birthday, is_pregnant, muac_category, notes, weight_kg, nutritional_risk, height_cm, sex, municipality, muac_cm, screening_date, bmi_category, name, barangay, email, age, bmi, status]
2025-10-11 11:47:55.412  2749-2749  FoodActivity            com.example.nutrisaur11              D  Calculated age from birthday '2005-10-10': 20
2025-10-11 11:47:55.412  2749-2749  FoodActivity            com.example.nutrisaur11              D  FoodActivity Weight field lookup - weight_kg: '50', weight: 'null', final: '50'
2025-10-11 11:47:55.412  2749-2749  FoodActivity            com.example.nutrisaur11              D  FoodActivity: Set weight from database: 50
2025-10-11 11:47:55.412  2749-2749  FoodActivity            com.example.nutrisaur11              D  FoodActivity Height field lookup - height_cm: '171', height: 'null', final: '171'
2025-10-11 11:47:55.412  2749-2749  FoodActivity            com.example.nutrisaur11              D  FoodActivity: Set height from database: 171
2025-10-11 11:47:55.412  2749-2749  FoodActivity            com.example.nutrisaur11              D  Created user profile from database data: Pingol , Kevin C. (Age: 20, Weight: 50.0, Height: 171.0, Gender: Male, Activity: Moderate)
2025-10-11 11:47:55.412  2749-2749  CalorieCal...ionService com.example.nutrisaur11              D  Calculated BMR: 1473.75 for Pingol , Kevin C.
2025-10-11 11:47:55.412  2749-2749  CalorieCal...ionService com.example.nutrisaur11              D  Calculated TDEE: 2284.3125 (BMR: 1473.75 × Activity: 1.55)
2025-10-11 11:47:55.412  2749-2749  CalorieCal...ionService com.example.nutrisaur11              D  Calculated daily calorie target: 2784 (TDEE: 2284.3125 + Adjustment: 500.0)
2025-10-11 11:47:55.412  2749-2749  FoodActivity            com.example.nutrisaur11              D  Calculated daily calorie target: 2784
2025-10-11 11:47:55.412  2749-2749  FoodActivity            com.example.nutrisaur11              D  Kcal Goal Circle Update:
2025-10-11 11:47:55.412  2749-2749  FoodActivity            com.example.nutrisaur11              D    Total Daily Calories: 2784
2025-10-11 11:47:55.412  2749-2749  FoodActivity            com.example.nutrisaur11              D    Total Eaten Calories: 4430
2025-10-11 11:47:55.412  2749-2749  FoodActivity            com.example.nutrisaur11              D    Calories Left: 0
2025-10-11 11:47:55.412  2749-2749  FoodActivity            com.example.nutrisaur11              D    Progress Percent: 159.12357%
2025-10-11 11:47:55.412  2749-2749  FoodActivity            com.example.nutrisaur11              D  Updating macronutrient data directly
2025-10-11 11:47:55.414  2749-2749  FoodActivity            com.example.nutrisaur11              D  FoodActivity Available database fields: [birthday, is_pregnant, muac_category, notes, weight_kg, nutritional_risk, height_cm, sex, municipality, muac_cm, screening_date, bmi_category, name, barangay, email, age, bmi, status]
2025-10-11 11:47:55.414  2749-2749  FoodActivity            com.example.nutrisaur11              D  Calculated age from birthday '2005-10-10': 20
2025-10-11 11:47:55.414  2749-2749  FoodActivity            com.example.nutrisaur11              D  FoodActivity Weight field lookup - weight_kg: '50', weight: 'null', final: '50'
2025-10-11 11:47:55.414  2749-2749  FoodActivity            com.example.nutrisaur11              D  FoodActivity: Set weight from database: 50
2025-10-11 11:47:55.414  2749-2749  FoodActivity            com.example.nutrisaur11              D  FoodActivity Height field lookup - height_cm: '171', height: 'null', final: '171'
2025-10-11 11:47:55.414  2749-2749  FoodActivity            com.example.nutrisaur11              D  FoodActivity: Set height from database: 171
2025-10-11 11:47:55.414  2749-2749  FoodActivity            com.example.nutrisaur11              D  Created user profile from database data: Pingol , Kevin C. (Age: 20, Weight: 50.0, Height: 171.0, Gender: Male, Activity: Moderate)
2025-10-11 11:47:55.414  2749-2749  CalorieCal...ionService com.example.nutrisaur11              D  Calculated BMR: 1473.75 for Pingol , Kevin C.
2025-10-11 11:47:55.415  2749-2749  CalorieCal...ionService com.example.nutrisaur11              D  Calculated TDEE: 2284.3125 (BMR: 1473.75 × Activity: 1.55)
2025-10-11 11:47:55.415  2749-2749  CalorieCal...ionService com.example.nutrisaur11              D  Calculated daily calorie target: 2784 (TDEE: 2284.3125 + Adjustment: 500.0)
2025-10-11 11:47:55.415  2749-2749  FoodActivity            com.example.nutrisaur11              D  Calculated macro targets - Protein: 153, Carbs: 375, Fat: 74
2025-10-11 11:47:55.415  2749-2749  FoodActivity            com.example.nutrisaur11              D  Macro Update:
2025-10-11 11:47:55.415  2749-2749  FoodActivity            com.example.nutrisaur11              D    Protein: 0/153 (eaten: 260)
2025-10-11 11:47:55.415  2749-2749  FoodActivity            com.example.nutrisaur11              D    Carbs: 80/375 (eaten: 295)
2025-10-11 11:47:55.415  2749-2749  FoodActivity            com.example.nutrisaur11              D    Fat: 0/74 (eaten: 235)
2025-10-11 11:47:55.415  2749-2749  FoodActivity            com.example.nutrisaur11              D  Updating meal progress texts with direct AddedFoodManager data
2025-10-11 11:47:55.417  2749-2749  FoodActivity            com.example.nutrisaur11              D  FoodActivity Available database fields: [birthday, is_pregnant, muac_category, notes, weight_kg, nutritional_risk, height_cm, sex, municipality, muac_cm, screening_date, bmi_category, name, barangay, email, age, bmi, status]
2025-10-11 11:47:55.417  2749-2749  FoodActivity            com.example.nutrisaur11              D  Calculated age from birthday '2005-10-10': 20
2025-10-11 11:47:55.417  2749-2749  FoodActivity            com.example.nutrisaur11              D  FoodActivity Weight field lookup - weight_kg: '50', weight: 'null', final: '50'
2025-10-11 11:47:55.417  2749-2749  FoodActivity            com.example.nutrisaur11              D  FoodActivity: Set weight from database: 50
2025-10-11 11:47:55.417  2749-2749  FoodActivity            com.example.nutrisaur11              D  FoodActivity Height field lookup - height_cm: '171', height: 'null', final: '171'
2025-10-11 11:47:55.417  2749-2749  FoodActivity            com.example.nutrisaur11              D  FoodActivity: Set height from database: 171
2025-10-11 11:47:55.417  2749-2749  FoodActivity            com.example.nutrisaur11              D  Created user profile from database data: Pingol , Kevin C. (Age: 20, Weight: 50.0, Height: 171.0, Gender: Male, Activity: Moderate)
2025-10-11 11:47:55.417  2749-2749  KcalSuggestionCache     com.example.nutrisaur11              D  User profile changed, cache invalid
2025-10-11 11:47:55.417  2749-2749  FoodActivity            com.example.nutrisaur11              D  No valid AI cache found, using fallback calculation...
2025-10-11 11:47:55.417  2749-2749  CalorieCal...ionService com.example.nutrisaur11              D  Calculated BMR: 1473.75 for Pingol , Kevin C.
2025-10-11 11:47:55.417  2749-2749  CalorieCal...ionService com.example.nutrisaur11              D  Calculated TDEE: 2284.3125 (BMR: 1473.75 × Activity: 1.55)
2025-10-11 11:47:55.418  2749-2749  CalorieCal...ionService com.example.nutrisaur11              D  Calculated daily calorie target: 2784 (TDEE: 2284.3125 + Adjustment: 500.0)
2025-10-11 11:47:55.418  2749-2749  FoodActivity            com.example.nutrisaur11              D  Using fallback calculation (AI will update cache): 2784
2025-10-11 11:47:55.418  2749-2749  FoodActivity            com.example.nutrisaur11              D  AI calculation already in progress, skipping...
2025-10-11 11:47:55.418  2749-2749  FoodActivity            com.example.nutrisaur11              D  Using AI-calculated total daily calories: 2784
2025-10-11 11:47:55.418  2749-2749  FoodActivity            com.example.nutrisaur11              D  FoodActivity Available database fields: [birthday, is_pregnant, muac_category, notes, weight_kg, nutritional_risk, height_cm, sex, municipality, muac_cm, screening_date, bmi_category, name, barangay, email, age, bmi, status]
2025-10-11 11:47:55.418  2749-2749  FoodActivity            com.example.nutrisaur11              D  Calculated age from birthday '2005-10-10': 20
2025-10-11 11:47:55.418  2749-2749  FoodActivity            com.example.nutrisaur11              D  FoodActivity Weight field lookup - weight_kg: '50', weight: 'null', final: '50'
2025-10-11 11:47:55.418  2749-2749  FoodActivity            com.example.nutrisaur11              D  FoodActivity: Set weight from database: 50
2025-10-11 11:47:55.418  2749-2749  FoodActivity            com.example.nutrisaur11              D  FoodActivity Height field lookup - height_cm: '171', height: 'null', final: '171'
2025-10-11 11:47:55.418  2749-2749  FoodActivity            com.example.nutrisaur11              D  FoodActivity: Set height from database: 171
2025-10-11 11:47:55.418  2749-2749  FoodActivity            com.example.nutrisaur11              D  Created user profile from database data: Pingol , Kevin C. (Age: 20, Weight: 50.0, Height: 171.0, Gender: Male, Activity: Moderate)
2025-10-11 11:47:55.418  2749-2749  CalorieCal...ionService com.example.nutrisaur11              D  Calculated meal distribution: Breakfast=696, Lunch=974, Dinner=835, Snacks=278
2025-10-11 11:47:55.418  2749-2749  FoodActivity            com.example.nutrisaur11              D  Calculated meal distribution: Breakfast=696, Lunch=974, Dinner=835, Snacks=278
2025-10-11 11:47:55.418  2749-2749  FoodActivity            com.example.nutrisaur11              D  Direct update Breakfast: 1600 / 696 kcal (from 3 foods)
2025-10-11 11:47:55.418  2749-2749  FoodActivity            com.example.nutrisaur11              D  Set breakfast progress text to: 1600 / 696 kcal
2025-10-11 11:47:55.418  2749-2749  FoodActivity            com.example.nutrisaur11              D  Direct update Lunch: 1400 / 974 kcal (from 3 foods)
2025-10-11 11:47:55.418  2749-2749  FoodActivity            com.example.nutrisaur11              D  Set lunch progress text to: 1400 / 974 kcal
2025-10-11 11:47:55.418  2749-2749  FoodActivity            com.example.nutrisaur11              D  Direct update Dinner: 1430 / 835 kcal (from 3 foods)
2025-10-11 11:47:55.418  2749-2749  FoodActivity            com.example.nutrisaur11              D  Set dinner progress text to: 1430 / 835 kcal
2025-10-11 11:47:55.418  2749-2749  FoodActivity            com.example.nutrisaur11              D  Direct update Snacks: 0 / 278 kcal (from 0 foods)
2025-10-11 11:47:55.419  2749-2749  FoodActivity            com.example.nutrisaur11              D  Set snacks progress text to: 0 / 278 kcal
2025-10-11 11:47:55.419  2749-2749  FoodActivity            com.example.nutrisaur11              D  Updating meal progress texts with direct AddedFoodManager data
2025-10-11 11:47:55.420  2749-3920  ApiClient               com.example.nutrisaur11              D  Response code: 200
2025-10-11 11:47:55.420  2749-3920  ApiClient               com.example.nutrisaur11              D  📥 Upload food response: {"success":true,"message":"Food entry added successfully","id":"186"}
2025-10-11 11:47:55.420  2749-3920  AddedFoodManager        com.example.nutrisaur11              D  ✅ Database storage call completed
2025-10-11 11:47:55.420  2749-2749  FoodActivity            com.example.nutrisaur11              D  FoodActivity Available database fields: [birthday, is_pregnant, muac_category, notes, weight_kg, nutritional_risk, height_cm, sex, municipality, muac_cm, screening_date, bmi_category, name, barangay, email, age, bmi, status]
2025-10-11 11:47:55.421  2749-2749  FoodActivity            com.example.nutrisaur11              D  Calculated age from birthday '2005-10-10': 20
2025-10-11 11:47:55.421  2749-2749  FoodActivity            com.example.nutrisaur11              D  FoodActivity Weight field lookup - weight_kg: '50', weight: 'null', final: '50'
2025-10-11 11:47:55.421  2749-2749  FoodActivity            com.example.nutrisaur11              D  FoodActivity: Set weight from database: 50
2025-10-11 11:47:55.421  2749-2749  FoodActivity            com.example.nutrisaur11              D  FoodActivity Height field lookup - height_cm: '171', height: 'null', final: '171'
2025-10-11 11:47:55.421  2749-2749  FoodActivity            com.example.nutrisaur11              D  FoodActivity: Set height from database: 171
2025-10-11 11:47:55.421  2749-2749  FoodActivity            com.example.nutrisaur11              D  Created user profile from database data: Pingol , Kevin C. (Age: 20, Weight: 50.0, Height: 171.0, Gender: Male, Activity: Moderate)
2025-10-11 11:47:55.421  2749-2749  KcalSuggestionCache     com.example.nutrisaur11              D  User profile changed, cache invalid
2025-10-11 11:47:55.421  2749-2749  FoodActivity            com.example.nutrisaur11              D  No valid AI cache found, using fallback calculation...
2025-10-11 11:47:55.421  2749-2749  CalorieCal...ionService com.example.nutrisaur11              D  Calculated BMR: 1473.75 for Pingol , Kevin C.
2025-10-11 11:47:55.421  2749-2749  CalorieCal...ionService com.example.nutrisaur11              D  Calculated TDEE: 2284.3125 (BMR: 1473.75 × Activity: 1.55)
2025-10-11 11:47:55.421  2749-2749  CalorieCal...ionService com.example.nutrisaur11              D  Calculated daily calorie target: 2784 (TDEE: 2284.3125 + Adjustment: 500.0)
2025-10-11 11:47:55.421  2749-2749  FoodActivity            com.example.nutrisaur11              D  Using fallback calculation (AI will update cache): 2784
2025-10-11 11:47:55.421  2749-2749  FoodActivity            com.example.nutrisaur11              D  AI calculation already in progress, skipping...
2025-10-11 11:47:55.421  2749-2749  FoodActivity            com.example.nutrisaur11              D  Using AI-calculated total daily calories: 2784
2025-10-11 11:47:55.421  2749-2749  FoodActivity            com.example.nutrisaur11              D  FoodActivity Available database fields: [birthday, is_pregnant, muac_category, notes, weight_kg, nutritional_risk, height_cm, sex, municipality, muac_cm, screening_date, bmi_category, name, barangay, email, age, bmi, status]
2025-10-11 11:47:55.421  2749-2749  FoodActivity            com.example.nutrisaur11              D  Calculated age from birthday '2005-10-10': 20
2025-10-11 11:47:55.421  2749-2749  FoodActivity            com.example.nutrisaur11              D  FoodActivity Weight field lookup - weight_kg: '50', weight: 'null', final: '50'
2025-10-11 11:47:55.421  2749-2749  FoodActivity            com.example.nutrisaur11              D  FoodActivity: Set weight from database: 50
2025-10-11 11:47:55.421  2749-2749  FoodActivity            com.example.nutrisaur11              D  FoodActivity Height field lookup - height_cm: '171', height: 'null', final: '171'
2025-10-11 11:47:55.421  2749-2749  FoodActivity            com.example.nutrisaur11              D  FoodActivity: Set height from database: 171
2025-10-11 11:47:55.421  2749-2749  FoodActivity            com.example.nutrisaur11              D  Created user profile from database data: Pingol , Kevin C. (Age: 20, Weight: 50.0, Height: 171.0, Gender: Male, Activity: Moderate)
2025-10-11 11:47:55.422  2749-2749  CalorieCal...ionService com.example.nutrisaur11              D  Calculated meal distribution: Breakfast=696, Lunch=974, Dinner=835, Snacks=278
2025-10-11 11:47:55.422  2749-2749  FoodActivity            com.example.nutrisaur11              D  Calculated meal distribution: Breakfast=696, Lunch=974, Dinner=835, Snacks=278
