2025-10-13 08:45:52.041 23447-23447 FoodActivity            com.example.nutrisaur11              D  FoodActivity Weight field lookup - weight_kg: '50', weight: 'null', final: '50'
2025-10-13 08:45:52.041 23447-23447 FoodActivity            com.example.nutrisaur11              D  FoodActivity: Set weight from database: 50
2025-10-13 08:45:52.041 23447-23447 FoodActivity            com.example.nutrisaur11              D  FoodActivity Height field lookup - height_cm: '171', height: 'null', final: '171'
2025-10-13 08:45:52.042 23447-23447 FoodActivity            com.example.nutrisaur11              D  FoodActivity: Set height from database: 171
2025-10-13 08:45:52.042 23447-23447 FoodActivity            com.example.nutrisaur11              D  Created user profile from database data: Pingol , Kevin C. (Age: 20, Weight: 50.0, Height: 171.0, Gender: Male, Activity: Moderate)
2025-10-13 08:45:52.042 23447-23447 CalorieCal...ionService com.example.nutrisaur11              D  Calculated meal distribution: Breakfast=696, Lunch=974, Dinner=835, Snacks=278
2025-10-13 08:45:52.042 23447-23447 FoodActivity            com.example.nutrisaur11              D  Calculated meal distribution: Breakfast=696, Lunch=974, Dinner=835, Snacks=278
2025-10-13 08:45:52.042 23447-23447 FoodActivity            com.example.nutrisaur11              D  Direct update Breakfast: 60 / 696 kcal (from 3 foods)
2025-10-13 08:45:52.042 23447-23447 FoodActivity            com.example.nutrisaur11              D  Set breakfast progress text to: 60 / 696 kcal
2025-10-13 08:45:52.042 23447-23447 FoodActivity            com.example.nutrisaur11              D  Direct update Lunch: 0 / 974 kcal (from 0 foods)
2025-10-13 08:45:52.043 23447-23447 FoodActivity            com.example.nutrisaur11              D  Set lunch progress text to: 0 / 974 kcal
2025-10-13 08:45:52.043 23447-23447 FoodActivity            com.example.nutrisaur11              D  Direct update Dinner: 20 / 835 kcal (from 1 foods)
2025-10-13 08:45:52.043 23447-23447 FoodActivity            com.example.nutrisaur11              D  Set dinner progress text to: 20 / 835 kcal
2025-10-13 08:45:52.043 23447-23447 FoodActivity            com.example.nutrisaur11              D  Direct update Snacks: 0 / 278 kcal (from 0 foods)
2025-10-13 08:45:52.043 23447-23447 FoodActivity            com.example.nutrisaur11              D  Set snacks progress text to: 0 / 278 kcal
2025-10-13 08:45:52.043 23447-23447 FoodActivity            com.example.nutrisaur11              D  Updating meal progress texts with direct AddedFoodManager data
2025-10-13 08:45:52.048 23447-23447 FoodActivity            com.example.nutrisaur11              D  FoodActivity Available database fields: [birthday, is_pregnant, muac_category, notes, weight_kg, nutritional_risk, height_cm, sex, municipality, muac_cm, screening_date, bmi_category, name, barangay, email, age, bmi, status]
2025-10-13 08:45:52.048 23447-23447 FoodActivity            com.example.nutrisaur11              D  Calculated age from birthday '2005-10-10': 20
2025-10-13 08:45:52.048 23447-23447 FoodActivity            com.example.nutrisaur11              D  FoodActivity Weight field lookup - weight_kg: '50', weight: 'null', final: '50'
2025-10-13 08:45:52.048 23447-23447 FoodActivity            com.example.nutrisaur11              D  FoodActivity: Set weight from database: 50
2025-10-13 08:45:52.048 23447-23447 FoodActivity            com.example.nutrisaur11              D  FoodActivity Height field lookup - height_cm: '171', height: 'null', final: '171'
2025-10-13 08:45:52.048 23447-23447 FoodActivity            com.example.nutrisaur11              D  FoodActivity: Set height from database: 171
2025-10-13 08:45:52.048 23447-23447 FoodActivity            com.example.nutrisaur11              D  Created user profile from database data: Pingol , Kevin C. (Age: 20, Weight: 50.0, Height: 171.0, Gender: Male, Activity: Moderate)
2025-10-13 08:45:52.048 23447-23447 KcalSuggestionCache     com.example.nutrisaur11              D  User profile changed, cache invalid
2025-10-13 08:45:52.048 23447-23447 FoodActivity            com.example.nutrisaur11              D  No valid AI cache found, using fallback calculation...
2025-10-13 08:45:52.049 23447-23447 CalorieCal...ionService com.example.nutrisaur11              D  Calculated BMR: 1473.75 for Pingol , Kevin C.
2025-10-13 08:45:52.049 23447-23447 CalorieCal...ionService com.example.nutrisaur11              D  Calculated TDEE: 2284.3125 (BMR: 1473.75 × Activity: 1.55)
2025-10-13 08:45:52.049 23447-23447 CalorieCal...ionService com.example.nutrisaur11              D  Calculated daily calorie target: 2784 (TDEE: 2284.3125 + Adjustment: 500.0)
2025-10-13 08:45:52.049 23447-23447 FoodActivity            com.example.nutrisaur11              D  Using fallback calculation (AI will update cache): 2784
2025-10-13 08:45:52.049 23447-23447 FoodActivity            com.example.nutrisaur11              D  AI calculation already in progress, skipping...
2025-10-13 08:45:52.049 23447-23447 FoodActivity            com.example.nutrisaur11              D  Using AI-calculated total daily calories: 2784
2025-10-13 08:45:52.049 23447-23447 FoodActivity            com.example.nutrisaur11              D  FoodActivity Available database fields: [birthday, is_pregnant, muac_category, notes, weight_kg, nutritional_risk, height_cm, sex, municipality, muac_cm, screening_date, bmi_category, name, barangay, email, age, bmi, status]
2025-10-13 08:45:52.049 23447-23447 FoodActivity            com.example.nutrisaur11              D  Calculated age from birthday '2005-10-10': 20
2025-10-13 08:45:52.049 23447-23447 FoodActivity            com.example.nutrisaur11              D  FoodActivity Weight field lookup - weight_kg: '50', weight: 'null', final: '50'
2025-10-13 08:45:52.049 23447-23447 FoodActivity            com.example.nutrisaur11              D  FoodActivity: Set weight from database: 50
2025-10-13 08:45:52.049 23447-23447 FoodActivity            com.example.nutrisaur11              D  FoodActivity Height field lookup - height_cm: '171', height: 'null', final: '171'
2025-10-13 08:45:52.049 23447-23447 FoodActivity            com.example.nutrisaur11              D  FoodActivity: Set height from database: 171
2025-10-13 08:45:52.049 23447-23447 FoodActivity            com.example.nutrisaur11              D  Created user profile from database data: Pingol , Kevin C. (Age: 20, Weight: 50.0, Height: 171.0, Gender: Male, Activity: Moderate)
2025-10-13 08:45:52.049 23447-23447 CalorieCal...ionService com.example.nutrisaur11              D  Calculated meal distribution: Breakfast=696, Lunch=974, Dinner=835, Snacks=278
2025-10-13 08:45:52.049 23447-23447 FoodActivity            com.example.nutrisaur11              D  Calculated meal distribution: Breakfast=696, Lunch=974, Dinner=835, Snacks=278
2025-10-13 08:45:52.049 23447-23447 FoodActivity            com.example.nutrisaur11              D  Direct update Breakfast: 60 / 696 kcal (from 3 foods)
2025-10-13 08:45:52.050 23447-23447 FoodActivity            com.example.nutrisaur11              D  Set breakfast progress text to: 60 / 696 kcal
2025-10-13 08:45:52.050 23447-23447 FoodActivity            com.example.nutrisaur11              D  Direct update Lunch: 0 / 974 kcal (from 0 foods)
2025-10-13 08:45:52.050 23447-23447 FoodActivity            com.example.nutrisaur11              D  Set lunch progress text to: 0 / 974 kcal
2025-10-13 08:45:52.050 23447-23447 FoodActivity            com.example.nutrisaur11              D  Direct update Dinner: 20 / 835 kcal (from 1 foods)
2025-10-13 08:45:52.050 23447-23447 FoodActivity            com.example.nutrisaur11              D  Set dinner progress text to: 20 / 835 kcal
2025-10-13 08:45:52.050 23447-23447 FoodActivity            com.example.nutrisaur11              D  Direct update Snacks: 0 / 278 kcal (from 0 foods)
2025-10-13 08:45:52.050 23447-23447 FoodActivity            com.example.nutrisaur11              D  Set snacks progress text to: 0 / 278 kcal
2025-10-13 08:45:52.050 23447-23447 FoodActivity            com.example.nutrisaur11              D  Updating macronutrient data directly
2025-10-13 08:45:52.057 23447-23707 CommunityUserManager    com.example.nutrisaur11              D  API response code: 200
2025-10-13 08:45:52.057 23447-23447 FoodActivity            com.example.nutrisaur11              D  FoodActivity Available database fields: [birthday, is_pregnant, muac_category, notes, weight_kg, nutritional_risk, height_cm, sex, municipality, muac_cm, screening_date, bmi_category, name, barangay, email, age, bmi, status]
2025-10-13 08:45:52.057 23447-23707 CommunityUserManager    com.example.nutrisaur11              D  API response message: 
2025-10-13 08:45:52.057 23447-23447 FoodActivity            com.example.nutrisaur11              D  Calculated age from birthday '2005-10-10': 20
2025-10-13 08:45:52.057 23447-23447 FoodActivity            com.example.nutrisaur11              D  FoodActivity Weight field lookup - weight_kg: '50', weight: 'null', final: '50'
2025-10-13 08:45:52.057 23447-23447 FoodActivity            com.example.nutrisaur11              D  FoodActivity: Set weight from database: 50
2025-10-13 08:45:52.057 23447-23447 FoodActivity            com.example.nutrisaur11              D  FoodActivity Height field lookup - height_cm: '171', height: 'null', final: '171'
2025-10-13 08:45:52.057 23447-23447 FoodActivity            com.example.nutrisaur11              D  FoodActivity: Set height from database: 171
2025-10-13 08:45:52.057 23447-23447 FoodActivity            com.example.nutrisaur11              D  Created user profile from database data: Pingol , Kevin C. (Age: 20, Weight: 50.0, Height: 171.0, Gender: Male, Activity: Moderate)
2025-10-13 08:45:52.058 23447-23447 CalorieCal...ionService com.example.nutrisaur11              D  Calculated BMR: 1473.75 for Pingol , Kevin C.
2025-10-13 08:45:52.058 23447-23447 CalorieCal...ionService com.example.nutrisaur11              D  Calculated TDEE: 2284.3125 (BMR: 1473.75 × Activity: 1.55)
2025-10-13 08:45:52.058 23447-23447 CalorieCal...ionService com.example.nutrisaur11              D  Calculated daily calorie target: 2784 (TDEE: 2284.3125 + Adjustment: 500.0)
2025-10-13 08:45:52.058 23447-23447 FoodActivity            com.example.nutrisaur11              D  Calculated macro targets - Protein: 153, Carbs: 375, Fat: 74
2025-10-13 08:45:52.058 23447-23447 FoodActivity            com.example.nutrisaur11              D  Macro Update:
2025-10-13 08:45:52.058 23447-23447 FoodActivity            com.example.nutrisaur11              D    Protein: 73/153 (eaten: 80)
2025-10-13 08:45:52.058 23447-23447 FoodActivity            com.example.nutrisaur11              D    Carbs: 295/375 (eaten: 80)
2025-10-13 08:45:52.058 23447-23447 FoodActivity            com.example.nutrisaur11              D    Fat: 0/74 (eaten: 80)
2025-10-13 08:45:52.059 23447-23447 FoodActivity            com.example.nutrisaur11              D  Nutrition UI refreshed with updated AI data
2025-10-13 08:45:52.060 23447-23707 CommunityUserManager    com.example.nutrisaur11              D  API response for get_community_user_data: {"success":true,"message":"User data retrieved successfully","user":{"name":"Pingol , Kevin C.","email":"kevinpingol123@gmail.com","municipality":"DINALUPIHAN","barangay":"Burgos","sex":"Male","birthday":"2005-10-10","is_pregnant":"N\/A","weight":"50","height":"171","screening_date":"2025-10-10 06:47:30","fcm_token":"dDgJr74pRHukYxdkYiGyAE:APA91bGRwC6pXjPQVyYGtkcZ6eafSGk0tUnWsyaKl1pZXOygSPN5hrxQ57-QoEbT0Q4AnrxZle82T4gCM6sx46ruDB-KiAtQGKfYr3uHOkNiwosJ5lmui9A","is_flagged":0,"bmi-for-age":"","weight-for-height":"","weight-for-age":"","weight-for-length":"","height-for-age":""}}
2025-10-13 08:45:52.060 23447-23707 CommunityUserManager    com.example.nutrisaur11              D  Cached user data for: kevinpingol123@gmail.com
2025-10-13 08:45:52.060 23447-23707 CommunityUserManager    com.example.nutrisaur11              D  Fresh user data retrieved successfully: {birthday=2005-10-10, is_pregnant=N/A, muac_category=, notes=, weight_kg=50, nutritional_risk=, height_cm=171, sex=Male, municipality=DINALUPIHAN, muac_cm=, screening_date=2025-10-10 06:47:30, bmi_category=, name=Pingol , Kevin C., barangay=Burgos, email=kevinpingol123@gmail.com, age=, bmi=, status=1}
2025-10-13 08:45:52.060 23447-23707 CommunityUserManager    com.example.nutrisaur11              D  User status: 1
2025-10-13 08:45:52.060 23447-23707 CommunityUserManager    com.example.nutrisaur11              D  User is active (status = 1)
2025-10-13 08:45:52.080 23447-23459 OpenGLRenderer          com.example.nutrisaur11              I  Davey! duration=9223360966559ms; Flags=0, FrameTimelineVsyncId=571664, IntendedVsync=11070294749851, Vsync=11070311416517, InputEventId=0, HandleInputStart=11070313334420, AnimationStart=11070313336556, PerformTraversalsStart=11070313423327, DrawStart=11070318656868, FrameDeadline=11070311416517, FrameInterval=11070313321712, FrameStartTime=16666666, SyncQueued=11070319848327, SyncStart=11070320322754, IssueDrawCommandsStart=11070320570097, SwapBuffers=11070321927129, FrameCompleted=9223372036854775807, DequeueBufferDuration=19947, QueueBufferDuration=918958, GpuCompleted=9223372036854775807, SwapBuffersCompleted=11070323226295, DisplayPresentTime=1074662212, 
2025-10-13 08:45:52.107 23447-23709 CommunityUserManager    com.example.nutrisaur11              D  API response code: 200
2025-10-13 08:45:52.108 23447-23709 CommunityUserManager    com.example.nutrisaur11              D  API response message: 
2025-10-13 08:45:52.109 23447-23709 CommunityUserManager    com.example.nutrisaur11              D  API response for get_community_user_data: {"success":true,"message":"User data retrieved successfully","user":{"name":"Pingol , Kevin C.","email":"kevinpingol123@gmail.com","municipality":"DINALUPIHAN","barangay":"Burgos","sex":"Male","birthday":"2005-10-10","is_pregnant":"N\/A","weight":"50","height":"171","screening_date":"2025-10-10 06:47:30","fcm_token":"dDgJr74pRHukYxdkYiGyAE:APA91bGRwC6pXjPQVyYGtkcZ6eafSGk0tUnWsyaKl1pZXOygSPN5hrxQ57-QoEbT0Q4AnrxZle82T4gCM6sx46ruDB-KiAtQGKfYr3uHOkNiwosJ5lmui9A","is_flagged":0,"bmi-for-age":"","weight-for-height":"","weight-for-age":"","weight-for-length":"","height-for-age":""}}
2025-10-13 08:45:52.110 23447-23709 CommunityUserManager    com.example.nutrisaur11              D  Cached user data for: kevinpingol123@gmail.com
2025-10-13 08:45:52.110 23447-23709 CommunityUserManager    com.example.nutrisaur11              D  Fresh user data retrieved successfully: {birthday=2005-10-10, is_pregnant=N/A, muac_category=, notes=, weight_kg=50, nutritional_risk=, height_cm=171, sex=Male, municipality=DINALUPIHAN, muac_cm=, screening_date=2025-10-10 06:47:30, bmi_category=, name=Pingol , Kevin C., barangay=Burgos, email=kevinpingol123@gmail.com, age=, bmi=, status=1}
2025-10-13 08:45:52.110 23447-23709 CommunityUserManager    com.example.nutrisaur11              D  User status: 1
2025-10-13 08:45:52.110 23447-23709 CommunityUserManager    com.example.nutrisaur11              D  User is active (status = 1)
2025-10-13 08:45:52.137 23447-23708 CommunityUserManager    com.example.nutrisaur11              D  API response code: 200
2025-10-13 08:45:52.137 23447-23708 CommunityUserManager    com.example.nutrisaur11              D  API response message: 
2025-10-13 08:45:52.138 23447-23708 CommunityUserManager    com.example.nutrisaur11              D  API response for get_community_user_data: {"success":true,"message":"User data retrieved successfully","user":{"name":"Pingol , Kevin C.","email":"kevinpingol123@gmail.com","municipality":"DINALUPIHAN","barangay":"Burgos","sex":"Male","birthday":"2005-10-10","is_pregnant":"N\/A","weight":"50","height":"171","screening_date":"2025-10-10 06:47:30","fcm_token":"dDgJr74pRHukYxdkYiGyAE:APA91bGRwC6pXjPQVyYGtkcZ6eafSGk0tUnWsyaKl1pZXOygSPN5hrxQ57-QoEbT0Q4AnrxZle82T4gCM6sx46ruDB-KiAtQGKfYr3uHOkNiwosJ5lmui9A","is_flagged":0,"bmi-for-age":"","weight-for-height":"","weight-for-age":"","weight-for-length":"","height-for-age":""}}
2025-10-13 08:45:52.140 23447-23708 CommunityUserManager    com.example.nutrisaur11              D  Cached user data for: kevinpingol123@gmail.com
2025-10-13 08:45:52.140 23447-23708 CommunityUserManager    com.example.nutrisaur11              D  Fresh user data retrieved successfully: {birthday=2005-10-10, is_pregnant=N/A, muac_category=, notes=, weight_kg=50, nutritional_risk=, height_cm=171, sex=Male, municipality=DINALUPIHAN, muac_cm=, screening_date=2025-10-10 06:47:30, bmi_category=, name=Pingol , Kevin C., barangay=Burgos, email=kevinpingol123@gmail.com, age=, bmi=, status=1}
2025-10-13 08:45:52.140 23447-23708 CommunityUserManager    com.example.nutrisaur11              D  User exists and has valid data
2025-10-13 08:45:52.141 23447-23447 FoodHistorySyncManager  com.example.nutrisaur11              D  Flag metadata synced successfully
2025-10-13 08:45:52.613 23447-23447 SessionManager          com.example.nutrisaur11              D  User interaction recorded at: 1760316352612
2025-10-13 08:45:52.703 23447-23447 FoodActivity            com.example.nutrisaur11              D  MHO Recommended card clicked
2025-10-13 08:45:52.703 23447-23447 FoodActivity            com.example.nutrisaur11              D  showMHORecommendedFoods called
2025-10-13 08:45:52.705 23447-23447 IS_CTS_MODE             com.example.nutrisaur11              D  false
2025-10-13 08:45:52.705 23447-23447 MULTI_WIND...CH_ENABLED com.example.nutrisaur11              D  false
2025-10-13 08:45:52.812 23447-23447 DecorView[]             com.example.nutrisaur11              D  onWindowFocusChanged hasWindowFocus false
2025-10-13 08:45:52.821 23447-23447 DecorView[]             com.example.nutrisaur11              D  onWindowFocusChanged hasWindowFocus true
2025-10-13 08:45:52.832 23447-23459 OpenGLRenderer          com.example.nutrisaur11              I  Davey! duration=9223360965786ms; Flags=0, FrameTimelineVsyncId=-1, IntendedVsync=11071067737232, Vsync=11071067741295, InputEventId=773532208, HandleInputStart=11071067758795, AnimationStart=11071067761607, PerformTraversalsStart=11071067763587, DrawStart=11071067839003, FrameDeadline=-9223372036838109143, FrameInterval=11071067741295, FrameStartTime=16666666, SyncQueued=11071071664993, SyncStart=11071071826920, IssueDrawCommandsStart=11071072143430, SwapBuffers=11071074061972, FrameCompleted=9223372036854775807, DequeueBufferDuration=23646, QueueBufferDuration=1234322, GpuCompleted=9223372036854775807, SwapBuffersCompleted=11071075794212, DisplayPresentTime=5549877626681958987, 
2025-10-13 08:45:52.945 23447-23735 ApiClient               com.example.nutrisaur11              D  MHO Recommended Foods response: {"success":true,"message":"Recommended foods retrieved successfully","data":{"Breakfast":[{"id":286,"user_email":"kevinpingol123@gmail.com","date":null,"meal_category":"Breakfast","food_name":"cabbage soup","calories":20,"serving_size":"1 cup","protein":"20.00","carbs":"20.00","fat":"20.00","fiber":"20.00","created_at":"2025-10-12 05:03:57","is_flagged":0,"is_day_flagged":0,"mho_comment":null,"flagged_by":null,"flagged_at":null,"is_mho_recommended":1,"emoji":null},{"id":265,"user_email":"kevinpingol123@gmail.com","date":null,"meal_category":"Breakfast","food_name":"giniling giling","calories":20,"serving_size":"1 cup","protein":"20.00","carbs":"20.00","fat":"20.00","fiber":"20.00","created_at":"2025-10-11 17:46:49","is_flagged":0,"is_day_flagged":0,"mho_comment":null,"flagged_by":null,"flagged_at":null,"is_mho_recommended":1,"emoji":null}],"Dinner":[{"id":283,"user_email":"kevinpingol123@gmail.com","date":null,"meal_category":"Dinner","food_name":"adobong tipaklong","calories":20,"serving_size":"1 cup","protein":"20.00","carbs":"20.00","fat":"20.00","fiber":"20.00","created_at":"2025-10-12 00:49:14","is_flagged":0,"is_day_flagged":0,"mho_comment":null,"flagged_by":null,"flagged_at":null,"is_mho_recommended":1,"emoji":null}]},"count":3}
2025-10-13 08:45:53.035 23447-23447 SessionManager          com.example.nutrisaur11              D  User interaction recorded at: 1760316353035
2025-10-13 08:45:53.037 23447-23447 SessionManager          com.example.nutrisaur11              D  User marked as idle
2025-10-13 08:45:53.051 23447-23447 DecorView[]             com.example.nutrisaur11              D  onWindowFocusChanged hasWindowFocus true
2025-10-13 08:45:53.066 23447-23447 SessionManager          com.example.nutrisaur11              D  User interaction recorded at: 1760316353065
2025-10-13 08:45:53.066 23447-23447 SessionManager          com.example.nutrisaur11              D  === REAL-TIME SESSION VALIDATION ===
2025-10-13 08:45:53.066 23447-23447 SessionManager          com.example.nutrisaur11              D  Using cached valid session
2025-10-13 08:45:53.066 23447-23447 IS_CTS_MODE             com.example.nutrisaur11              D  false
2025-10-13 08:45:53.066 23447-23447 MULTI_WIND...CH_ENABLED com.example.nutrisaur11              D  false
2025-10-13 08:45:53.068 23447-23447 DecorView[]             com.example.nutrisaur11              D  getWindowModeFromSystem  windowmode is 1
2025-10-13 08:45:53.091 23447-23447 DailyResetManager       com.example.nutrisaur11              D  Same day, no reset needed. Current: 2025-10-13
2025-10-13 08:45:53.091 23447-23447 FoodLoggingActivity     com.example.nutrisaur11              D  Custom ingredient from intent: null
2025-10-13 08:45:53.092 23447-23447 FoodLoggingActivity     com.example.nutrisaur11              D  FoodLoggingActivity initialized for date: 2025-10-13
2025-10-13 08:45:53.092 23447-23447 FoodLoggingActivity     com.example.nutrisaur11              W  No user data received from FoodActivity, will use SharedPreferences fallback
2025-10-13 08:45:53.096 23447-23447 CalorieTracker          com.example.nutrisaur11              D  Syncing with 4 added foods for date: 2025-10-13
2025-10-13 08:45:53.096 23447-23447 CalorieTracker          com.example.nutrisaur11              D    Daily foods: 4
2025-10-13 08:45:53.096 23447-23447 CalorieTracker          com.example.nutrisaur11              D  Cleared SharedPreferences user profile cache to force fresh database data
2025-10-13 08:45:53.096 23447-23447 CalorieTracker          com.example.nutrisaur11              W  No user profile found in SharedPreferences - will use database data
2025-10-13 08:45:53.096 23447-23447 CalorieTracker          com.example.nutrisaur11              D  Using user profile from SharedPreferences
2025-10-13 08:45:53.096 23447-23447 CalorieTracker          com.example.nutrisaur11              W  No user profile found, using default meal distribution
2025-10-13 08:45:53.096 23447-23447 CalorieTracker          com.example.nutrisaur11              D  Calculated meal distribution: {Breakfast=500, Dinner=600, Snacks=200, Lunch=700}
2025-10-13 08:45:53.096 23447-23447 CalorieTracker          com.example.nutrisaur11              D  Created Breakfast meal with 500 max calories
2025-10-13 08:45:53.096 23447-23447 CalorieTracker          com.example.nutrisaur11              D  Added cabbage soup (20 cal) to Breakfast for date 2025-10-13
2025-10-13 08:45:53.096 23447-23447 CalorieTracker          com.example.nutrisaur11              D  Added giniling giling (20 cal) to Breakfast for date 2025-10-13
2025-10-13 08:45:53.096 23447-23447 CalorieTracker          com.example.nutrisaur11              D  Added adobong tipaklong (20 cal) to Breakfast for date 2025-10-13
2025-10-13 08:45:53.096 23447-23447 CalorieTracker          com.example.nutrisaur11              D  Created Dinner meal with 600 max calories
2025-10-13 08:45:53.096 23447-23447 CalorieTracker          com.example.nutrisaur11              D  Added adobong tipaklong (20 cal) to Dinner for date 2025-10-13
2025-10-13 08:45:53.101 23447-23447 CalorieTracker          com.example.nutrisaur11              D  Synced CalorieTracker with AddedFoodManager for date 2025-10-13. Total meals: 2
2025-10-13 08:45:53.101 23447-23447 CalorieTracker          com.example.nutrisaur11              D  Meal Breakfast: 60/500 kcal
2025-10-13 08:45:53.101 23447-23447 CalorieTracker          com.example.nutrisaur11              D  Meal Dinner: 20/600 kcal
2025-10-13 08:45:53.101 23447-23447 FoodLoggingActivity     com.example.nutrisaur11              W  No database user data available, cannot create user profile
2025-10-13 08:45:53.106 23447-23447 CalorieTracker          com.example.nutrisaur11              D  Syncing with 4 added foods for date: 2025-10-13
2025-10-13 08:45:53.107 23447-23447 CalorieTracker          com.example.nutrisaur11              D    Daily foods: 4
2025-10-13 08:45:53.107 23447-23447 CalorieTracker          com.example.nutrisaur11              D  Cleared SharedPreferences user profile cache to force fresh database data
2025-10-13 08:45:53.107 23447-23447 CalorieTracker          com.example.nutrisaur11              W  No user profile found in SharedPreferences - will use database data
2025-10-13 08:45:53.107 23447-23447 CalorieTracker          com.example.nutrisaur11              D  Using user profile from SharedPreferences
2025-10-13 08:45:53.107 23447-23447 CalorieTracker          com.example.nutrisaur11              W  No user profile found, using default meal distribution
2025-10-13 08:45:53.107 23447-23447 CalorieTracker          com.example.nutrisaur11              D  Calculated meal distribution: {Breakfast=500, Dinner=600, Snacks=200, Lunch=700}
2025-10-13 08:45:53.107 23447-23447 CalorieTracker          com.example.nutrisaur11              D  Created Breakfast meal with 500 max calories
2025-10-13 08:45:53.107 23447-23447 CalorieTracker          com.example.nutrisaur11              D  Added cabbage soup (20 cal) to Breakfast for date 2025-10-13
2025-10-13 08:45:53.107 23447-23447 CalorieTracker          com.example.nutrisaur11              D  Added giniling giling (20 cal) to Breakfast for date 2025-10-13
2025-10-13 08:45:53.107 23447-23447 CalorieTracker          com.example.nutrisaur11              D  Added adobong tipaklong (20 cal) to Breakfast for date 2025-10-13
2025-10-13 08:45:53.107 23447-23447 CalorieTracker          com.example.nutrisaur11              D  Created Dinner meal with 600 max calories
2025-10-13 08:45:53.107 23447-23447 CalorieTracker          com.example.nutrisaur11              D  Added adobong tipaklong (20 cal) to Dinner for date 2025-10-13
2025-10-13 08:45:53.112 23447-23447 CalorieTracker          com.example.nutrisaur11              D  Synced CalorieTracker with AddedFoodManager for date 2025-10-13. Total meals: 2
2025-10-13 08:45:53.112 23447-23447 CalorieTracker          com.example.nutrisaur11              D  Meal Breakfast: 60/500 kcal
2025-10-13 08:45:53.112 23447-23447 CalorieTracker          com.example.nutrisaur11              D  Meal Dinner: 20/600 kcal
2025-10-13 08:45:53.113 23447-23447 FoodLoggingActivity     com.example.nutrisaur11              D  Creating user profile from community_users table data...
2025-10-13 08:45:53.113 23447-23447 FoodLoggingActivity     com.example.nutrisaur11              E  Error creating user profile from database data: Attempt to invoke interface method 'java.lang.Object java.util.Map.getOrDefault(java.lang.Object, java.lang.Object)' on a null object reference
2025-10-13 08:45:53.113 23447-23447 FoodLoggingActivity     com.example.nutrisaur11              D  Updated meal category text: null
2025-10-13 08:45:53.116 23447-23447 CalorieTracker          com.example.nutrisaur11              D  Syncing with 4 added foods for date: 2025-10-13
2025-10-13 08:45:53.116 23447-23447 CalorieTracker          com.example.nutrisaur11              D    Daily foods: 4
2025-10-13 08:45:53.116 23447-23447 CalorieTracker          com.example.nutrisaur11              D  Cleared SharedPreferences user profile cache to force fresh database data
2025-10-13 08:45:53.116 23447-23447 CalorieTracker          com.example.nutrisaur11              W  No user profile found in SharedPreferences - will use database data
2025-10-13 08:45:53.116 23447-23447 CalorieTracker          com.example.nutrisaur11              D  Using user profile from SharedPreferences
2025-10-13 08:45:53.116 23447-23447 CalorieTracker          com.example.nutrisaur11              W  No user profile found, using default meal distribution
2025-10-13 08:45:53.116 23447-23447 CalorieTracker          com.example.nutrisaur11              D  Calculated meal distribution: {Breakfast=500, Dinner=600, Snacks=200, Lunch=700}
2025-10-13 08:45:53.116 23447-23447 CalorieTracker          com.example.nutrisaur11              D  Created Breakfast meal with 500 max calories
2025-10-13 08:45:53.117 23447-23447 CalorieTracker          com.example.nutrisaur11              D  Added cabbage soup (20 cal) to Breakfast for date 2025-10-13
2025-10-13 08:45:53.117 23447-23447 CalorieTracker          com.example.nutrisaur11              D  Added giniling giling (20 cal) to Breakfast for date 2025-10-13
2025-10-13 08:45:53.117 23447-23447 CalorieTracker          com.example.nutrisaur11              D  Added adobong tipaklong (20 cal) to Breakfast for date 2025-10-13
2025-10-13 08:45:53.117 23447-23447 CalorieTracker          com.example.nutrisaur11              D  Created Dinner meal with 600 max calories
2025-10-13 08:45:53.117 23447-23447 CalorieTracker          com.example.nutrisaur11              D  Added adobong tipaklong (20 cal) to Dinner for date 2025-10-13
2025-10-13 08:45:53.120 23447-23447 CalorieTracker          com.example.nutrisaur11              D  Synced CalorieTracker with AddedFoodManager for date 2025-10-13. Total meals: 2
2025-10-13 08:45:53.120 23447-23447 CalorieTracker          com.example.nutrisaur11              D  Meal Breakfast: 60/500 kcal
2025-10-13 08:45:53.120 23447-23447 CalorieTracker          com.example.nutrisaur11              D  Meal Dinner: 20/600 kcal
2025-10-13 08:45:53.121 23447-23447 CalorieTracker          com.example.nutrisaur11              E  Error setting meal max calories: key == null
2025-10-13 08:45:53.121 23447-23447 FoodLoggingActivity     com.example.nutrisaur11              D  Loading MHO recommended foods
2025-10-13 08:45:53.121 23447-23447 FoodLoggingActivity     com.example.nutrisaur11              D  Loaded 3 MHO recommended foods from intent
2025-10-13 08:45:53.121 23447-23447 FoodLoggingActivity     com.example.nutrisaur11              D  Set current meal category to: Breakfast
2025-10-13 08:45:53.121 23447-23447 FoodLoggingActivity     com.example.nutrisaur11              D  FoodLoggingActivity created for Breakfast (max 500 kcal)
2025-10-13 08:45:53.121 23447-23447 FoodLoggingActivity     com.example.nutrisaur11              D  Initial food items count: 5
2025-10-13 08:45:53.125 23447-23447 SessionManager          com.example.nutrisaur11              D  User interaction recorded at: 1760316353125
2025-10-13 08:45:53.125 23447-23447 SessionManager          com.example.nutrisaur11              D  === REAL-TIME SESSION VALIDATION ===
2025-10-13 08:45:53.125 23447-23447 SessionManager          com.example.nutrisaur11              D  Using cached valid session
2025-10-13 08:45:53.125 23447-23447 CommunityUserManager    com.example.nutrisaur11              D  === CHECKING ARCHIVE STATUS ===
2025-10-13 08:45:53.125 23447-23447 CommunityUserManager    com.example.nutrisaur11              D  === FORCE REFRESHING USER DATA FROM DATABASE ===
2025-10-13 08:45:53.125 23447-23447 CommunityUserManager    com.example.nutrisaur11              D  Force refreshing data for: kevinpingol123@gmail.com
2025-10-13 08:45:53.126 23447-23447 CommunityUserManager    com.example.nutrisaur11              D  === CHECKING USER EXISTENCE ===
2025-10-13 08:45:53.126 23447-23741 CommunityUserManager    com.example.nutrisaur11              D  Making API request to: https://nutrisaur-production.up.railway.app/api/DatabaseAPI.php?action=get_community_user_data
2025-10-13 08:45:53.126 23447-23741 CommunityUserManager    com.example.nutrisaur11              D  Request data: {"email":"kevinpingol123@gmail.com"}
2025-10-13 08:45:53.127 23447-23447 CommunityUserManager    com.example.nutrisaur11              D  === FORCE REFRESHING USER DATA FROM DATABASE ===
2025-10-13 08:45:53.127 23447-23447 CommunityUserManager    com.example.nutrisaur11              D  Force refreshing data for: kevinpingol123@gmail.com
2025-10-13 08:45:53.130 23447-23447 CalorieTracker          com.example.nutrisaur11              D  Syncing with 4 added foods for date: 2025-10-13
2025-10-13 08:45:53.130 23447-23447 CalorieTracker          com.example.nutrisaur11              D    Daily foods: 4
2025-10-13 08:45:53.130 23447-23447 CalorieTracker          com.example.nutrisaur11              D  Cleared SharedPreferences user profile cache to force fresh database data
2025-10-13 08:45:53.130 23447-23447 CalorieTracker          com.example.nutrisaur11              W  No user profile found in SharedPreferences - will use database data
2025-10-13 08:45:53.130 23447-23447 CalorieTracker          com.example.nutrisaur11              D  Using user profile from SharedPreferences
2025-10-13 08:45:53.130 23447-23447 CalorieTracker          com.example.nutrisaur11              W  No user profile found, using default meal distribution
2025-10-13 08:45:53.130 23447-23447 CalorieTracker          com.example.nutrisaur11              D  Calculated meal distribution: {Breakfast=500, Dinner=600, Snacks=200, Lunch=700}
2025-10-13 08:45:53.130 23447-23447 CalorieTracker          com.example.nutrisaur11              D  Created Breakfast meal with 500 max calories
2025-10-13 08:45:53.130 23447-23447 CalorieTracker          com.example.nutrisaur11              D  Added cabbage soup (20 cal) to Breakfast for date 2025-10-13
2025-10-13 08:45:53.130 23447-23447 CalorieTracker          com.example.nutrisaur11              D  Added giniling giling (20 cal) to Breakfast for date 2025-10-13
2025-10-13 08:45:53.130 23447-23447 CalorieTracker          com.example.nutrisaur11              D  Added adobong tipaklong (20 cal) to Breakfast for date 2025-10-13
2025-10-13 08:45:53.130 23447-23447 CalorieTracker          com.example.nutrisaur11              D  Created Dinner meal with 600 max calories
2025-10-13 08:45:53.130 23447-23447 CalorieTracker          com.example.nutrisaur11              D  Added adobong tipaklong (20 cal) to Dinner for date 2025-10-13
2025-10-13 08:45:53.134 23447-23447 CalorieTracker          com.example.nutrisaur11              D  Synced CalorieTracker with AddedFoodManager for date 2025-10-13. Total meals: 2
2025-10-13 08:45:53.134 23447-23447 CalorieTracker          com.example.nutrisaur11              D  Meal Breakfast: 60/500 kcal
2025-10-13 08:45:53.134 23447-23447 CalorieTracker          com.example.nutrisaur11              D  Meal Dinner: 20/600 kcal
2025-10-13 08:45:53.134 23447-23447 FoodLoggingActivity     com.example.nutrisaur11              D  Refreshed food data for tab: recent for date: 2025-10-13
2025-10-13 08:45:53.135 23447-23742 CommunityUserManager    com.example.nutrisaur11              D  Making API request to: https://nutrisaur-production.up.railway.app/api/DatabaseAPI.php?action=get_community_user_data
2025-10-13 08:45:53.135 23447-23742 CommunityUserManager    com.example.nutrisaur11              D  Request data: {"email":"kevinpingol123@gmail.com"}
2025-10-13 08:45:53.155  3040-3351  ActivityManagerWrapper  com.miui.home                        E  getRecentTasks: taskId=11040   userId=0   baseIntent=Intent { act=android.intent.action.MAIN cat=[android.intent.category.LAUNCHER] flg=0x10000000 cmp=com.example.nutrisaur11/.SplashActivity }
2025-10-13 08:45:53.163 23447-23588 OpenGLRenderer          com.example.nutrisaur11              I  Davey! duration=9223360965543ms; Flags=0, FrameTimelineVsyncId=571714, IntendedVsync=11071311443349, Vsync=11071394776679, InputEventId=0, HandleInputStart=11071402668587, AnimationStart=11071402673639, PerformTraversalsStart=11071402676451, DrawStart=11071402828274, FrameDeadline=11071344776681, FrameInterval=11071402642857, FrameStartTime=16666666, SyncQueued=11071408559316, SyncStart=11071408640462, IssueDrawCommandsStart=11071408844159, SwapBuffers=11071409933482, FrameCompleted=9223372036854775807, DequeueBufferDuration=16093, QueueBufferDuration=490573, GpuCompleted=9223372036854775807, SwapBuffersCompleted=11071410869107, DisplayPresentTime=66560, 
2025-10-13 08:45:53.184 23447-23447 FoodItemAdapter         com.example.nutrisaur11              D  MHO recommended food - cabbage soup isAdded: false
2025-10-13 08:45:53.190 23447-23447 FoodItemAdapter         com.example.nutrisaur11              D  MHO recommended food - giniling giling isAdded: false
2025-10-13 08:45:53.199 23447-23447 FoodItemAdapter         com.example.nutrisaur11              D  MHO recommended food - adobong tipaklong isAdded: false
2025-10-13 08:45:53.209 23447-23447 FoodLoggingActivity     com.example.nutrisaur11              D  Loaded 3 recent/recommended foods
2025-10-13 08:45:53.209 23447-23447 FoodLoggingActivity     com.example.nutrisaur11              D  Loaded 3 recent/recommended foods
2025-10-13 08:45:53.210 23447-23447 DecorView[]             com.example.nutrisaur11              D  onWindowFocusChanged hasWindowFocus false
2025-10-13 08:45:53.210 23447-23588 OpenGLRenderer          com.example.nutrisaur11              I  Davey! duration=9223360965543ms; Flags=1, FrameTimelineVsyncId=571714, IntendedVsync=11071311443349, Vsync=11071394776679, InputEventId=0, HandleInputStart=11071402668587, AnimationStart=11071402673639, PerformTraversalsStart=11071402676451, DrawStart=11071454916972, FrameDeadline=11071328110015, FrameInterval=11071402642857, FrameStartTime=16666666, SyncQueued=11071458328847, SyncStart=11071458660097, IssueDrawCommandsStart=11071458784576, SwapBuffers=11071460565409, FrameCompleted=9223372036854775807, DequeueBufferDuration=12448, QueueBufferDuration=1520416, GpuCompleted=9223372036854775807, SwapBuffersCompleted=11071462378170, DisplayPresentTime=0, 
2025-10-13 08:45:53.215 23447-23447 FoodItemAdapter         com.example.nutrisaur11              D  MHO recommended food - cabbage soup isAdded: false
2025-10-13 08:45:53.216 23447-23447 FoodItemAdapter         com.example.nutrisaur11              D  MHO recommended food - giniling giling isAdded: false
2025-10-13 08:45:53.217 23447-23447 FoodItemAdapter         com.example.nutrisaur11              D  MHO recommended food - adobong tipaklong isAdded: false
2025-10-13 08:45:53.232 23447-23447 DecorView[]             com.example.nutrisaur11              D  onWindowFocusChanged hasWindowFocus true
2025-10-13 08:45:53.233 23447-23459 OpenGLRenderer          com.example.nutrisaur11              I  Davey! duration=9223360965443ms; Flags=0, FrameTimelineVsyncId=571721, IntendedVsync=11071411357403, Vsync=11071461357401, InputEventId=0, HandleInputStart=11071464888586, AnimationStart=11071464890566, PerformTraversalsStart=11071465028066, DrawStart=11071472507909, FrameDeadline=11071444690735, FrameInterval=11071464877961, FrameStartTime=16666666, SyncQueued=11071474228326, SyncStart=11071474327909, IssueDrawCommandsStart=11071474481243, SwapBuffers=11071475815461, FrameCompleted=9223372036854775807, DequeueBufferDuration=15261, QueueBufferDuration=689010, GpuCompleted=9223372036854775807, SwapBuffersCompleted=11071476822961, DisplayPresentTime=0, 
2025-10-13 08:45:53.248 23447-23588 OpenGLRenderer          com.example.nutrisaur11              I  Davey! duration=9223360965375ms; Flags=0, FrameTimelineVsyncId=571731, IntendedVsync=11071478052009, Vsync=11071478052009, InputEventId=0, HandleInputStart=11071478436191, AnimationStart=11071478440253, PerformTraversalsStart=11071479590409, DrawStart=11071483101347, FrameDeadline=11071511385341, FrameInterval=11071478417336, FrameStartTime=16666666, SyncQueued=11071483245826, SyncStart=11071484752753, IssueDrawCommandsStart=11071484846347, SwapBuffers=11071486278847, FrameCompleted=9223372036854775807, DequeueBufferDuration=15312, QueueBufferDuration=902083, GpuCompleted=9223372036854775807, SwapBuffersCompleted=11071487505461, DisplayPresentTime=0, 
2025-10-13 08:45:53.259 23447-23447 SessionManager          com.example.nutrisaur11              D  User marked as idle
2025-10-13 08:45:53.263 23447-23588 OpenGLRenderer          com.example.nutrisaur11              I  Davey! duration=9223360965359ms; Flags=0, FrameTimelineVsyncId=571734, IntendedVsync=11071494685464, Vsync=11071494685464, InputEventId=0, HandleInputStart=11071495057076, AnimationStart=11071495059055, PerformTraversalsStart=11071495060461, DrawStart=11071505704368, FrameDeadline=11071528018796, FrameInterval=11071495046295, FrameStartTime=16666666, SyncQueued=11071506794159, SyncStart=11071507270670, IssueDrawCommandsStart=11071507400409, SwapBuffers=11071508660774, FrameCompleted=9223372036854775807, DequeueBufferDuration=18750, QueueBufferDuration=1379636, GpuCompleted=9223372036854775807, SwapBuffersCompleted=11071510557701, DisplayPresentTime=0, 
2025-10-13 08:45:53.444 23447-23741 CommunityUserManager    com.example.nutrisaur11              D  API response code: 200
2025-10-13 08:45:53.444 23447-23741 CommunityUserManager    com.example.nutrisaur11              D  API response message: 
2025-10-13 08:45:53.448 23447-23741 CommunityUserManager    com.example.nutrisaur11              D  API response for get_community_user_data: {"success":true,"message":"User data retrieved successfully","user":{"name":"Pingol , Kevin C.","email":"kevinpingol123@gmail.com","municipality":"DINALUPIHAN","barangay":"Burgos","sex":"Male","birthday":"2005-10-10","is_pregnant":"N\/A","weight":"50","height":"171","screening_date":"2025-10-10 06:47:30","fcm_token":"dDgJr74pRHukYxdkYiGyAE:APA91bGRwC6pXjPQVyYGtkcZ6eafSGk0tUnWsyaKl1pZXOygSPN5hrxQ57-QoEbT0Q4AnrxZle82T4gCM6sx46ruDB-KiAtQGKfYr3uHOkNiwosJ5lmui9A","is_flagged":0,"bmi-for-age":"","weight-for-height":"","weight-for-age":"","weight-for-length":"","height-for-age":""}}
2025-10-13 08:45:53.449 23447-23741 CommunityUserManager    com.example.nutrisaur11              D  Cached user data for: kevinpingol123@gmail.com
2025-10-13 08:45:53.449 23447-23741 CommunityUserManager    com.example.nutrisaur11              D  Fresh user data retrieved successfully: {birthday=2005-10-10, is_pregnant=N/A, muac_category=, notes=, weight_kg=50, nutritional_risk=, height_cm=171, sex=Male, municipality=DINALUPIHAN, muac_cm=, screening_date=2025-10-10 06:47:30, bmi_category=, name=Pingol , Kevin C., barangay=Burgos, email=kevinpingol123@gmail.com, age=, bmi=, status=1}
2025-10-13 08:45:53.449 23447-23741 CommunityUserManager    com.example.nutrisaur11              D  User status: 1
2025-10-13 08:45:53.449 23447-23741 CommunityUserManager    com.example.nutrisaur11              D  User is active (status = 1)
2025-10-13 08:45:53.470 23447-23742 CommunityUserManager    com.example.nutrisaur11              D  API response code: 200
2025-10-13 08:45:53.470 23447-23742 CommunityUserManager    com.example.nutrisaur11              D  API response message: 
2025-10-13 08:45:53.471 23447-23742 CommunityUserManager    com.example.nutrisaur11              D  API response for get_community_user_data: {"success":true,"message":"User data retrieved successfully","user":{"name":"Pingol , Kevin C.","email":"kevinpingol123@gmail.com","municipality":"DINALUPIHAN","barangay":"Burgos","sex":"Male","birthday":"2005-10-10","is_pregnant":"N\/A","weight":"50","height":"171","screening_date":"2025-10-10 06:47:30","fcm_token":"dDgJr74pRHukYxdkYiGyAE:APA91bGRwC6pXjPQVyYGtkcZ6eafSGk0tUnWsyaKl1pZXOygSPN5hrxQ57-QoEbT0Q4AnrxZle82T4gCM6sx46ruDB-KiAtQGKfYr3uHOkNiwosJ5lmui9A","is_flagged":0,"bmi-for-age":"","weight-for-height":"","weight-for-age":"","weight-for-length":"","height-for-age":""}}
2025-10-13 08:45:53.473 23447-23742 CommunityUserManager    com.example.nutrisaur11              D  Cached user data for: kevinpingol123@gmail.com
2025-10-13 08:45:53.473 23447-23742 CommunityUserManager    com.example.nutrisaur11              D  Fresh user data retrieved successfully: {birthday=2005-10-10, is_pregnant=N/A, muac_category=, notes=, weight_kg=50, nutritional_risk=, height_cm=171, sex=Male, municipality=DINALUPIHAN, muac_cm=, screening_date=2025-10-10 06:47:30, bmi_category=, name=Pingol , Kevin C., barangay=Burgos, email=kevinpingol123@gmail.com, age=, bmi=, status=1}
2025-10-13 08:45:53.473 23447-23742 CommunityUserManager    com.example.nutrisaur11              D  User exists and has valid data
2025-10-13 08:45:54.379 23447-23447 SessionManager          com.example.nutrisaur11              D  === PERIODIC SESSION VALIDATION ===
2025-10-13 08:45:54.853 23447-23588 OpenGLRenderer          com.example.nutrisaur11              I  Davey! duration=9223360963777ms; Flags=0, FrameTimelineVsyncId=571755, IntendedVsync=11073077561563, Vsync=11073077561563, InputEventId=0, HandleInputStart=11073080696659, AnimationStart=11073080707180, PerformTraversalsStart=11073080714940, DrawStart=11073081278690, FrameDeadline=11073110894895, FrameInterval=11073080642648, FrameStartTime=16666666, SyncQueued=11073083149263, SyncStart=11073083266242, IssueDrawCommandsStart=11073084086867, SwapBuffers=11073089523950, FrameCompleted=9223372036854775807, DequeueBufferDuration=87448, QueueBufferDuration=2527031, GpuCompleted=9223372036854775807, SwapBuffersCompleted=11073093534211, DisplayPresentTime=0, 
