2025-10-11 12:01:59.976  2749-2749  CalorieTracker          com.example.nutrisaur11              D    Daily foods: 0
2025-10-11 12:01:59.976  2749-2749  CalorieTracker          com.example.nutrisaur11              D  Available database fields: [birthday, is_pregnant, muac_category, notes, weight_kg, nutritional_risk, height_cm, sex, municipality, muac_cm, screening_date, bmi_category, name, barangay, email, age, bmi, status]
2025-10-11 12:01:59.976  2749-2749  CalorieTracker          com.example.nutrisaur11              D  Calculated age from birthday '2005-10-10': 20
2025-10-11 12:01:59.976  2749-2749  CalorieTracker          com.example.nutrisaur11              D  Weight field lookup - weight_kg: '50', weight: 'null', final: '50'
2025-10-11 12:01:59.976  2749-2749  CalorieTracker          com.example.nutrisaur11              D  Set weight from database: 50
2025-10-11 12:01:59.976  2749-2749  CalorieTracker          com.example.nutrisaur11              D  Height field lookup - height_cm: '171', height: 'null', final: '171'
2025-10-11 12:01:59.977  2749-2749  CalorieTracker          com.example.nutrisaur11              D  Set height from database: 171
2025-10-11 12:01:59.977  2749-2749  CalorieTracker          com.example.nutrisaur11              D  Created user profile from database data: Pingol , Kevin C. (Age: 20, Weight: 50.0, Height: 171.0, Gender: Male, Activity: Moderate)
2025-10-11 12:01:59.977  2749-2749  CalorieTracker          com.example.nutrisaur11              D  Using user profile from database data
2025-10-11 12:01:59.977  2749-2749  KcalSuggestionCache     com.example.nutrisaur11              D  User profile changed, cache invalid
2025-10-11 12:01:59.977  2749-2749  CalorieTracker          com.example.nutrisaur11              D  No valid AI cache found, using fallback calculation...
2025-10-11 12:01:59.977  2749-2749  CalorieCal...ionService com.example.nutrisaur11              D  Calculated BMR: 1473.75 for Pingol , Kevin C.
2025-10-11 12:01:59.977  2749-2749  CalorieCal...ionService com.example.nutrisaur11              D  Calculated TDEE: 2284.3125 (BMR: 1473.75 × Activity: 1.55)
2025-10-11 12:01:59.977  2749-2749  CalorieCal...ionService com.example.nutrisaur11              D  Calculated daily calorie target: 2784 (TDEE: 2284.3125 + Adjustment: 500.0)
2025-10-11 12:01:59.977  2749-2749  CalorieTracker          com.example.nutrisaur11              D  Using fallback calculation (AI will update cache): 2784
2025-10-11 12:01:59.977  2749-2749  CalorieTracker          com.example.nutrisaur11              D  Using AI-calculated daily calorie target: 2784
2025-10-11 12:01:59.977  2749-2749  CalorieCal...ionService com.example.nutrisaur11              D  Calculated meal distribution: Breakfast=696, Lunch=974, Dinner=835, Snacks=278
2025-10-11 12:01:59.977  2749-2749  CalorieTracker          com.example.nutrisaur11              D  Calculated meal distribution: Breakfast=696, Lunch=974, Dinner=835, Snacks=278
2025-10-11 12:01:59.978  2749-2749  CalorieTracker          com.example.nutrisaur11              D  Calculated meal distribution: {Breakfast=696, Dinner=835, Snacks=278, Lunch=974}
2025-10-11 12:01:59.978  2749-2749  CalorieTracker          com.example.nutrisaur11              D  Synced CalorieTracker with AddedFoodManager for date 2025-10-11. Total meals: 0
2025-10-11 12:01:59.982  2749-2749  SessionManager          com.example.nutrisaur11              D  User interaction recorded at: 1760155319982
2025-10-11 12:01:59.982  2749-2749  SessionManager          com.example.nutrisaur11              D  === REAL-TIME SESSION VALIDATION ===
2025-10-11 12:01:59.982  2749-2749  SessionManager          com.example.nutrisaur11              D  Using cached valid session
2025-10-11 12:01:59.982  2749-2749  CommunityUserManager    com.example.nutrisaur11              D  === CHECKING ARCHIVE STATUS ===
2025-10-11 12:01:59.982  2749-7042  NutritionService        com.example.nutrisaur11              D  Starting nutrition recommendations...
2025-10-11 12:01:59.982  2749-2749  CommunityUserManager    com.example.nutrisaur11              D  === FORCE REFRESHING USER DATA FROM DATABASE ===
2025-10-11 12:01:59.982  2749-2749  CommunityUserManager    com.example.nutrisaur11              D  Force refreshing data for: kevinpingol123@gmail.com
2025-10-11 12:01:59.982  2749-7042  NutritionService        com.example.nutrisaur11              D  Getting user profile from SharedPreferences...
2025-10-11 12:01:59.982  2749-7042  NutritionService        com.example.nutrisaur11              D  User data: name=, age=25, weight=70.0, height=170.0
2025-10-11 12:01:59.983  2749-7042  NutritionService        com.example.nutrisaur11              D  User profile loaded: , BMI: 24.221453287197235
2025-10-11 12:01:59.983  2749-2749  CommunityUserManager    com.example.nutrisaur11              D  === CHECKING USER EXISTENCE ===
2025-10-11 12:01:59.983  2749-7042  KcalSuggestionCache     com.example.nutrisaur11              D  Cached kcal suggestion is valid
2025-10-11 12:01:59.983  2749-7042  NutritionService        com.example.nutrisaur11              D  Using cached kcal suggestion - user profile unchanged
2025-10-11 12:01:59.984  2749-2749  CommunityUserManager    com.example.nutrisaur11              D  === FORCE REFRESHING USER DATA FROM DATABASE ===
2025-10-11 12:01:59.984  2749-2749  CommunityUserManager    com.example.nutrisaur11              D  Force refreshing data for: kevinpingol123@gmail.com
2025-10-11 12:01:59.984  2749-2749  CommunityUserManager    com.example.nutrisaur11              D  === CHECKING ARCHIVE STATUS ===
2025-10-11 12:01:59.984  2749-2749  CommunityUserManager    com.example.nutrisaur11              D  === FORCE REFRESHING USER DATA FROM DATABASE ===
2025-10-11 12:01:59.984  2749-2749  CommunityUserManager    com.example.nutrisaur11              D  Force refreshing data for: kevinpingol123@gmail.com
2025-10-11 12:01:59.984  2749-7042  KcalSuggestionCache     com.example.nutrisaur11              D  Successfully loaded cached kcal suggestion
2025-10-11 12:01:59.984  2749-7042  CalorieTracker          com.example.nutrisaur11              D  Background AI calculation completed: 2545
2025-10-11 12:01:59.984  2749-2749  FoodActivity            com.example.nutrisaur11              D  FoodActivity onResume - refreshing meal progress
2025-10-11 12:01:59.984  2749-2749  FoodActivity            com.example.nutrisaur11              D  About to call syncFoodHistoryFromDatabase()
2025-10-11 12:01:59.984  2749-2749  FoodActivity            com.example.nutrisaur11              D  === SYNCING FOOD HISTORY FROM DATABASE ===
2025-10-11 12:01:59.984  2749-2749  FoodActivity            com.example.nutrisaur11              D  Sync Debug - User email: 'kevinpingol123@gmail.com'
2025-10-11 12:01:59.984  2749-2749  FoodActivity            com.example.nutrisaur11              D  Sync Debug - Current date: '2025-10-11'
2025-10-11 12:01:59.984  2749-2749  FoodActivity            com.example.nutrisaur11              D  Sync Debug - About to create ApiClient and call downloadFoodHistory
2025-10-11 12:01:59.984  2749-2749  FoodActivity            com.example.nutrisaur11              D  Syncing food history for user: kevinpingol123@gmail.com on date: 2025-10-11
2025-10-11 12:01:59.984  2749-2749  ApiClient               com.example.nutrisaur11              D  === DOWNLOAD FOOD HISTORY CALLED ===
2025-10-11 12:01:59.984  2749-7044  CommunityUserManager    com.example.nutrisaur11              D  Making API request to: https://nutrisaur-production.up.railway.app/api/DatabaseAPI.php?action=get_community_user_data
2025-10-11 12:01:59.984  2749-2749  ApiClient               com.example.nutrisaur11              D  User: kevinpingol123@gmail.com, Start: 2025-10-11, End: 2025-10-11
2025-10-11 12:01:59.984  2749-7044  CommunityUserManager    com.example.nutrisaur11              D  Request data: {"email":"kevinpingol123@gmail.com"}
2025-10-11 12:01:59.985  2749-2749  FoodHistorySyncManager  com.example.nutrisaur11              D  Syncing flag metadata for user: kevinpingol123@gmail.com
2025-10-11 12:01:59.985  2749-2749  FoodActivity            com.example.nutrisaur11              D  Finished calling syncFoodHistoryFromDatabase()
2025-10-11 12:01:59.985  2749-2749  FoodActivity            com.example.nutrisaur11              D  Refreshing meal progress on resume
2025-10-11 12:01:59.985  2749-2749  FoodActivity            com.example.nutrisaur11              D  Syncing CalorieTracker with AddedFoodManager for date: 2025-10-11
2025-10-11 12:01:59.985  2749-7045  CommunityUserManager    com.example.nutrisaur11              D  Making API request to: https://nutrisaur-production.up.railway.app/api/DatabaseAPI.php?action=get_community_user_data
2025-10-11 12:01:59.985  2749-7045  CommunityUserManager    com.example.nutrisaur11              D  Request data: {"email":"kevinpingol123@gmail.com"}
2025-10-11 12:01:59.986  2749-2749  CalorieTracker          com.example.nutrisaur11              D  Syncing with 0 added foods for date: 2025-10-11
2025-10-11 12:01:59.987  2749-2749  CalorieTracker          com.example.nutrisaur11              D    Daily foods: 0
2025-10-11 12:01:59.987  2749-2749  CalorieTracker          com.example.nutrisaur11              D  Available database fields: [birthday, is_pregnant, muac_category, notes, weight_kg, nutritional_risk, height_cm, sex, municipality, muac_cm, screening_date, bmi_category, name, barangay, email, age, bmi, status]
2025-10-11 12:01:59.987  2749-2749  CalorieTracker          com.example.nutrisaur11              D  Calculated age from birthday '2005-10-10': 20
2025-10-11 12:01:59.987  2749-2749  CalorieTracker          com.example.nutrisaur11              D  Weight field lookup - weight_kg: '50', weight: 'null', final: '50'
2025-10-11 12:01:59.987  2749-2749  CalorieTracker          com.example.nutrisaur11              D  Set weight from database: 50
2025-10-11 12:01:59.987  2749-2749  CalorieTracker          com.example.nutrisaur11              D  Height field lookup - height_cm: '171', height: 'null', final: '171'
2025-10-11 12:01:59.987  2749-2749  CalorieTracker          com.example.nutrisaur11              D  Set height from database: 171
2025-10-11 12:01:59.987  2749-2749  CalorieTracker          com.example.nutrisaur11              D  Created user profile from database data: Pingol , Kevin C. (Age: 20, Weight: 50.0, Height: 171.0, Gender: Male, Activity: Moderate)
2025-10-11 12:01:59.987  2749-2749  CalorieTracker          com.example.nutrisaur11              D  Using user profile from database data
2025-10-11 12:01:59.987  2749-2749  KcalSuggestionCache     com.example.nutrisaur11              D  User profile changed, cache invalid
2025-10-11 12:01:59.987  2749-2749  CalorieTracker          com.example.nutrisaur11              D  No valid AI cache found, using fallback calculation...
2025-10-11 12:01:59.987  2749-2749  CalorieCal...ionService com.example.nutrisaur11              D  Calculated BMR: 1473.75 for Pingol , Kevin C.
2025-10-11 12:01:59.987  2749-2749  CalorieCal...ionService com.example.nutrisaur11              D  Calculated TDEE: 2284.3125 (BMR: 1473.75 × Activity: 1.55)
2025-10-11 12:01:59.987  2749-2749  CalorieCal...ionService com.example.nutrisaur11              D  Calculated daily calorie target: 2784 (TDEE: 2284.3125 + Adjustment: 500.0)
2025-10-11 12:01:59.987  2749-2749  CalorieTracker          com.example.nutrisaur11              D  Using fallback calculation (AI will update cache): 2784
2025-10-11 12:01:59.988  2749-2749  CalorieTracker          com.example.nutrisaur11              D  Using AI-calculated daily calorie target: 2784
2025-10-11 12:01:59.988  2749-2749  CalorieCal...ionService com.example.nutrisaur11              D  Calculated meal distribution: Breakfast=696, Lunch=974, Dinner=835, Snacks=278
2025-10-11 12:01:59.988  2749-2749  CalorieTracker          com.example.nutrisaur11              D  Calculated meal distribution: Breakfast=696, Lunch=974, Dinner=835, Snacks=278
2025-10-11 12:01:59.988  2749-2749  CalorieTracker          com.example.nutrisaur11              D  Calculated meal distribution: {Breakfast=696, Dinner=835, Snacks=278, Lunch=974}
2025-10-11 12:01:59.988  2749-2749  CalorieTracker          com.example.nutrisaur11              D  Synced CalorieTracker with AddedFoodManager for date 2025-10-11. Total meals: 0
2025-10-11 12:01:59.990  2749-7043  CommunityUserManager    com.example.nutrisaur11              D  Making API request to: https://nutrisaur-production.up.railway.app/api/DatabaseAPI.php?action=get_community_user_data
2025-10-11 12:01:59.990  2749-7043  CommunityUserManager    com.example.nutrisaur11              D  Request data: {"email":"kevinpingol123@gmail.com"}
2025-10-11 12:01:59.995  2749-7046  ApiClient               com.example.nutrisaur11              D  Download URL: https://nutrisaur-production.up.railway.app/api/food_history_api.php?action=get_user_history&user_email=kevinpingol123@gmail.com&start_date=2025-10-11&end_date=2025-10-11
2025-10-11 12:01:59.998  2749-7050  NutritionService        com.example.nutrisaur11              D  Starting nutrition recommendations...
2025-10-11 12:01:59.998  2749-7050  NutritionService        com.example.nutrisaur11              D  Getting user profile from SharedPreferences...
2025-10-11 12:01:59.999  2749-7050  NutritionService        com.example.nutrisaur11              D  User data: name=, age=25, weight=70.0, height=170.0
2025-10-11 12:01:59.999  2749-7050  NutritionService        com.example.nutrisaur11              D  User profile loaded: , BMI: 24.221453287197235
2025-10-11 12:01:59.999  2749-7050  KcalSuggestionCache     com.example.nutrisaur11              D  Cached kcal suggestion is valid
2025-10-11 12:01:59.999  2749-7050  NutritionService        com.example.nutrisaur11              D  Using cached kcal suggestion - user profile unchanged
2025-10-11 12:01:59.999  2749-7050  KcalSuggestionCache     com.example.nutrisaur11              D  Successfully loaded cached kcal suggestion
2025-10-11 12:01:59.999  2749-7050  CalorieTracker          com.example.nutrisaur11              D  Background AI calculation completed: 2545
2025-10-11 12:02:00.022  2749-2749  DecorView[]             com.example.nutrisaur11              D  onWindowFocusChanged hasWindowFocus false
2025-10-11 12:02:00.050  2749-2749  DecorView[]             com.example.nutrisaur11              D  onWindowFocusChanged hasWindowFocus true
2025-10-11 12:02:00.070  2749-7046  ApiClient               com.example.nutrisaur11              D  Download food history response: {"success":true,"data":[{"id":215,"user_email":"kevinpingol123@gmail.com","date":"2025-10-11","meal_category":"Lunch","food_name":"Chicken Adobo","calories":400,"serving_size":"1.5 cups","protein":"35.00","carbs":"15.00","fat":"20.00","fiber":"0.00","created_at":"2025-10-11 03:56:23","is_flagged":0,"is_day_flagged":0,"mho_comment":null,"flagged_by":null,"flagged_at":null},{"id":218,"user_email":"kevinpingol123@gmail.com","date":"2025-10-11","meal_category":"Lunch","food_name":"Chicken Adobo","calories":400,"serving_size":"1.5 cups","protein":"35.00","carbs":"15.00","fat":"20.00","fiber":"0.00","created_at":"2025-10-11 03:56:40","is_flagged":0,"is_day_flagged":0,"mho_comment":null,"flagged_by":null,"flagged_at":null},{"id":222,"user_email":"kevinpingol123@gmail.com","date":"2025-10-11","meal_category":"Lunch","food_name":"Chicken Adobo","calories":400,"serving_size":"1.5 cups","protein":"35.00","carbs":"15.00","fat":"20.00","fiber":"0.00","created_at":"2025-10-11 03:56:50","is_flagged":0,"is_day_flagged":0,"mho_comment":null,"flagged_by":null,"flagged_at":null},{"id":226,"user_email":"kevinpingol123@gmail.com","date":"2025-10-11","meal_category":"Lunch","food_name":"Chicken Adobo","calories":400,"serving_size":"1.5 cups","protein":"35.00","carbs":"15.00","fat":"20.00","fiber":"0.00","created_at":"2025-10-11 03:57:01","is_flagged":0,"is_day_flagged":0,"mho_comment":null,"flagged_by":null,"flagged_at":null},{"id":228,"user_email":"kevinpingol123@gmail.com","date":"2025-10-11","meal_category":"Lunch","food_name":"Chicken Adobo","calories":400,"serving_size":"1.5 cups","protein":"35.00","carbs":"15.00","fat":"20.00","fiber":"0.00","created_at":"2025-10-11 04:01:39","is_flagged":0,"is_day_flagged":0,"mho_comment":null,"flagged_by":null,"flagged_at":null},{"id":216,"user_email":"kevinpingol123@gmail.com","date":"2025-10-11","meal_category":"Lunch","food_name":"Kare-Kare","calories":550,"serving_size":"Generous bowl","protein":"25.00","carbs":"30.00","fat":"40.00","fiber":"0.00","created_at":"2025-10-11 03:56:24","is_flagged":0,"is_day_flagged":0,"mho_comment":null,"flagged_by":null,"flagged_at":null},{"id":219,"user_email":"kevinpingol123@gmail.com","date":"2025-10-11","meal_category":"Lunch","food_name":"Kare-Kare","calories":550,"serving_size":"Generous bowl","protein":"25.00","carbs":"30.00","fat":"40.00","fiber":"0.00","created_at":"2025-10-11 03:56:40","is_flagged":0,"is_day_flagged":0,"mho_comment":null,"flagged_by":null,"flagged_at":null},{"id":224,"user_email":"kevinpingol123@gmail.com","date":"2025-10-11","meal_category":"Lunch","food_name":"Kare-Kare","calories":550,"serving_size":"Generous bowl","protein":"25.00","carbs":"30.00","fat":"40.00","fiber":"0.00","created_at":"2025-10-11 03:56:50","is_flagged":0,"is_day_flagged":0,"mho_comment":null,"flagged_by":null,"flagged_at":null},{"id":225,"user_email":"kevinpingol123@gmail.com","date":"2025-10-11","meal_category":"Lunch","food_name":"Kare-Kare","calories":550,"serving_size":"Generous bowl","protein":"25.00","carbs":"30.00","fat":"40.00","fiber":"0.00","created_at":"2025-10-11 03:57:01","is_flagged":0,"is_day_flagged":0,"mho_comment":null,"flagged_by":null,"flagged_at":null},{"id":229,"user_email":"kevinpingol123@gmail.com","date":"2025-10-11","meal_category":"Lunch","food_name":"Kare-Kare","calories":550,"serving_size":"Generous bowl","protein":"25.00","carbs":"30.00","fat":"40.00","fiber":"0.00","created_at":"2025-10-11 04:01:39","is_flagged":0,"is_day_flagged":0,"mho_comment":null,"flagged_by":null,"flagged_at":null},{"id":217,"user_email":"kevinpingol123@gmail.com","date":"2025-10-11","meal_category":"Lunch","food_name":"Sinigang na Baboy","calories":450,"serving_size":"Large bowl","protein":"30.00","carbs":"20.00","fat":"25.00","fiber":"0.00","created_at":"2025-10-11 03:56:24","is_flagged":0,"is_day_flagged":0,"mho_comment":null,"flagged_by":null,"flagged_at":null},{"id":220,"user_email":"kevinpingol123@gmail.com","date":"2025-10-11","meal_category":"Lunch","food_name":"Sinigang na Baboy","c
2025-10-11 12:02:00.074  2749-2749  SessionManager          com.example.nutrisaur11              D  User marked as idle
2025-10-11 12:02:00.075  3026-3369  ActivityManagerWrapper  com.miui.home                        E  getRecentTasks: taskId=10907   userId=0   baseIntent=Intent { act=android.intent.action.MAIN cat=[android.intent.category.LAUNCHER] flg=0x10000000 cmp=com.example.nutrisaur11/.SplashActivity }
2025-10-11 12:02:00.083  2749-2749  FoodActivity            com.example.nutrisaur11              D  Download successful, parsing response...
2025-10-11 12:02:00.083  2749-2749  FoodActivity            com.example.nutrisaur11              D  === PARSING FOOD HISTORY ===
2025-10-11 12:02:00.083  2749-2749  FoodActivity            com.example.nutrisaur11              D  JSON Response: {"success":true,"data":[{"id":215,"user_email":"kevinpingol123@gmail.com","date":"2025-10-11","meal_category":"Lunch","food_name":"Chicken Adobo","calories":400,"serving_size":"1.5 cups","protein":"35.00","carbs":"15.00","fat":"20.00","fiber":"0.00","created_at":"2025-10-11 03:56:23","is_flagged":0,"is_day_flagged":0,"mho_comment":null,"flagged_by":null,"flagged_at":null},{"id":218,"user_email":"kevinpingol123@gmail.com","date":"2025-10-11","meal_category":"Lunch","food_name":"Chicken Adobo","calories":400,"serving_size":"1.5 cups","protein":"35.00","carbs":"15.00","fat":"20.00","fiber":"0.00","created_at":"2025-10-11 03:56:40","is_flagged":0,"is_day_flagged":0,"mho_comment":null,"flagged_by":null,"flagged_at":null},{"id":222,"user_email":"kevinpingol123@gmail.com","date":"2025-10-11","meal_category":"Lunch","food_name":"Chicken Adobo","calories":400,"serving_size":"1.5 cups","protein":"35.00","carbs":"15.00","fat":"20.00","fiber":"0.00","created_at":"2025-10-11 03:56:50","is_flagged":0,"is_day_flagged":0,"mho_comment":null,"flagged_by":null,"flagged_at":null},{"id":226,"user_email":"kevinpingol123@gmail.com","date":"2025-10-11","meal_category":"Lunch","food_name":"Chicken Adobo","calories":400,"serving_size":"1.5 cups","protein":"35.00","carbs":"15.00","fat":"20.00","fiber":"0.00","created_at":"2025-10-11 03:57:01","is_flagged":0,"is_day_flagged":0,"mho_comment":null,"flagged_by":null,"flagged_at":null},{"id":228,"user_email":"kevinpingol123@gmail.com","date":"2025-10-11","meal_category":"Lunch","food_name":"Chicken Adobo","calories":400,"serving_size":"1.5 cups","protein":"35.00","carbs":"15.00","fat":"20.00","fiber":"0.00","created_at":"2025-10-11 04:01:39","is_flagged":0,"is_day_flagged":0,"mho_comment":null,"flagged_by":null,"flagged_at":null},{"id":216,"user_email":"kevinpingol123@gmail.com","date":"2025-10-11","meal_category":"Lunch","food_name":"Kare-Kare","calories":550,"serving_size":"Generous bowl","protein":"25.00","carbs":"30.00","fat":"40.00","fiber":"0.00","created_at":"2025-10-11 03:56:24","is_flagged":0,"is_day_flagged":0,"mho_comment":null,"flagged_by":null,"flagged_at":null},{"id":219,"user_email":"kevinpingol123@gmail.com","date":"2025-10-11","meal_category":"Lunch","food_name":"Kare-Kare","calories":550,"serving_size":"Generous bowl","protein":"25.00","carbs":"30.00","fat":"40.00","fiber":"0.00","created_at":"2025-10-11 03:56:40","is_flagged":0,"is_day_flagged":0,"mho_comment":null,"flagged_by":null,"flagged_at":null},{"id":224,"user_email":"kevinpingol123@gmail.com","date":"2025-10-11","meal_category":"Lunch","food_name":"Kare-Kare","calories":550,"serving_size":"Generous bowl","protein":"25.00","carbs":"30.00","fat":"40.00","fiber":"0.00","created_at":"2025-10-11 03:56:50","is_flagged":0,"is_day_flagged":0,"mho_comment":null,"flagged_by":null,"flagged_at":null},{"id":225,"user_email":"kevinpingol123@gmail.com","date":"2025-10-11","meal_category":"Lunch","food_name":"Kare-Kare","calories":550,"serving_size":"Generous bowl","protein":"25.00","carbs":"30.00","fat":"40.00","fiber":"0.00","created_at":"2025-10-11 03:57:01","is_flagged":0,"is_day_flagged":0,"mho_comment":null,"flagged_by":null,"flagged_at":null},{"id":229,"user_email":"kevinpingol123@gmail.com","date":"2025-10-11","meal_category":"Lunch","food_name":"Kare-Kare","calories":550,"serving_size":"Generous bowl","protein":"25.00","carbs":"30.00","fat":"40.00","fiber":"0.00","created_at":"2025-10-11 04:01:39","is_flagged":0,"is_day_flagged":0,"mho_comment":null,"flagged_by":null,"flagged_at":null},{"id":217,"user_email":"kevinpingol123@gmail.com","date":"2025-10-11","meal_category":"Lunch","food_name":"Sinigang na Baboy","calories":450,"serving_size":"Large bowl","protein":"30.00","carbs":"20.00","fat":"25.00","fiber":"0.00","created_at":"2025-10-11 03:56:24","is_flagged":0,"is_day_flagged":0,"mho_comment":null,"flagged_by":null,"flagged_at":null},{"id":220,"user_email":"kevinpingol123@gmail.com","date":"2025-10-11","meal_category":"Lunch","food_name":"Sinigang na Baboy","calories":450,"
2025-10-11 12:02:00.084  2749-2749  FoodActivity            com.example.nutrisaur11              D  Parsing 16 food items from server
2025-10-11 12:02:00.084  2749-2749  FoodActivity            com.example.nutrisaur11              D  === STORING FOOD DATA IN LOCAL STORAGE ===
2025-10-11 12:02:00.084  2749-2749  FoodActivity            com.example.nutrisaur11              D  Storing 1 dates of food data for user: kevinpingol123@gmail.com
2025-10-11 12:02:00.085  2749-2762  OpenGLRenderer          com.example.nutrisaur11              I  Davey! duration=9223303518302ms; Flags=0, FrameTimelineVsyncId=3475602, IntendedVsync=68518551756251, Vsync=68518551756251, InputEventId=0, HandleInputStart=68518552320161, AnimationStart=68518552321671, PerformTraversalsStart=68518552323026, DrawStart=68518557724276, FrameDeadline=68518568422917, FrameInterval=68518552311046, FrameStartTime=16666666, SyncQueued=68518559393234, SyncStart=68518559469692, IssueDrawCommandsStart=68518559693338, SwapBuffers=68518561402244, FrameCompleted=9223372036854775807, DequeueBufferDuration=16355, QueueBufferDuration=533385, GpuCompleted=9223372036854775807, SwapBuffersCompleted=68518562214328, DisplayPresentTime=0, 
2025-10-11 12:02:00.085  2749-2749  FoodActivity            com.example.nutrisaur11              D  Date 2025-10-11 has 1 meal categories
2025-10-11 12:02:00.085  2749-2749  FoodActivity            com.example.nutrisaur11              D    Lunch: 16 foods
2025-10-11 12:02:00.086  2749-2749  FoodActivity            com.example.nutrisaur11              D  About to store: Chicken Adobo in Lunch for 2025-10-11
2025-10-11 12:02:00.086  2749-2749  AddedFoodManager        com.example.nutrisaur11              D  🎯 addFoodToMealTime called: Chicken Adobo -> Lunch on 2025-10-11
2025-10-11 12:02:00.087  2749-2749  AddedFoodManager        com.example.nutrisaur11              D  Added Chicken Adobo to Lunch on 2025-10-11 (using single storage system)
2025-10-11 12:02:00.087  2749-2749  AddedFoodManager        com.example.nutrisaur11              D  Retrieved user email: 'kevinpingol123@gmail.com'
2025-10-11 12:02:00.087  2749-2749  AddedFoodManager        com.example.nutrisaur11              D  🔍 Attempting to store food in database:
2025-10-11 12:02:00.087  2749-2749  AddedFoodManager        com.example.nutrisaur11              D    - User Email: kevinpingol123@gmail.com
2025-10-11 12:02:00.087  2749-2749  AddedFoodManager        com.example.nutrisaur11              D    - Date: 2025-10-11
2025-10-11 12:02:00.087  2749-2749  AddedFoodManager        com.example.nutrisaur11              D    - Meal: Lunch
2025-10-11 12:02:00.087  2749-2749  AddedFoodManager        com.example.nutrisaur11              D    - Food: Chicken Adobo
2025-10-11 12:02:00.089  2749-2749  FoodActivity            com.example.nutrisaur11              D  ✅ Stored: Chicken Adobo in Lunch for 2025-10-11
2025-10-11 12:02:00.089  2749-7061  ApiClient               com.example.nutrisaur11              D  🚀 Starting food upload to database:
2025-10-11 12:02:00.089  2749-7061  ApiClient               com.example.nutrisaur11              D    - User: kevinpingol123@gmail.com
2025-10-11 12:02:00.089  2749-7061  ApiClient               com.example.nutrisaur11              D    - Date: 2025-10-11
2025-10-11 12:02:00.089  2749-7061  ApiClient               com.example.nutrisaur11              D    - Meal: Lunch
2025-10-11 12:02:00.089  2749-7061  ApiClient               com.example.nutrisaur11              D    - Food: Chicken Adobo
2025-10-11 12:02:00.089  2749-7061  ApiClient               com.example.nutrisaur11              D  📡 Upload URL: https://nutrisaur-production.up.railway.app/api/food_history_api.php?action=add
2025-10-11 12:02:00.089  2749-7061  ApiClient               com.example.nutrisaur11              D  📦 Upload data: {"user_email":"kevinpingol123@gmail.com","date":"2025-10-11","meal_category":"Lunch","food_name":"Chicken Adobo","calories":400,"serving_size":"1.5 cups","protein":35,"carbs":15,"fat":20,"fiber":0}
2025-10-11 12:02:00.089  2749-2749  FoodActivity            com.example.nutrisaur11              D  ⏭️ Skipping: Chicken Adobo already exists in Lunch for 2025-10-11
2025-10-11 12:02:00.089  2749-2749  FoodActivity            com.example.nutrisaur11              D  ⏭️ Skipping: Chicken Adobo already exists in Lunch for 2025-10-11
2025-10-11 12:02:00.089  2749-2749  FoodActivity            com.example.nutrisaur11              D  ⏭️ Skipping: Chicken Adobo already exists in Lunch for 2025-10-11
2025-10-11 12:02:00.090  2749-2749  FoodActivity            com.example.nutrisaur11              D  ⏭️ Skipping: Chicken Adobo already exists in Lunch for 2025-10-11
2025-10-11 12:02:00.090  2749-2749  FoodActivity            com.example.nutrisaur11              D  About to store: Kare-Kare in Lunch for 2025-10-11
2025-10-11 12:02:00.090  2749-2749  AddedFoodManager        com.example.nutrisaur11              D  🎯 addFoodToMealTime called: Kare-Kare -> Lunch on 2025-10-11
2025-10-11 12:02:00.091  2749-2749  AddedFoodManager        com.example.nutrisaur11              D  Added Kare-Kare to Lunch on 2025-10-11 (using single storage system)
2025-10-11 12:02:00.091  2749-2749  AddedFoodManager        com.example.nutrisaur11              D  Retrieved user email: 'kevinpingol123@gmail.com'
2025-10-11 12:02:00.091  2749-2749  AddedFoodManager        com.example.nutrisaur11              D  🔍 Attempting to store food in database:
2025-10-11 12:02:00.091  2749-2749  AddedFoodManager        com.example.nutrisaur11              D    - User Email: kevinpingol123@gmail.com
2025-10-11 12:02:00.091  2749-2749  AddedFoodManager        com.example.nutrisaur11              D    - Date: 2025-10-11
2025-10-11 12:02:00.091  2749-2749  AddedFoodManager        com.example.nutrisaur11              D    - Meal: Lunch
2025-10-11 12:02:00.091  2749-2749  AddedFoodManager        com.example.nutrisaur11              D    - Food: Kare-Kare
2025-10-11 12:02:00.093  2749-2749  FoodActivity            com.example.nutrisaur11              D  ✅ Stored: Kare-Kare in Lunch for 2025-10-11
2025-10-11 12:02:00.094  2749-2749  FoodActivity            com.example.nutrisaur11              D  ⏭️ Skipping: Kare-Kare already exists in Lunch for 2025-10-11
2025-10-11 12:02:00.094  2749-2749  FoodActivity            com.example.nutrisaur11              D  ⏭️ Skipping: Kare-Kare already exists in Lunch for 2025-10-11
2025-10-11 12:02:00.094  2749-2749  FoodActivity            com.example.nutrisaur11              D  ⏭️ Skipping: Kare-Kare already exists in Lunch for 2025-10-11
2025-10-11 12:02:00.095  2749-2749  FoodActivity            com.example.nutrisaur11              D  ⏭️ Skipping: Kare-Kare already exists in Lunch for 2025-10-11
2025-10-11 12:02:00.095  2749-2749  FoodActivity            com.example.nutrisaur11              D  About to store: Sinigang na Baboy in Lunch for 2025-10-11
2025-10-11 12:02:00.095  2749-2749  AddedFoodManager        com.example.nutrisaur11              D  🎯 addFoodToMealTime called: Sinigang na Baboy -> Lunch on 2025-10-11
2025-10-11 12:02:00.096  2749-2749  AddedFoodManager        com.example.nutrisaur11              D  Added Sinigang na Baboy to Lunch on 2025-10-11 (using single storage system)
2025-10-11 12:02:00.096  2749-2749  AddedFoodManager        com.example.nutrisaur11              D  Retrieved user email: 'kevinpingol123@gmail.com'
2025-10-11 12:02:00.096  2749-2749  AddedFoodManager        com.example.nutrisaur11              D  🔍 Attempting to store food in database:
2025-10-11 12:02:00.096  2749-2749  AddedFoodManager        com.example.nutrisaur11              D    - User Email: kevinpingol123@gmail.com
2025-10-11 12:02:00.096  2749-2749  AddedFoodManager        com.example.nutrisaur11              D    - Date: 2025-10-11
2025-10-11 12:02:00.096  2749-2749  AddedFoodManager        com.example.nutrisaur11              D    - Meal: Lunch
2025-10-11 12:02:00.096  2749-2749  AddedFoodManager        com.example.nutrisaur11              D    - Food: Sinigang na Baboy
2025-10-11 12:02:00.096  2749-7062  ApiClient               com.example.nutrisaur11              D  🚀 Starting food upload to database:
2025-10-11 12:02:00.096  2749-2749  FoodActivity            com.example.nutrisaur11              D  ✅ Stored: Sinigang na Baboy in Lunch for 2025-10-11
2025-10-11 12:02:00.097  2749-7062  ApiClient               com.example.nutrisaur11              D    - User: kevinpingol123@gmail.com
2025-10-11 12:02:00.097  2749-2749  FoodActivity            com.example.nutrisaur11              D  ⏭️ Skipping: Sinigang na Baboy already exists in Lunch for 2025-10-11
2025-10-11 12:02:00.097  2749-7062  ApiClient               com.example.nutrisaur11              D    - Date: 2025-10-11
2025-10-11 12:02:00.097  2749-7062  ApiClient               com.example.nutrisaur11              D    - Meal: Lunch
2025-10-11 12:02:00.097  2749-7062  ApiClient               com.example.nutrisaur11              D    - Food: Kare-Kare
2025-10-11 12:02:00.097  2749-7062  ApiClient               com.example.nutrisaur11              D  📡 Upload URL: https://nutrisaur-production.up.railway.app/api/food_history_api.php?action=add
2025-10-11 12:02:00.097  2749-7062  ApiClient               com.example.nutrisaur11              D  📦 Upload data: {"user_email":"kevinpingol123@gmail.com","date":"2025-10-11","meal_category":"Lunch","food_name":"Kare-Kare","calories":550,"serving_size":"Generous bowl","protein":25,"carbs":30,"fat":40,"fiber":0}
2025-10-11 12:02:00.097  2749-2749  FoodActivity            com.example.nutrisaur11              D  ⏭️ Skipping: Sinigang na Baboy already exists in Lunch for 2025-10-11
2025-10-11 12:02:00.097  2749-2749  FoodActivity            com.example.nutrisaur11              D  ⏭️ Skipping: Sinigang na Baboy already exists in Lunch for 2025-10-11
2025-10-11 12:02:00.098  2749-7063  ApiClient               com.example.nutrisaur11              D  🚀 Starting food upload to database:
2025-10-11 12:02:00.098  2749-7063  ApiClient               com.example.nutrisaur11              D    - User: kevinpingol123@gmail.com
2025-10-11 12:02:00.098  2749-7063  ApiClient               com.example.nutrisaur11              D    - Date: 2025-10-11
2025-10-11 12:02:00.098  2749-7063  ApiClient               com.example.nutrisaur11              D    - Meal: Lunch
2025-10-11 12:02:00.098  2749-7063  ApiClient               com.example.nutrisaur11              D    - Food: Sinigang na Baboy
2025-10-11 12:02:00.098  2749-7063  ApiClient               com.example.nutrisaur11              D  📡 Upload URL: https://nutrisaur-production.up.railway.app/api/food_history_api.php?action=add
2025-10-11 12:02:00.098  2749-7063  ApiClient               com.example.nutrisaur11              D  📦 Upload data: {"user_email":"kevinpingol123@gmail.com","date":"2025-10-11","meal_category":"Lunch","food_name":"Sinigang na Baboy","calories":450,"serving_size":"Large bowl","protein":30,"carbs":20,"fat":25,"fiber":0}
2025-10-11 12:02:00.098  2749-2749  FoodActivity            com.example.nutrisaur11              D  ⏭️ Skipping: Sinigang na Baboy already exists in Lunch for 2025-10-11
2025-10-11 12:02:00.098  2749-2749  FoodActivity            com.example.nutrisaur11              D  ⏭️ Skipping: Sinigang na Baboy already exists in Lunch for 2025-10-11
2025-10-11 12:02:00.098  2749-2749  FoodActivity            com.example.nutrisaur11              D  ✅ Food history sync completed successfully
2025-10-11 12:02:00.098  2749-2749  FoodActivity            com.example.nutrisaur11              D  Refreshing UI after sync...
2025-10-11 12:02:00.098  2749-2749  FoodActivity            com.example.nutrisaur11              D  Refreshing meal progress on resume
2025-10-11 12:02:00.098  2749-2749  FoodActivity            com.example.nutrisaur11              D  Syncing CalorieTracker with AddedFoodManager for date: 2025-10-11
2025-10-11 12:02:00.100  2749-2749  CalorieTracker          com.example.nutrisaur11              D  Syncing with 3 added foods for date: 2025-10-11
2025-10-11 12:02:00.100  2749-2749  CalorieTracker          com.example.nutrisaur11              D    Daily foods: 3
2025-10-11 12:02:00.100  2749-2749  CalorieTracker          com.example.nutrisaur11              D  Available database fields: [birthday, is_pregnant, muac_category, notes, weight_kg, nutritional_risk, height_cm, sex, municipality, muac_cm, screening_date, bmi_category, name, barangay, email, age, bmi, status]
2025-10-11 12:02:00.100  2749-2749  CalorieTracker          com.example.nutrisaur11              D  Calculated age from birthday '2005-10-10': 20
2025-10-11 12:02:00.100  2749-2749  CalorieTracker          com.example.nutrisaur11              D  Weight field lookup - weight_kg: '50', weight: 'null', final: '50'
2025-10-11 12:02:00.100  2749-2749  CalorieTracker          com.example.nutrisaur11              D  Set weight from database: 50
2025-10-11 12:02:00.100  2749-2749  CalorieTracker          com.example.nutrisaur11              D  Height field lookup - height_cm: '171', height: 'null', final: '171'
2025-10-11 12:02:00.100  2749-2749  CalorieTracker          com.example.nutrisaur11              D  Set height from database: 171
2025-10-11 12:02:00.100  2749-2749  CalorieTracker          com.example.nutrisaur11              D  Created user profile from database data: Pingol , Kevin C. (Age: 20, Weight: 50.0, Height: 171.0, Gender: Male, Activity: Moderate)
2025-10-11 12:02:00.100  2749-2749  CalorieTracker          com.example.nutrisaur11              D  Using user profile from database data
2025-10-11 12:02:00.101  2749-2749  KcalSuggestionCache     com.example.nutrisaur11              D  User profile changed, cache invalid
2025-10-11 12:02:00.101  2749-2749  CalorieTracker          com.example.nutrisaur11              D  No valid AI cache found, using fallback calculation...
2025-10-11 12:02:00.101  2749-2749  CalorieCal...ionService com.example.nutrisaur11              D  Calculated BMR: 1473.75 for Pingol , Kevin C.
2025-10-11 12:02:00.101  2749-2749  CalorieCal...ionService com.example.nutrisaur11              D  Calculated TDEE: 2284.3125 (BMR: 1473.75 × Activity: 1.55)
2025-10-11 12:02:00.101  2749-2749  CalorieCal...ionService com.example.nutrisaur11              D  Calculated daily calorie target: 2784 (TDEE: 2284.3125 + Adjustment: 500.0)
2025-10-11 12:02:00.101  2749-2749  CalorieTracker          com.example.nutrisaur11              D  Using fallback calculation (AI will update cache): 2784
2025-10-11 12:02:00.101  2749-2749  CalorieTracker          com.example.nutrisaur11              D  Using AI-calculated daily calorie target: 2784
2025-10-11 12:02:00.101  2749-2749  CalorieCal...ionService com.example.nutrisaur11              D  Calculated meal distribution: Breakfast=696, Lunch=974, Dinner=835, Snacks=278
2025-10-11 12:02:00.101  2749-2749  CalorieTracker          com.example.nutrisaur11              D  Calculated meal distribution: Breakfast=696, Lunch=974, Dinner=835, Snacks=278
2025-10-11 12:02:00.101  2749-2749  CalorieTracker          com.example.nutrisaur11              D  Calculated meal distribution: {Breakfast=696, Dinner=835, Snacks=278, Lunch=974}
2025-10-11 12:02:00.101  2749-2749  CalorieTracker          com.example.nutrisaur11              D  Created Lunch meal with 974 max calories
2025-10-11 12:02:00.101  2749-2749  CalorieTracker          com.example.nutrisaur11              D  Added Chicken Adobo (400 cal) to Lunch for date 2025-10-11
2025-10-11 12:02:00.101  2749-2749  CalorieTracker          com.example.nutrisaur11              D  Added Kare-Kare (550 cal) to Lunch for date 2025-10-11
2025-10-11 12:02:00.101  2749-2749  CalorieTracker          com.example.nutrisaur11              D  Added Sinigang na Baboy (450 cal) to Lunch for date 2025-10-11
2025-10-11 12:02:00.102  2749-2749  CalorieTracker          com.example.nutrisaur11              D  Synced CalorieTracker with AddedFoodManager for date 2025-10-11. Total meals: 1
2025-10-11 12:02:00.102  2749-2749  CalorieTracker          com.example.nutrisaur11              D  Meal Lunch: 1400/974 kcal
2025-10-11 12:02:00.103  2749-2749  FoodActivity            com.example.nutrisaur11              D  Total eaten calories after sync: 1400
2025-10-11 12:02:00.103  2749-2749  FoodActivity            com.example.nutrisaur11              D  Updating eaten calories only (preserving daily target)
2025-10-11 12:02:00.103  2749-2749  FoodActivity            com.example.nutrisaur11              D  Total eaten calories for update: 1400
2025-10-11 12:02:00.103  2749-2749  FoodActivity            com.example.nutrisaur11              D  Using existing daily calorie target: 2784
2025-10-11 12:02:00.103  2749-2749  FoodActivity            com.example.nutrisaur11              D  Eaten Calories Only Update:
2025-10-11 12:02:00.103  2749-2749  FoodActivity            com.example.nutrisaur11              D    Total Daily Calories: 2784 (preserved)
2025-10-11 12:02:00.103  2749-2749  FoodActivity            com.example.nutrisaur11              D    Total Eaten Calories: 1400 (updated)
2025-10-11 12:02:00.103  2749-2749  FoodActivity            com.example.nutrisaur11              D    Calories Left: 1384
2025-10-11 12:02:00.103  2749-2749  FoodActivity            com.example.nutrisaur11              D    Progress Percent: 50.287354%
2025-10-11 12:02:00.104  2749-7065  NutritionService        com.example.nutrisaur11              D  Starting nutrition recommendations...
2025-10-11 12:02:00.104  2749-7065  NutritionService        com.example.nutrisaur11              D  Getting user profile from SharedPreferences...
2025-10-11 12:02:00.104  2749-7065  NutritionService        com.example.nutrisaur11              D  User data: name=, age=25, weight=70.0, height=170.0
2025-10-11 12:02:00.104  2749-7065  NutritionService        com.example.nutrisaur11              D  User profile loaded: , BMI: 24.221453287197235
2025-10-11 12:02:00.105  2749-7065  KcalSuggestionCache     com.example.nutrisaur11              D  Cached kcal suggestion is valid
2025-10-11 12:02:00.105  2749-7065  NutritionService        com.example.nutrisaur11              D  Using cached kcal suggestion - user profile unchanged
2025-10-11 12:02:00.105  2749-7065  KcalSuggestionCache     com.example.nutrisaur11              D  Successfully loaded cached kcal suggestion
2025-10-11 12:02:00.106  2749-7065  CalorieTracker          com.example.nutrisaur11              D  Background AI calculation completed: 2545
2025-10-11 12:02:00.106  2749-2749  FoodActivity            com.example.nutrisaur11              D  Updating macronutrient data directly
2025-10-11 12:02:00.110  2749-2749  FoodActivity            com.example.nutrisaur11              D  FoodActivity Available database fields: [birthday, is_pregnant, muac_category, notes, weight_kg, nutritional_risk, height_cm, sex, municipality, muac_cm, screening_date, bmi_category, name, barangay, email, age, bmi, status]
2025-10-11 12:02:00.110  2749-2749  FoodActivity            com.example.nutrisaur11              D  Calculated age from birthday '2005-10-10': 20
2025-10-11 12:02:00.110  2749-2749  FoodActivity            com.example.nutrisaur11              D  FoodActivity Weight field lookup - weight_kg: '50', weight: 'null', final: '50'
2025-10-11 12:02:00.110  2749-2749  FoodActivity            com.example.nutrisaur11              D  FoodActivity: Set weight from database: 50
2025-10-11 12:02:00.110  2749-2749  FoodActivity            com.example.nutrisaur11              D  FoodActivity Height field lookup - height_cm: '171', height: 'null', final: '171'
2025-10-11 12:02:00.110  2749-2749  FoodActivity            com.example.nutrisaur11              D  FoodActivity: Set height from database: 171
2025-10-11 12:02:00.110  2749-2749  FoodActivity            com.example.nutrisaur11              D  Created user profile from database data: Pingol , Kevin C. (Age: 20, Weight: 50.0, Height: 171.0, Gender: Male, Activity: Moderate)
2025-10-11 12:02:00.110  2749-2749  CalorieCal...ionService com.example.nutrisaur11              D  Calculated BMR: 1473.75 for Pingol , Kevin C.
2025-10-11 12:02:00.110  2749-2749  CalorieCal...ionService com.example.nutrisaur11              D  Calculated TDEE: 2284.3125 (BMR: 1473.75 × Activity: 1.55)
2025-10-11 12:02:00.110  2749-2749  CalorieCal...ionService com.example.nutrisaur11              D  Calculated daily calorie target: 2784 (TDEE: 2284.3125 + Adjustment: 500.0)
2025-10-11 12:02:00.110  2749-2749  FoodActivity            com.example.nutrisaur11              D  Calculated macro targets - Protein: 153, Carbs: 375, Fat: 74
2025-10-11 12:02:00.111  2749-2749  FoodActivity            com.example.nutrisaur11              D  Macro Update:
2025-10-11 12:02:00.111  2749-2749  FoodActivity            com.example.nutrisaur11              D    Protein: 63/153 (eaten: 90)
2025-10-11 12:02:00.111  2749-2749  FoodActivity            com.example.nutrisaur11              D    Carbs: 310/375 (eaten: 65)
2025-10-11 12:02:00.111  2749-2749  FoodActivity            com.example.nutrisaur11              D    Fat: 0/74 (eaten: 85)
2025-10-11 12:02:00.111  2749-2749  FoodActivity            com.example.nutrisaur11              D  Updating meal progress texts with direct AddedFoodManager data
2025-10-11 12:02:00.113  2749-2749  FoodActivity            com.example.nutrisaur11              D  FoodActivity Available database fields: [birthday, is_pregnant, muac_category, notes, weight_kg, nutritional_risk, height_cm, sex, municipality, muac_cm, screening_date, bmi_category, name, barangay, email, age, bmi, status]
2025-10-11 12:02:00.113  2749-2749  FoodActivity            com.example.nutrisaur11              D  Calculated age from birthday '2005-10-10': 20
2025-10-11 12:02:00.113  2749-2749  FoodActivity            com.example.nutrisaur11              D  FoodActivity Weight field lookup - weight_kg: '50', weight: 'null', final: '50'
2025-10-11 12:02:00.113  2749-2749  FoodActivity            com.example.nutrisaur11              D  FoodActivity: Set weight from database: 50
2025-10-11 12:02:00.113  2749-2749  FoodActivity            com.example.nutrisaur11              D  FoodActivity Height field lookup - height_cm: '171', height: 'null', final: '171'
2025-10-11 12:02:00.113  2749-2749  FoodActivity            com.example.nutrisaur11              D  FoodActivity: Set height from database: 171
2025-10-11 12:02:00.113  2749-2749  FoodActivity            com.example.nutrisaur11              D  Created user profile from database data: Pingol , Kevin C. (Age: 20, Weight: 50.0, Height: 171.0, Gender: Male, Activity: Moderate)
2025-10-11 12:02:00.113  2749-2749  KcalSuggestionCache     com.example.nutrisaur11              D  User profile changed, cache invalid
2025-10-11 12:02:00.113  2749-2749  FoodActivity            com.example.nutrisaur11              D  No valid AI cache found, using fallback calculation...
2025-10-11 12:02:00.113  2749-2749  CalorieCal...ionService com.example.nutrisaur11              D  Calculated BMR: 1473.75 for Pingol , Kevin C.
2025-10-11 12:02:00.113  2749-2749  CalorieCal...ionService com.example.nutrisaur11              D  Calculated TDEE: 2284.3125 (BMR: 1473.75 × Activity: 1.55)
2025-10-11 12:02:00.113  2749-2749  CalorieCal...ionService com.example.nutrisaur11              D  Calculated daily calorie target: 2784 (TDEE: 2284.3125 + Adjustment: 500.0)
2025-10-11 12:02:00.113  2749-2749  FoodActivity            com.example.nutrisaur11              D  Using fallback calculation (AI will update cache): 2784
2025-10-11 12:02:00.113  2749-2749  FoodActivity            com.example.nutrisaur11              D  Starting background AI calculation...
2025-10-11 12:02:00.114  2749-2749  FoodActivity            com.example.nutrisaur11              D  Using AI-calculated total daily calories: 2784
2025-10-11 12:02:00.114  2749-2749  FoodActivity            com.example.nutrisaur11              D  FoodActivity Available database fields: [birthday, is_pregnant, muac_category, notes, weight_kg, nutritional_risk, height_cm, sex, municipality, muac_cm, screening_date, bmi_category, name, barangay, email, age, bmi, status]
2025-10-11 12:02:00.114  2749-2749  FoodActivity            com.example.nutrisaur11              D  Calculated age from birthday '2005-10-10': 20
2025-10-11 12:02:00.114  2749-2749  FoodActivity            com.example.nutrisaur11              D  FoodActivity Weight field lookup - weight_kg: '50', weight: 'null', final: '50'
2025-10-11 12:02:00.114  2749-2749  FoodActivity            com.example.nutrisaur11              D  FoodActivity: Set weight from database: 50
2025-10-11 12:02:00.114  2749-2749  FoodActivity            com.example.nutrisaur11              D  FoodActivity Height field lookup - height_cm: '171', height: 'null', final: '171'
2025-10-11 12:02:00.114  2749-2749  FoodActivity            com.example.nutrisaur11              D  FoodActivity: Set height from database: 171
2025-10-11 12:02:00.114  2749-2749  FoodActivity            com.example.nutrisaur11              D  Created user profile from database data: Pingol , Kevin C. (Age: 20, Weight: 50.0, Height: 171.0, Gender: Male, Activity: Moderate)
2025-10-11 12:02:00.114  2749-2749  CalorieCal...ionService com.example.nutrisaur11              D  Calculated meal distribution: Breakfast=696, Lunch=974, Dinner=835, Snacks=278
2025-10-11 12:02:00.114  2749-2749  FoodActivity            com.example.nutrisaur11              D  Calculated meal distribution: Breakfast=696, Lunch=974, Dinner=835, Snacks=278
2025-10-11 12:02:00.114  2749-2749  FoodActivity            com.example.nutrisaur11              D  Direct update Breakfast: 0 / 696 kcal (from 0 foods)
2025-10-11 12:02:00.114  2749-2856  NutritionService        com.example.nutrisaur11              D  Starting nutrition recommendations...
2025-10-11 12:02:00.114  2749-2856  NutritionService        com.example.nutrisaur11              D  Getting user profile from SharedPreferences...
2025-10-11 12:02:00.114  2749-2856  NutritionService        com.example.nutrisaur11              D  User data: name=, age=25, weight=70.0, height=170.0
2025-10-11 12:02:00.114  2749-2856  NutritionService        com.example.nutrisaur11              D  User profile loaded: , BMI: 24.221453287197235
2025-10-11 12:02:00.114  2749-2749  FoodActivity            com.example.nutrisaur11              D  Set breakfast progress text to: 0 / 696 kcal
