2025-10-11 11:47:55.252  2749-3890  ApiClient               com.example.nutrisaur11              D  Download food history response: {"success":true,"data":[{"id":52,"user_email":"kevinpingol123@gmail.com","date":"2025-10-11","meal_category":"Breakfast","food_name":"Arroz Caldo","calories":450,"serving_size":"Generous bowl","protein":"20.00","carbs":"60.00","fat":"15.00","fiber":"0.00","created_at":"2025-10-11 00:44:44","is_flagged":0,"is_day_flagged":0,"mho_comment":null,"flagged_by":null,"flagged_at":null},{"id":55,"user_email":"kevinpingol123@gmail.com","date":"2025-10-11","meal_category":"Breakfast","food_name":"Arroz Caldo","calories":450,"serving_size":"Generous bowl","protein":"20.00","carbs":"60.00","fat":"15.00","fiber":"0.00","created_at":"2025-10-11 00:44:47","is_flagged":0,"is_day_flagged":0,"mho_comment":null,"flagged_by":null,"flagged_at":null},{"id":58,"user_email":"kevinpingol123@gmail.com","date":"2025-10-11","meal_category":"Breakfast","food_name":"Arroz Caldo","calories":450,"serving_size":"Generous bowl","protein":"20.00","carbs":"60.00","fat":"15.00","fiber":"0.00","created_at":"2025-10-11 00:44:53","is_flagged":0,"is_day_flagged":0,"mho_comment":null,"flagged_by":null,"flagged_at":null},{"id":59,"user_email":"kevinpingol123@gmail.com","date":"2025-10-11","meal_category":"Breakfast","food_name":"Arroz Caldo","calories":450,"serving_size":"Generous bowl","protein":"20.00","carbs":"60.00","fat":"15.00","fiber":"0.00","created_at":"2025-10-11 00:44:53","is_flagged":0,"is_day_flagged":0,"mho_comment":null,"flagged_by":null,"flagged_at":null},{"id":64,"user_email":"kevinpingol123@gmail.com","date":"2025-10-11","meal_category":"Breakfast","food_name":"Arroz Caldo","calories":450,"serving_size":"Generous bowl","protein":"20.00","carbs":"60.00","fat":"15.00","fiber":"0.00","created_at":"2025-10-11 00:44:57","is_flagged":0,"is_day_flagged":0,"mho_comment":null,"flagged_by":null,"flagged_at":null},{"id":65,"user_email":"kevinpingol123@gmail.com","date":"2025-10-11","meal_category":"Breakfast","food_name":"Arroz Caldo","calories":450,"serving_size":"Generous bowl","protein":"20.00","carbs":"60.00","fat":"15.00","fiber":"0.00","created_at":"2025-10-11 00:44:57","is_flagged":0,"is_day_flagged":0,"mho_comment":null,"flagged_by":null,"flagged_at":null},{"id":66,"user_email":"kevinpingol123@gmail.com","date":"2025-10-11","meal_category":"Breakfast","food_name":"Arroz Caldo","calories":450,"serving_size":"Generous bowl","protein":"20.00","carbs":"60.00","fat":"15.00","fiber":"0.00","created_at":"2025-10-11 00:44:57","is_flagged":0,"is_day_flagged":0,"mho_comment":null,"flagged_by":null,"flagged_at":null},{"id":67,"user_email":"kevinpingol123@gmail.com","date":"2025-10-11","meal_category":"Breakfast","food_name":"Arroz Caldo","calories":450,"serving_size":"Generous bowl","protein":"20.00","carbs":"60.00","fat":"15.00","fiber":"0.00","created_at":"2025-10-11 00:44:57","is_flagged":0,"is_day_flagged":0,"mho_comment":null,"flagged_by":null,"flagged_at":null},{"id":76,"user_email":"kevinpingol123@gmail.com","date":"2025-10-11","meal_category":"Breakfast","food_name":"Arroz Caldo","calories":450,"serving_size":"Generous bowl","protein":"20.00","carbs":"60.00","fat":"15.00","fiber":"0.00","created_at":"2025-10-11 00:45:12","is_flagged":0,"is_day_flagged":0,"mho_comment":null,"flagged_by":null,"flagged_at":null},{"id":77,"user_email":"kevinpingol123@gmail.com","date":"2025-10-11","meal_category":"Breakfast","food_name":"Arroz Caldo","calories":450,"serving_size":"Generous bowl","protein":"20.00","carbs":"60.00","fat":"15.00","fiber":"0.00","created_at":"2025-10-11 00:45:12","is_flagged":0,"is_day_flagged":0,"mho_comment":null,"flagged_by":null,"flagged_at":null},{"id":78,"user_email":"kevinpingol123@gmail.com","date":"2025-10-11","meal_category":"Breakfast","food_name":"Arroz Caldo","calories":450,"serving_size":"Generous bowl","protein":"20.00","carbs":"60.00","fat":"15.00","fiber":"0.00","created_at":"2025-10-11 00:45:12","is_flagged":0,"is_day_flagged":0,"mho_comment":null,"flagged_by":null,"flagged_at":null},{"id":79,"user_email":"kevinpingol123@gmail.com","date":"2025-10-11","mea
2025-10-11 11:47:55.252  2749-2856  KcalSuggestionCache     com.example.nutrisaur11              D  Successfully cached kcal suggestion for user profile hash: 1159270992
2025-10-11 11:47:55.253  2749-2856  NutritionService        com.example.nutrisaur11              D  Cached new kcal suggestion for updated user profile
2025-10-11 11:47:55.265  2749-2749  FoodActivity            com.example.nutrisaur11              D  Download successful, parsing response...
2025-10-11 11:47:55.265  2749-2749  FoodActivity            com.example.nutrisaur11              D  === PARSING FOOD HISTORY ===
2025-10-11 11:47:55.266  2749-2749  FoodActivity            com.example.nutrisaur11              D  JSON Response: {"success":true,"data":[{"id":52,"user_email":"kevinpingol123@gmail.com","date":"2025-10-11","meal_category":"Breakfast","food_name":"Arroz Caldo","calories":450,"serving_size":"Generous bowl","protein":"20.00","carbs":"60.00","fat":"15.00","fiber":"0.00","created_at":"2025-10-11 00:44:44","is_flagged":0,"is_day_flagged":0,"mho_comment":null,"flagged_by":null,"flagged_at":null},{"id":55,"user_email":"kevinpingol123@gmail.com","date":"2025-10-11","meal_category":"Breakfast","food_name":"Arroz Caldo","calories":450,"serving_size":"Generous bowl","protein":"20.00","carbs":"60.00","fat":"15.00","fiber":"0.00","created_at":"2025-10-11 00:44:47","is_flagged":0,"is_day_flagged":0,"mho_comment":null,"flagged_by":null,"flagged_at":null},{"id":58,"user_email":"kevinpingol123@gmail.com","date":"2025-10-11","meal_category":"Breakfast","food_name":"Arroz Caldo","calories":450,"serving_size":"Generous bowl","protein":"20.00","carbs":"60.00","fat":"15.00","fiber":"0.00","created_at":"2025-10-11 00:44:53","is_flagged":0,"is_day_flagged":0,"mho_comment":null,"flagged_by":null,"flagged_at":null},{"id":59,"user_email":"kevinpingol123@gmail.com","date":"2025-10-11","meal_category":"Breakfast","food_name":"Arroz Caldo","calories":450,"serving_size":"Generous bowl","protein":"20.00","carbs":"60.00","fat":"15.00","fiber":"0.00","created_at":"2025-10-11 00:44:53","is_flagged":0,"is_day_flagged":0,"mho_comment":null,"flagged_by":null,"flagged_at":null},{"id":64,"user_email":"kevinpingol123@gmail.com","date":"2025-10-11","meal_category":"Breakfast","food_name":"Arroz Caldo","calories":450,"serving_size":"Generous bowl","protein":"20.00","carbs":"60.00","fat":"15.00","fiber":"0.00","created_at":"2025-10-11 00:44:57","is_flagged":0,"is_day_flagged":0,"mho_comment":null,"flagged_by":null,"flagged_at":null},{"id":65,"user_email":"kevinpingol123@gmail.com","date":"2025-10-11","meal_category":"Breakfast","food_name":"Arroz Caldo","calories":450,"serving_size":"Generous bowl","protein":"20.00","carbs":"60.00","fat":"15.00","fiber":"0.00","created_at":"2025-10-11 00:44:57","is_flagged":0,"is_day_flagged":0,"mho_comment":null,"flagged_by":null,"flagged_at":null},{"id":66,"user_email":"kevinpingol123@gmail.com","date":"2025-10-11","meal_category":"Breakfast","food_name":"Arroz Caldo","calories":450,"serving_size":"Generous bowl","protein":"20.00","carbs":"60.00","fat":"15.00","fiber":"0.00","created_at":"2025-10-11 00:44:57","is_flagged":0,"is_day_flagged":0,"mho_comment":null,"flagged_by":null,"flagged_at":null},{"id":67,"user_email":"kevinpingol123@gmail.com","date":"2025-10-11","meal_category":"Breakfast","food_name":"Arroz Caldo","calories":450,"serving_size":"Generous bowl","protein":"20.00","carbs":"60.00","fat":"15.00","fiber":"0.00","created_at":"2025-10-11 00:44:57","is_flagged":0,"is_day_flagged":0,"mho_comment":null,"flagged_by":null,"flagged_at":null},{"id":76,"user_email":"kevinpingol123@gmail.com","date":"2025-10-11","meal_category":"Breakfast","food_name":"Arroz Caldo","calories":450,"serving_size":"Generous bowl","protein":"20.00","carbs":"60.00","fat":"15.00","fiber":"0.00","created_at":"2025-10-11 00:45:12","is_flagged":0,"is_day_flagged":0,"mho_comment":null,"flagged_by":null,"flagged_at":null},{"id":77,"user_email":"kevinpingol123@gmail.com","date":"2025-10-11","meal_category":"Breakfast","food_name":"Arroz Caldo","calories":450,"serving_size":"Generous bowl","protein":"20.00","carbs":"60.00","fat":"15.00","fiber":"0.00","created_at":"2025-10-11 00:45:12","is_flagged":0,"is_day_flagged":0,"mho_comment":null,"flagged_by":null,"flagged_at":null},{"id":78,"user_email":"kevinpingol123@gmail.com","date":"2025-10-11","meal_category":"Breakfast","food_name":"Arroz Caldo","calories":450,"serving_size":"Generous bowl","protein":"20.00","carbs":"60.00","fat":"15.00","fiber":"0.00","created_at":"2025-10-11 00:45:12","is_flagged":0,"is_day_flagged":0,"mho_comment":null,"flagged_by":null,"flagged_at":null},{"id":79,"user_email":"kevinpingol123@gmail.com","date":"2025-10-11","meal_category":"B
2025-10-11 11:47:55.278  2749-2763  OpenGLRenderer          com.example.nutrisaur11              I  Davey! duration=9223304363111ms; Flags=0, FrameTimelineVsyncId=3468900, IntendedVsync=67673743003397, Vsync=67673743003397, InputEventId=0, HandleInputStart=67673744016264, AnimationStart=67673744024494, PerformTraversalsStart=67673744028869, DrawStart=67673744320119, FrameDeadline=67673776336729, FrameInterval=67673743971837, FrameStartTime=16666666, SyncQueued=67673745203348, SyncStart=67673745561473, IssueDrawCommandsStart=67673746722567, SwapBuffers=67673752753348, FrameCompleted=9223372036854775807, DequeueBufferDuration=65677, QueueBufferDuration=1929218, GpuCompleted=9223372036854775807, SwapBuffersCompleted=67673755870692, DisplayPresentTime=0, 
2025-10-11 11:47:55.288  2749-2749  FoodActivity            com.example.nutrisaur11              D  Parsing 114 food items from server
2025-10-11 11:47:55.296  2749-2749  FoodActivity            com.example.nutrisaur11              D  === STORING FOOD DATA IN LOCAL STORAGE ===
2025-10-11 11:47:55.297  2749-2749  FoodActivity            com.example.nutrisaur11              D  Storing 1 dates of food data for user: kevinpingol123@gmail.com
2025-10-11 11:47:55.300  2749-2749  FoodActivity            com.example.nutrisaur11              D  Date 2025-10-11 has 3 meal categories
2025-10-11 11:47:55.300  2749-2749  FoodActivity            com.example.nutrisaur11              D    Breakfast: 102 foods
2025-10-11 11:47:55.305  2749-2749  FoodActivity            com.example.nutrisaur11              D  About to store: Arroz Caldo in Breakfast for 2025-10-11
2025-10-11 11:47:55.306  2749-2749  AddedFoodManager        com.example.nutrisaur11              D  🎯 addFoodToMealTime called: Arroz Caldo -> Breakfast on 2025-10-11
2025-10-11 11:47:55.312  2749-2749  AddedFoodManager        com.example.nutrisaur11              D  Added Arroz Caldo to Breakfast on 2025-10-11 (using single storage system)
2025-10-11 11:47:55.312  2749-2749  AddedFoodManager        com.example.nutrisaur11              D  Retrieved user email: 'kevinpingol123@gmail.com'
2025-10-11 11:47:55.312  2749-2749  AddedFoodManager        com.example.nutrisaur11              D  🔍 Attempting to store food in database:
2025-10-11 11:47:55.312  2749-2749  AddedFoodManager        com.example.nutrisaur11              D    - User Email: kevinpingol123@gmail.com
2025-10-11 11:47:55.312  2749-2749  AddedFoodManager        com.example.nutrisaur11              D    - Date: 2025-10-11
2025-10-11 11:47:55.312  2749-2749  AddedFoodManager        com.example.nutrisaur11              D    - Meal: Breakfast
2025-10-11 11:47:55.312  2749-2749  AddedFoodManager        com.example.nutrisaur11              D    - Food: Arroz Caldo
2025-10-11 11:47:55.313  2749-2749  FoodActivity            com.example.nutrisaur11              D  ✅ Stored: Arroz Caldo in Breakfast for 2025-10-11
2025-10-11 11:47:55.313  2749-3892  ApiClient               com.example.nutrisaur11              D  🚀 Starting food upload to database:
2025-10-11 11:47:55.313  2749-2749  FoodActivity            com.example.nutrisaur11              D  ⏭️ Skipping: Arroz Caldo already exists in Breakfast for 2025-10-11
2025-10-11 11:47:55.313  2749-3892  ApiClient               com.example.nutrisaur11              D    - User: kevinpingol123@gmail.com
2025-10-11 11:47:55.313  2749-3892  ApiClient               com.example.nutrisaur11              D    - Date: 2025-10-11
2025-10-11 11:47:55.313  2749-3892  ApiClient               com.example.nutrisaur11              D    - Meal: Breakfast
2025-10-11 11:47:55.314  2749-3892  ApiClient               com.example.nutrisaur11              D    - Food: Arroz Caldo
2025-10-11 11:47:55.314  2749-2749  FoodActivity            com.example.nutrisaur11              D  ⏭️ Skipping: Arroz Caldo already exists in Breakfast for 2025-10-11
2025-10-11 11:47:55.314  2749-3892  ApiClient               com.example.nutrisaur11              D  📡 Upload URL: https://nutrisaur-production.up.railway.app/api/food_history_api.php?action=add
2025-10-11 11:47:55.314  2749-2749  FoodActivity            com.example.nutrisaur11              D  ⏭️ Skipping: Arroz Caldo already exists in Breakfast for 2025-10-11
2025-10-11 11:47:55.314  2749-3892  ApiClient               com.example.nutrisaur11              D  📦 Upload data: {"user_email":"kevinpingol123@gmail.com","date":"2025-10-11","meal_category":"Breakfast","food_name":"Arroz Caldo","calories":450,"serving_size":"Generous bowl","protein":20,"carbs":60,"fat":15,"fiber":0}
2025-10-11 11:47:55.314  2749-2749  FoodActivity            com.example.nutrisaur11              D  ⏭️ Skipping: Arroz Caldo already exists in Breakfast for 2025-10-11
2025-10-11 11:47:55.315  2749-2749  FoodActivity            com.example.nutrisaur11              D  ⏭️ Skipping: Arroz Caldo already exists in Breakfast for 2025-10-11
2025-10-11 11:47:55.315  2749-2749  FoodActivity            com.example.nutrisaur11              D  ⏭️ Skipping: Arroz Caldo already exists in Breakfast for 2025-10-11
2025-10-11 11:47:55.315  2749-2749  FoodActivity            com.example.nutrisaur11              D  ⏭️ Skipping: Arroz Caldo already exists in Breakfast for 2025-10-11
2025-10-11 11:47:55.316  2749-2749  FoodActivity            com.example.nutrisaur11              D  ⏭️ Skipping: Arroz Caldo already exists in Breakfast for 2025-10-11
2025-10-11 11:47:55.316  2749-2749  FoodActivity            com.example.nutrisaur11              D  ⏭️ Skipping: Arroz Caldo already exists in Breakfast for 2025-10-11
2025-10-11 11:47:55.316  2749-2749  FoodActivity            com.example.nutrisaur11              D  ⏭️ Skipping: Arroz Caldo already exists in Breakfast for 2025-10-11
2025-10-11 11:47:55.317  2749-2749  FoodActivity            com.example.nutrisaur11              D  ⏭️ Skipping: Arroz Caldo already exists in Breakfast for 2025-10-11
2025-10-11 11:47:55.317  2749-2749  FoodActivity            com.example.nutrisaur11              D  ⏭️ Skipping: Arroz Caldo already exists in Breakfast for 2025-10-11
2025-10-11 11:47:55.317  2749-2749  FoodActivity            com.example.nutrisaur11              D  ⏭️ Skipping: Arroz Caldo already exists in Breakfast for 2025-10-11
2025-10-11 11:47:55.318  2749-2749  FoodActivity            com.example.nutrisaur11              D  ⏭️ Skipping: Arroz Caldo already exists in Breakfast for 2025-10-11
2025-10-11 11:47:55.318  2749-2749  FoodActivity            com.example.nutrisaur11              D  ⏭️ Skipping: Arroz Caldo already exists in Breakfast for 2025-10-11
2025-10-11 11:47:55.318  2749-2749  FoodActivity            com.example.nutrisaur11              D  ⏭️ Skipping: Arroz Caldo already exists in Breakfast for 2025-10-11
2025-10-11 11:47:55.319  2749-2749  FoodActivity            com.example.nutrisaur11              D  ⏭️ Skipping: Arroz Caldo already exists in Breakfast for 2025-10-11
2025-10-11 11:47:55.319  2749-2749  FoodActivity            com.example.nutrisaur11              D  ⏭️ Skipping: Arroz Caldo already exists in Breakfast for 2025-10-11
2025-10-11 11:47:55.319  2749-2749  FoodActivity            com.example.nutrisaur11              D  ⏭️ Skipping: Arroz Caldo already exists in Breakfast for 2025-10-11
2025-10-11 11:47:55.320  2749-2749  FoodActivity            com.example.nutrisaur11              D  ⏭️ Skipping: Arroz Caldo already exists in Breakfast for 2025-10-11
2025-10-11 11:47:55.320  2749-2749  FoodActivity            com.example.nutrisaur11              D  ⏭️ Skipping: Arroz Caldo already exists in Breakfast for 2025-10-11
2025-10-11 11:47:55.320  2749-2749  FoodActivity            com.example.nutrisaur11              D  ⏭️ Skipping: Arroz Caldo already exists in Breakfast for 2025-10-11
2025-10-11 11:47:55.321  2749-2749  FoodActivity            com.example.nutrisaur11              D  ⏭️ Skipping: Arroz Caldo already exists in Breakfast for 2025-10-11
2025-10-11 11:47:55.321  2749-2749  FoodActivity            com.example.nutrisaur11              D  ⏭️ Skipping: Arroz Caldo already exists in Breakfast for 2025-10-11
2025-10-11 11:47:55.322  2749-2749  FoodActivity            com.example.nutrisaur11              D  ⏭️ Skipping: Arroz Caldo already exists in Breakfast for 2025-10-11
2025-10-11 11:47:55.322  2749-2749  FoodActivity            com.example.nutrisaur11              D  ⏭️ Skipping: Arroz Caldo already exists in Breakfast for 2025-10-11
2025-10-11 11:47:55.322  2749-2749  FoodActivity            com.example.nutrisaur11              D  ⏭️ Skipping: Arroz Caldo already exists in Breakfast for 2025-10-11
2025-10-11 11:47:55.323  2749-2749  FoodActivity            com.example.nutrisaur11              D  ⏭️ Skipping: Arroz Caldo already exists in Breakfast for 2025-10-11
2025-10-11 11:47:55.323  2749-2749  FoodActivity            com.example.nutrisaur11              D  ⏭️ Skipping: Arroz Caldo already exists in Breakfast for 2025-10-11
2025-10-11 11:47:55.323  2749-2749  FoodActivity            com.example.nutrisaur11              D  ⏭️ Skipping: Arroz Caldo already exists in Breakfast for 2025-10-11
2025-10-11 11:47:55.324  2749-2749  FoodActivity            com.example.nutrisaur11              D  ⏭️ Skipping: Arroz Caldo already exists in Breakfast for 2025-10-11
2025-10-11 11:47:55.324  2749-2749  FoodActivity            com.example.nutrisaur11              D  ⏭️ Skipping: Arroz Caldo already exists in Breakfast for 2025-10-11
2025-10-11 11:47:55.325  2749-2749  FoodActivity            com.example.nutrisaur11              D  ⏭️ Skipping: Arroz Caldo already exists in Breakfast for 2025-10-11
2025-10-11 11:47:55.325  2749-2749  FoodActivity            com.example.nutrisaur11              D  About to store: Longsilog in Breakfast for 2025-10-11
2025-10-11 11:47:55.325  2749-2749  AddedFoodManager        com.example.nutrisaur11              D  🎯 addFoodToMealTime called: Longsilog -> Breakfast on 2025-10-11
2025-10-11 11:47:55.327  2749-2749  AddedFoodManager        com.example.nutrisaur11              D  Added Longsilog to Breakfast on 2025-10-11 (using single storage system)
2025-10-11 11:47:55.327  2749-2749  AddedFoodManager        com.example.nutrisaur11              D  Retrieved user email: 'kevinpingol123@gmail.com'
2025-10-11 11:47:55.327  2749-2749  AddedFoodManager        com.example.nutrisaur11              D  🔍 Attempting to store food in database:
2025-10-11 11:47:55.327  2749-2749  AddedFoodManager        com.example.nutrisaur11              D    - User Email: kevinpingol123@gmail.com
2025-10-11 11:47:55.327  2749-2749  AddedFoodManager        com.example.nutrisaur11              D    - Date: 2025-10-11
2025-10-11 11:47:55.327  2749-2749  AddedFoodManager        com.example.nutrisaur11              D    - Meal: Breakfast
2025-10-11 11:47:55.327  2749-2749  AddedFoodManager        com.example.nutrisaur11              D    - Food: Longsilog
2025-10-11 11:47:55.327  2749-2749  FoodActivity            com.example.nutrisaur11              D  ✅ Stored: Longsilog in Breakfast for 2025-10-11
2025-10-11 11:47:55.328  2749-2749  FoodActivity            com.example.nutrisaur11              D  ⏭️ Skipping: Longsilog already exists in Breakfast for 2025-10-11
2025-10-11 11:47:55.328  2749-3918  ApiClient               com.example.nutrisaur11              D  🚀 Starting food upload to database:
2025-10-11 11:47:55.328  2749-3918  ApiClient               com.example.nutrisaur11              D    - User: kevinpingol123@gmail.com
2025-10-11 11:47:55.328  2749-3918  ApiClient               com.example.nutrisaur11              D    - Date: 2025-10-11
2025-10-11 11:47:55.328  2749-3918  ApiClient               com.example.nutrisaur11              D    - Meal: Breakfast
2025-10-11 11:47:55.328  2749-3918  ApiClient               com.example.nutrisaur11              D    - Food: Longsilog
2025-10-11 11:47:55.328  2749-3918  ApiClient               com.example.nutrisaur11              D  📡 Upload URL: https://nutrisaur-production.up.railway.app/api/food_history_api.php?action=add
2025-10-11 11:47:55.328  2749-3918  ApiClient               com.example.nutrisaur11              D  📦 Upload data: {"user_email":"kevinpingol123@gmail.com","date":"2025-10-11","meal_category":"Breakfast","food_name":"Longsilog","calories":550,"serving_size":"Large plate with extra rice","protein":25,"carbs":50,"fat":25,"fiber":0}
2025-10-11 11:47:55.328  2749-2749  FoodActivity            com.example.nutrisaur11              D  ⏭️ Skipping: Longsilog already exists in Breakfast for 2025-10-11
2025-10-11 11:47:55.329  2749-2749  FoodActivity            com.example.nutrisaur11              D  ⏭️ Skipping: Longsilog already exists in Breakfast for 2025-10-11
2025-10-11 11:47:55.329  2749-2749  FoodActivity            com.example.nutrisaur11              D  ⏭️ Skipping: Longsilog already exists in Breakfast for 2025-10-11
2025-10-11 11:47:55.330  2749-2749  FoodActivity            com.example.nutrisaur11              D  ⏭️ Skipping: Longsilog already exists in Breakfast for 2025-10-11
2025-10-11 11:47:55.330  2749-2749  FoodActivity            com.example.nutrisaur11              D  ⏭️ Skipping: Longsilog already exists in Breakfast for 2025-10-11
2025-10-11 11:47:55.331  2749-2749  FoodActivity            com.example.nutrisaur11              D  ⏭️ Skipping: Longsilog already exists in Breakfast for 2025-10-11
2025-10-11 11:47:55.331  2749-2749  FoodActivity            com.example.nutrisaur11              D  ⏭️ Skipping: Longsilog already exists in Breakfast for 2025-10-11
2025-10-11 11:47:55.331  2749-2749  FoodActivity            com.example.nutrisaur11              D  ⏭️ Skipping: Longsilog already exists in Breakfast for 2025-10-11
2025-10-11 11:47:55.332  2749-2749  FoodActivity            com.example.nutrisaur11              D  ⏭️ Skipping: Longsilog already exists in Breakfast for 2025-10-11
2025-10-11 11:47:55.332  2749-2749  FoodActivity            com.example.nutrisaur11              D  ⏭️ Skipping: Longsilog already exists in Breakfast for 2025-10-11
2025-10-11 11:47:55.332  2749-2749  FoodActivity            com.example.nutrisaur11              D  ⏭️ Skipping: Longsilog already exists in Breakfast for 2025-10-11
2025-10-11 11:47:55.333  2749-2749  FoodActivity            com.example.nutrisaur11              D  ⏭️ Skipping: Longsilog already exists in Breakfast for 2025-10-11
2025-10-11 11:47:55.333  2749-2749  FoodActivity            com.example.nutrisaur11              D  ⏭️ Skipping: Longsilog already exists in Breakfast for 2025-10-11
2025-10-11 11:47:55.333  2749-2749  FoodActivity            com.example.nutrisaur11              D  ⏭️ Skipping: Longsilog already exists in Breakfast for 2025-10-11
2025-10-11 11:47:55.334  2749-2749  FoodActivity            com.example.nutrisaur11              D  ⏭️ Skipping: Longsilog already exists in Breakfast for 2025-10-11
2025-10-11 11:47:55.334  2749-2749  FoodActivity            com.example.nutrisaur11              D  ⏭️ Skipping: Longsilog already exists in Breakfast for 2025-10-11
2025-10-11 11:47:55.334  2749-2749  FoodActivity            com.example.nutrisaur11              D  ⏭️ Skipping: Longsilog already exists in Breakfast for 2025-10-11
2025-10-11 11:47:55.335  2749-2749  FoodActivity            com.example.nutrisaur11              D  ⏭️ Skipping: Longsilog already exists in Breakfast for 2025-10-11
2025-10-11 11:47:55.335  2749-2749  FoodActivity            com.example.nutrisaur11              D  ⏭️ Skipping: Longsilog already exists in Breakfast for 2025-10-11
2025-10-11 11:47:55.335  2749-2749  FoodActivity            com.example.nutrisaur11              D  ⏭️ Skipping: Longsilog already exists in Breakfast for 2025-10-11
2025-10-11 11:47:55.336  2749-2749  FoodActivity            com.example.nutrisaur11              D  ⏭️ Skipping: Longsilog already exists in Breakfast for 2025-10-11
2025-10-11 11:47:55.336  2749-2749  FoodActivity            com.example.nutrisaur11              D  ⏭️ Skipping: Longsilog already exists in Breakfast for 2025-10-11
2025-10-11 11:47:55.336  2749-2749  FoodActivity            com.example.nutrisaur11              D  ⏭️ Skipping: Longsilog already exists in Breakfast for 2025-10-11
2025-10-11 11:47:55.337  2749-2749  FoodActivity            com.example.nutrisaur11              D  ⏭️ Skipping: Longsilog already exists in Breakfast for 2025-10-11
2025-10-11 11:47:55.337  2749-2749  FoodActivity            com.example.nutrisaur11              D  ⏭️ Skipping: Longsilog already exists in Breakfast for 2025-10-11
2025-10-11 11:47:55.337  2749-2749  FoodActivity            com.example.nutrisaur11              D  ⏭️ Skipping: Longsilog already exists in Breakfast for 2025-10-11
2025-10-11 11:47:55.338  2749-2749  FoodActivity            com.example.nutrisaur11              D  ⏭️ Skipping: Longsilog already exists in Breakfast for 2025-10-11
2025-10-11 11:47:55.338  2749-2749  FoodActivity            com.example.nutrisaur11              D  ⏭️ Skipping: Longsilog already exists in Breakfast for 2025-10-11
2025-10-11 11:47:55.339  2749-2749  FoodActivity            com.example.nutrisaur11              D  ⏭️ Skipping: Longsilog already exists in Breakfast for 2025-10-11
2025-10-11 11:47:55.339  2749-2749  FoodActivity            com.example.nutrisaur11              D  ⏭️ Skipping: Longsilog already exists in Breakfast for 2025-10-11
2025-10-11 11:47:55.339  2749-2749  FoodActivity            com.example.nutrisaur11              D  ⏭️ Skipping: Longsilog already exists in Breakfast for 2025-10-11
2025-10-11 11:47:55.340  2749-2749  FoodActivity            com.example.nutrisaur11              D  ⏭️ Skipping: Longsilog already exists in Breakfast for 2025-10-11
2025-10-11 11:47:55.340  2749-2749  FoodActivity            com.example.nutrisaur11              D  About to store: Tapsilog in Breakfast for 2025-10-11
2025-10-11 11:47:55.340  2749-2749  AddedFoodManager        com.example.nutrisaur11              D  🎯 addFoodToMealTime called: Tapsilog -> Breakfast on 2025-10-11
2025-10-11 11:47:55.343  2749-2749  AddedFoodManager        com.example.nutrisaur11              D  Added Tapsilog to Breakfast on 2025-10-11 (using single storage system)
2025-10-11 11:47:55.343  2749-2749  AddedFoodManager        com.example.nutrisaur11              D  Retrieved user email: 'kevinpingol123@gmail.com'
2025-10-11 11:47:55.343  2749-2749  AddedFoodManager        com.example.nutrisaur11              D  🔍 Attempting to store food in database:
2025-10-11 11:47:55.343  2749-2749  AddedFoodManager        com.example.nutrisaur11              D    - User Email: kevinpingol123@gmail.com
2025-10-11 11:47:55.343  2749-2749  AddedFoodManager        com.example.nutrisaur11              D    - Date: 2025-10-11
2025-10-11 11:47:55.343  2749-2749  AddedFoodManager        com.example.nutrisaur11              D    - Meal: Breakfast
2025-10-11 11:47:55.343  2749-2749  AddedFoodManager        com.example.nutrisaur11              D    - Food: Tapsilog
2025-10-11 11:47:55.344  2749-2749  FoodActivity            com.example.nutrisaur11              D  ✅ Stored: Tapsilog in Breakfast for 2025-10-11
2025-10-11 11:47:55.344  2749-2749  FoodActivity            com.example.nutrisaur11              D  ⏭️ Skipping: Tapsilog already exists in Breakfast for 2025-10-11
2025-10-11 11:47:55.345  2749-2749  FoodActivity            com.example.nutrisaur11              D  ⏭️ Skipping: Tapsilog already exists in Breakfast for 2025-10-11
2025-10-11 11:47:55.346  2749-2749  FoodActivity            com.example.nutrisaur11              D  ⏭️ Skipping: Tapsilog already exists in Breakfast for 2025-10-11
2025-10-11 11:47:55.346  2749-2749  FoodActivity            com.example.nutrisaur11              D  ⏭️ Skipping: Tapsilog already exists in Breakfast for 2025-10-11
2025-10-11 11:47:55.346  2749-2749  FoodActivity            com.example.nutrisaur11              D  ⏭️ Skipping: Tapsilog already exists in Breakfast for 2025-10-11
2025-10-11 11:47:55.347  2749-2749  FoodActivity            com.example.nutrisaur11              D  ⏭️ Skipping: Tapsilog already exists in Breakfast for 2025-10-11
2025-10-11 11:47:55.347  2749-2749  FoodActivity            com.example.nutrisaur11              D  ⏭️ Skipping: Tapsilog already exists in Breakfast for 2025-10-11
2025-10-11 11:47:55.348  2749-2749  FoodActivity            com.example.nutrisaur11              D  ⏭️ Skipping: Tapsilog already exists in Breakfast for 2025-10-11
2025-10-11 11:47:55.348  2749-2749  FoodActivity            com.example.nutrisaur11              D  ⏭️ Skipping: Tapsilog already exists in Breakfast for 2025-10-11
2025-10-11 11:47:55.349  2749-3920  ApiClient               com.example.nutrisaur11              D  🚀 Starting food upload to database:
2025-10-11 11:47:55.349  2749-3920  ApiClient               com.example.nutrisaur11              D    - User: kevinpingol123@gmail.com
2025-10-11 11:47:55.349  2749-3920  ApiClient               com.example.nutrisaur11              D    - Date: 2025-10-11
2025-10-11 11:47:55.349  2749-3920  ApiClient               com.example.nutrisaur11              D    - Meal: Breakfast
2025-10-11 11:47:55.349  2749-3920  ApiClient               com.example.nutrisaur11              D    - Food: Tapsilog
2025-10-11 11:47:55.349  2749-3920  ApiClient               com.example.nutrisaur11              D  📡 Upload URL: https://nutrisaur-production.up.railway.app/api/food_history_api.php?action=add
2025-10-11 11:47:55.349  2749-3920  ApiClient               com.example.nutrisaur11              D  📦 Upload data: {"user_email":"kevinpingol123@gmail.com","date":"2025-10-11","meal_category":"Breakfast","food_name":"Tapsilog","calories":600,"serving_size":"Large plate with extra rice","protein":35,"carbs":40,"fat":30,"fiber":0}
2025-10-11 11:47:55.350  2749-2749  FoodActivity            com.example.nutrisaur11              D  ⏭️ Skipping: Tapsilog already exists in Breakfast for 2025-10-11
2025-10-11 11:47:55.351  2749-2749  FoodActivity            com.example.nutrisaur11              D  ⏭️ Skipping: Tapsilog already exists in Breakfast for 2025-10-11
2025-10-11 11:47:55.351  2749-2749  FoodActivity            com.example.nutrisaur11              D  ⏭️ Skipping: Tapsilog already exists in Breakfast for 2025-10-11
2025-10-11 11:47:55.352  2749-2749  FoodActivity            com.example.nutrisaur11              D  ⏭️ Skipping: Tapsilog already exists in Breakfast for 2025-10-11
2025-10-11 11:47:55.352  2749-2749  FoodActivity            com.example.nutrisaur11              D  ⏭️ Skipping: Tapsilog already exists in Breakfast for 2025-10-11
2025-10-11 11:47:55.352  2749-2749  FoodActivity            com.example.nutrisaur11              D  ⏭️ Skipping: Tapsilog already exists in Breakfast for 2025-10-11
2025-10-11 11:47:55.353  2749-2749  FoodActivity            com.example.nutrisaur11              D  ⏭️ Skipping: Tapsilog already exists in Breakfast for 2025-10-11
2025-10-11 11:47:55.354  2749-2749  FoodActivity            com.example.nutrisaur11              D  ⏭️ Skipping: Tapsilog already exists in Breakfast for 2025-10-11
2025-10-11 11:47:55.354  2749-2749  FoodActivity            com.example.nutrisaur11              D  ⏭️ Skipping: Tapsilog already exists in Breakfast for 2025-10-11
2025-10-11 11:47:55.355  2749-2749  FoodActivity            com.example.nutrisaur11              D  ⏭️ Skipping: Tapsilog already exists in Breakfast for 2025-10-11
2025-10-11 11:47:55.355  2749-2749  FoodActivity            com.example.nutrisaur11              D  ⏭️ Skipping: Tapsilog already exists in Breakfast for 2025-10-11
2025-10-11 11:47:55.356  2749-2749  FoodActivity            com.example.nutrisaur11              D  ⏭️ Skipping: Tapsilog already exists in Breakfast for 2025-10-11
2025-10-11 11:47:55.356  2749-2749  FoodActivity            com.example.nutrisaur11              D  ⏭️ Skipping: Tapsilog already exists in Breakfast for 2025-10-11
2025-10-11 11:47:55.357  2749-2749  FoodActivity            com.example.nutrisaur11              D  ⏭️ Skipping: Tapsilog already exists in Breakfast for 2025-10-11
2025-10-11 11:47:55.358  2749-2749  FoodActivity            com.example.nutrisaur11              D  ⏭️ Skipping: Tapsilog already exists in Breakfast for 2025-10-11
2025-10-11 11:47:55.358  2749-2749  FoodActivity            com.example.nutrisaur11              D  ⏭️ Skipping: Tapsilog already exists in Breakfast for 2025-10-11
2025-10-11 11:47:55.359  2749-2749  FoodActivity            com.example.nutrisaur11              D  ⏭️ Skipping: Tapsilog already exists in Breakfast for 2025-10-11
2025-10-11 11:47:55.359  2749-2749  FoodActivity            com.example.nutrisaur11              D  ⏭️ Skipping: Tapsilog already exists in Breakfast for 2025-10-11
2025-10-11 11:47:55.360  2749-2749  FoodActivity            com.example.nutrisaur11              D  ⏭️ Skipping: Tapsilog already exists in Breakfast for 2025-10-11
2025-10-11 11:47:55.360  2749-2749  FoodActivity            com.example.nutrisaur11              D  ⏭️ Skipping: Tapsilog already exists in Breakfast for 2025-10-11
2025-10-11 11:47:55.360  2749-2749  FoodActivity            com.example.nutrisaur11              D  ⏭️ Skipping: Tapsilog already exists in Breakfast for 2025-10-11
2025-10-11 11:47:55.361  2749-2749  FoodActivity            com.example.nutrisaur11              D  ⏭️ Skipping: Tapsilog already exists in Breakfast for 2025-10-11
2025-10-11 11:47:55.361  2749-2749  FoodActivity            com.example.nutrisaur11              D  ⏭️ Skipping: Tapsilog already exists in Breakfast for 2025-10-11
2025-10-11 11:47:55.361  2749-2749  FoodActivity            com.example.nutrisaur11              D  ⏭️ Skipping: Tapsilog already exists in Breakfast for 2025-10-11
2025-10-11 11:47:55.361  2749-2749  FoodActivity            com.example.nutrisaur11              D    Dinner: 6 foods
2025-10-11 11:47:55.362  2749-2749  FoodActivity            com.example.nutrisaur11              D  About to store: Adobo in Dinner for 2025-10-11
2025-10-11 11:47:55.362  2749-2749  AddedFoodManager        com.example.nutrisaur11              D  🎯 addFoodToMealTime called: Adobo -> Dinner on 2025-10-11
2025-10-11 11:47:55.363  2749-2749  AddedFoodManager        com.example.nutrisaur11              D  Added Adobo to Dinner on 2025-10-11 (using single storage system)
2025-10-11 11:47:55.364  2749-2749  AddedFoodManager        com.example.nutrisaur11              D  Retrieved user email: 'kevinpingol123@gmail.com'
2025-10-11 11:47:55.364  2749-2749  AddedFoodManager        com.example.nutrisaur11              D  🔍 Attempting to store food in database:
2025-10-11 11:47:55.364  2749-2749  AddedFoodManager        com.example.nutrisaur11              D    - User Email: kevinpingol123@gmail.com
2025-10-11 11:47:55.364  2749-2749  AddedFoodManager        com.example.nutrisaur11              D    - Date: 2025-10-11
2025-10-11 11:47:55.364  2749-2749  AddedFoodManager        com.example.nutrisaur11              D    - Meal: Dinner
2025-10-11 11:47:55.364  2749-2749  AddedFoodManager        com.example.nutrisaur11              D    - Food: Adobo
2025-10-11 11:47:55.364  2749-2749  FoodActivity            com.example.nutrisaur11              D  ✅ Stored: Adobo in Dinner for 2025-10-11
2025-10-11 11:47:55.364  2749-3921  ApiClient               com.example.nutrisaur11              D  🚀 Starting food upload to database:
2025-10-11 11:47:55.364  2749-3921  ApiClient               com.example.nutrisaur11              D    - User: kevinpingol123@gmail.com
2025-10-11 11:47:55.364  2749-3921  ApiClient               com.example.nutrisaur11              D    - Date: 2025-10-11
2025-10-11 11:47:55.364  2749-3921  ApiClient               com.example.nutrisaur11              D    - Meal: Dinner
2025-10-11 11:47:55.364  2749-3921  ApiClient               com.example.nutrisaur11              D    - Food: Adobo
2025-10-11 11:47:55.364  2749-3921  ApiClient               com.example.nutrisaur11              D  📡 Upload URL: https://nutrisaur-production.up.railway.app/api/food_history_api.php?action=add
2025-10-11 11:47:55.364  2749-3921  ApiClient               com.example.nutrisaur11              D  📦 Upload data: {"user_email":"kevinpingol123@gmail.com","date":"2025-10-11","meal_category":"Dinner","food_name":"Adobo","calories":480,"serving_size":"Large plate with extra rice","protein":35,"carbs":20,"fat":25,"fiber":0}
2025-10-11 11:47:55.364  2749-2749  FoodActivity            com.example.nutrisaur11              D  ⏭️ Skipping: Adobo already exists in Dinner for 2025-10-11
2025-10-11 11:47:55.365  2749-2749  FoodActivity            com.example.nutrisaur11              D  About to store: Kare-Kare in Dinner for 2025-10-11
2025-10-11 11:47:55.365  2749-2749  AddedFoodManager        com.example.nutrisaur11              D  🎯 addFoodToMealTime called: Kare-Kare -> Dinner on 2025-10-11
2025-10-11 11:47:55.367  2749-2749  AddedFoodManager        com.example.nutrisaur11              D  Added Kare-Kare to Dinner on 2025-10-11 (using single storage system)
2025-10-11 11:47:55.367  2749-2749  AddedFoodManager        com.example.nutrisaur11              D  Retrieved user email: 'kevinpingol123@gmail.com'
2025-10-11 11:47:55.367  2749-2749  AddedFoodManager        com.example.nutrisaur11              D  🔍 Attempting to store food in database:
2025-10-11 11:47:55.367  2749-2749  AddedFoodManager        com.example.nutrisaur11              D    - User Email: kevinpingol123@gmail.com
2025-10-11 11:47:55.367  2749-2749  AddedFoodManager        com.example.nutrisaur11              D    - Date: 2025-10-11
2025-10-11 11:47:55.367  2749-2749  AddedFoodManager        com.example.nutrisaur11              D    - Meal: Dinner
2025-10-11 11:47:55.367  2749-2749  AddedFoodManager        com.example.nutrisaur11              D    - Food: Kare-Kare
2025-10-11 11:47:55.367  2749-2749  FoodActivity            com.example.nutrisaur11              D  ✅ Stored: Kare-Kare in Dinner for 2025-10-11
2025-10-11 11:47:55.367  2749-3922  ApiClient               com.example.nutrisaur11              D  🚀 Starting food upload to database:
2025-10-11 11:47:55.368  2749-3922  ApiClient               com.example.nutrisaur11              D    - User: kevinpingol123@gmail.com
2025-10-11 11:47:55.368  2749-2749  FoodActivity            com.example.nutrisaur11              D  ⏭️ Skipping: Kare-Kare already exists in Dinner for 2025-10-11
2025-10-11 11:47:55.368  2749-3922  ApiClient               com.example.nutrisaur11              D    - Date: 2025-10-11
2025-10-11 11:47:55.368  2749-3922  ApiClient               com.example.nutrisaur11              D    - Meal: Dinner
2025-10-11 11:47:55.368  2749-3922  ApiClient               com.example.nutrisaur11              D    - Food: Kare-Kare
2025-10-11 11:47:55.368  2749-3922  ApiClient               com.example.nutrisaur11              D  📡 Upload URL: https://nutrisaur-production.up.railway.app/api/food_history_api.php?action=add
2025-10-11 11:47:55.368  2749-3922  ApiClient               com.example.nutrisaur11              D  📦 Upload data: {"user_email":"kevinpingol123@gmail.com","date":"2025-10-11","meal_category":"Dinner","food_name":"Kare-Kare","calories":550,"serving_size":"Generous bowl","protein":30,"carbs":30,"fat":35,"fiber":0}
2025-10-11 11:47:55.368  2749-2749  FoodActivity            com.example.nutrisaur11              D  About to store: Sinigang in Dinner for 2025-10-11
2025-10-11 11:47:55.368  2749-2749  AddedFoodManager        com.example.nutrisaur11              D  🎯 addFoodToMealTime called: Sinigang -> Dinner on 2025-10-11
2025-10-11 11:47:55.370  2749-2749  AddedFoodManager        com.example.nutrisaur11              D  Added Sinigang to Dinner on 2025-10-11 (using single storage system)
2025-10-11 11:47:55.370  2749-2749  AddedFoodManager        com.example.nutrisaur11              D  Retrieved user email: 'kevinpingol123@gmail.com'
2025-10-11 11:47:55.370  2749-2749  AddedFoodManager        com.example.nutrisaur11              D  🔍 Attempting to store food in database:
2025-10-11 11:47:55.370  2749-2749  AddedFoodManager        com.example.nutrisaur11              D    - User Email: kevinpingol123@gmail.com
2025-10-11 11:47:55.370  2749-2749  AddedFoodManager        com.example.nutrisaur11              D    - Date: 2025-10-11
2025-10-11 11:47:55.370  2749-2749  AddedFoodManager        com.example.nutrisaur11              D    - Meal: Dinner
2025-10-11 11:47:55.370  2749-2749  AddedFoodManager        com.example.nutrisaur11              D    - Food: Sinigang
2025-10-11 11:47:55.371  2749-2749  FoodActivity            com.example.nutrisaur11              D  ✅ Stored: Sinigang in Dinner for 2025-10-11
2025-10-11 11:47:55.371  2749-3935  ApiClient               com.example.nutrisaur11              D  🚀 Starting food upload to database:
2025-10-11 11:47:55.371  2749-3935  ApiClient               com.example.nutrisaur11              D    - User: kevinpingol123@gmail.com
2025-10-11 11:47:55.371  2749-3935  ApiClient               com.example.nutrisaur11              D    - Date: 2025-10-11
2025-10-11 11:47:55.371  2749-2749  FoodActivity            com.example.nutrisaur11              D  ⏭️ Skipping: Sinigang already exists in Dinner for 2025-10-11
2025-10-11 11:47:55.371  2749-3935  ApiClient               com.example.nutrisaur11              D    - Meal: Dinner
2025-10-11 11:47:55.371  2749-2749  FoodActivity            com.example.nutrisaur11              D    Lunch: 6 foods
2025-10-11 11:47:55.371  2749-3935  ApiClient               com.example.nutrisaur11              D    - Food: Sinigang
2025-10-11 11:47:55.371  2749-3935  ApiClient               com.example.nutrisaur11              D  📡 Upload URL: https://nutrisaur-production.up.railway.app/api/food_history_api.php?action=add
2025-10-11 11:47:55.371  2749-3935  ApiClient               com.example.nutrisaur11              D  📦 Upload data: {"user_email":"kevinpingol123@gmail.com","date":"2025-10-11","meal_category":"Dinner","food_name":"Sinigang","calories":400,"serving_size":"Large bowl with extra pork","protein":25,"carbs":30,"fat":20,"fiber":0}
2025-10-11 11:47:55.372  2749-2749  FoodActivity            com.example.nutrisaur11              D  About to store: Chicken Adobo in Lunch for 2025-10-11
2025-10-11 11:47:55.372  2749-2749  AddedFoodManager        com.example.nutrisaur11              D  🎯 addFoodToMealTime called: Chicken Adobo -> Lunch on 2025-10-11
2025-10-11 11:47:55.374  2749-2749  AddedFoodManager        com.example.nutrisaur11              D  Added Chicken Adobo to Lunch on 2025-10-11 (using single storage system)
2025-10-11 11:47:55.374  2749-2749  AddedFoodManager        com.example.nutrisaur11              D  Retrieved user email: 'kevinpingol123@gmail.com'
2025-10-11 11:47:55.374  2749-2749  AddedFoodManager        com.example.nutrisaur11              D  🔍 Attempting to store food in database:
2025-10-11 11:47:55.374  2749-2749  AddedFoodManager        com.example.nutrisaur11              D    - User Email: kevinpingol123@gmail.com
2025-10-11 11:47:55.374  2749-2749  AddedFoodManager        com.example.nutrisaur11              D    - Date: 2025-10-11
2025-10-11 11:47:55.374  2749-2749  AddedFoodManager        com.example.nutrisaur11              D    - Meal: Lunch
2025-10-11 11:47:55.374  2749-2749  AddedFoodManager        com.example.nutrisaur11              D    - Food: Chicken Adobo
2025-10-11 11:47:55.374  2749-2749  FoodActivity            com.example.nutrisaur11              D  ✅ Stored: Chicken Adobo in Lunch for 2025-10-11
2025-10-11 11:47:55.374  2749-3945  ApiClient               com.example.nutrisaur11              D  🚀 Starting food upload to database:
2025-10-11 11:47:55.374  2749-3945  ApiClient               com.example.nutrisaur11              D    - User: kevinpingol123@gmail.com
2025-10-11 11:47:55.374  2749-3945  ApiClient               com.example.nutrisaur11              D    - Date: 2025-10-11
2025-10-11 11:47:55.374  2749-3945  ApiClient               com.example.nutrisaur11              D    - Meal: Lunch
2025-10-11 11:47:55.374  2749-3945  ApiClient               com.example.nutrisaur11              D    - Food: Chicken Adobo
2025-10-11 11:47:55.374  2749-3945  ApiClient               com.example.nutrisaur11              D  📡 Upload URL: https://nutrisaur-production.up.railway.app/api/food_history_api.php?action=add
2025-10-11 11:47:55.374  2749-2749  FoodActivity            com.example.nutrisaur11              D  ⏭️ Skipping: Chicken Adobo already exists in Lunch for 2025-10-11
2025-10-11 11:47:55.374  2749-3945  ApiClient               com.example.nutrisaur11              D  📦 Upload data: {"user_email":"kevinpingol123@gmail.com","date":"2025-10-11","meal_category":"Lunch","food_name":"Chicken Adobo","calories":400,"serving_size":"1.5 cups","protein":35,"carbs":15,"fat":20,"fiber":0}
2025-10-11 11:47:55.375  2749-2749  FoodActivity            com.example.nutrisaur11              D  About to store: Kare-Kare in Lunch for 2025-10-11
2025-10-11 11:47:55.375  2749-2749  AddedFoodManager        com.example.nutrisaur11              D  🎯 addFoodToMealTime called: Kare-Kare -> Lunch on 2025-10-11
2025-10-11 11:47:55.377  2749-2749  AddedFoodManager        com.example.nutrisaur11              D  Added Kare-Kare to Lunch on 2025-10-11 (using single storage system)
2025-10-11 11:47:55.377  2749-2749  AddedFoodManager        com.example.nutrisaur11              D  Retrieved user email: 'kevinpingol123@gmail.com'
2025-10-11 11:47:55.377  2749-2749  AddedFoodManager        com.example.nutrisaur11              D  🔍 Attempting to store food in database:
2025-10-11 11:47:55.377  2749-2749  AddedFoodManager        com.example.nutrisaur11              D    - User Email: kevinpingol123@gmail.com
2025-10-11 11:47:55.377  2749-2749  AddedFoodManager        com.example.nutrisaur11              D    - Date: 2025-10-11
2025-10-11 11:47:55.377  2749-2749  AddedFoodManager        com.example.nutrisaur11              D    - Meal: Lunch
2025-10-11 11:47:55.377  2749-2749  AddedFoodManager        com.example.nutrisaur11              D    - Food: Kare-Kare
2025-10-11 11:47:55.377  2749-2749  FoodActivity            com.example.nutrisaur11              D  ✅ Stored: Kare-Kare in Lunch for 2025-10-11
2025-10-11 11:47:55.378  2749-3974  ApiClient               com.example.nutrisaur11              D  🚀 Starting food upload to database:
2025-10-11 11:47:55.378  2749-3974  ApiClient               com.example.nutrisaur11              D    - User: kevinpingol123@gmail.com
2025-10-11 11:47:55.378  2749-3974  ApiClient               com.example.nutrisaur11              D    - Date: 2025-10-11
2025-10-11 11:47:55.378  2749-2749  FoodActivity            com.example.nutrisaur11              D  ⏭️ Skipping: Kare-Kare already exists in Lunch for 2025-10-11
2025-10-11 11:47:55.378  2749-3974  ApiClient               com.example.nutrisaur11              D    - Meal: Lunch
2025-10-11 11:47:55.378  2749-3974  ApiClient               com.example.nutrisaur11              D    - Food: Kare-Kare
2025-10-11 11:47:55.378  2749-3974  ApiClient               com.example.nutrisaur11              D  📡 Upload URL: https://nutrisaur-production.up.railway.app/api/food_history_api.php?action=add
2025-10-11 11:47:55.378  2749-3974  ApiClient               com.example.nutrisaur11              D  📦 Upload data: {"user_email":"kevinpingol123@gmail.com","date":"2025-10-11","meal_category":"Lunch","food_name":"Kare-Kare","calories":550,"serving_size":"Generous bowl","protein":25,"carbs":30,"fat":40,"fiber":0}
2025-10-11 11:47:55.378  2749-2749  FoodActivity            com.example.nutrisaur11              D  About to store: Sinigang na Baboy in Lunch for 2025-10-11
2025-10-11 11:47:55.378  2749-2749  AddedFoodManager        com.example.nutrisaur11              D  🎯 addFoodToMealTime called: Sinigang na Baboy -> Lunch on 2025-10-11
2025-10-11 11:47:55.381  2749-2749  AddedFoodManager        com.example.nutrisaur11              D  Added Sinigang na Baboy to Lunch on 2025-10-11 (using single storage system)
2025-10-11 11:47:55.381  2749-2749  AddedFoodManager        com.example.nutrisaur11              D  Retrieved user email: 'kevinpingol123@gmail.com'
2025-10-11 11:47:55.381  2749-2749  AddedFoodManager        com.example.nutrisaur11              D  🔍 Attempting to store food in database:
2025-10-11 11:47:55.381  2749-2749  AddedFoodManager        com.example.nutrisaur11              D    - User Email: kevinpingol123@gmail.com
2025-10-11 11:47:55.381  2749-2749  AddedFoodManager        com.example.nutrisaur11              D    - Date: 2025-10-11
2025-10-11 11:47:55.381  2749-2749  AddedFoodManager        com.example.nutrisaur11              D    - Meal: Lunch
2025-10-11 11:47:55.381  2749-2749  AddedFoodManager        com.example.nutrisaur11              D    - Food: Sinigang na Baboy
2025-10-11 11:47:55.381  2749-2749  FoodActivity            com.example.nutrisaur11              D  ✅ Stored: Sinigang na Baboy in Lunch for 2025-10-11
2025-10-11 11:47:55.381  2749-3993  ApiClient               com.example.nutrisaur11              D  🚀 Starting food upload to database:
