2025-10-11 12:11:05.275  2749-2749  FoodActivity            com.example.nutrisaur11              D  No valid AI cache found, using fallback calculation...
2025-10-11 12:11:05.275  2749-2749  CalorieCal...ionService com.example.nutrisaur11              D  Calculated BMR: 1473.75 for Pingol , Kevin C.
2025-10-11 12:11:05.275  2749-2749  CalorieCal...ionService com.example.nutrisaur11              D  Calculated TDEE: 2284.3125 (BMR: 1473.75 × Activity: 1.55)
2025-10-11 12:11:05.275  2749-2749  CalorieCal...ionService com.example.nutrisaur11              D  Calculated daily calorie target: 2784 (TDEE: 2284.3125 + Adjustment: 500.0)
2025-10-11 12:11:05.275  2749-2749  FoodActivity            com.example.nutrisaur11              D  Using fallback calculation (AI will update cache): 2784
2025-10-11 12:11:05.275  2749-2749  FoodActivity            com.example.nutrisaur11              D  Starting background AI calculation...
2025-10-11 12:11:05.275  2749-2749  FoodActivity            com.example.nutrisaur11              D  Using AI-calculated total daily calories: 2784
2025-10-11 12:11:05.275  2749-2749  FoodActivity            com.example.nutrisaur11              D  FoodActivity Available database fields: [birthday, is_pregnant, muac_category, notes, weight_kg, nutritional_risk, height_cm, sex, municipality, muac_cm, screening_date, bmi_category, name, barangay, email, age, bmi, status]
2025-10-11 12:11:05.275  2749-8580  NutritionService        com.example.nutrisaur11              D  Starting nutrition recommendations...
2025-10-11 12:11:05.275  2749-8580  NutritionService        com.example.nutrisaur11              D  Getting user profile from SharedPreferences...
2025-10-11 12:11:05.275  2749-2749  FoodActivity            com.example.nutrisaur11              D  Calculated age from birthday '2005-10-10': 20
2025-10-11 12:11:05.275  2749-8580  NutritionService        com.example.nutrisaur11              D  User data: name=, age=25, weight=70.0, height=170.0
2025-10-11 12:11:05.276  2749-2749  FoodActivity            com.example.nutrisaur11              D  FoodActivity Weight field lookup - weight_kg: '50', weight: 'null', final: '50'
2025-10-11 12:11:05.276  2749-2749  FoodActivity            com.example.nutrisaur11              D  FoodActivity: Set weight from database: 50
2025-10-11 12:11:05.276  2749-2749  FoodActivity            com.example.nutrisaur11              D  FoodActivity Height field lookup - height_cm: '171', height: 'null', final: '171'
2025-10-11 12:11:05.276  2749-2749  FoodActivity            com.example.nutrisaur11              D  FoodActivity: Set height from database: 171
2025-10-11 12:11:05.276  2749-2749  FoodActivity            com.example.nutrisaur11              D  Created user profile from database data: Pingol , Kevin C. (Age: 20, Weight: 50.0, Height: 171.0, Gender: Male, Activity: Moderate)
2025-10-11 12:11:05.276  2749-2749  CalorieCal...ionService com.example.nutrisaur11              D  Calculated meal distribution: Breakfast=696, Lunch=974, Dinner=835, Snacks=278
2025-10-11 12:11:05.276  2749-2749  FoodActivity            com.example.nutrisaur11              D  Calculated meal distribution: Breakfast=696, Lunch=974, Dinner=835, Snacks=278
2025-10-11 12:11:05.276  2749-8580  NutritionService        com.example.nutrisaur11              D  User profile loaded: , BMI: 24.221453287197235
2025-10-11 12:11:05.276  2749-2749  FoodActivity            com.example.nutrisaur11              D  Direct update Breakfast: 0 / 696 kcal (from 0 foods)
2025-10-11 12:11:05.276  2749-2749  FoodActivity            com.example.nutrisaur11              D  Set breakfast progress text to: 0 / 696 kcal
2025-10-11 12:11:05.276  2749-2749  FoodActivity            com.example.nutrisaur11              D  Direct update Lunch: 1400 / 974 kcal (from 3 foods)
2025-10-11 12:11:05.276  2749-2749  FoodActivity            com.example.nutrisaur11              D  Set lunch progress text to: 1400 / 974 kcal
2025-10-11 12:11:05.276  2749-2749  FoodActivity            com.example.nutrisaur11              D  Direct update Dinner: 0 / 835 kcal (from 0 foods)
2025-10-11 12:11:05.276  2749-2749  FoodActivity            com.example.nutrisaur11              D  Set dinner progress text to: 0 / 835 kcal
2025-10-11 12:11:05.276  2749-2749  FoodActivity            com.example.nutrisaur11              D  Direct update Snacks: 0 / 278 kcal (from 0 foods)
2025-10-11 12:11:05.276  2749-2856  NutritionService        com.example.nutrisaur11              D  Starting nutrition recommendations...
2025-10-11 12:11:05.276  2749-2749  FoodActivity            com.example.nutrisaur11              D  Set snacks progress text to: 0 / 278 kcal
2025-10-11 12:11:05.276  2749-2856  NutritionService        com.example.nutrisaur11              D  Getting user profile from SharedPreferences...
2025-10-11 12:11:05.276  2749-2749  FoodActivity            com.example.nutrisaur11              D  Updating meal progress texts with direct AddedFoodManager data
2025-10-11 12:11:05.277  2749-2856  NutritionService        com.example.nutrisaur11              D  User data: name=, age=25, weight=70.0, height=170.0
2025-10-11 12:11:05.277  2749-2856  NutritionService        com.example.nutrisaur11              D  User profile loaded: , BMI: 24.221453287197235
2025-10-11 12:11:05.277  2749-2856  KcalSuggestionCache     com.example.nutrisaur11              D  Cached kcal suggestion is valid
2025-10-11 12:11:05.277  2749-2856  NutritionService        com.example.nutrisaur11              D  Using cached kcal suggestion - user profile unchanged
2025-10-11 12:11:05.277  2749-8580  KcalSuggestionCache     com.example.nutrisaur11              D  Cached kcal suggestion is valid
2025-10-11 12:11:05.277  2749-8580  NutritionService        com.example.nutrisaur11              D  Using cached kcal suggestion - user profile unchanged
2025-10-11 12:11:05.278  2749-2856  KcalSuggestionCache     com.example.nutrisaur11              D  Successfully loaded cached kcal suggestion
2025-10-11 12:11:05.278  2749-2856  FoodActivity            com.example.nutrisaur11              D  Background AI calculation completed: 2545
2025-10-11 12:11:05.279  2749-2749  FoodActivity            com.example.nutrisaur11              D  FoodActivity Available database fields: [birthday, is_pregnant, muac_category, notes, weight_kg, nutritional_risk, height_cm, sex, municipality, muac_cm, screening_date, bmi_category, name, barangay, email, age, bmi, status]
2025-10-11 12:11:05.279  2749-2749  FoodActivity            com.example.nutrisaur11              D  Calculated age from birthday '2005-10-10': 20
2025-10-11 12:11:05.279  2749-2749  FoodActivity            com.example.nutrisaur11              D  FoodActivity Weight field lookup - weight_kg: '50', weight: 'null', final: '50'
2025-10-11 12:11:05.279  2749-2749  FoodActivity            com.example.nutrisaur11              D  FoodActivity: Set weight from database: 50
2025-10-11 12:11:05.279  2749-2749  FoodActivity            com.example.nutrisaur11              D  FoodActivity Height field lookup - height_cm: '171', height: 'null', final: '171'
2025-10-11 12:11:05.279  2749-2749  FoodActivity            com.example.nutrisaur11              D  FoodActivity: Set height from database: 171
2025-10-11 12:11:05.279  2749-2749  FoodActivity            com.example.nutrisaur11              D  Created user profile from database data: Pingol , Kevin C. (Age: 20, Weight: 50.0, Height: 171.0, Gender: Male, Activity: Moderate)
2025-10-11 12:11:05.280  2749-2749  KcalSuggestionCache     com.example.nutrisaur11              D  User profile changed, cache invalid
2025-10-11 12:11:05.280  2749-2749  FoodActivity            com.example.nutrisaur11              D  No valid AI cache found, using fallback calculation...
2025-10-11 12:11:05.280  2749-2749  CalorieCal...ionService com.example.nutrisaur11              D  Calculated BMR: 1473.75 for Pingol , Kevin C.
2025-10-11 12:11:05.280  2749-2749  CalorieCal...ionService com.example.nutrisaur11              D  Calculated TDEE: 2284.3125 (BMR: 1473.75 × Activity: 1.55)
2025-10-11 12:11:05.280  2749-2749  CalorieCal...ionService com.example.nutrisaur11              D  Calculated daily calorie target: 2784 (TDEE: 2284.3125 + Adjustment: 500.0)
2025-10-11 12:11:05.280  2749-2749  FoodActivity            com.example.nutrisaur11              D  Using fallback calculation (AI will update cache): 2784
2025-10-11 12:11:05.280  2749-2749  FoodActivity            com.example.nutrisaur11              D  AI calculation already in progress, skipping...
2025-10-11 12:11:05.280  2749-2749  FoodActivity            com.example.nutrisaur11              D  Using AI-calculated total daily calories: 2784
2025-10-11 12:11:05.280  2749-2749  FoodActivity            com.example.nutrisaur11              D  FoodActivity Available database fields: [birthday, is_pregnant, muac_category, notes, weight_kg, nutritional_risk, height_cm, sex, municipality, muac_cm, screening_date, bmi_category, name, barangay, email, age, bmi, status]
2025-10-11 12:11:05.280  2749-2749  FoodActivity            com.example.nutrisaur11              D  Calculated age from birthday '2005-10-10': 20
2025-10-11 12:11:05.280  2749-2749  FoodActivity            com.example.nutrisaur11              D  FoodActivity Weight field lookup - weight_kg: '50', weight: 'null', final: '50'
2025-10-11 12:11:05.280  2749-2749  FoodActivity            com.example.nutrisaur11              D  FoodActivity: Set weight from database: 50
2025-10-11 12:11:05.280  2749-2749  FoodActivity            com.example.nutrisaur11              D  FoodActivity Height field lookup - height_cm: '171', height: 'null', final: '171'
2025-10-11 12:11:05.280  2749-2749  FoodActivity            com.example.nutrisaur11              D  FoodActivity: Set height from database: 171
2025-10-11 12:11:05.280  2749-2749  FoodActivity            com.example.nutrisaur11              D  Created user profile from database data: Pingol , Kevin C. (Age: 20, Weight: 50.0, Height: 171.0, Gender: Male, Activity: Moderate)
2025-10-11 12:11:05.280  2749-2749  CalorieCal...ionService com.example.nutrisaur11              D  Calculated meal distribution: Breakfast=696, Lunch=974, Dinner=835, Snacks=278
2025-10-11 12:11:05.280  2749-2749  FoodActivity            com.example.nutrisaur11              D  Calculated meal distribution: Breakfast=696, Lunch=974, Dinner=835, Snacks=278
2025-10-11 12:11:05.280  2749-2749  FoodActivity            com.example.nutrisaur11              D  Direct update Breakfast: 0 / 696 kcal (from 0 foods)
2025-10-11 12:11:05.280  2749-2749  FoodActivity            com.example.nutrisaur11              D  Set breakfast progress text to: 0 / 696 kcal
2025-10-11 12:11:05.280  2749-2749  FoodActivity            com.example.nutrisaur11              D  Direct update Lunch: 1400 / 974 kcal (from 3 foods)
2025-10-11 12:11:05.281  2749-2749  FoodActivity            com.example.nutrisaur11              D  Set lunch progress text to: 1400 / 974 kcal
2025-10-11 12:11:05.281  2749-2749  FoodActivity            com.example.nutrisaur11              D  Direct update Dinner: 0 / 835 kcal (from 0 foods)
2025-10-11 12:11:05.281  2749-2749  FoodActivity            com.example.nutrisaur11              D  Set dinner progress text to: 0 / 835 kcal
2025-10-11 12:11:05.281  2749-2749  FoodActivity            com.example.nutrisaur11              D  Direct update Snacks: 0 / 278 kcal (from 0 foods)
2025-10-11 12:11:05.281  2749-2749  FoodActivity            com.example.nutrisaur11              D  Set snacks progress text to: 0 / 278 kcal
2025-10-11 12:11:05.281  2749-2749  FoodActivity            com.example.nutrisaur11              D  Meal progress refreshed successfully
2025-10-11 12:11:05.281  2749-8580  KcalSuggestionCache     com.example.nutrisaur11              D  Successfully loaded cached kcal suggestion
2025-10-11 12:11:05.281  2749-8580  CalorieTracker          com.example.nutrisaur11              D  Background AI calculation completed: 2545
2025-10-11 12:11:05.282  2749-2749  FoodActivity            com.example.nutrisaur11              D  Total eaten calories after sync: 1400
2025-10-11 12:11:05.282  2749-2749  FoodActivity            com.example.nutrisaur11              D  Updating eaten calories only (preserving daily target)
2025-10-11 12:11:05.282  2749-2749  FoodActivity            com.example.nutrisaur11              D  Total eaten calories for update: 1400
2025-10-11 12:11:05.282  2749-2749  FoodActivity            com.example.nutrisaur11              D  Using existing daily calorie target: 2784
2025-10-11 12:11:05.282  2749-2749  FoodActivity            com.example.nutrisaur11              D  Eaten Calories Only Update:
2025-10-11 12:11:05.282  2749-2749  FoodActivity            com.example.nutrisaur11              D    Total Daily Calories: 2784 (preserved)
2025-10-11 12:11:05.282  2749-2749  FoodActivity            com.example.nutrisaur11              D    Total Eaten Calories: 1400 (updated)
2025-10-11 12:11:05.282  2749-2749  FoodActivity            com.example.nutrisaur11              D    Calories Left: 1384
2025-10-11 12:11:05.282  2749-2749  FoodActivity            com.example.nutrisaur11              D    Progress Percent: 50.287354%
2025-10-11 12:11:05.282  2749-2749  FoodActivity            com.example.nutrisaur11              D  Updating macronutrient data directly
2025-10-11 12:11:05.284  2749-2749  FoodActivity            com.example.nutrisaur11              D  FoodActivity Available database fields: [birthday, is_pregnant, muac_category, notes, weight_kg, nutritional_risk, height_cm, sex, municipality, muac_cm, screening_date, bmi_category, name, barangay, email, age, bmi, status]
2025-10-11 12:11:05.284  2749-2749  FoodActivity            com.example.nutrisaur11              D  Calculated age from birthday '2005-10-10': 20
2025-10-11 12:11:05.284  2749-2749  FoodActivity            com.example.nutrisaur11              D  FoodActivity Weight field lookup - weight_kg: '50', weight: 'null', final: '50'
2025-10-11 12:11:05.284  2749-2749  FoodActivity            com.example.nutrisaur11              D  FoodActivity: Set weight from database: 50
2025-10-11 12:11:05.284  2749-2749  FoodActivity            com.example.nutrisaur11              D  FoodActivity Height field lookup - height_cm: '171', height: 'null', final: '171'
2025-10-11 12:11:05.284  2749-2749  FoodActivity            com.example.nutrisaur11              D  FoodActivity: Set height from database: 171
2025-10-11 12:11:05.284  2749-2749  FoodActivity            com.example.nutrisaur11              D  Created user profile from database data: Pingol , Kevin C. (Age: 20, Weight: 50.0, Height: 171.0, Gender: Male, Activity: Moderate)
2025-10-11 12:11:05.284  2749-2749  CalorieCal...ionService com.example.nutrisaur11              D  Calculated BMR: 1473.75 for Pingol , Kevin C.
2025-10-11 12:11:05.284  2749-2749  CalorieCal...ionService com.example.nutrisaur11              D  Calculated TDEE: 2284.3125 (BMR: 1473.75 × Activity: 1.55)
2025-10-11 12:11:05.284  2749-2749  CalorieCal...ionService com.example.nutrisaur11              D  Calculated daily calorie target: 2784 (TDEE: 2284.3125 + Adjustment: 500.0)
2025-10-11 12:11:05.284  2749-2749  FoodActivity            com.example.nutrisaur11              D  Calculated macro targets - Protein: 153, Carbs: 375, Fat: 74
2025-10-11 12:11:05.285  2749-2749  FoodActivity            com.example.nutrisaur11              D  Macro Update:
2025-10-11 12:11:05.285  2749-2749  FoodActivity            com.example.nutrisaur11              D    Protein: 63/153 (eaten: 90)
2025-10-11 12:11:05.285  2749-2749  FoodActivity            com.example.nutrisaur11              D    Carbs: 310/375 (eaten: 65)
2025-10-11 12:11:05.285  2749-2749  FoodActivity            com.example.nutrisaur11              D    Fat: 0/74 (eaten: 85)
2025-10-11 12:11:05.285  2749-2749  FoodActivity            com.example.nutrisaur11              D  Updating meal progress texts with direct AddedFoodManager data
2025-10-11 12:11:05.286  2749-2749  FoodActivity            com.example.nutrisaur11              D  FoodActivity Available database fields: [birthday, is_pregnant, muac_category, notes, weight_kg, nutritional_risk, height_cm, sex, municipality, muac_cm, screening_date, bmi_category, name, barangay, email, age, bmi, status]
2025-10-11 12:11:05.286  2749-2749  FoodActivity            com.example.nutrisaur11              D  Calculated age from birthday '2005-10-10': 20
2025-10-11 12:11:05.286  2749-2749  FoodActivity            com.example.nutrisaur11              D  FoodActivity Weight field lookup - weight_kg: '50', weight: 'null', final: '50'
2025-10-11 12:11:05.286  2749-2749  FoodActivity            com.example.nutrisaur11              D  FoodActivity: Set weight from database: 50
2025-10-11 12:11:05.286  2749-2749  FoodActivity            com.example.nutrisaur11              D  FoodActivity Height field lookup - height_cm: '171', height: 'null', final: '171'
2025-10-11 12:11:05.287  2749-2749  FoodActivity            com.example.nutrisaur11              D  FoodActivity: Set height from database: 171
2025-10-11 12:11:05.287  2749-2749  FoodActivity            com.example.nutrisaur11              D  Created user profile from database data: Pingol , Kevin C. (Age: 20, Weight: 50.0, Height: 171.0, Gender: Male, Activity: Moderate)
2025-10-11 12:11:05.287  2749-2749  KcalSuggestionCache     com.example.nutrisaur11              D  User profile changed, cache invalid
2025-10-11 12:11:05.287  2749-2749  FoodActivity            com.example.nutrisaur11              D  No valid AI cache found, using fallback calculation...
2025-10-11 12:11:05.287  2749-2749  CalorieCal...ionService com.example.nutrisaur11              D  Calculated BMR: 1473.75 for Pingol , Kevin C.
2025-10-11 12:11:05.287  2749-2749  CalorieCal...ionService com.example.nutrisaur11              D  Calculated TDEE: 2284.3125 (BMR: 1473.75 × Activity: 1.55)
2025-10-11 12:11:05.287  2749-2749  CalorieCal...ionService com.example.nutrisaur11              D  Calculated daily calorie target: 2784 (TDEE: 2284.3125 + Adjustment: 500.0)
2025-10-11 12:11:05.287  2749-2749  FoodActivity            com.example.nutrisaur11              D  Using fallback calculation (AI will update cache): 2784
2025-10-11 12:11:05.287  2749-2749  FoodActivity            com.example.nutrisaur11              D  AI calculation already in progress, skipping...
2025-10-11 12:11:05.287  2749-2749  FoodActivity            com.example.nutrisaur11              D  Using AI-calculated total daily calories: 2784
2025-10-11 12:11:05.287  2749-2749  FoodActivity            com.example.nutrisaur11              D  FoodActivity Available database fields: [birthday, is_pregnant, muac_category, notes, weight_kg, nutritional_risk, height_cm, sex, municipality, muac_cm, screening_date, bmi_category, name, barangay, email, age, bmi, status]
2025-10-11 12:11:05.287  2749-2749  FoodActivity            com.example.nutrisaur11              D  Calculated age from birthday '2005-10-10': 20
2025-10-11 12:11:05.287  2749-2749  FoodActivity            com.example.nutrisaur11              D  FoodActivity Weight field lookup - weight_kg: '50', weight: 'null', final: '50'
2025-10-11 12:11:05.287  2749-2749  FoodActivity            com.example.nutrisaur11              D  FoodActivity: Set weight from database: 50
2025-10-11 12:11:05.287  2749-2749  FoodActivity            com.example.nutrisaur11              D  FoodActivity Height field lookup - height_cm: '171', height: 'null', final: '171'
2025-10-11 12:11:05.287  2749-2749  FoodActivity            com.example.nutrisaur11              D  FoodActivity: Set height from database: 171
2025-10-11 12:11:05.287  2749-2749  FoodActivity            com.example.nutrisaur11              D  Created user profile from database data: Pingol , Kevin C. (Age: 20, Weight: 50.0, Height: 171.0, Gender: Male, Activity: Moderate)
2025-10-11 12:11:05.287  2749-2749  CalorieCal...ionService com.example.nutrisaur11              D  Calculated meal distribution: Breakfast=696, Lunch=974, Dinner=835, Snacks=278
2025-10-11 12:11:05.287  2749-2749  FoodActivity            com.example.nutrisaur11              D  Calculated meal distribution: Breakfast=696, Lunch=974, Dinner=835, Snacks=278
2025-10-11 12:11:05.287  2749-2749  FoodActivity            com.example.nutrisaur11              D  Direct update Breakfast: 0 / 696 kcal (from 0 foods)
2025-10-11 12:11:05.287  2749-2749  FoodActivity            com.example.nutrisaur11              D  Set breakfast progress text to: 0 / 696 kcal
2025-10-11 12:11:05.288  2749-2749  FoodActivity            com.example.nutrisaur11              D  Direct update Lunch: 1400 / 974 kcal (from 3 foods)
2025-10-11 12:11:05.288  2749-2749  FoodActivity            com.example.nutrisaur11              D  Set lunch progress text to: 1400 / 974 kcal
2025-10-11 12:11:05.288  2749-2749  FoodActivity            com.example.nutrisaur11              D  Direct update Dinner: 0 / 835 kcal (from 0 foods)
2025-10-11 12:11:05.288  2749-2749  FoodActivity            com.example.nutrisaur11              D  Set dinner progress text to: 0 / 835 kcal
2025-10-11 12:11:05.288  2749-2749  FoodActivity            com.example.nutrisaur11              D  Direct update Snacks: 0 / 278 kcal (from 0 foods)
2025-10-11 12:11:05.288  2749-2749  FoodActivity            com.example.nutrisaur11              D  Set snacks progress text to: 0 / 278 kcal
2025-10-11 12:11:05.288  2749-2749  FoodActivity            com.example.nutrisaur11              D  Updating meal progress texts with direct AddedFoodManager data
2025-10-11 12:11:05.289  2749-2749  FoodActivity            com.example.nutrisaur11              D  FoodActivity Available database fields: [birthday, is_pregnant, muac_category, notes, weight_kg, nutritional_risk, height_cm, sex, municipality, muac_cm, screening_date, bmi_category, name, barangay, email, age, bmi, status]
2025-10-11 12:11:05.289  2749-2749  FoodActivity            com.example.nutrisaur11              D  Calculated age from birthday '2005-10-10': 20
2025-10-11 12:11:05.289  2749-2749  FoodActivity            com.example.nutrisaur11              D  FoodActivity Weight field lookup - weight_kg: '50', weight: 'null', final: '50'
2025-10-11 12:11:05.289  2749-2749  FoodActivity            com.example.nutrisaur11              D  FoodActivity: Set weight from database: 50
2025-10-11 12:11:05.289  2749-2749  FoodActivity            com.example.nutrisaur11              D  FoodActivity Height field lookup - height_cm: '171', height: 'null', final: '171'
2025-10-11 12:11:05.289  2749-2749  FoodActivity            com.example.nutrisaur11              D  FoodActivity: Set height from database: 171
2025-10-11 12:11:05.289  2749-2749  FoodActivity            com.example.nutrisaur11              D  Created user profile from database data: Pingol , Kevin C. (Age: 20, Weight: 50.0, Height: 171.0, Gender: Male, Activity: Moderate)
2025-10-11 12:11:05.290  2749-2749  KcalSuggestionCache     com.example.nutrisaur11              D  User profile changed, cache invalid
2025-10-11 12:11:05.290  2749-2749  FoodActivity            com.example.nutrisaur11              D  No valid AI cache found, using fallback calculation...
2025-10-11 12:11:05.290  2749-2749  CalorieCal...ionService com.example.nutrisaur11              D  Calculated BMR: 1473.75 for Pingol , Kevin C.
2025-10-11 12:11:05.290  2749-2749  CalorieCal...ionService com.example.nutrisaur11              D  Calculated TDEE: 2284.3125 (BMR: 1473.75 × Activity: 1.55)
2025-10-11 12:11:05.290  2749-2749  CalorieCal...ionService com.example.nutrisaur11              D  Calculated daily calorie target: 2784 (TDEE: 2284.3125 + Adjustment: 500.0)
2025-10-11 12:11:05.290  2749-2749  FoodActivity            com.example.nutrisaur11              D  Using fallback calculation (AI will update cache): 2784
2025-10-11 12:11:05.290  2749-2749  FoodActivity            com.example.nutrisaur11              D  AI calculation already in progress, skipping...
2025-10-11 12:11:05.290  2749-2749  FoodActivity            com.example.nutrisaur11              D  Using AI-calculated total daily calories: 2784
2025-10-11 12:11:05.290  2749-2749  FoodActivity            com.example.nutrisaur11              D  FoodActivity Available database fields: [birthday, is_pregnant, muac_category, notes, weight_kg, nutritional_risk, height_cm, sex, municipality, muac_cm, screening_date, bmi_category, name, barangay, email, age, bmi, status]
2025-10-11 12:11:05.290  2749-2749  FoodActivity            com.example.nutrisaur11              D  Calculated age from birthday '2005-10-10': 20
2025-10-11 12:11:05.290  2749-2749  FoodActivity            com.example.nutrisaur11              D  FoodActivity Weight field lookup - weight_kg: '50', weight: 'null', final: '50'
2025-10-11 12:11:05.290  2749-2749  FoodActivity            com.example.nutrisaur11              D  FoodActivity: Set weight from database: 50
2025-10-11 12:11:05.290  2749-2749  FoodActivity            com.example.nutrisaur11              D  FoodActivity Height field lookup - height_cm: '171', height: 'null', final: '171'
2025-10-11 12:11:05.290  2749-2749  FoodActivity            com.example.nutrisaur11              D  FoodActivity: Set height from database: 171
2025-10-11 12:11:05.290  2749-2749  FoodActivity            com.example.nutrisaur11              D  Created user profile from database data: Pingol , Kevin C. (Age: 20, Weight: 50.0, Height: 171.0, Gender: Male, Activity: Moderate)
2025-10-11 12:11:05.290  2749-2749  CalorieCal...ionService com.example.nutrisaur11              D  Calculated meal distribution: Breakfast=696, Lunch=974, Dinner=835, Snacks=278
2025-10-11 12:11:05.290  2749-2749  FoodActivity            com.example.nutrisaur11              D  Calculated meal distribution: Breakfast=696, Lunch=974, Dinner=835, Snacks=278
2025-10-11 12:11:05.290  2749-2749  FoodActivity            com.example.nutrisaur11              D  Direct update Breakfast: 0 / 696 kcal (from 0 foods)
2025-10-11 12:11:05.290  2749-2749  FoodActivity            com.example.nutrisaur11              D  Set breakfast progress text to: 0 / 696 kcal
2025-10-11 12:11:05.290  2749-2749  FoodActivity            com.example.nutrisaur11              D  Direct update Lunch: 1400 / 974 kcal (from 3 foods)
2025-10-11 12:11:05.290  2749-2749  FoodActivity            com.example.nutrisaur11              D  Set lunch progress text to: 1400 / 974 kcal
2025-10-11 12:11:05.290  2749-2749  FoodActivity            com.example.nutrisaur11              D  Direct update Dinner: 0 / 835 kcal (from 0 foods)
2025-10-11 12:11:05.290  2749-2749  FoodActivity            com.example.nutrisaur11              D  Set dinner progress text to: 0 / 835 kcal
2025-10-11 12:11:05.290  2749-2749  FoodActivity            com.example.nutrisaur11              D  Direct update Snacks: 0 / 278 kcal (from 0 foods)
2025-10-11 12:11:05.291  2749-2749  FoodActivity            com.example.nutrisaur11              D  Set snacks progress text to: 0 / 278 kcal
2025-10-11 12:11:05.291  2749-2749  FoodActivity            com.example.nutrisaur11              D  Meal progress refreshed successfully
2025-10-11 12:11:05.296  2749-2749  FoodActivity            com.example.nutrisaur11              D  Refreshing nutrition UI with updated AI data...
2025-10-11 12:11:05.296  2749-2749  FoodActivity            com.example.nutrisaur11              D  Updating kcal goal circle directly
2025-10-11 12:11:05.296  2749-2749  FoodActivity            com.example.nutrisaur11              D  Total eaten calories for circle update: 1400
2025-10-11 12:11:05.296  2749-2749  FoodActivity            com.example.nutrisaur11              D  FoodActivity Available database fields: [birthday, is_pregnant, muac_category, notes, weight_kg, nutritional_risk, height_cm, sex, municipality, muac_cm, screening_date, bmi_category, name, barangay, email, age, bmi, status]
2025-10-11 12:11:05.296  2749-2749  FoodActivity            com.example.nutrisaur11              D  Calculated age from birthday '2005-10-10': 20
2025-10-11 12:11:05.296  2749-2749  FoodActivity            com.example.nutrisaur11              D  FoodActivity Weight field lookup - weight_kg: '50', weight: 'null', final: '50'
2025-10-11 12:11:05.296  2749-2749  FoodActivity            com.example.nutrisaur11              D  FoodActivity: Set weight from database: 50
2025-10-11 12:11:05.296  2749-2749  FoodActivity            com.example.nutrisaur11              D  FoodActivity Height field lookup - height_cm: '171', height: 'null', final: '171'
2025-10-11 12:11:05.296  2749-2749  FoodActivity            com.example.nutrisaur11              D  FoodActivity: Set height from database: 171
2025-10-11 12:11:05.297  2749-2749  FoodActivity            com.example.nutrisaur11              D  Created user profile from database data: Pingol , Kevin C. (Age: 20, Weight: 50.0, Height: 171.0, Gender: Male, Activity: Moderate)
2025-10-11 12:11:05.297  2749-2749  CalorieCal...ionService com.example.nutrisaur11              D  Calculated BMR: 1473.75 for Pingol , Kevin C.
2025-10-11 12:11:05.297  2749-2749  CalorieCal...ionService com.example.nutrisaur11              D  Calculated TDEE: 2284.3125 (BMR: 1473.75 × Activity: 1.55)
2025-10-11 12:11:05.297  2749-2749  CalorieCal...ionService com.example.nutrisaur11              D  Calculated daily calorie target: 2784 (TDEE: 2284.3125 + Adjustment: 500.0)
2025-10-11 12:11:05.297  2749-2749  FoodActivity            com.example.nutrisaur11              D  Calculated daily calorie target: 2784
2025-10-11 12:11:05.297  2749-2749  FoodActivity            com.example.nutrisaur11              D  Kcal Goal Circle Update:
2025-10-11 12:11:05.297  2749-2749  FoodActivity            com.example.nutrisaur11              D    Total Daily Calories: 2784
2025-10-11 12:11:05.297  2749-2749  FoodActivity            com.example.nutrisaur11              D    Total Eaten Calories: 1400
2025-10-11 12:11:05.297  2749-2749  FoodActivity            com.example.nutrisaur11              D    Calories Left: 1384
2025-10-11 12:11:05.297  2749-2749  FoodActivity            com.example.nutrisaur11              D    Progress Percent: 50.287354%
2025-10-11 12:11:05.297  2749-2749  FoodActivity            com.example.nutrisaur11              D  Updating macronutrient data directly
2025-10-11 12:11:05.298  2749-2749  FoodActivity            com.example.nutrisaur11              D  FoodActivity Available database fields: [birthday, is_pregnant, muac_category, notes, weight_kg, nutritional_risk, height_cm, sex, municipality, muac_cm, screening_date, bmi_category, name, barangay, email, age, bmi, status]
2025-10-11 12:11:05.298  2749-2749  FoodActivity            com.example.nutrisaur11              D  Calculated age from birthday '2005-10-10': 20
2025-10-11 12:11:05.298  2749-2749  FoodActivity            com.example.nutrisaur11              D  FoodActivity Weight field lookup - weight_kg: '50', weight: 'null', final: '50'
2025-10-11 12:11:05.298  2749-2749  FoodActivity            com.example.nutrisaur11              D  FoodActivity: Set weight from database: 50
2025-10-11 12:11:05.298  2749-2749  FoodActivity            com.example.nutrisaur11              D  FoodActivity Height field lookup - height_cm: '171', height: 'null', final: '171'
2025-10-11 12:11:05.298  2749-2749  FoodActivity            com.example.nutrisaur11              D  FoodActivity: Set height from database: 171
2025-10-11 12:11:05.298  2749-2749  FoodActivity            com.example.nutrisaur11              D  Created user profile from database data: Pingol , Kevin C. (Age: 20, Weight: 50.0, Height: 171.0, Gender: Male, Activity: Moderate)
2025-10-11 12:11:05.298  2749-2749  CalorieCal...ionService com.example.nutrisaur11              D  Calculated BMR: 1473.75 for Pingol , Kevin C.
2025-10-11 12:11:05.298  2749-2749  CalorieCal...ionService com.example.nutrisaur11              D  Calculated TDEE: 2284.3125 (BMR: 1473.75 × Activity: 1.55)
2025-10-11 12:11:05.298  2749-2749  CalorieCal...ionService com.example.nutrisaur11              D  Calculated daily calorie target: 2784 (TDEE: 2284.3125 + Adjustment: 500.0)
2025-10-11 12:11:05.298  2749-2749  FoodActivity            com.example.nutrisaur11              D  Calculated macro targets - Protein: 153, Carbs: 375, Fat: 74
2025-10-11 12:11:05.298  2749-2749  FoodActivity            com.example.nutrisaur11              D  Macro Update:
2025-10-11 12:11:05.298  2749-2749  FoodActivity            com.example.nutrisaur11              D    Protein: 63/153 (eaten: 90)
2025-10-11 12:11:05.299  2749-2749  FoodActivity            com.example.nutrisaur11              D    Carbs: 310/375 (eaten: 65)
2025-10-11 12:11:05.299  2749-2749  FoodActivity            com.example.nutrisaur11              D    Fat: 0/74 (eaten: 85)
2025-10-11 12:11:05.299  2749-2749  FoodActivity            com.example.nutrisaur11              D  Updating meal progress texts with direct AddedFoodManager data
2025-10-11 12:11:05.300  2749-2749  FoodActivity            com.example.nutrisaur11              D  FoodActivity Available database fields: [birthday, is_pregnant, muac_category, notes, weight_kg, nutritional_risk, height_cm, sex, municipality, muac_cm, screening_date, bmi_category, name, barangay, email, age, bmi, status]
2025-10-11 12:11:05.300  2749-2749  FoodActivity            com.example.nutrisaur11              D  Calculated age from birthday '2005-10-10': 20
2025-10-11 12:11:05.300  2749-2749  FoodActivity            com.example.nutrisaur11              D  FoodActivity Weight field lookup - weight_kg: '50', weight: 'null', final: '50'
2025-10-11 12:11:05.300  2749-2749  FoodActivity            com.example.nutrisaur11              D  FoodActivity: Set weight from database: 50
2025-10-11 12:11:05.301  2749-2749  FoodActivity            com.example.nutrisaur11              D  FoodActivity Height field lookup - height_cm: '171', height: 'null', final: '171'
2025-10-11 12:11:05.301  2749-2749  FoodActivity            com.example.nutrisaur11              D  FoodActivity: Set height from database: 171
2025-10-11 12:11:05.301  2749-2749  FoodActivity            com.example.nutrisaur11              D  Created user profile from database data: Pingol , Kevin C. (Age: 20, Weight: 50.0, Height: 171.0, Gender: Male, Activity: Moderate)
2025-10-11 12:11:05.301  2749-2749  KcalSuggestionCache     com.example.nutrisaur11              D  User profile changed, cache invalid
2025-10-11 12:11:05.301  2749-2749  FoodActivity            com.example.nutrisaur11              D  No valid AI cache found, using fallback calculation...
2025-10-11 12:11:05.301  2749-2749  CalorieCal...ionService com.example.nutrisaur11              D  Calculated BMR: 1473.75 for Pingol , Kevin C.
2025-10-11 12:11:05.301  2749-2749  CalorieCal...ionService com.example.nutrisaur11              D  Calculated TDEE: 2284.3125 (BMR: 1473.75 × Activity: 1.55)
2025-10-11 12:11:05.301  2749-2749  CalorieCal...ionService com.example.nutrisaur11              D  Calculated daily calorie target: 2784 (TDEE: 2284.3125 + Adjustment: 500.0)
2025-10-11 12:11:05.301  2749-2749  FoodActivity            com.example.nutrisaur11              D  Using fallback calculation (AI will update cache): 2784
2025-10-11 12:11:05.301  2749-2749  FoodActivity            com.example.nutrisaur11              D  AI calculation already in progress, skipping...
2025-10-11 12:11:05.301  2749-2749  FoodActivity            com.example.nutrisaur11              D  Using AI-calculated total daily calories: 2784
2025-10-11 12:11:05.301  2749-2749  FoodActivity            com.example.nutrisaur11              D  FoodActivity Available database fields: [birthday, is_pregnant, muac_category, notes, weight_kg, nutritional_risk, height_cm, sex, municipality, muac_cm, screening_date, bmi_category, name, barangay, email, age, bmi, status]
2025-10-11 12:11:05.301  2749-2749  FoodActivity            com.example.nutrisaur11              D  Calculated age from birthday '2005-10-10': 20
2025-10-11 12:11:05.301  2749-2749  FoodActivity            com.example.nutrisaur11              D  FoodActivity Weight field lookup - weight_kg: '50', weight: 'null', final: '50'
2025-10-11 12:11:05.301  2749-2749  FoodActivity            com.example.nutrisaur11              D  FoodActivity: Set weight from database: 50
2025-10-11 12:11:05.301  2749-2749  FoodActivity            com.example.nutrisaur11              D  FoodActivity Height field lookup - height_cm: '171', height: 'null', final: '171'
2025-10-11 12:11:05.301  2749-2749  FoodActivity            com.example.nutrisaur11              D  FoodActivity: Set height from database: 171
2025-10-11 12:11:05.301  2749-2749  FoodActivity            com.example.nutrisaur11              D  Created user profile from database data: Pingol , Kevin C. (Age: 20, Weight: 50.0, Height: 171.0, Gender: Male, Activity: Moderate)
2025-10-11 12:11:05.301  2749-2749  CalorieCal...ionService com.example.nutrisaur11              D  Calculated meal distribution: Breakfast=696, Lunch=974, Dinner=835, Snacks=278
2025-10-11 12:11:05.301  2749-2749  FoodActivity            com.example.nutrisaur11              D  Calculated meal distribution: Breakfast=696, Lunch=974, Dinner=835, Snacks=278
2025-10-11 12:11:05.301  2749-2749  FoodActivity            com.example.nutrisaur11              D  Direct update Breakfast: 0 / 696 kcal (from 0 foods)
2025-10-11 12:11:05.302  2749-2749  FoodActivity            com.example.nutrisaur11              D  Set breakfast progress text to: 0 / 696 kcal
2025-10-11 12:11:05.302  2749-2749  FoodActivity            com.example.nutrisaur11              D  Direct update Lunch: 1400 / 974 kcal (from 3 foods)
2025-10-11 12:11:05.302  2749-2749  FoodActivity            com.example.nutrisaur11              D  Set lunch progress text to: 1400 / 974 kcal
2025-10-11 12:11:05.302  2749-2749  FoodActivity            com.example.nutrisaur11              D  Direct update Dinner: 0 / 835 kcal (from 0 foods)
2025-10-11 12:11:05.302  2749-2749  FoodActivity            com.example.nutrisaur11              D  Set dinner progress text to: 0 / 835 kcal
2025-10-11 12:11:05.302  2749-2749  FoodActivity            com.example.nutrisaur11              D  Direct update Snacks: 0 / 278 kcal (from 0 foods)
2025-10-11 12:11:05.302  2749-2749  FoodActivity            com.example.nutrisaur11              D  Set snacks progress text to: 0 / 278 kcal
2025-10-11 12:11:05.302  2749-2749  FoodActivity            com.example.nutrisaur11              D  Updating meal progress texts with direct AddedFoodManager data
2025-10-11 12:11:05.303  2749-2749  FoodActivity            com.example.nutrisaur11              D  FoodActivity Available database fields: [birthday, is_pregnant, muac_category, notes, weight_kg, nutritional_risk, height_cm, sex, municipality, muac_cm, screening_date, bmi_category, name, barangay, email, age, bmi, status]
2025-10-11 12:11:05.303  2749-2749  FoodActivity            com.example.nutrisaur11              D  Calculated age from birthday '2005-10-10': 20
2025-10-11 12:11:05.303  2749-2749  FoodActivity            com.example.nutrisaur11              D  FoodActivity Weight field lookup - weight_kg: '50', weight: 'null', final: '50'
2025-10-11 12:11:05.303  2749-2749  FoodActivity            com.example.nutrisaur11              D  FoodActivity: Set weight from database: 50
2025-10-11 12:11:05.303  2749-2749  FoodActivity            com.example.nutrisaur11              D  FoodActivity Height field lookup - height_cm: '171', height: 'null', final: '171'
2025-10-11 12:11:05.303  2749-2749  FoodActivity            com.example.nutrisaur11              D  FoodActivity: Set height from database: 171
2025-10-11 12:11:05.304  2749-2749  FoodActivity            com.example.nutrisaur11              D  Created user profile from database data: Pingol , Kevin C. (Age: 20, Weight: 50.0, Height: 171.0, Gender: Male, Activity: Moderate)
2025-10-11 12:11:05.304  2749-2749  KcalSuggestionCache     com.example.nutrisaur11              D  User profile changed, cache invalid
2025-10-11 12:11:05.304  2749-2749  FoodActivity            com.example.nutrisaur11              D  No valid AI cache found, using fallback calculation...
2025-10-11 12:11:05.304  2749-2749  CalorieCal...ionService com.example.nutrisaur11              D  Calculated BMR: 1473.75 for Pingol , Kevin C.
2025-10-11 12:11:05.304  2749-2749  CalorieCal...ionService com.example.nutrisaur11              D  Calculated TDEE: 2284.3125 (BMR: 1473.75 × Activity: 1.55)
2025-10-11 12:11:05.304  2749-2749  CalorieCal...ionService com.example.nutrisaur11              D  Calculated daily calorie target: 2784 (TDEE: 2284.3125 + Adjustment: 500.0)
2025-10-11 12:11:05.304  2749-2749  FoodActivity            com.example.nutrisaur11              D  Using fallback calculation (AI will update cache): 2784
2025-10-11 12:11:05.304  2749-2749  FoodActivity            com.example.nutrisaur11              D  AI calculation already in progress, skipping...
2025-10-11 12:11:05.304  2749-2749  FoodActivity            com.example.nutrisaur11              D  Using AI-calculated total daily calories: 2784
2025-10-11 12:11:05.304  2749-2749  FoodActivity            com.example.nutrisaur11              D  FoodActivity Available database fields: [birthday, is_pregnant, muac_category, notes, weight_kg, nutritional_risk, height_cm, sex, municipality, muac_cm, screening_date, bmi_category, name, barangay, email, age, bmi, status]
2025-10-11 12:11:05.304  2749-2749  FoodActivity            com.example.nutrisaur11              D  Calculated age from birthday '2005-10-10': 20
2025-10-11 12:11:05.304  2749-2749  FoodActivity            com.example.nutrisaur11              D  FoodActivity Weight field lookup - weight_kg: '50', weight: 'null', final: '50'
2025-10-11 12:11:05.304  2749-2749  FoodActivity            com.example.nutrisaur11              D  FoodActivity: Set weight from database: 50
2025-10-11 12:11:05.304  2749-2749  FoodActivity            com.example.nutrisaur11              D  FoodActivity Height field lookup - height_cm: '171', height: 'null', final: '171'
2025-10-11 12:11:05.304  2749-2749  FoodActivity            com.example.nutrisaur11              D  FoodActivity: Set height from database: 171
2025-10-11 12:11:05.304  2749-2749  FoodActivity            com.example.nutrisaur11              D  Created user profile from database data: Pingol , Kevin C. (Age: 20, Weight: 50.0, Height: 171.0, Gender: Male, Activity: Moderate)
2025-10-11 12:11:05.304  2749-2749  CalorieCal...ionService com.example.nutrisaur11              D  Calculated meal distribution: Breakfast=696, Lunch=974, Dinner=835, Snacks=278
2025-10-11 12:11:05.304  2749-2749  FoodActivity            com.example.nutrisaur11              D  Calculated meal distribution: Breakfast=696, Lunch=974, Dinner=835, Snacks=278
2025-10-11 12:11:05.304  2749-2749  FoodActivity            com.example.nutrisaur11              D  Direct update Breakfast: 0 / 696 kcal (from 0 foods)
2025-10-11 12:11:05.304  2749-2749  FoodActivity            com.example.nutrisaur11              D  Set breakfast progress text to: 0 / 696 kcal
2025-10-11 12:11:05.304  2749-2749  FoodActivity            com.example.nutrisaur11              D  Direct update Lunch: 1400 / 974 kcal (from 3 foods)
2025-10-11 12:11:05.305  2749-2749  FoodActivity            com.example.nutrisaur11              D  Set lunch progress text to: 1400 / 974 kcal
2025-10-11 12:11:05.305  2749-2749  FoodActivity            com.example.nutrisaur11              D  Direct update Dinner: 0 / 835 kcal (from 0 foods)
2025-10-11 12:11:05.305  2749-2749  FoodActivity            com.example.nutrisaur11              D  Set dinner progress text to: 0 / 835 kcal
2025-10-11 12:11:05.305  2749-2749  FoodActivity            com.example.nutrisaur11              D  Direct update Snacks: 0 / 278 kcal (from 0 foods)
2025-10-11 12:11:05.305  2749-2749  FoodActivity            com.example.nutrisaur11              D  Set snacks progress text to: 0 / 278 kcal
2025-10-11 12:11:05.305  2749-2749  FoodActivity            com.example.nutrisaur11              D  Updating macronutrient data directly
2025-10-11 12:11:05.306  2749-2749  FoodActivity            com.example.nutrisaur11              D  FoodActivity Available database fields: [birthday, is_pregnant, muac_category, notes, weight_kg, nutritional_risk, height_cm, sex, municipality, muac_cm, screening_date, bmi_category, name, barangay, email, age, bmi, status]
2025-10-11 12:11:05.306  2749-2749  FoodActivity            com.example.nutrisaur11              D  Calculated age from birthday '2005-10-10': 20
2025-10-11 12:11:05.306  2749-2749  FoodActivity            com.example.nutrisaur11              D  FoodActivity Weight field lookup - weight_kg: '50', weight: 'null', final: '50'
2025-10-11 12:11:05.306  2749-2749  FoodActivity            com.example.nutrisaur11              D  FoodActivity: Set weight from database: 50
2025-10-11 12:11:05.306  2749-2749  FoodActivity            com.example.nutrisaur11              D  FoodActivity Height field lookup - height_cm: '171', height: 'null', final: '171'
2025-10-11 12:11:05.306  2749-2749  FoodActivity            com.example.nutrisaur11              D  FoodActivity: Set height from database: 171
2025-10-11 12:11:05.306  2749-2749  FoodActivity            com.example.nutrisaur11              D  Created user profile from database data: Pingol , Kevin C. (Age: 20, Weight: 50.0, Height: 171.0, Gender: Male, Activity: Moderate)
2025-10-11 12:11:05.306  2749-2749  CalorieCal...ionService com.example.nutrisaur11              D  Calculated BMR: 1473.75 for Pingol , Kevin C.
2025-10-11 12:11:05.306  2749-2749  CalorieCal...ionService com.example.nutrisaur11              D  Calculated TDEE: 2284.3125 (BMR: 1473.75 × Activity: 1.55)
2025-10-11 12:11:05.306  2749-2749  CalorieCal...ionService com.example.nutrisaur11              D  Calculated daily calorie target: 2784 (TDEE: 2284.3125 + Adjustment: 500.0)
2025-10-11 12:11:05.306  2749-2749  FoodActivity            com.example.nutrisaur11              D  Calculated macro targets - Protein: 153, Carbs: 375, Fat: 74
2025-10-11 12:11:05.306  2749-2749  FoodActivity            com.example.nutrisaur11              D  Macro Update:
2025-10-11 12:11:05.306  2749-2749  FoodActivity            com.example.nutrisaur11              D    Protein: 63/153 (eaten: 90)
2025-10-11 12:11:05.306  2749-2749  FoodActivity            com.example.nutrisaur11              D    Carbs: 310/375 (eaten: 65)
2025-10-11 12:11:05.306  2749-2749  FoodActivity            com.example.nutrisaur11              D    Fat: 0/74 (eaten: 85)
2025-10-11 12:11:05.307  2749-2749  FoodActivity            com.example.nutrisaur11              D  Nutrition UI refreshed with updated AI data
2025-10-11 12:11:05.323  2749-8577  ApiClient               com.example.nutrisaur11              D  Response code: 200
2025-10-11 12:11:05.324  2749-8577  ApiClient               com.example.nutrisaur11              D  📥 Upload food response: {"success":true,"message":"Food entry added successfully","id":"240"}
2025-10-11 12:11:05.324  2749-8577  AddedFoodManager        com.example.nutrisaur11              D  ✅ Database storage call completed
2025-10-11 12:11:05.333  2749-8576  ApiClient               com.example.nutrisaur11              D  Response code: 200
2025-10-11 12:11:05.334  2749-8576  ApiClient               com.example.nutrisaur11              D  📥 Upload food response: {"success":true,"message":"Food entry added successfully","id":"241"}
2025-10-11 12:11:05.334  2749-8576  AddedFoodManager        com.example.nutrisaur11              D  ✅ Database storage call completed
2025-10-11 12:11:05.342  2749-8578  ApiClient               com.example.nutrisaur11              D  Response code: 200
2025-10-11 12:11:05.343  2749-8578  ApiClient               com.example.nutrisaur11              D  📥 Upload food response: {"success":true,"message":"Food entry added successfully","id":"242"}
2025-10-11 12:11:05.343  2749-8578  AddedFoodManager        com.example.nutrisaur11              D  ✅ Database storage call completed
2025-10-11 12:11:05.370  2749-2749  FoodActivity            com.example.nutrisaur11              D  Total eaten calories after sync: 1400
2025-10-11 12:11:05.371  2749-2749  FoodActivity            com.example.nutrisaur11              D  Updating eaten calories only (preserving daily target)
2025-10-11 12:11:05.371  2749-2749  FoodActivity            com.example.nutrisaur11              D  Total eaten calories for update: 1400
2025-10-11 12:11:05.371  2749-2749  FoodActivity            com.example.nutrisaur11              D  Using existing daily calorie target: 2784
2025-10-11 12:11:05.371  2749-2749  FoodActivity            com.example.nutrisaur11              D  Eaten Calories Only Update:
2025-10-11 12:11:05.371  2749-2749  FoodActivity            com.example.nutrisaur11              D    Total Daily Calories: 2784 (preserved)
2025-10-11 12:11:05.372  2749-2749  FoodActivity            com.example.nutrisaur11              D    Total Eaten Calories: 1400 (updated)
2025-10-11 12:11:05.372  2749-2749  FoodActivity            com.example.nutrisaur11              D    Calories Left: 1384
2025-10-11 12:11:05.372  2749-2749  FoodActivity            com.example.nutrisaur11              D    Progress Percent: 50.287354%
2025-10-11 12:11:05.372  2749-2749  FoodActivity            com.example.nutrisaur11              D  Updating macronutrient data directly
