2025-10-11 09:04:18.298 24273-24273 FoodActivity            com.example.nutrisaur11              D  ⏭️ Skipping: Sinigang na Baboy already exists in Lunch for 2025-10-11
2025-10-11 09:04:18.298 24273-24273 FoodActivity            com.example.nutrisaur11              D  ✅ Food history sync completed successfully
2025-10-11 09:04:18.299 24273-24273 FoodActivity            com.example.nutrisaur11              D  Refreshing UI after sync...
2025-10-11 09:04:18.299 24273-24273 FoodActivity            com.example.nutrisaur11              D  Refreshing meal progress on resume
2025-10-11 09:04:18.299 24273-24273 FoodActivity            com.example.nutrisaur11              D  Syncing CalorieTracker with AddedFoodManager for date: 2025-10-11
2025-10-11 09:04:18.303 24273-24273 CalorieTracker          com.example.nutrisaur11              D  Syncing with 9 added foods for date: 2025-10-11
2025-10-11 09:04:18.303 24273-24273 CalorieTracker          com.example.nutrisaur11              D    Daily foods: 9
2025-10-11 09:04:18.303 24273-24273 CalorieTracker          com.example.nutrisaur11              D  Available database fields: [birthday, is_pregnant, muac_category, notes, weight_kg, nutritional_risk, height_cm, sex, municipality, muac_cm, screening_date, bmi_category, name, barangay, email, age, bmi, status]
2025-10-11 09:04:18.303 24273-24273 CalorieTracker          com.example.nutrisaur11              D  Calculated age from birthday '2005-10-10': 20
2025-10-11 09:04:18.303 24273-24273 CalorieTracker          com.example.nutrisaur11              D  Weight field lookup - weight_kg: '50', weight: 'null', final: '50'
2025-10-11 09:04:18.303 24273-24273 CalorieTracker          com.example.nutrisaur11              D  Set weight from database: 50
2025-10-11 09:04:18.303 24273-24273 CalorieTracker          com.example.nutrisaur11              D  Height field lookup - height_cm: '171', height: 'null', final: '171'
2025-10-11 09:04:18.303 24273-24273 CalorieTracker          com.example.nutrisaur11              D  Set height from database: 171
2025-10-11 09:04:18.303 24273-24273 CalorieTracker          com.example.nutrisaur11              D  Created user profile from database data: Pingol , Kevin C. (Age: 20, Weight: 50.0, Height: 171.0, Gender: Male, Activity: Moderate)
2025-10-11 09:04:18.303 24273-24273 CalorieTracker          com.example.nutrisaur11              D  Using user profile from database data
2025-10-11 09:04:18.303 24273-24273 KcalSuggestionCache     com.example.nutrisaur11              D  User profile changed, cache invalid
2025-10-11 09:04:18.303 24273-24273 CalorieTracker          com.example.nutrisaur11              D  No valid AI cache found, using fallback calculation...
2025-10-11 09:04:18.303 24273-24273 CalorieCal...ionService com.example.nutrisaur11              D  Calculated BMR: 1473.75 for Pingol , Kevin C.
2025-10-11 09:04:18.303 24273-24273 CalorieCal...ionService com.example.nutrisaur11              D  Calculated TDEE: 2284.3125 (BMR: 1473.75 × Activity: 1.55)
2025-10-11 09:04:18.303 24273-24273 CalorieCal...ionService com.example.nutrisaur11              D  Calculated daily calorie target: 2784 (TDEE: 2284.3125 + Adjustment: 500.0)
2025-10-11 09:04:18.304 24273-24273 CalorieTracker          com.example.nutrisaur11              D  Using fallback calculation (AI will update cache): 2784
2025-10-11 09:04:18.304 24273-24273 CalorieTracker          com.example.nutrisaur11              D  Using AI-calculated daily calorie target: 2784
2025-10-11 09:04:18.304 24273-24273 CalorieCal...ionService com.example.nutrisaur11              D  Calculated meal distribution: Breakfast=696, Lunch=974, Dinner=835, Snacks=278
2025-10-11 09:04:18.304 24273-24273 CalorieTracker          com.example.nutrisaur11              D  Calculated meal distribution: Breakfast=696, Lunch=974, Dinner=835, Snacks=278
2025-10-11 09:04:18.304 24273-24273 CalorieTracker          com.example.nutrisaur11              D  Calculated meal distribution: {Breakfast=696, Dinner=835, Snacks=278, Lunch=974}
2025-10-11 09:04:18.304 24273-24273 CalorieTracker          com.example.nutrisaur11              D  Created Breakfast meal with 696 max calories
2025-10-11 09:04:18.304 24273-24273 CalorieTracker          com.example.nutrisaur11              D  Added Arroz Caldo (450 cal) to Breakfast for date 2025-10-11
2025-10-11 09:04:18.304 24273-24273 CalorieTracker          com.example.nutrisaur11              D  Added Longsilog (550 cal) to Breakfast for date 2025-10-11
2025-10-11 09:04:18.304 24273-24273 CalorieTracker          com.example.nutrisaur11              D  Added Tapsilog (600 cal) to Breakfast for date 2025-10-11
2025-10-11 09:04:18.304 24273-24273 CalorieTracker          com.example.nutrisaur11              D  Created Dinner meal with 835 max calories
2025-10-11 09:04:18.304 24273-24273 CalorieTracker          com.example.nutrisaur11              D  Added Kare-Kare (550 cal) to Dinner for date 2025-10-11
2025-10-11 09:04:18.304 24273-24273 CalorieTracker          com.example.nutrisaur11              D  Added Sinigang (400 cal) to Dinner for date 2025-10-11
2025-10-11 09:04:18.304 24273-24273 CalorieTracker          com.example.nutrisaur11              D  Added Adobo (480 cal) to Dinner for date 2025-10-11
2025-10-11 09:04:18.304 24273-24273 CalorieTracker          com.example.nutrisaur11              D  Created Lunch meal with 974 max calories
2025-10-11 09:04:18.304 24273-24273 CalorieTracker          com.example.nutrisaur11              D  Added Chicken Adobo (400 cal) to Lunch for date 2025-10-11
2025-10-11 09:04:18.304 24273-24273 CalorieTracker          com.example.nutrisaur11              D  Added Kare-Kare (550 cal) to Lunch for date 2025-10-11
2025-10-11 09:04:18.304 24273-24273 CalorieTracker          com.example.nutrisaur11              D  Added Sinigang na Baboy (450 cal) to Lunch for date 2025-10-11
2025-10-11 09:04:18.305 24273-24437 NutritionService        com.example.nutrisaur11              D  Starting nutrition recommendations...
2025-10-11 09:04:18.305 24273-24437 NutritionService        com.example.nutrisaur11              D  Getting user profile from SharedPreferences...
2025-10-11 09:04:18.305 24273-24437 NutritionService        com.example.nutrisaur11              D  User data: name=, age=25, weight=70.0, height=170.0
2025-10-11 09:04:18.305 24273-24437 NutritionService        com.example.nutrisaur11              D  User profile loaded: , BMI: 24.221453287197235
2025-10-11 09:04:18.305 24273-24437 KcalSuggestionCache     com.example.nutrisaur11              D  Cached kcal suggestion is valid
2025-10-11 09:04:18.305 24273-24437 NutritionService        com.example.nutrisaur11              D  Using cached kcal suggestion - user profile unchanged
2025-10-11 09:04:18.306 24273-24437 KcalSuggestionCache     com.example.nutrisaur11              D  Successfully loaded cached kcal suggestion
2025-10-11 09:04:18.306 24273-24437 CalorieTracker          com.example.nutrisaur11              D  Background AI calculation completed: 2545
2025-10-11 09:04:18.313 24273-24273 CalorieTracker          com.example.nutrisaur11              D  Synced CalorieTracker with AddedFoodManager for date 2025-10-11. Total meals: 3
2025-10-11 09:04:18.313 24273-24273 CalorieTracker          com.example.nutrisaur11              D  Meal Breakfast: 1600/696 kcal
2025-10-11 09:04:18.313 24273-24273 CalorieTracker          com.example.nutrisaur11              D  Meal Dinner: 1430/835 kcal
2025-10-11 09:04:18.313 24273-24273 CalorieTracker          com.example.nutrisaur11              D  Meal Lunch: 1400/974 kcal
2025-10-11 09:04:18.315 24273-24273 FoodActivity            com.example.nutrisaur11              D  Total eaten calories after sync: 4430
2025-10-11 09:04:18.315 24273-24273 FoodActivity            com.example.nutrisaur11              D  Updating eaten calories only (preserving daily target)
2025-10-11 09:04:18.317 24273-24273 FoodActivity            com.example.nutrisaur11              D  Total eaten calories for update: 4430
2025-10-11 09:04:18.317 24273-24273 FoodActivity            com.example.nutrisaur11              D  Using existing daily calorie target: 100
2025-10-11 09:04:18.317 24273-24273 FoodActivity            com.example.nutrisaur11              D  Eaten Calories Only Update:
2025-10-11 09:04:18.317 24273-24273 FoodActivity            com.example.nutrisaur11              D    Total Daily Calories: 100 (preserved)
2025-10-11 09:04:18.317 24273-24273 FoodActivity            com.example.nutrisaur11              D    Total Eaten Calories: 4430 (updated)
2025-10-11 09:04:18.317 24273-24273 FoodActivity            com.example.nutrisaur11              D    Calories Left: 0
2025-10-11 09:04:18.317 24273-24273 FoodActivity            com.example.nutrisaur11              D    Progress Percent: 4430.0%
2025-10-11 09:04:18.317 24273-24273 FoodActivity            com.example.nutrisaur11              D  Updating macronutrient data directly
2025-10-11 09:04:18.324 24273-24273 FoodActivity            com.example.nutrisaur11              D  FoodActivity Available database fields: [birthday, is_pregnant, muac_category, notes, weight_kg, nutritional_risk, height_cm, sex, municipality, muac_cm, screening_date, bmi_category, name, barangay, email, age, bmi, status]
2025-10-11 09:04:18.325 24273-24273 FoodActivity            com.example.nutrisaur11              D  Calculated age from birthday '2005-10-10': 20
2025-10-11 09:04:18.325 24273-24273 FoodActivity            com.example.nutrisaur11              D  FoodActivity Weight field lookup - weight_kg: '50', weight: 'null', final: '50'
2025-10-11 09:04:18.325 24273-24273 FoodActivity            com.example.nutrisaur11              D  FoodActivity: Set weight from database: 50
2025-10-11 09:04:18.325 24273-24273 FoodActivity            com.example.nutrisaur11              D  FoodActivity Height field lookup - height_cm: '171', height: 'null', final: '171'
2025-10-11 09:04:18.325 24273-24273 FoodActivity            com.example.nutrisaur11              D  FoodActivity: Set height from database: 171
2025-10-11 09:04:18.325 24273-24273 FoodActivity            com.example.nutrisaur11              D  Created user profile from database data: Pingol , Kevin C. (Age: 20, Weight: 50.0, Height: 171.0, Gender: Male, Activity: Moderate)
2025-10-11 09:04:18.325 24273-24273 CalorieCal...ionService com.example.nutrisaur11              D  Calculated BMR: 1473.75 for Pingol , Kevin C.
2025-10-11 09:04:18.325 24273-24273 CalorieCal...ionService com.example.nutrisaur11              D  Calculated TDEE: 2284.3125 (BMR: 1473.75 × Activity: 1.55)
2025-10-11 09:04:18.325 24273-24273 CalorieCal...ionService com.example.nutrisaur11              D  Calculated daily calorie target: 2784 (TDEE: 2284.3125 + Adjustment: 500.0)
2025-10-11 09:04:18.325 24273-24273 FoodActivity            com.example.nutrisaur11              D  Calculated macro targets - Protein: 153, Carbs: 375, Fat: 74
2025-10-11 09:04:18.325 24273-24273 FoodActivity            com.example.nutrisaur11              D  Macro Update:
2025-10-11 09:04:18.325 24273-24273 FoodActivity            com.example.nutrisaur11              D    Protein: 0/153 (eaten: 260)
2025-10-11 09:04:18.325 24273-24273 FoodActivity            com.example.nutrisaur11              D    Carbs: 80/375 (eaten: 295)
2025-10-11 09:04:18.325 24273-24273 FoodActivity            com.example.nutrisaur11              D    Fat: 0/74 (eaten: 235)
2025-10-11 09:04:18.327 24273-24273 FoodActivity            com.example.nutrisaur11              D  Updating meal progress texts with direct AddedFoodManager data
2025-10-11 09:04:18.331 24273-24273 FoodActivity            com.example.nutrisaur11              D  FoodActivity Available database fields: [birthday, is_pregnant, muac_category, notes, weight_kg, nutritional_risk, height_cm, sex, municipality, muac_cm, screening_date, bmi_category, name, barangay, email, age, bmi, status]
2025-10-11 09:04:18.331 24273-24273 FoodActivity            com.example.nutrisaur11              D  Calculated age from birthday '2005-10-10': 20
2025-10-11 09:04:18.331 24273-24273 FoodActivity            com.example.nutrisaur11              D  FoodActivity Weight field lookup - weight_kg: '50', weight: 'null', final: '50'
2025-10-11 09:04:18.331 24273-24273 FoodActivity            com.example.nutrisaur11              D  FoodActivity: Set weight from database: 50
2025-10-11 09:04:18.331 24273-24273 FoodActivity            com.example.nutrisaur11              D  FoodActivity Height field lookup - height_cm: '171', height: 'null', final: '171'
2025-10-11 09:04:18.331 24273-24273 FoodActivity            com.example.nutrisaur11              D  FoodActivity: Set height from database: 171
2025-10-11 09:04:18.331 24273-24273 FoodActivity            com.example.nutrisaur11              D  Created user profile from database data: Pingol , Kevin C. (Age: 20, Weight: 50.0, Height: 171.0, Gender: Male, Activity: Moderate)
2025-10-11 09:04:18.331 24273-24273 KcalSuggestionCache     com.example.nutrisaur11              D  User profile changed, cache invalid
2025-10-11 09:04:18.331 24273-24273 FoodActivity            com.example.nutrisaur11              D  No valid AI cache found, using fallback calculation...
2025-10-11 09:04:18.331 24273-24273 CalorieCal...ionService com.example.nutrisaur11              D  Calculated BMR: 1473.75 for Pingol , Kevin C.
2025-10-11 09:04:18.331 24273-24273 CalorieCal...ionService com.example.nutrisaur11              D  Calculated TDEE: 2284.3125 (BMR: 1473.75 × Activity: 1.55)
2025-10-11 09:04:18.331 24273-24273 CalorieCal...ionService com.example.nutrisaur11              D  Calculated daily calorie target: 2784 (TDEE: 2284.3125 + Adjustment: 500.0)
2025-10-11 09:04:18.331 24273-24273 FoodActivity            com.example.nutrisaur11              D  Using fallback calculation (AI will update cache): 2784
2025-10-11 09:04:18.331 24273-24273 FoodActivity            com.example.nutrisaur11              D  Starting background AI calculation...
2025-10-11 09:04:18.332 24273-24273 FoodActivity            com.example.nutrisaur11              D  Using AI-calculated total daily calories: 2784
2025-10-11 09:04:18.332 24273-24273 FoodActivity            com.example.nutrisaur11              D  FoodActivity Available database fields: [birthday, is_pregnant, muac_category, notes, weight_kg, nutritional_risk, height_cm, sex, municipality, muac_cm, screening_date, bmi_category, name, barangay, email, age, bmi, status]
2025-10-11 09:04:18.332 24273-24273 FoodActivity            com.example.nutrisaur11              D  Calculated age from birthday '2005-10-10': 20
2025-10-11 09:04:18.332 24273-24273 FoodActivity            com.example.nutrisaur11              D  FoodActivity Weight field lookup - weight_kg: '50', weight: 'null', final: '50'
2025-10-11 09:04:18.332 24273-24273 FoodActivity            com.example.nutrisaur11              D  FoodActivity: Set weight from database: 50
2025-10-11 09:04:18.332 24273-24273 FoodActivity            com.example.nutrisaur11              D  FoodActivity Height field lookup - height_cm: '171', height: 'null', final: '171'
2025-10-11 09:04:18.332 24273-24273 FoodActivity            com.example.nutrisaur11              D  FoodActivity: Set height from database: 171
2025-10-11 09:04:18.332 24273-24273 FoodActivity            com.example.nutrisaur11              D  Created user profile from database data: Pingol , Kevin C. (Age: 20, Weight: 50.0, Height: 171.0, Gender: Male, Activity: Moderate)
2025-10-11 09:04:18.332 24273-24273 CalorieCal...ionService com.example.nutrisaur11              D  Calculated meal distribution: Breakfast=696, Lunch=974, Dinner=835, Snacks=278
2025-10-11 09:04:18.332 24273-24273 FoodActivity            com.example.nutrisaur11              D  Calculated meal distribution: Breakfast=696, Lunch=974, Dinner=835, Snacks=278
2025-10-11 09:04:18.332 24273-24273 FoodActivity            com.example.nutrisaur11              D  Direct update Breakfast: 1600 / 696 kcal (from 3 foods)
2025-10-11 09:04:18.332 24273-24439 NutritionService        com.example.nutrisaur11              D  Starting nutrition recommendations...
2025-10-11 09:04:18.333 24273-24439 NutritionService        com.example.nutrisaur11              D  Getting user profile from SharedPreferences...
2025-10-11 09:04:18.333 24273-24273 FoodActivity            com.example.nutrisaur11              D  Set breakfast progress text to: 1600 / 696 kcal
2025-10-11 09:04:18.333 24273-24439 NutritionService        com.example.nutrisaur11              D  User data: name=, age=25, weight=70.0, height=170.0
2025-10-11 09:04:18.333 24273-24273 FoodActivity            com.example.nutrisaur11              D  Direct update Lunch: 1400 / 974 kcal (from 3 foods)
2025-10-11 09:04:18.333 24273-24439 NutritionService        com.example.nutrisaur11              D  User profile loaded: , BMI: 24.221453287197235
2025-10-11 09:04:18.333 24273-24439 KcalSuggestionCache     com.example.nutrisaur11              D  Cached kcal suggestion is valid
2025-10-11 09:04:18.333 24273-24439 NutritionService        com.example.nutrisaur11              D  Using cached kcal suggestion - user profile unchanged
2025-10-11 09:04:18.333 24273-24273 FoodActivity            com.example.nutrisaur11              D  Set lunch progress text to: 1400 / 974 kcal
2025-10-11 09:04:18.333 24273-24273 FoodActivity            com.example.nutrisaur11              D  Direct update Dinner: 1430 / 835 kcal (from 3 foods)
2025-10-11 09:04:18.333 24273-24439 KcalSuggestionCache     com.example.nutrisaur11              D  Successfully loaded cached kcal suggestion
2025-10-11 09:04:18.333 24273-24439 FoodActivity            com.example.nutrisaur11              D  Background AI calculation completed: 2545
2025-10-11 09:04:18.333 24273-24273 FoodActivity            com.example.nutrisaur11              D  Set dinner progress text to: 1430 / 835 kcal
2025-10-11 09:04:18.334 24273-24273 FoodActivity            com.example.nutrisaur11              D  Direct update Snacks: 0 / 278 kcal (from 0 foods)
2025-10-11 09:04:18.334 24273-24273 FoodActivity            com.example.nutrisaur11              D  Set snacks progress text to: 0 / 278 kcal
2025-10-11 09:04:18.334 24273-24273 FoodActivity            com.example.nutrisaur11              D  Updating meal progress texts with direct AddedFoodManager data
2025-10-11 09:04:18.338 24273-24273 FoodActivity            com.example.nutrisaur11              D  FoodActivity Available database fields: [birthday, is_pregnant, muac_category, notes, weight_kg, nutritional_risk, height_cm, sex, municipality, muac_cm, screening_date, bmi_category, name, barangay, email, age, bmi, status]
2025-10-11 09:04:18.338 24273-24273 FoodActivity            com.example.nutrisaur11              D  Calculated age from birthday '2005-10-10': 20
2025-10-11 09:04:18.338 24273-24273 FoodActivity            com.example.nutrisaur11              D  FoodActivity Weight field lookup - weight_kg: '50', weight: 'null', final: '50'
2025-10-11 09:04:18.338 24273-24273 FoodActivity            com.example.nutrisaur11              D  FoodActivity: Set weight from database: 50
2025-10-11 09:04:18.338 24273-24273 FoodActivity            com.example.nutrisaur11              D  FoodActivity Height field lookup - height_cm: '171', height: 'null', final: '171'
2025-10-11 09:04:18.338 24273-24273 FoodActivity            com.example.nutrisaur11              D  FoodActivity: Set height from database: 171
2025-10-11 09:04:18.338 24273-24273 FoodActivity            com.example.nutrisaur11              D  Created user profile from database data: Pingol , Kevin C. (Age: 20, Weight: 50.0, Height: 171.0, Gender: Male, Activity: Moderate)
2025-10-11 09:04:18.339 24273-24273 KcalSuggestionCache     com.example.nutrisaur11              D  User profile changed, cache invalid
2025-10-11 09:04:18.339 24273-24273 FoodActivity            com.example.nutrisaur11              D  No valid AI cache found, using fallback calculation...
2025-10-11 09:04:18.339 24273-24273 CalorieCal...ionService com.example.nutrisaur11              D  Calculated BMR: 1473.75 for Pingol , Kevin C.
2025-10-11 09:04:18.339 24273-24273 CalorieCal...ionService com.example.nutrisaur11              D  Calculated TDEE: 2284.3125 (BMR: 1473.75 × Activity: 1.55)
2025-10-11 09:04:18.339 24273-24273 CalorieCal...ionService com.example.nutrisaur11              D  Calculated daily calorie target: 2784 (TDEE: 2284.3125 + Adjustment: 500.0)
2025-10-11 09:04:18.339 24273-24273 FoodActivity            com.example.nutrisaur11              D  Using fallback calculation (AI will update cache): 2784
2025-10-11 09:04:18.339 24273-24273 FoodActivity            com.example.nutrisaur11              D  AI calculation already in progress, skipping...
2025-10-11 09:04:18.339 24273-24273 FoodActivity            com.example.nutrisaur11              D  Using AI-calculated total daily calories: 2784
2025-10-11 09:04:18.339 24273-24273 FoodActivity            com.example.nutrisaur11              D  FoodActivity Available database fields: [birthday, is_pregnant, muac_category, notes, weight_kg, nutritional_risk, height_cm, sex, municipality, muac_cm, screening_date, bmi_category, name, barangay, email, age, bmi, status]
2025-10-11 09:04:18.339 24273-24273 FoodActivity            com.example.nutrisaur11              D  Calculated age from birthday '2005-10-10': 20
2025-10-11 09:04:18.339 24273-24273 FoodActivity            com.example.nutrisaur11              D  FoodActivity Weight field lookup - weight_kg: '50', weight: 'null', final: '50'
2025-10-11 09:04:18.339 24273-24273 FoodActivity            com.example.nutrisaur11              D  FoodActivity: Set weight from database: 50
2025-10-11 09:04:18.339 24273-24273 FoodActivity            com.example.nutrisaur11              D  FoodActivity Height field lookup - height_cm: '171', height: 'null', final: '171'
2025-10-11 09:04:18.339 24273-24273 FoodActivity            com.example.nutrisaur11              D  FoodActivity: Set height from database: 171
2025-10-11 09:04:18.339 24273-24273 FoodActivity            com.example.nutrisaur11              D  Created user profile from database data: Pingol , Kevin C. (Age: 20, Weight: 50.0, Height: 171.0, Gender: Male, Activity: Moderate)
2025-10-11 09:04:18.339 24273-24273 CalorieCal...ionService com.example.nutrisaur11              D  Calculated meal distribution: Breakfast=696, Lunch=974, Dinner=835, Snacks=278
2025-10-11 09:04:18.339 24273-24273 FoodActivity            com.example.nutrisaur11              D  Calculated meal distribution: Breakfast=696, Lunch=974, Dinner=835, Snacks=278
2025-10-11 09:04:18.339 24273-24273 FoodActivity            com.example.nutrisaur11              D  Direct update Breakfast: 1600 / 696 kcal (from 3 foods)
2025-10-11 09:04:18.340 24273-24273 FoodActivity            com.example.nutrisaur11              D  Set breakfast progress text to: 1600 / 696 kcal
2025-10-11 09:04:18.340 24273-24273 FoodActivity            com.example.nutrisaur11              D  Direct update Lunch: 1400 / 974 kcal (from 3 foods)
2025-10-11 09:04:18.340 24273-24273 FoodActivity            com.example.nutrisaur11              D  Set lunch progress text to: 1400 / 974 kcal
2025-10-11 09:04:18.340 24273-24273 FoodActivity            com.example.nutrisaur11              D  Direct update Dinner: 1430 / 835 kcal (from 3 foods)
2025-10-11 09:04:18.341 24273-24273 FoodActivity            com.example.nutrisaur11              D  Set dinner progress text to: 1430 / 835 kcal
2025-10-11 09:04:18.341 24273-24273 FoodActivity            com.example.nutrisaur11              D  Direct update Snacks: 0 / 278 kcal (from 0 foods)
2025-10-11 09:04:18.341 24273-24273 FoodActivity            com.example.nutrisaur11              D  Set snacks progress text to: 0 / 278 kcal
2025-10-11 09:04:18.341 24273-24273 FoodActivity            com.example.nutrisaur11              D  Meal progress refreshed successfully
2025-10-11 09:04:18.353 24273-24273 Looper                  com.example.nutrisaur11              W  PerfMonitor doFrame : time=12ms vsyncFrame=0 latency=376ms procState=-1 historyMsgCount=10 (msgIndex=9 wall=305ms seq=225 running=293ms runnable=1ms h=android.os.Handler c=com.example.nutrisaur11.ApiClient$$ExternalSyntheticLambda1)
2025-10-11 09:04:18.355 24273-24273 SessionManager          com.example.nutrisaur11              D  User marked as idle
2025-10-11 09:04:18.360 24273-24273 MainActivity            com.example.nutrisaur11              D  Data update receiver unregistered
2025-10-11 09:04:18.382 24273-24273 FoodActivity            com.example.nutrisaur11              D  Loading nutrition data with user data from community_users table...
2025-10-11 09:04:18.383 24273-24273 DecorView[]             com.example.nutrisaur11              D  onWindowFocusChanged hasWindowFocus true
2025-10-11 09:04:18.383 24273-24439 NutritionService        com.example.nutrisaur11              D  Starting nutrition recommendations with database user data...
2025-10-11 09:04:18.384 24273-24439 NutritionService        com.example.nutrisaur11              D  Creating user profile from community_users table data...
2025-10-11 09:04:18.384 24273-24439 NutritionService        com.example.nutrisaur11              D  Calculated age from birthday '2005-10-10': 20
2025-10-11 09:04:18.384 24273-24439 NutritionService        com.example.nutrisaur11              D  Database user data: name=Pingol , Kevin C., age=20, weight=50.0, height=171.0, gender=Male
2025-10-11 09:04:18.385 24273-24439 NutritionService        com.example.nutrisaur11              D  User profile created from database: Pingol , Kevin C., BMI: 17.09927841045108
2025-10-11 09:04:18.385 24273-24439 KcalSuggestionCache     com.example.nutrisaur11              D  User profile changed, cache invalid
2025-10-11 09:04:18.385 24273-24439 NutritionService        com.example.nutrisaur11              D  User profile changed or cache expired - calculating new nutrition data...
2025-10-11 09:04:18.385 24273-24439 NutritionService        com.example.nutrisaur11              D  Calculating nutrition data for user: Pingol , Kevin C.
2025-10-11 09:04:18.385 24273-24439 CalorieCal...ionService com.example.nutrisaur11              D  Calculated BMR: 1473.75 for Pingol , Kevin C.
2025-10-11 09:04:18.385 24273-24439 CalorieCal...ionService com.example.nutrisaur11              D  Calculated TDEE: 2284.3125 (BMR: 1473.75 × Activity: 1.55)
2025-10-11 09:04:18.385 24273-24439 CalorieCal...ionService com.example.nutrisaur11              D  Calculated daily calorie target: 2784 (TDEE: 2284.3125 + Adjustment: 500.0)
2025-10-11 09:04:18.385 24273-24439 CalorieCal...ionService com.example.nutrisaur11              D  Calculated protein target: 110.00000000000001g (2.2g/kg)
2025-10-11 09:04:18.386 24273-24439 CalorieCal...ionService com.example.nutrisaur11              D  Calculated fat target: 92.8g (30% of 2784 calories)
2025-10-11 09:04:18.386 24273-24439 CalorieCal...ionService com.example.nutrisaur11              D  Calculated carb target: 377.20000000000005g
2025-10-11 09:04:18.386 24273-24439 CalorieCal...ionService com.example.nutrisaur11              D  Calculated meal distribution: Breakfast=696, Lunch=974, Dinner=835, Snacks=278
2025-10-11 09:04:18.386 24273-24439 NutritionService        com.example.nutrisaur11              D  Calculated nutrition data: 2784 calories, 110.00000000000001g protein, 377.20000000000005g carbs, 92.8g fat
2025-10-11 09:04:18.387 24273-24439 KcalSuggestionCache     com.example.nutrisaur11              D  Successfully cached kcal suggestion for user profile hash: 1159270992
2025-10-11 09:04:18.387 24273-24439 NutritionService        com.example.nutrisaur11              D  Cached new kcal suggestion for updated user profile
2025-10-11 09:04:18.387 24273-24273 FoodActivity            com.example.nutrisaur11              D  Refreshing nutrition UI with updated AI data...
2025-10-11 09:04:18.388 24273-24273 FoodActivity            com.example.nutrisaur11              D  Updating kcal goal circle directly
2025-10-11 09:04:18.391 24273-24273 FoodActivity            com.example.nutrisaur11              D  Total eaten calories for circle update: 4430
2025-10-11 09:04:18.391 24273-24273 FoodActivity            com.example.nutrisaur11              D  FoodActivity Available database fields: [birthday, is_pregnant, muac_category, notes, weight_kg, nutritional_risk, height_cm, sex, municipality, muac_cm, screening_date, bmi_category, name, barangay, email, age, bmi, status]
2025-10-11 09:04:18.391 24273-24273 FoodActivity            com.example.nutrisaur11              D  Calculated age from birthday '2005-10-10': 20
2025-10-11 09:04:18.391 24273-24273 FoodActivity            com.example.nutrisaur11              D  FoodActivity Weight field lookup - weight_kg: '50', weight: 'null', final: '50'
2025-10-11 09:04:18.391 24273-24273 FoodActivity            com.example.nutrisaur11              D  FoodActivity: Set weight from database: 50
2025-10-11 09:04:18.391 24273-24273 FoodActivity            com.example.nutrisaur11              D  FoodActivity Height field lookup - height_cm: '171', height: 'null', final: '171'
2025-10-11 09:04:18.391 24273-24273 FoodActivity            com.example.nutrisaur11              D  FoodActivity: Set height from database: 171
2025-10-11 09:04:18.392 24273-24273 FoodActivity            com.example.nutrisaur11              D  Created user profile from database data: Pingol , Kevin C. (Age: 20, Weight: 50.0, Height: 171.0, Gender: Male, Activity: Moderate)
2025-10-11 09:04:18.392 24273-24273 CalorieCal...ionService com.example.nutrisaur11              D  Calculated BMR: 1473.75 for Pingol , Kevin C.
2025-10-11 09:04:18.392 24273-24273 CalorieCal...ionService com.example.nutrisaur11              D  Calculated TDEE: 2284.3125 (BMR: 1473.75 × Activity: 1.55)
2025-10-11 09:04:18.392 24273-24273 CalorieCal...ionService com.example.nutrisaur11              D  Calculated daily calorie target: 2784 (TDEE: 2284.3125 + Adjustment: 500.0)
2025-10-11 09:04:18.392 24273-24273 FoodActivity            com.example.nutrisaur11              D  Calculated daily calorie target: 2784
2025-10-11 09:04:18.392 24273-24273 FoodActivity            com.example.nutrisaur11              D  Kcal Goal Circle Update:
2025-10-11 09:04:18.392 24273-24273 FoodActivity            com.example.nutrisaur11              D    Total Daily Calories: 2784
2025-10-11 09:04:18.392 24273-24273 FoodActivity            com.example.nutrisaur11              D    Total Eaten Calories: 4430
2025-10-11 09:04:18.392 24273-24273 FoodActivity            com.example.nutrisaur11              D    Calories Left: 0
2025-10-11 09:04:18.392 24273-24273 FoodActivity            com.example.nutrisaur11              D    Progress Percent: 159.12357%
2025-10-11 09:04:18.392 24273-24273 FoodActivity            com.example.nutrisaur11              D  Updating macronutrient data directly
2025-10-11 09:04:18.404 24273-24273 FoodActivity            com.example.nutrisaur11              D  FoodActivity Available database fields: [birthday, is_pregnant, muac_category, notes, weight_kg, nutritional_risk, height_cm, sex, municipality, muac_cm, screening_date, bmi_category, name, barangay, email, age, bmi, status]
2025-10-11 09:04:18.404 24273-24273 FoodActivity            com.example.nutrisaur11              D  Calculated age from birthday '2005-10-10': 20
2025-10-11 09:04:18.404 24273-24273 FoodActivity            com.example.nutrisaur11              D  FoodActivity Weight field lookup - weight_kg: '50', weight: 'null', final: '50'
2025-10-11 09:04:18.404 24273-24273 FoodActivity            com.example.nutrisaur11              D  FoodActivity: Set weight from database: 50
2025-10-11 09:04:18.404 24273-24273 FoodActivity            com.example.nutrisaur11              D  FoodActivity Height field lookup - height_cm: '171', height: 'null', final: '171'
2025-10-11 09:04:18.404 24273-24273 FoodActivity            com.example.nutrisaur11              D  FoodActivity: Set height from database: 171
2025-10-11 09:04:18.405 24273-24273 FoodActivity            com.example.nutrisaur11              D  Created user profile from database data: Pingol , Kevin C. (Age: 20, Weight: 50.0, Height: 171.0, Gender: Male, Activity: Moderate)
2025-10-11 09:04:18.405 24273-24273 CalorieCal...ionService com.example.nutrisaur11              D  Calculated BMR: 1473.75 for Pingol , Kevin C.
2025-10-11 09:04:18.405 24273-24273 CalorieCal...ionService com.example.nutrisaur11              D  Calculated TDEE: 2284.3125 (BMR: 1473.75 × Activity: 1.55)
2025-10-11 09:04:18.405 24273-24273 CalorieCal...ionService com.example.nutrisaur11              D  Calculated daily calorie target: 2784 (TDEE: 2284.3125 + Adjustment: 500.0)
2025-10-11 09:04:18.405 24273-24273 FoodActivity            com.example.nutrisaur11              D  Calculated macro targets - Protein: 153, Carbs: 375, Fat: 74
2025-10-11 09:04:18.405 24273-24273 FoodActivity            com.example.nutrisaur11              D  Macro Update:
2025-10-11 09:04:18.405 24273-24273 FoodActivity            com.example.nutrisaur11              D    Protein: 0/153 (eaten: 260)
2025-10-11 09:04:18.405 24273-24273 FoodActivity            com.example.nutrisaur11              D    Carbs: 80/375 (eaten: 295)
2025-10-11 09:04:18.405 24273-24273 FoodActivity            com.example.nutrisaur11              D    Fat: 0/74 (eaten: 235)
2025-10-11 09:04:18.406 24273-24273 FoodActivity            com.example.nutrisaur11              D  Updating meal progress texts with direct AddedFoodManager data
2025-10-11 09:04:18.411 24273-24273 FoodActivity            com.example.nutrisaur11              D  FoodActivity Available database fields: [birthday, is_pregnant, muac_category, notes, weight_kg, nutritional_risk, height_cm, sex, municipality, muac_cm, screening_date, bmi_category, name, barangay, email, age, bmi, status]
2025-10-11 09:04:18.411 24273-24273 FoodActivity            com.example.nutrisaur11              D  Calculated age from birthday '2005-10-10': 20
2025-10-11 09:04:18.411 24273-24273 FoodActivity            com.example.nutrisaur11              D  FoodActivity Weight field lookup - weight_kg: '50', weight: 'null', final: '50'
2025-10-11 09:04:18.411 24273-24273 FoodActivity            com.example.nutrisaur11              D  FoodActivity: Set weight from database: 50
2025-10-11 09:04:18.411 24273-24273 FoodActivity            com.example.nutrisaur11              D  FoodActivity Height field lookup - height_cm: '171', height: 'null', final: '171'
2025-10-11 09:04:18.411 24273-24273 FoodActivity            com.example.nutrisaur11              D  FoodActivity: Set height from database: 171
2025-10-11 09:04:18.412 24273-24273 FoodActivity            com.example.nutrisaur11              D  Created user profile from database data: Pingol , Kevin C. (Age: 20, Weight: 50.0, Height: 171.0, Gender: Male, Activity: Moderate)
2025-10-11 09:04:18.412 24273-24273 KcalSuggestionCache     com.example.nutrisaur11              D  User profile changed, cache invalid
2025-10-11 09:04:18.412 24273-24273 FoodActivity            com.example.nutrisaur11              D  No valid AI cache found, using fallback calculation...
2025-10-11 09:04:18.412 24273-24273 CalorieCal...ionService com.example.nutrisaur11              D  Calculated BMR: 1473.75 for Pingol , Kevin C.
2025-10-11 09:04:18.412 24273-24273 CalorieCal...ionService com.example.nutrisaur11              D  Calculated TDEE: 2284.3125 (BMR: 1473.75 × Activity: 1.55)
2025-10-11 09:04:18.412 24273-24273 CalorieCal...ionService com.example.nutrisaur11              D  Calculated daily calorie target: 2784 (TDEE: 2284.3125 + Adjustment: 500.0)
2025-10-11 09:04:18.412 24273-24273 FoodActivity            com.example.nutrisaur11              D  Using fallback calculation (AI will update cache): 2784
2025-10-11 09:04:18.412 24273-24273 FoodActivity            com.example.nutrisaur11              D  AI calculation already in progress, skipping...
2025-10-11 09:04:18.412 24273-24273 FoodActivity            com.example.nutrisaur11              D  Using AI-calculated total daily calories: 2784
2025-10-11 09:04:18.412 24273-24273 FoodActivity            com.example.nutrisaur11              D  FoodActivity Available database fields: [birthday, is_pregnant, muac_category, notes, weight_kg, nutritional_risk, height_cm, sex, municipality, muac_cm, screening_date, bmi_category, name, barangay, email, age, bmi, status]
2025-10-11 09:04:18.412 24273-24273 FoodActivity            com.example.nutrisaur11              D  Calculated age from birthday '2005-10-10': 20
2025-10-11 09:04:18.412 24273-24273 FoodActivity            com.example.nutrisaur11              D  FoodActivity Weight field lookup - weight_kg: '50', weight: 'null', final: '50'
2025-10-11 09:04:18.413 24273-24273 FoodActivity            com.example.nutrisaur11              D  FoodActivity: Set weight from database: 50
2025-10-11 09:04:18.413 24273-24273 FoodActivity            com.example.nutrisaur11              D  FoodActivity Height field lookup - height_cm: '171', height: 'null', final: '171'
2025-10-11 09:04:18.413 24273-24273 FoodActivity            com.example.nutrisaur11              D  FoodActivity: Set height from database: 171
2025-10-11 09:04:18.413 24273-24273 FoodActivity            com.example.nutrisaur11              D  Created user profile from database data: Pingol , Kevin C. (Age: 20, Weight: 50.0, Height: 171.0, Gender: Male, Activity: Moderate)
2025-10-11 09:04:18.413 24273-24273 CalorieCal...ionService com.example.nutrisaur11              D  Calculated meal distribution: Breakfast=696, Lunch=974, Dinner=835, Snacks=278
2025-10-11 09:04:18.413 24273-24273 FoodActivity            com.example.nutrisaur11              D  Calculated meal distribution: Breakfast=696, Lunch=974, Dinner=835, Snacks=278
2025-10-11 09:04:18.413 24273-24273 FoodActivity            com.example.nutrisaur11              D  Direct update Breakfast: 1600 / 696 kcal (from 3 foods)
2025-10-11 09:04:18.413 24273-24273 FoodActivity            com.example.nutrisaur11              D  Set breakfast progress text to: 1600 / 696 kcal
2025-10-11 09:04:18.413 24273-24273 FoodActivity            com.example.nutrisaur11              D  Direct update Lunch: 1400 / 974 kcal (from 3 foods)
2025-10-11 09:04:18.414 24273-24273 FoodActivity            com.example.nutrisaur11              D  Set lunch progress text to: 1400 / 974 kcal
2025-10-11 09:04:18.414 24273-24273 FoodActivity            com.example.nutrisaur11              D  Direct update Dinner: 1430 / 835 kcal (from 3 foods)
2025-10-11 09:04:18.414 24273-24273 FoodActivity            com.example.nutrisaur11              D  Set dinner progress text to: 1430 / 835 kcal
2025-10-11 09:04:18.414 24273-24273 FoodActivity            com.example.nutrisaur11              D  Direct update Snacks: 0 / 278 kcal (from 0 foods)
2025-10-11 09:04:18.415 24273-24273 FoodActivity            com.example.nutrisaur11              D  Set snacks progress text to: 0 / 278 kcal
2025-10-11 09:04:18.415 24273-24273 FoodActivity            com.example.nutrisaur11              D  Updating meal progress texts with direct AddedFoodManager data
2025-10-11 09:04:18.420 24273-24273 FoodActivity            com.example.nutrisaur11              D  FoodActivity Available database fields: [birthday, is_pregnant, muac_category, notes, weight_kg, nutritional_risk, height_cm, sex, municipality, muac_cm, screening_date, bmi_category, name, barangay, email, age, bmi, status]
2025-10-11 09:04:18.420 24273-24273 FoodActivity            com.example.nutrisaur11              D  Calculated age from birthday '2005-10-10': 20
2025-10-11 09:04:18.420 24273-24273 FoodActivity            com.example.nutrisaur11              D  FoodActivity Weight field lookup - weight_kg: '50', weight: 'null', final: '50'
2025-10-11 09:04:18.420 24273-24273 FoodActivity            com.example.nutrisaur11              D  FoodActivity: Set weight from database: 50
2025-10-11 09:04:18.420 24273-24273 FoodActivity            com.example.nutrisaur11              D  FoodActivity Height field lookup - height_cm: '171', height: 'null', final: '171'
2025-10-11 09:04:18.420 24273-24273 FoodActivity            com.example.nutrisaur11              D  FoodActivity: Set height from database: 171
2025-10-11 09:04:18.420 24273-24273 FoodActivity            com.example.nutrisaur11              D  Created user profile from database data: Pingol , Kevin C. (Age: 20, Weight: 50.0, Height: 171.0, Gender: Male, Activity: Moderate)
2025-10-11 09:04:18.420 24273-24273 KcalSuggestionCache     com.example.nutrisaur11              D  User profile changed, cache invalid
2025-10-11 09:04:18.420 24273-24273 FoodActivity            com.example.nutrisaur11              D  No valid AI cache found, using fallback calculation...
2025-10-11 09:04:18.420 24273-24273 CalorieCal...ionService com.example.nutrisaur11              D  Calculated BMR: 1473.75 for Pingol , Kevin C.
2025-10-11 09:04:18.421 24273-24273 CalorieCal...ionService com.example.nutrisaur11              D  Calculated TDEE: 2284.3125 (BMR: 1473.75 × Activity: 1.55)
2025-10-11 09:04:18.421 24273-24273 CalorieCal...ionService com.example.nutrisaur11              D  Calculated daily calorie target: 2784 (TDEE: 2284.3125 + Adjustment: 500.0)
2025-10-11 09:04:18.421 24273-24273 FoodActivity            com.example.nutrisaur11              D  Using fallback calculation (AI will update cache): 2784
2025-10-11 09:04:18.421 24273-24273 FoodActivity            com.example.nutrisaur11              D  AI calculation already in progress, skipping...
2025-10-11 09:04:18.421 24273-24273 FoodActivity            com.example.nutrisaur11              D  Using AI-calculated total daily calories: 2784
2025-10-11 09:04:18.421 24273-24273 FoodActivity            com.example.nutrisaur11              D  FoodActivity Available database fields: [birthday, is_pregnant, muac_category, notes, weight_kg, nutritional_risk, height_cm, sex, municipality, muac_cm, screening_date, bmi_category, name, barangay, email, age, bmi, status]
2025-10-11 09:04:18.421 24273-24273 FoodActivity            com.example.nutrisaur11              D  Calculated age from birthday '2005-10-10': 20
2025-10-11 09:04:18.421 24273-24273 FoodActivity            com.example.nutrisaur11              D  FoodActivity Weight field lookup - weight_kg: '50', weight: 'null', final: '50'
2025-10-11 09:04:18.421 24273-24273 FoodActivity            com.example.nutrisaur11              D  FoodActivity: Set weight from database: 50
2025-10-11 09:04:18.421 24273-24273 FoodActivity            com.example.nutrisaur11              D  FoodActivity Height field lookup - height_cm: '171', height: 'null', final: '171'
2025-10-11 09:04:18.421 24273-24273 FoodActivity            com.example.nutrisaur11              D  FoodActivity: Set height from database: 171
2025-10-11 09:04:18.421 24273-24273 FoodActivity            com.example.nutrisaur11              D  Created user profile from database data: Pingol , Kevin C. (Age: 20, Weight: 50.0, Height: 171.0, Gender: Male, Activity: Moderate)
2025-10-11 09:04:18.421 24273-24273 CalorieCal...ionService com.example.nutrisaur11              D  Calculated meal distribution: Breakfast=696, Lunch=974, Dinner=835, Snacks=278
2025-10-11 09:04:18.421 24273-24273 FoodActivity            com.example.nutrisaur11              D  Calculated meal distribution: Breakfast=696, Lunch=974, Dinner=835, Snacks=278
2025-10-11 09:04:18.421 24273-24273 FoodActivity            com.example.nutrisaur11              D  Direct update Breakfast: 1600 / 696 kcal (from 3 foods)
2025-10-11 09:04:18.422 24273-24273 FoodActivity            com.example.nutrisaur11              D  Set breakfast progress text to: 1600 / 696 kcal
2025-10-11 09:04:18.422 24273-24273 FoodActivity            com.example.nutrisaur11              D  Direct update Lunch: 1400 / 974 kcal (from 3 foods)
2025-10-11 09:04:18.422 24273-24273 FoodActivity            com.example.nutrisaur11              D  Set lunch progress text to: 1400 / 974 kcal
2025-10-11 09:04:18.422 24273-24273 FoodActivity            com.example.nutrisaur11              D  Direct update Dinner: 1430 / 835 kcal (from 3 foods)
2025-10-11 09:04:18.423 24273-24273 FoodActivity            com.example.nutrisaur11              D  Set dinner progress text to: 1430 / 835 kcal
2025-10-11 09:04:18.423 24273-24273 FoodActivity            com.example.nutrisaur11              D  Direct update Snacks: 0 / 278 kcal (from 0 foods)
2025-10-11 09:04:18.423 24273-24273 FoodActivity            com.example.nutrisaur11              D  Set snacks progress text to: 0 / 278 kcal
2025-10-11 09:04:18.423 24273-24273 FoodActivity            com.example.nutrisaur11              D  Updating macronutrient data directly
2025-10-11 09:04:18.430 24273-24273 FoodActivity            com.example.nutrisaur11              D  FoodActivity Available database fields: [birthday, is_pregnant, muac_category, notes, weight_kg, nutritional_risk, height_cm, sex, municipality, muac_cm, screening_date, bmi_category, name, barangay, email, age, bmi, status]
2025-10-11 09:04:18.431 24273-24273 FoodActivity            com.example.nutrisaur11              D  Calculated age from birthday '2005-10-10': 20
2025-10-11 09:04:18.431 24273-24273 FoodActivity            com.example.nutrisaur11              D  FoodActivity Weight field lookup - weight_kg: '50', weight: 'null', final: '50'
2025-10-11 09:04:18.431 24273-24273 FoodActivity            com.example.nutrisaur11              D  FoodActivity: Set weight from database: 50
2025-10-11 09:04:18.431 24273-24273 FoodActivity            com.example.nutrisaur11              D  FoodActivity Height field lookup - height_cm: '171', height: 'null', final: '171'
2025-10-11 09:04:18.431 24273-24273 FoodActivity            com.example.nutrisaur11              D  FoodActivity: Set height from database: 171
2025-10-11 09:04:18.431 24273-24273 FoodActivity            com.example.nutrisaur11              D  Created user profile from database data: Pingol , Kevin C. (Age: 20, Weight: 50.0, Height: 171.0, Gender: Male, Activity: Moderate)
2025-10-11 09:04:18.431 24273-24273 CalorieCal...ionService com.example.nutrisaur11              D  Calculated BMR: 1473.75 for Pingol , Kevin C.
2025-10-11 09:04:18.431 24273-24273 CalorieCal...ionService com.example.nutrisaur11              D  Calculated TDEE: 2284.3125 (BMR: 1473.75 × Activity: 1.55)
2025-10-11 09:04:18.431 24273-24273 CalorieCal...ionService com.example.nutrisaur11              D  Calculated daily calorie target: 2784 (TDEE: 2284.3125 + Adjustment: 500.0)
2025-10-11 09:04:18.431 24273-24273 FoodActivity            com.example.nutrisaur11              D  Calculated macro targets - Protein: 153, Carbs: 375, Fat: 74
2025-10-11 09:04:18.431 24273-24273 FoodActivity            com.example.nutrisaur11              D  Macro Update:
2025-10-11 09:04:18.431 24273-24273 FoodActivity            com.example.nutrisaur11              D    Protein: 0/153 (eaten: 260)
2025-10-11 09:04:18.431 24273-24273 FoodActivity            com.example.nutrisaur11              D    Carbs: 80/375 (eaten: 295)
2025-10-11 09:04:18.431 24273-24273 FoodActivity            com.example.nutrisaur11              D    Fat: 0/74 (eaten: 235)
2025-10-11 09:04:18.432 24273-24273 FoodActivity            com.example.nutrisaur11              D  Nutrition UI refreshed with updated AI data
2025-10-11 09:04:18.440 24273-24273 FoodActivity            com.example.nutrisaur11              D  Updating nutrition UI with data
2025-10-11 09:04:18.445 24273-24273 AddedFoodManager        com.example.nutrisaur11              D  getDailyFoods returned: 3 meal categories for 2025-10-11
2025-10-11 09:04:18.445 24273-24273 AddedFoodManager        com.example.nutrisaur11              D  Meal category Breakfast has 3 foods
2025-10-11 09:04:18.445 24273-24273 AddedFoodManager        com.example.nutrisaur11              D    - Arroz Caldo in Breakfast
2025-10-11 09:04:18.445 24273-24273 AddedFoodManager        com.example.nutrisaur11              D    - Longsilog in Breakfast
2025-10-11 09:04:18.445 24273-24273 AddedFoodManager        com.example.nutrisaur11              D    - Tapsilog in Breakfast
2025-10-11 09:04:18.446 24273-24273 AddedFoodManager        com.example.nutrisaur11              D  Meal category Dinner has 3 foods
2025-10-11 09:04:18.446 24273-24273 AddedFoodManager        com.example.nutrisaur11              D    - Kare-Kare in Dinner
2025-10-11 09:04:18.446 24273-24273 AddedFoodManager        com.example.nutrisaur11              D    - Sinigang in Dinner
2025-10-11 09:04:18.446 24273-24273 AddedFoodManager        com.example.nutrisaur11              D    - Adobo in Dinner
2025-10-11 09:04:18.446 24273-24273 AddedFoodManager        com.example.nutrisaur11              D  Meal category Lunch has 3 foods
2025-10-11 09:04:18.446 24273-24273 AddedFoodManager        com.example.nutrisaur11              D    - Chicken Adobo in Lunch
2025-10-11 09:04:18.446 24273-24273 AddedFoodManager        com.example.nutrisaur11              D    - Kare-Kare in Lunch
2025-10-11 09:04:18.446 24273-24273 AddedFoodManager        com.example.nutrisaur11              D    - Sinigang na Baboy in Lunch
2025-10-11 09:04:18.446 24273-24273 AddedFoodManager        com.example.nutrisaur11              D  Retrieved 9 foods from daily storage for 2025-10-11
2025-10-11 09:04:18.446 24273-24273 CalorieTracker          com.example.nutrisaur11              D  Syncing with 9 added foods
2025-10-11 09:04:18.447 24273-24273 CalorieTracker          com.example.nutrisaur11              D  Cleared SharedPreferences user profile cache to force fresh database data
