2025-10-10 04:41:03.092 29255-29255 SessionManager          com.example.nutrisaur11              D  User interaction recorded at: 1760042463092
2025-10-10 04:41:03.092 29255-29255 SessionManager          com.example.nutrisaur11              D  === REAL-TIME SESSION VALIDATION ===
2025-10-10 04:41:03.092 29255-29255 SessionManager          com.example.nutrisaur11              D  Using cached valid session
2025-10-10 04:41:03.092 29255-29255 CommunityUserManager    com.example.nutrisaur11              D  === CHECKING ARCHIVE STATUS ===
2025-10-10 04:41:03.092 29255-29255 CommunityUserManager    com.example.nutrisaur11              D  === FORCE REFRESHING USER DATA FROM DATABASE ===
2025-10-10 04:41:03.092 29255-29255 CommunityUserManager    com.example.nutrisaur11              D  Force refreshing data for: kevinpotatrue@gmail.com
2025-10-10 04:41:03.092 29255-29255 CommunityUserManager    com.example.nutrisaur11              D  === CHECKING USER EXISTENCE ===
2025-10-10 04:41:03.093 29255-29371 CommunityUserManager    com.example.nutrisaur11              D  Making API request to: https://nutrisaur-production.up.railway.app/api/DatabaseAPI.php?action=get_community_user_data
2025-10-10 04:41:03.093 29255-29371 CommunityUserManager    com.example.nutrisaur11              D  Request data: {"email":"kevinpotatrue@gmail.com"}
2025-10-10 04:41:03.093 29255-29255 CommunityUserManager    com.example.nutrisaur11              D  === FORCE REFRESHING USER DATA FROM DATABASE ===
2025-10-10 04:41:03.093 29255-29255 CommunityUserManager    com.example.nutrisaur11              D  Force refreshing data for: kevinpotatrue@gmail.com
2025-10-10 04:41:03.093 29255-29255 CommunityUserManager    com.example.nutrisaur11              D  === CHECKING ARCHIVE STATUS ===
2025-10-10 04:41:03.093 29255-29255 CommunityUserManager    com.example.nutrisaur11              D  === FORCE REFRESHING USER DATA FROM DATABASE ===
2025-10-10 04:41:03.093 29255-29255 CommunityUserManager    com.example.nutrisaur11              D  Force refreshing data for: kevinpotatrue@gmail.com
2025-10-10 04:41:03.094 29255-29255 FoodActivity            com.example.nutrisaur11              D  FoodActivity onResume - refreshing meal progress
2025-10-10 04:41:03.094 29255-29255 FoodActivity            com.example.nutrisaur11              D  Refreshing meal progress on resume
2025-10-10 04:41:03.094 29255-29255 FoodActivity            com.example.nutrisaur11              D  Syncing CalorieTracker with AddedFoodManager for date: 2025-10-10
2025-10-10 04:41:03.094 29255-29372 CommunityUserManager    com.example.nutrisaur11              D  Making API request to: https://nutrisaur-production.up.railway.app/api/DatabaseAPI.php?action=get_community_user_data
2025-10-10 04:41:03.094 29255-29372 CommunityUserManager    com.example.nutrisaur11              D  Request data: {"email":"kevinpotatrue@gmail.com"}
2025-10-10 04:41:03.094 29255-29373 CommunityUserManager    com.example.nutrisaur11              D  Making API request to: https://nutrisaur-production.up.railway.app/api/DatabaseAPI.php?action=get_community_user_data
2025-10-10 04:41:03.094 29255-29373 CommunityUserManager    com.example.nutrisaur11              D  Request data: {"email":"kevinpotatrue@gmail.com"}
2025-10-10 04:41:03.100 29255-29255 CalorieTracker          com.example.nutrisaur11              D  Syncing with 1 added foods for date: 2025-10-10
2025-10-10 04:41:03.100 29255-29255 CalorieTracker          com.example.nutrisaur11              D    Daily foods: 1
2025-10-10 04:41:03.100 29255-29255 CalorieTracker          com.example.nutrisaur11              D  Available database fields: [birthday, is_pregnant, muac_category, notes, weight_kg, nutritional_risk, height_cm, sex, municipality, muac_cm, screening_date, bmi_category, name, barangay, email, age, bmi, status]
2025-10-10 04:41:03.101 29255-29255 CalorieTracker          com.example.nutrisaur11              D  Calculated age from birthday '2005-10-20': 19
2025-10-10 04:41:03.101 29255-29255 CalorieTracker          com.example.nutrisaur11              D  Weight field lookup - weight_kg: '65', weight: 'null', final: '65'
2025-10-10 04:41:03.101 29255-29255 CalorieTracker          com.example.nutrisaur11              D  Set weight from database: 65
2025-10-10 04:41:03.101 29255-29255 CalorieTracker          com.example.nutrisaur11              D  Height field lookup - height_cm: '170', height: 'null', final: '170'
2025-10-10 04:41:03.101 29255-29255 CalorieTracker          com.example.nutrisaur11              D  Set height from database: 170
2025-10-10 04:41:03.102 29255-29255 CalorieTracker          com.example.nutrisaur11              D  Created user profile from database data: Joshua Hernandez (Age: 19, Weight: 65.0, Height: 170.0, Gender: Male, Activity: Moderate)
2025-10-10 04:41:03.102 29255-29255 CalorieTracker          com.example.nutrisaur11              D  Using user profile from database data
2025-10-10 04:41:03.103 29255-29255 KcalSuggestionCache     com.example.nutrisaur11              D  User profile changed, cache invalid
2025-10-10 04:41:03.103 29255-29255 CalorieTracker          com.example.nutrisaur11              D  No valid AI cache found, using fallback calculation...
2025-10-10 04:41:03.103 29255-29255 CalorieCal...ionService com.example.nutrisaur11              D  Calculated BMR: 1622.5 for Joshua Hernandez
2025-10-10 04:41:03.103 29255-29255 CalorieCal...ionService com.example.nutrisaur11              D  Calculated TDEE: 2514.875 (BMR: 1622.5 × Activity: 1.55)
2025-10-10 04:41:03.103 29255-29255 CalorieCal...ionService com.example.nutrisaur11              D  Calculated daily calorie target: 2514 (TDEE: 2514.875 + Adjustment: 0.0)
2025-10-10 04:41:03.103 29255-29255 CalorieTracker          com.example.nutrisaur11              D  Using fallback calculation (AI will update cache): 2514
2025-10-10 04:41:03.103 29255-29255 CalorieTracker          com.example.nutrisaur11              D  Using AI-calculated daily calorie target: 2514
2025-10-10 04:41:03.103 29255-29255 CalorieCal...ionService com.example.nutrisaur11              D  Calculated meal distribution: Breakfast=628, Lunch=879, Dinner=754, Snacks=251
2025-10-10 04:41:03.104 29255-29255 CalorieTracker          com.example.nutrisaur11              D  Calculated meal distribution: Breakfast=628, Lunch=879, Dinner=754, Snacks=251
2025-10-10 04:41:03.104 29255-29255 CalorieTracker          com.example.nutrisaur11              D  Calculated meal distribution: {Breakfast=628, Dinner=754, Snacks=251, Lunch=879}
2025-10-10 04:41:03.104 29255-29255 CalorieTracker          com.example.nutrisaur11              D  Created Breakfast meal with 628 max calories
2025-10-10 04:41:03.104 29255-29255 CalorieTracker          com.example.nutrisaur11              D  Added Vegan Cream of Mushroom Soup (350 cal) to Breakfast for date 2025-10-10
2025-10-10 04:41:03.106 29255-29375 NutritionService        com.example.nutrisaur11              D  Starting nutrition recommendations...
2025-10-10 04:41:03.106 29255-29375 NutritionService        com.example.nutrisaur11              D  Getting user profile from SharedPreferences...
2025-10-10 04:41:03.106 29255-29375 NutritionService        com.example.nutrisaur11              D  User data: name=, age=25, weight=70.0, height=170.0
2025-10-10 04:41:03.107 29255-29375 NutritionService        com.example.nutrisaur11              D  User profile loaded: , BMI: 24.221453287197235
2025-10-10 04:41:03.107 29255-29375 KcalSuggestionCache     com.example.nutrisaur11              D  Cached kcal suggestion is valid
2025-10-10 04:41:03.107 29255-29375 NutritionService        com.example.nutrisaur11              D  Using cached kcal suggestion - user profile unchanged
2025-10-10 04:41:03.109 29255-29255 CalorieTracker          com.example.nutrisaur11              D  Synced CalorieTracker with AddedFoodManager for date 2025-10-10. Total meals: 1
2025-10-10 04:41:03.109 29255-29375 KcalSuggestionCache     com.example.nutrisaur11              D  Successfully loaded cached kcal suggestion
2025-10-10 04:41:03.109 29255-29375 CalorieTracker          com.example.nutrisaur11              D  Background AI calculation completed: 2545
2025-10-10 04:41:03.109 29255-29255 CalorieTracker          com.example.nutrisaur11              D  Meal Breakfast: 350/628 kcal
2025-10-10 04:41:03.119 29255-29255 FoodActivity            com.example.nutrisaur11              D  Loading nutrition data for selected date: 2025-10-10
2025-10-10 04:41:03.119 29255-29255 FoodActivity            com.example.nutrisaur11              D  Loading nutrition data with user data from community_users table...
2025-10-10 04:41:03.120 29255-29385 NutritionService        com.example.nutrisaur11              D  Starting nutrition recommendations with database user data...
2025-10-10 04:41:03.120 29255-29385 NutritionService        com.example.nutrisaur11              D  Creating user profile from community_users table data...
2025-10-10 04:41:03.120 29255-29385 NutritionService        com.example.nutrisaur11              D  Calculated age from birthday '2005-10-20': 19
2025-10-10 04:41:03.121 29255-29385 NutritionService        com.example.nutrisaur11              D  Database user data: name=Joshua Hernandez, age=19, weight=65.0, height=170.0, gender=Male
2025-10-10 04:41:03.121 29255-29385 NutritionService        com.example.nutrisaur11              D  User profile created from database: Joshua Hernandez, BMI: 22.49134948096886
2025-10-10 04:41:03.121 29255-29385 KcalSuggestionCache     com.example.nutrisaur11              D  User profile changed, cache invalid
2025-10-10 04:41:03.121 29255-29385 NutritionService        com.example.nutrisaur11              D  User profile changed or cache expired - calculating new nutrition data...
2025-10-10 04:41:03.121 29255-29385 NutritionService        com.example.nutrisaur11              D  Calculating nutrition data for user: Joshua Hernandez
2025-10-10 04:41:03.121 29255-29385 CalorieCal...ionService com.example.nutrisaur11              D  Calculated BMR: 1622.5 for Joshua Hernandez
2025-10-10 04:41:03.121 29255-29385 CalorieCal...ionService com.example.nutrisaur11              D  Calculated TDEE: 2514.875 (BMR: 1622.5 × Activity: 1.55)
2025-10-10 04:41:03.121 29255-29385 CalorieCal...ionService com.example.nutrisaur11              D  Calculated daily calorie target: 2514 (TDEE: 2514.875 + Adjustment: 0.0)
2025-10-10 04:41:03.121 29255-29385 CalorieCal...ionService com.example.nutrisaur11              D  Calculated protein target: 104.0g (1.6g/kg)
2025-10-10 04:41:03.121 29255-29385 CalorieCal...ionService com.example.nutrisaur11              D  Calculated fat target: 83.8g (30% of 2514 calories)
2025-10-10 04:41:03.121 29255-29385 CalorieCal...ionService com.example.nutrisaur11              D  Calculated carb target: 335.95000000000005g
2025-10-10 04:41:03.121 29255-29385 CalorieCal...ionService com.example.nutrisaur11              D  Calculated meal distribution: Breakfast=628, Lunch=879, Dinner=754, Snacks=251
2025-10-10 04:41:03.122 29255-29385 NutritionService        com.example.nutrisaur11              D  Calculated nutrition data: 2514 calories, 104.0g protein, 335.95000000000005g carbs, 83.8g fat
2025-10-10 04:41:03.122 29255-29385 KcalSuggestionCache     com.example.nutrisaur11              D  Successfully cached kcal suggestion for user profile hash: -1283725558
2025-10-10 04:41:03.122 29255-29385 NutritionService        com.example.nutrisaur11              D  Cached new kcal suggestion for updated user profile
2025-10-10 04:41:03.260 29255-29255 DecorView[]             com.example.nutrisaur11              D  onWindowFocusChanged hasWindowFocus false
2025-10-10 04:41:03.261 29255-29255 FoodActivity            com.example.nutrisaur11              D  Updating nutrition UI with data
2025-10-10 04:41:03.264 29255-29255 AddedFoodManager        com.example.nutrisaur11              D  getDailyFoods returned: 1 meal categories for 2025-10-10
2025-10-10 04:41:03.264 29255-29255 AddedFoodManager        com.example.nutrisaur11              D  Meal category Breakfast has 1 foods
2025-10-10 04:41:03.264 29255-29255 AddedFoodManager        com.example.nutrisaur11              D    - Vegan Cream of Mushroom Soup in Breakfast
2025-10-10 04:41:03.264 29255-29255 AddedFoodManager        com.example.nutrisaur11              D  Retrieved 1 foods from daily storage for 2025-10-10
2025-10-10 04:41:03.264 29255-29255 CalorieTracker          com.example.nutrisaur11              D  Syncing with 1 added foods
2025-10-10 04:41:03.270 29255-29255 CalorieTracker          com.example.nutrisaur11              D  Cleared SharedPreferences user profile cache to force fresh database data
2025-10-10 04:41:03.270 29255-29255 CalorieTracker          com.example.nutrisaur11              W  No user profile found in SharedPreferences - will use database data
2025-10-10 04:41:03.270 29255-29255 CalorieTracker          com.example.nutrisaur11              D  Using user profile from SharedPreferences
2025-10-10 04:41:03.270 29255-29255 CalorieTracker          com.example.nutrisaur11              W  No user profile found, using default meal distribution
2025-10-10 04:41:03.270 29255-29255 CalorieTracker          com.example.nutrisaur11              D  Calculated meal distribution: {Breakfast=500, Dinner=600, Snacks=200, Lunch=700}
2025-10-10 04:41:03.270 29255-29255 CalorieTracker          com.example.nutrisaur11              D  Created Breakfast meal with 500 max calories
2025-10-10 04:41:03.270 29255-29255 CalorieTracker          com.example.nutrisaur11              D  Added Vegan Cream of Mushroom Soup (350 cal) to Breakfast
2025-10-10 04:41:03.272 29255-29255 CalorieTracker          com.example.nutrisaur11              D  Synced CalorieTracker with AddedFoodManager. Total meals: 1
2025-10-10 04:41:03.272 29255-29255 CalorieTracker          com.example.nutrisaur11              D  Meal Breakfast: 350/500 kcal
2025-10-10 04:41:03.273 29255-29255 FoodActivity            com.example.nutrisaur11              D  FoodActivity Available database fields: [birthday, is_pregnant, muac_category, notes, weight_kg, nutritional_risk, height_cm, sex, municipality, muac_cm, screening_date, bmi_category, name, barangay, email, age, bmi, status]
2025-10-10 04:41:03.273 29255-29255 FoodActivity            com.example.nutrisaur11              D  Calculated age from birthday '2005-10-20': 19
2025-10-10 04:41:03.273 29255-29255 FoodActivity            com.example.nutrisaur11              D  FoodActivity Weight field lookup - weight_kg: '65', weight: 'null', final: '65'
2025-10-10 04:41:03.273 29255-29255 FoodActivity            com.example.nutrisaur11              D  FoodActivity: Set weight from database: 65
2025-10-10 04:41:03.273 29255-29255 FoodActivity            com.example.nutrisaur11              D  FoodActivity Height field lookup - height_cm: '170', height: 'null', final: '170'
2025-10-10 04:41:03.273 29255-29255 FoodActivity            com.example.nutrisaur11              D  FoodActivity: Set height from database: 170
2025-10-10 04:41:03.273 29255-29255 FoodActivity            com.example.nutrisaur11              D  Created user profile from database data: Joshua Hernandez (Age: 19, Weight: 65.0, Height: 170.0, Gender: Male, Activity: Moderate)
2025-10-10 04:41:03.273 29255-29255 CalorieCal...ionService com.example.nutrisaur11              D  Calculated BMR: 1622.5 for Joshua Hernandez
2025-10-10 04:41:03.273 29255-29255 CalorieCal...ionService com.example.nutrisaur11              D  Calculated TDEE: 2514.875 (BMR: 1622.5 × Activity: 1.55)
2025-10-10 04:41:03.273 29255-29255 CalorieCal...ionService com.example.nutrisaur11              D  Calculated daily calorie target: 2514 (TDEE: 2514.875 + Adjustment: 0.0)
2025-10-10 04:41:03.273 29255-29255 FoodActivity            com.example.nutrisaur11              D  updateCalorieData - Calculated daily calorie target: 2514
2025-10-10 04:41:03.273 29255-29255 FoodActivity            com.example.nutrisaur11              D  === CALORIE UPDATE ===
2025-10-10 04:41:03.274 29255-29255 FoodActivity            com.example.nutrisaur11              D  Total Daily Calories: 2514
2025-10-10 04:41:03.274 29255-29255 FoodActivity            com.example.nutrisaur11              D  Total Eaten Calories: 350
2025-10-10 04:41:03.274 29255-29255 FoodActivity            com.example.nutrisaur11              D  Calories Left: 2164
2025-10-10 04:41:03.274 29255-29255 FoodActivity            com.example.nutrisaur11              D  Calories Burned: 0
2025-10-10 04:41:03.274 29255-29255 FoodActivity            com.example.nutrisaur11              D  Updating meal progress texts with direct AddedFoodManager data
2025-10-10 04:41:03.279 29255-29255 FoodActivity            com.example.nutrisaur11              D  FoodActivity Available database fields: [birthday, is_pregnant, muac_category, notes, weight_kg, nutritional_risk, height_cm, sex, municipality, muac_cm, screening_date, bmi_category, name, barangay, email, age, bmi, status]
2025-10-10 04:41:03.280 29255-29255 FoodActivity            com.example.nutrisaur11              D  Calculated age from birthday '2005-10-20': 19
2025-10-10 04:41:03.280 29255-29255 FoodActivity            com.example.nutrisaur11              D  FoodActivity Weight field lookup - weight_kg: '65', weight: 'null', final: '65'
2025-10-10 04:41:03.280 29255-29255 FoodActivity            com.example.nutrisaur11              D  FoodActivity: Set weight from database: 65
2025-10-10 04:41:03.280 29255-29255 FoodActivity            com.example.nutrisaur11              D  FoodActivity Height field lookup - height_cm: '170', height: 'null', final: '170'
2025-10-10 04:41:03.280 29255-29255 FoodActivity            com.example.nutrisaur11              D  FoodActivity: Set height from database: 170
2025-10-10 04:41:03.280 29255-29255 FoodActivity            com.example.nutrisaur11              D  Created user profile from database data: Joshua Hernandez (Age: 19, Weight: 65.0, Height: 170.0, Gender: Male, Activity: Moderate)
2025-10-10 04:41:03.280 29255-29255 KcalSuggestionCache     com.example.nutrisaur11              D  User profile changed, cache invalid
2025-10-10 04:41:03.280 29255-29255 FoodActivity            com.example.nutrisaur11              D  No valid AI cache found, using fallback calculation...
2025-10-10 04:41:03.280 29255-29255 CalorieCal...ionService com.example.nutrisaur11              D  Calculated BMR: 1622.5 for Joshua Hernandez
2025-10-10 04:41:03.280 29255-29255 CalorieCal...ionService com.example.nutrisaur11              D  Calculated TDEE: 2514.875 (BMR: 1622.5 × Activity: 1.55)
2025-10-10 04:41:03.280 29255-29255 CalorieCal...ionService com.example.nutrisaur11              D  Calculated daily calorie target: 2514 (TDEE: 2514.875 + Adjustment: 0.0)
2025-10-10 04:41:03.280 29255-29255 FoodActivity            com.example.nutrisaur11              D  Using fallback calculation (AI will update cache): 2514
2025-10-10 04:41:03.280 29255-29255 FoodActivity            com.example.nutrisaur11              D  Starting background AI calculation...
2025-10-10 04:41:03.280 29255-29255 FoodActivity            com.example.nutrisaur11              D  Using AI-calculated total daily calories: 2514
2025-10-10 04:41:03.280 29255-29255 FoodActivity            com.example.nutrisaur11              D  FoodActivity Available database fields: [birthday, is_pregnant, muac_category, notes, weight_kg, nutritional_risk, height_cm, sex, municipality, muac_cm, screening_date, bmi_category, name, barangay, email, age, bmi, status]
2025-10-10 04:41:03.281 29255-29255 FoodActivity            com.example.nutrisaur11              D  Calculated age from birthday '2005-10-20': 19
2025-10-10 04:41:03.281 29255-29255 FoodActivity            com.example.nutrisaur11              D  FoodActivity Weight field lookup - weight_kg: '65', weight: 'null', final: '65'
2025-10-10 04:41:03.281 29255-29255 FoodActivity            com.example.nutrisaur11              D  FoodActivity: Set weight from database: 65
2025-10-10 04:41:03.281 29255-29255 FoodActivity            com.example.nutrisaur11              D  FoodActivity Height field lookup - height_cm: '170', height: 'null', final: '170'
2025-10-10 04:41:03.281 29255-29255 FoodActivity            com.example.nutrisaur11              D  FoodActivity: Set height from database: 170
2025-10-10 04:41:03.281 29255-29255 FoodActivity            com.example.nutrisaur11              D  Created user profile from database data: Joshua Hernandez (Age: 19, Weight: 65.0, Height: 170.0, Gender: Male, Activity: Moderate)
2025-10-10 04:41:03.281 29255-29255 CalorieCal...ionService com.example.nutrisaur11              D  Calculated meal distribution: Breakfast=628, Lunch=879, Dinner=754, Snacks=251
2025-10-10 04:41:03.281 29255-29255 FoodActivity            com.example.nutrisaur11              D  Calculated meal distribution: Breakfast=628, Lunch=879, Dinner=754, Snacks=251
2025-10-10 04:41:03.281 29255-29255 FoodActivity            com.example.nutrisaur11              D  Direct update Breakfast: 350 / 628 kcal (from 1 foods)
2025-10-10 04:41:03.281 29255-29255 FoodActivity            com.example.nutrisaur11              D  Set breakfast progress text to: 350 / 628 kcal
2025-10-10 04:41:03.282 29255-29255 FoodActivity            com.example.nutrisaur11              D  Direct update Lunch: 0 / 879 kcal (from 0 foods)
2025-10-10 04:41:03.282 29255-29255 FoodActivity            com.example.nutrisaur11              D  Set lunch progress text to: 0 / 879 kcal
2025-10-10 04:41:03.282 29255-29255 FoodActivity            com.example.nutrisaur11              D  Direct update Dinner: 0 / 754 kcal (from 0 foods)
2025-10-10 04:41:03.282 29255-29255 FoodActivity            com.example.nutrisaur11              D  Set dinner progress text to: 0 / 754 kcal
2025-10-10 04:41:03.282 29255-29255 FoodActivity            com.example.nutrisaur11              D  Direct update Snacks: 0 / 251 kcal (from 0 foods)
2025-10-10 04:41:03.283 29255-29255 FoodActivity            com.example.nutrisaur11              D  Set snacks progress text to: 0 / 251 kcal
2025-10-10 04:41:03.283 29255-29255 FoodActivity            com.example.nutrisaur11              D  Calorie data updated and saved to SharedPreferences
2025-10-10 04:41:03.287 29255-29255 FoodActivity            com.example.nutrisaur11              D  Macronutrients remaining - Protein: 96/104, Carbs: 310/335, Fat: 58/83
2025-10-10 04:41:03.288 29255-29255 FoodActivity            com.example.nutrisaur11              D  Walking Calories: 0
2025-10-10 04:41:03.288 29255-29255 FoodActivity            com.example.nutrisaur11              D  Activity Calories: 0
2025-10-10 04:41:03.291 29255-29255 CalorieTracker          com.example.nutrisaur11              D  Syncing with 1 added foods for date: 2025-10-10
2025-10-10 04:41:03.291 29255-29255 CalorieTracker          com.example.nutrisaur11              D    Daily foods: 1
2025-10-10 04:41:03.291 29255-29255 CalorieTracker          com.example.nutrisaur11              D  Available database fields: [birthday, is_pregnant, muac_category, notes, weight_kg, nutritional_risk, height_cm, sex, municipality, muac_cm, screening_date, bmi_category, name, barangay, email, age, bmi, status]
2025-10-10 04:41:03.292 29255-29385 NutritionService        com.example.nutrisaur11              D  Starting nutrition recommendations...
2025-10-10 04:41:03.292 29255-29385 NutritionService        com.example.nutrisaur11              D  Getting user profile from SharedPreferences...
2025-10-10 04:41:03.292 29255-29385 NutritionService        com.example.nutrisaur11              D  User data: name=, age=25, weight=70.0, height=170.0
2025-10-10 04:41:03.292 29255-29385 NutritionService        com.example.nutrisaur11              D  User profile loaded: , BMI: 24.221453287197235
2025-10-10 04:41:03.292 29255-29255 CalorieTracker          com.example.nutrisaur11              D  Calculated age from birthday '2005-10-20': 19
2025-10-10 04:41:03.292 29255-29255 CalorieTracker          com.example.nutrisaur11              D  Weight field lookup - weight_kg: '65', weight: 'null', final: '65'
2025-10-10 04:41:03.292 29255-29385 KcalSuggestionCache     com.example.nutrisaur11              D  User profile changed, cache invalid
2025-10-10 04:41:03.293 29255-29385 NutritionService        com.example.nutrisaur11              D  User profile changed or cache expired - calculating new nutrition data...
2025-10-10 04:41:03.293 29255-29385 NutritionService        com.example.nutrisaur11              D  Calculating nutrition data for user: 
2025-10-10 04:41:03.293 29255-29255 CalorieTracker          com.example.nutrisaur11              D  Set weight from database: 65
2025-10-10 04:41:03.293 29255-29385 CalorieCal...ionService com.example.nutrisaur11              D  Calculated BMR: 1642.5 for 
2025-10-10 04:41:03.293 29255-29255 CalorieTracker          com.example.nutrisaur11              D  Height field lookup - height_cm: '170', height: 'null', final: '170'
2025-10-10 04:41:03.293 29255-29255 CalorieTracker          com.example.nutrisaur11              D  Set height from database: 170
2025-10-10 04:41:03.293 29255-29255 CalorieTracker          com.example.nutrisaur11              D  Created user profile from database data: Joshua Hernandez (Age: 19, Weight: 65.0, Height: 170.0, Gender: Male, Activity: Moderate)
2025-10-10 04:41:03.293 29255-29385 CalorieCal...ionService com.example.nutrisaur11              D  Calculated TDEE: 2545.875 (BMR: 1642.5 × Activity: 1.55)
2025-10-10 04:41:03.293 29255-29255 CalorieTracker          com.example.nutrisaur11              D  Using user profile from database data
2025-10-10 04:41:03.293 29255-29385 CalorieCal...ionService com.example.nutrisaur11              D  Calculated daily calorie target: 2545 (TDEE: 2545.875 + Adjustment: 0.0)
2025-10-10 04:41:03.293 29255-29385 CalorieCal...ionService com.example.nutrisaur11              D  Calculated protein target: 112.0g (1.6g/kg)
2025-10-10 04:41:03.293 29255-29385 CalorieCal...ionService com.example.nutrisaur11              D  Calculated fat target: 84.83333333333333g (30% of 2545 calories)
2025-10-10 04:41:03.293 29255-29255 KcalSuggestionCache     com.example.nutrisaur11              D  User profile changed, cache invalid
2025-10-10 04:41:03.293 29255-29255 CalorieTracker          com.example.nutrisaur11              D  No valid AI cache found, using fallback calculation...
2025-10-10 04:41:03.293 29255-29385 CalorieCal...ionService com.example.nutrisaur11              D  Calculated carb target: 333.375g
2025-10-10 04:41:03.293 29255-29255 CalorieCal...ionService com.example.nutrisaur11              D  Calculated BMR: 1622.5 for Joshua Hernandez
2025-10-10 04:41:03.293 29255-29385 CalorieCal...ionService com.example.nutrisaur11              D  Calculated meal distribution: Breakfast=636, Lunch=890, Dinner=763, Snacks=254
2025-10-10 04:41:03.293 29255-29255 CalorieCal...ionService com.example.nutrisaur11              D  Calculated TDEE: 2514.875 (BMR: 1622.5 × Activity: 1.55)
2025-10-10 04:41:03.293 29255-29255 CalorieCal...ionService com.example.nutrisaur11              D  Calculated daily calorie target: 2514 (TDEE: 2514.875 + Adjustment: 0.0)
2025-10-10 04:41:03.293 29255-29255 CalorieTracker          com.example.nutrisaur11              D  Using fallback calculation (AI will update cache): 2514
2025-10-10 04:41:03.294 29255-29255 CalorieTracker          com.example.nutrisaur11              D  Using AI-calculated daily calorie target: 2514
2025-10-10 04:41:03.294 29255-29255 CalorieCal...ionService com.example.nutrisaur11              D  Calculated meal distribution: Breakfast=628, Lunch=879, Dinner=754, Snacks=251
2025-10-10 04:41:03.294 29255-29255 CalorieTracker          com.example.nutrisaur11              D  Calculated meal distribution: Breakfast=628, Lunch=879, Dinner=754, Snacks=251
2025-10-10 04:41:03.294 29255-29255 CalorieTracker          com.example.nutrisaur11              D  Calculated meal distribution: {Breakfast=628, Dinner=754, Snacks=251, Lunch=879}
2025-10-10 04:41:03.294 29255-29255 CalorieTracker          com.example.nutrisaur11              D  Created Breakfast meal with 628 max calories
2025-10-10 04:41:03.294 29255-29255 CalorieTracker          com.example.nutrisaur11              D  Added Vegan Cream of Mushroom Soup (350 cal) to Breakfast for date 2025-10-10
2025-10-10 04:41:03.294 29255-29385 NutritionService        com.example.nutrisaur11              D  Calculated nutrition data: 2545 calories, 112.0g protein, 333.375g carbs, 84.83333333333333g fat
2025-10-10 04:41:03.296 29255-29255 CalorieTracker          com.example.nutrisaur11              D  Synced CalorieTracker with AddedFoodManager for date 2025-10-10. Total meals: 1
2025-10-10 04:41:03.297 29255-29255 CalorieTracker          com.example.nutrisaur11              D  Meal Breakfast: 350/628 kcal
2025-10-10 04:41:03.297 29255-29255 FoodActivity            com.example.nutrisaur11              D  Synced CalorieTracker in updateMealProgress for date: 2025-10-10
2025-10-10 04:41:03.297 29255-29385 KcalSuggestionCache     com.example.nutrisaur11              D  Successfully cached kcal suggestion for user profile hash: 652952617
2025-10-10 04:41:03.297 29255-29385 NutritionService        com.example.nutrisaur11              D  Cached new kcal suggestion for updated user profile
2025-10-10 04:41:03.297 29255-29385 FoodActivity            com.example.nutrisaur11              D  Background AI calculation completed: 2545
2025-10-10 04:41:03.298 29255-29255 FoodActivity            com.example.nutrisaur11              D  Updated breakfast progress: 350 / 628 kcal
2025-10-10 04:41:03.299 29255-29255 FoodActivity            com.example.nutrisaur11              D  Updated lunch progress: 0 / 879 kcal
2025-10-10 04:41:03.301 29255-29255 FoodActivity            com.example.nutrisaur11              D  Updated dinner progress: 0 / 754 kcal
2025-10-10 04:41:03.302 29255-29391 NutritionService        com.example.nutrisaur11              D  Starting nutrition recommendations...
2025-10-10 04:41:03.302 29255-29391 NutritionService        com.example.nutrisaur11              D  Getting user profile from SharedPreferences...
2025-10-10 04:41:03.302 29255-29391 NutritionService        com.example.nutrisaur11              D  User data: name=, age=25, weight=70.0, height=170.0
2025-10-10 04:41:03.302 29255-29255 FoodActivity            com.example.nutrisaur11              D  Updated snacks progress: 0 / 251 kcal
2025-10-10 04:41:03.302 29255-29255 FoodActivity            com.example.nutrisaur11              D  Meal progress updated with CalorieTracker data
2025-10-10 04:41:03.302 29255-29255 FoodActivity            com.example.nutrisaur11              D  Updating kcal goal circle directly
2025-10-10 04:41:03.302 29255-29391 NutritionService        com.example.nutrisaur11              D  User profile loaded: , BMI: 24.221453287197235
2025-10-10 04:41:03.303 29255-29391 KcalSuggestionCache     com.example.nutrisaur11              D  Cached kcal suggestion is valid
2025-10-10 04:41:03.303 29255-29391 NutritionService        com.example.nutrisaur11              D  Using cached kcal suggestion - user profile unchanged
2025-10-10 04:41:03.303 29255-29255 FoodActivity            com.example.nutrisaur11              D  Total eaten calories for circle update: 350
2025-10-10 04:41:03.303 29255-29255 FoodActivity            com.example.nutrisaur11              D  FoodActivity Available database fields: [birthday, is_pregnant, muac_category, notes, weight_kg, nutritional_risk, height_cm, sex, municipality, muac_cm, screening_date, bmi_category, name, barangay, email, age, bmi, status]
2025-10-10 04:41:03.304 29255-29255 FoodActivity            com.example.nutrisaur11              D  Calculated age from birthday '2005-10-20': 19
2025-10-10 04:41:03.304 29255-29255 FoodActivity            com.example.nutrisaur11              D  FoodActivity Weight field lookup - weight_kg: '65', weight: 'null', final: '65'
2025-10-10 04:41:03.304 29255-29255 FoodActivity            com.example.nutrisaur11              D  FoodActivity: Set weight from database: 65
2025-10-10 04:41:03.304 29255-29391 KcalSuggestionCache     com.example.nutrisaur11              D  Successfully loaded cached kcal suggestion
2025-10-10 04:41:03.304 29255-29255 FoodActivity            com.example.nutrisaur11              D  FoodActivity Height field lookup - height_cm: '170', height: 'null', final: '170'
2025-10-10 04:41:03.304 29255-29255 FoodActivity            com.example.nutrisaur11              D  FoodActivity: Set height from database: 170
2025-10-10 04:41:03.304 29255-29391 CalorieTracker          com.example.nutrisaur11              D  Background AI calculation completed: 2545
2025-10-10 04:41:03.304 29255-29255 FoodActivity            com.example.nutrisaur11              D  Created user profile from database data: Joshua Hernandez (Age: 19, Weight: 65.0, Height: 170.0, Gender: Male, Activity: Moderate)
2025-10-10 04:41:03.304 29255-29255 CalorieCal...ionService com.example.nutrisaur11              D  Calculated BMR: 1622.5 for Joshua Hernandez
2025-10-10 04:41:03.304 29255-29255 CalorieCal...ionService com.example.nutrisaur11              D  Calculated TDEE: 2514.875 (BMR: 1622.5 × Activity: 1.55)
2025-10-10 04:41:03.304 29255-29255 CalorieCal...ionService com.example.nutrisaur11              D  Calculated daily calorie target: 2514 (TDEE: 2514.875 + Adjustment: 0.0)
2025-10-10 04:41:03.304 29255-29255 FoodActivity            com.example.nutrisaur11              D  Calculated daily calorie target: 2514
2025-10-10 04:41:03.304 29255-29255 FoodActivity            com.example.nutrisaur11              D  Kcal Goal Circle Update:
2025-10-10 04:41:03.304 29255-29255 FoodActivity            com.example.nutrisaur11              D    Total Daily Calories: 2514
2025-10-10 04:41:03.304 29255-29255 FoodActivity            com.example.nutrisaur11              D    Total Eaten Calories: 350
2025-10-10 04:41:03.304 29255-29255 FoodActivity            com.example.nutrisaur11              D    Calories Left: 2164
2025-10-10 04:41:03.304 29255-29255 FoodActivity            com.example.nutrisaur11              D    Progress Percent: 13.922037%
2025-10-10 04:41:03.304 29255-29255 FoodActivity            com.example.nutrisaur11              D  Updating macronutrient data directly
2025-10-10 04:41:03.308 29255-29255 FoodActivity            com.example.nutrisaur11              D  FoodActivity Available database fields: [birthday, is_pregnant, muac_category, notes, weight_kg, nutritional_risk, height_cm, sex, municipality, muac_cm, screening_date, bmi_category, name, barangay, email, age, bmi, status]
2025-10-10 04:41:03.308 29255-29255 FoodActivity            com.example.nutrisaur11              D  Calculated age from birthday '2005-10-20': 19
2025-10-10 04:41:03.308 29255-29255 FoodActivity            com.example.nutrisaur11              D  FoodActivity Weight field lookup - weight_kg: '65', weight: 'null', final: '65'
2025-10-10 04:41:03.308 29255-29255 FoodActivity            com.example.nutrisaur11              D  FoodActivity: Set weight from database: 65
2025-10-10 04:41:03.308 29255-29255 FoodActivity            com.example.nutrisaur11              D  FoodActivity Height field lookup - height_cm: '170', height: 'null', final: '170'
2025-10-10 04:41:03.308 29255-29255 FoodActivity            com.example.nutrisaur11              D  FoodActivity: Set height from database: 170
2025-10-10 04:41:03.308 29255-29255 FoodActivity            com.example.nutrisaur11              D  Created user profile from database data: Joshua Hernandez (Age: 19, Weight: 65.0, Height: 170.0, Gender: Male, Activity: Moderate)
2025-10-10 04:41:03.308 29255-29255 CalorieCal...ionService com.example.nutrisaur11              D  Calculated BMR: 1622.5 for Joshua Hernandez
2025-10-10 04:41:03.308 29255-29255 CalorieCal...ionService com.example.nutrisaur11              D  Calculated TDEE: 2514.875 (BMR: 1622.5 × Activity: 1.55)
2025-10-10 04:41:03.308 29255-29255 CalorieCal...ionService com.example.nutrisaur11              D  Calculated daily calorie target: 2514 (TDEE: 2514.875 + Adjustment: 0.0)
2025-10-10 04:41:03.309 29255-29255 FoodActivity            com.example.nutrisaur11              D  Calculated macro targets - Protein: 138, Carbs: 339, Fat: 67
2025-10-10 04:41:03.309 29255-29255 FoodActivity            com.example.nutrisaur11              D  Macro Update:
2025-10-10 04:41:03.309 29255-29255 FoodActivity            com.example.nutrisaur11              D    Protein: 130/138 (eaten: 8)
2025-10-10 04:41:03.309 29255-29255 FoodActivity            com.example.nutrisaur11              D    Carbs: 314/339 (eaten: 25)
2025-10-10 04:41:03.309 29255-29255 FoodActivity            com.example.nutrisaur11              D    Fat: 42/67 (eaten: 25)
2025-10-10 04:41:03.309 29255-29255 FoodActivity            com.example.nutrisaur11              D  Updating meal progress texts with direct AddedFoodManager data
2025-10-10 04:41:03.312 29255-29255 FoodActivity            com.example.nutrisaur11              D  FoodActivity Available database fields: [birthday, is_pregnant, muac_category, notes, weight_kg, nutritional_risk, height_cm, sex, municipality, muac_cm, screening_date, bmi_category, name, barangay, email, age, bmi, status]
2025-10-10 04:41:03.313 29255-29255 FoodActivity            com.example.nutrisaur11              D  Calculated age from birthday '2005-10-20': 19
2025-10-10 04:41:03.313 29255-29255 FoodActivity            com.example.nutrisaur11              D  FoodActivity Weight field lookup - weight_kg: '65', weight: 'null', final: '65'
2025-10-10 04:41:03.313 29255-29255 FoodActivity            com.example.nutrisaur11              D  FoodActivity: Set weight from database: 65
2025-10-10 04:41:03.313 29255-29255 FoodActivity            com.example.nutrisaur11              D  FoodActivity Height field lookup - height_cm: '170', height: 'null', final: '170'
2025-10-10 04:41:03.313 29255-29255 FoodActivity            com.example.nutrisaur11              D  FoodActivity: Set height from database: 170
2025-10-10 04:41:03.313 29255-29255 FoodActivity            com.example.nutrisaur11              D  Created user profile from database data: Joshua Hernandez (Age: 19, Weight: 65.0, Height: 170.0, Gender: Male, Activity: Moderate)
2025-10-10 04:41:03.313 29255-29255 KcalSuggestionCache     com.example.nutrisaur11              D  User profile changed, cache invalid
2025-10-10 04:41:03.313 29255-29255 FoodActivity            com.example.nutrisaur11              D  No valid AI cache found, using fallback calculation...
2025-10-10 04:41:03.313 29255-29255 CalorieCal...ionService com.example.nutrisaur11              D  Calculated BMR: 1622.5 for Joshua Hernandez
2025-10-10 04:41:03.313 29255-29255 CalorieCal...ionService com.example.nutrisaur11              D  Calculated TDEE: 2514.875 (BMR: 1622.5 × Activity: 1.55)
2025-10-10 04:41:03.313 29255-29255 CalorieCal...ionService com.example.nutrisaur11              D  Calculated daily calorie target: 2514 (TDEE: 2514.875 + Adjustment: 0.0)
2025-10-10 04:41:03.313 29255-29255 FoodActivity            com.example.nutrisaur11              D  Using fallback calculation (AI will update cache): 2514
2025-10-10 04:41:03.313 29255-29255 FoodActivity            com.example.nutrisaur11              D  AI calculation already in progress, skipping...
2025-10-10 04:41:03.313 29255-29255 FoodActivity            com.example.nutrisaur11              D  Using AI-calculated total daily calories: 2514
2025-10-10 04:41:03.313 29255-29255 FoodActivity            com.example.nutrisaur11              D  FoodActivity Available database fields: [birthday, is_pregnant, muac_category, notes, weight_kg, nutritional_risk, height_cm, sex, municipality, muac_cm, screening_date, bmi_category, name, barangay, email, age, bmi, status]
2025-10-10 04:41:03.313 29255-29255 FoodActivity            com.example.nutrisaur11              D  Calculated age from birthday '2005-10-20': 19
2025-10-10 04:41:03.313 29255-29255 FoodActivity            com.example.nutrisaur11              D  FoodActivity Weight field lookup - weight_kg: '65', weight: 'null', final: '65'
2025-10-10 04:41:03.313 29255-29255 FoodActivity            com.example.nutrisaur11              D  FoodActivity: Set weight from database: 65
2025-10-10 04:41:03.313 29255-29255 FoodActivity            com.example.nutrisaur11              D  FoodActivity Height field lookup - height_cm: '170', height: 'null', final: '170'
2025-10-10 04:41:03.313 29255-29255 FoodActivity            com.example.nutrisaur11              D  FoodActivity: Set height from database: 170
2025-10-10 04:41:03.313 29255-29255 FoodActivity            com.example.nutrisaur11              D  Created user profile from database data: Joshua Hernandez (Age: 19, Weight: 65.0, Height: 170.0, Gender: Male, Activity: Moderate)
2025-10-10 04:41:03.313 29255-29255 CalorieCal...ionService com.example.nutrisaur11              D  Calculated meal distribution: Breakfast=628, Lunch=879, Dinner=754, Snacks=251
2025-10-10 04:41:03.313 29255-29255 FoodActivity            com.example.nutrisaur11              D  Calculated meal distribution: Breakfast=628, Lunch=879, Dinner=754, Snacks=251
2025-10-10 04:41:03.314 29255-29255 FoodActivity            com.example.nutrisaur11              D  Direct update Breakfast: 350 / 628 kcal (from 1 foods)
2025-10-10 04:41:03.314 29255-29255 FoodActivity            com.example.nutrisaur11              D  Set breakfast progress text to: 350 / 628 kcal
2025-10-10 04:41:03.314 29255-29255 FoodActivity            com.example.nutrisaur11              D  Direct update Lunch: 0 / 879 kcal (from 0 foods)
2025-10-10 04:41:03.314 29255-29255 FoodActivity            com.example.nutrisaur11              D  Set lunch progress text to: 0 / 879 kcal
2025-10-10 04:41:03.314 29255-29255 FoodActivity            com.example.nutrisaur11              D  Direct update Dinner: 0 / 754 kcal (from 0 foods)
2025-10-10 04:41:03.314 29255-29255 FoodActivity            com.example.nutrisaur11              D  Set dinner progress text to: 0 / 754 kcal
2025-10-10 04:41:03.314 29255-29255 FoodActivity            com.example.nutrisaur11              D  Direct update Snacks: 0 / 251 kcal (from 0 foods)
2025-10-10 04:41:03.315 29255-29255 FoodActivity            com.example.nutrisaur11              D  Set snacks progress text to: 0 / 251 kcal
2025-10-10 04:41:03.315 29255-29255 FoodActivity            com.example.nutrisaur11              D  Updating meal progress texts with direct AddedFoodManager data
2025-10-10 04:41:03.317 29255-29255 FoodActivity            com.example.nutrisaur11              D  FoodActivity Available database fields: [birthday, is_pregnant, muac_category, notes, weight_kg, nutritional_risk, height_cm, sex, municipality, muac_cm, screening_date, bmi_category, name, barangay, email, age, bmi, status]
2025-10-10 04:41:03.317 29255-29255 FoodActivity            com.example.nutrisaur11              D  Calculated age from birthday '2005-10-20': 19
2025-10-10 04:41:03.317 29255-29255 FoodActivity            com.example.nutrisaur11              D  FoodActivity Weight field lookup - weight_kg: '65', weight: 'null', final: '65'
2025-10-10 04:41:03.318 29255-29255 FoodActivity            com.example.nutrisaur11              D  FoodActivity: Set weight from database: 65
2025-10-10 04:41:03.318 29255-29255 FoodActivity            com.example.nutrisaur11              D  FoodActivity Height field lookup - height_cm: '170', height: 'null', final: '170'
2025-10-10 04:41:03.318 29255-29255 FoodActivity            com.example.nutrisaur11              D  FoodActivity: Set height from database: 170
2025-10-10 04:41:03.318 29255-29255 FoodActivity            com.example.nutrisaur11              D  Created user profile from database data: Joshua Hernandez (Age: 19, Weight: 65.0, Height: 170.0, Gender: Male, Activity: Moderate)
2025-10-10 04:41:03.318 29255-29255 KcalSuggestionCache     com.example.nutrisaur11              D  User profile changed, cache invalid
2025-10-10 04:41:03.318 29255-29255 FoodActivity            com.example.nutrisaur11              D  No valid AI cache found, using fallback calculation...
2025-10-10 04:41:03.318 29255-29255 CalorieCal...ionService com.example.nutrisaur11              D  Calculated BMR: 1622.5 for Joshua Hernandez
2025-10-10 04:41:03.318 29255-29255 CalorieCal...ionService com.example.nutrisaur11              D  Calculated TDEE: 2514.875 (BMR: 1622.5 × Activity: 1.55)
2025-10-10 04:41:03.318 29255-29255 CalorieCal...ionService com.example.nutrisaur11              D  Calculated daily calorie target: 2514 (TDEE: 2514.875 + Adjustment: 0.0)
2025-10-10 04:41:03.318 29255-29255 FoodActivity            com.example.nutrisaur11              D  Using fallback calculation (AI will update cache): 2514
2025-10-10 04:41:03.318 29255-29255 FoodActivity            com.example.nutrisaur11              D  AI calculation already in progress, skipping...
2025-10-10 04:41:03.318 29255-29255 FoodActivity            com.example.nutrisaur11              D  Using AI-calculated total daily calories: 2514
2025-10-10 04:41:03.318 29255-29255 FoodActivity            com.example.nutrisaur11              D  FoodActivity Available database fields: [birthday, is_pregnant, muac_category, notes, weight_kg, nutritional_risk, height_cm, sex, municipality, muac_cm, screening_date, bmi_category, name, barangay, email, age, bmi, status]
2025-10-10 04:41:03.318 29255-29255 FoodActivity            com.example.nutrisaur11              D  Calculated age from birthday '2005-10-20': 19
2025-10-10 04:41:03.318 29255-29255 FoodActivity            com.example.nutrisaur11              D  FoodActivity Weight field lookup - weight_kg: '65', weight: 'null', final: '65'
2025-10-10 04:41:03.318 29255-29255 FoodActivity            com.example.nutrisaur11              D  FoodActivity: Set weight from database: 65
2025-10-10 04:41:03.318 29255-29255 FoodActivity            com.example.nutrisaur11              D  FoodActivity Height field lookup - height_cm: '170', height: 'null', final: '170'
2025-10-10 04:41:03.318 29255-29255 FoodActivity            com.example.nutrisaur11              D  FoodActivity: Set height from database: 170
2025-10-10 04:41:03.318 29255-29255 FoodActivity            com.example.nutrisaur11              D  Created user profile from database data: Joshua Hernandez (Age: 19, Weight: 65.0, Height: 170.0, Gender: Male, Activity: Moderate)
2025-10-10 04:41:03.318 29255-29255 CalorieCal...ionService com.example.nutrisaur11              D  Calculated meal distribution: Breakfast=628, Lunch=879, Dinner=754, Snacks=251
2025-10-10 04:41:03.318 29255-29255 FoodActivity            com.example.nutrisaur11              D  Calculated meal distribution: Breakfast=628, Lunch=879, Dinner=754, Snacks=251
2025-10-10 04:41:03.318 29255-29255 FoodActivity            com.example.nutrisaur11              D  Direct update Breakfast: 350 / 628 kcal (from 1 foods)
2025-10-10 04:41:03.319 29255-29255 FoodActivity            com.example.nutrisaur11              D  Set breakfast progress text to: 350 / 628 kcal
2025-10-10 04:41:03.319 29255-29255 FoodActivity            com.example.nutrisaur11              D  Direct update Lunch: 0 / 879 kcal (from 0 foods)
2025-10-10 04:41:03.319 29255-29255 FoodActivity            com.example.nutrisaur11              D  Set lunch progress text to: 0 / 879 kcal
2025-10-10 04:41:03.319 29255-29255 FoodActivity            com.example.nutrisaur11              D  Direct update Dinner: 0 / 754 kcal (from 0 foods)
2025-10-10 04:41:03.319 29255-29255 FoodActivity            com.example.nutrisaur11              D  Set dinner progress text to: 0 / 754 kcal
2025-10-10 04:41:03.319 29255-29255 FoodActivity            com.example.nutrisaur11              D  Direct update Snacks: 0 / 251 kcal (from 0 foods)
2025-10-10 04:41:03.320 29255-29255 FoodActivity            com.example.nutrisaur11              D  Set snacks progress text to: 0 / 251 kcal
2025-10-10 04:41:03.320 29255-29255 FoodActivity            com.example.nutrisaur11              D  Meal distribution stored
2025-10-10 04:41:03.320 29255-29255 FoodActivity            com.example.nutrisaur11              D  Nutrition data loaded successfully with database user data
2025-10-10 04:41:03.323 29255-29255 FoodActivity            com.example.nutrisaur11              D  Total eaten calories after sync: 350
2025-10-10 04:41:03.323 29255-29255 FoodActivity            com.example.nutrisaur11              D  Updating eaten calories only (preserving daily target)
2025-10-10 04:41:03.324 29255-29255 FoodActivity            com.example.nutrisaur11              D  Total eaten calories for update: 350
2025-10-10 04:41:03.324 29255-29255 FoodActivity            com.example.nutrisaur11              D  Using existing daily calorie target: 2514
2025-10-10 04:41:03.324 29255-29255 FoodActivity            com.example.nutrisaur11              D  Eaten Calories Only Update:
2025-10-10 04:41:03.324 29255-29255 FoodActivity            com.example.nutrisaur11              D    Total Daily Calories: 2514 (preserved)
2025-10-10 04:41:03.324 29255-29255 FoodActivity            com.example.nutrisaur11              D    Total Eaten Calories: 350 (updated)
2025-10-10 04:41:03.324 29255-29255 FoodActivity            com.example.nutrisaur11              D    Calories Left: 2164
2025-10-10 04:41:03.324 29255-29255 FoodActivity            com.example.nutrisaur11              D    Progress Percent: 13.922037%
2025-10-10 04:41:03.324 29255-29255 FoodActivity            com.example.nutrisaur11              D  Updating macronutrient data directly
