2025-10-13 11:20:48.697 31211-31211 FoodActivity            com.example.nutrisaur11              D  Total eaten calories after sync: 20
2025-10-13 11:20:48.697 31211-31211 FoodActivity            com.example.nutrisaur11              D  Updating eaten calories only (preserving daily target)
2025-10-13 11:20:48.698 31211-31211 FoodActivity            com.example.nutrisaur11              D  Total eaten calories for update: 20
2025-10-13 11:20:48.698 31211-31211 FoodActivity            com.example.nutrisaur11              D  Using existing daily calorie target: 2784
2025-10-13 11:20:48.698 31211-31211 FoodActivity            com.example.nutrisaur11              D  Eaten Calories Only Update:
2025-10-13 11:20:48.698 31211-31211 FoodActivity            com.example.nutrisaur11              D    Total Daily Calories: 2784 (preserved)
2025-10-13 11:20:48.698 31211-31211 FoodActivity            com.example.nutrisaur11              D    Total Eaten Calories: 20 (updated)
2025-10-13 11:20:48.698 31211-31211 FoodActivity            com.example.nutrisaur11              D    Calories Left: 2764
2025-10-13 11:20:48.698 31211-31211 FoodActivity            com.example.nutrisaur11              D    Progress Percent: 0.7183908%
2025-10-13 11:20:48.698 31211-31211 FoodActivity            com.example.nutrisaur11              D  Updating macronutrient data directly
2025-10-13 11:20:48.701 31211-31211 FoodActivity            com.example.nutrisaur11              D  FoodActivity Available database fields: [birthday, is_pregnant, muac_category, notes, weight_kg, nutritional_risk, height_cm, sex, municipality, muac_cm, screening_date, bmi_category, name, barangay, email, age, bmi, status]
2025-10-13 11:20:48.702 31211-31211 FoodActivity            com.example.nutrisaur11              D  Calculated age from birthday '2005-10-10': 20
2025-10-13 11:20:48.702 31211-31211 FoodActivity            com.example.nutrisaur11              D  FoodActivity Weight field lookup - weight_kg: '50', weight: 'null', final: '50'
2025-10-13 11:20:48.702 31211-31211 FoodActivity            com.example.nutrisaur11              D  FoodActivity: Set weight from database: 50
2025-10-13 11:20:48.702 31211-31211 FoodActivity            com.example.nutrisaur11              D  FoodActivity Height field lookup - height_cm: '171', height: 'null', final: '171'
2025-10-13 11:20:48.702 31211-31211 FoodActivity            com.example.nutrisaur11              D  FoodActivity: Set height from database: 171
2025-10-13 11:20:48.702 31211-31211 FoodActivity            com.example.nutrisaur11              D  Created user profile from database data: Pingol , Kevin C. (Age: 20, Weight: 50.0, Height: 171.0, Gender: Male, Activity: Moderate)
2025-10-13 11:20:48.702 31211-31211 CalorieCal...ionService com.example.nutrisaur11              D  Calculated BMR: 1473.75 for Pingol , Kevin C.
2025-10-13 11:20:48.702 31211-31211 CalorieCal...ionService com.example.nutrisaur11              D  Calculated TDEE: 2284.3125 (BMR: 1473.75 × Activity: 1.55)
2025-10-13 11:20:48.702 31211-31211 CalorieCal...ionService com.example.nutrisaur11              D  Calculated daily calorie target: 2784 (TDEE: 2284.3125 + Adjustment: 500.0)
2025-10-13 11:20:48.702 31211-31211 FoodActivity            com.example.nutrisaur11              D  Calculated macro targets - Protein: 153, Carbs: 375, Fat: 74
2025-10-13 11:20:48.702 31211-31211 FoodActivity            com.example.nutrisaur11              D  Macro Update:
2025-10-13 11:20:48.702 31211-31211 FoodActivity            com.example.nutrisaur11              D    Protein: 133/153 (eaten: 20)
2025-10-13 11:20:48.702 31211-31211 FoodActivity            com.example.nutrisaur11              D    Carbs: 355/375 (eaten: 20)
2025-10-13 11:20:48.702 31211-31211 FoodActivity            com.example.nutrisaur11              D    Fat: 54/74 (eaten: 20)
2025-10-13 11:20:48.703 31211-31211 FoodActivity            com.example.nutrisaur11              D  Updating meal progress texts with direct AddedFoodManager data
2025-10-13 11:20:48.707 31211-31211 FoodActivity            com.example.nutrisaur11              D  FoodActivity Available database fields: [birthday, is_pregnant, muac_category, notes, weight_kg, nutritional_risk, height_cm, sex, municipality, muac_cm, screening_date, bmi_category, name, barangay, email, age, bmi, status]
2025-10-13 11:20:48.707 31211-31211 FoodActivity            com.example.nutrisaur11              D  Calculated age from birthday '2005-10-10': 20
2025-10-13 11:20:48.707 31211-31211 FoodActivity            com.example.nutrisaur11              D  FoodActivity Weight field lookup - weight_kg: '50', weight: 'null', final: '50'
2025-10-13 11:20:48.708 31211-31211 FoodActivity            com.example.nutrisaur11              D  FoodActivity: Set weight from database: 50
2025-10-13 11:20:48.708 31211-31211 FoodActivity            com.example.nutrisaur11              D  FoodActivity Height field lookup - height_cm: '171', height: 'null', final: '171'
2025-10-13 11:20:48.708 31211-31211 FoodActivity            com.example.nutrisaur11              D  FoodActivity: Set height from database: 171
2025-10-13 11:20:48.708 31211-31211 FoodActivity            com.example.nutrisaur11              D  Created user profile from database data: Pingol , Kevin C. (Age: 20, Weight: 50.0, Height: 171.0, Gender: Male, Activity: Moderate)
2025-10-13 11:20:48.708 31211-31211 KcalSuggestionCache     com.example.nutrisaur11              D  User profile changed, cache invalid
2025-10-13 11:20:48.708 31211-31211 FoodActivity            com.example.nutrisaur11              D  No valid AI cache found, using fallback calculation...
2025-10-13 11:20:48.708 31211-31211 CalorieCal...ionService com.example.nutrisaur11              D  Calculated BMR: 1473.75 for Pingol , Kevin C.
2025-10-13 11:20:48.708 31211-31211 CalorieCal...ionService com.example.nutrisaur11              D  Calculated TDEE: 2284.3125 (BMR: 1473.75 × Activity: 1.55)
2025-10-13 11:20:48.708 31211-31211 CalorieCal...ionService com.example.nutrisaur11              D  Calculated daily calorie target: 2784 (TDEE: 2284.3125 + Adjustment: 500.0)
2025-10-13 11:20:48.708 31211-31211 FoodActivity            com.example.nutrisaur11              D  Using fallback calculation (AI will update cache): 2784
2025-10-13 11:20:48.708 31211-31211 FoodActivity            com.example.nutrisaur11              D  Starting background AI calculation...
2025-10-13 11:20:48.708 31211-31211 FoodActivity            com.example.nutrisaur11              D  Using AI-calculated total daily calories: 2784
2025-10-13 11:20:48.708 31211-31211 FoodActivity            com.example.nutrisaur11              D  FoodActivity Available database fields: [birthday, is_pregnant, muac_category, notes, weight_kg, nutritional_risk, height_cm, sex, municipality, muac_cm, screening_date, bmi_category, name, barangay, email, age, bmi, status]
2025-10-13 11:20:48.709 31211-31347 NutritionService        com.example.nutrisaur11              D  Starting nutrition recommendations...
2025-10-13 11:20:48.709 31211-31347 NutritionService        com.example.nutrisaur11              D  Getting user profile from SharedPreferences...
2025-10-13 11:20:48.709 31211-31347 NutritionService        com.example.nutrisaur11              D  User data: name=, age=25, weight=70.0, height=170.0
2025-10-13 11:20:48.709 31211-31347 NutritionService        com.example.nutrisaur11              D  User profile loaded: , BMI: 24.221453287197235
2025-10-13 11:20:48.709 31211-31211 FoodActivity            com.example.nutrisaur11              D  Calculated age from birthday '2005-10-10': 20
2025-10-13 11:20:48.709 31211-31211 FoodActivity            com.example.nutrisaur11              D  FoodActivity Weight field lookup - weight_kg: '50', weight: 'null', final: '50'
2025-10-13 11:20:48.709 31211-31211 FoodActivity            com.example.nutrisaur11              D  FoodActivity: Set weight from database: 50
2025-10-13 11:20:48.709 31211-31211 FoodActivity            com.example.nutrisaur11              D  FoodActivity Height field lookup - height_cm: '171', height: 'null', final: '171'
2025-10-13 11:20:48.709 31211-31211 FoodActivity            com.example.nutrisaur11              D  FoodActivity: Set height from database: 171
2025-10-13 11:20:48.709 31211-31347 KcalSuggestionCache     com.example.nutrisaur11              D  Cached kcal suggestion is valid
2025-10-13 11:20:48.709 31211-31211 FoodActivity            com.example.nutrisaur11              D  Created user profile from database data: Pingol , Kevin C. (Age: 20, Weight: 50.0, Height: 171.0, Gender: Male, Activity: Moderate)
2025-10-13 11:20:48.709 31211-31347 NutritionService        com.example.nutrisaur11              D  Using cached kcal suggestion - user profile unchanged
2025-10-13 11:20:48.709 31211-31211 CalorieCal...ionService com.example.nutrisaur11              D  Calculated meal distribution: Breakfast=696, Lunch=974, Dinner=835, Snacks=278
2025-10-13 11:20:48.709 31211-31211 FoodActivity            com.example.nutrisaur11              D  Calculated meal distribution: Breakfast=696, Lunch=974, Dinner=835, Snacks=278
2025-10-13 11:20:48.709 31211-31211 FoodActivity            com.example.nutrisaur11              D  Direct update Breakfast: 20 / 696 kcal (from 1 foods)
2025-10-13 11:20:48.709 31211-31347 KcalSuggestionCache     com.example.nutrisaur11              D  Successfully loaded cached kcal suggestion
2025-10-13 11:20:48.709 31211-31347 FoodActivity            com.example.nutrisaur11              D  Background AI calculation completed: 2545
2025-10-13 11:20:48.709 31211-31211 FoodActivity            com.example.nutrisaur11              D  Set breakfast progress text to: 20 / 696 kcal
2025-10-13 11:20:48.709 31211-31211 FoodActivity            com.example.nutrisaur11              D  Direct update Lunch: 0 / 974 kcal (from 0 foods)
2025-10-13 11:20:48.710 31211-31211 FoodActivity            com.example.nutrisaur11              D  Set lunch progress text to: 0 / 974 kcal
2025-10-13 11:20:48.710 31211-31211 FoodActivity            com.example.nutrisaur11              D  Direct update Dinner: 0 / 835 kcal (from 0 foods)
2025-10-13 11:20:48.710 31211-31211 FoodActivity            com.example.nutrisaur11              D  Set dinner progress text to: 0 / 835 kcal
2025-10-13 11:20:48.710 31211-31211 FoodActivity            com.example.nutrisaur11              D  Direct update Snacks: 0 / 278 kcal (from 0 foods)
2025-10-13 11:20:48.710 31211-31211 FoodActivity            com.example.nutrisaur11              D  Set snacks progress text to: 0 / 278 kcal
2025-10-13 11:20:48.710 31211-31211 FoodActivity            com.example.nutrisaur11              D  Updating meal progress texts with direct AddedFoodManager data
2025-10-13 11:20:48.712 31211-31211 FoodActivity            com.example.nutrisaur11              D  FoodActivity Available database fields: [birthday, is_pregnant, muac_category, notes, weight_kg, nutritional_risk, height_cm, sex, municipality, muac_cm, screening_date, bmi_category, name, barangay, email, age, bmi, status]
2025-10-13 11:20:48.713 31211-31211 FoodActivity            com.example.nutrisaur11              D  Calculated age from birthday '2005-10-10': 20
2025-10-13 11:20:48.713 31211-31211 FoodActivity            com.example.nutrisaur11              D  FoodActivity Weight field lookup - weight_kg: '50', weight: 'null', final: '50'
2025-10-13 11:20:48.713 31211-31211 FoodActivity            com.example.nutrisaur11              D  FoodActivity: Set weight from database: 50
2025-10-13 11:20:48.713 31211-31211 FoodActivity            com.example.nutrisaur11              D  FoodActivity Height field lookup - height_cm: '171', height: 'null', final: '171'
2025-10-13 11:20:48.713 31211-31211 FoodActivity            com.example.nutrisaur11              D  FoodActivity: Set height from database: 171
2025-10-13 11:20:48.713 31211-31211 FoodActivity            com.example.nutrisaur11              D  Created user profile from database data: Pingol , Kevin C. (Age: 20, Weight: 50.0, Height: 171.0, Gender: Male, Activity: Moderate)
2025-10-13 11:20:48.713 31211-31211 KcalSuggestionCache     com.example.nutrisaur11              D  User profile changed, cache invalid
2025-10-13 11:20:48.713 31211-31211 FoodActivity            com.example.nutrisaur11              D  No valid AI cache found, using fallback calculation...
2025-10-13 11:20:48.713 31211-31211 CalorieCal...ionService com.example.nutrisaur11              D  Calculated BMR: 1473.75 for Pingol , Kevin C.
2025-10-13 11:20:48.713 31211-31211 CalorieCal...ionService com.example.nutrisaur11              D  Calculated TDEE: 2284.3125 (BMR: 1473.75 × Activity: 1.55)
2025-10-13 11:20:48.713 31211-31211 CalorieCal...ionService com.example.nutrisaur11              D  Calculated daily calorie target: 2784 (TDEE: 2284.3125 + Adjustment: 500.0)
2025-10-13 11:20:48.713 31211-31211 FoodActivity            com.example.nutrisaur11              D  Using fallback calculation (AI will update cache): 2784
2025-10-13 11:20:48.713 31211-31211 FoodActivity            com.example.nutrisaur11              D  AI calculation already in progress, skipping...
2025-10-13 11:20:48.713 31211-31211 FoodActivity            com.example.nutrisaur11              D  Using AI-calculated total daily calories: 2784
2025-10-13 11:20:48.713 31211-31211 FoodActivity            com.example.nutrisaur11              D  FoodActivity Available database fields: [birthday, is_pregnant, muac_category, notes, weight_kg, nutritional_risk, height_cm, sex, municipality, muac_cm, screening_date, bmi_category, name, barangay, email, age, bmi, status]
2025-10-13 11:20:48.714 31211-31211 FoodActivity            com.example.nutrisaur11              D  Calculated age from birthday '2005-10-10': 20
2025-10-13 11:20:48.714 31211-31211 FoodActivity            com.example.nutrisaur11              D  FoodActivity Weight field lookup - weight_kg: '50', weight: 'null', final: '50'
2025-10-13 11:20:48.714 31211-31211 FoodActivity            com.example.nutrisaur11              D  FoodActivity: Set weight from database: 50
2025-10-13 11:20:48.714 31211-31211 FoodActivity            com.example.nutrisaur11              D  FoodActivity Height field lookup - height_cm: '171', height: 'null', final: '171'
2025-10-13 11:20:48.714 31211-31211 FoodActivity            com.example.nutrisaur11              D  FoodActivity: Set height from database: 171
2025-10-13 11:20:48.714 31211-31211 FoodActivity            com.example.nutrisaur11              D  Created user profile from database data: Pingol , Kevin C. (Age: 20, Weight: 50.0, Height: 171.0, Gender: Male, Activity: Moderate)
2025-10-13 11:20:48.714 31211-31211 CalorieCal...ionService com.example.nutrisaur11              D  Calculated meal distribution: Breakfast=696, Lunch=974, Dinner=835, Snacks=278
2025-10-13 11:20:48.714 31211-31211 FoodActivity            com.example.nutrisaur11              D  Calculated meal distribution: Breakfast=696, Lunch=974, Dinner=835, Snacks=278
2025-10-13 11:20:48.714 31211-31211 FoodActivity            com.example.nutrisaur11              D  Direct update Breakfast: 20 / 696 kcal (from 1 foods)
2025-10-13 11:20:48.714 31211-31211 FoodActivity            com.example.nutrisaur11              D  Set breakfast progress text to: 20 / 696 kcal
2025-10-13 11:20:48.714 31211-31211 FoodActivity            com.example.nutrisaur11              D  Direct update Lunch: 0 / 974 kcal (from 0 foods)
2025-10-13 11:20:48.714 31211-31211 FoodActivity            com.example.nutrisaur11              D  Set lunch progress text to: 0 / 974 kcal
2025-10-13 11:20:48.714 31211-31211 FoodActivity            com.example.nutrisaur11              D  Direct update Dinner: 0 / 835 kcal (from 0 foods)
2025-10-13 11:20:48.714 31211-31211 FoodActivity            com.example.nutrisaur11              D  Set dinner progress text to: 0 / 835 kcal
2025-10-13 11:20:48.714 31211-31211 FoodActivity            com.example.nutrisaur11              D  Direct update Snacks: 0 / 278 kcal (from 0 foods)
2025-10-13 11:20:48.715 31211-31211 FoodActivity            com.example.nutrisaur11              D  Set snacks progress text to: 0 / 278 kcal
2025-10-13 11:20:48.715 31211-31211 FoodActivity            com.example.nutrisaur11              D  Meal progress refreshed successfully
2025-10-13 11:20:48.724 31211-31211 FoodActivity            com.example.nutrisaur11              D  Refreshing nutrition UI with updated AI data...
2025-10-13 11:20:48.724 31211-31211 FoodActivity            com.example.nutrisaur11              D  Updating kcal goal circle directly
2025-10-13 11:20:48.725 31211-31211 FoodActivity            com.example.nutrisaur11              D  Total eaten calories for circle update: 20
2025-10-13 11:20:48.725 31211-31211 FoodActivity            com.example.nutrisaur11              D  FoodActivity Available database fields: [birthday, is_pregnant, muac_category, notes, weight_kg, nutritional_risk, height_cm, sex, municipality, muac_cm, screening_date, bmi_category, name, barangay, email, age, bmi, status]
2025-10-13 11:20:48.725 31211-31211 FoodActivity            com.example.nutrisaur11              D  Calculated age from birthday '2005-10-10': 20
2025-10-13 11:20:48.725 31211-31211 FoodActivity            com.example.nutrisaur11              D  FoodActivity Weight field lookup - weight_kg: '50', weight: 'null', final: '50'
2025-10-13 11:20:48.726 31211-31211 FoodActivity            com.example.nutrisaur11              D  FoodActivity: Set weight from database: 50
2025-10-13 11:20:48.726 31211-31211 FoodActivity            com.example.nutrisaur11              D  FoodActivity Height field lookup - height_cm: '171', height: 'null', final: '171'
2025-10-13 11:20:48.726 31211-31211 FoodActivity            com.example.nutrisaur11              D  FoodActivity: Set height from database: 171
2025-10-13 11:20:48.726 31211-31211 FoodActivity            com.example.nutrisaur11              D  Created user profile from database data: Pingol , Kevin C. (Age: 20, Weight: 50.0, Height: 171.0, Gender: Male, Activity: Moderate)
2025-10-13 11:20:48.726 31211-31211 CalorieCal...ionService com.example.nutrisaur11              D  Calculated BMR: 1473.75 for Pingol , Kevin C.
2025-10-13 11:20:48.726 31211-31211 CalorieCal...ionService com.example.nutrisaur11              D  Calculated TDEE: 2284.3125 (BMR: 1473.75 × Activity: 1.55)
2025-10-13 11:20:48.726 31211-31211 CalorieCal...ionService com.example.nutrisaur11              D  Calculated daily calorie target: 2784 (TDEE: 2284.3125 + Adjustment: 500.0)
2025-10-13 11:20:48.726 31211-31211 FoodActivity            com.example.nutrisaur11              D  Calculated daily calorie target: 2784
2025-10-13 11:20:48.726 31211-31211 FoodActivity            com.example.nutrisaur11              D  Kcal Goal Circle Update:
2025-10-13 11:20:48.726 31211-31211 FoodActivity            com.example.nutrisaur11              D    Total Daily Calories: 2784
2025-10-13 11:20:48.726 31211-31211 FoodActivity            com.example.nutrisaur11              D    Total Eaten Calories: 20
2025-10-13 11:20:48.726 31211-31211 FoodActivity            com.example.nutrisaur11              D    Calories Left: 2764
2025-10-13 11:20:48.726 31211-31211 FoodActivity            com.example.nutrisaur11              D    Progress Percent: 0.7183908%
2025-10-13 11:20:48.726 31211-31211 FoodActivity            com.example.nutrisaur11              D  Updating macronutrient data directly
2025-10-13 11:20:48.729 31211-31211 FoodActivity            com.example.nutrisaur11              D  FoodActivity Available database fields: [birthday, is_pregnant, muac_category, notes, weight_kg, nutritional_risk, height_cm, sex, municipality, muac_cm, screening_date, bmi_category, name, barangay, email, age, bmi, status]
2025-10-13 11:20:48.730 31211-31211 FoodActivity            com.example.nutrisaur11              D  Calculated age from birthday '2005-10-10': 20
2025-10-13 11:20:48.730 31211-31211 FoodActivity            com.example.nutrisaur11              D  FoodActivity Weight field lookup - weight_kg: '50', weight: 'null', final: '50'
2025-10-13 11:20:48.730 31211-31211 FoodActivity            com.example.nutrisaur11              D  FoodActivity: Set weight from database: 50
2025-10-13 11:20:48.730 31211-31211 FoodActivity            com.example.nutrisaur11              D  FoodActivity Height field lookup - height_cm: '171', height: 'null', final: '171'
2025-10-13 11:20:48.730 31211-31211 FoodActivity            com.example.nutrisaur11              D  FoodActivity: Set height from database: 171
2025-10-13 11:20:48.730 31211-31211 FoodActivity            com.example.nutrisaur11              D  Created user profile from database data: Pingol , Kevin C. (Age: 20, Weight: 50.0, Height: 171.0, Gender: Male, Activity: Moderate)
2025-10-13 11:20:48.730 31211-31211 CalorieCal...ionService com.example.nutrisaur11              D  Calculated BMR: 1473.75 for Pingol , Kevin C.
2025-10-13 11:20:48.730 31211-31211 CalorieCal...ionService com.example.nutrisaur11              D  Calculated TDEE: 2284.3125 (BMR: 1473.75 × Activity: 1.55)
2025-10-13 11:20:48.730 31211-31211 CalorieCal...ionService com.example.nutrisaur11              D  Calculated daily calorie target: 2784 (TDEE: 2284.3125 + Adjustment: 500.0)
2025-10-13 11:20:48.730 31211-31211 FoodActivity            com.example.nutrisaur11              D  Calculated macro targets - Protein: 153, Carbs: 375, Fat: 74
2025-10-13 11:20:48.730 31211-31211 FoodActivity            com.example.nutrisaur11              D  Macro Update:
2025-10-13 11:20:48.730 31211-31211 FoodActivity            com.example.nutrisaur11              D    Protein: 133/153 (eaten: 20)
2025-10-13 11:20:48.730 31211-31211 FoodActivity            com.example.nutrisaur11              D    Carbs: 355/375 (eaten: 20)
2025-10-13 11:20:48.730 31211-31211 FoodActivity            com.example.nutrisaur11              D    Fat: 54/74 (eaten: 20)
2025-10-13 11:20:48.731 31211-31211 FoodActivity            com.example.nutrisaur11              D  Updating meal progress texts with direct AddedFoodManager data
2025-10-13 11:20:48.733 31211-31211 FoodActivity            com.example.nutrisaur11              D  FoodActivity Available database fields: [birthday, is_pregnant, muac_category, notes, weight_kg, nutritional_risk, height_cm, sex, municipality, muac_cm, screening_date, bmi_category, name, barangay, email, age, bmi, status]
2025-10-13 11:20:48.734 31211-31211 FoodActivity            com.example.nutrisaur11              D  Calculated age from birthday '2005-10-10': 20
2025-10-13 11:20:48.734 31211-31211 FoodActivity            com.example.nutrisaur11              D  FoodActivity Weight field lookup - weight_kg: '50', weight: 'null', final: '50'
2025-10-13 11:20:48.734 31211-31211 FoodActivity            com.example.nutrisaur11              D  FoodActivity: Set weight from database: 50
2025-10-13 11:20:48.734 31211-31211 FoodActivity            com.example.nutrisaur11              D  FoodActivity Height field lookup - height_cm: '171', height: 'null', final: '171'
2025-10-13 11:20:48.734 31211-31211 FoodActivity            com.example.nutrisaur11              D  FoodActivity: Set height from database: 171
2025-10-13 11:20:48.734 31211-31211 FoodActivity            com.example.nutrisaur11              D  Created user profile from database data: Pingol , Kevin C. (Age: 20, Weight: 50.0, Height: 171.0, Gender: Male, Activity: Moderate)
2025-10-13 11:20:48.734 31211-31211 KcalSuggestionCache     com.example.nutrisaur11              D  User profile changed, cache invalid
2025-10-13 11:20:48.734 31211-31211 FoodActivity            com.example.nutrisaur11              D  No valid AI cache found, using fallback calculation...
2025-10-13 11:20:48.734 31211-31211 CalorieCal...ionService com.example.nutrisaur11              D  Calculated BMR: 1473.75 for Pingol , Kevin C.
2025-10-13 11:20:48.734 31211-31211 CalorieCal...ionService com.example.nutrisaur11              D  Calculated TDEE: 2284.3125 (BMR: 1473.75 × Activity: 1.55)
2025-10-13 11:20:48.734 31211-31211 CalorieCal...ionService com.example.nutrisaur11              D  Calculated daily calorie target: 2784 (TDEE: 2284.3125 + Adjustment: 500.0)
2025-10-13 11:20:48.734 31211-31211 FoodActivity            com.example.nutrisaur11              D  Using fallback calculation (AI will update cache): 2784
2025-10-13 11:20:48.734 31211-31211 FoodActivity            com.example.nutrisaur11              D  AI calculation already in progress, skipping...
2025-10-13 11:20:48.734 31211-31211 FoodActivity            com.example.nutrisaur11              D  Using AI-calculated total daily calories: 2784
2025-10-13 11:20:48.734 31211-31211 FoodActivity            com.example.nutrisaur11              D  FoodActivity Available database fields: [birthday, is_pregnant, muac_category, notes, weight_kg, nutritional_risk, height_cm, sex, municipality, muac_cm, screening_date, bmi_category, name, barangay, email, age, bmi, status]
2025-10-13 11:20:48.735 31211-31211 FoodActivity            com.example.nutrisaur11              D  Calculated age from birthday '2005-10-10': 20
2025-10-13 11:20:48.735 31211-31211 FoodActivity            com.example.nutrisaur11              D  FoodActivity Weight field lookup - weight_kg: '50', weight: 'null', final: '50'
2025-10-13 11:20:48.735 31211-31211 FoodActivity            com.example.nutrisaur11              D  FoodActivity: Set weight from database: 50
2025-10-13 11:20:48.735 31211-31211 FoodActivity            com.example.nutrisaur11              D  FoodActivity Height field lookup - height_cm: '171', height: 'null', final: '171'
2025-10-13 11:20:48.735 31211-31211 FoodActivity            com.example.nutrisaur11              D  FoodActivity: Set height from database: 171
2025-10-13 11:20:48.735 31211-31211 FoodActivity            com.example.nutrisaur11              D  Created user profile from database data: Pingol , Kevin C. (Age: 20, Weight: 50.0, Height: 171.0, Gender: Male, Activity: Moderate)
2025-10-13 11:20:48.735 31211-31211 CalorieCal...ionService com.example.nutrisaur11              D  Calculated meal distribution: Breakfast=696, Lunch=974, Dinner=835, Snacks=278
2025-10-13 11:20:48.735 31211-31211 FoodActivity            com.example.nutrisaur11              D  Calculated meal distribution: Breakfast=696, Lunch=974, Dinner=835, Snacks=278
2025-10-13 11:20:48.735 31211-31211 FoodActivity            com.example.nutrisaur11              D  Direct update Breakfast: 20 / 696 kcal (from 1 foods)
2025-10-13 11:20:48.735 31211-31211 FoodActivity            com.example.nutrisaur11              D  Set breakfast progress text to: 20 / 696 kcal
2025-10-13 11:20:48.735 31211-31211 FoodActivity            com.example.nutrisaur11              D  Direct update Lunch: 0 / 974 kcal (from 0 foods)
2025-10-13 11:20:48.736 31211-31211 FoodActivity            com.example.nutrisaur11              D  Set lunch progress text to: 0 / 974 kcal
2025-10-13 11:20:48.736 31211-31211 FoodActivity            com.example.nutrisaur11              D  Direct update Dinner: 0 / 835 kcal (from 0 foods)
2025-10-13 11:20:48.736 31211-31211 FoodActivity            com.example.nutrisaur11              D  Set dinner progress text to: 0 / 835 kcal
2025-10-13 11:20:48.736 31211-31211 FoodActivity            com.example.nutrisaur11              D  Direct update Snacks: 0 / 278 kcal (from 0 foods)
2025-10-13 11:20:48.736 31211-31211 FoodActivity            com.example.nutrisaur11              D  Set snacks progress text to: 0 / 278 kcal
2025-10-13 11:20:48.736 31211-31211 FoodActivity            com.example.nutrisaur11              D  Updating meal progress texts with direct AddedFoodManager data
2025-10-13 11:20:48.739 31211-31211 FoodActivity            com.example.nutrisaur11              D  FoodActivity Available database fields: [birthday, is_pregnant, muac_category, notes, weight_kg, nutritional_risk, height_cm, sex, municipality, muac_cm, screening_date, bmi_category, name, barangay, email, age, bmi, status]
2025-10-13 11:20:48.740 31211-31211 FoodActivity            com.example.nutrisaur11              D  Calculated age from birthday '2005-10-10': 20
2025-10-13 11:20:48.740 31211-31211 FoodActivity            com.example.nutrisaur11              D  FoodActivity Weight field lookup - weight_kg: '50', weight: 'null', final: '50'
2025-10-13 11:20:48.740 31211-31211 FoodActivity            com.example.nutrisaur11              D  FoodActivity: Set weight from database: 50
2025-10-13 11:20:48.740 31211-31211 FoodActivity            com.example.nutrisaur11              D  FoodActivity Height field lookup - height_cm: '171', height: 'null', final: '171'
2025-10-13 11:20:48.740 31211-31211 FoodActivity            com.example.nutrisaur11              D  FoodActivity: Set height from database: 171
2025-10-13 11:20:48.740 31211-31211 FoodActivity            com.example.nutrisaur11              D  Created user profile from database data: Pingol , Kevin C. (Age: 20, Weight: 50.0, Height: 171.0, Gender: Male, Activity: Moderate)
2025-10-13 11:20:48.740 31211-31211 KcalSuggestionCache     com.example.nutrisaur11              D  User profile changed, cache invalid
2025-10-13 11:20:48.740 31211-31211 FoodActivity            com.example.nutrisaur11              D  No valid AI cache found, using fallback calculation...
2025-10-13 11:20:48.740 31211-31211 CalorieCal...ionService com.example.nutrisaur11              D  Calculated BMR: 1473.75 for Pingol , Kevin C.
2025-10-13 11:20:48.740 31211-31211 CalorieCal...ionService com.example.nutrisaur11              D  Calculated TDEE: 2284.3125 (BMR: 1473.75 × Activity: 1.55)
2025-10-13 11:20:48.740 31211-31211 CalorieCal...ionService com.example.nutrisaur11              D  Calculated daily calorie target: 2784 (TDEE: 2284.3125 + Adjustment: 500.0)
2025-10-13 11:20:48.740 31211-31211 FoodActivity            com.example.nutrisaur11              D  Using fallback calculation (AI will update cache): 2784
2025-10-13 11:20:48.740 31211-31211 FoodActivity            com.example.nutrisaur11              D  AI calculation already in progress, skipping...
2025-10-13 11:20:48.740 31211-31211 FoodActivity            com.example.nutrisaur11              D  Using AI-calculated total daily calories: 2784
2025-10-13 11:20:48.740 31211-31211 FoodActivity            com.example.nutrisaur11              D  FoodActivity Available database fields: [birthday, is_pregnant, muac_category, notes, weight_kg, nutritional_risk, height_cm, sex, municipality, muac_cm, screening_date, bmi_category, name, barangay, email, age, bmi, status]
2025-10-13 11:20:48.741 31211-31211 FoodActivity            com.example.nutrisaur11              D  Calculated age from birthday '2005-10-10': 20
2025-10-13 11:20:48.741 31211-31211 FoodActivity            com.example.nutrisaur11              D  FoodActivity Weight field lookup - weight_kg: '50', weight: 'null', final: '50'
2025-10-13 11:20:48.741 31211-31211 FoodActivity            com.example.nutrisaur11              D  FoodActivity: Set weight from database: 50
2025-10-13 11:20:48.741 31211-31211 FoodActivity            com.example.nutrisaur11              D  FoodActivity Height field lookup - height_cm: '171', height: 'null', final: '171'
2025-10-13 11:20:48.741 31211-31211 FoodActivity            com.example.nutrisaur11              D  FoodActivity: Set height from database: 171
2025-10-13 11:20:48.741 31211-31211 FoodActivity            com.example.nutrisaur11              D  Created user profile from database data: Pingol , Kevin C. (Age: 20, Weight: 50.0, Height: 171.0, Gender: Male, Activity: Moderate)
2025-10-13 11:20:48.741 31211-31211 CalorieCal...ionService com.example.nutrisaur11              D  Calculated meal distribution: Breakfast=696, Lunch=974, Dinner=835, Snacks=278
2025-10-13 11:20:48.741 31211-31211 FoodActivity            com.example.nutrisaur11              D  Calculated meal distribution: Breakfast=696, Lunch=974, Dinner=835, Snacks=278
2025-10-13 11:20:48.741 31211-31211 FoodActivity            com.example.nutrisaur11              D  Direct update Breakfast: 20 / 696 kcal (from 1 foods)
2025-10-13 11:20:48.741 31211-31211 FoodActivity            com.example.nutrisaur11              D  Set breakfast progress text to: 20 / 696 kcal
2025-10-13 11:20:48.741 31211-31211 FoodActivity            com.example.nutrisaur11              D  Direct update Lunch: 0 / 974 kcal (from 0 foods)
2025-10-13 11:20:48.742 31211-31211 FoodActivity            com.example.nutrisaur11              D  Set lunch progress text to: 0 / 974 kcal
2025-10-13 11:20:48.742 31211-31211 FoodActivity            com.example.nutrisaur11              D  Direct update Dinner: 0 / 835 kcal (from 0 foods)
2025-10-13 11:20:48.742 31211-31211 FoodActivity            com.example.nutrisaur11              D  Set dinner progress text to: 0 / 835 kcal
2025-10-13 11:20:48.742 31211-31211 FoodActivity            com.example.nutrisaur11              D  Direct update Snacks: 0 / 278 kcal (from 0 foods)
2025-10-13 11:20:48.742 31211-31211 FoodActivity            com.example.nutrisaur11              D  Set snacks progress text to: 0 / 278 kcal
2025-10-13 11:20:48.742 31211-31211 FoodActivity            com.example.nutrisaur11              D  Updating macronutrient data directly
2025-10-13 11:20:48.745 31211-31211 FoodActivity            com.example.nutrisaur11              D  FoodActivity Available database fields: [birthday, is_pregnant, muac_category, notes, weight_kg, nutritional_risk, height_cm, sex, municipality, muac_cm, screening_date, bmi_category, name, barangay, email, age, bmi, status]
2025-10-13 11:20:48.746 31211-31211 FoodActivity            com.example.nutrisaur11              D  Calculated age from birthday '2005-10-10': 20
2025-10-13 11:20:48.746 31211-31211 FoodActivity            com.example.nutrisaur11              D  FoodActivity Weight field lookup - weight_kg: '50', weight: 'null', final: '50'
2025-10-13 11:20:48.746 31211-31211 FoodActivity            com.example.nutrisaur11              D  FoodActivity: Set weight from database: 50
2025-10-13 11:20:48.746 31211-31211 FoodActivity            com.example.nutrisaur11              D  FoodActivity Height field lookup - height_cm: '171', height: 'null', final: '171'
2025-10-13 11:20:48.746 31211-31211 FoodActivity            com.example.nutrisaur11              D  FoodActivity: Set height from database: 171
2025-10-13 11:20:48.746 31211-31211 FoodActivity            com.example.nutrisaur11              D  Created user profile from database data: Pingol , Kevin C. (Age: 20, Weight: 50.0, Height: 171.0, Gender: Male, Activity: Moderate)
2025-10-13 11:20:48.746 31211-31211 CalorieCal...ionService com.example.nutrisaur11              D  Calculated BMR: 1473.75 for Pingol , Kevin C.
2025-10-13 11:20:48.746 31211-31211 CalorieCal...ionService com.example.nutrisaur11              D  Calculated TDEE: 2284.3125 (BMR: 1473.75 × Activity: 1.55)
2025-10-13 11:20:48.746 31211-31211 CalorieCal...ionService com.example.nutrisaur11              D  Calculated daily calorie target: 2784 (TDEE: 2284.3125 + Adjustment: 500.0)
2025-10-13 11:20:48.746 31211-31211 FoodActivity            com.example.nutrisaur11              D  Calculated macro targets - Protein: 153, Carbs: 375, Fat: 74
2025-10-13 11:20:48.746 31211-31211 FoodActivity            com.example.nutrisaur11              D  Macro Update:
2025-10-13 11:20:48.746 31211-31211 FoodActivity            com.example.nutrisaur11              D    Protein: 133/153 (eaten: 20)
2025-10-13 11:20:48.746 31211-31211 FoodActivity            com.example.nutrisaur11              D    Carbs: 355/375 (eaten: 20)
2025-10-13 11:20:48.746 31211-31211 FoodActivity            com.example.nutrisaur11              D    Fat: 54/74 (eaten: 20)
2025-10-13 11:20:48.747 31211-31211 FoodActivity            com.example.nutrisaur11              D  Nutrition UI refreshed with updated AI data
2025-10-13 11:20:48.780 31211-31211 FoodActivity            com.example.nutrisaur11              D  Total eaten calories after sync: 20
2025-10-13 11:20:48.780 31211-31211 FoodActivity            com.example.nutrisaur11              D  Updating eaten calories only (preserving daily target)
2025-10-13 11:20:48.781 31211-31211 FoodActivity            com.example.nutrisaur11              D  Total eaten calories for update: 20
2025-10-13 11:20:48.781 31211-31211 FoodActivity            com.example.nutrisaur11              D  Using existing daily calorie target: 2784
2025-10-13 11:20:48.781 31211-31211 FoodActivity            com.example.nutrisaur11              D  Eaten Calories Only Update:
2025-10-13 11:20:48.781 31211-31211 FoodActivity            com.example.nutrisaur11              D    Total Daily Calories: 2784 (preserved)
2025-10-13 11:20:48.781 31211-31211 FoodActivity            com.example.nutrisaur11              D    Total Eaten Calories: 20 (updated)
2025-10-13 11:20:48.781 31211-31211 FoodActivity            com.example.nutrisaur11              D    Calories Left: 2764
2025-10-13 11:20:48.781 31211-31211 FoodActivity            com.example.nutrisaur11              D    Progress Percent: 0.7183908%
2025-10-13 11:20:48.781 31211-31211 FoodActivity            com.example.nutrisaur11              D  Updating macronutrient data directly
2025-10-13 11:20:48.785 31211-31211 FoodActivity            com.example.nutrisaur11              D  FoodActivity Available database fields: [birthday, is_pregnant, muac_category, notes, weight_kg, nutritional_risk, height_cm, sex, municipality, muac_cm, screening_date, bmi_category, name, barangay, email, age, bmi, status]
2025-10-13 11:20:48.785 31211-31211 FoodActivity            com.example.nutrisaur11              D  Calculated age from birthday '2005-10-10': 20
2025-10-13 11:20:48.785 31211-31211 FoodActivity            com.example.nutrisaur11              D  FoodActivity Weight field lookup - weight_kg: '50', weight: 'null', final: '50'
2025-10-13 11:20:48.786 31211-31211 FoodActivity            com.example.nutrisaur11              D  FoodActivity: Set weight from database: 50
2025-10-13 11:20:48.786 31211-31211 FoodActivity            com.example.nutrisaur11              D  FoodActivity Height field lookup - height_cm: '171', height: 'null', final: '171'
2025-10-13 11:20:48.786 31211-31211 FoodActivity            com.example.nutrisaur11              D  FoodActivity: Set height from database: 171
2025-10-13 11:20:48.786 31211-31211 FoodActivity            com.example.nutrisaur11              D  Created user profile from database data: Pingol , Kevin C. (Age: 20, Weight: 50.0, Height: 171.0, Gender: Male, Activity: Moderate)
2025-10-13 11:20:48.786 31211-31211 CalorieCal...ionService com.example.nutrisaur11              D  Calculated BMR: 1473.75 for Pingol , Kevin C.
2025-10-13 11:20:48.786 31211-31211 CalorieCal...ionService com.example.nutrisaur11              D  Calculated TDEE: 2284.3125 (BMR: 1473.75 × Activity: 1.55)
2025-10-13 11:20:48.786 31211-31211 CalorieCal...ionService com.example.nutrisaur11              D  Calculated daily calorie target: 2784 (TDEE: 2284.3125 + Adjustment: 500.0)
2025-10-13 11:20:48.786 31211-31211 FoodActivity            com.example.nutrisaur11              D  Calculated macro targets - Protein: 153, Carbs: 375, Fat: 74
2025-10-13 11:20:48.786 31211-31211 FoodActivity            com.example.nutrisaur11              D  Macro Update:
2025-10-13 11:20:48.786 31211-31211 FoodActivity            com.example.nutrisaur11              D    Protein: 133/153 (eaten: 20)
2025-10-13 11:20:48.786 31211-31211 FoodActivity            com.example.nutrisaur11              D    Carbs: 355/375 (eaten: 20)
2025-10-13 11:20:48.786 31211-31211 FoodActivity            com.example.nutrisaur11              D    Fat: 54/74 (eaten: 20)
2025-10-13 11:20:48.788 31211-31211 FoodActivity            com.example.nutrisaur11              D  Updating meal progress texts with direct AddedFoodManager data
2025-10-13 11:20:48.792 31211-31211 FoodActivity            com.example.nutrisaur11              D  FoodActivity Available database fields: [birthday, is_pregnant, muac_category, notes, weight_kg, nutritional_risk, height_cm, sex, municipality, muac_cm, screening_date, bmi_category, name, barangay, email, age, bmi, status]
2025-10-13 11:20:48.792 31211-31211 FoodActivity            com.example.nutrisaur11              D  Calculated age from birthday '2005-10-10': 20
2025-10-13 11:20:48.792 31211-31211 FoodActivity            com.example.nutrisaur11              D  FoodActivity Weight field lookup - weight_kg: '50', weight: 'null', final: '50'
2025-10-13 11:20:48.792 31211-31211 FoodActivity            com.example.nutrisaur11              D  FoodActivity: Set weight from database: 50
2025-10-13 11:20:48.792 31211-31211 FoodActivity            com.example.nutrisaur11              D  FoodActivity Height field lookup - height_cm: '171', height: 'null', final: '171'
2025-10-13 11:20:48.792 31211-31211 FoodActivity            com.example.nutrisaur11              D  FoodActivity: Set height from database: 171
2025-10-13 11:20:48.793 31211-31211 FoodActivity            com.example.nutrisaur11              D  Created user profile from database data: Pingol , Kevin C. (Age: 20, Weight: 50.0, Height: 171.0, Gender: Male, Activity: Moderate)
2025-10-13 11:20:48.793 31211-31211 KcalSuggestionCache     com.example.nutrisaur11              D  User profile changed, cache invalid
2025-10-13 11:20:48.793 31211-31211 FoodActivity            com.example.nutrisaur11              D  No valid AI cache found, using fallback calculation...
2025-10-13 11:20:48.793 31211-31211 CalorieCal...ionService com.example.nutrisaur11              D  Calculated BMR: 1473.75 for Pingol , Kevin C.
2025-10-13 11:20:48.793 31211-31211 CalorieCal...ionService com.example.nutrisaur11              D  Calculated TDEE: 2284.3125 (BMR: 1473.75 × Activity: 1.55)
2025-10-13 11:20:48.793 31211-31211 CalorieCal...ionService com.example.nutrisaur11              D  Calculated daily calorie target: 2784 (TDEE: 2284.3125 + Adjustment: 500.0)
2025-10-13 11:20:48.793 31211-31211 FoodActivity            com.example.nutrisaur11              D  Using fallback calculation (AI will update cache): 2784
2025-10-13 11:20:48.793 31211-31211 FoodActivity            com.example.nutrisaur11              D  Starting background AI calculation...
2025-10-13 11:20:48.793 31211-31211 FoodActivity            com.example.nutrisaur11              D  Using AI-calculated total daily calories: 2784
2025-10-13 11:20:48.794 31211-31211 FoodActivity            com.example.nutrisaur11              D  FoodActivity Available database fields: [birthday, is_pregnant, muac_category, notes, weight_kg, nutritional_risk, height_cm, sex, municipality, muac_cm, screening_date, bmi_category, name, barangay, email, age, bmi, status]
2025-10-13 11:20:48.794 31211-31211 FoodActivity            com.example.nutrisaur11              D  Calculated age from birthday '2005-10-10': 20
2025-10-13 11:20:48.794 31211-31211 FoodActivity            com.example.nutrisaur11              D  FoodActivity Weight field lookup - weight_kg: '50', weight: 'null', final: '50'
2025-10-13 11:20:48.794 31211-31211 FoodActivity            com.example.nutrisaur11              D  FoodActivity: Set weight from database: 50
2025-10-13 11:20:48.794 31211-31211 FoodActivity            com.example.nutrisaur11              D  FoodActivity Height field lookup - height_cm: '171', height: 'null', final: '171'
2025-10-13 11:20:48.794 31211-31347 NutritionService        com.example.nutrisaur11              D  Starting nutrition recommendations...
2025-10-13 11:20:48.794 31211-31347 NutritionService        com.example.nutrisaur11              D  Getting user profile from SharedPreferences...
2025-10-13 11:20:48.794 31211-31347 NutritionService        com.example.nutrisaur11              D  User data: name=, age=25, weight=70.0, height=170.0
2025-10-13 11:20:48.794 31211-31211 FoodActivity            com.example.nutrisaur11              D  FoodActivity: Set height from database: 171
2025-10-13 11:20:48.795 31211-31347 NutritionService        com.example.nutrisaur11              D  User profile loaded: , BMI: 24.221453287197235
2025-10-13 11:20:48.795 31211-31211 FoodActivity            com.example.nutrisaur11              D  Created user profile from database data: Pingol , Kevin C. (Age: 20, Weight: 50.0, Height: 171.0, Gender: Male, Activity: Moderate)
2025-10-13 11:20:48.795 31211-31211 CalorieCal...ionService com.example.nutrisaur11              D  Calculated meal distribution: Breakfast=696, Lunch=974, Dinner=835, Snacks=278
2025-10-13 11:20:48.795 31211-31211 FoodActivity            com.example.nutrisaur11              D  Calculated meal distribution: Breakfast=696, Lunch=974, Dinner=835, Snacks=278
2025-10-13 11:20:48.795 31211-31211 FoodActivity            com.example.nutrisaur11              D  Direct update Breakfast: 20 / 696 kcal (from 1 foods)
2025-10-13 11:20:48.795 31211-31347 KcalSuggestionCache     com.example.nutrisaur11              D  Cached kcal suggestion is valid
2025-10-13 11:20:48.795 31211-31347 NutritionService        com.example.nutrisaur11              D  Using cached kcal suggestion - user profile unchanged
2025-10-13 11:20:48.795 31211-31211 FoodActivity            com.example.nutrisaur11              D  Set breakfast progress text to: 20 / 696 kcal
2025-10-13 11:20:48.795 31211-31211 FoodActivity            com.example.nutrisaur11              D  Direct update Lunch: 0 / 974 kcal (from 0 foods)
2025-10-13 11:20:48.795 31211-31347 KcalSuggestionCache     com.example.nutrisaur11              D  Successfully loaded cached kcal suggestion
2025-10-13 11:20:48.795 31211-31347 FoodActivity            com.example.nutrisaur11              D  Background AI calculation completed: 2545
2025-10-13 11:20:48.796 31211-31211 FoodActivity            com.example.nutrisaur11              D  Set lunch progress text to: 0 / 974 kcal
2025-10-13 11:20:48.796 31211-31211 FoodActivity            com.example.nutrisaur11              D  Direct update Dinner: 0 / 835 kcal (from 0 foods)
2025-10-13 11:20:48.796 31211-31211 FoodActivity            com.example.nutrisaur11              D  Set dinner progress text to: 0 / 835 kcal
2025-10-13 11:20:48.796 31211-31211 FoodActivity            com.example.nutrisaur11              D  Direct update Snacks: 0 / 278 kcal (from 0 foods)
2025-10-13 11:20:48.796 31211-31211 FoodActivity            com.example.nutrisaur11              D  Set snacks progress text to: 0 / 278 kcal
2025-10-13 11:20:48.796 31211-31211 FoodActivity            com.example.nutrisaur11              D  Updating meal progress texts with direct AddedFoodManager data
2025-10-13 11:20:48.802 31211-31211 FoodActivity            com.example.nutrisaur11              D  FoodActivity Available database fields: [birthday, is_pregnant, muac_category, notes, weight_kg, nutritional_risk, height_cm, sex, municipality, muac_cm, screening_date, bmi_category, name, barangay, email, age, bmi, status]
2025-10-13 11:20:48.803 31211-31211 FoodActivity            com.example.nutrisaur11              D  Calculated age from birthday '2005-10-10': 20
2025-10-13 11:20:48.803 31211-31211 FoodActivity            com.example.nutrisaur11              D  FoodActivity Weight field lookup - weight_kg: '50', weight: 'null', final: '50'
2025-10-13 11:20:48.803 31211-31211 FoodActivity            com.example.nutrisaur11              D  FoodActivity: Set weight from database: 50
2025-10-13 11:20:48.803 31211-31211 FoodActivity            com.example.nutrisaur11              D  FoodActivity Height field lookup - height_cm: '171', height: 'null', final: '171'
2025-10-13 11:20:48.803 31211-31211 FoodActivity            com.example.nutrisaur11              D  FoodActivity: Set height from database: 171
2025-10-13 11:20:48.803 31211-31211 FoodActivity            com.example.nutrisaur11              D  Created user profile from database data: Pingol , Kevin C. (Age: 20, Weight: 50.0, Height: 171.0, Gender: Male, Activity: Moderate)
2025-10-13 11:20:48.803 31211-31211 KcalSuggestionCache     com.example.nutrisaur11              D  User profile changed, cache invalid
2025-10-13 11:20:48.803 31211-31211 FoodActivity            com.example.nutrisaur11              D  No valid AI cache found, using fallback calculation...
2025-10-13 11:20:48.803 31211-31211 CalorieCal...ionService com.example.nutrisaur11              D  Calculated BMR: 1473.75 for Pingol , Kevin C.
2025-10-13 11:20:48.803 31211-31211 CalorieCal...ionService com.example.nutrisaur11              D  Calculated TDEE: 2284.3125 (BMR: 1473.75 × Activity: 1.55)
2025-10-13 11:20:48.804 31211-31211 CalorieCal...ionService com.example.nutrisaur11              D  Calculated daily calorie target: 2784 (TDEE: 2284.3125 + Adjustment: 500.0)
2025-10-13 11:20:48.804 31211-31211 FoodActivity            com.example.nutrisaur11              D  Using fallback calculation (AI will update cache): 2784
2025-10-13 11:20:48.804 31211-31211 FoodActivity            com.example.nutrisaur11              D  AI calculation already in progress, skipping...
2025-10-13 11:20:48.804 31211-31211 FoodActivity            com.example.nutrisaur11              D  Using AI-calculated total daily calories: 2784
2025-10-13 11:20:48.804 31211-31211 FoodActivity            com.example.nutrisaur11              D  FoodActivity Available database fields: [birthday, is_pregnant, muac_category, notes, weight_kg, nutritional_risk, height_cm, sex, municipality, muac_cm, screening_date, bmi_category, name, barangay, email, age, bmi, status]
2025-10-13 11:20:48.804 31211-31211 FoodActivity            com.example.nutrisaur11              D  Calculated age from birthday '2005-10-10': 20
