2025-10-14 18:55:01.044 29541-29541 SessionManager          com.example.nutrisaur11              D  User interaction recorded at: 1760439301044
2025-10-14 18:55:01.109 29541-29541 SessionManager          com.example.nutrisaur11              D  User interaction recorded at: 1760439301109
2025-10-14 18:55:01.109 29541-29541 SessionManager          com.example.nutrisaur11              D  Using cached session validation result: true
2025-10-14 18:55:01.142 29541-29541 SessionManager          com.example.nutrisaur11              D  User interaction recorded at: 1760439301142
2025-10-14 18:55:01.143 29541-29541 SessionManager          com.example.nutrisaur11              D  User marked as idle
2025-10-14 18:55:01.163 29541-29541 SessionManager          com.example.nutrisaur11              D  User interaction recorded at: 1760439301163
2025-10-14 18:55:01.163 29541-29541 SessionManager          com.example.nutrisaur11              D  === REAL-TIME SESSION VALIDATION ===
2025-10-14 18:55:01.163 29541-29541 SessionManager          com.example.nutrisaur11              D  Using cached valid session
2025-10-14 18:55:01.164 29541-29541 IS_CTS_MODE             com.example.nutrisaur11              D  false
2025-10-14 18:55:01.164 29541-29541 MULTI_WIND...CH_ENABLED com.example.nutrisaur11              D  false
2025-10-14 18:55:01.165 29541-29541 DecorView[]             com.example.nutrisaur11              D  getWindowModeFromSystem  windowmode is 1
2025-10-14 18:55:01.236 29541-29541 AccountActivity         com.example.nutrisaur11              D  Fetching fresh user data from community_users table...
2025-10-14 18:55:01.236 29541-29541 CommunityUserManager    com.example.nutrisaur11              D  === FORCE REFRESHING USER DATA FROM DATABASE ===
2025-10-14 18:55:01.236 29541-29541 CommunityUserManager    com.example.nutrisaur11              D  Force refreshing data for: kevinpingol123@gmail.com
2025-10-14 18:55:01.237 29541-29672 CommunityUserManager    com.example.nutrisaur11              D  Making API request to: https://nutrisaur-production.up.railway.app/api/DatabaseAPI.php?action=get_community_user_data
2025-10-14 18:55:01.237 29541-29672 CommunityUserManager    com.example.nutrisaur11              D  Request data: {"email":"kevinpingol123@gmail.com"}
2025-10-14 18:55:01.241 29541-29541 SessionManager          com.example.nutrisaur11              D  User interaction recorded at: 1760439301240
2025-10-14 18:55:01.241 29541-29541 SessionManager          com.example.nutrisaur11              D  === REAL-TIME SESSION VALIDATION ===
2025-10-14 18:55:01.241 29541-29541 SessionManager          com.example.nutrisaur11              D  Using cached valid session
2025-10-14 18:55:01.241 29541-29541 CommunityUserManager    com.example.nutrisaur11              D  === CHECKING ARCHIVE STATUS ===
2025-10-14 18:55:01.241 29541-29541 CommunityUserManager    com.example.nutrisaur11              D  === FORCE REFRESHING USER DATA FROM DATABASE ===
2025-10-14 18:55:01.241 29541-29541 CommunityUserManager    com.example.nutrisaur11              D  Force refreshing data for: kevinpingol123@gmail.com
2025-10-14 18:55:01.241 29541-29541 CommunityUserManager    com.example.nutrisaur11              D  === CHECKING USER EXISTENCE ===
2025-10-14 18:55:01.242 29541-29541 CommunityUserManager    com.example.nutrisaur11              D  === FORCE REFRESHING USER DATA FROM DATABASE ===
2025-10-14 18:55:01.243 29541-29541 CommunityUserManager    com.example.nutrisaur11              D  Force refreshing data for: kevinpingol123@gmail.com
2025-10-14 18:55:01.243 29541-29541 CommunityUserManager    com.example.nutrisaur11              D  === CHECKING ARCHIVE STATUS ===
2025-10-14 18:55:01.243 29541-29541 CommunityUserManager    com.example.nutrisaur11              D  === FORCE REFRESHING USER DATA FROM DATABASE ===
2025-10-14 18:55:01.243 29541-29541 CommunityUserManager    com.example.nutrisaur11              D  Force refreshing data for: kevinpingol123@gmail.com
2025-10-14 18:55:01.243 29541-29541 AccountActivity         com.example.nutrisaur11              D  Activity resumed - fetching fresh user data
2025-10-14 18:55:01.243 29541-29541 AccountActivity         com.example.nutrisaur11              D  Fetching fresh user data from community_users table...
2025-10-14 18:55:01.243 29541-29674 CommunityUserManager    com.example.nutrisaur11              D  Making API request to: https://nutrisaur-production.up.railway.app/api/DatabaseAPI.php?action=get_community_user_data
2025-10-14 18:55:01.243 29541-29676 CommunityUserManager    com.example.nutrisaur11              D  Making API request to: https://nutrisaur-production.up.railway.app/api/DatabaseAPI.php?action=get_community_user_data
2025-10-14 18:55:01.243 29541-29541 CommunityUserManager    com.example.nutrisaur11              D  === FORCE REFRESHING USER DATA FROM DATABASE ===
2025-10-14 18:55:01.243 29541-29541 CommunityUserManager    com.example.nutrisaur11              D  Force refreshing data for: kevinpingol123@gmail.com
2025-10-14 18:55:01.243 29541-29674 CommunityUserManager    com.example.nutrisaur11              D  Request data: {"email":"kevinpingol123@gmail.com"}
2025-10-14 18:55:01.243 29541-29677 CommunityUserManager    com.example.nutrisaur11              D  Making API request to: https://nutrisaur-production.up.railway.app/api/DatabaseAPI.php?action=get_community_user_data
2025-10-14 18:55:01.244 29541-29677 CommunityUserManager    com.example.nutrisaur11              D  Request data: {"email":"kevinpingol123@gmail.com"}
2025-10-14 18:55:01.244 29541-29676 CommunityUserManager    com.example.nutrisaur11              D  Request data: {"email":"kevinpingol123@gmail.com"}
2025-10-14 18:55:01.248 29541-29679 CommunityUserManager    com.example.nutrisaur11              D  Making API request to: https://nutrisaur-production.up.railway.app/api/DatabaseAPI.php?action=get_community_user_data
2025-10-14 18:55:01.248 29541-29679 CommunityUserManager    com.example.nutrisaur11              D  Request data: {"email":"kevinpingol123@gmail.com"}
2025-10-14 18:55:01.250 29541-29541 SessionManager          com.example.nutrisaur11              D  === PERIODIC SESSION VALIDATION ===
2025-10-14 18:55:01.250 29541-29541 SessionManager          com.example.nutrisaur11              D  Using cached session validation result: true
2025-10-14 18:55:01.251 29541-29541 SessionManager          com.example.nutrisaur11              D  Checking user existence in database: kevinpingol123@gmail.com
2025-10-14 18:55:01.251 29541-29541 CommunityUserManager    com.example.nutrisaur11              D  === GETTING CURRENT USER DATA FROM DATABASE (ASYNC) ===
2025-10-14 18:55:01.251 29541-29541 CommunityUserManager    com.example.nutrisaur11              D  Retrieved cached user data for: kevinpingol123@gmail.com
2025-10-14 18:55:01.251 29541-29541 CommunityUserManager    com.example.nutrisaur11              D  Returning cached user data
2025-10-14 18:55:01.251 29541-29541 SessionManager          com.example.nutrisaur11              D  Database check completed in 0ms
2025-10-14 18:55:01.251 29541-29541 SessionManager          com.example.nutrisaur11              D  User exists and is valid: kevinpingol123@gmail.com
2025-10-14 18:55:01.258  3040-3351  ActivityManagerWrapper  com.miui.home                        E  getRecentTasks: taskId=11285   userId=0   baseIntent=Intent { act=android.intent.action.MAIN cat=[android.intent.category.LAUNCHER] flg=0x10000000 cmp=com.example.nutrisaur11/.SplashActivity }
2025-10-14 18:55:01.378 29541-29541 DecorView[]             com.example.nutrisaur11              D  onWindowFocusChanged hasWindowFocus false
2025-10-14 18:55:01.439 29541-29541 SessionManager          com.example.nutrisaur11              D  User marked as idle
2025-10-14 18:55:01.441 29541-29541 MainActivity            com.example.nutrisaur11              D  Data update receiver unregistered
2025-10-14 18:55:01.483 29541-29541 DecorView[]             com.example.nutrisaur11              D  onWindowFocusChanged hasWindowFocus true
2025-10-14 18:55:01.534 29541-29672 CommunityUserManager    com.example.nutrisaur11              D  API response code: 200
2025-10-14 18:55:01.534 29541-29672 CommunityUserManager    com.example.nutrisaur11              D  API response message: 
2025-10-14 18:55:01.535 29541-29672 CommunityUserManager    com.example.nutrisaur11              D  API response for get_community_user_data: {"success":true,"message":"User data retrieved successfully","user":{"name":"Pingol , Kevin C.","email":"kevinpingol123@gmail.com","municipality":"DINALUPIHAN","barangay":"Kawayan","sex":"Male","birthday":"2005-10-10","is_pregnant":"N\/A","weight":"85","height":"171","screening_date":"2025-10-10 06:47:30","fcm_token":"dDgJr74pRHukYxdkYiGyAE:APA91bGonfRAbhb5xo9V8ufuveE8EQB7Cu5A_7D-d4pqd9OQodrKTUVp48IfMw6HxDJr6XEHhTwD-QrZt7Uv25kP61USRCnHqLqO4RVcN4VUBRhb83IxLpE","is_flagged":0,"bmi-for-age":"","weight-for-height":"","weight-for-age":"","weight-for-length":"","height-for-age":""}}
2025-10-14 18:55:01.536 29541-29672 CommunityUserManager    com.example.nutrisaur11              D  Cached user data for: kevinpingol123@gmail.com
2025-10-14 18:55:01.536 29541-29672 CommunityUserManager    com.example.nutrisaur11              D  Fresh user data retrieved successfully: {birthday=2005-10-10, is_pregnant=N/A, muac_category=, notes=, weight_kg=85, nutritional_risk=, height_cm=171, sex=Male, municipality=DINALUPIHAN, muac_cm=, screening_date=2025-10-10 06:47:30, bmi_category=, name=Pingol , Kevin C., barangay=Kawayan, email=kevinpingol123@gmail.com, age=, bmi=, status=1}
2025-10-14 18:55:01.536 29541-29672 AccountActivity         com.example.nutrisaur11              D  Fresh user data fetched from community_users table
2025-10-14 18:55:01.537 29541-29541 AccountActivity         com.example.nutrisaur11              D  Populating form fields with user data
2025-10-14 18:55:01.557 29541-29541 AccountActivity         com.example.nutrisaur11              D  Updating barangay spinner for municipality: DINALUPIHAN with 29 barangays
2025-10-14 18:55:01.557 29541-29541 AccountActivity         com.example.nutrisaur11              D  Barangay spinner updated, current selection: Select your barangay
2025-10-14 18:55:01.558 29541-29541 AccountActivity         com.example.nutrisaur11              D  Original values stored for change detection
2025-10-14 18:55:01.558 29541-29541 AccountActivity         com.example.nutrisaur11              D  Form fields populated with database data
2025-10-14 18:55:01.617 29541-29541 AccountActivity         com.example.nutrisaur11              D  Barangay set to: Kawayan at position: 8
2025-10-14 18:55:01.618 29541-29541 AccountActivity         com.example.nutrisaur11              D  Updating barangay spinner for municipality: DINALUPIHAN with 29 barangays
2025-10-14 18:55:01.618 29541-29541 AccountActivity         com.example.nutrisaur11              D  Barangay spinner updated, current selection: Select your barangay
2025-10-14 18:55:01.634 29541-29676 CommunityUserManager    com.example.nutrisaur11              D  API response code: 200
2025-10-14 18:55:01.634 29541-29676 CommunityUserManager    com.example.nutrisaur11              D  API response message: 
2025-10-14 18:55:01.636 29541-29676 CommunityUserManager    com.example.nutrisaur11              D  API response for get_community_user_data: {"success":true,"message":"User data retrieved successfully","user":{"name":"Pingol , Kevin C.","email":"kevinpingol123@gmail.com","municipality":"DINALUPIHAN","barangay":"Kawayan","sex":"Male","birthday":"2005-10-10","is_pregnant":"N\/A","weight":"85","height":"171","screening_date":"2025-10-10 06:47:30","fcm_token":"dDgJr74pRHukYxdkYiGyAE:APA91bGonfRAbhb5xo9V8ufuveE8EQB7Cu5A_7D-d4pqd9OQodrKTUVp48IfMw6HxDJr6XEHhTwD-QrZt7Uv25kP61USRCnHqLqO4RVcN4VUBRhb83IxLpE","is_flagged":0,"bmi-for-age":"","weight-for-height":"","weight-for-age":"","weight-for-length":"","height-for-age":""}}
2025-10-14 18:55:01.636 29541-29677 CommunityUserManager    com.example.nutrisaur11              D  API response code: 200
2025-10-14 18:55:01.636 29541-29677 CommunityUserManager    com.example.nutrisaur11              D  API response message: 
2025-10-14 18:55:01.638 29541-29676 CommunityUserManager    com.example.nutrisaur11              D  Cached user data for: kevinpingol123@gmail.com
2025-10-14 18:55:01.638 29541-29676 CommunityUserManager    com.example.nutrisaur11              D  Fresh user data retrieved successfully: {birthday=2005-10-10, is_pregnant=N/A, muac_category=, notes=, weight_kg=85, nutritional_risk=, height_cm=171, sex=Male, municipality=DINALUPIHAN, muac_cm=, screening_date=2025-10-10 06:47:30, bmi_category=, name=Pingol , Kevin C., barangay=Kawayan, email=kevinpingol123@gmail.com, age=, bmi=, status=1}
2025-10-14 18:55:01.638 29541-29676 CommunityUserManager    com.example.nutrisaur11              D  User exists and has valid data
2025-10-14 18:55:01.638 29541-29677 CommunityUserManager    com.example.nutrisaur11              D  API response for get_community_user_data: {"success":true,"message":"User data retrieved successfully","user":{"name":"Pingol , Kevin C.","email":"kevinpingol123@gmail.com","municipality":"DINALUPIHAN","barangay":"Kawayan","sex":"Male","birthday":"2005-10-10","is_pregnant":"N\/A","weight":"85","height":"171","screening_date":"2025-10-10 06:47:30","fcm_token":"dDgJr74pRHukYxdkYiGyAE:APA91bGonfRAbhb5xo9V8ufuveE8EQB7Cu5A_7D-d4pqd9OQodrKTUVp48IfMw6HxDJr6XEHhTwD-QrZt7Uv25kP61USRCnHqLqO4RVcN4VUBRhb83IxLpE","is_flagged":0,"bmi-for-age":"","weight-for-height":"","weight-for-age":"","weight-for-length":"","height-for-age":""}}
2025-10-14 18:55:01.639 29541-29677 CommunityUserManager    com.example.nutrisaur11              D  Cached user data for: kevinpingol123@gmail.com
2025-10-14 18:55:01.639 29541-29677 CommunityUserManager    com.example.nutrisaur11              D  Fresh user data retrieved successfully: {birthday=2005-10-10, is_pregnant=N/A, muac_category=, notes=, weight_kg=85, nutritional_risk=, height_cm=171, sex=Male, municipality=DINALUPIHAN, muac_cm=, screening_date=2025-10-10 06:47:30, bmi_category=, name=Pingol , Kevin C., barangay=Kawayan, email=kevinpingol123@gmail.com, age=, bmi=, status=1}
2025-10-14 18:55:01.639 29541-29677 CommunityUserManager    com.example.nutrisaur11              D  User status: 1
2025-10-14 18:55:01.639 29541-29677 CommunityUserManager    com.example.nutrisaur11              D  User is active (status = 1)
2025-10-14 18:55:01.659 29541-29679 CommunityUserManager    com.example.nutrisaur11              D  API response code: 200
2025-10-14 18:55:01.659 29541-29679 CommunityUserManager    com.example.nutrisaur11              D  API response message: 
2025-10-14 18:55:01.661 29541-29679 CommunityUserManager    com.example.nutrisaur11              D  API response for get_community_user_data: {"success":true,"message":"User data retrieved successfully","user":{"name":"Pingol , Kevin C.","email":"kevinpingol123@gmail.com","municipality":"DINALUPIHAN","barangay":"Kawayan","sex":"Male","birthday":"2005-10-10","is_pregnant":"N\/A","weight":"85","height":"171","screening_date":"2025-10-10 06:47:30","fcm_token":"dDgJr74pRHukYxdkYiGyAE:APA91bGonfRAbhb5xo9V8ufuveE8EQB7Cu5A_7D-d4pqd9OQodrKTUVp48IfMw6HxDJr6XEHhTwD-QrZt7Uv25kP61USRCnHqLqO4RVcN4VUBRhb83IxLpE","is_flagged":0,"bmi-for-age":"","weight-for-height":"","weight-for-age":"","weight-for-length":"","height-for-age":""}}
2025-10-14 18:55:01.662 29541-29679 CommunityUserManager    com.example.nutrisaur11              D  Cached user data for: kevinpingol123@gmail.com
2025-10-14 18:55:01.662 29541-29679 CommunityUserManager    com.example.nutrisaur11              D  Fresh user data retrieved successfully: {birthday=2005-10-10, is_pregnant=N/A, muac_category=, notes=, weight_kg=85, nutritional_risk=, height_cm=171, sex=Male, municipality=DINALUPIHAN, muac_cm=, screening_date=2025-10-10 06:47:30, bmi_category=, name=Pingol , Kevin C., barangay=Kawayan, email=kevinpingol123@gmail.com, age=, bmi=, status=1}
2025-10-14 18:55:01.662 29541-29679 AccountActivity         com.example.nutrisaur11              D  Fresh user data fetched from community_users table
2025-10-14 18:55:01.684 29541-29541 AccountActivity         com.example.nutrisaur11              D  Populating form fields with user data
2025-10-14 18:55:01.687 29541-29541 AccountActivity         com.example.nutrisaur11              D  Updating barangay spinner for municipality: DINALUPIHAN with 29 barangays
2025-10-14 18:55:01.687 29541-29541 AccountActivity         com.example.nutrisaur11              D  Barangay spinner updated, current selection: Select your barangay
2025-10-14 18:55:01.688 29541-29541 AccountActivity         com.example.nutrisaur11              D  Original values stored for change detection
2025-10-14 18:55:01.688 29541-29541 AccountActivity         com.example.nutrisaur11              D  Form fields populated with database data
2025-10-14 18:55:01.756 29541-29541 AccountActivity         com.example.nutrisaur11              D  Barangay set to: Kawayan at position: 8
2025-10-14 18:55:01.793 29541-29716 ProfileInstaller        com.example.nutrisaur11              D  Installing profile for com.example.nutrisaur11
2025-10-14 18:55:01.824 29541-29674 CommunityUserManager    com.example.nutrisaur11              D  API response code: 200
2025-10-14 18:55:01.824 29541-29674 CommunityUserManager    com.example.nutrisaur11              D  API response message: 
2025-10-14 18:55:01.841 29541-29674 CommunityUserManager    com.example.nutrisaur11              D  API response for get_community_user_data: {"success":true,"message":"User data retrieved successfully","user":{"name":"Pingol , Kevin C.","email":"kevinpingol123@gmail.com","municipality":"DINALUPIHAN","barangay":"Kawayan","sex":"Male","birthday":"2005-10-10","is_pregnant":"N\/A","weight":"85","height":"171","screening_date":"2025-10-10 06:47:30","fcm_token":"dDgJr74pRHukYxdkYiGyAE:APA91bGonfRAbhb5xo9V8ufuveE8EQB7Cu5A_7D-d4pqd9OQodrKTUVp48IfMw6HxDJr6XEHhTwD-QrZt7Uv25kP61USRCnHqLqO4RVcN4VUBRhb83IxLpE","is_flagged":0,"bmi-for-age":"","weight-for-height":"","weight-for-age":"","weight-for-length":"","height-for-age":""}}
2025-10-14 18:55:01.841 29541-29674 CommunityUserManager    com.example.nutrisaur11              D  Cached user data for: kevinpingol123@gmail.com
2025-10-14 18:55:01.841 29541-29674 CommunityUserManager    com.example.nutrisaur11              D  Fresh user data retrieved successfully: {birthday=2005-10-10, is_pregnant=N/A, muac_category=, notes=, weight_kg=85, nutritional_risk=, height_cm=171, sex=Male, municipality=DINALUPIHAN, muac_cm=, screening_date=2025-10-10 06:47:30, bmi_category=, name=Pingol , Kevin C., barangay=Kawayan, email=kevinpingol123@gmail.com, age=, bmi=, status=1}
2025-10-14 18:55:01.841 29541-29674 CommunityUserManager    com.example.nutrisaur11              D  User status: 1
2025-10-14 18:55:01.841 29541-29674 CommunityUserManager    com.example.nutrisaur11              D  User is active (status = 1)
2025-10-14 18:55:03.470 29541-29541 SessionManager          com.example.nutrisaur11              D  User interaction recorded at: 1760439303470
2025-10-14 18:55:03.585 29541-29541 Compatibil...geReporter com.example.nutrisaur11              D  Compat change id reported: 163400105; UID 10355; state: ENABLED
2025-10-14 18:55:04.252 29541-29541 SessionManager          com.example.nutrisaur11              D  === PERIODIC SESSION VALIDATION ===
2025-10-14 18:55:04.253 29541-29541 SessionManager          com.example.nutrisaur11              D  User is active, validating with database
2025-10-14 18:55:04.253 29541-29541 SessionManager          com.example.nutrisaur11              D  Checking user existence in database: kevinpingol123@gmail.com
2025-10-14 18:55:04.253 29541-29541 CommunityUserManager    com.example.nutrisaur11              D  === GETTING CURRENT USER DATA FROM DATABASE (ASYNC) ===
2025-10-14 18:55:04.255 29541-29541 CommunityUserManager    com.example.nutrisaur11              D  Retrieved cached user data for: kevinpingol123@gmail.com
2025-10-14 18:55:04.255 29541-29541 CommunityUserManager    com.example.nutrisaur11              D  Returning cached user data
2025-10-14 18:55:04.255 29541-29541 SessionManager          com.example.nutrisaur11              D  Database check completed in 2ms
2025-10-14 18:55:04.256 29541-29541 SessionManager          com.example.nutrisaur11              D  User exists and is valid: kevinpingol123@gmail.com
2025-10-14 18:55:04.260 29541-29541 SessionManager          com.example.nutrisaur11              D  Checking user existence in database: kevinpingol123@gmail.com
2025-10-14 18:55:04.260 29541-29541 CommunityUserManager    com.example.nutrisaur11              D  === GETTING CURRENT USER DATA FROM DATABASE (ASYNC) ===
2025-10-14 18:55:04.260 29541-29541 CommunityUserManager    com.example.nutrisaur11              D  Retrieved cached user data for: kevinpingol123@gmail.com
2025-10-14 18:55:04.261 29541-29541 CommunityUserManager    com.example.nutrisaur11              D  Returning cached user data
2025-10-14 18:55:04.261 29541-29541 SessionManager          com.example.nutrisaur11              D  Database check completed in 1ms
2025-10-14 18:55:04.261 29541-29541 SessionManager          com.example.nutrisaur11              D  User exists and is valid: kevinpingol123@gmail.com
2025-10-14 18:55:04.262 29541-29541 SessionManager          com.example.nutrisaur11              D  User interaction recorded at: 1760439304262
2025-10-14 18:55:04.309 29541-29541 InputMethodManager      com.example.nutrisaur11              D  showSoftInput() view=androidx.appcompat.widget.AppCompatEditText{d9a45cd VFED..CL. .F.P.... 0,0-220,59 #7f080114 app:id/edit_weight aid=1073741830} flags=0 reason=SHOW_SOFT_INPUT
2025-10-14 18:55:04.384 29541-29554 OpenGLRenderer          com.example.nutrisaur11              I  Davey! duration=9223268912094ms; Flags=0, FrameTimelineVsyncId=5847917, IntendedVsync=103124760635547, Vsync=103124760635547, InputEventId=732439053, HandleInputStart=103124768569564, AnimationStart=103124768575814, PerformTraversalsStart=103124768579408, DrawStart=103124803313366, FrameDeadline=103124777302213, FrameInterval=103124768537897, FrameStartTime=16666666, SyncQueued=103124804617897, SyncStart=103124804737116, IssueDrawCommandsStart=103124805170606, SwapBuffers=103124807894147, FrameCompleted=9223372036854775807, DequeueBufferDuration=36719, QueueBufferDuration=911406, GpuCompleted=9223372036854775807, SwapBuffersCompleted=103124809544564, DisplayPresentTime=0, 
2025-10-14 18:55:04.411 29541-29541 InsetsController        com.example.nutrisaur11              D  show(ime(), fromIme=true)
2025-10-14 18:55:05.203 29541-29541 SessionManager          com.example.nutrisaur11              D  User interaction recorded at: 1760439305203
2025-10-14 18:55:05.228 29541-29541 SessionManager          com.example.nutrisaur11              D  User interaction recorded at: 1760439305228
2025-10-14 18:55:05.769 29541-29553 OpenGLRenderer          com.example.nutrisaur11              I  Davey! duration=9223268910677ms; Flags=0, FrameTimelineVsyncId=5847979, IntendedVsync=103126177000864, Vsync=103126177000864, InputEventId=0, HandleInputStart=103126180845345, AnimationStart=103126180851803, PerformTraversalsStart=103126180854720, DrawStart=103126182219980, FrameDeadline=103126210334196, FrameInterval=103126180804668, FrameStartTime=16666666, SyncQueued=103126182950449, SyncStart=103126183105970, IssueDrawCommandsStart=103126183632532, SwapBuffers=103126186916334, FrameCompleted=9223372036854775807, DequeueBufferDuration=57604, QueueBufferDuration=1302188, GpuCompleted=9223372036854775807, SwapBuffersCompleted=103126189021855, DisplayPresentTime=0, 
2025-10-14 18:55:06.267 29541-29553 OpenGLRenderer          com.example.nutrisaur11              I  Davey! duration=9223268910177ms; Flags=0, FrameTimelineVsyncId=5847986, IntendedVsync=103126677389471, Vsync=103126677389471, InputEventId=0, HandleInputStart=103126679673782, AnimationStart=103126679679563, PerformTraversalsStart=103126679682168, DrawStart=103126681384407, FrameDeadline=103126710722803, FrameInterval=103126679642220, FrameStartTime=16666666, SyncQueued=103126682067480, SyncStart=103126682451751, IssueDrawCommandsStart=103126682888522, SwapBuffers=103126686147584, FrameCompleted=9223372036854775807, DequeueBufferDuration=70677, QueueBufferDuration=1250677, GpuCompleted=9223372036854775807, SwapBuffersCompleted=103126688172532, DisplayPresentTime=0, 
2025-10-14 18:55:06.798 29541-29541 SessionManager          com.example.nutrisaur11              D  User interaction recorded at: 1760439306798
2025-10-14 18:55:06.807 29541-29541 SessionManager          com.example.nutrisaur11              D  User interaction recorded at: 1760439306807
2025-10-14 18:55:06.858 29541-29549 ple.nutrisaur1          com.example.nutrisaur11              W  Cleared Reference was only reachable from finalizer (only reported once)
2025-10-14 18:55:06.870 29541-29551 System                  com.example.nutrisaur11              W  A resource failed to call close. 
2025-10-14 18:55:06.873 29541-29551 System                  com.example.nutrisaur11              W  A resource failed to call close. 
2025-10-14 18:55:07.083 29541-29541 MIUIInput               com.example.nutrisaur11              D  [KeyEvent] ViewRootImpl KeyEvent { action=ACTION_DOWN, keyCode=KEYCODE_BACK, scanCode=0, metaState=0, flags=0x48, repeatCount=0, eventTime=103127503, downTime=103127503, deviceId=-1, source=0x101, displayId=0 }
2025-10-14 18:55:07.146 29541-29541 MIUIInput               com.example.nutrisaur11              D  [KeyEvent] ViewRootImpl KeyEvent { action=ACTION_UP, keyCode=KEYCODE_BACK, scanCode=0, metaState=0, flags=0x48, repeatCount=0, eventTime=103127574, downTime=103127503, deviceId=-1, source=0x101, displayId=0 }
2025-10-14 18:55:07.262 29541-29541 SessionManager          com.example.nutrisaur11              D  === PERIODIC SESSION VALIDATION ===
2025-10-14 18:55:07.263 29541-29541 SessionManager          com.example.nutrisaur11              D  User is active, validating with database
2025-10-14 18:55:07.263 29541-29541 SessionManager          com.example.nutrisaur11              D  Checking user existence in database: kevinpingol123@gmail.com
2025-10-14 18:55:07.263 29541-29541 CommunityUserManager    com.example.nutrisaur11              D  === GETTING CURRENT USER DATA FROM DATABASE (ASYNC) ===
2025-10-14 18:55:07.263 29541-29541 CommunityUserManager    com.example.nutrisaur11              D  Retrieved cached user data for: kevinpingol123@gmail.com
2025-10-14 18:55:07.263 29541-29541 CommunityUserManager    com.example.nutrisaur11              D  Returning cached user data
2025-10-14 18:55:07.263 29541-29541 SessionManager          com.example.nutrisaur11              D  Database check completed in 0ms
2025-10-14 18:55:07.264 29541-29541 SessionManager          com.example.nutrisaur11              D  User exists and is valid: kevinpingol123@gmail.com
2025-10-14 18:55:07.265 29541-29541 SessionManager          com.example.nutrisaur11              D  Checking user existence in database: kevinpingol123@gmail.com
2025-10-14 18:55:07.265 29541-29541 CommunityUserManager    com.example.nutrisaur11              D  === GETTING CURRENT USER DATA FROM DATABASE (ASYNC) ===
2025-10-14 18:55:07.266 29541-29541 CommunityUserManager    com.example.nutrisaur11              D  Retrieved cached user data for: kevinpingol123@gmail.com
2025-10-14 18:55:07.266 29541-29541 CommunityUserManager    com.example.nutrisaur11              D  Returning cached user data
2025-10-14 18:55:07.266 29541-29541 SessionManager          com.example.nutrisaur11              D  Database check completed in 1ms
2025-10-14 18:55:07.266 29541-29541 SessionManager          com.example.nutrisaur11              D  User exists and is valid: kevinpingol123@gmail.com
2025-10-14 18:55:07.817 29541-29541 SessionManager          com.example.nutrisaur11              D  User interaction recorded at: 1760439307817
2025-10-14 18:55:08.537 29541-29541 SessionManager          com.example.nutrisaur11              D  User interaction recorded at: 1760439308536
2025-10-14 18:55:08.604 29541-29541 AccountActivity         com.example.nutrisaur11              D  Saving profile changes
2025-10-14 18:55:08.947 29541-29741 AccountActivity         com.example.nutrisaur11              D  Profile updated successfully: {"success":true,"message":"Record updated successfully","affected_rows":1,"sql":"UPDATE community_users SET name = ?, email = ?, birthday = ?, sex = ?, municipality = ?, barangay = ?, weight = ?, height = ? WHERE email = ?"}
2025-10-14 18:55:08.948 29541-29541 AccountActivity         com.example.nutrisaur11              D  Profile updated successfully
2025-10-14 18:55:08.952 29541-29541 Compatibil...geReporter com.example.nutrisaur11              D  Compat change id reported: 147798919; UID 10355; state: ENABLED
2025-10-14 18:55:08.961 29541-29541 CommunityUserManager    com.example.nutrisaur11              D  Cleared user data cache for: kevinpingol123@gmail.com
2025-10-14 18:55:08.992 29541-29707 OpenGLRenderer          com.example.nutrisaur11              I  Davey! duration=9223268907460ms; Flags=0, FrameTimelineVsyncId=5848091, IntendedVsync=103129394127158, Vsync=103129394127158, InputEventId=0, HandleInputStart=103129396438469, AnimationStart=103129396442896, PerformTraversalsStart=103129396446541, DrawStart=103129400885656, FrameDeadline=103129410793824, FrameInterval=103129396415552, FrameStartTime=16666666, SyncQueued=103129402102479, SyncStart=103129402184719, IssueDrawCommandsStart=103129402422375, SwapBuffers=103129404244979, FrameCompleted=9223372036854775807, DequeueBufferDuration=32239, QueueBufferDuration=1002448, GpuCompleted=9223372036854775807, SwapBuffersCompleted=103129405720812, DisplayPresentTime=0, 
2025-10-14 18:55:09.255 29541-29745 AccountActivity         com.example.nutrisaur11              D  Auto-screening response: {"success":true,"message":"Auto-screening completed successfully"}
2025-10-14 18:55:09.356 29541-29707 OpenGLRenderer          com.example.nutrisaur11              I  Davey! duration=9223268907094ms; Flags=0, FrameTimelineVsyncId=5848114, IntendedVsync=103129760427248, Vsync=103129760427248, InputEventId=0, HandleInputStart=103129763105760, AnimationStart=103129763119041, PerformTraversalsStart=103129763127010, DrawStart=103129764067531, FrameDeadline=103129793760580, FrameInterval=103129763047062, FrameStartTime=16666666, SyncQueued=103129765281333, SyncStart=103129765519406, IssueDrawCommandsStart=103129766505760, SwapBuffers=103129772813416, FrameCompleted=9223372036854775807, DequeueBufferDuration=94792, QueueBufferDuration=2577084, GpuCompleted=9223372036854775807, SwapBuffersCompleted=103129777039927, DisplayPresentTime=0, 
2025-10-14 18:55:09.855 29541-29707 OpenGLRenderer          com.example.nutrisaur11              I  Davey! duration=9223268906593ms; Flags=0, FrameTimelineVsyncId=5848122, IntendedVsync=103130260586754, Vsync=103130260586754, InputEventId=0, HandleInputStart=103130263722687, AnimationStart=103130263736697, PerformTraversalsStart=103130263744822, DrawStart=103130264759406, FrameDeadline=103130293920086, FrameInterval=103130263656749, FrameStartTime=16666666, SyncQueued=103130266192114, SyncStart=103130266907479, IssueDrawCommandsStart=103130267648208, SwapBuffers=103130274147479, FrameCompleted=9223372036854775807, DequeueBufferDuration=83906, QueueBufferDuration=2384948, GpuCompleted=9223372036854775807, SwapBuffersCompleted=103130277791958, DisplayPresentTime=0, 
2025-10-14 18:55:10.268 29541-29541 SessionManager          com.example.nutrisaur11              D  === PERIODIC SESSION VALIDATION ===
2025-10-14 18:55:10.269 29541-29541 SessionManager          com.example.nutrisaur11              D  User is active, validating with database
2025-10-14 18:55:10.269 29541-29541 SessionManager          com.example.nutrisaur11              D  Checking user existence in database: kevinpingol123@gmail.com
2025-10-14 18:55:10.269 29541-29541 CommunityUserManager    com.example.nutrisaur11              D  === GETTING CURRENT USER DATA FROM DATABASE (ASYNC) ===
2025-10-14 18:55:10.270 29541-29541 CommunityUserManager    com.example.nutrisaur11              D  Cache expired for user: kevinpingol123@gmail.com
2025-10-14 18:55:10.272 29541-29749 CommunityUserManager    com.example.nutrisaur11              D  Making API request to: https://nutrisaur-production.up.railway.app/api/DatabaseAPI.php?action=get_community_user_data
2025-10-14 18:55:10.273 29541-29749 CommunityUserManager    com.example.nutrisaur11              D  Request data: {"email":"kevinpingol123@gmail.com"}
2025-10-14 18:55:10.632 29541-29749 CommunityUserManager    com.example.nutrisaur11              D  API response code: 200
2025-10-14 18:55:10.632 29541-29749 CommunityUserManager    com.example.nutrisaur11              D  API response message: 
2025-10-14 18:55:10.635 29541-29749 CommunityUserManager    com.example.nutrisaur11              D  API response for get_community_user_data: {"success":true,"message":"User data retrieved successfully","user":{"name":"Pingol , Kevin C.","email":"kevinpingol123@gmail.com","municipality":"DINALUPIHAN","barangay":"Kawayan","sex":"Male","birthday":"2005-10-10","is_pregnant":"N\/A","weight":"95","height":"171","screening_date":"2025-10-10 06:47:30","fcm_token":"dDgJr74pRHukYxdkYiGyAE:APA91bGonfRAbhb5xo9V8ufuveE8EQB7Cu5A_7D-d4pqd9OQodrKTUVp48IfMw6HxDJr6XEHhTwD-QrZt7Uv25kP61USRCnHqLqO4RVcN4VUBRhb83IxLpE","is_flagged":0,"bmi-for-age":"","weight-for-height":"","weight-for-age":"","weight-for-length":"","height-for-age":""}}
2025-10-14 18:55:10.637 29541-29749 CommunityUserManager    com.example.nutrisaur11              D  Cached user data for: kevinpingol123@gmail.com
2025-10-14 18:55:10.637 29541-29749 CommunityUserManager    com.example.nutrisaur11              D  User data retrieved successfully: {birthday=2005-10-10, is_pregnant=N/A, muac_category=, notes=, weight_kg=95, nutritional_risk=, height_cm=171, sex=Male, municipality=DINALUPIHAN, muac_cm=, screening_date=2025-10-10 06:47:30, bmi_category=, name=Pingol , Kevin C., barangay=Kawayan, email=kevinpingol123@gmail.com, age=, bmi=, status=1}
2025-10-14 18:55:10.637 29541-29541 SessionManager          com.example.nutrisaur11              D  Database check completed in 368ms
2025-10-14 18:55:10.638 29541-29541 SessionManager          com.example.nutrisaur11              D  User exists and is valid: kevinpingol123@gmail.com
2025-10-14 18:55:10.642 29541-29541 SessionManager          com.example.nutrisaur11              D  Checking user existence in database: kevinpingol123@gmail.com
2025-10-14 18:55:10.642 29541-29541 CommunityUserManager    com.example.nutrisaur11              D  === GETTING CURRENT USER DATA FROM DATABASE (ASYNC) ===
2025-10-14 18:55:10.643 29541-29541 CommunityUserManager    com.example.nutrisaur11              D  Retrieved cached user data for: kevinpingol123@gmail.com
2025-10-14 18:55:10.643 29541-29541 CommunityUserManager    com.example.nutrisaur11              D  Returning cached user data
2025-10-14 18:55:10.643 29541-29541 SessionManager          com.example.nutrisaur11              D  Database check completed in 1ms
2025-10-14 18:55:10.643 29541-29541 SessionManager          com.example.nutrisaur11              D  User exists and is valid: kevinpingol123@gmail.com
2025-10-14 18:55:12.188 29541-29707 OpenGLRenderer          com.example.nutrisaur11              I  Davey! duration=9223268904260ms; Flags=0, FrameTimelineVsyncId=5848164, IntendedVsync=103132594185391, Vsync=103132594185391, InputEventId=0, HandleInputStart=103132598449926, AnimationStart=103132598464822, PerformTraversalsStart=103132598474040, DrawStart=103132599585551, FrameDeadline=103132627518723, FrameInterval=103132598380707, FrameStartTime=16666666, SyncQueued=103132601811332, SyncStart=103132602226384, IssueDrawCommandsStart=103132603216436, SwapBuffers=103132605709144, FrameCompleted=9223372036854775807, DequeueBufferDuration=86458, QueueBufferDuration=2274427, GpuCompleted=9223372036854775807, SwapBuffersCompleted=103132609251228, DisplayPresentTime=0, 
