--------- beginning of crash
--------- beginning of system
--------- beginning of main
2025-10-01 07:10:06.724  3016-3342  ActivityManagerWrapper  com.miui.home                        E  getRecentTasks: taskId=9992   userId=0   baseIntent=Intent { act=android.intent.action.MAIN cat=[android.intent.category.LAUNCHER] flg=0x10000000 cmp=com.example.nutrisaur11/.MainActivity }
2025-10-01 07:14:47.175  3016-3342  ActivityManagerWrapper  com.miui.home                        E  getRecentTasks: taskId=9992   userId=0   baseIntent=Intent { act=android.intent.action.MAIN cat=[android.intent.category.LAUNCHER] flg=0x10000000 cmp=com.example.nutrisaur11/.MainActivity }
2025-10-01 07:15:02.713  3016-3342  ActivityManagerWrapper  com.miui.home                        E  getRecentTasks: taskId=9992   userId=0   baseIntent=Intent { act=android.intent.action.MAIN cat=[android.intent.category.LAUNCHER] flg=0x10000000 cmp=com.example.nutrisaur11/.MainActivity }
2025-10-01 07:17:43.226  3016-3342  ActivityManagerWrapper  com.miui.home                        E  getRecentTasks: taskId=9992   userId=0   baseIntent=Intent { act=android.intent.action.MAIN cat=[android.intent.category.LAUNCHER] flg=0x10000000 cmp=com.example.nutrisaur11/.MainActivity }
2025-10-01 07:18:11.955  3016-3342  ActivityManagerWrapper  com.miui.home                        E  getRecentTasks: taskId=9992   userId=0   baseIntent=Intent { act=android.intent.action.MAIN cat=[android.intent.category.LAUNCHER] flg=0x10000000 cmp=com.example.nutrisaur11/.MainActivity }
2025-10-01 07:20:14.113  3016-3342  ActivityManagerWrapper  com.miui.home                        E  getRecentTasks: taskId=9992   userId=0   baseIntent=Intent { act=android.intent.action.MAIN cat=[android.intent.category.LAUNCHER] flg=0x10000000 cmp=com.example.nutrisaur11/.MainActivity }
2025-10-01 07:20:22.732  3016-3342  ActivityManagerWrapper  com.miui.home                        E  getRecentTasks: taskId=9992   userId=0   baseIntent=Intent { act=android.intent.action.MAIN cat=[android.intent.category.LAUNCHER] flg=0x10000000 cmp=com.example.nutrisaur11/.MainActivity }
2025-10-01 07:30:12.152  3016-3342  ActivityManagerWrapper  com.miui.home                        E  getRecentTasks: taskId=9992   userId=0   baseIntent=Intent { act=android.intent.action.MAIN cat=[android.intent.category.LAUNCHER] flg=0x10000000 cmp=com.example.nutrisaur11/.MainActivity }
2025-10-01 07:43:37.957  3016-3342  ActivityManagerWrapper  com.miui.home                        E  getRecentTasks: taskId=9992   userId=0   baseIntent=Intent { act=android.intent.action.MAIN cat=[android.intent.category.LAUNCHER] flg=0x10000000 cmp=com.example.nutrisaur11/.MainActivity }
2025-10-01 07:43:57.289  3016-3342  ActivityManagerWrapper  com.miui.home                        E  getRecentTasks: taskId=9992   userId=0   baseIntent=Intent { act=android.intent.action.MAIN cat=[android.intent.category.LAUNCHER] flg=0x10000000 cmp=com.example.nutrisaur11/.MainActivity }
---------------------------- PROCESS STARTED (24299) for package com.example.nutrisaur11 ----------------------------
2025-10-01 07:48:16.274 24299-24299 nativeloader            com.example.nutrisaur11              D  Configuring clns-4 for other apk /apex/com.android.extservices/javalib/android.ext.adservices.jar. target_sdk_version=35, uses_libraries=ALL, library_path=/data/app/~~k07uodS8_0hzlVrmkQkHiQ==/com.example.nutrisaur11-z1OYbxtyabsKH2DMrT4_CA==/lib/arm64:/data/app/~~k07uodS8_0hzlVrmkQkHiQ==/com.example.nutrisaur11-z1OYbxtyabsKH2DMrT4_CA==/base.apk!/lib/arm64-v8a, permitted_path=/data:/mnt/expand:/data/user/0/com.example.nutrisaur11
2025-10-01 07:48:16.274 24299-24299 nativeloader            com.example.nutrisaur11              D  Extending system_exposed_libraries: libvraudio_client.qti.so:libbinauralrenderer_wrapper.qti.so:libhoaeffects.qti.so:libQOC.qti.so:libcamera_algoup_jni.xiaomi.so:libcamera_mianode_jni.xiaomi.so:libupdateprof.qti.so:libthermalclient.qti.so:libQOC.qti.so:libdiag_system.qti.so:libqape.qti.so:libqesdk_ndk_platform.qti.so:liblistenjni.qti.so
2025-10-01 07:48:16.281 24299-24299 nativeloader            com.example.nutrisaur11              D  InitApexLibraries:
                                                                                                      com_android_appsearch: libicing.so
                                                                                                      com_android_art: libartservice.so
                                                                                                      com_android_conscrypt: libjavacrypto.so
                                                                                                      com_android_extservices: libtflite_support_classifiers_native.so
                                                                                                      com_android_mediaprovider: libpdfclient.so
                                                                                                      com_android_os_statsd: libstats_jni.so
                                                                                                      com_android_tethering: libandroid_net_connectivity_com_android_net_module_util_jni.so:libframework-connectivity-jni.so:libframework-connectivity-tiramisu-jni.so:libmainlinecronet.138.0.7156.0.so:libservice-connectivity.so:libservice-thread-jni.so:stable_cronet_libcrypto.so:stable_cronet_libssl.so
2025-10-01 07:48:16.353 24299-24299 ple.nutrisaur1          com.example.nutrisaur11              W  ClassLoaderContext classpath size mismatch. expected=0, found=1 (PCL[]{PCL[/apex/com.android.extservices/javalib/android.ext.adservices.jar*315867857]} | PCL[/data/data/com.example.nutrisaur11/code_cache/.overlay/base.apk/classes4.dex*2101514043]{PCL[/apex/com.android.extservices/javalib/android.ext.adservices.jar*315867857]})
2025-10-01 07:48:16.466 24299-24299 nativeloader            com.example.nutrisaur11              D  Configuring clns-5 for other apk /data/app/~~k07uodS8_0hzlVrmkQkHiQ==/com.example.nutrisaur11-z1OYbxtyabsKH2DMrT4_CA==/base.apk. target_sdk_version=35, uses_libraries=, library_path=/data/app/~~k07uodS8_0hzlVrmkQkHiQ==/com.example.nutrisaur11-z1OYbxtyabsKH2DMrT4_CA==/lib/arm64:/data/app/~~k07uodS8_0hzlVrmkQkHiQ==/com.example.nutrisaur11-z1OYbxtyabsKH2DMrT4_CA==/base.apk!/lib/arm64-v8a, permitted_path=/data:/mnt/expand:/data/user/0/com.example.nutrisaur11
2025-10-01 07:48:16.493 24299-24299 Perf                    com.example.nutrisaur11              I  Connecting to perf service.
2025-10-01 07:48:16.504 24299-24299 GraphicsEnvironment     com.example.nutrisaur11              V  ANGLE Developer option for 'com.example.nutrisaur11' set to: 'default'
2025-10-01 07:48:16.505 24299-24299 GraphicsEnvironment     com.example.nutrisaur11              V  Updatable production driver is not supported on the device.
2025-10-01 07:48:16.510 24299-24299 ForceDarkHelperStubImpl com.example.nutrisaur11              I  initialize for com.example.nutrisaur11 , ForceDarkOrigin
2025-10-01 07:48:16.512 24299-24299 nativeloader            com.example.nutrisaur11              D  Load libforcedarkimpl.so using system ns (caller=/system/framework/miui-framework.jar): ok
2025-10-01 07:48:16.513 24299-24299 OpenGLRenderer          com.example.nutrisaur11              D  JNI_OnLoad success
2025-10-01 07:48:16.513 24299-24299 MiuiForceDarkConfig     com.example.nutrisaur11              I  setConfig density:2.750000, mainRule:0, secondaryRule:0, tertiaryRule:0
2025-10-01 07:48:16.520 24299-24299 NetworkSecurityConfig   com.example.nutrisaur11              D  No Network Security Config specified, using platform default
2025-10-01 07:48:16.522 24299-24299 NetworkSecurityConfig   com.example.nutrisaur11              D  No Network Security Config specified, using platform default
2025-10-01 07:48:16.574 24299-24299 FirebaseApp             com.example.nutrisaur11              I  Device unlocked: initializing all Firebase APIs for app [DEFAULT]
2025-10-01 07:48:16.611 24299-24299 FirebaseInitProvider    com.example.nutrisaur11              I  FirebaseApp initialization successful
2025-10-01 07:48:16.673 24299-24341 ple.nutrisaur1          com.example.nutrisaur11              W  ClassLoaderContext classpath size mismatch. expected=1, found=0 (DLC[];PCL[base.apk*3742189454]{PCL[/system/framework/org.apache.http.legacy.jar*2058259661]#PCL[/apex/com.android.extservices/javalib/android.ext.adservices.jar*315867857]#PCL[/system/framework/com.android.media.remotedisplay.jar*3472798123]#PCL[/system/framework/com.android.location.provider.jar*3633238672]#PCL[/system/framework/org.apache.http.legacy.jar*2058259661]#PCL[/apex/com.android.extservices/javalib/android.ext.adservices.jar*315867857]} | DLC[];PCL[])
2025-10-01 07:48:16.679 24299-24341 DynamiteModule          com.example.nutrisaur11              I  Considering local module com.google.android.gms.measurement.dynamite:155 and remote module com.google.android.gms.measurement.dynamite:161
2025-10-01 07:48:16.679 24299-24341 DynamiteModule          com.example.nutrisaur11              I  Selected remote version of com.google.android.gms.measurement.dynamite, version >= 161
2025-10-01 07:48:16.680 24299-24341 DynamiteModule          com.example.nutrisaur11              V  Dynamite loader version >= 2, using loadModule2NoCrashUtils
2025-10-01 07:48:16.728 24299-24341 System                  com.example.nutrisaur11              W  ClassLoader referenced unknown path: 
2025-10-01 07:48:16.729 24299-24341 nativeloader            com.example.nutrisaur11              D  Configuring clns-6 for other apk . target_sdk_version=36, uses_libraries=, library_path=/data/app/~~WqlP-jy9t9aadxJLvfGIXg==/com.google.android.gms-C-D9N1twokZOu6BGYwGrPg==/lib/arm64:/data/app/~~WqlP-jy9t9aadxJLvfGIXg==/com.google.android.gms-C-D9N1twokZOu6BGYwGrPg==/base.apk!/lib/arm64-v8a, permitted_path=/data:/mnt/expand:/data/user/0/com.google.android.gms
2025-10-01 07:48:16.782 24299-24341 ple.nutrisaur1          com.example.nutrisaur11              W  ClassLoaderContext classpath size mismatch. expected=1, found=2 (DLC[];PCL[base.apk*3742189454]{PCL[/system/framework/org.apache.http.legacy.jar*2058259661]#PCL[/apex/com.android.extservices/javalib/android.ext.adservices.jar*315867857]#PCL[/system/framework/com.android.media.remotedisplay.jar*3472798123]#PCL[/system/framework/com.android.location.provider.jar*3633238672]#PCL[/system/framework/org.apache.http.legacy.jar*2058259661]#PCL[/apex/com.android.extservices/javalib/android.ext.adservices.jar*315867857]} | DLC[];PCL[/data/data/com.example.nutrisaur11/code_cache/.overlay/base.apk/classes4.dex*2101514043:/data/app/~~k07uodS8_0hzlVrmkQkHiQ==/com.example.nutrisaur11-z1OYbxtyabsKH2DMrT4_CA==/base.apk*3223942326]{PCL[/apex/com.android.extservices/javalib/android.ext.adservices.jar*315867857]})
2025-10-01 07:48:16.875 24299-24365 ple.nutrisaur1          com.example.nutrisaur11              I  hiddenapi: Accessing hidden method Ldalvik/system/VMStack;->getStackClass2()Ljava/lang/Class; (runtime_flags=0, domain=core-platform, api=unsupported) from Lm7/aov; (domain=app) using reflection: allowed
2025-10-01 07:48:16.911 24299-24363 ple.nutrisaur1          com.example.nutrisaur11              E  No package ID 6a found for ID 0x6a0b000f.
2025-10-01 07:48:16.915 24299-24363 FA                      com.example.nutrisaur11              I  App measurement initialized, version: 139000
2025-10-01 07:48:16.915 24299-24363 FA                      com.example.nutrisaur11              I  To enable debug logging run: adb shell setprop log.tag.FA VERBOSE
2025-10-01 07:48:16.915 24299-24363 FA                      com.example.nutrisaur11              I  To enable faster debug mode event logging run:
                                                                                                      adb shell setprop debug.firebase.analytics.app com.example.nutrisaur11
2025-10-01 07:48:17.060 24299-24363 FA                      com.example.nutrisaur11              I  Tag Manager is not found and thus will not be used
2025-10-01 07:48:22.035 24299-24438 ProfileInstaller        com.example.nutrisaur11              D  Installing profile for com.example.nutrisaur11
---------------------------- PROCESS ENDED (24299) for package com.example.nutrisaur11 ----------------------------
2025-10-01 07:48:28.221  3016-3342  ActivityManagerWrapper  com.miui.home                        E  getRecentTasks: taskId=9996   userId=0   baseIntent=Intent { act=android.intent.action.MAIN cat=[android.intent.category.LAUNCHER] flg=0x10000000 cmp=com.example.nutrisaur11/.MainActivity }
---------------------------- PROCESS STARTED (24521) for package com.example.nutrisaur11 ----------------------------
2025-10-01 07:48:28.468 24521-24521 FirebaseInitProvider    com.example.nutrisaur11              I  FirebaseApp initialization successful
2025-10-01 07:48:28.501 24521-24521 AppCompatDelegate       com.example.nutrisaur11              D  Checking for metadata for AppLocalesMetadataHolderService : Service not found
2025-10-01 07:48:28.503 24521-24551 ple.nutrisaur1          com.example.nutrisaur11              W  ClassLoaderContext classpath size mismatch. expected=1, found=0 (DLC[];PCL[base.apk*3742189454]{PCL[/system/framework/org.apache.http.legacy.jar*2058259661]#PCL[/apex/com.android.extservices/javalib/android.ext.adservices.jar*315867857]#PCL[/system/framework/com.android.media.remotedisplay.jar*3472798123]#PCL[/system/framework/com.android.location.provider.jar*3633238672]#PCL[/system/framework/org.apache.http.legacy.jar*2058259661]#PCL[/apex/com.android.extservices/javalib/android.ext.adservices.jar*315867857]} | DLC[];PCL[])
2025-10-01 07:48:28.506 24521-24551 DynamiteModule          com.example.nutrisaur11              I  Considering local module com.google.android.gms.measurement.dynamite:155 and remote module com.google.android.gms.measurement.dynamite:161
2025-10-01 07:48:28.506 24521-24551 DynamiteModule          com.example.nutrisaur11              I  Selected remote version of com.google.android.gms.measurement.dynamite, version >= 161
2025-10-01 07:48:28.506 24521-24551 DynamiteModule          com.example.nutrisaur11              V  Dynamite loader version >= 2, using loadModule2NoCrashUtils
2025-10-01 07:48:28.518 24521-24551 System                  com.example.nutrisaur11              W  ClassLoader referenced unknown path: 
2025-10-01 07:48:28.518 24521-24551 nativeloader            com.example.nutrisaur11              D  Configuring clns-6 for other apk . target_sdk_version=36, uses_libraries=, library_path=/data/app/~~WqlP-jy9t9aadxJLvfGIXg==/com.google.android.gms-C-D9N1twokZOu6BGYwGrPg==/lib/arm64:/data/app/~~WqlP-jy9t9aadxJLvfGIXg==/com.google.android.gms-C-D9N1twokZOu6BGYwGrPg==/base.apk!/lib/arm64-v8a, permitted_path=/data:/mnt/expand:/data/user/0/com.google.android.gms
2025-10-01 07:48:28.527 24521-24521 SessionManager          com.example.nutrisaur11              D  User interaction recorded at: 1759276108527
2025-10-01 07:48:28.527 24521-24521 SessionManager          com.example.nutrisaur11              D  === REAL-TIME SESSION VALIDATION ===
2025-10-01 07:48:28.547 24521-24521 SessionManager          com.example.nutrisaur11              D  No recent valid session found, performing real-time database check
2025-10-01 07:48:28.549 24521-24521 SessionManager          com.example.nutrisaur11              D  Checking user existence in database: kevinpingol123@gmail.com
2025-10-01 07:48:28.550 24521-24521 CommunityUserManager    com.example.nutrisaur11              D  === GETTING CURRENT USER DATA FROM DATABASE (NON-BLOCKING) ===
2025-10-01 07:48:28.550 24521-24521 CommunityUserManager    com.example.nutrisaur11              D  Cache expired for user: kevinpingol123@gmail.com
2025-10-01 07:48:28.550 24521-24521 CommunityUserManager    com.example.nutrisaur11              D  No cached data available, fetching in background
2025-10-01 07:48:28.550 24521-24521 CommunityUserManager    com.example.nutrisaur11              D  === GETTING CURRENT USER DATA FROM DATABASE (ASYNC) ===
2025-10-01 07:48:28.550 24521-24521 CommunityUserManager    com.example.nutrisaur11              D  Cache expired for user: kevinpingol123@gmail.com
2025-10-01 07:48:28.551 24521-24521 SessionManager          com.example.nutrisaur11              D  Database check completed in 2ms
2025-10-01 07:48:28.552 24521-24521 SessionManager          com.example.nutrisaur11              D  User not found in database: kevinpingol123@gmail.com
2025-10-01 07:48:28.553 24521-24551 ple.nutrisaur1          com.example.nutrisaur11              W  ClassLoaderContext classpath size mismatch. expected=1, found=2 (DLC[];PCL[base.apk*3742189454]{PCL[/system/framework/org.apache.http.legacy.jar*2058259661]#PCL[/apex/com.android.extservices/javalib/android.ext.adservices.jar*315867857]#PCL[/system/framework/com.android.media.remotedisplay.jar*3472798123]#PCL[/system/framework/com.android.location.provider.jar*3633238672]#PCL[/system/framework/org.apache.http.legacy.jar*2058259661]#PCL[/apex/com.android.extservices/javalib/android.ext.adservices.jar*315867857]} | DLC[];PCL[/data/data/com.example.nutrisaur11/code_cache/.overlay/base.apk/classes4.dex*481429270:/data/app/~~k07uodS8_0hzlVrmkQkHiQ==/com.example.nutrisaur11-z1OYbxtyabsKH2DMrT4_CA==/base.apk*3223942326]{PCL[/apex/com.android.extservices/javalib/android.ext.adservices.jar*315867857]})
2025-10-01 07:48:28.553 24521-24521 SessionManager          com.example.nutrisaur11              D  Real-time validation failed, user not found in database
2025-10-01 07:48:28.553 24521-24521 SessionManager          com.example.nutrisaur11              D  === HANDLING INVALID SESSION ===
2025-10-01 07:48:28.553 24521-24521 SessionManager          com.example.nutrisaur11              D  Activity: MainActivity
2025-10-01 07:48:28.553 24521-24521 SessionManager          com.example.nutrisaur11              D  Activity finishing: false
2025-10-01 07:48:28.553 24521-24521 SessionManager          com.example.nutrisaur11              D  Showing logout dialog
2025-10-01 07:48:28.559 24521-24565 CommunityUserManager    com.example.nutrisaur11              D  Making API request to: https://nutrisaur-production.up.railway.app/api/DatabaseAPI.php?action=get_community_user_data
2025-10-01 07:48:28.559 24521-24565 CommunityUserManager    com.example.nutrisaur11              D  Request data: {"email":"kevinpingol123@gmail.com"}
2025-10-01 07:48:28.565 24521-24521 ViewScrollStubImpl      com.example.nutrisaur11              D  the value of ScrollFrictionRes is: 0.019499999
2025-10-01 07:48:28.572 24521-24521 IS_CTS_MODE             com.example.nutrisaur11              D  false
2025-10-01 07:48:28.572 24521-24521 MULTI_WIND...CH_ENABLED com.example.nutrisaur11              D  false
2025-10-01 07:48:28.573 24521-24521 IS_CTS_MODE             com.example.nutrisaur11              D  false
2025-10-01 07:48:28.573 24521-24521 MULTI_WIND...CH_ENABLED com.example.nutrisaur11              D  false
2025-10-01 07:48:28.573 24521-24521 IS_CTS_MODE             com.example.nutrisaur11              D  false
2025-10-01 07:48:28.573 24521-24521 MULTI_WIND...CH_ENABLED com.example.nutrisaur11              D  false
2025-10-01 07:48:28.596 24521-24521 ple.nutrisaur1          com.example.nutrisaur11              I  hiddenapi: Accessing hidden method Landroid/view/ViewGroup;->makeOptionalFitsSystemWindows()V (runtime_flags=0, domain=platform, api=unsupported) from Landroidx/appcompat/widget/ViewUtils; (domain=app) using reflection: allowed
2025-10-01 07:48:28.617 24521-24521 Compatibil...geReporter com.example.nutrisaur11              D  Compat change id reported: 171228096; UID 10345; state: ENABLED
2025-10-01 07:48:28.630 24521-24575 ple.nutrisaur1          com.example.nutrisaur11              I  hiddenapi: Accessing hidden method Ldalvik/system/VMStack;->getStackClass2()Ljava/lang/Class; (runtime_flags=0, domain=core-platform, api=unsupported) from Lm7/aov; (domain=app) using reflection: allowed
2025-10-01 07:48:28.660 24521-24568 ple.nutrisaur1          com.example.nutrisaur11              E  No package ID 6a found for ID 0x6a0b000f.
2025-10-01 07:48:28.663 24521-24568 FA                      com.example.nutrisaur11              I  App measurement initialized, version: 139000
2025-10-01 07:48:28.663 24521-24568 FA                      com.example.nutrisaur11              I  To enable debug logging run: adb shell setprop log.tag.FA VERBOSE
2025-10-01 07:48:28.663 24521-24568 FA                      com.example.nutrisaur11              I  To enable faster debug mode event logging run:
                                                                                                      adb shell setprop debug.firebase.analytics.app com.example.nutrisaur11
2025-10-01 07:48:28.731 24521-24521 DailyResetManager       com.example.nutrisaur11              D  Same day, no reset needed. Current: 2025-10-01
2025-10-01 07:48:28.735 24521-24568 FA                      com.example.nutrisaur11              I  Tag Manager is not found and thus will not be used
2025-10-01 07:48:28.745 24521-24521 MainActivity            com.example.nutrisaur11              D  Started food preload service
2025-10-01 07:48:28.750 24521-24521 IS_CTS_MODE             com.example.nutrisaur11              D  false
2025-10-01 07:48:28.750 24521-24521 MULTI_WIND...CH_ENABLED com.example.nutrisaur11              D  false
2025-10-01 07:48:28.753 24521-24521 DecorView[]             com.example.nutrisaur11              D  getWindowModeFromSystem  windowmode is 1
2025-10-01 07:48:28.896 24521-24521 CommunityUserManager    com.example.nutrisaur11              D  === GETTING CURRENT USER DATA FROM DATABASE (NON-BLOCKING) ===
2025-10-01 07:48:28.896 24521-24521 CommunityUserManager    com.example.nutrisaur11              D  Cache expired for user: kevinpingol123@gmail.com
2025-10-01 07:48:28.896 24521-24521 CommunityUserManager    com.example.nutrisaur11              D  No cached data available, fetching in background
2025-10-01 07:48:28.896 24521-24521 CommunityUserManager    com.example.nutrisaur11              D  === GETTING CURRENT USER DATA FROM DATABASE (ASYNC) ===
2025-10-01 07:48:28.896 24521-24521 CommunityUserManager    com.example.nutrisaur11              D  Cache expired for user: kevinpingol123@gmail.com
2025-10-01 07:48:28.896 24521-24609 CommunityUserManager    com.example.nutrisaur11              D  Making API request to: https://nutrisaur-production.up.railway.app/api/DatabaseAPI.php?action=get_community_user_data
2025-10-01 07:48:28.897 24521-24609 CommunityUserManager    com.example.nutrisaur11              D  Request data: {"email":"kevinpingol123@gmail.com"}
2025-10-01 07:48:28.905 24521-24521 MainActivity            com.example.nutrisaur11              D  Fetched barangay from database for kevinpingol123@gmail.com: 
2025-10-01 07:48:28.905 24521-24521 MainActivity            com.example.nutrisaur11              D  User has no barangay data, FCM initialization delayed until screening completion
2025-10-01 07:48:28.911 24521-24521 CalorieTracker          com.example.nutrisaur11              D  Cleared all calorie data for the day
2025-10-01 07:48:28.922 24521-24521 SessionManager          com.example.nutrisaur11              D  User interaction recorded at: 1759276108921
2025-10-01 07:48:28.922 24521-24521 SessionManager          com.example.nutrisaur11              D  === REAL-TIME SESSION VALIDATION ===
2025-10-01 07:48:28.922 24521-24521 SessionManager          com.example.nutrisaur11              D  No recent valid session found, performing real-time database check
2025-10-01 07:48:28.923 24521-24521 SessionManager          com.example.nutrisaur11              D  Checking user existence in database: kevinpingol123@gmail.com
2025-10-01 07:48:28.923 24521-24521 CommunityUserManager    com.example.nutrisaur11              D  === GETTING CURRENT USER DATA FROM DATABASE (NON-BLOCKING) ===
2025-10-01 07:48:28.923 24521-24521 CommunityUserManager    com.example.nutrisaur11              D  Cache expired for user: kevinpingol123@gmail.com
2025-10-01 07:48:28.923 24521-24521 CommunityUserManager    com.example.nutrisaur11              D  No cached data available, fetching in background
2025-10-01 07:48:28.923 24521-24521 CommunityUserManager    com.example.nutrisaur11              D  === GETTING CURRENT USER DATA FROM DATABASE (ASYNC) ===
2025-10-01 07:48:28.923 24521-24521 CommunityUserManager    com.example.nutrisaur11              D  Cache expired for user: kevinpingol123@gmail.com
2025-10-01 07:48:28.923 24521-24521 SessionManager          com.example.nutrisaur11              D  Database check completed in 0ms
2025-10-01 07:48:28.923 24521-24521 SessionManager          com.example.nutrisaur11              D  User not found in database: kevinpingol123@gmail.com
2025-10-01 07:48:28.923 24521-24613 CommunityUserManager    com.example.nutrisaur11              D  Making API request to: https://nutrisaur-production.up.railway.app/api/DatabaseAPI.php?action=get_community_user_data
2025-10-01 07:48:28.923 24521-24521 SessionManager          com.example.nutrisaur11              D  Real-time validation failed, user not found in database
2025-10-01 07:48:28.923 24521-24521 SessionManager          com.example.nutrisaur11              D  === HANDLING INVALID SESSION ===
2025-10-01 07:48:28.923 24521-24521 SessionManager          com.example.nutrisaur11              D  Activity: MainActivity
2025-10-01 07:48:28.923 24521-24521 SessionManager          com.example.nutrisaur11              D  Activity finishing: false
2025-10-01 07:48:28.923 24521-24521 SessionManager          com.example.nutrisaur11              D  Showing logout dialog
2025-10-01 07:48:28.924 24521-24613 CommunityUserManager    com.example.nutrisaur11              D  Request data: {"email":"kevinpingol123@gmail.com"}
2025-10-01 07:48:28.926 24521-24521 IS_CTS_MODE             com.example.nutrisaur11              D  false
2025-10-01 07:48:28.926 24521-24521 MULTI_WIND...CH_ENABLED com.example.nutrisaur11              D  false
2025-10-01 07:48:28.980 24521-24521 MainActivity            com.example.nutrisaur11              D  Checking for new events for user: kevinpingol123@gmail.com
2025-10-01 07:48:28.990 24521-24521 Looper                  com.example.nutrisaur11              W  PerfMonitor looperActivity : package=com.example.nutrisaur11/.MainActivity time=0ms latency=777ms running=0ms  procState=-1  historyMsgCount=4 (msgIndex=1 wall=182ms seq=1 running=19ms runnable=5ms h=android.app.ActivityThread$H w=162) (msgIndex=3 wall=103ms seq=3 running=90ms runnable=4ms swapin=1ms binder=11ms h=android.app.ActivityThread$H w=110) (msgIndex=4 wall=507ms seq=4 running=401ms runnable=30ms io=12ms swapin=12ms binder=52ms late=279ms h=android.app.ActivityThread$H w=159)
2025-10-01 07:48:28.991 24521-24521 Choreographer           com.example.nutrisaur11              I  Skipped 30 frames!  The application may be doing too much work on its main thread.
2025-10-01 07:48:29.024 24521-24554 AdrenoGLES-0            com.example.nutrisaur11              I  QUALCOMM build                   : c5f0e23, I9972db7aac
                                                                                                    Build Date                       : 04/28/21
                                                                                                    OpenGL ES Shader Compiler Version: EV031.32.02.10
                                                                                                    Local Branch                     : mybrancheba83f1e-3815-f156-b760-08f1eafda2d8
                                                                                                    Remote Branch                    : quic/gfx-adreno.lnx.1.0.r99-rel
                                                                                                    Remote Branch                    : NONE
                                                                                                    Reconstruct Branch               : NOTHING
2025-10-01 07:48:29.024 24521-24554 AdrenoGLES-0            com.example.nutrisaur11              I  Build Config                     : S P 10.0.7 AArch64
2025-10-01 07:48:29.024 24521-24554 AdrenoGLES-0            com.example.nutrisaur11              I  Driver Path                      : /vendor/lib64/egl/libGLESv2_adreno.so
2025-10-01 07:48:29.031 24521-24554 AdrenoGLES-0            com.example.nutrisaur11              I  PFP: 0x016ee190, ME: 0x00000000
2025-10-01 07:48:29.043 24521-24554 hw-ProcessState         com.example.nutrisaur11              D  Binder ioctl to enable oneway spam detection failed: Invalid argument
2025-10-01 07:48:29.087 24521-24554 ple.nutrisaur1          com.example.nutrisaur11              E  open libmigui.so failed! dlopen - dlopen failed: library "libmigui.so" not found
2025-10-01 07:48:29.241 24521-24521 Looper                  com.example.nutrisaur11              W  PerfMonitor doFrame : time=250ms vsyncFrame=0 latency=511ms procState=-1 historyMsgCount=5 (msgIndex=2 wall=250ms seq=7 running=177ms runnable=10ms io=2ms binder=20ms late=511ms h=android.view.Choreographer$FrameHandler c=android.view.Choreographer$FrameDisplayEventReceiver) (msgIndex=3 wall=507ms seq=4 running=401ms runnable=30ms io=12ms swapin=12ms binder=52ms late=279ms h=android.app.ActivityThread$H w=159)
2025-10-01 07:48:29.251 24521-24537 OpenGLRenderer          com.example.nutrisaur11              I  Davey! duration=762ms; Flags=1, FrameTimelineVsyncId=616438, IntendedVsync=16091248506205, Vsync=16091748506185, InputEventId=0, HandleInputStart=16091759431775, AnimationStart=16091759443546, PerformTraversalsStart=16091759669744, DrawStart=16091982009484, FrameDeadline=16091265172871, FrameInterval=16091759199484, FrameStartTime=16666666, SyncQueued=16091994094223, SyncStart=16091994191359, IssueDrawCommandsStart=16091994334588, SwapBuffers=16092006191932, FrameCompleted=16092011221255, DequeueBufferDuration=16041, QueueBufferDuration=1021198, GpuCompleted=16092011221255, SwapBuffersCompleted=16092007630942, DisplayPresentTime=0, 
2025-10-01 07:48:29.253 24521-24521 FoodPreloadService      com.example.nutrisaur11              D  FoodPreloadService created
2025-10-01 07:48:29.254 24521-24521 FoodPreloadService      com.example.nutrisaur11              D  FoodPreloadService started
2025-10-01 07:48:29.256 24521-24521 Compatibil...geReporter com.example.nutrisaur11              D  Compat change id reported: 160794467; UID 10345; state: ENABLED
2025-10-01 07:48:29.269 24521-24629 FoodPreloadService      com.example.nutrisaur11              D  Starting background food preload
2025-10-01 07:48:29.269 24521-24629 FoodPreloadService      com.example.nutrisaur11              D  Successfully preloaded 0 food recommendations
2025-10-01 07:48:29.289 24521-24521 FoodPreloadService      com.example.nutrisaur11              D  FoodPreloadService destroyed
2025-10-01 07:48:29.295 24521-24521 DecorView[]             com.example.nutrisaur11              D  onWindowFocusChanged hasWindowFocus true
2025-10-01 07:48:29.354 24521-24565 CommunityUserManager    com.example.nutrisaur11              D  API response code: 200
2025-10-01 07:48:29.354 24521-24565 CommunityUserManager    com.example.nutrisaur11              D  API response message: 
2025-10-01 07:48:29.356 24521-24565 CommunityUserManager    com.example.nutrisaur11              D  API response for get_community_user_data: {"success":true,"message":"User data retrieved successfully","user":{"name":"Pingol , Kevin C.","email":"kevinpingol123@gmail.com","municipality":"CITY OF BALANGA","barangay":"Cataning","sex":"Male","birthday":"2005-10-01","is_pregnant":"N\/A","weight":"50","height":"171","screening_date":"2025-09-30 19:10:56","fcm_token":"e_qZbCqyTjepIGf-CA1lfG:APA91bGapkGjGYJ0_6Mq7S42KZGVvmFFfzbKf3U4qcRZpN3RlrtyaD5SNdrdeoTrpwcRtSxu70qigSaCtRFYE7CYfhFuCcJas8sZPjGFeocxXgI4EIUnVnw","bmi-for-age":"","weight-for-height":"","weight-for-age":"","weight-for-length":"","height-for-age":""}}
2025-10-01 07:48:29.358 24521-24565 CommunityUserManager    com.example.nutrisaur11              D  Cached user data for: kevinpingol123@gmail.com
2025-10-01 07:48:29.358 24521-24565 CommunityUserManager    com.example.nutrisaur11              D  User data retrieved successfully: {birthday=2005-10-01, is_pregnant=N/A, muac_category=, notes=, weight_kg=50, nutritional_risk=, height_cm=171, sex=Male, municipality=CITY OF BALANGA, muac_cm=, screening_date=2025-09-30 19:10:56, bmi_category=, name=Pingol , Kevin C., barangay=Cataning, email=kevinpingol123@gmail.com, age=, bmi=}
2025-10-01 07:48:29.358 24521-24565 CommunityUserManager    com.example.nutrisaur11              D  Background fetch completed for: kevinpingol123@gmail.com
2025-10-01 07:48:29.381 24521-24609 CommunityUserManager    com.example.nutrisaur11              D  API response code: 200
2025-10-01 07:48:29.381 24521-24609 CommunityUserManager    com.example.nutrisaur11              D  API response message: 
2025-10-01 07:48:29.383 24521-24609 CommunityUserManager    com.example.nutrisaur11              D  API response for get_community_user_data: {"success":true,"message":"User data retrieved successfully","user":{"name":"Pingol , Kevin C.","email":"kevinpingol123@gmail.com","municipality":"CITY OF BALANGA","barangay":"Cataning","sex":"Male","birthday":"2005-10-01","is_pregnant":"N\/A","weight":"50","height":"171","screening_date":"2025-09-30 19:10:56","fcm_token":"e_qZbCqyTjepIGf-CA1lfG:APA91bGapkGjGYJ0_6Mq7S42KZGVvmFFfzbKf3U4qcRZpN3RlrtyaD5SNdrdeoTrpwcRtSxu70qigSaCtRFYE7CYfhFuCcJas8sZPjGFeocxXgI4EIUnVnw","bmi-for-age":"","weight-for-height":"","weight-for-age":"","weight-for-length":"","height-for-age":""}}
2025-10-01 07:48:29.384 24521-24609 CommunityUserManager    com.example.nutrisaur11              D  Cached user data for: kevinpingol123@gmail.com
2025-10-01 07:48:29.385 24521-24609 CommunityUserManager    com.example.nutrisaur11              D  User data retrieved successfully: {birthday=2005-10-01, is_pregnant=N/A, muac_category=, notes=, weight_kg=50, nutritional_risk=, height_cm=171, sex=Male, municipality=CITY OF BALANGA, muac_cm=, screening_date=2025-09-30 19:10:56, bmi_category=, name=Pingol , Kevin C., barangay=Cataning, email=kevinpingol123@gmail.com, age=, bmi=}
2025-10-01 07:48:29.385 24521-24609 CommunityUserManager    com.example.nutrisaur11              D  Background fetch completed for: kevinpingol123@gmail.com
2025-10-01 07:48:29.394 24521-24613 CommunityUserManager    com.example.nutrisaur11              D  API response code: 200
2025-10-01 07:48:29.394 24521-24613 CommunityUserManager    com.example.nutrisaur11              D  API response message: 
2025-10-01 07:48:29.396 24521-24613 CommunityUserManager    com.example.nutrisaur11              D  API response for get_community_user_data: {"success":true,"message":"User data retrieved successfully","user":{"name":"Pingol , Kevin C.","email":"kevinpingol123@gmail.com","municipality":"CITY OF BALANGA","barangay":"Cataning","sex":"Male","birthday":"2005-10-01","is_pregnant":"N\/A","weight":"50","height":"171","screening_date":"2025-09-30 19:10:56","fcm_token":"e_qZbCqyTjepIGf-CA1lfG:APA91bGapkGjGYJ0_6Mq7S42KZGVvmFFfzbKf3U4qcRZpN3RlrtyaD5SNdrdeoTrpwcRtSxu70qigSaCtRFYE7CYfhFuCcJas8sZPjGFeocxXgI4EIUnVnw","bmi-for-age":"","weight-for-height":"","weight-for-age":"","weight-for-length":"","height-for-age":""}}
2025-10-01 07:48:29.396 24521-24613 CommunityUserManager    com.example.nutrisaur11              D  Cached user data for: kevinpingol123@gmail.com
2025-10-01 07:48:29.396 24521-24613 CommunityUserManager    com.example.nutrisaur11              D  User data retrieved successfully: {birthday=2005-10-01, is_pregnant=N/A, muac_category=, notes=, weight_kg=50, nutritional_risk=, height_cm=171, sex=Male, municipality=CITY OF BALANGA, muac_cm=, screening_date=2025-09-30 19:10:56, bmi_category=, name=Pingol , Kevin C., barangay=Cataning, email=kevinpingol123@gmail.com, age=, bmi=}
2025-10-01 07:48:29.396 24521-24613 CommunityUserManager    com.example.nutrisaur11              D  Background fetch completed for: kevinpingol123@gmail.com
2025-10-01 07:48:29.473 24521-24615 MainActivity            com.example.nutrisaur11              D  Events API response code: 200
2025-10-01 07:48:29.476 24521-24615 MainActivity            com.example.nutrisaur11              D  Events API response: {"success":true,"events":[{"id":1,"title":"abdhada","type":"Event","description":"abdhad","date_time":"2025-10-01 04:26:00","location":"All Locations","organizer":"azizacutie","created_at":1759276109},{"id":2,"title":"chupapi munyayo","type":"Event","description":"wow","date_time":"2025-10-02 04:26:00","location":"All Locations","organizer":"azizacutie","created_at":1759276109}]}
2025-10-01 07:48:29.477 24521-24615 MainActivity            com.example.nutrisaur11              D  Found 2 events
2025-10-01 07:48:29.477 24521-24615 MainActivity            com.example.nutrisaur11              D  New event detected: abdhada
2025-10-01 07:48:29.477 24521-24615 MainActivity            com.example.nutrisaur11              D  New event detected: chupapi munyayo
2025-10-01 07:48:29.477 24521-24615 MainActivity            com.example.nutrisaur11              D  Found 2 new events, refreshing dashboard
2025-10-01 07:48:29.702 24521-24621 OpenGLRenderer          com.example.nutrisaur11              I  Davey! duration=9223355944422ms; Flags=0, FrameTimelineVsyncId=616505, IntendedVsync=16092432283525, Vsync=16092432283525, InputEventId=0, HandleInputStart=16092432705629, AnimationStart=16092432709848, PerformTraversalsStart=16092432712504, DrawStart=16092455473286, FrameDeadline=16092448950191, FrameInterval=16092432680004, FrameStartTime=16666666, SyncQueued=16092458233442, SyncStart=16092458343859, IssueDrawCommandsStart=16092458805577, SwapBuffers=16092461906046, FrameCompleted=9223372036854775807, DequeueBufferDuration=32709, QueueBufferDuration=813907, GpuCompleted=9223372036854775807, SwapBuffersCompleted=16092463361515, DisplayPresentTime=0, 
2025-10-01 07:48:31.529 24521-24521 SessionManager          com.example.nutrisaur11              D  === PERIODIC SESSION VALIDATION ===
2025-10-01 07:48:31.530 24521-24521 SessionManager          com.example.nutrisaur11              D  Using cached session validation result: false
2025-10-01 07:48:34.531 24521-24521 SessionManager          com.example.nutrisaur11              D  === PERIODIC SESSION VALIDATION ===
2025-10-01 07:48:34.533 24521-24521 SessionManager          com.example.nutrisaur11              D  User is active, validating with database
2025-10-01 07:48:34.533 24521-24521 SessionManager          com.example.nutrisaur11              D  Checking user existence in database: kevinpingol123@gmail.com
2025-10-01 07:48:34.533 24521-24521 CommunityUserManager    com.example.nutrisaur11              D  === GETTING CURRENT USER DATA FROM DATABASE (NON-BLOCKING) ===
2025-10-01 07:48:34.535 24521-24521 CommunityUserManager    com.example.nutrisaur11              D  Retrieved cached user data for: kevinpingol123@gmail.com
2025-10-01 07:48:34.535 24521-24521 CommunityUserManager    com.example.nutrisaur11              D  Returning cached user data to prevent ANR
2025-10-01 07:48:34.535 24521-24521 SessionManager          com.example.nutrisaur11              D  Database check completed in 2ms
2025-10-01 07:48:34.536 24521-24521 SessionManager          com.example.nutrisaur11              D  User exists and is valid: kevinpingol123@gmail.com
2025-10-01 07:48:34.540 24521-24521 SessionManager          com.example.nutrisaur11              D  Checking user existence in database: kevinpingol123@gmail.com
2025-10-01 07:48:34.540 24521-24521 CommunityUserManager    com.example.nutrisaur11              D  === GETTING CURRENT USER DATA FROM DATABASE (NON-BLOCKING) ===
2025-10-01 07:48:34.542 24521-24521 CommunityUserManager    com.example.nutrisaur11              D  Retrieved cached user data for: kevinpingol123@gmail.com
2025-10-01 07:48:34.542 24521-24521 CommunityUserManager    com.example.nutrisaur11              D  Returning cached user data to prevent ANR
2025-10-01 07:48:34.542 24521-24521 SessionManager          com.example.nutrisaur11              D  Database check completed in 2ms
2025-10-01 07:48:34.543 24521-24521 SessionManager          com.example.nutrisaur11              D  User exists and is valid: kevinpingol123@gmail.com
2025-10-01 07:48:34.818 24521-24645 ProfileInstaller        com.example.nutrisaur11              D  Installing profile for com.example.nutrisaur11
2025-10-01 07:48:37.546 24521-24521 SessionManager          com.example.nutrisaur11              D  === PERIODIC SESSION VALIDATION ===
2025-10-01 07:48:37.547 24521-24521 SessionManager          com.example.nutrisaur11              D  User is active, validating with database
2025-10-01 07:48:37.547 24521-24521 SessionManager          com.example.nutrisaur11              D  Checking user existence in database: kevinpingol123@gmail.com
2025-10-01 07:48:37.547 24521-24521 CommunityUserManager    com.example.nutrisaur11              D  === GETTING CURRENT USER DATA FROM DATABASE (NON-BLOCKING) ===
2025-10-01 07:48:37.548 24521-24521 CommunityUserManager    com.example.nutrisaur11              D  Retrieved cached user data for: kevinpingol123@gmail.com
2025-10-01 07:48:37.548 24521-24521 CommunityUserManager    com.example.nutrisaur11              D  Returning cached user data to prevent ANR
2025-10-01 07:48:37.548 24521-24521 SessionManager          com.example.nutrisaur11              D  Database check completed in 1ms
2025-10-01 07:48:37.548 24521-24521 SessionManager          com.example.nutrisaur11              D  User exists and is valid: kevinpingol123@gmail.com
2025-10-01 07:48:37.553 24521-24521 SessionManager          com.example.nutrisaur11              D  Checking user existence in database: kevinpingol123@gmail.com
2025-10-01 07:48:37.553 24521-24521 CommunityUserManager    com.example.nutrisaur11              D  === GETTING CURRENT USER DATA FROM DATABASE (NON-BLOCKING) ===
2025-10-01 07:48:37.553 24521-24521 CommunityUserManager    com.example.nutrisaur11              D  Retrieved cached user data for: kevinpingol123@gmail.com
2025-10-01 07:48:37.553 24521-24521 CommunityUserManager    com.example.nutrisaur11              D  Returning cached user data to prevent ANR
2025-10-01 07:48:37.554 24521-24521 SessionManager          com.example.nutrisaur11              D  Database check completed in 1ms
2025-10-01 07:48:37.554 24521-24521 SessionManager          com.example.nutrisaur11              D  User exists and is valid: kevinpingol123@gmail.com
2025-10-01 07:48:40.556 24521-24521 SessionManager          com.example.nutrisaur11              D  === PERIODIC SESSION VALIDATION ===
2025-10-01 07:48:40.557 24521-24521 SessionManager          com.example.nutrisaur11              D  User is active, validating with database
2025-10-01 07:48:40.557 24521-24521 SessionManager          com.example.nutrisaur11              D  Checking user existence in database: kevinpingol123@gmail.com
2025-10-01 07:48:40.557 24521-24521 CommunityUserManager    com.example.nutrisaur11              D  === GETTING CURRENT USER DATA FROM DATABASE (NON-BLOCKING) ===
2025-10-01 07:48:40.558 24521-24521 CommunityUserManager    com.example.nutrisaur11              D  Retrieved cached user data for: kevinpingol123@gmail.com
2025-10-01 07:48:40.558 24521-24521 CommunityUserManager    com.example.nutrisaur11              D  Returning cached user data to prevent ANR
2025-10-01 07:48:40.559 24521-24521 SessionManager          com.example.nutrisaur11              D  Database check completed in 1ms
2025-10-01 07:48:40.559 24521-24521 SessionManager          com.example.nutrisaur11              D  User exists and is valid: kevinpingol123@gmail.com
2025-10-01 07:48:40.564 24521-24521 SessionManager          com.example.nutrisaur11              D  Checking user existence in database: kevinpingol123@gmail.com
2025-10-01 07:48:40.565 24521-24521 CommunityUserManager    com.example.nutrisaur11              D  === GETTING CURRENT USER DATA FROM DATABASE (NON-BLOCKING) ===
2025-10-01 07:48:40.569 24521-24521 CommunityUserManager    com.example.nutrisaur11              D  Retrieved cached user data for: kevinpingol123@gmail.com
2025-10-01 07:48:40.570 24521-24521 CommunityUserManager    com.example.nutrisaur11              D  Returning cached user data to prevent ANR
2025-10-01 07:48:40.570 24521-24521 SessionManager          com.example.nutrisaur11              D  Database check completed in 6ms
2025-10-01 07:48:40.571 24521-24521 SessionManager          com.example.nutrisaur11              D  User exists and is valid: kevinpingol123@gmail.com
2025-10-01 07:48:40.677 24521-24531 System                  com.example.nutrisaur11              W  A resource failed to call close. 
2025-10-01 07:48:40.680 24521-24531 System                  com.example.nutrisaur11              W  A resource failed to call close. 
2025-10-01 07:48:43.575 24521-24521 SessionManager          com.example.nutrisaur11              D  === PERIODIC SESSION VALIDATION ===
2025-10-01 07:48:43.575 24521-24521 SessionManager          com.example.nutrisaur11              D  User is active, validating with database
2025-10-01 07:48:43.575 24521-24521 SessionManager          com.example.nutrisaur11              D  Checking user existence in database: kevinpingol123@gmail.com
2025-10-01 07:48:43.576 24521-24521 CommunityUserManager    com.example.nutrisaur11              D  === GETTING CURRENT USER DATA FROM DATABASE (NON-BLOCKING) ===
2025-10-01 07:48:43.576 24521-24521 CommunityUserManager    com.example.nutrisaur11              D  Retrieved cached user data for: kevinpingol123@gmail.com
2025-10-01 07:48:43.576 24521-24521 CommunityUserManager    com.example.nutrisaur11              D  Returning cached user data to prevent ANR
2025-10-01 07:48:43.576 24521-24521 SessionManager          com.example.nutrisaur11              D  Database check completed in 0ms
2025-10-01 07:48:43.576 24521-24521 SessionManager          com.example.nutrisaur11              D  User exists and is valid: kevinpingol123@gmail.com
2025-10-01 07:48:43.580 24521-24521 SessionManager          com.example.nutrisaur11              D  Checking user existence in database: kevinpingol123@gmail.com
2025-10-01 07:48:43.580 24521-24521 CommunityUserManager    com.example.nutrisaur11              D  === GETTING CURRENT USER DATA FROM DATABASE (NON-BLOCKING) ===
2025-10-01 07:48:43.581 24521-24521 CommunityUserManager    com.example.nutrisaur11              D  Retrieved cached user data for: kevinpingol123@gmail.com
2025-10-01 07:48:43.581 24521-24521 CommunityUserManager    com.example.nutrisaur11              D  Returning cached user data to prevent ANR
2025-10-01 07:48:43.581 24521-24521 SessionManager          com.example.nutrisaur11              D  Database check completed in 1ms
2025-10-01 07:48:43.581 24521-24521 SessionManager          com.example.nutrisaur11              D  User exists and is valid: kevinpingol123@gmail.com
2025-10-01 07:48:46.587 24521-24521 SessionManager          com.example.nutrisaur11              D  === PERIODIC SESSION VALIDATION ===
2025-10-01 07:48:46.588 24521-24521 SessionManager          com.example.nutrisaur11              D  User is active, validating with database
2025-10-01 07:48:46.588 24521-24521 SessionManager          com.example.nutrisaur11              D  Checking user existence in database: kevinpingol123@gmail.com
2025-10-01 07:48:46.588 24521-24521 CommunityUserManager    com.example.nutrisaur11              D  === GETTING CURRENT USER DATA FROM DATABASE (NON-BLOCKING) ===
2025-10-01 07:48:46.589 24521-24521 CommunityUserManager    com.example.nutrisaur11              D  Retrieved cached user data for: kevinpingol123@gmail.com
2025-10-01 07:48:46.589 24521-24521 CommunityUserManager    com.example.nutrisaur11              D  Returning cached user data to prevent ANR
2025-10-01 07:48:46.589 24521-24521 SessionManager          com.example.nutrisaur11              D  Database check completed in 1ms
2025-10-01 07:48:46.590 24521-24521 SessionManager          com.example.nutrisaur11              D  User exists and is valid: kevinpingol123@gmail.com
2025-10-01 07:48:46.595 24521-24521 SessionManager          com.example.nutrisaur11              D  Checking user existence in database: kevinpingol123@gmail.com
2025-10-01 07:48:46.596 24521-24521 CommunityUserManager    com.example.nutrisaur11              D  === GETTING CURRENT USER DATA FROM DATABASE (NON-BLOCKING) ===
2025-10-01 07:48:46.597 24521-24521 CommunityUserManager    com.example.nutrisaur11              D  Retrieved cached user data for: kevinpingol123@gmail.com
2025-10-01 07:48:46.597 24521-24521 CommunityUserManager    com.example.nutrisaur11              D  Returning cached user data to prevent ANR
2025-10-01 07:48:46.597 24521-24521 SessionManager          com.example.nutrisaur11              D  Database check completed in 1ms
2025-10-01 07:48:46.598 24521-24521 SessionManager          com.example.nutrisaur11              D  User exists and is valid: kevinpingol123@gmail.com
2025-10-01 07:48:49.604 24521-24521 SessionManager          com.example.nutrisaur11              D  === PERIODIC SESSION VALIDATION ===
2025-10-01 07:48:49.604 24521-24521 SessionManager          com.example.nutrisaur11              D  User is active, validating with database
2025-10-01 07:48:49.605 24521-24521 SessionManager          com.example.nutrisaur11              D  Checking user existence in database: kevinpingol123@gmail.com
2025-10-01 07:48:49.605 24521-24521 CommunityUserManager    com.example.nutrisaur11              D  === GETTING CURRENT USER DATA FROM DATABASE (NON-BLOCKING) ===
