2025-10-14 03:11:58.054 14165-14165 FoodActivity            com.example.nutrisaur11              D  Set dinner progress text to: 0 / 835 kcal
2025-10-14 03:11:58.054 14165-14165 FoodActivity            com.example.nutrisaur11              D  Direct update Snacks: 0 / 278 kcal (from 0 foods)
2025-10-14 03:11:58.054 14165-14165 FoodActivity            com.example.nutrisaur11              D  Set snacks progress text to: 0 / 278 kcal
2025-10-14 03:11:58.054 14165-14165 FoodActivity            com.example.nutrisaur11              D  Updating macronutrient data directly
2025-10-14 03:11:58.059 14165-14165 FoodActivity            com.example.nutrisaur11              D  FoodActivity Available database fields: [birthday, is_pregnant, muac_category, notes, weight_kg, nutritional_risk, height_cm, sex, municipality, muac_cm, screening_date, bmi_category, name, barangay, email, age, bmi, status]
2025-10-14 03:11:58.060 14165-14165 FoodActivity            com.example.nutrisaur11              D  Calculated age from birthday '2005-10-10': 20
2025-10-14 03:11:58.060 14165-14165 FoodActivity            com.example.nutrisaur11              D  FoodActivity Weight field lookup - weight_kg: '50', weight: 'null', final: '50'
2025-10-14 03:11:58.060 14165-14165 FoodActivity            com.example.nutrisaur11              D  FoodActivity: Set weight from database: 50
2025-10-14 03:11:58.060 14165-14165 FoodActivity            com.example.nutrisaur11              D  FoodActivity Height field lookup - height_cm: '171', height: 'null', final: '171'
2025-10-14 03:11:58.060 14165-14165 FoodActivity            com.example.nutrisaur11              D  FoodActivity: Set height from database: 171
2025-10-14 03:11:58.060 14165-14165 FoodActivity            com.example.nutrisaur11              D  Created user profile from database data: Pingol , Kevin C. (Age: 20, Weight: 50.0, Height: 171.0, Gender: Male, Activity: Moderate)
2025-10-14 03:11:58.060 14165-14165 CalorieCal...ionService com.example.nutrisaur11              D  Calculated BMR: 1473.75 for Pingol , Kevin C.
2025-10-14 03:11:58.060 14165-14165 CalorieCal...ionService com.example.nutrisaur11              D  Calculated TDEE: 2284.3125 (BMR: 1473.75 × Activity: 1.55)
2025-10-14 03:11:58.060 14165-14165 CalorieCal...ionService com.example.nutrisaur11              D  Calculated daily calorie target: 2784 (TDEE: 2284.3125 + Adjustment: 500.0)
2025-10-14 03:11:58.060 14165-14165 FoodActivity            com.example.nutrisaur11              D  Calculated macro targets - Protein: 153, Carbs: 375, Fat: 74
2025-10-14 03:11:58.060 14165-14165 FoodActivity            com.example.nutrisaur11              D  Macro Update:
2025-10-14 03:11:58.060 14165-14165 FoodActivity            com.example.nutrisaur11              D    Protein: 70/153 (eaten: 83)
2025-10-14 03:11:58.060 14165-14165 FoodActivity            com.example.nutrisaur11              D    Carbs: 175/375 (eaten: 200)
2025-10-14 03:11:58.060 14165-14165 FoodActivity            com.example.nutrisaur11              D    Fat: 0/74 (eaten: 100)
2025-10-14 03:11:58.061 14165-14165 FoodActivity            com.example.nutrisaur11              D  Nutrition UI refreshed with updated AI data
2025-10-14 03:11:58.495 14165-14165 SessionManager          com.example.nutrisaur11              D  User interaction recorded at: 1760382718495
2025-10-14 03:11:58.524 14165-14179 OpenGLRenderer          com.example.nutrisaur11              I  Davey! duration=9223311592281ms; Flags=0, FrameTimelineVsyncId=2531741, IntendedVsync=60444572976511, Vsync=60444572976511, InputEventId=320939003, HandleInputStart=60444574995585, AnimationStart=60444574999804, PerformTraversalsStart=60444575003763, DrawStart=60444578558554, FrameDeadline=60444589643177, FrameInterval=60444574969856, FrameStartTime=16666666, SyncQueued=60444579011835, SyncStart=60444579138085, IssueDrawCommandsStart=60444579561888, SwapBuffers=60444582766315, FrameCompleted=9223372036854775807, DequeueBufferDuration=43594, QueueBufferDuration=1013125, GpuCompleted=9223372036854775807, SwapBuffersCompleted=60444584468971, DisplayPresentTime=0, 
2025-10-14 03:11:58.682 14165-14179 OpenGLRenderer          com.example.nutrisaur11              I  Davey! duration=9223311592114ms; Flags=0, FrameTimelineVsyncId=2531756, IntendedVsync=60444739535921, Vsync=60444739535921, InputEventId=269838243, HandleInputStart=60444740138346, AnimationStart=60444741896887, PerformTraversalsStart=60444742231887, DrawStart=60444742461835, FrameDeadline=60444772869253, FrameInterval=60444740104075, FrameStartTime=16666666, SyncQueued=60444742856210, SyncStart=60444743189075, IssueDrawCommandsStart=60444744196523, SwapBuffers=60444748490898, FrameCompleted=9223372036854775807, DequeueBufferDuration=42500, QueueBufferDuration=1340052, GpuCompleted=9223372036854775807, SwapBuffersCompleted=60444750750065, DisplayPresentTime=1043207291, 
2025-10-14 03:11:58.699 14165-14179 OpenGLRenderer          com.example.nutrisaur11              I  Davey! duration=9223311592098ms; Flags=0, FrameTimelineVsyncId=2531758, IntendedVsync=60444756178443, Vsync=60444756178443, InputEventId=741374869, HandleInputStart=60444756603606, AnimationStart=60444758123658, PerformTraversalsStart=60444758243658, DrawStart=60444758436471, FrameDeadline=60444789511775, FrameInterval=60444756572721, FrameStartTime=16666666, SyncQueued=60444758773398, SyncStart=60444758868033, IssueDrawCommandsStart=60444759755221, SwapBuffers=60444764777200, FrameCompleted=9223372036854775807, DequeueBufferDuration=44271, QueueBufferDuration=1488334, GpuCompleted=9223372036854775807, SwapBuffersCompleted=60444767229648, DisplayPresentTime=4294967446, 
2025-10-14 03:11:58.717 14165-14179 OpenGLRenderer          com.example.nutrisaur11              I  Davey! duration=9223311592081ms; Flags=0, FrameTimelineVsyncId=2531760, IntendedVsync=60444772817293, Vsync=60444772817293, InputEventId=72185528, HandleInputStart=60444773368398, AnimationStart=60444775220585, PerformTraversalsStart=60444775483137, DrawStart=60444775738033, FrameDeadline=60444806150625, FrameInterval=60444773327304, FrameStartTime=16666666, SyncQueued=60444776152565, SyncStart=60444776223033, IssueDrawCommandsStart=60444777341887, SwapBuffers=60444783369440, FrameCompleted=9223372036854775807, DequeueBufferDuration=54896, QueueBufferDuration=1413073, GpuCompleted=9223372036854775807, SwapBuffersCompleted=60444785954908, DisplayPresentTime=0, 
2025-10-14 03:11:58.734 14165-14179 OpenGLRenderer          com.example.nutrisaur11              I  Davey! duration=9223311592065ms; Flags=0, FrameTimelineVsyncId=2531762, IntendedVsync=60444789461395, Vsync=60444789461395, InputEventId=872733738, HandleInputStart=60444789961054, AnimationStart=60444792116887, PerformTraversalsStart=60444792536731, DrawStart=60444792800117, FrameDeadline=60444822794727, FrameInterval=60444789922512, FrameStartTime=16666666, SyncQueued=60444793236835, SyncStart=60444793320169, IssueDrawCommandsStart=60444794492721, SwapBuffers=60444800496627, FrameCompleted=9223372036854775807, DequeueBufferDuration=59375, QueueBufferDuration=1384532, GpuCompleted=9223372036854775807, SwapBuffersCompleted=60444802975065, DisplayPresentTime=0, 
2025-10-14 03:11:59.517 14165-14165 SessionManager          com.example.nutrisaur11              D  User interaction recorded at: 1760382719515
2025-10-14 03:11:59.592 14165-14165 FoodActivity            com.example.nutrisaur11              D  Breakfast card clicked
2025-10-14 03:11:59.592 14165-14165 FoodActivity            com.example.nutrisaur11              D  Selected meal category: Breakfast
2025-10-14 03:11:59.593 14165-14165 FoodActivity            com.example.nutrisaur11              D  Passing daily calorie limit to FoodLoggingActivity: 2784
2025-10-14 03:11:59.593 14165-14165 FoodActivity            com.example.nutrisaur11              D  Passing user data to FoodLoggingActivity: Pingol , Kevin C. (BMI: )
2025-10-14 03:11:59.631 14165-14165 SessionManager          com.example.nutrisaur11              D  User interaction recorded at: 1760382719631
2025-10-14 03:11:59.634 14165-14165 SessionManager          com.example.nutrisaur11              D  User marked as idle
2025-10-14 03:11:59.654 14165-14165 SessionManager          com.example.nutrisaur11              D  User interaction recorded at: 1760382719654
2025-10-14 03:11:59.654 14165-14165 SessionManager          com.example.nutrisaur11              D  === REAL-TIME SESSION VALIDATION ===
2025-10-14 03:11:59.654 14165-14165 SessionManager          com.example.nutrisaur11              D  No recent valid session found, performing real-time database check
2025-10-14 03:11:59.655 14165-14165 SessionManager          com.example.nutrisaur11              D  Checking user existence in database: kevinpingol123@gmail.com
2025-10-14 03:11:59.655 14165-14165 CommunityUserManager    com.example.nutrisaur11              D  === GETTING CURRENT USER DATA FROM DATABASE (ASYNC) ===
2025-10-14 03:11:59.655 14165-14165 CommunityUserManager    com.example.nutrisaur11              D  Retrieved cached user data for: kevinpingol123@gmail.com
2025-10-14 03:11:59.655 14165-14165 CommunityUserManager    com.example.nutrisaur11              D  Returning cached user data
2025-10-14 03:11:59.655 14165-14165 SessionManager          com.example.nutrisaur11              D  Database check completed in 0ms
2025-10-14 03:11:59.655 14165-14165 SessionManager          com.example.nutrisaur11              D  User exists and is valid: kevinpingol123@gmail.com
2025-10-14 03:11:59.655 14165-14165 SessionManager          com.example.nutrisaur11              D  Real-time validation successful
2025-10-14 03:11:59.656 14165-14165 IS_CTS_MODE             com.example.nutrisaur11              D  false
2025-10-14 03:11:59.656 14165-14165 MULTI_WIND...CH_ENABLED com.example.nutrisaur11              D  false
2025-10-14 03:11:59.657 14165-14165 DecorView[]             com.example.nutrisaur11              D  getWindowModeFromSystem  windowmode is 1
2025-10-14 03:11:59.690 14165-14165 DailyResetManager       com.example.nutrisaur11              D  Same day, no reset needed. Current: 2025-10-14
2025-10-14 03:11:59.690 14165-14165 FoodLoggingActivity     com.example.nutrisaur11              D  Received daily calorie limit from FoodActivity: 2784
2025-10-14 03:11:59.690 14165-14165 FoodLoggingActivity     com.example.nutrisaur11              D  Custom ingredient from intent: null
2025-10-14 03:11:59.690 14165-14165 FoodLoggingActivity     com.example.nutrisaur11              D  FoodLoggingActivity initialized for date: 2025-10-14
2025-10-14 03:11:59.691 14165-14165 FoodLoggingActivity     com.example.nutrisaur11              D  Received user data from database: Pingol , Kevin C. (BMI: )
2025-10-14 03:11:59.695 14165-14165 CalorieTracker          com.example.nutrisaur11              D  Syncing with 4 added foods for date: 2025-10-14
2025-10-14 03:11:59.695 14165-14165 CalorieTracker          com.example.nutrisaur11              D    Daily foods: 4
2025-10-14 03:11:59.695 14165-14165 CalorieTracker          com.example.nutrisaur11              D  Available database fields: [is_pregnant, birthday, muac_category, notes, nutritional_risk, weight_kg, height_cm, sex, municipality, muac_cm, screening_date, bmi_category, name, barangay, age, email, status, bmi]
2025-10-14 03:11:59.695 14165-14165 CalorieTracker          com.example.nutrisaur11              D  Calculated age from birthday '2005-10-10': 20
2025-10-14 03:11:59.696 14165-14165 CalorieTracker          com.example.nutrisaur11              D  Weight field lookup - weight_kg: '50', weight: 'null', final: '50'
2025-10-14 03:11:59.696 14165-14165 CalorieTracker          com.example.nutrisaur11              D  Set weight from database: 50
2025-10-14 03:11:59.696 14165-14165 CalorieTracker          com.example.nutrisaur11              D  Height field lookup - height_cm: '171', height: 'null', final: '171'
2025-10-14 03:11:59.696 14165-14165 CalorieTracker          com.example.nutrisaur11              D  Set height from database: 171
2025-10-14 03:11:59.696 14165-14165 CalorieTracker          com.example.nutrisaur11              D  Created user profile from database data: Pingol , Kevin C. (Age: 20, Weight: 50.0, Height: 171.0, Gender: Male, Activity: Moderate)
2025-10-14 03:11:59.696 14165-14165 CalorieTracker          com.example.nutrisaur11              D  Using user profile from database data
2025-10-14 03:11:59.696 14165-14165 KcalSuggestionCache     com.example.nutrisaur11              D  User profile changed, cache invalid
2025-10-14 03:11:59.696 14165-14165 CalorieTracker          com.example.nutrisaur11              D  No valid AI cache found, using fallback calculation...
2025-10-14 03:11:59.696 14165-14165 CalorieCal...ionService com.example.nutrisaur11              D  Calculated BMR: 1473.75 for Pingol , Kevin C.
2025-10-14 03:11:59.696 14165-14165 CalorieCal...ionService com.example.nutrisaur11              D  Calculated TDEE: 2284.3125 (BMR: 1473.75 × Activity: 1.55)
2025-10-14 03:11:59.696 14165-14165 CalorieCal...ionService com.example.nutrisaur11              D  Calculated daily calorie target: 2784 (TDEE: 2284.3125 + Adjustment: 500.0)
2025-10-14 03:11:59.696 14165-14165 CalorieTracker          com.example.nutrisaur11              D  Using fallback calculation (AI will update cache): 2784
2025-10-14 03:11:59.696 14165-14165 CalorieTracker          com.example.nutrisaur11              D  Using AI-calculated daily calorie target: 2784
2025-10-14 03:11:59.696 14165-14165 CalorieCal...ionService com.example.nutrisaur11              D  Calculated meal distribution: Breakfast=696, Lunch=974, Dinner=835, Snacks=278
2025-10-14 03:11:59.696 14165-14165 CalorieTracker          com.example.nutrisaur11              D  Calculated meal distribution: Breakfast=696, Lunch=974, Dinner=835, Snacks=278
2025-10-14 03:11:59.696 14165-14165 CalorieTracker          com.example.nutrisaur11              D  Calculated meal distribution: {Breakfast=696, Dinner=835, Snacks=278, Lunch=974}
2025-10-14 03:11:59.696 14165-14165 CalorieTracker          com.example.nutrisaur11              D  Created Breakfast meal with 696 max calories
2025-10-14 03:11:59.696 14165-14165 CalorieTracker          com.example.nutrisaur11              D  Added Champorado (450 cal) to Breakfast for date 2025-10-14
2025-10-14 03:11:59.696 14165-14165 CalorieTracker          com.example.nutrisaur11              D  Added Tapsilog (600 cal) to Breakfast for date 2025-10-14
2025-10-14 03:11:59.696 14165-14165 CalorieTracker          com.example.nutrisaur11              D  Added Longsilog (550 cal) to Breakfast for date 2025-10-14
2025-10-14 03:11:59.696 14165-14165 CalorieTracker          com.example.nutrisaur11              D  Added Pandesal with Cheese and Eggs (400 cal) to Breakfast for date 2025-10-14
2025-10-14 03:11:59.697 14165-14753 NutritionService        com.example.nutrisaur11              D  Starting nutrition recommendations...
2025-10-14 03:11:59.697 14165-14753 NutritionService        com.example.nutrisaur11              D  Getting user profile from SharedPreferences...
2025-10-14 03:11:59.697 14165-14753 NutritionService        com.example.nutrisaur11              D  User data: name=, age=25, weight=70.0, height=170.0
2025-10-14 03:11:59.697 14165-14753 NutritionService        com.example.nutrisaur11              D  User profile loaded: , BMI: 24.221453287197235
2025-10-14 03:11:59.698 14165-14753 KcalSuggestionCache     com.example.nutrisaur11              D  Cached kcal suggestion is valid
2025-10-14 03:11:59.698 14165-14753 NutritionService        com.example.nutrisaur11              D  Using cached kcal suggestion - user profile unchanged
2025-10-14 03:11:59.698 14165-14753 KcalSuggestionCache     com.example.nutrisaur11              D  Successfully loaded cached kcal suggestion
2025-10-14 03:11:59.698 14165-14753 CalorieTracker          com.example.nutrisaur11              D  Background AI calculation completed: 2545
2025-10-14 03:11:59.702 14165-14165 CalorieTracker          com.example.nutrisaur11              D  Synced CalorieTracker with AddedFoodManager for date 2025-10-14. Total meals: 1
2025-10-14 03:11:59.702 14165-14165 CalorieTracker          com.example.nutrisaur11              D  Meal Breakfast: 2000/696 kcal
2025-10-14 03:11:59.702 14165-14165 FoodLoggingActivity     com.example.nutrisaur11              D  Creating user profile from database data...
2025-10-14 03:11:59.702 14165-14165 FoodLoggingActivity     com.example.nutrisaur11              D  Creating user profile from community_users table data...
2025-10-14 03:11:59.702 14165-14165 FoodLoggingActivity     com.example.nutrisaur11              D  Calculated age from birthday '2005-10-10': 20
2025-10-14 03:11:59.702 14165-14165 FoodLoggingActivity     com.example.nutrisaur11              D  Database user data: name=Pingol , Kevin C., age=20, weight=50.0, height=171.0, gender=Male
2025-10-14 03:11:59.706 14165-14165 CalorieTracker          com.example.nutrisaur11              D  Syncing with 4 added foods for date: 2025-10-14
2025-10-14 03:11:59.706 14165-14165 CalorieTracker          com.example.nutrisaur11              D    Daily foods: 4
2025-10-14 03:11:59.706 14165-14165 CalorieTracker          com.example.nutrisaur11              D  Available database fields: [is_pregnant, birthday, muac_category, notes, nutritional_risk, weight_kg, height_cm, sex, municipality, muac_cm, screening_date, bmi_category, name, barangay, age, email, status, bmi]
2025-10-14 03:11:59.707 14165-14165 CalorieTracker          com.example.nutrisaur11              D  Calculated age from birthday '2005-10-10': 20
2025-10-14 03:11:59.707 14165-14165 CalorieTracker          com.example.nutrisaur11              D  Weight field lookup - weight_kg: '50', weight: 'null', final: '50'
2025-10-14 03:11:59.707 14165-14165 CalorieTracker          com.example.nutrisaur11              D  Set weight from database: 50
2025-10-14 03:11:59.707 14165-14165 CalorieTracker          com.example.nutrisaur11              D  Height field lookup - height_cm: '171', height: 'null', final: '171'
2025-10-14 03:11:59.707 14165-14165 CalorieTracker          com.example.nutrisaur11              D  Set height from database: 171
2025-10-14 03:11:59.707 14165-14165 CalorieTracker          com.example.nutrisaur11              D  Created user profile from database data: Pingol , Kevin C. (Age: 20, Weight: 50.0, Height: 171.0, Gender: Male, Activity: Moderate)
2025-10-14 03:11:59.707 14165-14165 CalorieTracker          com.example.nutrisaur11              D  Using user profile from database data
2025-10-14 03:11:59.707 14165-14165 KcalSuggestionCache     com.example.nutrisaur11              D  User profile changed, cache invalid
2025-10-14 03:11:59.707 14165-14165 CalorieTracker          com.example.nutrisaur11              D  No valid AI cache found, using fallback calculation...
2025-10-14 03:11:59.707 14165-14165 CalorieCal...ionService com.example.nutrisaur11              D  Calculated BMR: 1473.75 for Pingol , Kevin C.
2025-10-14 03:11:59.707 14165-14165 CalorieCal...ionService com.example.nutrisaur11              D  Calculated TDEE: 2284.3125 (BMR: 1473.75 × Activity: 1.55)
2025-10-14 03:11:59.707 14165-14165 CalorieCal...ionService com.example.nutrisaur11              D  Calculated daily calorie target: 2784 (TDEE: 2284.3125 + Adjustment: 500.0)
2025-10-14 03:11:59.707 14165-14165 CalorieTracker          com.example.nutrisaur11              D  Using fallback calculation (AI will update cache): 2784
2025-10-14 03:11:59.707 14165-14165 CalorieTracker          com.example.nutrisaur11              D  Using AI-calculated daily calorie target: 2784
2025-10-14 03:11:59.707 14165-14165 CalorieCal...ionService com.example.nutrisaur11              D  Calculated meal distribution: Breakfast=696, Lunch=974, Dinner=835, Snacks=278
2025-10-14 03:11:59.707 14165-14165 CalorieTracker          com.example.nutrisaur11              D  Calculated meal distribution: Breakfast=696, Lunch=974, Dinner=835, Snacks=278
2025-10-14 03:11:59.707 14165-14165 CalorieTracker          com.example.nutrisaur11              D  Calculated meal distribution: {Breakfast=696, Dinner=835, Snacks=278, Lunch=974}
2025-10-14 03:11:59.707 14165-14165 CalorieTracker          com.example.nutrisaur11              D  Created Breakfast meal with 696 max calories
2025-10-14 03:11:59.707 14165-14165 CalorieTracker          com.example.nutrisaur11              D  Added Champorado (450 cal) to Breakfast for date 2025-10-14
2025-10-14 03:11:59.707 14165-14165 CalorieTracker          com.example.nutrisaur11              D  Added Tapsilog (600 cal) to Breakfast for date 2025-10-14
2025-10-14 03:11:59.708 14165-14165 CalorieTracker          com.example.nutrisaur11              D  Added Longsilog (550 cal) to Breakfast for date 2025-10-14
2025-10-14 03:11:59.708 14165-14165 CalorieTracker          com.example.nutrisaur11              D  Added Pandesal with Cheese and Eggs (400 cal) to Breakfast for date 2025-10-14
2025-10-14 03:11:59.709 14165-14755 NutritionService        com.example.nutrisaur11              D  Starting nutrition recommendations...
2025-10-14 03:11:59.709 14165-14755 NutritionService        com.example.nutrisaur11              D  Getting user profile from SharedPreferences...
2025-10-14 03:11:59.709 14165-14755 NutritionService        com.example.nutrisaur11              D  User data: name=, age=25, weight=70.0, height=170.0
2025-10-14 03:11:59.709 14165-14755 NutritionService        com.example.nutrisaur11              D  User profile loaded: , BMI: 24.221453287197235
2025-10-14 03:11:59.709 14165-14755 KcalSuggestionCache     com.example.nutrisaur11              D  Cached kcal suggestion is valid
2025-10-14 03:11:59.709 14165-14755 NutritionService        com.example.nutrisaur11              D  Using cached kcal suggestion - user profile unchanged
2025-10-14 03:11:59.709 14165-14755 KcalSuggestionCache     com.example.nutrisaur11              D  Successfully loaded cached kcal suggestion
2025-10-14 03:11:59.709 14165-14755 CalorieTracker          com.example.nutrisaur11              D  Background AI calculation completed: 2545
2025-10-14 03:11:59.713 14165-14165 CalorieTracker          com.example.nutrisaur11              D  Synced CalorieTracker with AddedFoodManager for date 2025-10-14. Total meals: 1
2025-10-14 03:11:59.713 14165-14165 CalorieTracker          com.example.nutrisaur11              D  Meal Breakfast: 2000/696 kcal
2025-10-14 03:11:59.714 14165-14165 FoodLoggingActivity     com.example.nutrisaur11              D  Updated meal category text: Breakfast
2025-10-14 03:11:59.717 14165-14165 CalorieTracker          com.example.nutrisaur11              D  Syncing with 4 added foods for date: 2025-10-14
2025-10-14 03:11:59.717 14165-14165 CalorieTracker          com.example.nutrisaur11              D    Daily foods: 4
2025-10-14 03:11:59.717 14165-14165 CalorieTracker          com.example.nutrisaur11              D  Available database fields: [is_pregnant, birthday, muac_category, notes, nutritional_risk, weight_kg, height_cm, sex, municipality, muac_cm, screening_date, bmi_category, name, barangay, age, email, status, bmi]
2025-10-14 03:11:59.717 14165-14165 CalorieTracker          com.example.nutrisaur11              D  Calculated age from birthday '2005-10-10': 20
2025-10-14 03:11:59.717 14165-14165 CalorieTracker          com.example.nutrisaur11              D  Weight field lookup - weight_kg: '50', weight: 'null', final: '50'
2025-10-14 03:11:59.717 14165-14165 CalorieTracker          com.example.nutrisaur11              D  Set weight from database: 50
2025-10-14 03:11:59.717 14165-14165 CalorieTracker          com.example.nutrisaur11              D  Height field lookup - height_cm: '171', height: 'null', final: '171'
2025-10-14 03:11:59.717 14165-14165 CalorieTracker          com.example.nutrisaur11              D  Set height from database: 171
2025-10-14 03:11:59.717 14165-14165 CalorieTracker          com.example.nutrisaur11              D  Created user profile from database data: Pingol , Kevin C. (Age: 20, Weight: 50.0, Height: 171.0, Gender: Male, Activity: Moderate)
2025-10-14 03:11:59.717 14165-14165 CalorieTracker          com.example.nutrisaur11              D  Using user profile from database data
2025-10-14 03:11:59.717 14165-14165 KcalSuggestionCache     com.example.nutrisaur11              D  User profile changed, cache invalid
2025-10-14 03:11:59.718 14165-14165 CalorieTracker          com.example.nutrisaur11              D  No valid AI cache found, using fallback calculation...
2025-10-14 03:11:59.718 14165-14165 CalorieCal...ionService com.example.nutrisaur11              D  Calculated BMR: 1473.75 for Pingol , Kevin C.
2025-10-14 03:11:59.718 14165-14165 CalorieCal...ionService com.example.nutrisaur11              D  Calculated TDEE: 2284.3125 (BMR: 1473.75 × Activity: 1.55)
2025-10-14 03:11:59.718 14165-14165 CalorieCal...ionService com.example.nutrisaur11              D  Calculated daily calorie target: 2784 (TDEE: 2284.3125 + Adjustment: 500.0)
2025-10-14 03:11:59.718 14165-14165 CalorieTracker          com.example.nutrisaur11              D  Using fallback calculation (AI will update cache): 2784
2025-10-14 03:11:59.718 14165-14165 CalorieTracker          com.example.nutrisaur11              D  Using AI-calculated daily calorie target: 2784
2025-10-14 03:11:59.718 14165-14165 CalorieCal...ionService com.example.nutrisaur11              D  Calculated meal distribution: Breakfast=696, Lunch=974, Dinner=835, Snacks=278
2025-10-14 03:11:59.718 14165-14165 CalorieTracker          com.example.nutrisaur11              D  Calculated meal distribution: Breakfast=696, Lunch=974, Dinner=835, Snacks=278
2025-10-14 03:11:59.718 14165-14165 CalorieTracker          com.example.nutrisaur11              D  Calculated meal distribution: {Breakfast=696, Dinner=835, Snacks=278, Lunch=974}
2025-10-14 03:11:59.718 14165-14165 CalorieTracker          com.example.nutrisaur11              D  Created Breakfast meal with 696 max calories
2025-10-14 03:11:59.718 14165-14165 CalorieTracker          com.example.nutrisaur11              D  Added Champorado (450 cal) to Breakfast for date 2025-10-14
2025-10-14 03:11:59.718 14165-14165 CalorieTracker          com.example.nutrisaur11              D  Added Tapsilog (600 cal) to Breakfast for date 2025-10-14
2025-10-14 03:11:59.718 14165-14165 CalorieTracker          com.example.nutrisaur11              D  Added Longsilog (550 cal) to Breakfast for date 2025-10-14
2025-10-14 03:11:59.718 14165-14165 CalorieTracker          com.example.nutrisaur11              D  Added Pandesal with Cheese and Eggs (400 cal) to Breakfast for date 2025-10-14
2025-10-14 03:11:59.719 14165-14757 NutritionService        com.example.nutrisaur11              D  Starting nutrition recommendations...
2025-10-14 03:11:59.719 14165-14757 NutritionService        com.example.nutrisaur11              D  Getting user profile from SharedPreferences...
2025-10-14 03:11:59.720 14165-14757 NutritionService        com.example.nutrisaur11              D  User data: name=, age=25, weight=70.0, height=170.0
2025-10-14 03:11:59.720 14165-14757 NutritionService        com.example.nutrisaur11              D  User profile loaded: , BMI: 24.221453287197235
2025-10-14 03:11:59.720 14165-14757 KcalSuggestionCache     com.example.nutrisaur11              D  Cached kcal suggestion is valid
2025-10-14 03:11:59.720 14165-14757 NutritionService        com.example.nutrisaur11              D  Using cached kcal suggestion - user profile unchanged
2025-10-14 03:11:59.720 14165-14757 KcalSuggestionCache     com.example.nutrisaur11              D  Successfully loaded cached kcal suggestion
2025-10-14 03:11:59.720 14165-14757 CalorieTracker          com.example.nutrisaur11              D  Background AI calculation completed: 2545
2025-10-14 03:11:59.721 14165-14165 CalorieTracker          com.example.nutrisaur11              D  Synced CalorieTracker with AddedFoodManager for date 2025-10-14. Total meals: 1
2025-10-14 03:11:59.721 14165-14165 CalorieTracker          com.example.nutrisaur11              D  Meal Breakfast: 2000/696 kcal
2025-10-14 03:11:59.723 14165-14165 CalorieTracker          com.example.nutrisaur11              D  Set max calories for Breakfast to 696
2025-10-14 03:11:59.723 14165-14165 FoodLoggingActivity     com.example.nutrisaur11              D  Checking ingredient-based request: mealCategory=Breakfast, customIngredient=null
2025-10-14 03:11:59.724 14165-14165 FoodLoggingActivity     com.example.nutrisaur11              D  Loading personalized foods for Breakfast (BMI: 17.09927841045108, Age: 20)
2025-10-14 03:11:59.732 14165-14165 GeminiCacheManager      com.example.nutrisaur11              D  Found valid persistent cached recommendations for Breakfast (ingredient: null)
2025-10-14 03:11:59.732 14165-14165 FoodLoggingActivity     com.example.nutrisaur11              D  Using cached recommendations for Breakfast
2025-10-14 03:11:59.732 14165-14165 FoodLoggingActivity     com.example.nutrisaur11              D  FoodLoggingActivity created for Breakfast (max 696 kcal)
2025-10-14 03:11:59.732 14165-14165 FoodLoggingActivity     com.example.nutrisaur11              D  Initial food items count: 0
2025-10-14 03:11:59.735 14165-14165 SessionManager          com.example.nutrisaur11              D  User interaction recorded at: 1760382719735
2025-10-14 03:11:59.735 14165-14165 SessionManager          com.example.nutrisaur11              D  === REAL-TIME SESSION VALIDATION ===
2025-10-14 03:11:59.735 14165-14165 SessionManager          com.example.nutrisaur11              D  Using cached valid session
2025-10-14 03:11:59.735 14165-14165 CommunityUserManager    com.example.nutrisaur11              D  === CHECKING ARCHIVE STATUS ===
2025-10-14 03:11:59.735 14165-14165 CommunityUserManager    com.example.nutrisaur11              D  === FORCE REFRESHING USER DATA FROM DATABASE ===
2025-10-14 03:11:59.735 14165-14165 CommunityUserManager    com.example.nutrisaur11              D  Force refreshing data for: kevinpingol123@gmail.com
2025-10-14 03:11:59.736 14165-14165 CommunityUserManager    com.example.nutrisaur11              D  === CHECKING USER EXISTENCE ===
2025-10-14 03:11:59.736 14165-14758 CommunityUserManager    com.example.nutrisaur11              D  Making API request to: https://nutrisaur-production.up.railway.app/api/DatabaseAPI.php?action=get_community_user_data
2025-10-14 03:11:59.736 14165-14758 CommunityUserManager    com.example.nutrisaur11              D  Request data: {"email":"kevinpingol123@gmail.com"}
2025-10-14 03:11:59.736 14165-14165 CommunityUserManager    com.example.nutrisaur11              D  === FORCE REFRESHING USER DATA FROM DATABASE ===
2025-10-14 03:11:59.736 14165-14165 CommunityUserManager    com.example.nutrisaur11              D  Force refreshing data for: kevinpingol123@gmail.com
2025-10-14 03:11:59.737 14165-14759 CommunityUserManager    com.example.nutrisaur11              D  Making API request to: https://nutrisaur-production.up.railway.app/api/DatabaseAPI.php?action=get_community_user_data
2025-10-14 03:11:59.737 14165-14759 CommunityUserManager    com.example.nutrisaur11              D  Request data: {"email":"kevinpingol123@gmail.com"}
2025-10-14 03:11:59.746  3040-3351  ActivityManagerWrapper  com.miui.home                        E  getRecentTasks: taskId=11211   userId=0   baseIntent=Intent { act=android.intent.action.MAIN cat=[android.intent.category.LAUNCHER] flg=0x10000000 cmp=com.example.nutrisaur11/.SplashActivity }
2025-10-14 03:11:59.750 14165-14165 CalorieTracker          com.example.nutrisaur11              D  Syncing with 4 added foods for date: 2025-10-14
2025-10-14 03:11:59.750 14165-14165 CalorieTracker          com.example.nutrisaur11              D    Daily foods: 4
2025-10-14 03:11:59.750 14165-14165 CalorieTracker          com.example.nutrisaur11              D  Available database fields: [is_pregnant, birthday, muac_category, notes, nutritional_risk, weight_kg, height_cm, sex, municipality, muac_cm, screening_date, bmi_category, name, barangay, age, email, status, bmi]
2025-10-14 03:11:59.751 14165-14165 CalorieTracker          com.example.nutrisaur11              D  Calculated age from birthday '2005-10-10': 20
2025-10-14 03:11:59.751 14165-14165 CalorieTracker          com.example.nutrisaur11              D  Weight field lookup - weight_kg: '50', weight: 'null', final: '50'
2025-10-14 03:11:59.751 14165-14165 CalorieTracker          com.example.nutrisaur11              D  Set weight from database: 50
2025-10-14 03:11:59.751 14165-14165 CalorieTracker          com.example.nutrisaur11              D  Height field lookup - height_cm: '171', height: 'null', final: '171'
2025-10-14 03:11:59.751 14165-14165 CalorieTracker          com.example.nutrisaur11              D  Set height from database: 171
2025-10-14 03:11:59.751 14165-14165 CalorieTracker          com.example.nutrisaur11              D  Created user profile from database data: Pingol , Kevin C. (Age: 20, Weight: 50.0, Height: 171.0, Gender: Male, Activity: Moderate)
2025-10-14 03:11:59.751 14165-14165 CalorieTracker          com.example.nutrisaur11              D  Using user profile from database data
2025-10-14 03:11:59.751 14165-14165 KcalSuggestionCache     com.example.nutrisaur11              D  User profile changed, cache invalid
2025-10-14 03:11:59.751 14165-14165 CalorieTracker          com.example.nutrisaur11              D  No valid AI cache found, using fallback calculation...
2025-10-14 03:11:59.751 14165-14165 CalorieCal...ionService com.example.nutrisaur11              D  Calculated BMR: 1473.75 for Pingol , Kevin C.
2025-10-14 03:11:59.751 14165-14165 CalorieCal...ionService com.example.nutrisaur11              D  Calculated TDEE: 2284.3125 (BMR: 1473.75 × Activity: 1.55)
2025-10-14 03:11:59.751 14165-14165 CalorieCal...ionService com.example.nutrisaur11              D  Calculated daily calorie target: 2784 (TDEE: 2284.3125 + Adjustment: 500.0)
2025-10-14 03:11:59.751 14165-14165 CalorieTracker          com.example.nutrisaur11              D  Using fallback calculation (AI will update cache): 2784
2025-10-14 03:11:59.752 14165-14165 CalorieTracker          com.example.nutrisaur11              D  Using AI-calculated daily calorie target: 2784
2025-10-14 03:11:59.752 14165-14165 CalorieCal...ionService com.example.nutrisaur11              D  Calculated meal distribution: Breakfast=696, Lunch=974, Dinner=835, Snacks=278
2025-10-14 03:11:59.752 14165-14165 CalorieTracker          com.example.nutrisaur11              D  Calculated meal distribution: Breakfast=696, Lunch=974, Dinner=835, Snacks=278
2025-10-14 03:11:59.752 14165-14165 CalorieTracker          com.example.nutrisaur11              D  Calculated meal distribution: {Breakfast=696, Dinner=835, Snacks=278, Lunch=974}
2025-10-14 03:11:59.752 14165-14165 CalorieTracker          com.example.nutrisaur11              D  Created Breakfast meal with 696 max calories
2025-10-14 03:11:59.752 14165-14165 CalorieTracker          com.example.nutrisaur11              D  Added Champorado (450 cal) to Breakfast for date 2025-10-14
2025-10-14 03:11:59.752 14165-14165 CalorieTracker          com.example.nutrisaur11              D  Added Tapsilog (600 cal) to Breakfast for date 2025-10-14
2025-10-14 03:11:59.752 14165-14165 CalorieTracker          com.example.nutrisaur11              D  Added Longsilog (550 cal) to Breakfast for date 2025-10-14
2025-10-14 03:11:59.752 14165-14165 CalorieTracker          com.example.nutrisaur11              D  Added Pandesal with Cheese and Eggs (400 cal) to Breakfast for date 2025-10-14
2025-10-14 03:11:59.754 14165-14767 NutritionService        com.example.nutrisaur11              D  Starting nutrition recommendations...
2025-10-14 03:11:59.755 14165-14767 NutritionService        com.example.nutrisaur11              D  Getting user profile from SharedPreferences...
2025-10-14 03:11:59.755 14165-14767 NutritionService        com.example.nutrisaur11              D  User data: name=, age=25, weight=70.0, height=170.0
2025-10-14 03:11:59.755 14165-14767 NutritionService        com.example.nutrisaur11              D  User profile loaded: , BMI: 24.221453287197235
2025-10-14 03:11:59.756 14165-14165 CalorieTracker          com.example.nutrisaur11              D  Synced CalorieTracker with AddedFoodManager for date 2025-10-14. Total meals: 1
2025-10-14 03:11:59.756 14165-14165 CalorieTracker          com.example.nutrisaur11              D  Meal Breakfast: 2000/696 kcal
2025-10-14 03:11:59.756 14165-14165 FoodLoggingActivity     com.example.nutrisaur11              D  Refreshed food data for tab: recent for date: 2025-10-14
2025-10-14 03:11:59.757 14165-14767 KcalSuggestionCache     com.example.nutrisaur11              D  Cached kcal suggestion is valid
2025-10-14 03:11:59.757 14165-14767 NutritionService        com.example.nutrisaur11              D  Using cached kcal suggestion - user profile unchanged
2025-10-14 03:11:59.758 14165-14767 KcalSuggestionCache     com.example.nutrisaur11              D  Successfully loaded cached kcal suggestion
2025-10-14 03:11:59.758 14165-14767 CalorieTracker          com.example.nutrisaur11              D  Background AI calculation completed: 2545
2025-10-14 03:11:59.783 14165-14179 OpenGLRenderer          com.example.nutrisaur11              I  Davey! duration=9223311591131ms; Flags=0, FrameTimelineVsyncId=2531835, IntendedVsync=60445722888209, Vsync=60445839554871, InputEventId=0, HandleInputStart=60445843498189, AnimationStart=60445843500012, PerformTraversalsStart=60445843501314, DrawStart=60445843560637, FrameDeadline=60445739554875, FrameInterval=60445843486627, FrameStartTime=16666666, SyncQueued=60445844189127, SyncStart=60445844236991, IssueDrawCommandsStart=60445844515637, SwapBuffers=60445845709700, FrameCompleted=9223372036854775807, DequeueBufferDuration=14792, QueueBufferDuration=547083, GpuCompleted=9223372036854775807, SwapBuffersCompleted=60445846594075, DisplayPresentTime=0, 
2025-10-14 03:11:59.795 14165-14165 FoodLoggingActivity     com.example.nutrisaur11              D  Loaded 0 recent/recommended foods
2025-10-14 03:11:59.795 14165-14165 FoodLoggingActivity     com.example.nutrisaur11              D  Loaded 13 cached foods for Breakfast
2025-10-14 03:11:59.795 14165-14165 SessionManager          com.example.nutrisaur11              D  === PERIODIC SESSION VALIDATION ===
2025-10-14 03:11:59.795 14165-14165 SessionManager          com.example.nutrisaur11              D  Using cached session validation result: true
2025-10-14 03:11:59.796 14165-14165 SessionManager          com.example.nutrisaur11              D  Checking user existence in database: kevinpingol123@gmail.com
2025-10-14 03:11:59.796 14165-14165 CommunityUserManager    com.example.nutrisaur11              D  === GETTING CURRENT USER DATA FROM DATABASE (ASYNC) ===
2025-10-14 03:11:59.797 14165-14165 CommunityUserManager    com.example.nutrisaur11              D  Retrieved cached user data for: kevinpingol123@gmail.com
2025-10-14 03:11:59.797 14165-14165 CommunityUserManager    com.example.nutrisaur11              D  Returning cached user data
2025-10-14 03:11:59.797 14165-14165 SessionManager          com.example.nutrisaur11              D  Database check completed in 1ms
2025-10-14 03:11:59.797 14165-14165 SessionManager          com.example.nutrisaur11              D  User exists and is valid: kevinpingol123@gmail.com
2025-10-14 03:11:59.797 14165-14165 FoodLoggingActivity     com.example.nutrisaur11              D  Loaded 13 recent/recommended foods
2025-10-14 03:11:59.797 14165-14165 DecorView[]             com.example.nutrisaur11              D  onWindowFocusChanged hasWindowFocus false
2025-10-14 03:11:59.813 14165-14165 AddedFoodManager        com.example.nutrisaur11              D  getDailyFoods returned: 1 meal categories for 2025-10-14
2025-10-14 03:11:59.813 14165-14165 AddedFoodManager        com.example.nutrisaur11              D  Meal category Breakfast has 4 foods
2025-10-14 03:11:59.813 14165-14165 AddedFoodManager        com.example.nutrisaur11              D    - Champorado in Breakfast
2025-10-14 03:11:59.813 14165-14165 AddedFoodManager        com.example.nutrisaur11              D    - Tapsilog in Breakfast
2025-10-14 03:11:59.813 14165-14165 AddedFoodManager        com.example.nutrisaur11              D    - Longsilog in Breakfast
2025-10-14 03:11:59.813 14165-14165 AddedFoodManager        com.example.nutrisaur11              D    - Pandesal with Cheese and Eggs in Breakfast
2025-10-14 03:11:59.813 14165-14165 AddedFoodManager        com.example.nutrisaur11              D  Retrieved 4 foods from daily storage for 2025-10-14
2025-10-14 03:11:59.814 14165-14165 AddedFoodManager        com.example.nutrisaur11              D  Exact match found for Champorado in Breakfast
2025-10-14 03:11:59.814 14165-14165 FoodItemAdapter         com.example.nutrisaur11              D  Meal activity - Champorado isAddedToMeal(Breakfast): true (final: true)
2025-10-14 03:11:59.823 14165-14165 AddedFoodManager        com.example.nutrisaur11              D  getDailyFoods returned: 1 meal categories for 2025-10-14
2025-10-14 03:11:59.823 14165-14165 AddedFoodManager        com.example.nutrisaur11              D  Meal category Breakfast has 4 foods
2025-10-14 03:11:59.823 14165-14165 AddedFoodManager        com.example.nutrisaur11              D    - Champorado in Breakfast
2025-10-14 03:11:59.823 14165-14165 AddedFoodManager        com.example.nutrisaur11              D    - Tapsilog in Breakfast
2025-10-14 03:11:59.823 14165-14165 AddedFoodManager        com.example.nutrisaur11              D    - Longsilog in Breakfast
2025-10-14 03:11:59.823 14165-14165 AddedFoodManager        com.example.nutrisaur11              D    - Pandesal with Cheese and Eggs in Breakfast
2025-10-14 03:11:59.823 14165-14165 AddedFoodManager        com.example.nutrisaur11              D  Retrieved 4 foods from daily storage for 2025-10-14
2025-10-14 03:11:59.824 14165-14165 AddedFoodManager        com.example.nutrisaur11              D  Exact match found for Tapsilog in Breakfast
2025-10-14 03:11:59.824 14165-14165 FoodItemAdapter         com.example.nutrisaur11              D  Meal activity - Tapsilog isAddedToMeal(Breakfast): true (final: true)
2025-10-14 03:11:59.831 14165-14165 AddedFoodManager        com.example.nutrisaur11              D  getDailyFoods returned: 1 meal categories for 2025-10-14
2025-10-14 03:11:59.831 14165-14165 AddedFoodManager        com.example.nutrisaur11              D  Meal category Breakfast has 4 foods
2025-10-14 03:11:59.832 14165-14165 AddedFoodManager        com.example.nutrisaur11              D    - Champorado in Breakfast
2025-10-14 03:11:59.832 14165-14165 AddedFoodManager        com.example.nutrisaur11              D    - Tapsilog in Breakfast
2025-10-14 03:11:59.832 14165-14165 AddedFoodManager        com.example.nutrisaur11              D    - Longsilog in Breakfast
2025-10-14 03:11:59.832 14165-14165 AddedFoodManager        com.example.nutrisaur11              D    - Pandesal with Cheese and Eggs in Breakfast
2025-10-14 03:11:59.832 14165-14165 AddedFoodManager        com.example.nutrisaur11              D  Retrieved 4 foods from daily storage for 2025-10-14
2025-10-14 03:11:59.832 14165-14165 AddedFoodManager        com.example.nutrisaur11              D  Exact match found for Longsilog in Breakfast
2025-10-14 03:11:59.832 14165-14165 FoodItemAdapter         com.example.nutrisaur11              D  Meal activity - Longsilog isAddedToMeal(Breakfast): true (final: true)
2025-10-14 03:11:59.840 14165-14165 AddedFoodManager        com.example.nutrisaur11              D  getDailyFoods returned: 1 meal categories for 2025-10-14
2025-10-14 03:11:59.840 14165-14165 AddedFoodManager        com.example.nutrisaur11              D  Meal category Breakfast has 4 foods
2025-10-14 03:11:59.840 14165-14165 AddedFoodManager        com.example.nutrisaur11              D    - Champorado in Breakfast
2025-10-14 03:11:59.841 14165-14165 AddedFoodManager        com.example.nutrisaur11              D    - Tapsilog in Breakfast
2025-10-14 03:11:59.841 14165-14165 AddedFoodManager        com.example.nutrisaur11              D    - Longsilog in Breakfast
2025-10-14 03:11:59.841 14165-14165 AddedFoodManager        com.example.nutrisaur11              D    - Pandesal with Cheese and Eggs in Breakfast
2025-10-14 03:11:59.841 14165-14165 AddedFoodManager        com.example.nutrisaur11              D  Retrieved 4 foods from daily storage for 2025-10-14
2025-10-14 03:11:59.841 14165-14165 AddedFoodManager        com.example.nutrisaur11              D  Exact match found for Pandesal with Cheese and Eggs in Breakfast
2025-10-14 03:11:59.841 14165-14165 FoodItemAdapter         com.example.nutrisaur11              D  Meal activity - Pandesal with Cheese and Eggs isAddedToMeal(Breakfast): true (final: true)
2025-10-14 03:11:59.850 14165-14165 AddedFoodManager        com.example.nutrisaur11              D  getDailyFoods returned: 1 meal categories for 2025-10-14
2025-10-14 03:11:59.850 14165-14165 AddedFoodManager        com.example.nutrisaur11              D  Meal category Breakfast has 4 foods
2025-10-14 03:11:59.850 14165-14165 AddedFoodManager        com.example.nutrisaur11              D    - Champorado in Breakfast
2025-10-14 03:11:59.850 14165-14165 AddedFoodManager        com.example.nutrisaur11              D    - Tapsilog in Breakfast
2025-10-14 03:11:59.850 14165-14165 AddedFoodManager        com.example.nutrisaur11              D    - Longsilog in Breakfast
2025-10-14 03:11:59.850 14165-14165 AddedFoodManager        com.example.nutrisaur11              D    - Pandesal with Cheese and Eggs in Breakfast
2025-10-14 03:11:59.850 14165-14165 AddedFoodManager        com.example.nutrisaur11              D  Retrieved 4 foods from daily storage for 2025-10-14
2025-10-14 03:11:59.850 14165-14165 AddedFoodManager        com.example.nutrisaur11              D  Checking if Arroz Caldo is in Breakfast: false
2025-10-14 03:11:59.850 14165-14165 AddedFoodManager        com.example.nutrisaur11              D  Stored foods for 2025-10-14:
2025-10-14 03:11:59.850 14165-14165 AddedFoodManager        com.example.nutrisaur11              D    - Champorado in Breakfast
2025-10-14 03:11:59.850 14165-14165 AddedFoodManager        com.example.nutrisaur11              D    - Tapsilog in Breakfast
2025-10-14 03:11:59.850 14165-14165 AddedFoodManager        com.example.nutrisaur11              D    - Longsilog in Breakfast
2025-10-14 03:11:59.850 14165-14165 AddedFoodManager        com.example.nutrisaur11              D    - Pandesal with Cheese and Eggs in Breakfast
2025-10-14 03:11:59.850 14165-14165 FoodItemAdapter         com.example.nutrisaur11              D  Meal activity - Arroz Caldo isAddedToMeal(Breakfast): false (final: false)
2025-10-14 03:11:59.858 14165-14165 AddedFoodManager        com.example.nutrisaur11              D  getDailyFoods returned: 1 meal categories for 2025-10-14
2025-10-14 03:11:59.858 14165-14165 AddedFoodManager        com.example.nutrisaur11              D  Meal category Breakfast has 4 foods
2025-10-14 03:11:59.858 14165-14165 AddedFoodManager        com.example.nutrisaur11              D    - Champorado in Breakfast
2025-10-14 03:11:59.858 14165-14165 AddedFoodManager        com.example.nutrisaur11              D    - Tapsilog in Breakfast
2025-10-14 03:11:59.858 14165-14165 AddedFoodManager        com.example.nutrisaur11              D    - Longsilog in Breakfast
2025-10-14 03:11:59.858 14165-14165 AddedFoodManager        com.example.nutrisaur11              D    - Pandesal with Cheese and Eggs in Breakfast
2025-10-14 03:11:59.858 14165-14165 AddedFoodManager        com.example.nutrisaur11              D  Retrieved 4 foods from daily storage for 2025-10-14
2025-10-14 03:11:59.858 14165-14165 AddedFoodManager        com.example.nutrisaur11              D  Checking if Tortang Talong is in Breakfast: false
2025-10-14 03:11:59.858 14165-14165 AddedFoodManager        com.example.nutrisaur11              D  Stored foods for 2025-10-14:
2025-10-14 03:11:59.858 14165-14165 AddedFoodManager        com.example.nutrisaur11              D    - Champorado in Breakfast
2025-10-14 03:11:59.858 14165-14165 AddedFoodManager        com.example.nutrisaur11              D    - Tapsilog in Breakfast
2025-10-14 03:11:59.858 14165-14165 AddedFoodManager        com.example.nutrisaur11              D    - Longsilog in Breakfast
2025-10-14 03:11:59.858 14165-14165 AddedFoodManager        com.example.nutrisaur11              D    - Pandesal with Cheese and Eggs in Breakfast
2025-10-14 03:11:59.858 14165-14165 FoodItemAdapter         com.example.nutrisaur11              D  Meal activity - Tortang Talong isAddedToMeal(Breakfast): false (final: false)
2025-10-14 03:11:59.896 14165-14165 SessionManager          com.example.nutrisaur11              D  User marked as idle
2025-10-14 03:11:59.900 14165-14165 DecorView[]             com.example.nutrisaur11              D  onWindowFocusChanged hasWindowFocus true
2025-10-14 03:12:00.083 14165-14758 CommunityUserManager    com.example.nutrisaur11              D  API response code: 200
2025-10-14 03:12:00.083 14165-14758 CommunityUserManager    com.example.nutrisaur11              D  API response message: 
