2025-09-25 11:27:28.249 13895-13895 SessionManager          com.example.nutrisaur11              D  User interaction recorded at: 1758770848249
2025-09-25 11:27:28.485 13895-13999 CommunityUserManager    com.example.nutrisaur11              D  API response code: 200
2025-09-25 11:27:28.485 13895-13999 CommunityUserManager    com.example.nutrisaur11              D  API response message: 
2025-09-25 11:27:28.488 13895-13999 CommunityUserManager    com.example.nutrisaur11              D  API response for get_community_user_data: {"success":true,"message":"User data retrieved successfully","user":{"name":"jsjsh","email":"uehwhzueje@ss.e","municipality":"MARIVELES","barangay":"Alion","sex":"Male","birthday":"2005-09-25","age":"","is_pregnant":"N\/A","weight":"50","height":"171","muac_cm":"","bmi":"","bmi_category":"","muac_category":"","screening_date":"2025-09-24 17:30:05","screened_by":"","notes":"","status":"","created_at":"","updated_at":""}}
2025-09-25 11:27:28.488 13895-13999 CommunityUserManager    com.example.nutrisaur11              D  Retrieved user data from database:
2025-09-25 11:27:28.488 13895-13999 CommunityUserManager    com.example.nutrisaur11              D    birthday: 2005-09-25
2025-09-25 11:27:28.488 13895-13999 CommunityUserManager    com.example.nutrisaur11              D    is_pregnant: N/A
2025-09-25 11:27:28.488 13895-13999 CommunityUserManager    com.example.nutrisaur11              D    muac_category: 
2025-09-25 11:27:28.488 13895-13999 CommunityUserManager    com.example.nutrisaur11              D    notes: 
2025-09-25 11:27:28.488 13895-13999 CommunityUserManager    com.example.nutrisaur11              D    weight_kg: 50
2025-09-25 11:27:28.488 13895-13999 CommunityUserManager    com.example.nutrisaur11              D    nutritional_risk: 
2025-09-25 11:27:28.488 13895-13999 CommunityUserManager    com.example.nutrisaur11              D    height_cm: 171
2025-09-25 11:27:28.488 13895-13999 CommunityUserManager    com.example.nutrisaur11              D    sex: Male
2025-09-25 11:27:28.488 13895-13999 CommunityUserManager    com.example.nutrisaur11              D    municipality: MARIVELES
2025-09-25 11:27:28.488 13895-13999 CommunityUserManager    com.example.nutrisaur11              D    muac_cm: 
2025-09-25 11:27:28.488 13895-13999 CommunityUserManager    com.example.nutrisaur11              D    screening_date: 2025-09-24 17:30:05
2025-09-25 11:27:28.488 13895-13999 CommunityUserManager    com.example.nutrisaur11              D    bmi_category: 
2025-09-25 11:27:28.488 13895-13999 CommunityUserManager    com.example.nutrisaur11              D    name: jsjsh
2025-09-25 11:27:28.488 13895-13999 CommunityUserManager    com.example.nutrisaur11              D    barangay: Alion
2025-09-25 11:27:28.488 13895-13999 CommunityUserManager    com.example.nutrisaur11              D    email: uehwhzueje@ss.e
2025-09-25 11:27:28.488 13895-13999 CommunityUserManager    com.example.nutrisaur11              D    age: 
2025-09-25 11:27:28.488 13895-13999 CommunityUserManager    com.example.nutrisaur11              D    bmi: 
2025-09-25 11:27:28.488 13895-13999 CommunityUserManager    com.example.nutrisaur11              D  Essential user data found for personalization
2025-09-25 11:27:28.488 13895-13999 FoodActivity            com.example.nutrisaur11              D  User screening data fetched from community_users table
2025-09-25 11:27:28.489 13895-13895 FoodActivity            com.example.nutrisaur11              D  Loading nutrition data for selected date: 2025-09-25
2025-09-25 11:27:28.489 13895-13895 FoodActivity            com.example.nutrisaur11              D  Loading nutrition data with user data from community_users table...
2025-09-25 11:27:28.491 13895-14011 NutritionService        com.example.nutrisaur11              D  Starting nutrition recommendations with database user data...
2025-09-25 11:27:28.491 13895-14011 NutritionService        com.example.nutrisaur11              D  Creating user profile from community_users table data...
2025-09-25 11:27:28.492 13895-14011 NutritionService        com.example.nutrisaur11              D  Calculated age from birthday '2005-09-25': 20
2025-09-25 11:27:28.493 13895-14011 NutritionService        com.example.nutrisaur11              D  Database user data: name=jsjsh, age=20, weight=50.0, height=171.0, gender=Male
2025-09-25 11:27:28.493 13895-14011 NutritionService        com.example.nutrisaur11              D  User profile created from database: jsjsh, BMI: 17.09927841045108
2025-09-25 11:27:28.494 13895-14011 KcalSuggestionCache     com.example.nutrisaur11              D  Cached kcal suggestion is valid
2025-09-25 11:27:28.494 13895-14011 NutritionService        com.example.nutrisaur11              D  Using cached kcal suggestion - user profile unchanged
2025-09-25 11:27:28.495 13895-14011 KcalSuggestionCache     com.example.nutrisaur11              D  Successfully loaded cached kcal suggestion
2025-09-25 11:27:28.506 13895-13895 FoodActivity            com.example.nutrisaur11              D  Updating nutrition UI with data
2025-09-25 11:27:28.519 13895-13895 AddedFoodManager        com.example.nutrisaur11              D  getDailyFoods returned: 3 meal categories for 2025-09-25
2025-09-25 11:27:28.519 13895-13895 AddedFoodManager        com.example.nutrisaur11              D  Meal category Breakfast has 0 foods
2025-09-25 11:27:28.519 13895-13895 AddedFoodManager        com.example.nutrisaur11              D  Meal category Lunch has 0 foods
2025-09-25 11:27:28.519 13895-13895 AddedFoodManager        com.example.nutrisaur11              D  Meal category Dinner has 0 foods
2025-09-25 11:27:28.519 13895-13895 AddedFoodManager        com.example.nutrisaur11              D  Retrieved 0 foods from NEW daily storage for 2025-09-25
2025-09-25 11:27:28.519 13895-13895 CalorieTracker          com.example.nutrisaur11              D  Syncing with 0 added foods
2025-09-25 11:27:28.522 13895-13895 CalorieTracker          com.example.nutrisaur11              D  Cleared SharedPreferences user profile cache to force fresh database data
2025-09-25 11:27:28.522 13895-13895 CalorieTracker          com.example.nutrisaur11              W  No user profile found in SharedPreferences - will use database data
2025-09-25 11:27:28.522 13895-13895 CalorieTracker          com.example.nutrisaur11              D  Using user profile from SharedPreferences
2025-09-25 11:27:28.522 13895-13895 CalorieTracker          com.example.nutrisaur11              W  No user profile found, using default meal distribution
2025-09-25 11:27:28.523 13895-13895 CalorieTracker          com.example.nutrisaur11              D  Calculated meal distribution: {Breakfast=500, Dinner=600, Snacks=200, Lunch=700}
2025-09-25 11:27:28.524 13895-13895 CalorieTracker          com.example.nutrisaur11              D  Synced CalorieTracker with AddedFoodManager. Total meals: 0
2025-09-25 11:27:28.526 13895-13895 FoodActivity            com.example.nutrisaur11              D  FoodActivity Available database fields: [birthday, is_pregnant, muac_category, notes, weight_kg, nutritional_risk, height_cm, sex, municipality, muac_cm, screening_date, bmi_category, name, barangay, email, age, bmi]
2025-09-25 11:27:28.527 13895-13895 FoodActivity            com.example.nutrisaur11              D  Calculated age from birthday '2005-09-25': 20
2025-09-25 11:27:28.527 13895-13895 FoodActivity            com.example.nutrisaur11              D  FoodActivity Weight field lookup - weight_kg: '50', weight: 'null', final: '50'
2025-09-25 11:27:28.527 13895-13895 FoodActivity            com.example.nutrisaur11              D  FoodActivity: Set weight from database: 50
2025-09-25 11:27:28.527 13895-13895 FoodActivity            com.example.nutrisaur11              D  FoodActivity Height field lookup - height_cm: '171', height: 'null', final: '171'
2025-09-25 11:27:28.527 13895-13895 FoodActivity            com.example.nutrisaur11              D  FoodActivity: Set height from database: 171
2025-09-25 11:27:28.527 13895-13895 FoodActivity            com.example.nutrisaur11              D  Created user profile from database data: jsjsh (Age: 20, Weight: 50.0, Height: 171.0, Gender: Male, Activity: Moderate)
2025-09-25 11:27:28.527 13895-13895 CalorieCal...ionService com.example.nutrisaur11              D  Calculated BMR: 1473.75 for jsjsh
2025-09-25 11:27:28.527 13895-13895 CalorieCal...ionService com.example.nutrisaur11              D  Calculated TDEE: 1768.5 (BMR: 1473.75 × Activity: 1.2)
2025-09-25 11:27:28.527 13895-13895 CalorieCal...ionService com.example.nutrisaur11              D  Calculated daily calorie target: 2268 (TDEE: 1768.5 + Adjustment: 500.0)
2025-09-25 11:27:28.527 13895-13895 FoodActivity            com.example.nutrisaur11              D  updateCalorieData - Calculated daily calorie target: 2268
2025-09-25 11:27:28.527 13895-13895 FoodActivity            com.example.nutrisaur11              D  === CALORIE UPDATE ===
2025-09-25 11:27:28.527 13895-13895 FoodActivity            com.example.nutrisaur11              D  Total Daily Calories: 2268
2025-09-25 11:27:28.527 13895-13895 FoodActivity            com.example.nutrisaur11              D  Total Eaten Calories: 0
2025-09-25 11:27:28.527 13895-13895 FoodActivity            com.example.nutrisaur11              D  Calories Left: 2268
2025-09-25 11:27:28.527 13895-13895 FoodActivity            com.example.nutrisaur11              D  Calories Burned: 0
2025-09-25 11:27:28.528 13895-13895 FoodActivity            com.example.nutrisaur11              D  Calorie data updated and saved to SharedPreferences
2025-09-25 11:27:28.529 13895-13895 FoodActivity            com.example.nutrisaur11              D  Macronutrients remaining - Protein: 110/110, Carbs: 377/377, Fat: 92/92
2025-09-25 11:27:28.529 13895-13895 FoodActivity            com.example.nutrisaur11              D  Walking Calories: 0
2025-09-25 11:27:28.529 13895-13895 FoodActivity            com.example.nutrisaur11              D  Activity Calories: 0
2025-09-25 11:27:28.531 13895-13895 AddedFoodManager        com.example.nutrisaur11              D  getDailyFoods returned: 3 meal categories for 2025-09-25
2025-09-25 11:27:28.532 13895-13895 AddedFoodManager        com.example.nutrisaur11              D  Meal category Breakfast has 0 foods
2025-09-25 11:27:28.532 13895-13895 AddedFoodManager        com.example.nutrisaur11              D  Meal category Lunch has 0 foods
2025-09-25 11:27:28.532 13895-13895 AddedFoodManager        com.example.nutrisaur11              D  Meal category Dinner has 0 foods
2025-09-25 11:27:28.532 13895-13895 AddedFoodManager        com.example.nutrisaur11              D  Retrieved 0 foods from NEW daily storage for 2025-09-25
2025-09-25 11:27:28.532 13895-13895 CalorieTracker          com.example.nutrisaur11              D  Syncing with 0 added foods for date: 2025-09-25
2025-09-25 11:27:28.532 13895-13895 CalorieTracker          com.example.nutrisaur11              D    Daily foods: 0
2025-09-25 11:27:28.532 13895-13895 CalorieTracker          com.example.nutrisaur11              D    Historical foods: 0
2025-09-25 11:27:28.532 13895-13895 CalorieTracker          com.example.nutrisaur11              D  Available database fields: [birthday, is_pregnant, muac_category, notes, weight_kg, nutritional_risk, height_cm, sex, municipality, muac_cm, screening_date, bmi_category, name, barangay, email, age, bmi]
2025-09-25 11:27:28.532 13895-13895 CalorieTracker          com.example.nutrisaur11              D  Calculated age from birthday '2005-09-25': 20
2025-09-25 11:27:28.532 13895-13895 CalorieTracker          com.example.nutrisaur11              D  Weight field lookup - weight_kg: '50', weight: 'null', final: '50'
2025-09-25 11:27:28.532 13895-13895 CalorieTracker          com.example.nutrisaur11              D  Set weight from database: 50
2025-09-25 11:27:28.532 13895-13895 CalorieTracker          com.example.nutrisaur11              D  Height field lookup - height_cm: '171', height: 'null', final: '171'
2025-09-25 11:27:28.532 13895-13895 CalorieTracker          com.example.nutrisaur11              D  Set height from database: 171
2025-09-25 11:27:28.533 13895-13895 CalorieTracker          com.example.nutrisaur11              D  Created user profile from database data: jsjsh (Age: 20, Weight: 50.0, Height: 171.0, Gender: Male, Activity: Moderate)
2025-09-25 11:27:28.533 13895-13895 CalorieTracker          com.example.nutrisaur11              D  Using user profile from database data
2025-09-25 11:27:28.533 13895-13895 CalorieCal...ionService com.example.nutrisaur11              D  Calculated BMR: 1473.75 for jsjsh
2025-09-25 11:27:28.533 13895-13895 CalorieCal...ionService com.example.nutrisaur11              D  Calculated TDEE: 1768.5 (BMR: 1473.75 × Activity: 1.2)
2025-09-25 11:27:28.533 13895-13895 CalorieCal...ionService com.example.nutrisaur11              D  Calculated daily calorie target: 2268 (TDEE: 1768.5 + Adjustment: 500.0)
2025-09-25 11:27:28.533 13895-13895 CalorieTracker          com.example.nutrisaur11              D  Calculated daily calorie target: 2268
2025-09-25 11:27:28.533 13895-13895 CalorieCal...ionService com.example.nutrisaur11              D  Calculated meal distribution: Breakfast=567, Lunch=793, Dinner=680, Snacks=226
2025-09-25 11:27:28.533 13895-13895 CalorieTracker          com.example.nutrisaur11              D  Calculated meal distribution: Breakfast=567, Lunch=793, Dinner=680, Snacks=226
2025-09-25 11:27:28.533 13895-13895 CalorieTracker          com.example.nutrisaur11              D  Calculated meal distribution: {Breakfast=567, Dinner=680, Snacks=226, Lunch=793}
2025-09-25 11:27:28.533 13895-13895 CalorieTracker          com.example.nutrisaur11              D  Synced CalorieTracker with AddedFoodManager for date 2025-09-25. Total meals: 0
2025-09-25 11:27:28.533 13895-13895 FoodActivity            com.example.nutrisaur11              D  Synced CalorieTracker in updateMealProgress for date: 2025-09-25
2025-09-25 11:27:28.534 13895-13895 FoodActivity            com.example.nutrisaur11              D  Updated breakfast progress: 0 / 696 kcal
2025-09-25 11:27:28.535 13895-13895 FoodActivity            com.example.nutrisaur11              D  Updated lunch progress: 0 / 974 kcal
2025-09-25 11:27:28.536 13895-13895 FoodActivity            com.example.nutrisaur11              D  Updated dinner progress: 0 / 835 kcal
2025-09-25 11:27:28.536 13895-13895 FoodActivity            com.example.nutrisaur11              D  Updated snacks progress: 0 / 278 kcal
2025-09-25 11:27:28.536 13895-13895 FoodActivity            com.example.nutrisaur11              D  Meal progress updated with CalorieTracker data
2025-09-25 11:27:28.536 13895-13895 FoodActivity            com.example.nutrisaur11              D  Updating kcal goal circle directly
2025-09-25 11:27:28.537 13895-13895 FoodActivity            com.example.nutrisaur11              D  Total eaten calories for circle update: 0
2025-09-25 11:27:28.537 13895-13895 FoodActivity            com.example.nutrisaur11              D  FoodActivity Available database fields: [birthday, is_pregnant, muac_category, notes, weight_kg, nutritional_risk, height_cm, sex, municipality, muac_cm, screening_date, bmi_category, name, barangay, email, age, bmi]
2025-09-25 11:27:28.537 13895-13895 FoodActivity            com.example.nutrisaur11              D  Calculated age from birthday '2005-09-25': 20
2025-09-25 11:27:28.537 13895-13895 FoodActivity            com.example.nutrisaur11              D  FoodActivity Weight field lookup - weight_kg: '50', weight: 'null', final: '50'
2025-09-25 11:27:28.537 13895-13895 FoodActivity            com.example.nutrisaur11              D  FoodActivity: Set weight from database: 50
2025-09-25 11:27:28.537 13895-13895 FoodActivity            com.example.nutrisaur11              D  FoodActivity Height field lookup - height_cm: '171', height: 'null', final: '171'
2025-09-25 11:27:28.537 13895-13895 FoodActivity            com.example.nutrisaur11              D  FoodActivity: Set height from database: 171
2025-09-25 11:27:28.537 13895-13895 FoodActivity            com.example.nutrisaur11              D  Created user profile from database data: jsjsh (Age: 20, Weight: 50.0, Height: 171.0, Gender: Male, Activity: Moderate)
2025-09-25 11:27:28.537 13895-13895 CalorieCal...ionService com.example.nutrisaur11              D  Calculated BMR: 1473.75 for jsjsh
2025-09-25 11:27:28.537 13895-13895 CalorieCal...ionService com.example.nutrisaur11              D  Calculated TDEE: 1768.5 (BMR: 1473.75 × Activity: 1.2)
2025-09-25 11:27:28.537 13895-13895 CalorieCal...ionService com.example.nutrisaur11              D  Calculated daily calorie target: 2268 (TDEE: 1768.5 + Adjustment: 500.0)
2025-09-25 11:27:28.537 13895-13895 FoodActivity            com.example.nutrisaur11              D  Calculated daily calorie target: 2268
2025-09-25 11:27:28.537 13895-13895 FoodActivity            com.example.nutrisaur11              D  Kcal Goal Circle Update:
2025-09-25 11:27:28.537 13895-13895 FoodActivity            com.example.nutrisaur11              D    Total Daily Calories: 2268
2025-09-25 11:27:28.537 13895-13895 FoodActivity            com.example.nutrisaur11              D    Total Eaten Calories: 0
2025-09-25 11:27:28.537 13895-13895 FoodActivity            com.example.nutrisaur11              D    Calories Left: 2268
2025-09-25 11:27:28.537 13895-13895 FoodActivity            com.example.nutrisaur11              D    Progress Percent: 0.0%
2025-09-25 11:27:28.538 13895-13895 FoodActivity            com.example.nutrisaur11              D  Updating macronutrient data directly
2025-09-25 11:27:28.538 13895-13895 FoodActivity            com.example.nutrisaur11              D  FoodActivity Available database fields: [birthday, is_pregnant, muac_category, notes, weight_kg, nutritional_risk, height_cm, sex, municipality, muac_cm, screening_date, bmi_category, name, barangay, email, age, bmi]
2025-09-25 11:27:28.539 13895-13895 FoodActivity            com.example.nutrisaur11              D  Calculated age from birthday '2005-09-25': 20
2025-09-25 11:27:28.539 13895-13895 FoodActivity            com.example.nutrisaur11              D  FoodActivity Weight field lookup - weight_kg: '50', weight: 'null', final: '50'
2025-09-25 11:27:28.539 13895-13895 FoodActivity            com.example.nutrisaur11              D  FoodActivity: Set weight from database: 50
2025-09-25 11:27:28.539 13895-13895 FoodActivity            com.example.nutrisaur11              D  FoodActivity Height field lookup - height_cm: '171', height: 'null', final: '171'
2025-09-25 11:27:28.539 13895-13895 FoodActivity            com.example.nutrisaur11              D  FoodActivity: Set height from database: 171
2025-09-25 11:27:28.539 13895-13895 FoodActivity            com.example.nutrisaur11              D  Created user profile from database data: jsjsh (Age: 20, Weight: 50.0, Height: 171.0, Gender: Male, Activity: Moderate)
2025-09-25 11:27:28.539 13895-13895 CalorieCal...ionService com.example.nutrisaur11              D  Calculated BMR: 1473.75 for jsjsh
2025-09-25 11:27:28.539 13895-13895 CalorieCal...ionService com.example.nutrisaur11              D  Calculated TDEE: 1768.5 (BMR: 1473.75 × Activity: 1.2)
2025-09-25 11:27:28.539 13895-13895 CalorieCal...ionService com.example.nutrisaur11              D  Calculated daily calorie target: 2268 (TDEE: 1768.5 + Adjustment: 500.0)
2025-09-25 11:27:28.539 13895-13895 FoodActivity            com.example.nutrisaur11              D  Calculated macro targets - Protein: 124, Carbs: 306, Fat: 60
2025-09-25 11:27:28.539 13895-13895 FoodActivity            com.example.nutrisaur11              D  Macro Update:
2025-09-25 11:27:28.539 13895-13895 FoodActivity            com.example.nutrisaur11              D    Protein: 124/124 (eaten: 0)
2025-09-25 11:27:28.539 13895-13895 FoodActivity            com.example.nutrisaur11              D    Carbs: 306/306 (eaten: 0)
2025-09-25 11:27:28.539 13895-13895 FoodActivity            com.example.nutrisaur11              D    Fat: 60/60 (eaten: 0)
2025-09-25 11:27:28.540 13895-13895 FoodActivity            com.example.nutrisaur11              D  Meal distribution stored
2025-09-25 11:27:28.540 13895-13895 FoodActivity            com.example.nutrisaur11              D  Nutrition data loaded successfully with database user data
2025-09-25 11:27:28.556 13895-13912 OpenGLRenderer          com.example.nutrisaur11              I  Davey! duration=9223131327260ms; Flags=0, FrameTimelineVsyncId=14871805, IntendedVsync=240709593748989, Vsync=240709610415655, InputEventId=0, HandleInputStart=240709616682549, AnimationStart=240709616684007, PerformTraversalsStart=240709616758069, DrawStart=240709621374007, FrameDeadline=240709610415655, FrameInterval=240709616672757, FrameStartTime=16666666, SyncQueued=240709623105986, SyncStart=240709623474736, IssueDrawCommandsStart=240709623664371, SwapBuffers=240709624777653, FrameCompleted=9223372036854775807, DequeueBufferDuration=14584, QueueBufferDuration=1212552, GpuCompleted=9223372036854775807, SwapBuffersCompleted=240709626370517, DisplayPresentTime=0, 
2025-09-25 11:27:28.665 13895-13895 SessionManager          com.example.nutrisaur11              D  User interaction recorded at: 1758770848665
2025-09-25 11:27:28.824 13895-13912 OpenGLRenderer          com.example.nutrisaur11              I  Davey! duration=9223131326979ms; Flags=0, FrameTimelineVsyncId=-1, IntendedVsync=240709874977340, Vsync=240709874985465, InputEventId=519889922, HandleInputStart=240709875027028, AnimationStart=240709876680153, PerformTraversalsStart=240709876927132, DrawStart=240709877149319, FrameDeadline=-9223372036838109143, FrameInterval=240709874985465, FrameStartTime=16666666, SyncQueued=240709877687444, SyncStart=240709877780309, IssueDrawCommandsStart=240709878869163, SwapBuffers=240709883216923, FrameCompleted=9223372036854775807, DequeueBufferDuration=54063, QueueBufferDuration=1267813, GpuCompleted=9223372036854775807, SwapBuffersCompleted=240709885450361, DisplayPresentTime=0, 
2025-09-25 11:27:28.840 13895-13912 OpenGLRenderer          com.example.nutrisaur11              I  Davey! duration=9223131326961ms; Flags=0, FrameTimelineVsyncId=14871834, IntendedVsync=240709893408582, Vsync=240709893408582, InputEventId=274289024, HandleInputStart=240709894418694, AnimationStart=240709895937653, PerformTraversalsStart=240709896082392, DrawStart=240709896297340, FrameDeadline=240709926741914, FrameInterval=240709894386090, FrameStartTime=16666666, SyncQueued=240709896804163, SyncStart=240709897033955, IssueDrawCommandsStart=240709898271819, SwapBuffers=240709902583694, FrameCompleted=9223372036854775807, DequeueBufferDuration=52136, QueueBufferDuration=995625, GpuCompleted=9223372036854775807, SwapBuffersCompleted=240709904414111, DisplayPresentTime=0, 
2025-09-25 11:27:29.435 13895-13895 SessionManager          com.example.nutrisaur11              D  User interaction recorded at: 1758770849435
2025-09-25 11:27:29.517 13895-13895 FoodActivity            com.example.nutrisaur11              D  Soup card clicked
2025-09-25 11:27:29.518 13895-13895 FoodActivity            com.example.nutrisaur11              D  Selected food category: Soup
2025-09-25 11:27:29.518 13895-13895 FoodActivity            com.example.nutrisaur11              D  Passing user data to FoodCategoryActivity: jsjsh (BMI: )
2025-09-25 11:27:29.541 13895-13914 OpenGLRenderer          com.example.nutrisaur11              I  Davey! duration=9223131326277ms; Flags=0, FrameTimelineVsyncId=14871904, IntendedVsync=240710577251711, Vsync=240710577251711, InputEventId=449550783, HandleInputStart=240710579223173, AnimationStart=240710579227600, PerformTraversalsStart=240710579230413, DrawStart=240710579362600, FrameDeadline=240710610585043, FrameInterval=240710579197340, FrameStartTime=16666666, SyncQueued=240710590949423, SyncStart=240710591148069, IssueDrawCommandsStart=240710592658902, SwapBuffers=240710607876611, FrameCompleted=9223372036854775807, DequeueBufferDuration=58698, QueueBufferDuration=1450260, GpuCompleted=9223372036854775807, SwapBuffersCompleted=240710609976611, DisplayPresentTime=0, 
2025-09-25 11:27:29.550 13895-13895 SessionManager          com.example.nutrisaur11              D  User interaction recorded at: 1758770849550
2025-09-25 11:27:29.554 13895-13895 SessionManager          com.example.nutrisaur11              D  User marked as idle
2025-09-25 11:27:29.574 13895-13895 SessionManager          com.example.nutrisaur11              D  User interaction recorded at: 1758770849574
2025-09-25 11:27:29.574 13895-13895 SessionManager          com.example.nutrisaur11              D  No recent valid session found, validating in background
2025-09-25 11:27:29.574 13895-13895 SessionManager          com.example.nutrisaur11              D  Using cached session validation result: false
2025-09-25 11:27:29.575 13895-13943 CommunityUserManager    com.example.nutrisaur11              D  === GETTING CURRENT USER DATA FROM DATABASE ===
2025-09-25 11:27:29.575 13895-13943 CommunityUserManager    com.example.nutrisaur11              D  Making API request to: https://nutrisaur-production.up.railway.app/api/DatabaseAPI.php?action=get_community_user_data
2025-09-25 11:27:29.575 13895-13943 CommunityUserManager    com.example.nutrisaur11              D  Request data: {"email":"uehwhzueje@ss.e"}
2025-09-25 11:27:29.575 13895-13895 IS_CTS_MODE             com.example.nutrisaur11              D  false
2025-09-25 11:27:29.575 13895-13895 MULTI_WIND...CH_ENABLED com.example.nutrisaur11              D  false
2025-09-25 11:27:29.577 13895-13895 DecorView[]             com.example.nutrisaur11              D  getWindowModeFromSystem  windowmode is 1
2025-09-25 11:27:29.630 13895-13895 DailyResetManager       com.example.nutrisaur11              D  Same day, no reset needed. Current: 2025-09-25
2025-09-25 11:27:29.630 13895-13895 FoodCategoryActivity    com.example.nutrisaur11              D  Date navigation initialized with passed date: 2025-09-25
2025-09-25 11:27:29.630 13895-13895 FoodCategoryActivity    com.example.nutrisaur11              D  Using passed date from FoodActivity: 2025-09-25
2025-09-25 11:27:29.630 13895-13895 FoodCategoryActivity    com.example.nutrisaur11              D  FoodCategoryActivity initialized for category: Soup, date: 2025-09-25
2025-09-25 11:27:29.630 13895-13895 FoodCategoryActivity    com.example.nutrisaur11              D  Received user data from database: jsjsh (BMI: )
2025-09-25 11:27:29.635 13895-13895 FoodCategoryActivity    com.example.nutrisaur11              D  Creating user profile from community_users table data...
2025-09-25 11:27:29.635 13895-13895 FoodCategoryActivity    com.example.nutrisaur11              D  Calculated age from birthday '2005-09-25': 20
2025-09-25 11:27:29.635 13895-13895 FoodCategoryActivity    com.example.nutrisaur11              D  Database user data: name=jsjsh, age=20, weight=50.0, height=171.0, gender=Male
2025-09-25 11:27:29.635 13895-13895 FoodCategoryActivity    com.example.nutrisaur11              D  Created user profile from database data: jsjsh (BMI: 17.09927841045108)
2025-09-25 11:27:29.637 13895-13895 CalorieCal...ionService com.example.nutrisaur11              D  Calculated BMR: 1473.75 for jsjsh
2025-09-25 11:27:29.638 13895-13895 CalorieCal...ionService com.example.nutrisaur11              D  Calculated TDEE: 2284.3125 (BMR: 1473.75 × Activity: 1.55)
2025-09-25 11:27:29.638 13895-13895 CalorieCal...ionService com.example.nutrisaur11              D  Calculated daily calorie target: 2784 (TDEE: 2284.3125 + Adjustment: 500.0)
2025-09-25 11:27:29.638 13895-13895 CalorieCal...ionService com.example.nutrisaur11              D  Calculated meal distribution: Breakfast=696, Lunch=974, Dinner=835, Snacks=278
2025-09-25 11:27:29.638 13895-13895 FoodCategoryActivity    com.example.nutrisaur11              D  Set meal distribution - Breakfast: 696, Lunch: 974, Dinner: 835, Snacks: 278
2025-09-25 11:27:29.638 13895-13895 FoodCategoryActivity    com.example.nutrisaur11              D  setActiveTab() called with tab: recent
2025-09-25 11:27:29.639 13895-13895 FoodCategoryActivity    com.example.nutrisaur11              D  Tab data cleared, switching to: recent
2025-09-25 11:27:29.663  3030-3326  ActivityManagerWrapper  com.miui.home                        E  getRecentTasks: taskId=9352   userId=0   baseIntent=Intent { act=android.intent.action.MAIN cat=[android.intent.category.LAUNCHER] flg=0x10000000 cmp=com.example.nutrisaur11/.MainActivity }
2025-09-25 11:27:29.723 13895-13895 GeminiCacheManager      com.example.nutrisaur11              D  Found valid cached recommendations for Soup on 2025-09-25
2025-09-25 11:27:29.724 13895-13895 FoodCategoryActivity    com.example.nutrisaur11              D  Using cached recommendations for Soup
2025-09-25 11:27:29.724 13895-13895 FoodCategoryActivity    com.example.nutrisaur11              D  Loading initial data for category: Soup
2025-09-25 11:27:29.751 13895-13895 GeminiCacheManager      com.example.nutrisaur11              D  Found valid cached recommendations for Soup on 2025-09-25
2025-09-25 11:27:29.751 13895-13895 FoodCategoryActivity    com.example.nutrisaur11              D  Using cached recommendations for Soup
2025-09-25 11:27:29.755 13895-13895 SessionManager          com.example.nutrisaur11              D  User interaction recorded at: 1758770849755
2025-09-25 11:27:29.755 13895-13895 SessionManager          com.example.nutrisaur11              D  No recent valid session found, validating in background
2025-09-25 11:27:29.755 13895-13895 SessionManager          com.example.nutrisaur11              D  Using cached session validation result: false
2025-09-25 11:27:29.772 13895-13912 OpenGLRenderer          com.example.nutrisaur11              I  Davey! duration=9223131326211ms; Flags=0, FrameTimelineVsyncId=14871914, IntendedVsync=240710643610029, Vsync=240710826943355, InputEventId=0, HandleInputStart=240710837447236, AnimationStart=240710837448694, PerformTraversalsStart=240710837449788, DrawStart=240710837506611, FrameDeadline=240710660276695, FrameInterval=240710837436871, FrameStartTime=16666666, SyncQueued=240710838091663, SyncStart=240710838129788, IssueDrawCommandsStart=240710838313590, SwapBuffers=240710839339006, FrameCompleted=9223372036854775807, DequeueBufferDuration=13802, QueueBufferDuration=553020, GpuCompleted=9223372036854775807, SwapBuffersCompleted=240710840163329, DisplayPresentTime=0, 
2025-09-25 11:27:29.798 13895-13895 FoodCategoryActivity    com.example.nutrisaur11              D  Loaded 9 cached foods for Soup
2025-09-25 11:27:29.798 13895-13895 FoodCategoryActivity    com.example.nutrisaur11              D  Loaded 9 cached foods for Soup
2025-09-25 11:27:29.798 13895-13895 DecorView[]             com.example.nutrisaur11              D  onWindowFocusChanged hasWindowFocus false
2025-09-25 11:27:29.904 13895-13895 SessionManager          com.example.nutrisaur11              D  User marked as idle
2025-09-25 11:27:29.907 13895-13895 DecorView[]             com.example.nutrisaur11              D  onWindowFocusChanged hasWindowFocus true
2025-09-25 11:27:30.080 13895-13943 CommunityUserManager    com.example.nutrisaur11              D  API response code: 200
2025-09-25 11:27:30.081 13895-13943 CommunityUserManager    com.example.nutrisaur11              D  API response message: 
2025-09-25 11:27:30.087 13895-13943 CommunityUserManager    com.example.nutrisaur11              D  API response for get_community_user_data: {"success":true,"message":"User data retrieved successfully","user":{"name":"jsjsh","email":"uehwhzueje@ss.e","municipality":"MARIVELES","barangay":"Alion","sex":"Male","birthday":"2005-09-25","age":"","is_pregnant":"N\/A","weight":"50","height":"171","muac_cm":"","bmi":"","bmi_category":"","muac_category":"","screening_date":"2025-09-24 17:30:05","screened_by":"","notes":"","status":"","created_at":"","updated_at":""}}
2025-09-25 11:27:30.087 13895-13943 CommunityUserManager    com.example.nutrisaur11              D  Retrieved user data from database:
2025-09-25 11:27:30.087 13895-13943 CommunityUserManager    com.example.nutrisaur11              D    birthday: 2005-09-25
2025-09-25 11:27:30.088 13895-13943 CommunityUserManager    com.example.nutrisaur11              D    is_pregnant: N/A
2025-09-25 11:27:30.088 13895-13943 CommunityUserManager    com.example.nutrisaur11              D    muac_category: 
2025-09-25 11:27:30.088 13895-13943 CommunityUserManager    com.example.nutrisaur11              D    notes: 
2025-09-25 11:27:30.088 13895-13943 CommunityUserManager    com.example.nutrisaur11              D    weight_kg: 50
2025-09-25 11:27:30.088 13895-13943 CommunityUserManager    com.example.nutrisaur11              D    nutritional_risk: 
2025-09-25 11:27:30.088 13895-13943 CommunityUserManager    com.example.nutrisaur11              D    height_cm: 171
2025-09-25 11:27:30.088 13895-13943 CommunityUserManager    com.example.nutrisaur11              D    sex: Male
2025-09-25 11:27:30.088 13895-13943 CommunityUserManager    com.example.nutrisaur11              D    municipality: MARIVELES
2025-09-25 11:27:30.088 13895-13943 CommunityUserManager    com.example.nutrisaur11              D    muac_cm: 
2025-09-25 11:27:30.088 13895-13943 CommunityUserManager    com.example.nutrisaur11              D    screening_date: 2025-09-24 17:30:05
2025-09-25 11:27:30.088 13895-13943 CommunityUserManager    com.example.nutrisaur11              D    bmi_category: 
2025-09-25 11:27:30.088 13895-13943 CommunityUserManager    com.example.nutrisaur11              D    name: jsjsh
2025-09-25 11:27:30.088 13895-13943 CommunityUserManager    com.example.nutrisaur11              D    barangay: Alion
2025-09-25 11:27:30.088 13895-13943 CommunityUserManager    com.example.nutrisaur11              D    email: uehwhzueje@ss.e
2025-09-25 11:27:30.088 13895-13943 CommunityUserManager    com.example.nutrisaur11              D    age: 
2025-09-25 11:27:30.088 13895-13943 CommunityUserManager    com.example.nutrisaur11              D    bmi: 
2025-09-25 11:27:30.088 13895-13943 CommunityUserManager    com.example.nutrisaur11              D  Essential user data found for personalization
2025-09-25 11:27:30.088 13895-13943 SessionManager          com.example.nutrisaur11              D  User exists and is valid: uehwhzueje@ss.e
2025-09-25 11:27:30.088 13895-13943 CommunityUserManager    com.example.nutrisaur11              D  === GETTING CURRENT USER DATA FROM DATABASE ===
2025-09-25 11:27:30.088 13895-13943 CommunityUserManager    com.example.nutrisaur11              D  Making API request to: https://nutrisaur-production.up.railway.app/api/DatabaseAPI.php?action=get_community_user_data
2025-09-25 11:27:30.089 13895-13895 SessionManager          com.example.nutrisaur11              D  Background validation successful
2025-09-25 11:27:30.089 13895-13943 CommunityUserManager    com.example.nutrisaur11              D  Request data: {"email":"uehwhzueje@ss.e"}
2025-09-25 11:27:30.372 13895-13943 CommunityUserManager    com.example.nutrisaur11              D  API response code: 200
2025-09-25 11:27:30.372 13895-13943 CommunityUserManager    com.example.nutrisaur11              D  API response message: 
2025-09-25 11:27:30.374 13895-13943 CommunityUserManager    com.example.nutrisaur11              D  API response for get_community_user_data: {"success":true,"message":"User data retrieved successfully","user":{"name":"jsjsh","email":"uehwhzueje@ss.e","municipality":"MARIVELES","barangay":"Alion","sex":"Male","birthday":"2005-09-25","age":"","is_pregnant":"N\/A","weight":"50","height":"171","muac_cm":"","bmi":"","bmi_category":"","muac_category":"","screening_date":"2025-09-24 17:30:05","screened_by":"","notes":"","status":"","created_at":"","updated_at":""}}
2025-09-25 11:27:30.374 13895-13943 CommunityUserManager    com.example.nutrisaur11              D  Retrieved user data from database:
2025-09-25 11:27:30.374 13895-13943 CommunityUserManager    com.example.nutrisaur11              D    birthday: 2005-09-25
2025-09-25 11:27:30.375 13895-13943 CommunityUserManager    com.example.nutrisaur11              D    is_pregnant: N/A
2025-09-25 11:27:30.375 13895-13943 CommunityUserManager    com.example.nutrisaur11              D    muac_category: 
2025-09-25 11:27:30.375 13895-13943 CommunityUserManager    com.example.nutrisaur11              D    notes: 
2025-09-25 11:27:30.375 13895-13943 CommunityUserManager    com.example.nutrisaur11              D    weight_kg: 50
2025-09-25 11:27:30.375 13895-13943 CommunityUserManager    com.example.nutrisaur11              D    nutritional_risk: 
2025-09-25 11:27:30.375 13895-13943 CommunityUserManager    com.example.nutrisaur11              D    height_cm: 171
2025-09-25 11:27:30.375 13895-13943 CommunityUserManager    com.example.nutrisaur11              D    sex: Male
2025-09-25 11:27:30.375 13895-13943 CommunityUserManager    com.example.nutrisaur11              D    municipality: MARIVELES
2025-09-25 11:27:30.375 13895-13943 CommunityUserManager    com.example.nutrisaur11              D    muac_cm: 
2025-09-25 11:27:30.375 13895-13943 CommunityUserManager    com.example.nutrisaur11              D    screening_date: 2025-09-24 17:30:05
2025-09-25 11:27:30.375 13895-13943 CommunityUserManager    com.example.nutrisaur11              D    bmi_category: 
2025-09-25 11:27:30.375 13895-13943 CommunityUserManager    com.example.nutrisaur11              D    name: jsjsh
2025-09-25 11:27:30.375 13895-13943 CommunityUserManager    com.example.nutrisaur11              D    barangay: Alion
2025-09-25 11:27:30.375 13895-13943 CommunityUserManager    com.example.nutrisaur11              D    email: uehwhzueje@ss.e
2025-09-25 11:27:30.375 13895-13943 CommunityUserManager    com.example.nutrisaur11              D    age: 
2025-09-25 11:27:30.375 13895-13943 CommunityUserManager    com.example.nutrisaur11              D    bmi: 
2025-09-25 11:27:30.375 13895-13943 CommunityUserManager    com.example.nutrisaur11              D  Essential user data found for personalization
2025-09-25 11:27:30.375 13895-13943 SessionManager          com.example.nutrisaur11              D  User exists and is valid: uehwhzueje@ss.e
2025-09-25 11:27:30.376 13895-13895 SessionManager          com.example.nutrisaur11              D  Background validation successful
2025-09-25 11:27:30.547 13895-14032 ProfileInstaller        com.example.nutrisaur11              D  Installing profile for com.example.nutrisaur11
2025-09-25 11:27:30.838 13895-13895 SessionManager          com.example.nutrisaur11              D  User interaction recorded at: 1758770850838
2025-09-25 11:27:30.910 13895-13895 FoodItemAdapter         com.example.nutrisaur11              D  Plus button clicked for: Sinigang na Baboy (Pork in Tamarind Broth), isCategoryActivity: true
2025-09-25 11:27:30.910 13895-13895 FoodItemAdapter         com.example.nutrisaur11              D  Showing meal time selection modal
2025-09-25 11:27:30.910 13895-13895 FoodItemAdapter         com.example.nutrisaur11              D  showMealTimeSelectionModal called for: Sinigang na Baboy (Pork in Tamarind Broth)
2025-09-25 11:27:30.915 13895-13895 FoodItemAdapter         com.example.nutrisaur11              D  MealTimeSelectionDialog shown
2025-09-25 11:27:30.950 13895-13895 IS_CTS_MODE             com.example.nutrisaur11              D  false
2025-09-25 11:27:30.951 13895-13895 MULTI_WIND...CH_ENABLED com.example.nutrisaur11              D  false
2025-09-25 11:27:31.008 13895-13914 OpenGLRenderer          com.example.nutrisaur11              I  Davey! duration=9223131324810ms; Flags=1, FrameTimelineVsyncId=14872032, IntendedVsync=240712043720163, Vsync=240712043720163, InputEventId=0, HandleInputStart=240712044709527, AnimationStart=240712044711246, PerformTraversalsStart=240712044712287, DrawStart=240712062506506, FrameDeadline=240712060386829, FrameInterval=240712044699058, FrameStartTime=16666666, SyncQueued=240712064232079, SyncStart=240712064346193, IssueDrawCommandsStart=240712064458537, SwapBuffers=240712070928745, FrameCompleted=9223372036854775807, DequeueBufferDuration=15781, QueueBufferDuration=1386042, GpuCompleted=9223372036854775807, SwapBuffersCompleted=240712072720516, DisplayPresentTime=0, 
2025-09-25 11:27:31.019 13895-13895 DecorView[]             com.example.nutrisaur11              D  onWindowFocusChanged hasWindowFocus false
2025-09-25 11:27:31.037 13895-13895 DecorView[]             com.example.nutrisaur11              D  onWindowFocusChanged hasWindowFocus true
2025-09-25 11:27:31.672 13895-13895 FoodItemAdapter         com.example.nutrisaur11              D  Meal time selected: Breakfast
2025-09-25 11:27:31.672 13895-13895 FoodItemAdapter         com.example.nutrisaur11              D  addFoodToSelectedMealTime: Sinigang na Baboy (Pork in Tamarind Broth) -> Breakfast
2025-09-25 11:27:31.701 13895-13895 AddedFoodManager        com.example.nutrisaur11              D  Added Sinigang na Baboy (Pork in Tamarind Broth) to Breakfast on 2025-09-25 (synced to both storage systems)
2025-09-25 11:27:31.705 13895-13895 CalorieCal...ionService com.example.nutrisaur11              D  Calculated BMR: 1473.75 for jsjsh
2025-09-25 11:27:31.705 13895-13895 CalorieCal...ionService com.example.nutrisaur11              D  Calculated TDEE: 2284.3125 (BMR: 1473.75 × Activity: 1.55)
2025-09-25 11:27:31.705 13895-13895 CalorieCal...ionService com.example.nutrisaur11              D  Calculated daily calorie target: 2784 (TDEE: 2284.3125 + Adjustment: 500.0)
2025-09-25 11:27:31.705 13895-13895 CalorieCal...ionService com.example.nutrisaur11              D  Calculated meal distribution: Breakfast=696, Lunch=974, Dinner=835, Snacks=278
2025-09-25 11:27:31.709 13895-13895 CalorieTracker          com.example.nutrisaur11              D  Added Sinigang na Baboy (Pork in Tamarind Broth) to Breakfast for date 2025-09-25. Calories: 350/696 kcal
2025-09-25 11:27:31.710 13895-13895 FoodCategoryActivity    com.example.nutrisaur11              D  Calorie changed in Soup category
2025-09-25 11:27:31.715 13895-13895 AddedFoodManager        com.example.nutrisaur11              D  getDailyFoods returned: 3 meal categories for 2025-09-25
2025-09-25 11:27:31.715 13895-13895 AddedFoodManager        com.example.nutrisaur11              D  Meal category Breakfast has 1 foods
2025-09-25 11:27:31.715 13895-13895 AddedFoodManager        com.example.nutrisaur11              D    - Sinigang na Baboy (Pork in Tamarind Broth) in Breakfast
2025-09-25 11:27:31.715 13895-13895 AddedFoodManager        com.example.nutrisaur11              D  Meal category Lunch has 0 foods
2025-09-25 11:27:31.715 13895-13895 AddedFoodManager        com.example.nutrisaur11              D  Meal category Dinner has 0 foods
2025-09-25 11:27:31.715 13895-13895 AddedFoodManager        com.example.nutrisaur11              D  Retrieved 1 foods from NEW daily storage for 2025-09-25
2025-09-25 11:27:31.715 13895-13895 CalorieTracker          com.example.nutrisaur11              D  Syncing with 2 added foods for date: 2025-09-25
2025-09-25 11:27:31.716 13895-13895 CalorieTracker          com.example.nutrisaur11              D    Daily foods: 1
2025-09-25 11:27:31.716 13895-13895 CalorieTracker          com.example.nutrisaur11              D    Historical foods: 1
2025-09-25 11:27:31.716 13895-13895 CalorieTracker          com.example.nutrisaur11              D  Cleared SharedPreferences user profile cache to force fresh database data
2025-09-25 11:27:31.716 13895-13895 CalorieTracker          com.example.nutrisaur11              W  No user profile found in SharedPreferences - will use database data
2025-09-25 11:27:31.716 13895-13895 CalorieTracker          com.example.nutrisaur11              D  Using user profile from SharedPreferences
2025-09-25 11:27:31.716 13895-13895 CalorieTracker          com.example.nutrisaur11              W  No user profile found, using default meal distribution
2025-09-25 11:27:31.716 13895-13895 CalorieTracker          com.example.nutrisaur11              D  Calculated meal distribution: {Breakfast=500, Dinner=600, Snacks=200, Lunch=700}
2025-09-25 11:27:31.716 13895-13895 CalorieTracker          com.example.nutrisaur11              D  Created Breakfast meal with 500 max calories
2025-09-25 11:27:31.716 13895-13895 CalorieTracker          com.example.nutrisaur11              D  Added Sinigang na Baboy (Pork in Tamarind Broth) (350 cal) to Breakfast for date 2025-09-25
2025-09-25 11:27:31.716 13895-13895 CalorieTracker          com.example.nutrisaur11              D  Added Sinigang na Baboy (Pork in Tamarind Broth) (350 cal) to Breakfast for date 2025-09-25
2025-09-25 11:27:31.723 13895-13895 CalorieTracker          com.example.nutrisaur11              D  Synced CalorieTracker with AddedFoodManager for date 2025-09-25. Total meals: 1
2025-09-25 11:27:31.723 13895-13895 CalorieTracker          com.example.nutrisaur11              D  Meal Breakfast: 700/500 kcal
2025-09-25 11:27:31.723 13895-13895 FoodCategoryActivity    com.example.nutrisaur11              D  Forced CalorieTracker sync after food addition
2025-09-25 11:27:31.723 13895-13895 FoodItemAdapter         com.example.nutrisaur11              D  Added Sinigang na Baboy (Pork in Tamarind Broth) to Breakfast with max calories: 696
2025-09-25 11:27:31.771 13895-13895 DecorView[]             com.example.nutrisaur11              D  onWindowFocusChanged hasWindowFocus true
2025-09-25 11:27:32.593 13895-13895 SessionManager          com.example.nutrisaur11              D  User interaction recorded at: 1758770852593
2025-09-25 11:27:32.666 13895-13895 FoodCategoryActivity    com.example.nutrisaur11              D  Back button clicked
2025-09-25 11:27:32.700 13895-13895 SessionManager          com.example.nutrisaur11              D  User marked as idle
2025-09-25 11:27:32.727 13895-13895 SessionManager          com.example.nutrisaur11              D  User interaction recorded at: 1758770852727
2025-09-25 11:27:32.727 13895-13895 SessionManager          com.example.nutrisaur11              D  No recent valid session found, validating in background
2025-09-25 11:27:32.727 13895-13895 SessionManager          com.example.nutrisaur11              D  Using cached session validation result: false
2025-09-25 11:27:32.728 13895-13895 FoodActivity            com.example.nutrisaur11              D  FoodActivity onResume - refreshing meal progress
2025-09-25 11:27:32.728 13895-13895 FoodActivity            com.example.nutrisaur11              D  Refreshing meal progress on resume
2025-09-25 11:27:32.728 13895-13895 FoodActivity            com.example.nutrisaur11              D  Syncing CalorieTracker with AddedFoodManager for date: 2025-09-25
2025-09-25 11:27:32.733 13895-13895 AddedFoodManager        com.example.nutrisaur11              D  getDailyFoods returned: 3 meal categories for 2025-09-25
2025-09-25 11:27:32.733 13895-13895 AddedFoodManager        com.example.nutrisaur11              D  Meal category Breakfast has 1 foods
2025-09-25 11:27:32.733 13895-13895 AddedFoodManager        com.example.nutrisaur11              D    - Sinigang na Baboy (Pork in Tamarind Broth) in Breakfast
2025-09-25 11:27:32.733 13895-13895 AddedFoodManager        com.example.nutrisaur11              D  Meal category Lunch has 0 foods
2025-09-25 11:27:32.733 13895-13895 AddedFoodManager        com.example.nutrisaur11              D  Meal category Dinner has 0 foods
2025-09-25 11:27:32.733 13895-13895 AddedFoodManager        com.example.nutrisaur11              D  Retrieved 1 foods from NEW daily storage for 2025-09-25
2025-09-25 11:27:32.733 13895-13895 CalorieTracker          com.example.nutrisaur11              D  Syncing with 2 added foods for date: 2025-09-25
2025-09-25 11:27:32.733 13895-13895 CalorieTracker          com.example.nutrisaur11              D    Daily foods: 1
2025-09-25 11:27:32.733 13895-13895 CalorieTracker          com.example.nutrisaur11              D    Historical foods: 1
2025-09-25 11:27:32.733 13895-13895 CalorieTracker          com.example.nutrisaur11              D  Available database fields: [birthday, is_pregnant, muac_category, notes, weight_kg, nutritional_risk, height_cm, sex, municipality, muac_cm, screening_date, bmi_category, name, barangay, email, age, bmi]
2025-09-25 11:27:32.734 13895-13943 CommunityUserManager    com.example.nutrisaur11              D  === GETTING CURRENT USER DATA FROM DATABASE ===
2025-09-25 11:27:32.734 13895-13943 CommunityUserManager    com.example.nutrisaur11              D  Making API request to: https://nutrisaur-production.up.railway.app/api/DatabaseAPI.php?action=get_community_user_data
2025-09-25 11:27:32.734 13895-13943 CommunityUserManager    com.example.nutrisaur11              D  Request data: {"email":"uehwhzueje@ss.e"}
2025-09-25 11:27:32.735 13895-13895 CalorieTracker          com.example.nutrisaur11              D  Calculated age from birthday '2005-09-25': 20
2025-09-25 11:27:32.735 13895-13895 CalorieTracker          com.example.nutrisaur11              D  Weight field lookup - weight_kg: '50', weight: 'null', final: '50'
2025-09-25 11:27:32.735 13895-13895 CalorieTracker          com.example.nutrisaur11              D  Set weight from database: 50
2025-09-25 11:27:32.735 13895-13895 CalorieTracker          com.example.nutrisaur11              D  Height field lookup - height_cm: '171', height: 'null', final: '171'
2025-09-25 11:27:32.735 13895-13895 CalorieTracker          com.example.nutrisaur11              D  Set height from database: 171
2025-09-25 11:27:32.735 13895-13895 CalorieTracker          com.example.nutrisaur11              D  Created user profile from database data: jsjsh (Age: 20, Weight: 50.0, Height: 171.0, Gender: Male, Activity: Moderate)
