2025-10-13 10:24:03.597 16860-16860 SessionManager          com.example.nutrisaur11              D  User interaction recorded at: 1760322243597
2025-10-13 10:24:03.656 16860-16860 FoodActivity            com.example.nutrisaur11              D  MHO Recommended card clicked
2025-10-13 10:24:03.657 16860-16860 FoodActivity            com.example.nutrisaur11              D  showMHORecommendedFoods called
2025-10-13 10:24:03.659 16860-16860 IS_CTS_MODE             com.example.nutrisaur11              D  false
2025-10-13 10:24:03.659 16860-16860 MULTI_WIND...CH_ENABLED com.example.nutrisaur11              D  false
2025-10-13 10:24:03.757 16860-16860 DecorView[]             com.example.nutrisaur11              D  onWindowFocusChanged hasWindowFocus false
2025-10-13 10:24:03.792 16860-16860 DecorView[]             com.example.nutrisaur11              D  onWindowFocusChanged hasWindowFocus true
2025-10-13 10:24:04.221 16860-17478 ApiClient               com.example.nutrisaur11              D  MHO Recommended Foods response: {"success":true,"message":"Recommended foods retrieved successfully","data":{"Breakfast":[{"id":4,"day_number":1,"meal_category":"Breakfast","food_name":"meow","calories":20,"serving_size":"meow","protein":"20.00","carbs":"20.00","fat":"20.00","fiber":"20.00","emoji":"\ud83c\udf7d\ufe0f","classification":"bmi-for-age-underweight","plan_duration":"7","is_added":true,"date":"2025-10-13"}]},"count":1,"user_classification":null}
2025-10-13 10:24:04.298 16860-16860 SessionManager          com.example.nutrisaur11              D  User interaction recorded at: 1760322244298
2025-10-13 10:24:04.301 16860-16860 SessionManager          com.example.nutrisaur11              D  User marked as idle
2025-10-13 10:24:04.312 16860-16860 DecorView[]             com.example.nutrisaur11              D  onWindowFocusChanged hasWindowFocus true
2025-10-13 10:24:04.326 16860-16860 SessionManager          com.example.nutrisaur11              D  User interaction recorded at: 1760322244326
2025-10-13 10:24:04.326 16860-16860 SessionManager          com.example.nutrisaur11              D  === REAL-TIME SESSION VALIDATION ===
2025-10-13 10:24:04.326 16860-16860 SessionManager          com.example.nutrisaur11              D  No recent valid session found, performing real-time database check
2025-10-13 10:24:04.327 16860-16860 SessionManager          com.example.nutrisaur11              D  Checking user existence in database: kevinpingol123@gmail.com
2025-10-13 10:24:04.327 16860-16860 CommunityUserManager    com.example.nutrisaur11              D  === GETTING CURRENT USER DATA FROM DATABASE (ASYNC) ===
2025-10-13 10:24:04.327 16860-16860 CommunityUserManager    com.example.nutrisaur11              D  Retrieved cached user data for: kevinpingol123@gmail.com
2025-10-13 10:24:04.327 16860-16860 CommunityUserManager    com.example.nutrisaur11              D  Returning cached user data
2025-10-13 10:24:04.328 16860-16860 SessionManager          com.example.nutrisaur11              D  Database check completed in 0ms
2025-10-13 10:24:04.328 16860-16860 SessionManager          com.example.nutrisaur11              D  User exists and is valid: kevinpingol123@gmail.com
2025-10-13 10:24:04.328 16860-16860 SessionManager          com.example.nutrisaur11              D  Real-time validation successful
2025-10-13 10:24:04.328 16860-16860 IS_CTS_MODE             com.example.nutrisaur11              D  false
2025-10-13 10:24:04.329 16860-16860 MULTI_WIND...CH_ENABLED com.example.nutrisaur11              D  false
2025-10-13 10:24:04.330 16860-16860 DecorView[]             com.example.nutrisaur11              D  getWindowModeFromSystem  windowmode is 1
2025-10-13 10:24:04.354 16860-16860 DailyResetManager       com.example.nutrisaur11              D  Same day, no reset needed. Current: 2025-10-13
2025-10-13 10:24:04.354 16860-16860 FoodLoggingActivity     com.example.nutrisaur11              D  Custom ingredient from intent: null
2025-10-13 10:24:04.354 16860-16860 FoodLoggingActivity     com.example.nutrisaur11              D  FoodLoggingActivity initialized for date: 2025-10-13
2025-10-13 10:24:04.354 16860-16860 FoodLoggingActivity     com.example.nutrisaur11              W  No user data received from FoodActivity, will use SharedPreferences fallback
2025-10-13 10:24:04.357 16860-16860 CalorieTracker          com.example.nutrisaur11              D  Syncing with 1 added foods for date: 2025-10-13
2025-10-13 10:24:04.357 16860-16860 CalorieTracker          com.example.nutrisaur11              D    Daily foods: 1
2025-10-13 10:24:04.357 16860-16860 CalorieTracker          com.example.nutrisaur11              D  Cleared SharedPreferences user profile cache to force fresh database data
2025-10-13 10:24:04.357 16860-16860 CalorieTracker          com.example.nutrisaur11              W  No user profile found in SharedPreferences - will use database data
2025-10-13 10:24:04.357 16860-16860 CalorieTracker          com.example.nutrisaur11              D  Using user profile from SharedPreferences
2025-10-13 10:24:04.357 16860-16860 CalorieTracker          com.example.nutrisaur11              W  No user profile found, using default meal distribution
2025-10-13 10:24:04.358 16860-16860 CalorieTracker          com.example.nutrisaur11              D  Calculated meal distribution: {Breakfast=500, Dinner=600, Snacks=200, Lunch=700}
2025-10-13 10:24:04.358 16860-16860 CalorieTracker          com.example.nutrisaur11              D  Created Breakfast meal with 500 max calories
2025-10-13 10:24:04.358 16860-16860 CalorieTracker          com.example.nutrisaur11              D  Added meow (20 cal) to Breakfast for date 2025-10-13
2025-10-13 10:24:04.361 16860-16860 CalorieTracker          com.example.nutrisaur11              D  Synced CalorieTracker with AddedFoodManager for date 2025-10-13. Total meals: 1
2025-10-13 10:24:04.361 16860-16860 CalorieTracker          com.example.nutrisaur11              D  Meal Breakfast: 20/500 kcal
2025-10-13 10:24:04.361 16860-16860 FoodLoggingActivity     com.example.nutrisaur11              W  No database user data available, cannot create user profile
2025-10-13 10:24:04.364 16860-16860 CalorieTracker          com.example.nutrisaur11              D  Syncing with 1 added foods for date: 2025-10-13
2025-10-13 10:24:04.364 16860-16860 CalorieTracker          com.example.nutrisaur11              D    Daily foods: 1
2025-10-13 10:24:04.364 16860-16860 CalorieTracker          com.example.nutrisaur11              D  Cleared SharedPreferences user profile cache to force fresh database data
2025-10-13 10:24:04.364 16860-16860 CalorieTracker          com.example.nutrisaur11              W  No user profile found in SharedPreferences - will use database data
2025-10-13 10:24:04.364 16860-16860 CalorieTracker          com.example.nutrisaur11              D  Using user profile from SharedPreferences
2025-10-13 10:24:04.364 16860-16860 CalorieTracker          com.example.nutrisaur11              W  No user profile found, using default meal distribution
2025-10-13 10:24:04.364 16860-16860 CalorieTracker          com.example.nutrisaur11              D  Calculated meal distribution: {Breakfast=500, Dinner=600, Snacks=200, Lunch=700}
2025-10-13 10:24:04.364 16860-16860 CalorieTracker          com.example.nutrisaur11              D  Created Breakfast meal with 500 max calories
2025-10-13 10:24:04.364 16860-16860 CalorieTracker          com.example.nutrisaur11              D  Added meow (20 cal) to Breakfast for date 2025-10-13
2025-10-13 10:24:04.368 16860-16860 CalorieTracker          com.example.nutrisaur11              D  Synced CalorieTracker with AddedFoodManager for date 2025-10-13. Total meals: 1
2025-10-13 10:24:04.368 16860-16860 CalorieTracker          com.example.nutrisaur11              D  Meal Breakfast: 20/500 kcal
2025-10-13 10:24:04.368 16860-16860 FoodLoggingActivity     com.example.nutrisaur11              D  Creating user profile from community_users table data...
2025-10-13 10:24:04.368 16860-16860 FoodLoggingActivity     com.example.nutrisaur11              E  Error creating user profile from database data: Attempt to invoke interface method 'java.lang.Object java.util.Map.getOrDefault(java.lang.Object, java.lang.Object)' on a null object reference
2025-10-13 10:24:04.368 16860-16860 FoodLoggingActivity     com.example.nutrisaur11              D  Updated meal category text: null
2025-10-13 10:24:04.370 16860-16860 CalorieTracker          com.example.nutrisaur11              D  Syncing with 1 added foods for date: 2025-10-13
2025-10-13 10:24:04.370 16860-16860 CalorieTracker          com.example.nutrisaur11              D    Daily foods: 1
2025-10-13 10:24:04.370 16860-16860 CalorieTracker          com.example.nutrisaur11              D  Cleared SharedPreferences user profile cache to force fresh database data
2025-10-13 10:24:04.371 16860-16860 CalorieTracker          com.example.nutrisaur11              W  No user profile found in SharedPreferences - will use database data
2025-10-13 10:24:04.371 16860-16860 CalorieTracker          com.example.nutrisaur11              D  Using user profile from SharedPreferences
2025-10-13 10:24:04.371 16860-16860 CalorieTracker          com.example.nutrisaur11              W  No user profile found, using default meal distribution
2025-10-13 10:24:04.371 16860-16860 CalorieTracker          com.example.nutrisaur11              D  Calculated meal distribution: {Breakfast=500, Dinner=600, Snacks=200, Lunch=700}
2025-10-13 10:24:04.371 16860-16860 CalorieTracker          com.example.nutrisaur11              D  Created Breakfast meal with 500 max calories
2025-10-13 10:24:04.371 16860-16860 CalorieTracker          com.example.nutrisaur11              D  Added meow (20 cal) to Breakfast for date 2025-10-13
2025-10-13 10:24:04.372 16860-16860 CalorieTracker          com.example.nutrisaur11              D  Synced CalorieTracker with AddedFoodManager for date 2025-10-13. Total meals: 1
2025-10-13 10:24:04.372 16860-16860 CalorieTracker          com.example.nutrisaur11              D  Meal Breakfast: 20/500 kcal
2025-10-13 10:24:04.373 16860-16860 CalorieTracker          com.example.nutrisaur11              E  Error setting meal max calories: key == null
2025-10-13 10:24:04.373 16860-16860 FoodLoggingActivity     com.example.nutrisaur11              D  Loading MHO recommended foods
2025-10-13 10:24:04.373 16860-16860 FoodLoggingActivity     com.example.nutrisaur11              D  Loaded 1 MHO recommended foods from intent
2025-10-13 10:24:04.373 16860-16860 FoodLoggingActivity     com.example.nutrisaur11              D  Set current meal category to: Breakfast
2025-10-13 10:24:04.373 16860-16860 FoodLoggingActivity     com.example.nutrisaur11              D  FoodLoggingActivity created for Breakfast (max 500 kcal)
2025-10-13 10:24:04.373 16860-16860 FoodLoggingActivity     com.example.nutrisaur11              D  Initial food items count: 2
2025-10-13 10:24:04.376 16860-16860 SessionManager          com.example.nutrisaur11              D  User interaction recorded at: 1760322244376
2025-10-13 10:24:04.376 16860-16860 SessionManager          com.example.nutrisaur11              D  === REAL-TIME SESSION VALIDATION ===
2025-10-13 10:24:04.376 16860-16860 SessionManager          com.example.nutrisaur11              D  Using cached valid session
2025-10-13 10:24:04.376 16860-16860 CommunityUserManager    com.example.nutrisaur11              D  === CHECKING ARCHIVE STATUS ===
2025-10-13 10:24:04.376 16860-16860 CommunityUserManager    com.example.nutrisaur11              D  === FORCE REFRESHING USER DATA FROM DATABASE ===
2025-10-13 10:24:04.376 16860-16860 CommunityUserManager    com.example.nutrisaur11              D  Force refreshing data for: kevinpingol123@gmail.com
2025-10-13 10:24:04.377 16860-16860 CommunityUserManager    com.example.nutrisaur11              D  === CHECKING USER EXISTENCE ===
2025-10-13 10:24:04.377 16860-16860 CommunityUserManager    com.example.nutrisaur11              D  === FORCE REFRESHING USER DATA FROM DATABASE ===
2025-10-13 10:24:04.377 16860-16860 CommunityUserManager    com.example.nutrisaur11              D  Force refreshing data for: kevinpingol123@gmail.com
2025-10-13 10:24:04.380 16860-16860 CalorieTracker          com.example.nutrisaur11              D  Syncing with 1 added foods for date: 2025-10-13
2025-10-13 10:24:04.380 16860-16860 CalorieTracker          com.example.nutrisaur11              D    Daily foods: 1
2025-10-13 10:24:04.380 16860-16860 CalorieTracker          com.example.nutrisaur11              D  Cleared SharedPreferences user profile cache to force fresh database data
2025-10-13 10:24:04.380 16860-16860 CalorieTracker          com.example.nutrisaur11              W  No user profile found in SharedPreferences - will use database data
2025-10-13 10:24:04.380 16860-16860 CalorieTracker          com.example.nutrisaur11              D  Using user profile from SharedPreferences
2025-10-13 10:24:04.380 16860-16860 CalorieTracker          com.example.nutrisaur11              W  No user profile found, using default meal distribution
2025-10-13 10:24:04.380 16860-16860 CalorieTracker          com.example.nutrisaur11              D  Calculated meal distribution: {Breakfast=500, Dinner=600, Snacks=200, Lunch=700}
2025-10-13 10:24:04.380 16860-16860 CalorieTracker          com.example.nutrisaur11              D  Created Breakfast meal with 500 max calories
2025-10-13 10:24:04.380 16860-16860 CalorieTracker          com.example.nutrisaur11              D  Added meow (20 cal) to Breakfast for date 2025-10-13
2025-10-13 10:24:04.380 16860-17489 CommunityUserManager    com.example.nutrisaur11              D  Making API request to: https://nutrisaur-production.up.railway.app/api/DatabaseAPI.php?action=get_community_user_data
2025-10-13 10:24:04.380 16860-17489 CommunityUserManager    com.example.nutrisaur11              D  Request data: {"email":"kevinpingol123@gmail.com"}
2025-10-13 10:24:04.381 16860-16860 CalorieTracker          com.example.nutrisaur11              D  Synced CalorieTracker with AddedFoodManager for date 2025-10-13. Total meals: 1
2025-10-13 10:24:04.382 16860-16860 CalorieTracker          com.example.nutrisaur11              D  Meal Breakfast: 20/500 kcal
2025-10-13 10:24:04.382 16860-16860 FoodLoggingActivity     com.example.nutrisaur11              D  Refreshed food data for tab: recent for date: 2025-10-13
2025-10-13 10:24:04.383 16860-17488 CommunityUserManager    com.example.nutrisaur11              D  Making API request to: https://nutrisaur-production.up.railway.app/api/DatabaseAPI.php?action=get_community_user_data
2025-10-13 10:24:04.383 16860-17488 CommunityUserManager    com.example.nutrisaur11              D  Request data: {"email":"kevinpingol123@gmail.com"}
2025-10-13 10:24:04.415  3040-3351  ActivityManagerWrapper  com.miui.home                        E  getRecentTasks: taskId=11057   userId=0   baseIntent=Intent { act=android.intent.action.MAIN cat=[android.intent.category.LAUNCHER] flg=0x10000000 cmp=com.example.nutrisaur11/.SplashActivity }
2025-10-13 10:24:04.418 16860-16860 AddedFoodManager        com.example.nutrisaur11              D  getDailyFoods returned: 1 meal categories for 2025-10-13
2025-10-13 10:24:04.418 16860-16860 AddedFoodManager        com.example.nutrisaur11              D  Meal category Breakfast has 1 foods
2025-10-13 10:24:04.418 16860-16860 AddedFoodManager        com.example.nutrisaur11              D    - meow in Breakfast
2025-10-13 10:24:04.418 16860-16860 AddedFoodManager        com.example.nutrisaur11              D  Retrieved 1 foods from daily storage for 2025-10-13
2025-10-13 10:24:04.418 16860-16860 FoodItemAdapter         com.example.nutrisaur11              D  MHO recommended food - meow isAdded: true
2025-10-13 10:24:04.428 16860-16860 FoodLoggingActivity     com.example.nutrisaur11              D  Loaded 1 recent/recommended foods
2025-10-13 10:24:04.428 16860-16860 FoodLoggingActivity     com.example.nutrisaur11              D  Loaded 1 recent/recommended foods
2025-10-13 10:24:04.429 16860-16860 DecorView[]             com.example.nutrisaur11              D  onWindowFocusChanged hasWindowFocus false
2025-10-13 10:24:04.433 16860-16860 AddedFoodManager        com.example.nutrisaur11              D  getDailyFoods returned: 1 meal categories for 2025-10-13
2025-10-13 10:24:04.433 16860-16860 AddedFoodManager        com.example.nutrisaur11              D  Meal category Breakfast has 1 foods
2025-10-13 10:24:04.433 16860-16860 AddedFoodManager        com.example.nutrisaur11              D    - meow in Breakfast
2025-10-13 10:24:04.433 16860-16860 AddedFoodManager        com.example.nutrisaur11              D  Retrieved 1 foods from daily storage for 2025-10-13
2025-10-13 10:24:04.433 16860-16860 FoodItemAdapter         com.example.nutrisaur11              D  MHO recommended food - meow isAdded: true
2025-10-13 10:24:04.442 16860-17287 OpenGLRenderer          com.example.nutrisaur11              I  Davey! duration=9223355074196ms; Flags=0, FrameTimelineVsyncId=630399, IntendedVsync=16962658579030, Vsync=16962675245696, InputEventId=0, HandleInputStart=16962683871912, AnimationStart=16962683873683, PerformTraversalsStart=16962683992850, DrawStart=16962684045766, FrameDeadline=16962675245696, FrameInterval=16962683860610, FrameStartTime=16666666, SyncQueued=16962685323631, SyncStart=16962685411443, IssueDrawCommandsStart=16962685614204, SwapBuffers=16962686587850, FrameCompleted=9223372036854775807, DequeueBufferDuration=14271, QueueBufferDuration=2111719, GpuCompleted=9223372036854775807, SwapBuffersCompleted=16962689027850, DisplayPresentTime=0, 
2025-10-13 10:24:04.453 16860-16860 SessionManager          com.example.nutrisaur11              D  User marked as idle
2025-10-13 10:24:04.463 16860-16860 DecorView[]             com.example.nutrisaur11              D  onWindowFocusChanged hasWindowFocus true
2025-10-13 10:24:04.750 16860-17488 CommunityUserManager    com.example.nutrisaur11              D  API response code: 200
2025-10-13 10:24:04.750 16860-17488 CommunityUserManager    com.example.nutrisaur11              D  API response message: 
2025-10-13 10:24:04.751 16860-17488 CommunityUserManager    com.example.nutrisaur11              D  API response for get_community_user_data: {"success":true,"message":"User data retrieved successfully","user":{"name":"Pingol , Kevin C.","email":"kevinpingol123@gmail.com","municipality":"DINALUPIHAN","barangay":"Burgos","sex":"Male","birthday":"2005-10-10","is_pregnant":"N\/A","weight":"50","height":"171","screening_date":"2025-10-10 06:47:30","fcm_token":"dDgJr74pRHukYxdkYiGyAE:APA91bGRwC6pXjPQVyYGtkcZ6eafSGk0tUnWsyaKl1pZXOygSPN5hrxQ57-QoEbT0Q4AnrxZle82T4gCM6sx46ruDB-KiAtQGKfYr3uHOkNiwosJ5lmui9A","is_flagged":0,"bmi-for-age":"","weight-for-height":"","weight-for-age":"","weight-for-length":"","height-for-age":""}}
2025-10-13 10:24:04.752 16860-17488 CommunityUserManager    com.example.nutrisaur11              D  Cached user data for: kevinpingol123@gmail.com
2025-10-13 10:24:04.752 16860-17488 CommunityUserManager    com.example.nutrisaur11              D  Fresh user data retrieved successfully: {birthday=2005-10-10, is_pregnant=N/A, muac_category=, notes=, weight_kg=50, nutritional_risk=, height_cm=171, sex=Male, municipality=DINALUPIHAN, muac_cm=, screening_date=2025-10-10 06:47:30, bmi_category=, name=Pingol , Kevin C., barangay=Burgos, email=kevinpingol123@gmail.com, age=, bmi=, status=1}
2025-10-13 10:24:04.752 16860-17488 CommunityUserManager    com.example.nutrisaur11              D  User status: 1
2025-10-13 10:24:04.753 16860-17488 CommunityUserManager    com.example.nutrisaur11              D  User is active (status = 1)
2025-10-13 10:24:04.810 16860-16860 SessionManager          com.example.nutrisaur11              D  === PERIODIC SESSION VALIDATION ===
2025-10-13 10:24:04.814 16860-17489 CommunityUserManager    com.example.nutrisaur11              D  API response code: 200
2025-10-13 10:24:04.814 16860-17489 CommunityUserManager    com.example.nutrisaur11              D  API response message: 
2025-10-13 10:24:04.815 16860-17489 CommunityUserManager    com.example.nutrisaur11              D  API response for get_community_user_data: {"success":true,"message":"User data retrieved successfully","user":{"name":"Pingol , Kevin C.","email":"kevinpingol123@gmail.com","municipality":"DINALUPIHAN","barangay":"Burgos","sex":"Male","birthday":"2005-10-10","is_pregnant":"N\/A","weight":"50","height":"171","screening_date":"2025-10-10 06:47:30","fcm_token":"dDgJr74pRHukYxdkYiGyAE:APA91bGRwC6pXjPQVyYGtkcZ6eafSGk0tUnWsyaKl1pZXOygSPN5hrxQ57-QoEbT0Q4AnrxZle82T4gCM6sx46ruDB-KiAtQGKfYr3uHOkNiwosJ5lmui9A","is_flagged":0,"bmi-for-age":"","weight-for-height":"","weight-for-age":"","weight-for-length":"","height-for-age":""}}
2025-10-13 10:24:04.816 16860-17489 CommunityUserManager    com.example.nutrisaur11              D  Cached user data for: kevinpingol123@gmail.com
2025-10-13 10:24:04.817 16860-17489 CommunityUserManager    com.example.nutrisaur11              D  Fresh user data retrieved successfully: {birthday=2005-10-10, is_pregnant=N/A, muac_category=, notes=, weight_kg=50, nutritional_risk=, height_cm=171, sex=Male, municipality=DINALUPIHAN, muac_cm=, screening_date=2025-10-10 06:47:30, bmi_category=, name=Pingol , Kevin C., barangay=Burgos, email=kevinpingol123@gmail.com, age=, bmi=, status=1}
2025-10-13 10:24:04.817 16860-17489 CommunityUserManager    com.example.nutrisaur11              D  User exists and has valid data
2025-10-13 10:24:05.332 16860-16860 SessionManager          com.example.nutrisaur11              D  User interaction recorded at: 1760322245332
2025-10-13 10:24:05.417 16860-16860 SessionManager          com.example.nutrisaur11              D  User marked as idle
2025-10-13 10:24:05.447 16860-16860 SessionManager          com.example.nutrisaur11              D  User interaction recorded at: 1760322245447
2025-10-13 10:24:05.447 16860-16860 SessionManager          com.example.nutrisaur11              D  === REAL-TIME SESSION VALIDATION ===
2025-10-13 10:24:05.447 16860-16860 SessionManager          com.example.nutrisaur11              D  Using cached valid session
2025-10-13 10:24:05.447 16860-16860 CommunityUserManager    com.example.nutrisaur11              D  === CHECKING ARCHIVE STATUS ===
2025-10-13 10:24:05.447 16860-16860 CommunityUserManager    com.example.nutrisaur11              D  === FORCE REFRESHING USER DATA FROM DATABASE ===
2025-10-13 10:24:05.447 16860-16860 CommunityUserManager    com.example.nutrisaur11              D  Force refreshing data for: kevinpingol123@gmail.com
2025-10-13 10:24:05.448 16860-16860 CommunityUserManager    com.example.nutrisaur11              D  === CHECKING USER EXISTENCE ===
2025-10-13 10:24:05.450 16860-16860 CommunityUserManager    com.example.nutrisaur11              D  === FORCE REFRESHING USER DATA FROM DATABASE ===
2025-10-13 10:24:05.450 16860-16860 CommunityUserManager    com.example.nutrisaur11              D  Force refreshing data for: kevinpingol123@gmail.com
2025-10-13 10:24:05.450 16860-16860 CommunityUserManager    com.example.nutrisaur11              D  === CHECKING ARCHIVE STATUS ===
2025-10-13 10:24:05.450 16860-16860 CommunityUserManager    com.example.nutrisaur11              D  === FORCE REFRESHING USER DATA FROM DATABASE ===
2025-10-13 10:24:05.450 16860-16860 CommunityUserManager    com.example.nutrisaur11              D  Force refreshing data for: kevinpingol123@gmail.com
2025-10-13 10:24:05.451 16860-16860 FoodActivity            com.example.nutrisaur11              D  FoodActivity onResume - refreshing meal progress
2025-10-13 10:24:05.451 16860-16860 FoodActivity            com.example.nutrisaur11              D  About to call syncFoodHistoryFromDatabase()
2025-10-13 10:24:05.451 16860-16860 FoodActivity            com.example.nutrisaur11              D  === SYNCING FOOD HISTORY FROM DATABASE ===
2025-10-13 10:24:05.451 16860-16860 FoodActivity            com.example.nutrisaur11              D  Sync Debug - User email: 'kevinpingol123@gmail.com'
2025-10-13 10:24:05.451 16860-16860 FoodActivity            com.example.nutrisaur11              D  Sync Debug - Current date: '2025-10-13'
2025-10-13 10:24:05.451 16860-17497 CommunityUserManager    com.example.nutrisaur11              D  Making API request to: https://nutrisaur-production.up.railway.app/api/DatabaseAPI.php?action=get_community_user_data
2025-10-13 10:24:05.451 16860-16860 FoodActivity            com.example.nutrisaur11              D  Sync Debug - About to create ApiClient and call downloadFoodHistory
2025-10-13 10:24:05.451 16860-16860 FoodActivity            com.example.nutrisaur11              D  Syncing food history for user: kevinpingol123@gmail.com on date: 2025-10-13
2025-10-13 10:24:05.451 16860-16860 ApiClient               com.example.nutrisaur11              D  === DOWNLOAD FOOD HISTORY CALLED ===
2025-10-13 10:24:05.451 16860-16860 ApiClient               com.example.nutrisaur11              D  User: kevinpingol123@gmail.com, Start: 2025-10-13, End: 2025-10-13
2025-10-13 10:24:05.452 16860-16860 FoodHistorySyncManager  com.example.nutrisaur11              D  Syncing flag metadata for user: kevinpingol123@gmail.com
2025-10-13 10:24:05.452 16860-17497 CommunityUserManager    com.example.nutrisaur11              D  Request data: {"email":"kevinpingol123@gmail.com"}
2025-10-13 10:24:05.453 16860-17495 CommunityUserManager    com.example.nutrisaur11              D  Making API request to: https://nutrisaur-production.up.railway.app/api/DatabaseAPI.php?action=get_community_user_data
2025-10-13 10:24:05.453 16860-16860 FoodActivity            com.example.nutrisaur11              D  Finished calling syncFoodHistoryFromDatabase()
2025-10-13 10:24:05.453 16860-16860 FoodActivity            com.example.nutrisaur11              D  Refreshing meal progress on resume
2025-10-13 10:24:05.453 16860-17495 CommunityUserManager    com.example.nutrisaur11              D  Request data: {"email":"kevinpingol123@gmail.com"}
2025-10-13 10:24:05.453 16860-16860 FoodActivity            com.example.nutrisaur11              D  Syncing CalorieTracker with AddedFoodManager for date: 2025-10-13
2025-10-13 10:24:05.459 16860-17496 CommunityUserManager    com.example.nutrisaur11              D  Making API request to: https://nutrisaur-production.up.railway.app/api/DatabaseAPI.php?action=get_community_user_data
2025-10-13 10:24:05.459 16860-17496 CommunityUserManager    com.example.nutrisaur11              D  Request data: {"email":"kevinpingol123@gmail.com"}
2025-10-13 10:24:05.460 16860-16860 CalorieTracker          com.example.nutrisaur11              D  Syncing with 1 added foods for date: 2025-10-13
2025-10-13 10:24:05.460 16860-16860 CalorieTracker          com.example.nutrisaur11              D    Daily foods: 1
2025-10-13 10:24:05.461 16860-16860 CalorieTracker          com.example.nutrisaur11              D  Available database fields: [birthday, is_pregnant, muac_category, notes, weight_kg, nutritional_risk, height_cm, sex, municipality, muac_cm, screening_date, bmi_category, name, barangay, email, age, bmi, status]
2025-10-13 10:24:05.461 16860-16860 CalorieTracker          com.example.nutrisaur11              D  Calculated age from birthday '2005-10-10': 20
2025-10-13 10:24:05.461 16860-16860 CalorieTracker          com.example.nutrisaur11              D  Weight field lookup - weight_kg: '50', weight: 'null', final: '50'
2025-10-13 10:24:05.462 16860-16860 CalorieTracker          com.example.nutrisaur11              D  Set weight from database: 50
2025-10-13 10:24:05.462 16860-16860 CalorieTracker          com.example.nutrisaur11              D  Height field lookup - height_cm: '171', height: 'null', final: '171'
2025-10-13 10:24:05.462 16860-16860 CalorieTracker          com.example.nutrisaur11              D  Set height from database: 171
2025-10-13 10:24:05.462 16860-16860 CalorieTracker          com.example.nutrisaur11              D  Created user profile from database data: Pingol , Kevin C. (Age: 20, Weight: 50.0, Height: 171.0, Gender: Male, Activity: Moderate)
2025-10-13 10:24:05.462 16860-16860 CalorieTracker          com.example.nutrisaur11              D  Using user profile from database data
2025-10-13 10:24:05.462 16860-16860 KcalSuggestionCache     com.example.nutrisaur11              D  User profile changed, cache invalid
2025-10-13 10:24:05.462 16860-16860 CalorieTracker          com.example.nutrisaur11              D  No valid AI cache found, using fallback calculation...
2025-10-13 10:24:05.463 16860-16860 CalorieCal...ionService com.example.nutrisaur11              D  Calculated BMR: 1473.75 for Pingol , Kevin C.
2025-10-13 10:24:05.463 16860-16860 CalorieCal...ionService com.example.nutrisaur11              D  Calculated TDEE: 2284.3125 (BMR: 1473.75 × Activity: 1.55)
2025-10-13 10:24:05.463 16860-16860 CalorieCal...ionService com.example.nutrisaur11              D  Calculated daily calorie target: 2784 (TDEE: 2284.3125 + Adjustment: 500.0)
2025-10-13 10:24:05.463 16860-16860 CalorieTracker          com.example.nutrisaur11              D  Using fallback calculation (AI will update cache): 2784
2025-10-13 10:24:05.463 16860-16860 CalorieTracker          com.example.nutrisaur11              D  Using AI-calculated daily calorie target: 2784
2025-10-13 10:24:05.463 16860-16860 CalorieCal...ionService com.example.nutrisaur11              D  Calculated meal distribution: Breakfast=696, Lunch=974, Dinner=835, Snacks=278
2025-10-13 10:24:05.463 16860-16860 CalorieTracker          com.example.nutrisaur11              D  Calculated meal distribution: Breakfast=696, Lunch=974, Dinner=835, Snacks=278
2025-10-13 10:24:05.464 16860-16860 CalorieTracker          com.example.nutrisaur11              D  Calculated meal distribution: {Breakfast=696, Dinner=835, Snacks=278, Lunch=974}
2025-10-13 10:24:05.464 16860-16860 CalorieTracker          com.example.nutrisaur11              D  Created Breakfast meal with 696 max calories
2025-10-13 10:24:05.464 16860-16860 CalorieTracker          com.example.nutrisaur11              D  Added meow (20 cal) to Breakfast for date 2025-10-13
2025-10-13 10:24:05.466 16860-17501 NutritionService        com.example.nutrisaur11              D  Starting nutrition recommendations...
2025-10-13 10:24:05.466 16860-17501 NutritionService        com.example.nutrisaur11              D  Getting user profile from SharedPreferences...
2025-10-13 10:24:05.466 16860-17501 NutritionService        com.example.nutrisaur11              D  User data: name=, age=25, weight=70.0, height=170.0
2025-10-13 10:24:05.466 16860-17501 NutritionService        com.example.nutrisaur11              D  User profile loaded: , BMI: 24.221453287197235
2025-10-13 10:24:05.467 16860-17501 KcalSuggestionCache     com.example.nutrisaur11              D  Cached kcal suggestion is valid
2025-10-13 10:24:05.467 16860-17501 NutritionService        com.example.nutrisaur11              D  Using cached kcal suggestion - user profile unchanged
2025-10-13 10:24:05.467 16860-16860 CalorieTracker          com.example.nutrisaur11              D  Synced CalorieTracker with AddedFoodManager for date 2025-10-13. Total meals: 1
2025-10-13 10:24:05.467 16860-16860 CalorieTracker          com.example.nutrisaur11              D  Meal Breakfast: 20/696 kcal
2025-10-13 10:24:05.468 16860-17501 KcalSuggestionCache     com.example.nutrisaur11              D  Successfully loaded cached kcal suggestion
2025-10-13 10:24:05.468 16860-17501 CalorieTracker          com.example.nutrisaur11              D  Background AI calculation completed: 2545
2025-10-13 10:24:05.469 16860-17498 ApiClient               com.example.nutrisaur11              D  Download URL: https://nutrisaur-production.up.railway.app/api/food_history_api.php?action=get_user_history&user_email=kevinpingol123@gmail.com&start_date=2025-10-13&end_date=2025-10-13
2025-10-13 10:24:05.496 16860-16860 DecorView[]             com.example.nutrisaur11              D  onWindowFocusChanged hasWindowFocus false
2025-10-13 10:24:05.524 16860-16860 DecorView[]             com.example.nutrisaur11              D  onWindowFocusChanged hasWindowFocus true
2025-10-13 10:24:05.547 16860-16860 SessionManager          com.example.nutrisaur11              D  User marked as idle
2025-10-13 10:24:05.548  3040-3351  ActivityManagerWrapper  com.miui.home                        E  getRecentTasks: taskId=11057   userId=0   baseIntent=Intent { act=android.intent.action.MAIN cat=[android.intent.category.LAUNCHER] flg=0x10000000 cmp=com.example.nutrisaur11/.SplashActivity }
2025-10-13 10:24:05.570 16860-16860 FoodActivity            com.example.nutrisaur11              D  Total eaten calories after sync: 20
2025-10-13 10:24:05.570 16860-16860 FoodActivity            com.example.nutrisaur11              D  Updating eaten calories only (preserving daily target)
2025-10-13 10:24:05.573 16860-16860 FoodActivity            com.example.nutrisaur11              D  Total eaten calories for update: 20
2025-10-13 10:24:05.573 16860-16860 FoodActivity            com.example.nutrisaur11              D  Using existing daily calorie target: 2784
2025-10-13 10:24:05.573 16860-16860 FoodActivity            com.example.nutrisaur11              D  Eaten Calories Only Update:
2025-10-13 10:24:05.573 16860-16860 FoodActivity            com.example.nutrisaur11              D    Total Daily Calories: 2784 (preserved)
2025-10-13 10:24:05.573 16860-16860 FoodActivity            com.example.nutrisaur11              D    Total Eaten Calories: 20 (updated)
2025-10-13 10:24:05.573 16860-16860 FoodActivity            com.example.nutrisaur11              D    Calories Left: 2764
2025-10-13 10:24:05.573 16860-16860 FoodActivity            com.example.nutrisaur11              D    Progress Percent: 0.7183908%
2025-10-13 10:24:05.574 16860-16860 FoodActivity            com.example.nutrisaur11              D  Updating macronutrient data directly
2025-10-13 10:24:05.578 16860-16860 FoodActivity            com.example.nutrisaur11              D  FoodActivity Available database fields: [birthday, is_pregnant, muac_category, notes, weight_kg, nutritional_risk, height_cm, sex, municipality, muac_cm, screening_date, bmi_category, name, barangay, email, age, bmi, status]
2025-10-13 10:24:05.579 16860-16860 FoodActivity            com.example.nutrisaur11              D  Calculated age from birthday '2005-10-10': 20
2025-10-13 10:24:05.579 16860-16860 FoodActivity            com.example.nutrisaur11              D  FoodActivity Weight field lookup - weight_kg: '50', weight: 'null', final: '50'
2025-10-13 10:24:05.579 16860-16860 FoodActivity            com.example.nutrisaur11              D  FoodActivity: Set weight from database: 50
2025-10-13 10:24:05.579 16860-16860 FoodActivity            com.example.nutrisaur11              D  FoodActivity Height field lookup - height_cm: '171', height: 'null', final: '171'
2025-10-13 10:24:05.579 16860-16860 FoodActivity            com.example.nutrisaur11              D  FoodActivity: Set height from database: 171
2025-10-13 10:24:05.579 16860-16860 FoodActivity            com.example.nutrisaur11              D  Created user profile from database data: Pingol , Kevin C. (Age: 20, Weight: 50.0, Height: 171.0, Gender: Male, Activity: Moderate)
2025-10-13 10:24:05.579 16860-16860 CalorieCal...ionService com.example.nutrisaur11              D  Calculated BMR: 1473.75 for Pingol , Kevin C.
2025-10-13 10:24:05.579 16860-16860 CalorieCal...ionService com.example.nutrisaur11              D  Calculated TDEE: 2284.3125 (BMR: 1473.75 × Activity: 1.55)
2025-10-13 10:24:05.579 16860-16860 CalorieCal...ionService com.example.nutrisaur11              D  Calculated daily calorie target: 2784 (TDEE: 2284.3125 + Adjustment: 500.0)
2025-10-13 10:24:05.579 16860-16860 FoodActivity            com.example.nutrisaur11              D  Calculated macro targets - Protein: 153, Carbs: 375, Fat: 74
2025-10-13 10:24:05.579 16860-16860 FoodActivity            com.example.nutrisaur11              D  Macro Update:
2025-10-13 10:24:05.579 16860-16860 FoodActivity            com.example.nutrisaur11              D    Protein: 133/153 (eaten: 20)
2025-10-13 10:24:05.579 16860-16860 FoodActivity            com.example.nutrisaur11              D    Carbs: 355/375 (eaten: 20)
2025-10-13 10:24:05.579 16860-16860 FoodActivity            com.example.nutrisaur11              D    Fat: 54/74 (eaten: 20)
2025-10-13 10:24:05.581 16860-16860 FoodActivity            com.example.nutrisaur11              D  Updating meal progress texts with direct AddedFoodManager data
2025-10-13 10:24:05.584 16860-16860 FoodActivity            com.example.nutrisaur11              D  FoodActivity Available database fields: [birthday, is_pregnant, muac_category, notes, weight_kg, nutritional_risk, height_cm, sex, municipality, muac_cm, screening_date, bmi_category, name, barangay, email, age, bmi, status]
2025-10-13 10:24:05.585 16860-16860 FoodActivity            com.example.nutrisaur11              D  Calculated age from birthday '2005-10-10': 20
2025-10-13 10:24:05.585 16860-16860 FoodActivity            com.example.nutrisaur11              D  FoodActivity Weight field lookup - weight_kg: '50', weight: 'null', final: '50'
2025-10-13 10:24:05.586 16860-16860 FoodActivity            com.example.nutrisaur11              D  FoodActivity: Set weight from database: 50
2025-10-13 10:24:05.586 16860-16860 FoodActivity            com.example.nutrisaur11              D  FoodActivity Height field lookup - height_cm: '171', height: 'null', final: '171'
2025-10-13 10:24:05.586 16860-16860 FoodActivity            com.example.nutrisaur11              D  FoodActivity: Set height from database: 171
2025-10-13 10:24:05.586 16860-16860 FoodActivity            com.example.nutrisaur11              D  Created user profile from database data: Pingol , Kevin C. (Age: 20, Weight: 50.0, Height: 171.0, Gender: Male, Activity: Moderate)
2025-10-13 10:24:05.586 16860-16860 KcalSuggestionCache     com.example.nutrisaur11              D  User profile changed, cache invalid
2025-10-13 10:24:05.586 16860-16860 FoodActivity            com.example.nutrisaur11              D  No valid AI cache found, using fallback calculation...
2025-10-13 10:24:05.586 16860-16860 CalorieCal...ionService com.example.nutrisaur11              D  Calculated BMR: 1473.75 for Pingol , Kevin C.
2025-10-13 10:24:05.586 16860-16860 CalorieCal...ionService com.example.nutrisaur11              D  Calculated TDEE: 2284.3125 (BMR: 1473.75 × Activity: 1.55)
2025-10-13 10:24:05.586 16860-16860 CalorieCal...ionService com.example.nutrisaur11              D  Calculated daily calorie target: 2784 (TDEE: 2284.3125 + Adjustment: 500.0)
2025-10-13 10:24:05.586 16860-16860 FoodActivity            com.example.nutrisaur11              D  Using fallback calculation (AI will update cache): 2784
2025-10-13 10:24:05.586 16860-16860 FoodActivity            com.example.nutrisaur11              D  Starting background AI calculation...
2025-10-13 10:24:05.587 16860-16860 FoodActivity            com.example.nutrisaur11              D  Using AI-calculated total daily calories: 2784
2025-10-13 10:24:05.587 16860-16860 FoodActivity            com.example.nutrisaur11              D  FoodActivity Available database fields: [birthday, is_pregnant, muac_category, notes, weight_kg, nutritional_risk, height_cm, sex, municipality, muac_cm, screening_date, bmi_category, name, barangay, email, age, bmi, status]
2025-10-13 10:24:05.587 16860-17033 NutritionService        com.example.nutrisaur11              D  Starting nutrition recommendations...
2025-10-13 10:24:05.587 16860-17033 NutritionService        com.example.nutrisaur11              D  Getting user profile from SharedPreferences...
2025-10-13 10:24:05.588 16860-17033 NutritionService        com.example.nutrisaur11              D  User data: name=, age=25, weight=70.0, height=170.0
2025-10-13 10:24:05.588 16860-17033 NutritionService        com.example.nutrisaur11              D  User profile loaded: , BMI: 24.221453287197235
2025-10-13 10:24:05.588 16860-16860 FoodActivity            com.example.nutrisaur11              D  Calculated age from birthday '2005-10-10': 20
2025-10-13 10:24:05.588 16860-16860 FoodActivity            com.example.nutrisaur11              D  FoodActivity Weight field lookup - weight_kg: '50', weight: 'null', final: '50'
2025-10-13 10:24:05.588 16860-16860 FoodActivity            com.example.nutrisaur11              D  FoodActivity: Set weight from database: 50
2025-10-13 10:24:05.588 16860-16860 FoodActivity            com.example.nutrisaur11              D  FoodActivity Height field lookup - height_cm: '171', height: 'null', final: '171'
2025-10-13 10:24:05.588 16860-16860 FoodActivity            com.example.nutrisaur11              D  FoodActivity: Set height from database: 171
2025-10-13 10:24:05.588 16860-16860 FoodActivity            com.example.nutrisaur11              D  Created user profile from database data: Pingol , Kevin C. (Age: 20, Weight: 50.0, Height: 171.0, Gender: Male, Activity: Moderate)
2025-10-13 10:24:05.588 16860-17033 KcalSuggestionCache     com.example.nutrisaur11              D  Cached kcal suggestion is valid
2025-10-13 10:24:05.588 16860-16860 CalorieCal...ionService com.example.nutrisaur11              D  Calculated meal distribution: Breakfast=696, Lunch=974, Dinner=835, Snacks=278
2025-10-13 10:24:05.588 16860-17033 NutritionService        com.example.nutrisaur11              D  Using cached kcal suggestion - user profile unchanged
2025-10-13 10:24:05.588 16860-16860 FoodActivity            com.example.nutrisaur11              D  Calculated meal distribution: Breakfast=696, Lunch=974, Dinner=835, Snacks=278
2025-10-13 10:24:05.588 16860-16860 FoodActivity            com.example.nutrisaur11              D  Direct update Breakfast: 20 / 696 kcal (from 1 foods)
2025-10-13 10:24:05.589 16860-17033 KcalSuggestionCache     com.example.nutrisaur11              D  Successfully loaded cached kcal suggestion
2025-10-13 10:24:05.589 16860-17033 FoodActivity            com.example.nutrisaur11              D  Background AI calculation completed: 2545
2025-10-13 10:24:05.589 16860-16860 FoodActivity            com.example.nutrisaur11              D  Set breakfast progress text to: 20 / 696 kcal
2025-10-13 10:24:05.589 16860-16860 FoodActivity            com.example.nutrisaur11              D  Direct update Lunch: 0 / 974 kcal (from 0 foods)
2025-10-13 10:24:05.589 16860-16860 FoodActivity            com.example.nutrisaur11              D  Set lunch progress text to: 0 / 974 kcal
2025-10-13 10:24:05.589 16860-16860 FoodActivity            com.example.nutrisaur11              D  Direct update Dinner: 0 / 835 kcal (from 0 foods)
2025-10-13 10:24:05.589 16860-16860 FoodActivity            com.example.nutrisaur11              D  Set dinner progress text to: 0 / 835 kcal
2025-10-13 10:24:05.589 16860-16860 FoodActivity            com.example.nutrisaur11              D  Direct update Snacks: 0 / 278 kcal (from 0 foods)
2025-10-13 10:24:05.589 16860-16860 FoodActivity            com.example.nutrisaur11              D  Set snacks progress text to: 0 / 278 kcal
2025-10-13 10:24:05.589 16860-16860 FoodActivity            com.example.nutrisaur11              D  Updating meal progress texts with direct AddedFoodManager data
2025-10-13 10:24:05.592 16860-16860 FoodActivity            com.example.nutrisaur11              D  FoodActivity Available database fields: [birthday, is_pregnant, muac_category, notes, weight_kg, nutritional_risk, height_cm, sex, municipality, muac_cm, screening_date, bmi_category, name, barangay, email, age, bmi, status]
2025-10-13 10:24:05.592 16860-16860 FoodActivity            com.example.nutrisaur11              D  Calculated age from birthday '2005-10-10': 20
2025-10-13 10:24:05.592 16860-16860 FoodActivity            com.example.nutrisaur11              D  FoodActivity Weight field lookup - weight_kg: '50', weight: 'null', final: '50'
2025-10-13 10:24:05.592 16860-16860 FoodActivity            com.example.nutrisaur11              D  FoodActivity: Set weight from database: 50
2025-10-13 10:24:05.592 16860-16860 FoodActivity            com.example.nutrisaur11              D  FoodActivity Height field lookup - height_cm: '171', height: 'null', final: '171'
2025-10-13 10:24:05.592 16860-16860 FoodActivity            com.example.nutrisaur11              D  FoodActivity: Set height from database: 171
2025-10-13 10:24:05.592 16860-16860 FoodActivity            com.example.nutrisaur11              D  Created user profile from database data: Pingol , Kevin C. (Age: 20, Weight: 50.0, Height: 171.0, Gender: Male, Activity: Moderate)
2025-10-13 10:24:05.592 16860-16860 KcalSuggestionCache     com.example.nutrisaur11              D  User profile changed, cache invalid
2025-10-13 10:24:05.592 16860-16860 FoodActivity            com.example.nutrisaur11              D  No valid AI cache found, using fallback calculation...
2025-10-13 10:24:05.593 16860-16860 CalorieCal...ionService com.example.nutrisaur11              D  Calculated BMR: 1473.75 for Pingol , Kevin C.
2025-10-13 10:24:05.593 16860-16860 CalorieCal...ionService com.example.nutrisaur11              D  Calculated TDEE: 2284.3125 (BMR: 1473.75 × Activity: 1.55)
2025-10-13 10:24:05.593 16860-16860 CalorieCal...ionService com.example.nutrisaur11              D  Calculated daily calorie target: 2784 (TDEE: 2284.3125 + Adjustment: 500.0)
2025-10-13 10:24:05.593 16860-16860 FoodActivity            com.example.nutrisaur11              D  Using fallback calculation (AI will update cache): 2784
2025-10-13 10:24:05.593 16860-16860 FoodActivity            com.example.nutrisaur11              D  AI calculation already in progress, skipping...
2025-10-13 10:24:05.593 16860-16860 FoodActivity            com.example.nutrisaur11              D  Using AI-calculated total daily calories: 2784
2025-10-13 10:24:05.593 16860-16860 FoodActivity            com.example.nutrisaur11              D  FoodActivity Available database fields: [birthday, is_pregnant, muac_category, notes, weight_kg, nutritional_risk, height_cm, sex, municipality, muac_cm, screening_date, bmi_category, name, barangay, email, age, bmi, status]
2025-10-13 10:24:05.593 16860-16860 FoodActivity            com.example.nutrisaur11              D  Calculated age from birthday '2005-10-10': 20
2025-10-13 10:24:05.593 16860-16860 FoodActivity            com.example.nutrisaur11              D  FoodActivity Weight field lookup - weight_kg: '50', weight: 'null', final: '50'
2025-10-13 10:24:05.593 16860-16860 FoodActivity            com.example.nutrisaur11              D  FoodActivity: Set weight from database: 50
2025-10-13 10:24:05.593 16860-16860 FoodActivity            com.example.nutrisaur11              D  FoodActivity Height field lookup - height_cm: '171', height: 'null', final: '171'
2025-10-13 10:24:05.593 16860-16860 FoodActivity            com.example.nutrisaur11              D  FoodActivity: Set height from database: 171
2025-10-13 10:24:05.593 16860-16860 FoodActivity            com.example.nutrisaur11              D  Created user profile from database data: Pingol , Kevin C. (Age: 20, Weight: 50.0, Height: 171.0, Gender: Male, Activity: Moderate)
2025-10-13 10:24:05.593 16860-16860 CalorieCal...ionService com.example.nutrisaur11              D  Calculated meal distribution: Breakfast=696, Lunch=974, Dinner=835, Snacks=278
2025-10-13 10:24:05.593 16860-16860 FoodActivity            com.example.nutrisaur11              D  Calculated meal distribution: Breakfast=696, Lunch=974, Dinner=835, Snacks=278
2025-10-13 10:24:05.593 16860-16860 FoodActivity            com.example.nutrisaur11              D  Direct update Breakfast: 20 / 696 kcal (from 1 foods)
2025-10-13 10:24:05.593 16860-16860 FoodActivity            com.example.nutrisaur11              D  Set breakfast progress text to: 20 / 696 kcal
2025-10-13 10:24:05.594 16860-16860 FoodActivity            com.example.nutrisaur11              D  Direct update Lunch: 0 / 974 kcal (from 0 foods)
2025-10-13 10:24:05.594 16860-16860 FoodActivity            com.example.nutrisaur11              D  Set lunch progress text to: 0 / 974 kcal
2025-10-13 10:24:05.594 16860-16860 FoodActivity            com.example.nutrisaur11              D  Direct update Dinner: 0 / 835 kcal (from 0 foods)
2025-10-13 10:24:05.594 16860-16860 FoodActivity            com.example.nutrisaur11              D  Set dinner progress text to: 0 / 835 kcal
2025-10-13 10:24:05.594 16860-16860 FoodActivity            com.example.nutrisaur11              D  Direct update Snacks: 0 / 278 kcal (from 0 foods)
2025-10-13 10:24:05.594 16860-16860 FoodActivity            com.example.nutrisaur11              D  Set snacks progress text to: 0 / 278 kcal
2025-10-13 10:24:05.594 16860-16860 FoodActivity            com.example.nutrisaur11              D  Meal progress refreshed successfully
2025-10-13 10:24:05.603 16860-16860 FoodActivity            com.example.nutrisaur11              D  Refreshing nutrition UI with updated AI data...
2025-10-13 10:24:05.603 16860-16860 FoodActivity            com.example.nutrisaur11              D  Updating kcal goal circle directly
2025-10-13 10:24:05.604 16860-16860 FoodActivity            com.example.nutrisaur11              D  Total eaten calories for circle update: 20
2025-10-13 10:24:05.604 16860-16860 FoodActivity            com.example.nutrisaur11              D  FoodActivity Available database fields: [birthday, is_pregnant, muac_category, notes, weight_kg, nutritional_risk, height_cm, sex, municipality, muac_cm, screening_date, bmi_category, name, barangay, email, age, bmi, status]
2025-10-13 10:24:05.604 16860-16860 FoodActivity            com.example.nutrisaur11              D  Calculated age from birthday '2005-10-10': 20
