2025-10-11 08:45:12.710 11915-11915 FoodActivity            com.example.nutrisaur11              D  FoodActivity Available database fields: [birthday, is_pregnant, muac_category, notes, weight_kg, nutritional_risk, height_cm, sex, municipality, muac_cm, screening_date, bmi_category, name, barangay, email, age, bmi, status]
2025-10-11 08:45:12.711 11915-11915 FoodActivity            com.example.nutrisaur11              D  Calculated age from birthday '2005-10-10': 20
2025-10-11 08:45:12.711 11915-11915 FoodActivity            com.example.nutrisaur11              D  FoodActivity Weight field lookup - weight_kg: '50', weight: 'null', final: '50'
2025-10-11 08:45:12.711 11915-11915 FoodActivity            com.example.nutrisaur11              D  FoodActivity: Set weight from database: 50
2025-10-11 08:45:12.711 11915-11915 FoodActivity            com.example.nutrisaur11              D  FoodActivity Height field lookup - height_cm: '171', height: 'null', final: '171'
2025-10-11 08:45:12.711 11915-11915 FoodActivity            com.example.nutrisaur11              D  FoodActivity: Set height from database: 171
2025-10-11 08:45:12.711 11915-11915 FoodActivity            com.example.nutrisaur11              D  Created user profile from database data: Pingol , Kevin C. (Age: 20, Weight: 50.0, Height: 171.0, Gender: Male, Activity: Moderate)
2025-10-11 08:45:12.711 11915-11915 KcalSuggestionCache     com.example.nutrisaur11              D  User profile changed, cache invalid
2025-10-11 08:45:12.711 11915-11915 FoodActivity            com.example.nutrisaur11              D  No valid AI cache found, using fallback calculation...
2025-10-11 08:45:12.711 11915-11915 CalorieCal...ionService com.example.nutrisaur11              D  Calculated BMR: 1473.75 for Pingol , Kevin C.
2025-10-11 08:45:12.711 11915-11915 CalorieCal...ionService com.example.nutrisaur11              D  Calculated TDEE: 2284.3125 (BMR: 1473.75 Ã— Activity: 1.55)
2025-10-11 08:45:12.711 11915-11915 CalorieCal...ionService com.example.nutrisaur11              D  Calculated daily calorie target: 2784 (TDEE: 2284.3125 + Adjustment: 500.0)
2025-10-11 08:45:12.711 11915-11915 FoodActivity            com.example.nutrisaur11              D  Using fallback calculation (AI will update cache): 2784
2025-10-11 08:45:12.711 11915-11915 FoodActivity            com.example.nutrisaur11              D  AI calculation already in progress, skipping...
2025-10-11 08:45:12.711 11915-11915 FoodActivity            com.example.nutrisaur11              D  Using AI-calculated total daily calories: 2784
2025-10-11 08:45:12.712 11915-11915 FoodActivity            com.example.nutrisaur11              D  FoodActivity Available database fields: [birthday, is_pregnant, muac_category, notes, weight_kg, nutritional_risk, height_cm, sex, municipality, muac_cm, screening_date, bmi_category, name, barangay, email, age, bmi, status]
2025-10-11 08:45:12.712 11915-11915 FoodActivity            com.example.nutrisaur11              D  Calculated age from birthday '2005-10-10': 20
2025-10-11 08:45:12.712 11915-11915 FoodActivity            com.example.nutrisaur11              D  FoodActivity Weight field lookup - weight_kg: '50', weight: 'null', final: '50'
2025-10-11 08:45:12.712 11915-11915 FoodActivity            com.example.nutrisaur11              D  FoodActivity: Set weight from database: 50
2025-10-11 08:45:12.712 11915-11915 FoodActivity            com.example.nutrisaur11              D  FoodActivity Height field lookup - height_cm: '171', height: 'null', final: '171'
2025-10-11 08:45:12.712 11915-11915 FoodActivity            com.example.nutrisaur11              D  FoodActivity: Set height from database: 171
2025-10-11 08:45:12.712 11915-11915 FoodActivity            com.example.nutrisaur11              D  Created user profile from database data: Pingol , Kevin C. (Age: 20, Weight: 50.0, Height: 171.0, Gender: Male, Activity: Moderate)
2025-10-11 08:45:12.712 11915-11915 CalorieCal...ionService com.example.nutrisaur11              D  Calculated meal distribution: Breakfast=696, Lunch=974, Dinner=835, Snacks=278
2025-10-11 08:45:12.712 11915-11915 FoodActivity            com.example.nutrisaur11              D  Calculated meal distribution: Breakfast=696, Lunch=974, Dinner=835, Snacks=278
2025-10-11 08:45:12.712 11915-11915 FoodActivity            com.example.nutrisaur11              D  Direct update Breakfast: 25600 / 696 kcal (from 48 foods)
2025-10-11 08:45:12.712 11915-11915 FoodActivity            com.example.nutrisaur11              D  Set breakfast progress text to: 25600 / 696 kcal
2025-10-11 08:45:12.713 11915-11915 FoodActivity            com.example.nutrisaur11              D  Direct update Lunch: 0 / 974 kcal (from 0 foods)
2025-10-11 08:45:12.713 11915-11915 FoodActivity            com.example.nutrisaur11              D  Set lunch progress text to: 0 / 974 kcal
2025-10-11 08:45:12.713 11915-11915 FoodActivity            com.example.nutrisaur11              D  Direct update Dinner: 0 / 835 kcal (from 0 foods)
2025-10-11 08:45:12.713 11915-11915 FoodActivity            com.example.nutrisaur11              D  Set dinner progress text to: 0 / 835 kcal
2025-10-11 08:45:12.713 11915-11915 FoodActivity            com.example.nutrisaur11              D  Direct update Snacks: 0 / 278 kcal (from 0 foods)
2025-10-11 08:45:12.713 11915-11915 FoodActivity            com.example.nutrisaur11              D  Set snacks progress text to: 0 / 278 kcal
2025-10-11 08:45:12.713 11915-11915 FoodActivity            com.example.nutrisaur11              D  Meal progress refreshed successfully
2025-10-11 08:45:12.714 11915-18534 ApiClient               com.example.nutrisaur11              D  Response code: 200
2025-10-11 08:45:12.716 11915-18534 ApiClient               com.example.nutrisaur11              D  ğŸ“¥ Upload food response: {"success":true,"message":"Food entry added successfully","id":"95"}
2025-10-11 08:45:12.716 11915-18534 AddedFoodManager        com.example.nutrisaur11              D  âœ… Database storage call completed
2025-10-11 08:45:12.717 11915-11915 SessionManager          com.example.nutrisaur11              D  User marked as idle
2025-10-11 08:45:12.745 11915-11915 DecorView[]             com.example.nutrisaur11              D  onWindowFocusChanged hasWindowFocus true
2025-10-11 08:45:12.792 11915-11915 FoodActivity            com.example.nutrisaur11              D  Refreshing nutrition UI with updated AI data...
2025-10-11 08:45:12.792 11915-11915 FoodActivity            com.example.nutrisaur11              D  Updating kcal goal circle directly
2025-10-11 08:45:12.797 11915-11915 FoodActivity            com.example.nutrisaur11              D  Total eaten calories for circle update: 25600
2025-10-11 08:45:12.797 11915-11915 FoodActivity            com.example.nutrisaur11              D  FoodActivity Available database fields: [birthday, is_pregnant, muac_category, notes, weight_kg, nutritional_risk, height_cm, sex, municipality, muac_cm, screening_date, bmi_category, name, barangay, email, age, bmi, status]
2025-10-11 08:45:12.798 11915-11915 FoodActivity            com.example.nutrisaur11              D  Calculated age from birthday '2005-10-10': 20
2025-10-11 08:45:12.798 11915-11915 FoodActivity            com.example.nutrisaur11              D  FoodActivity Weight field lookup - weight_kg: '50', weight: 'null', final: '50'
2025-10-11 08:45:12.798 11915-11915 FoodActivity            com.example.nutrisaur11              D  FoodActivity: Set weight from database: 50
2025-10-11 08:45:12.798 11915-11915 FoodActivity            com.example.nutrisaur11              D  FoodActivity Height field lookup - height_cm: '171', height: 'null', final: '171'
2025-10-11 08:45:12.798 11915-11915 FoodActivity            com.example.nutrisaur11              D  FoodActivity: Set height from database: 171
2025-10-11 08:45:12.798 11915-11915 FoodActivity            com.example.nutrisaur11              D  Created user profile from database data: Pingol , Kevin C. (Age: 20, Weight: 50.0, Height: 171.0, Gender: Male, Activity: Moderate)
2025-10-11 08:45:12.798 11915-11915 CalorieCal...ionService com.example.nutrisaur11              D  Calculated BMR: 1473.75 for Pingol , Kevin C.
2025-10-11 08:45:12.798 11915-11915 CalorieCal...ionService com.example.nutrisaur11              D  Calculated TDEE: 2284.3125 (BMR: 1473.75 Ã— Activity: 1.55)
2025-10-11 08:45:12.798 11915-11915 CalorieCal...ionService com.example.nutrisaur11              D  Calculated daily calorie target: 2784 (TDEE: 2284.3125 + Adjustment: 500.0)
2025-10-11 08:45:12.798 11915-11915 FoodActivity            com.example.nutrisaur11              D  Calculated daily calorie target: 2784
2025-10-11 08:45:12.798 11915-11915 FoodActivity            com.example.nutrisaur11              D  Kcal Goal Circle Update:
2025-10-11 08:45:12.798 11915-11915 FoodActivity            com.example.nutrisaur11              D    Total Daily Calories: 2784
2025-10-11 08:45:12.798 11915-11915 FoodActivity            com.example.nutrisaur11              D    Total Eaten Calories: 25600
2025-10-11 08:45:12.798 11915-11915 FoodActivity            com.example.nutrisaur11              D    Calories Left: 0
2025-10-11 08:45:12.798 11915-11915 FoodActivity            com.example.nutrisaur11              D    Progress Percent: 919.5402%
2025-10-11 08:45:12.799 11915-11915 FoodActivity            com.example.nutrisaur11              D  Updating macronutrient data directly
2025-10-11 08:45:12.809 11915-18525 ApiClient               com.example.nutrisaur11              D  Response code: 200
2025-10-11 08:45:12.810 11915-18525 ApiClient               com.example.nutrisaur11              D  ğŸ“¥ Upload food response: {"success":true,"message":"Food entry added successfully","id":"96"}
2025-10-11 08:45:12.810 11915-18525 AddedFoodManager        com.example.nutrisaur11              D  âœ… Database storage call completed
2025-10-11 08:45:12.811 11915-12054 OpenGLRenderer          com.example.nutrisaur11              I  Davey! duration=9223310995765ms; Flags=0, FrameTimelineVsyncId=3274866, IntendedVsync=61041089608046, Vsync=61041172941376, InputEventId=0, HandleInputStart=61041186671659, AnimationStart=61041186676295, PerformTraversalsStart=61041186883951, DrawStart=61041212719159, FrameDeadline=61041122941378, FrameInterval=61041186641086, FrameStartTime=16666666, SyncQueued=61041225646503, SyncStart=61041225797232, IssueDrawCommandsStart=61041227190149, SwapBuffers=61041235970357, FrameCompleted=9223372036854775807, DequeueBufferDuration=33698, QueueBufferDuration=1380364, GpuCompleted=9223372036854775807, SwapBuffersCompleted=61041238705149, DisplayPresentTime=0, 
2025-10-11 08:45:12.814 11915-11915 FoodActivity            com.example.nutrisaur11              D  FoodActivity Available database fields: [birthday, is_pregnant, muac_category, notes, weight_kg, nutritional_risk, height_cm, sex, municipality, muac_cm, screening_date, bmi_category, name, barangay, email, age, bmi, status]
2025-10-11 08:45:12.814 11915-11915 FoodActivity            com.example.nutrisaur11              D  Calculated age from birthday '2005-10-10': 20
2025-10-11 08:45:12.814 11915-11915 FoodActivity            com.example.nutrisaur11              D  FoodActivity Weight field lookup - weight_kg: '50', weight: 'null', final: '50'
2025-10-11 08:45:12.814 11915-11915 FoodActivity            com.example.nutrisaur11              D  FoodActivity: Set weight from database: 50
2025-10-11 08:45:12.814 11915-11915 FoodActivity            com.example.nutrisaur11              D  FoodActivity Height field lookup - height_cm: '171', height: 'null', final: '171'
2025-10-11 08:45:12.814 11915-11915 FoodActivity            com.example.nutrisaur11              D  FoodActivity: Set height from database: 171
2025-10-11 08:45:12.814 11915-11915 FoodActivity            com.example.nutrisaur11              D  Created user profile from database data: Pingol , Kevin C. (Age: 20, Weight: 50.0, Height: 171.0, Gender: Male, Activity: Moderate)
2025-10-11 08:45:12.814 11915-11915 CalorieCal...ionService com.example.nutrisaur11              D  Calculated BMR: 1473.75 for Pingol , Kevin C.
2025-10-11 08:45:12.814 11915-11915 CalorieCal...ionService com.example.nutrisaur11              D  Calculated TDEE: 2284.3125 (BMR: 1473.75 Ã— Activity: 1.55)
2025-10-11 08:45:12.815 11915-11915 CalorieCal...ionService com.example.nutrisaur11              D  Calculated daily calorie target: 2784 (TDEE: 2284.3125 + Adjustment: 500.0)
2025-10-11 08:45:12.815 11915-11915 FoodActivity            com.example.nutrisaur11              D  Calculated macro targets - Protein: 153, Carbs: 375, Fat: 74
2025-10-11 08:45:12.815 11915-11915 FoodActivity            com.example.nutrisaur11              D  Macro Update:
2025-10-11 08:45:12.815 11915-11915 FoodActivity            com.example.nutrisaur11              D    Protein: 0/153 (eaten: 1280)
2025-10-11 08:45:12.815 11915-11915 FoodActivity            com.example.nutrisaur11              D    Carbs: 0/375 (eaten: 2400)
2025-10-11 08:45:12.815 11915-11915 FoodActivity            com.example.nutrisaur11              D    Fat: 0/74 (eaten: 1120)
2025-10-11 08:45:12.816 11915-11915 FoodActivity            com.example.nutrisaur11              D  Updating meal progress texts with direct AddedFoodManager data
2025-10-11 08:45:12.820 11915-11915 FoodActivity            com.example.nutrisaur11              D  FoodActivity Available database fields: [birthday, is_pregnant, muac_category, notes, weight_kg, nutritional_risk, height_cm, sex, municipality, muac_cm, screening_date, bmi_category, name, barangay, email, age, bmi, status]
2025-10-11 08:45:12.820 11915-11915 FoodActivity            com.example.nutrisaur11              D  Calculated age from birthday '2005-10-10': 20
2025-10-11 08:45:12.820 11915-11915 FoodActivity            com.example.nutrisaur11              D  FoodActivity Weight field lookup - weight_kg: '50', weight: 'null', final: '50'
2025-10-11 08:45:12.820 11915-11915 FoodActivity            com.example.nutrisaur11              D  FoodActivity: Set weight from database: 50
2025-10-11 08:45:12.820 11915-11915 FoodActivity            com.example.nutrisaur11              D  FoodActivity Height field lookup - height_cm: '171', height: 'null', final: '171'
2025-10-11 08:45:12.820 11915-11915 FoodActivity            com.example.nutrisaur11              D  FoodActivity: Set height from database: 171
2025-10-11 08:45:12.820 11915-11915 FoodActivity            com.example.nutrisaur11              D  Created user profile from database data: Pingol , Kevin C. (Age: 20, Weight: 50.0, Height: 171.0, Gender: Male, Activity: Moderate)
2025-10-11 08:45:12.821 11915-11915 KcalSuggestionCache     com.example.nutrisaur11              D  User profile changed, cache invalid
2025-10-11 08:45:12.821 11915-11915 FoodActivity            com.example.nutrisaur11              D  No valid AI cache found, using fallback calculation...
2025-10-11 08:45:12.821 11915-18517 ApiClient               com.example.nutrisaur11              D  Response code: 200
2025-10-11 08:45:12.821 11915-11915 CalorieCal...ionService com.example.nutrisaur11              D  Calculated BMR: 1473.75 for Pingol , Kevin C.
2025-10-11 08:45:12.821 11915-11915 CalorieCal...ionService com.example.nutrisaur11              D  Calculated TDEE: 2284.3125 (BMR: 1473.75 Ã— Activity: 1.55)
2025-10-11 08:45:12.821 11915-11915 CalorieCal...ionService com.example.nutrisaur11              D  Calculated daily calorie target: 2784 (TDEE: 2284.3125 + Adjustment: 500.0)
2025-10-11 08:45:12.821 11915-11915 FoodActivity            com.example.nutrisaur11              D  Using fallback calculation (AI will update cache): 2784
2025-10-11 08:45:12.821 11915-11915 FoodActivity            com.example.nutrisaur11              D  AI calculation already in progress, skipping...
2025-10-11 08:45:12.821 11915-11915 FoodActivity            com.example.nutrisaur11              D  Using AI-calculated total daily calories: 2784
2025-10-11 08:45:12.821 11915-11915 FoodActivity            com.example.nutrisaur11              D  FoodActivity Available database fields: [birthday, is_pregnant, muac_category, notes, weight_kg, nutritional_risk, height_cm, sex, municipality, muac_cm, screening_date, bmi_category, name, barangay, email, age, bmi, status]
2025-10-11 08:45:12.821 11915-11915 FoodActivity            com.example.nutrisaur11              D  Calculated age from birthday '2005-10-10': 20
2025-10-11 08:45:12.821 11915-11915 FoodActivity            com.example.nutrisaur11              D  FoodActivity Weight field lookup - weight_kg: '50', weight: 'null', final: '50'
2025-10-11 08:45:12.821 11915-11915 FoodActivity            com.example.nutrisaur11              D  FoodActivity: Set weight from database: 50
2025-10-11 08:45:12.821 11915-11915 FoodActivity            com.example.nutrisaur11              D  FoodActivity Height field lookup - height_cm: '171', height: 'null', final: '171'
2025-10-11 08:45:12.821 11915-11915 FoodActivity            com.example.nutrisaur11              D  FoodActivity: Set height from database: 171
2025-10-11 08:45:12.821 11915-11915 FoodActivity            com.example.nutrisaur11              D  Created user profile from database data: Pingol , Kevin C. (Age: 20, Weight: 50.0, Height: 171.0, Gender: Male, Activity: Moderate)
2025-10-11 08:45:12.821 11915-11915 CalorieCal...ionService com.example.nutrisaur11              D  Calculated meal distribution: Breakfast=696, Lunch=974, Dinner=835, Snacks=278
2025-10-11 08:45:12.821 11915-11915 FoodActivity            com.example.nutrisaur11              D  Calculated meal distribution: Breakfast=696, Lunch=974, Dinner=835, Snacks=278
2025-10-11 08:45:12.821 11915-11915 FoodActivity            com.example.nutrisaur11              D  Direct update Breakfast: 25600 / 696 kcal (from 48 foods)
2025-10-11 08:45:12.822 11915-18517 ApiClient               com.example.nutrisaur11              D  ğŸ“¥ Upload food response: {"success":true,"message":"Food entry added successfully","id":"97"}
2025-10-11 08:45:12.822 11915-18517 AddedFoodManager        com.example.nutrisaur11              D  âœ… Database storage call completed
2025-10-11 08:45:12.822 11915-11915 FoodActivity            com.example.nutrisaur11              D  Set breakfast progress text to: 25600 / 696 kcal
2025-10-11 08:45:12.822 11915-11915 FoodActivity            com.example.nutrisaur11              D  Direct update Lunch: 0 / 974 kcal (from 0 foods)
2025-10-11 08:45:12.822 11915-11915 FoodActivity            com.example.nutrisaur11              D  Set lunch progress text to: 0 / 974 kcal
2025-10-11 08:45:12.822 11915-11915 FoodActivity            com.example.nutrisaur11              D  Direct update Dinner: 0 / 835 kcal (from 0 foods)
2025-10-11 08:45:12.822 11915-11915 FoodActivity            com.example.nutrisaur11              D  Set dinner progress text to: 0 / 835 kcal
2025-10-11 08:45:12.822 11915-11915 FoodActivity            com.example.nutrisaur11              D  Direct update Snacks: 0 / 278 kcal (from 0 foods)
2025-10-11 08:45:12.822 11915-11915 FoodActivity            com.example.nutrisaur11              D  Set snacks progress text to: 0 / 278 kcal
2025-10-11 08:45:12.822 11915-11915 FoodActivity            com.example.nutrisaur11              D  Updating meal progress texts with direct AddedFoodManager data
2025-10-11 08:45:12.826 11915-11915 FoodActivity            com.example.nutrisaur11              D  FoodActivity Available database fields: [birthday, is_pregnant, muac_category, notes, weight_kg, nutritional_risk, height_cm, sex, municipality, muac_cm, screening_date, bmi_category, name, barangay, email, age, bmi, status]
2025-10-11 08:45:12.826 11915-11915 FoodActivity            com.example.nutrisaur11              D  Calculated age from birthday '2005-10-10': 20
2025-10-11 08:45:12.826 11915-11915 FoodActivity            com.example.nutrisaur11              D  FoodActivity Weight field lookup - weight_kg: '50', weight: 'null', final: '50'
2025-10-11 08:45:12.826 11915-11915 FoodActivity            com.example.nutrisaur11              D  FoodActivity: Set weight from database: 50
2025-10-11 08:45:12.827 11915-11915 FoodActivity            com.example.nutrisaur11              D  FoodActivity Height field lookup - height_cm: '171', height: 'null', final: '171'
2025-10-11 08:45:12.827 11915-11915 FoodActivity            com.example.nutrisaur11              D  FoodActivity: Set height from database: 171
2025-10-11 08:45:12.827 11915-11915 FoodActivity            com.example.nutrisaur11              D  Created user profile from database data: Pingol , Kevin C. (Age: 20, Weight: 50.0, Height: 171.0, Gender: Male, Activity: Moderate)
2025-10-11 08:45:12.827 11915-11915 KcalSuggestionCache     com.example.nutrisaur11              D  User profile changed, cache invalid
2025-10-11 08:45:12.827 11915-11915 FoodActivity            com.example.nutrisaur11              D  No valid AI cache found, using fallback calculation...
2025-10-11 08:45:12.827 11915-11915 CalorieCal...ionService com.example.nutrisaur11              D  Calculated BMR: 1473.75 for Pingol , Kevin C.
2025-10-11 08:45:12.827 11915-11915 CalorieCal...ionService com.example.nutrisaur11              D  Calculated TDEE: 2284.3125 (BMR: 1473.75 Ã— Activity: 1.55)
2025-10-11 08:45:12.827 11915-11915 CalorieCal...ionService com.example.nutrisaur11              D  Calculated daily calorie target: 2784 (TDEE: 2284.3125 + Adjustment: 500.0)
2025-10-11 08:45:12.827 11915-11915 FoodActivity            com.example.nutrisaur11              D  Using fallback calculation (AI will update cache): 2784
2025-10-11 08:45:12.827 11915-11915 FoodActivity            com.example.nutrisaur11              D  AI calculation already in progress, skipping...
2025-10-11 08:45:12.827 11915-11915 FoodActivity            com.example.nutrisaur11              D  Using AI-calculated total daily calories: 2784
2025-10-11 08:45:12.827 11915-11915 FoodActivity            com.example.nutrisaur11              D  FoodActivity Available database fields: [birthday, is_pregnant, muac_category, notes, weight_kg, nutritional_risk, height_cm, sex, municipality, muac_cm, screening_date, bmi_category, name, barangay, email, age, bmi, status]
2025-10-11 08:45:12.827 11915-11915 FoodActivity            com.example.nutrisaur11              D  Calculated age from birthday '2005-10-10': 20
2025-10-11 08:45:12.828 11915-11915 FoodActivity            com.example.nutrisaur11              D  FoodActivity Weight field lookup - weight_kg: '50', weight: 'null', final: '50'
2025-10-11 08:45:12.828 11915-11915 FoodActivity            com.example.nutrisaur11              D  FoodActivity: Set weight from database: 50
2025-10-11 08:45:12.828 11915-11915 FoodActivity            com.example.nutrisaur11              D  FoodActivity Height field lookup - height_cm: '171', height: 'null', final: '171'
2025-10-11 08:45:12.828 11915-11915 FoodActivity            com.example.nutrisaur11              D  FoodActivity: Set height from database: 171
2025-10-11 08:45:12.828 11915-11915 FoodActivity            com.example.nutrisaur11              D  Created user profile from database data: Pingol , Kevin C. (Age: 20, Weight: 50.0, Height: 171.0, Gender: Male, Activity: Moderate)
2025-10-11 08:45:12.828 11915-11915 CalorieCal...ionService com.example.nutrisaur11              D  Calculated meal distribution: Breakfast=696, Lunch=974, Dinner=835, Snacks=278
2025-10-11 08:45:12.828 11915-11915 FoodActivity            com.example.nutrisaur11              D  Calculated meal distribution: Breakfast=696, Lunch=974, Dinner=835, Snacks=278
2025-10-11 08:45:12.828 11915-11915 FoodActivity            com.example.nutrisaur11              D  Direct update Breakfast: 25600 / 696 kcal (from 48 foods)
2025-10-11 08:45:12.828 11915-11915 FoodActivity            com.example.nutrisaur11              D  Set breakfast progress text to: 25600 / 696 kcal
2025-10-11 08:45:12.828 11915-11915 FoodActivity            com.example.nutrisaur11              D  Direct update Lunch: 0 / 974 kcal (from 0 foods)
2025-10-11 08:45:12.828 11915-11915 FoodActivity            com.example.nutrisaur11              D  Set lunch progress text to: 0 / 974 kcal
2025-10-11 08:45:12.828 11915-11915 FoodActivity            com.example.nutrisaur11              D  Direct update Dinner: 0 / 835 kcal (from 0 foods)
2025-10-11 08:45:12.828 11915-11915 FoodActivity            com.example.nutrisaur11              D  Set dinner progress text to: 0 / 835 kcal
2025-10-11 08:45:12.828 11915-11915 FoodActivity            com.example.nutrisaur11              D  Direct update Snacks: 0 / 278 kcal (from 0 foods)
2025-10-11 08:45:12.829 11915-11915 FoodActivity            com.example.nutrisaur11              D  Set snacks progress text to: 0 / 278 kcal
2025-10-11 08:45:12.829 11915-11915 FoodActivity            com.example.nutrisaur11              D  Updating macronutrient data directly
2025-10-11 08:45:12.839 11915-11915 FoodActivity            com.example.nutrisaur11              D  FoodActivity Available database fields: [birthday, is_pregnant, muac_category, notes, weight_kg, nutritional_risk, height_cm, sex, municipality, muac_cm, screening_date, bmi_category, name, barangay, email, age, bmi, status]
2025-10-11 08:45:12.839 11915-18530 ApiClient               com.example.nutrisaur11              D  Response code: 200
2025-10-11 08:45:12.840 11915-11915 FoodActivity            com.example.nutrisaur11              D  Calculated age from birthday '2005-10-10': 20
2025-10-11 08:45:12.840 11915-11915 FoodActivity            com.example.nutrisaur11              D  FoodActivity Weight field lookup - weight_kg: '50', weight: 'null', final: '50'
2025-10-11 08:45:12.840 11915-11915 FoodActivity            com.example.nutrisaur11              D  FoodActivity: Set weight from database: 50
2025-10-11 08:45:12.840 11915-11915 FoodActivity            com.example.nutrisaur11              D  FoodActivity Height field lookup - height_cm: '171', height: 'null', final: '171'
2025-10-11 08:45:12.840 11915-11915 FoodActivity            com.example.nutrisaur11              D  FoodActivity: Set height from database: 171
2025-10-11 08:45:12.840 11915-11915 FoodActivity            com.example.nutrisaur11              D  Created user profile from database data: Pingol , Kevin C. (Age: 20, Weight: 50.0, Height: 171.0, Gender: Male, Activity: Moderate)
2025-10-11 08:45:12.840 11915-11915 CalorieCal...ionService com.example.nutrisaur11              D  Calculated BMR: 1473.75 for Pingol , Kevin C.
2025-10-11 08:45:12.840 11915-11915 CalorieCal...ionService com.example.nutrisaur11              D  Calculated TDEE: 2284.3125 (BMR: 1473.75 Ã— Activity: 1.55)
2025-10-11 08:45:12.840 11915-11915 CalorieCal...ionService com.example.nutrisaur11              D  Calculated daily calorie target: 2784 (TDEE: 2284.3125 + Adjustment: 500.0)
2025-10-11 08:45:12.840 11915-11915 FoodActivity            com.example.nutrisaur11              D  Calculated macro targets - Protein: 153, Carbs: 375, Fat: 74
2025-10-11 08:45:12.840 11915-11915 FoodActivity            com.example.nutrisaur11              D  Macro Update:
2025-10-11 08:45:12.840 11915-11915 FoodActivity            com.example.nutrisaur11              D    Protein: 0/153 (eaten: 1280)
2025-10-11 08:45:12.840 11915-11915 FoodActivity            com.example.nutrisaur11              D    Carbs: 0/375 (eaten: 2400)
2025-10-11 08:45:12.840 11915-11915 FoodActivity            com.example.nutrisaur11              D    Fat: 0/74 (eaten: 1120)
2025-10-11 08:45:12.841 11915-18530 ApiClient               com.example.nutrisaur11              D  ğŸ“¥ Upload food response: {"success":true,"message":"Food entry added successfully","id":"98"}
2025-10-11 08:45:12.841 11915-18530 AddedFoodManager        com.example.nutrisaur11              D  âœ… Database storage call completed
2025-10-11 08:45:12.841 11915-11915 FoodActivity            com.example.nutrisaur11              D  Nutrition UI refreshed with updated AI data
2025-10-11 08:45:12.854 11915-11915 FoodActivity            com.example.nutrisaur11              D  Total eaten calories after sync: 25600
2025-10-11 08:45:12.854 11915-11915 FoodActivity            com.example.nutrisaur11              D  Updating eaten calories only (preserving daily target)
2025-10-11 08:45:12.857 11915-11915 FoodActivity            com.example.nutrisaur11              D  Total eaten calories for update: 25600
2025-10-11 08:45:12.857 11915-11915 FoodActivity            com.example.nutrisaur11              D  Using existing daily calorie target: 2784
2025-10-11 08:45:12.857 11915-11915 FoodActivity            com.example.nutrisaur11              D  Eaten Calories Only Update:
2025-10-11 08:45:12.857 11915-11915 FoodActivity            com.example.nutrisaur11              D    Total Daily Calories: 2784 (preserved)
2025-10-11 08:45:12.857 11915-11915 FoodActivity            com.example.nutrisaur11              D    Total Eaten Calories: 25600 (updated)
2025-10-11 08:45:12.857 11915-11915 FoodActivity            com.example.nutrisaur11              D    Calories Left: 0
2025-10-11 08:45:12.857 11915-11915 FoodActivity            com.example.nutrisaur11              D    Progress Percent: 919.5402%
2025-10-11 08:45:12.857 11915-11915 FoodActivity            com.example.nutrisaur11              D  Updating macronutrient data directly
2025-10-11 08:45:12.868 11915-11915 FoodActivity            com.example.nutrisaur11              D  FoodActivity Available database fields: [birthday, is_pregnant, muac_category, notes, weight_kg, nutritional_risk, height_cm, sex, municipality, muac_cm, screening_date, bmi_category, name, barangay, email, age, bmi, status]
2025-10-11 08:45:12.869 11915-11915 FoodActivity            com.example.nutrisaur11              D  Calculated age from birthday '2005-10-10': 20
2025-10-11 08:45:12.869 11915-11915 FoodActivity            com.example.nutrisaur11              D  FoodActivity Weight field lookup - weight_kg: '50', weight: 'null', final: '50'
2025-10-11 08:45:12.869 11915-11915 FoodActivity            com.example.nutrisaur11              D  FoodActivity: Set weight from database: 50
2025-10-11 08:45:12.869 11915-11915 FoodActivity            com.example.nutrisaur11              D  FoodActivity Height field lookup - height_cm: '171', height: 'null', final: '171'
2025-10-11 08:45:12.870 11915-11915 FoodActivity            com.example.nutrisaur11              D  FoodActivity: Set height from database: 171
2025-10-11 08:45:12.870 11915-11915 FoodActivity            com.example.nutrisaur11              D  Created user profile from database data: Pingol , Kevin C. (Age: 20, Weight: 50.0, Height: 171.0, Gender: Male, Activity: Moderate)
2025-10-11 08:45:12.870 11915-11915 CalorieCal...ionService com.example.nutrisaur11              D  Calculated BMR: 1473.75 for Pingol , Kevin C.
2025-10-11 08:45:12.870 11915-11915 CalorieCal...ionService com.example.nutrisaur11              D  Calculated TDEE: 2284.3125 (BMR: 1473.75 Ã— Activity: 1.55)
2025-10-11 08:45:12.870 11915-11915 CalorieCal...ionService com.example.nutrisaur11              D  Calculated daily calorie target: 2784 (TDEE: 2284.3125 + Adjustment: 500.0)
2025-10-11 08:45:12.870 11915-11915 FoodActivity            com.example.nutrisaur11              D  Calculated macro targets - Protein: 153, Carbs: 375, Fat: 74
2025-10-11 08:45:12.870 11915-11915 FoodActivity            com.example.nutrisaur11              D  Macro Update:
2025-10-11 08:45:12.870 11915-11915 FoodActivity            com.example.nutrisaur11              D    Protein: 0/153 (eaten: 1280)
2025-10-11 08:45:12.870 11915-11915 FoodActivity            com.example.nutrisaur11              D    Carbs: 0/375 (eaten: 2400)
2025-10-11 08:45:12.870 11915-11915 FoodActivity            com.example.nutrisaur11              D    Fat: 0/74 (eaten: 1120)
2025-10-11 08:45:12.871 11915-11915 FoodActivity            com.example.nutrisaur11              D  Updating meal progress texts with direct AddedFoodManager data
2025-10-11 08:45:12.875 11915-11915 FoodActivity            com.example.nutrisaur11              D  FoodActivity Available database fields: [birthday, is_pregnant, muac_category, notes, weight_kg, nutritional_risk, height_cm, sex, municipality, muac_cm, screening_date, bmi_category, name, barangay, email, age, bmi, status]
2025-10-11 08:45:12.876 11915-11915 FoodActivity            com.example.nutrisaur11              D  Calculated age from birthday '2005-10-10': 20
2025-10-11 08:45:12.876 11915-11915 FoodActivity            com.example.nutrisaur11              D  FoodActivity Weight field lookup - weight_kg: '50', weight: 'null', final: '50'
2025-10-11 08:45:12.876 11915-11915 FoodActivity            com.example.nutrisaur11              D  FoodActivity: Set weight from database: 50
2025-10-11 08:45:12.876 11915-11915 FoodActivity            com.example.nutrisaur11              D  FoodActivity Height field lookup - height_cm: '171', height: 'null', final: '171'
2025-10-11 08:45:12.876 11915-11915 FoodActivity            com.example.nutrisaur11              D  FoodActivity: Set height from database: 171
2025-10-11 08:45:12.876 11915-11915 FoodActivity            com.example.nutrisaur11              D  Created user profile from database data: Pingol , Kevin C. (Age: 20, Weight: 50.0, Height: 171.0, Gender: Male, Activity: Moderate)
2025-10-11 08:45:12.876 11915-11915 KcalSuggestionCache     com.example.nutrisaur11              D  User profile changed, cache invalid
2025-10-11 08:45:12.876 11915-11915 FoodActivity            com.example.nutrisaur11              D  No valid AI cache found, using fallback calculation...
2025-10-11 08:45:12.876 11915-11915 CalorieCal...ionService com.example.nutrisaur11              D  Calculated BMR: 1473.75 for Pingol , Kevin C.
2025-10-11 08:45:12.876 11915-11915 CalorieCal...ionService com.example.nutrisaur11              D  Calculated TDEE: 2284.3125 (BMR: 1473.75 Ã— Activity: 1.55)
2025-10-11 08:45:12.876 11915-11915 CalorieCal...ionService com.example.nutrisaur11              D  Calculated daily calorie target: 2784 (TDEE: 2284.3125 + Adjustment: 500.0)
2025-10-11 08:45:12.876 11915-11915 FoodActivity            com.example.nutrisaur11              D  Using fallback calculation (AI will update cache): 2784
2025-10-11 08:45:12.876 11915-11915 FoodActivity            com.example.nutrisaur11              D  Starting background AI calculation...
2025-10-11 08:45:12.877 11915-11915 FoodActivity            com.example.nutrisaur11              D  Using AI-calculated total daily calories: 2784
2025-10-11 08:45:12.877 11915-11915 FoodActivity            com.example.nutrisaur11              D  FoodActivity Available database fields: [birthday, is_pregnant, muac_category, notes, weight_kg, nutritional_risk, height_cm, sex, municipality, muac_cm, screening_date, bmi_category, name, barangay, email, age, bmi, status]
2025-10-11 08:45:12.877 11915-11915 FoodActivity            com.example.nutrisaur11              D  Calculated age from birthday '2005-10-10': 20
2025-10-11 08:45:12.877 11915-11915 FoodActivity            com.example.nutrisaur11              D  FoodActivity Weight field lookup - weight_kg: '50', weight: 'null', final: '50'
2025-10-11 08:45:12.877 11915-11915 FoodActivity            com.example.nutrisaur11              D  FoodActivity: Set weight from database: 50
2025-10-11 08:45:12.877 11915-11915 FoodActivity            com.example.nutrisaur11              D  FoodActivity Height field lookup - height_cm: '171', height: 'null', final: '171'
2025-10-11 08:45:12.877 11915-11915 FoodActivity            com.example.nutrisaur11              D  FoodActivity: Set height from database: 171
2025-10-11 08:45:12.877 11915-11915 FoodActivity            com.example.nutrisaur11              D  Created user profile from database data: Pingol , Kevin C. (Age: 20, Weight: 50.0, Height: 171.0, Gender: Male, Activity: Moderate)
2025-10-11 08:45:12.877 11915-11915 CalorieCal...ionService com.example.nutrisaur11              D  Calculated meal distribution: Breakfast=696, Lunch=974, Dinner=835, Snacks=278
2025-10-11 08:45:12.877 11915-11915 FoodActivity            com.example.nutrisaur11              D  Calculated meal distribution: Breakfast=696, Lunch=974, Dinner=835, Snacks=278
2025-10-11 08:45:12.877 11915-11915 FoodActivity            com.example.nutrisaur11              D  Direct update Breakfast: 25600 / 696 kcal (from 48 foods)
2025-10-11 08:45:12.877 11915-11915 FoodActivity            com.example.nutrisaur11              D  Set breakfast progress text to: 25600 / 696 kcal
2025-10-11 08:45:12.877 11915-11915 FoodActivity            com.example.nutrisaur11              D  Direct update Lunch: 0 / 974 kcal (from 0 foods)
2025-10-11 08:45:12.878 11915-11915 FoodActivity            com.example.nutrisaur11              D  Set lunch progress text to: 0 / 974 kcal
2025-10-11 08:45:12.878 11915-11915 FoodActivity            com.example.nutrisaur11              D  Direct update Dinner: 0 / 835 kcal (from 0 foods)
2025-10-11 08:45:12.878 11915-11915 FoodActivity            com.example.nutrisaur11              D  Set dinner progress text to: 0 / 835 kcal
2025-10-11 08:45:12.878 11915-11915 FoodActivity            com.example.nutrisaur11              D  Direct update Snacks: 0 / 278 kcal (from 0 foods)
2025-10-11 08:45:12.878 11915-11915 FoodActivity            com.example.nutrisaur11              D  Set snacks progress text to: 0 / 278 kcal
2025-10-11 08:45:12.878 11915-11915 FoodActivity            com.example.nutrisaur11              D  Updating meal progress texts with direct AddedFoodManager data
2025-10-11 08:45:12.882 11915-11915 FoodActivity            com.example.nutrisaur11              D  FoodActivity Available database fields: [birthday, is_pregnant, muac_category, notes, weight_kg, nutritional_risk, height_cm, sex, municipality, muac_cm, screening_date, bmi_category, name, barangay, email, age, bmi, status]
2025-10-11 08:45:12.882 11915-11915 FoodActivity            com.example.nutrisaur11              D  Calculated age from birthday '2005-10-10': 20
2025-10-11 08:45:12.883 11915-11915 FoodActivity            com.example.nutrisaur11              D  FoodActivity Weight field lookup - weight_kg: '50', weight: 'null', final: '50'
2025-10-11 08:45:12.883 11915-11915 FoodActivity            com.example.nutrisaur11              D  FoodActivity: Set weight from database: 50
2025-10-11 08:45:12.883 11915-11915 FoodActivity            com.example.nutrisaur11              D  FoodActivity Height field lookup - height_cm: '171', height: 'null', final: '171'
2025-10-11 08:45:12.883 11915-11915 FoodActivity            com.example.nutrisaur11              D  FoodActivity: Set height from database: 171
2025-10-11 08:45:12.883 11915-11915 FoodActivity            com.example.nutrisaur11              D  Created user profile from database data: Pingol , Kevin C. (Age: 20, Weight: 50.0, Height: 171.0, Gender: Male, Activity: Moderate)
2025-10-11 08:45:12.883 11915-11915 KcalSuggestionCache     com.example.nutrisaur11              D  User profile changed, cache invalid
2025-10-11 08:45:12.883 11915-11915 FoodActivity            com.example.nutrisaur11              D  No valid AI cache found, using fallback calculation...
2025-10-11 08:45:12.883 11915-11915 CalorieCal...ionService com.example.nutrisaur11              D  Calculated BMR: 1473.75 for Pingol , Kevin C.
2025-10-11 08:45:12.883 11915-11915 CalorieCal...ionService com.example.nutrisaur11              D  Calculated TDEE: 2284.3125 (BMR: 1473.75 Ã— Activity: 1.55)
2025-10-11 08:45:12.883 11915-11915 CalorieCal...ionService com.example.nutrisaur11              D  Calculated daily calorie target: 2784 (TDEE: 2284.3125 + Adjustment: 500.0)
2025-10-11 08:45:12.883 11915-11915 FoodActivity            com.example.nutrisaur11              D  Using fallback calculation (AI will update cache): 2784
2025-10-11 08:45:12.883 11915-11915 FoodActivity            com.example.nutrisaur11              D  AI calculation already in progress, skipping...
2025-10-11 08:45:12.883 11915-11915 FoodActivity            com.example.nutrisaur11              D  Using AI-calculated total daily calories: 2784
2025-10-11 08:45:12.883 11915-11915 FoodActivity            com.example.nutrisaur11              D  FoodActivity Available database fields: [birthday, is_pregnant, muac_category, notes, weight_kg, nutritional_risk, height_cm, sex, municipality, muac_cm, screening_date, bmi_category, name, barangay, email, age, bmi, status]
2025-10-11 08:45:12.884 11915-11915 FoodActivity            com.example.nutrisaur11              D  Calculated age from birthday '2005-10-10': 20
2025-10-11 08:45:12.884 11915-11915 FoodActivity            com.example.nutrisaur11              D  FoodActivity Weight field lookup - weight_kg: '50', weight: 'null', final: '50'
2025-10-11 08:45:12.884 11915-11915 FoodActivity            com.example.nutrisaur11              D  FoodActivity: Set weight from database: 50
2025-10-11 08:45:12.884 11915-11915 FoodActivity            com.example.nutrisaur11              D  FoodActivity Height field lookup - height_cm: '171', height: 'null', final: '171'
2025-10-11 08:45:12.884 11915-11915 FoodActivity            com.example.nutrisaur11              D  FoodActivity: Set height from database: 171
2025-10-11 08:45:12.884 11915-11915 FoodActivity            com.example.nutrisaur11              D  Created user profile from database data: Pingol , Kevin C. (Age: 20, Weight: 50.0, Height: 171.0, Gender: Male, Activity: Moderate)
2025-10-11 08:45:12.884 11915-11915 CalorieCal...ionService com.example.nutrisaur11              D  Calculated meal distribution: Breakfast=696, Lunch=974, Dinner=835, Snacks=278
2025-10-11 08:45:12.884 11915-11915 FoodActivity            com.example.nutrisaur11              D  Calculated meal distribution: Breakfast=696, Lunch=974, Dinner=835, Snacks=278
2025-10-11 08:45:12.884 11915-11915 FoodActivity            com.example.nutrisaur11              D  Direct update Breakfast: 25600 / 696 kcal (from 48 foods)
2025-10-11 08:45:12.884 11915-11915 FoodActivity            com.example.nutrisaur11              D  Set breakfast progress text to: 25600 / 696 kcal
2025-10-11 08:45:12.884 11915-11915 FoodActivity            com.example.nutrisaur11              D  Direct update Lunch: 0 / 974 kcal (from 0 foods)
2025-10-11 08:45:12.885 11915-11915 FoodActivity            com.example.nutrisaur11              D  Set lunch progress text to: 0 / 974 kcal
2025-10-11 08:45:12.885 11915-11915 FoodActivity            com.example.nutrisaur11              D  Direct update Dinner: 0 / 835 kcal (from 0 foods)
2025-10-11 08:45:12.885 11915-11915 FoodActivity            com.example.nutrisaur11              D  Set dinner progress text to: 0 / 835 kcal
2025-10-11 08:45:12.885 11915-11915 FoodActivity            com.example.nutrisaur11              D  Direct update Snacks: 0 / 278 kcal (from 0 foods)
2025-10-11 08:45:12.885 11915-12265 NutritionService        com.example.nutrisaur11              D  Starting nutrition recommendations...
2025-10-11 08:45:12.885 11915-12265 NutritionService        com.example.nutrisaur11              D  Getting user profile from SharedPreferences...
2025-10-11 08:45:12.885 11915-12265 NutritionService        com.example.nutrisaur11              D  User data: name=, age=25, weight=70.0, height=170.0
2025-10-11 08:45:12.885 11915-12265 NutritionService        com.example.nutrisaur11              D  User profile loaded: , BMI: 24.221453287197235
2025-10-11 08:45:12.885 11915-12265 KcalSuggestionCache     com.example.nutrisaur11              D  Cached kcal suggestion is valid
2025-10-11 08:45:12.885 11915-12265 NutritionService        com.example.nutrisaur11              D  Using cached kcal suggestion - user profile unchanged
2025-10-11 08:45:12.885 11915-18533 ApiClient               com.example.nutrisaur11              D  Response code: 200
2025-10-11 08:45:12.886 11915-12265 KcalSuggestionCache     com.example.nutrisaur11              D  Successfully loaded cached kcal suggestion
2025-10-11 08:45:12.886 11915-12265 FoodActivity            com.example.nutrisaur11              D  Background AI calculation completed: 2545
2025-10-11 08:45:12.886 11915-11915 FoodActivity            com.example.nutrisaur11              D  Set snacks progress text to: 0 / 278 kcal
2025-10-11 08:45:12.886 11915-11915 FoodActivity            com.example.nutrisaur11              D  Meal progress refreshed successfully
2025-10-11 08:45:12.886 11915-18533 ApiClient               com.example.nutrisaur11              D  ğŸ“¥ Upload food response: {"success":true,"message":"Food entry added successfully","id":"99"}
2025-10-11 08:45:12.886 11915-18533 AddedFoodManager        com.example.nutrisaur11              D  âœ… Database storage call completed
2025-10-11 08:45:12.895 11915-11915 SessionManager          com.example.nutrisaur11              D  === PERIODIC SESSION VALIDATION ===
2025-10-11 08:45:12.897 11915-11915 FoodActivity            com.example.nutrisaur11              D  Refreshing nutrition UI with updated AI data...
2025-10-11 08:45:12.897 11915-11915 FoodActivity            com.example.nutrisaur11              D  Updating kcal goal circle directly
2025-10-11 08:45:12.905 11915-11915 FoodActivity            com.example.nutrisaur11              D  Total eaten calories for circle update: 25600
2025-10-11 08:45:12.905 11915-11915 FoodActivity            com.example.nutrisaur11              D  FoodActivity Available database fields: [birthday, is_pregnant, muac_category, notes, weight_kg, nutritional_risk, height_cm, sex, municipality, muac_cm, screening_date, bmi_category, name, barangay, email, age, bmi, status]
2025-10-11 08:45:12.906 11915-11915 FoodActivity            com.example.nutrisaur11              D  Calculated age from birthday '2005-10-10': 20
2025-10-11 08:45:12.906 11915-11915 FoodActivity            com.example.nutrisaur11              D  FoodActivity Weight field lookup - weight_kg: '50', weight: 'null', final: '50'
2025-10-11 08:45:12.906 11915-11915 FoodActivity            com.example.nutrisaur11              D  FoodActivity: Set weight from database: 50
2025-10-11 08:45:12.906 11915-11915 FoodActivity            com.example.nutrisaur11              D  FoodActivity Height field lookup - height_cm: '171', height: 'null', final: '171'
2025-10-11 08:45:12.906 11915-11915 FoodActivity            com.example.nutrisaur11              D  FoodActivity: Set height from database: 171
2025-10-11 08:45:12.906 11915-11915 FoodActivity            com.example.nutrisaur11              D  Created user profile from database data: Pingol , Kevin C. (Age: 20, Weight: 50.0, Height: 171.0, Gender: Male, Activity: Moderate)
2025-10-11 08:45:12.907 11915-11915 CalorieCal...ionService com.example.nutrisaur11              D  Calculated BMR: 1473.75 for Pingol , Kevin C.
2025-10-11 08:45:12.907 11915-11915 CalorieCal...ionService com.example.nutrisaur11              D  Calculated TDEE: 2284.3125 (BMR: 1473.75 Ã— Activity: 1.55)
2025-10-11 08:45:12.907 11915-11915 CalorieCal...ionService com.example.nutrisaur11              D  Calculated daily calorie target: 2784 (TDEE: 2284.3125 + Adjustment: 500.0)
2025-10-11 08:45:12.907 11915-11915 FoodActivity            com.example.nutrisaur11              D  Calculated daily calorie target: 2784
2025-10-11 08:45:12.907 11915-11915 FoodActivity            com.example.nutrisaur11              D  Kcal Goal Circle Update:
2025-10-11 08:45:12.907 11915-11915 FoodActivity            com.example.nutrisaur11              D    Total Daily Calories: 2784
2025-10-11 08:45:12.907 11915-11915 FoodActivity            com.example.nutrisaur11              D    Total Eaten Calories: 25600
2025-10-11 08:45:12.907 11915-11915 FoodActivity            com.example.nutrisaur11              D    Calories Left: 0
2025-10-11 08:45:12.907 11915-11915 FoodActivity            com.example.nutrisaur11              D    Progress Percent: 919.5402%
2025-10-11 08:45:12.908 11915-11915 FoodActivity            com.example.nutrisaur11              D  Updating macronutrient data directly
2025-10-11 08:45:12.912 11915-12054 OpenGLRenderer          com.example.nutrisaur11              I  Davey! duration=9223310995631ms; Flags=0, FrameTimelineVsyncId=3274877, IntendedVsync=61041222841971, Vsync=61041306175301, InputEventId=0, HandleInputStart=61041322742545, AnimationStart=61041322744680, PerformTraversalsStart=61041323163170, DrawStart=61041328591920, FrameDeadline=61041256175303, FrameInterval=61041322730982, FrameStartTime=16666666, SyncQueued=61041330546347, SyncStart=61041330673742, IssueDrawCommandsStart=61041331001242, SwapBuffers=61041332984888, FrameCompleted=9223372036854775807, DequeueBufferDuration=18490, QueueBufferDuration=1129636, GpuCompleted=9223372036854775807, SwapBuffersCompleted=61041334365097, DisplayPresentTime=0, 
2025-10-11 08:45:12.919 11915-11915 FoodActivity            com.example.nutrisaur11              D  FoodActivity Available database fields: [birthday, is_pregnant, muac_category, notes, weight_kg, nutritional_risk, height_cm, sex, municipality, muac_cm, screening_date, bmi_category, name, barangay, email, age, bmi, status]
2025-10-11 08:45:12.919 11915-11915 FoodActivity            com.example.nutrisaur11              D  Calculated age from birthday '2005-10-10': 20
2025-10-11 08:45:12.920 11915-11915 FoodActivity            com.example.nutrisaur11              D  FoodActivity Weight field lookup - weight_kg: '50', weight: 'null', final: '50'
2025-10-11 08:45:12.920 11915-11915 FoodActivity            com.example.nutrisaur11              D  FoodActivity: Set weight from database: 50
