2025-09-25 11:27:32.735 13895-13895 CalorieTracker          com.example.nutrisaur11              D  Using user profile from database data
2025-09-25 11:27:32.735 13895-13895 CalorieCal...ionService com.example.nutrisaur11              D  Calculated BMR: 1473.75 for jsjsh
2025-09-25 11:27:32.735 13895-13895 CalorieCal...ionService com.example.nutrisaur11              D  Calculated TDEE: 1768.5 (BMR: 1473.75 × Activity: 1.2)
2025-09-25 11:27:32.735 13895-13895 CalorieCal...ionService com.example.nutrisaur11              D  Calculated daily calorie target: 2268 (TDEE: 1768.5 + Adjustment: 500.0)
2025-09-25 11:27:32.735 13895-13895 CalorieTracker          com.example.nutrisaur11              D  Calculated daily calorie target: 2268
2025-09-25 11:27:32.735 13895-13895 CalorieCal...ionService com.example.nutrisaur11              D  Calculated meal distribution: Breakfast=567, Lunch=793, Dinner=680, Snacks=226
2025-09-25 11:27:32.735 13895-13895 CalorieTracker          com.example.nutrisaur11              D  Calculated meal distribution: Breakfast=567, Lunch=793, Dinner=680, Snacks=226
2025-09-25 11:27:32.735 13895-13895 CalorieTracker          com.example.nutrisaur11              D  Calculated meal distribution: {Breakfast=567, Dinner=680, Snacks=226, Lunch=793}
2025-09-25 11:27:32.735 13895-13895 CalorieTracker          com.example.nutrisaur11              D  Created Breakfast meal with 567 max calories
2025-09-25 11:27:32.735 13895-13895 CalorieTracker          com.example.nutrisaur11              D  Added Sinigang na Baboy (Pork in Tamarind Broth) (350 cal) to Breakfast for date 2025-09-25
2025-09-25 11:27:32.735 13895-13895 CalorieTracker          com.example.nutrisaur11              D  Added Sinigang na Baboy (Pork in Tamarind Broth) (350 cal) to Breakfast for date 2025-09-25
2025-09-25 11:27:32.741 13895-13895 CalorieTracker          com.example.nutrisaur11              D  Synced CalorieTracker with AddedFoodManager for date 2025-09-25. Total meals: 1
2025-09-25 11:27:32.741 13895-13895 CalorieTracker          com.example.nutrisaur11              D  Meal Breakfast: 700/567 kcal
2025-09-25 11:27:32.742 13895-13895 FoodActivity            com.example.nutrisaur11              D  Total eaten calories after sync: 700
2025-09-25 11:27:32.742 13895-13895 FoodActivity            com.example.nutrisaur11              D  Updating eaten calories only (preserving daily target)
2025-09-25 11:27:32.744 13895-13895 FoodActivity            com.example.nutrisaur11              D  Total eaten calories for update: 700
2025-09-25 11:27:32.744 13895-13895 FoodActivity            com.example.nutrisaur11              D  Using existing daily calorie target: 2268
2025-09-25 11:27:32.744 13895-13895 FoodActivity            com.example.nutrisaur11              D  Eaten Calories Only Update:
2025-09-25 11:27:32.744 13895-13895 FoodActivity            com.example.nutrisaur11              D    Total Daily Calories: 2268 (preserved)
2025-09-25 11:27:32.744 13895-13895 FoodActivity            com.example.nutrisaur11              D    Total Eaten Calories: 700 (updated)
2025-09-25 11:27:32.744 13895-13895 FoodActivity            com.example.nutrisaur11              D    Calories Left: 1568
2025-09-25 11:27:32.744 13895-13895 FoodActivity            com.example.nutrisaur11              D    Progress Percent: 30.864197%
2025-09-25 11:27:32.744 13895-13895 FoodActivity            com.example.nutrisaur11              D  Updating macronutrient data directly
2025-09-25 11:27:32.749 13895-13895 FoodActivity            com.example.nutrisaur11              D  FoodActivity Available database fields: [birthday, is_pregnant, muac_category, notes, weight_kg, nutritional_risk, height_cm, sex, municipality, muac_cm, screening_date, bmi_category, name, barangay, email, age, bmi]
2025-09-25 11:27:32.749 13895-13895 FoodActivity            com.example.nutrisaur11              D  Calculated age from birthday '2005-09-25': 20
2025-09-25 11:27:32.750 13895-13895 FoodActivity            com.example.nutrisaur11              D  FoodActivity Weight field lookup - weight_kg: '50', weight: 'null', final: '50'
2025-09-25 11:27:32.750 13895-13895 FoodActivity            com.example.nutrisaur11              D  FoodActivity: Set weight from database: 50
2025-09-25 11:27:32.750 13895-13895 FoodActivity            com.example.nutrisaur11              D  FoodActivity Height field lookup - height_cm: '171', height: 'null', final: '171'
2025-09-25 11:27:32.750 13895-13895 FoodActivity            com.example.nutrisaur11              D  FoodActivity: Set height from database: 171
2025-09-25 11:27:32.750 13895-13895 FoodActivity            com.example.nutrisaur11              D  Created user profile from database data: jsjsh (Age: 20, Weight: 50.0, Height: 171.0, Gender: Male, Activity: Moderate)
2025-09-25 11:27:32.750 13895-13895 CalorieCal...ionService com.example.nutrisaur11              D  Calculated BMR: 1473.75 for jsjsh
2025-09-25 11:27:32.750 13895-13895 CalorieCal...ionService com.example.nutrisaur11              D  Calculated TDEE: 1768.5 (BMR: 1473.75 × Activity: 1.2)
2025-09-25 11:27:32.750 13895-13895 CalorieCal...ionService com.example.nutrisaur11              D  Calculated daily calorie target: 2268 (TDEE: 1768.5 + Adjustment: 500.0)
2025-09-25 11:27:32.750 13895-13895 FoodActivity            com.example.nutrisaur11              D  Calculated macro targets - Protein: 124, Carbs: 306, Fat: 60
2025-09-25 11:27:32.750 13895-13895 FoodActivity            com.example.nutrisaur11              D  Macro Update:
2025-09-25 11:27:32.750 13895-13895 FoodActivity            com.example.nutrisaur11              D    Protein: 74/124 (eaten: 50)
2025-09-25 11:27:32.750 13895-13895 FoodActivity            com.example.nutrisaur11              D    Carbs: 266/306 (eaten: 40)
2025-09-25 11:27:32.750 13895-13895 FoodActivity            com.example.nutrisaur11              D    Fat: 24/60 (eaten: 36)
2025-09-25 11:27:32.751 13895-13895 FoodActivity            com.example.nutrisaur11              D  Updating meal progress texts
2025-09-25 11:27:32.753 13895-13895 FoodActivity            com.example.nutrisaur11              D  Updated Breakfast progress: 700 / 567 kcal
2025-09-25 11:27:32.755 13895-13895 FoodActivity            com.example.nutrisaur11              D  Meal progress refreshed successfully
2025-09-25 11:27:32.788 13895-13895 DecorView[]             com.example.nutrisaur11              D  onWindowFocusChanged hasWindowFocus false
2025-09-25 11:27:32.820  3030-3326  ActivityManagerWrapper  com.miui.home                        E  getRecentTasks: taskId=9352   userId=0   baseIntent=Intent { act=android.intent.action.MAIN cat=[android.intent.category.LAUNCHER] flg=0x10000000 cmp=com.example.nutrisaur11/.MainActivity }
2025-09-25 11:27:32.822 13895-13895 SessionManager          com.example.nutrisaur11              D  User marked as idle
2025-09-25 11:27:32.832 13895-13895 DecorView[]             com.example.nutrisaur11              D  onWindowFocusChanged hasWindowFocus true
2025-09-25 11:27:32.948 13895-13895 SessionManager          com.example.nutrisaur11              D  User interaction recorded at: 1758770852948
2025-09-25 11:27:33.357 13895-13914 OpenGLRenderer          com.example.nutrisaur11              I  Davey! duration=9223131322443ms; Flags=0, FrameTimelineVsyncId=14872266, IntendedVsync=240714410146105, Vsync=240714410146105, InputEventId=0, HandleInputStart=240714411642390, AnimationStart=240714411649890, PerformTraversalsStart=240714412102807, DrawStart=240714412371765, FrameDeadline=240714426812771, FrameInterval=240714411602286, FrameStartTime=16666666, SyncQueued=240714413439161, SyncStart=240714414470047, IssueDrawCommandsStart=240714414755932, SwapBuffers=240714418024161, FrameCompleted=9223372036854775807, DequeueBufferDuration=34635, QueueBufferDuration=1827188, GpuCompleted=9223372036854775807, SwapBuffersCompleted=240714420544265, DisplayPresentTime=0, 
2025-09-25 11:27:33.404 13895-13943 CommunityUserManager    com.example.nutrisaur11              D  API response code: 200
2025-09-25 11:27:33.404 13895-13943 CommunityUserManager    com.example.nutrisaur11              D  API response message: 
2025-09-25 11:27:33.405 13895-13943 CommunityUserManager    com.example.nutrisaur11              D  API response for get_community_user_data: {"success":true,"message":"User data retrieved successfully","user":{"name":"jsjsh","email":"uehwhzueje@ss.e","municipality":"MARIVELES","barangay":"Alion","sex":"Male","birthday":"2005-09-25","age":"","is_pregnant":"N\/A","weight":"50","height":"171","muac_cm":"","bmi":"","bmi_category":"","muac_category":"","screening_date":"2025-09-24 17:30:05","screened_by":"","notes":"","status":"","created_at":"","updated_at":""}}
2025-09-25 11:27:33.405 13895-13943 CommunityUserManager    com.example.nutrisaur11              D  Retrieved user data from database:
2025-09-25 11:27:33.405 13895-13943 CommunityUserManager    com.example.nutrisaur11              D    birthday: 2005-09-25
2025-09-25 11:27:33.405 13895-13943 CommunityUserManager    com.example.nutrisaur11              D    is_pregnant: N/A
2025-09-25 11:27:33.405 13895-13943 CommunityUserManager    com.example.nutrisaur11              D    muac_category: 
2025-09-25 11:27:33.405 13895-13943 CommunityUserManager    com.example.nutrisaur11              D    notes: 
2025-09-25 11:27:33.405 13895-13943 CommunityUserManager    com.example.nutrisaur11              D    weight_kg: 50
2025-09-25 11:27:33.405 13895-13943 CommunityUserManager    com.example.nutrisaur11              D    nutritional_risk: 
2025-09-25 11:27:33.405 13895-13943 CommunityUserManager    com.example.nutrisaur11              D    height_cm: 171
2025-09-25 11:27:33.405 13895-13943 CommunityUserManager    com.example.nutrisaur11              D    sex: Male
2025-09-25 11:27:33.405 13895-13943 CommunityUserManager    com.example.nutrisaur11              D    municipality: MARIVELES
2025-09-25 11:27:33.405 13895-13943 CommunityUserManager    com.example.nutrisaur11              D    muac_cm: 
2025-09-25 11:27:33.405 13895-13943 CommunityUserManager    com.example.nutrisaur11              D    screening_date: 2025-09-24 17:30:05
2025-09-25 11:27:33.406 13895-13943 CommunityUserManager    com.example.nutrisaur11              D    bmi_category: 
2025-09-25 11:27:33.406 13895-13943 CommunityUserManager    com.example.nutrisaur11              D    name: jsjsh
2025-09-25 11:27:33.406 13895-13943 CommunityUserManager    com.example.nutrisaur11              D    barangay: Alion
2025-09-25 11:27:33.406 13895-13943 CommunityUserManager    com.example.nutrisaur11              D    email: uehwhzueje@ss.e
2025-09-25 11:27:33.406 13895-13943 CommunityUserManager    com.example.nutrisaur11              D    age: 
2025-09-25 11:27:33.406 13895-13943 CommunityUserManager    com.example.nutrisaur11              D    bmi: 
2025-09-25 11:27:33.406 13895-13943 CommunityUserManager    com.example.nutrisaur11              D  Essential user data found for personalization
2025-09-25 11:27:33.406 13895-13943 SessionManager          com.example.nutrisaur11              D  User exists and is valid: uehwhzueje@ss.e
2025-09-25 11:27:33.406 13895-13895 SessionManager          com.example.nutrisaur11              D  Background validation successful
2025-09-25 11:27:33.792 13895-13895 SessionManager          com.example.nutrisaur11              D  User interaction recorded at: 1758770853792
2025-09-25 11:27:33.878 13895-13895 FoodActivity            com.example.nutrisaur11              D  Breakfast card clicked
2025-09-25 11:27:33.879 13895-13895 FoodActivity            com.example.nutrisaur11              D  Selected meal category: Breakfast
2025-09-25 11:27:33.879 13895-13895 FoodActivity            com.example.nutrisaur11              D  Passing user data to FoodLoggingActivity: jsjsh (BMI: )
2025-09-25 11:27:33.890 13895-13914 OpenGLRenderer          com.example.nutrisaur11              I  Davey! duration=9223131321911ms; Flags=0, FrameTimelineVsyncId=14872314, IntendedVsync=240714943178313, Vsync=240714943178313, InputEventId=146767025, HandleInputStart=240714943785099, AnimationStart=240714943790567, PerformTraversalsStart=240714943793224, DrawStart=240714944419161, FrameDeadline=240714976511645, FrameInterval=240714943760099, FrameStartTime=16666666, SyncQueued=240714953130828, SyncStart=240714953223276, IssueDrawCommandsStart=240714954183484, SwapBuffers=240714957526974, FrameCompleted=9223372036854775807, DequeueBufferDuration=49896, QueueBufferDuration=1078906, GpuCompleted=9223372036854775807, SwapBuffersCompleted=240714959385724, DisplayPresentTime=0, 
2025-09-25 11:27:33.911 13895-13895 SessionManager          com.example.nutrisaur11              D  User interaction recorded at: 1758770853911
2025-09-25 11:27:33.912 13895-13895 SessionManager          com.example.nutrisaur11              D  User marked as idle
2025-09-25 11:27:33.922 13895-14044 OpenGLRenderer          com.example.nutrisaur11              I  Davey! duration=9223131321894ms; Flags=0, FrameTimelineVsyncId=14872316, IntendedVsync=240714959836831, Vsync=240714976503497, InputEventId=0, HandleInputStart=240714984133796, AnimationStart=240714984136036, PerformTraversalsStart=240714984246505, DrawStart=240714984326974, FrameDeadline=240714993170163, FrameInterval=240714984119682, FrameStartTime=16666666, SyncQueued=240714984531661, SyncStart=240714984591609, IssueDrawCommandsStart=240714984747130, SwapBuffers=240714985912599, FrameCompleted=9223372036854775807, DequeueBufferDuration=16354, QueueBufferDuration=843906, GpuCompleted=9223372036854775807, SwapBuffersCompleted=240714987134317, DisplayPresentTime=0, 
2025-09-25 11:27:33.941 13895-13895 SessionManager          com.example.nutrisaur11              D  User interaction recorded at: 1758770853941
2025-09-25 11:27:33.941 13895-13895 SessionManager          com.example.nutrisaur11              D  No recent valid session found, validating in background
2025-09-25 11:27:33.941 13895-13895 SessionManager          com.example.nutrisaur11              D  Using cached session validation result: false
2025-09-25 11:27:33.942 13895-13943 CommunityUserManager    com.example.nutrisaur11              D  === GETTING CURRENT USER DATA FROM DATABASE ===
2025-09-25 11:27:33.942 13895-13943 CommunityUserManager    com.example.nutrisaur11              D  Making API request to: https://nutrisaur-production.up.railway.app/api/DatabaseAPI.php?action=get_community_user_data
2025-09-25 11:27:33.942 13895-13943 CommunityUserManager    com.example.nutrisaur11              D  Request data: {"email":"uehwhzueje@ss.e"}
2025-09-25 11:27:33.942 13895-13895 IS_CTS_MODE             com.example.nutrisaur11              D  false
2025-09-25 11:27:33.942 13895-13895 MULTI_WIND...CH_ENABLED com.example.nutrisaur11              D  false
2025-09-25 11:27:33.943 13895-13895 DecorView[]             com.example.nutrisaur11              D  getWindowModeFromSystem  windowmode is 1
2025-09-25 11:27:33.955 13895-13906 ple.nutrisaur1          com.example.nutrisaur11              W  Cleared Reference was only reachable from finalizer (only reported once)
2025-09-25 11:27:33.976 13895-13908 System                  com.example.nutrisaur11              W  A resource failed to call close. 
2025-09-25 11:27:33.981 13895-13895 DailyResetManager       com.example.nutrisaur11              D  Same day, no reset needed. Current: 2025-09-25
2025-09-25 11:27:33.982 13895-13895 FoodLoggingActivity     com.example.nutrisaur11              D  FoodLoggingActivity initialized for date: 2025-09-25
2025-09-25 11:27:33.982 13895-13895 FoodLoggingActivity     com.example.nutrisaur11              D  Received user data from database: jsjsh (BMI: )
2025-09-25 11:27:33.982 13895-13908 System                  com.example.nutrisaur11              W  A resource failed to call close. 
2025-09-25 11:27:33.986 13895-13895 AddedFoodManager        com.example.nutrisaur11              D  getDailyFoods returned: 3 meal categories for 2025-09-25
2025-09-25 11:27:33.986 13895-13895 AddedFoodManager        com.example.nutrisaur11              D  Meal category Breakfast has 1 foods
2025-09-25 11:27:33.987 13895-13895 AddedFoodManager        com.example.nutrisaur11              D    - Sinigang na Baboy (Pork in Tamarind Broth) in Breakfast
2025-09-25 11:27:33.987 13895-13895 AddedFoodManager        com.example.nutrisaur11              D  Meal category Lunch has 0 foods
2025-09-25 11:27:33.987 13895-13895 AddedFoodManager        com.example.nutrisaur11              D  Meal category Dinner has 0 foods
2025-09-25 11:27:33.987 13895-13895 AddedFoodManager        com.example.nutrisaur11              D  Retrieved 1 foods from NEW daily storage for 2025-09-25
2025-09-25 11:27:33.987 13895-13895 CalorieTracker          com.example.nutrisaur11              D  Syncing with 2 added foods for date: 2025-09-25
2025-09-25 11:27:33.987 13895-13895 CalorieTracker          com.example.nutrisaur11              D    Daily foods: 1
2025-09-25 11:27:33.987 13895-13895 CalorieTracker          com.example.nutrisaur11              D    Historical foods: 1
2025-09-25 11:27:33.987 13895-13895 CalorieTracker          com.example.nutrisaur11              D  Available database fields: [is_pregnant, birthday, muac_category, notes, nutritional_risk, weight_kg, height_cm, sex, municipality, muac_cm, screening_date, bmi_category, name, barangay, age, email, bmi]
2025-09-25 11:27:33.987 13895-13895 CalorieTracker          com.example.nutrisaur11              D  Calculated age from birthday '2005-09-25': 20
2025-09-25 11:27:33.987 13895-13895 CalorieTracker          com.example.nutrisaur11              D  Weight field lookup - weight_kg: '50', weight: 'null', final: '50'
2025-09-25 11:27:33.987 13895-13895 CalorieTracker          com.example.nutrisaur11              D  Set weight from database: 50
2025-09-25 11:27:33.987 13895-13895 CalorieTracker          com.example.nutrisaur11              D  Height field lookup - height_cm: '171', height: 'null', final: '171'
2025-09-25 11:27:33.987 13895-13895 CalorieTracker          com.example.nutrisaur11              D  Set height from database: 171
2025-09-25 11:27:33.987 13895-13895 CalorieTracker          com.example.nutrisaur11              D  Created user profile from database data: jsjsh (Age: 20, Weight: 50.0, Height: 171.0, Gender: Male, Activity: Moderate)
2025-09-25 11:27:33.987 13895-13895 CalorieTracker          com.example.nutrisaur11              D  Using user profile from database data
2025-09-25 11:27:33.987 13895-13895 CalorieCal...ionService com.example.nutrisaur11              D  Calculated BMR: 1473.75 for jsjsh
2025-09-25 11:27:33.987 13895-13895 CalorieCal...ionService com.example.nutrisaur11              D  Calculated TDEE: 1768.5 (BMR: 1473.75 × Activity: 1.2)
2025-09-25 11:27:33.987 13895-13895 CalorieCal...ionService com.example.nutrisaur11              D  Calculated daily calorie target: 2268 (TDEE: 1768.5 + Adjustment: 500.0)
2025-09-25 11:27:33.987 13895-13895 CalorieTracker          com.example.nutrisaur11              D  Calculated daily calorie target: 2268
2025-09-25 11:27:33.987 13895-13895 CalorieCal...ionService com.example.nutrisaur11              D  Calculated meal distribution: Breakfast=567, Lunch=793, Dinner=680, Snacks=226
2025-09-25 11:27:33.987 13895-13895 CalorieTracker          com.example.nutrisaur11              D  Calculated meal distribution: Breakfast=567, Lunch=793, Dinner=680, Snacks=226
2025-09-25 11:27:33.987 13895-13895 CalorieTracker          com.example.nutrisaur11              D  Calculated meal distribution: {Breakfast=567, Dinner=680, Snacks=226, Lunch=793}
2025-09-25 11:27:33.988 13895-13895 CalorieTracker          com.example.nutrisaur11              D  Created Breakfast meal with 567 max calories
2025-09-25 11:27:33.988 13895-13895 CalorieTracker          com.example.nutrisaur11              D  Added Sinigang na Baboy (Pork in Tamarind Broth) (350 cal) to Breakfast for date 2025-09-25
2025-09-25 11:27:33.988 13895-13895 CalorieTracker          com.example.nutrisaur11              D  Added Sinigang na Baboy (Pork in Tamarind Broth) (350 cal) to Breakfast for date 2025-09-25
2025-09-25 11:27:33.992 13895-13895 CalorieTracker          com.example.nutrisaur11              D  Synced CalorieTracker with AddedFoodManager for date 2025-09-25. Total meals: 1
2025-09-25 11:27:33.992 13895-13895 CalorieTracker          com.example.nutrisaur11              D  Meal Breakfast: 700/567 kcal
2025-09-25 11:27:33.992 13895-13895 FoodLoggingActivity     com.example.nutrisaur11              D  Creating user profile from database data...
2025-09-25 11:27:33.992 13895-13895 FoodLoggingActivity     com.example.nutrisaur11              D  Creating user profile from community_users table data...
2025-09-25 11:27:33.993 13895-13895 FoodLoggingActivity     com.example.nutrisaur11              D  Calculated age from birthday '2005-09-25': 20
2025-09-25 11:27:33.993 13895-13895 FoodLoggingActivity     com.example.nutrisaur11              D  Database user data: name=jsjsh, age=20, weight=50.0, height=171.0, gender=Male
2025-09-25 11:27:33.997 13895-13895 AddedFoodManager        com.example.nutrisaur11              D  getDailyFoods returned: 3 meal categories for 2025-09-25
2025-09-25 11:27:33.997 13895-13895 AddedFoodManager        com.example.nutrisaur11              D  Meal category Breakfast has 1 foods
2025-09-25 11:27:33.997 13895-13895 AddedFoodManager        com.example.nutrisaur11              D    - Sinigang na Baboy (Pork in Tamarind Broth) in Breakfast
2025-09-25 11:27:33.997 13895-13895 AddedFoodManager        com.example.nutrisaur11              D  Meal category Lunch has 0 foods
2025-09-25 11:27:33.997 13895-13895 AddedFoodManager        com.example.nutrisaur11              D  Meal category Dinner has 0 foods
2025-09-25 11:27:33.997 13895-13895 AddedFoodManager        com.example.nutrisaur11              D  Retrieved 1 foods from NEW daily storage for 2025-09-25
2025-09-25 11:27:33.997 13895-13895 CalorieTracker          com.example.nutrisaur11              D  Syncing with 2 added foods for date: 2025-09-25
2025-09-25 11:27:33.998 13895-13895 CalorieTracker          com.example.nutrisaur11              D    Daily foods: 1
2025-09-25 11:27:33.998 13895-13895 CalorieTracker          com.example.nutrisaur11              D    Historical foods: 1
2025-09-25 11:27:33.998 13895-13895 CalorieTracker          com.example.nutrisaur11              D  Available database fields: [is_pregnant, birthday, muac_category, notes, nutritional_risk, weight_kg, height_cm, sex, municipality, muac_cm, screening_date, bmi_category, name, barangay, age, email, bmi]
2025-09-25 11:27:33.998 13895-13895 CalorieTracker          com.example.nutrisaur11              D  Calculated age from birthday '2005-09-25': 20
2025-09-25 11:27:33.998 13895-13895 CalorieTracker          com.example.nutrisaur11              D  Weight field lookup - weight_kg: '50', weight: 'null', final: '50'
2025-09-25 11:27:33.998 13895-13895 CalorieTracker          com.example.nutrisaur11              D  Set weight from database: 50
2025-09-25 11:27:33.998 13895-13895 CalorieTracker          com.example.nutrisaur11              D  Height field lookup - height_cm: '171', height: 'null', final: '171'
2025-09-25 11:27:33.998 13895-13895 CalorieTracker          com.example.nutrisaur11              D  Set height from database: 171
2025-09-25 11:27:33.998 13895-13895 CalorieTracker          com.example.nutrisaur11              D  Created user profile from database data: jsjsh (Age: 20, Weight: 50.0, Height: 171.0, Gender: Male, Activity: Moderate)
2025-09-25 11:27:33.998 13895-13895 CalorieTracker          com.example.nutrisaur11              D  Using user profile from database data
2025-09-25 11:27:33.998 13895-13895 CalorieCal...ionService com.example.nutrisaur11              D  Calculated BMR: 1473.75 for jsjsh
2025-09-25 11:27:33.998 13895-13895 CalorieCal...ionService com.example.nutrisaur11              D  Calculated TDEE: 1768.5 (BMR: 1473.75 × Activity: 1.2)
2025-09-25 11:27:33.998 13895-13895 CalorieCal...ionService com.example.nutrisaur11              D  Calculated daily calorie target: 2268 (TDEE: 1768.5 + Adjustment: 500.0)
2025-09-25 11:27:33.998 13895-13895 CalorieTracker          com.example.nutrisaur11              D  Calculated daily calorie target: 2268
2025-09-25 11:27:33.998 13895-13895 CalorieCal...ionService com.example.nutrisaur11              D  Calculated meal distribution: Breakfast=567, Lunch=793, Dinner=680, Snacks=226
2025-09-25 11:27:33.998 13895-13895 CalorieTracker          com.example.nutrisaur11              D  Calculated meal distribution: Breakfast=567, Lunch=793, Dinner=680, Snacks=226
2025-09-25 11:27:33.998 13895-13895 CalorieTracker          com.example.nutrisaur11              D  Calculated meal distribution: {Breakfast=567, Dinner=680, Snacks=226, Lunch=793}
2025-09-25 11:27:33.998 13895-13895 CalorieTracker          com.example.nutrisaur11              D  Created Breakfast meal with 567 max calories
2025-09-25 11:27:33.998 13895-13895 CalorieTracker          com.example.nutrisaur11              D  Added Sinigang na Baboy (Pork in Tamarind Broth) (350 cal) to Breakfast for date 2025-09-25
2025-09-25 11:27:33.998 13895-13895 CalorieTracker          com.example.nutrisaur11              D  Added Sinigang na Baboy (Pork in Tamarind Broth) (350 cal) to Breakfast for date 2025-09-25
2025-09-25 11:27:34.003 13895-13895 CalorieTracker          com.example.nutrisaur11              D  Synced CalorieTracker with AddedFoodManager for date 2025-09-25. Total meals: 1
2025-09-25 11:27:34.003 13895-13895 CalorieTracker          com.example.nutrisaur11              D  Meal Breakfast: 700/567 kcal
2025-09-25 11:27:34.004 13895-13895 FoodLoggingActivity     com.example.nutrisaur11              D  Updated meal progress text: Breakfast 700/567 kcal
2025-09-25 11:27:34.007 13895-13895 AddedFoodManager        com.example.nutrisaur11              D  getDailyFoods returned: 3 meal categories for 2025-09-25
2025-09-25 11:27:34.007 13895-13895 AddedFoodManager        com.example.nutrisaur11              D  Meal category Breakfast has 1 foods
2025-09-25 11:27:34.007 13895-13895 AddedFoodManager        com.example.nutrisaur11              D    - Sinigang na Baboy (Pork in Tamarind Broth) in Breakfast
2025-09-25 11:27:34.007 13895-13895 AddedFoodManager        com.example.nutrisaur11              D  Meal category Lunch has 0 foods
2025-09-25 11:27:34.007 13895-13895 AddedFoodManager        com.example.nutrisaur11              D  Meal category Dinner has 0 foods
2025-09-25 11:27:34.007 13895-13895 AddedFoodManager        com.example.nutrisaur11              D  Retrieved 1 foods from NEW daily storage for 2025-09-25
2025-09-25 11:27:34.007 13895-13895 CalorieTracker          com.example.nutrisaur11              D  Syncing with 2 added foods for date: 2025-09-25
2025-09-25 11:27:34.007 13895-13895 CalorieTracker          com.example.nutrisaur11              D    Daily foods: 1
2025-09-25 11:27:34.007 13895-13895 CalorieTracker          com.example.nutrisaur11              D    Historical foods: 1
2025-09-25 11:27:34.007 13895-13895 CalorieTracker          com.example.nutrisaur11              D  Available database fields: [is_pregnant, birthday, muac_category, notes, nutritional_risk, weight_kg, height_cm, sex, municipality, muac_cm, screening_date, bmi_category, name, barangay, age, email, bmi]
2025-09-25 11:27:34.008 13895-13895 CalorieTracker          com.example.nutrisaur11              D  Calculated age from birthday '2005-09-25': 20
2025-09-25 11:27:34.008 13895-13895 CalorieTracker          com.example.nutrisaur11              D  Weight field lookup - weight_kg: '50', weight: 'null', final: '50'
2025-09-25 11:27:34.008 13895-13895 CalorieTracker          com.example.nutrisaur11              D  Set weight from database: 50
2025-09-25 11:27:34.008 13895-13895 CalorieTracker          com.example.nutrisaur11              D  Height field lookup - height_cm: '171', height: 'null', final: '171'
2025-09-25 11:27:34.008 13895-13895 CalorieTracker          com.example.nutrisaur11              D  Set height from database: 171
2025-09-25 11:27:34.008 13895-13895 CalorieTracker          com.example.nutrisaur11              D  Created user profile from database data: jsjsh (Age: 20, Weight: 50.0, Height: 171.0, Gender: Male, Activity: Moderate)
2025-09-25 11:27:34.008 13895-13895 CalorieTracker          com.example.nutrisaur11              D  Using user profile from database data
2025-09-25 11:27:34.008 13895-13895 CalorieCal...ionService com.example.nutrisaur11              D  Calculated BMR: 1473.75 for jsjsh
2025-09-25 11:27:34.008 13895-13895 CalorieCal...ionService com.example.nutrisaur11              D  Calculated TDEE: 1768.5 (BMR: 1473.75 × Activity: 1.2)
2025-09-25 11:27:34.008 13895-13895 CalorieCal...ionService com.example.nutrisaur11              D  Calculated daily calorie target: 2268 (TDEE: 1768.5 + Adjustment: 500.0)
2025-09-25 11:27:34.008 13895-13895 CalorieTracker          com.example.nutrisaur11              D  Calculated daily calorie target: 2268
2025-09-25 11:27:34.008 13895-13895 CalorieCal...ionService com.example.nutrisaur11              D  Calculated meal distribution: Breakfast=567, Lunch=793, Dinner=680, Snacks=226
2025-09-25 11:27:34.008 13895-13895 CalorieTracker          com.example.nutrisaur11              D  Calculated meal distribution: Breakfast=567, Lunch=793, Dinner=680, Snacks=226
2025-09-25 11:27:34.008 13895-13895 CalorieTracker          com.example.nutrisaur11              D  Calculated meal distribution: {Breakfast=567, Dinner=680, Snacks=226, Lunch=793}
2025-09-25 11:27:34.008 13895-13895 CalorieTracker          com.example.nutrisaur11              D  Created Breakfast meal with 567 max calories
2025-09-25 11:27:34.008 13895-13895 CalorieTracker          com.example.nutrisaur11              D  Added Sinigang na Baboy (Pork in Tamarind Broth) (350 cal) to Breakfast for date 2025-09-25
2025-09-25 11:27:34.008 13895-13895 CalorieTracker          com.example.nutrisaur11              D  Added Sinigang na Baboy (Pork in Tamarind Broth) (350 cal) to Breakfast for date 2025-09-25
2025-09-25 11:27:34.010 13895-13895 CalorieTracker          com.example.nutrisaur11              D  Synced CalorieTracker with AddedFoodManager for date 2025-09-25. Total meals: 1
2025-09-25 11:27:34.010 13895-13895 CalorieTracker          com.example.nutrisaur11              D  Meal Breakfast: 700/567 kcal
2025-09-25 11:27:34.011 13895-13895 CalorieTracker          com.example.nutrisaur11              D  Set max calories for Breakfast to 696
2025-09-25 11:27:34.011 13895-13895 FoodLoggingActivity     com.example.nutrisaur11              D  Loading personalized foods for Breakfast (BMI: 17.09927841045108, Age: 20)
2025-09-25 11:27:34.023  3030-3326  ActivityManagerWrapper  com.miui.home                        E  getRecentTasks: taskId=9352   userId=0   baseIntent=Intent { act=android.intent.action.MAIN cat=[android.intent.category.LAUNCHER] flg=0x10000000 cmp=com.example.nutrisaur11/.MainActivity }
2025-09-25 11:27:34.064 13895-13895 GeminiCacheManager      com.example.nutrisaur11              D  Found valid cached recommendations for Breakfast on 2025-09-25
2025-09-25 11:27:34.064 13895-13895 FoodLoggingActivity     com.example.nutrisaur11              D  Using cached recommendations for Breakfast
2025-09-25 11:27:34.065 13895-13895 FoodLoggingActivity     com.example.nutrisaur11              D  FoodLoggingActivity created for Breakfast (max 696 kcal)
2025-09-25 11:27:34.065 13895-13895 FoodLoggingActivity     com.example.nutrisaur11              D  Initial food items count: 0
2025-09-25 11:27:34.068 13895-13895 SessionManager          com.example.nutrisaur11              D  User interaction recorded at: 1758770854068
2025-09-25 11:27:34.068 13895-13895 SessionManager          com.example.nutrisaur11              D  No recent valid session found, validating in background
2025-09-25 11:27:34.068 13895-13895 SessionManager          com.example.nutrisaur11              D  Using cached session validation result: false
2025-09-25 11:27:34.071 13895-13895 AddedFoodManager        com.example.nutrisaur11              D  getDailyFoods returned: 3 meal categories for 2025-09-25
2025-09-25 11:27:34.071 13895-13895 AddedFoodManager        com.example.nutrisaur11              D  Meal category Breakfast has 1 foods
2025-09-25 11:27:34.071 13895-13895 AddedFoodManager        com.example.nutrisaur11              D    - Sinigang na Baboy (Pork in Tamarind Broth) in Breakfast
2025-09-25 11:27:34.071 13895-13895 AddedFoodManager        com.example.nutrisaur11              D  Meal category Lunch has 0 foods
2025-09-25 11:27:34.071 13895-13895 AddedFoodManager        com.example.nutrisaur11              D  Meal category Dinner has 0 foods
2025-09-25 11:27:34.071 13895-13895 AddedFoodManager        com.example.nutrisaur11              D  Retrieved 1 foods from NEW daily storage for 2025-09-25
2025-09-25 11:27:34.071 13895-13895 CalorieTracker          com.example.nutrisaur11              D  Syncing with 2 added foods for date: 2025-09-25
2025-09-25 11:27:34.071 13895-13895 CalorieTracker          com.example.nutrisaur11              D    Daily foods: 1
2025-09-25 11:27:34.071 13895-13895 CalorieTracker          com.example.nutrisaur11              D    Historical foods: 1
2025-09-25 11:27:34.071 13895-13895 CalorieTracker          com.example.nutrisaur11              D  Available database fields: [is_pregnant, birthday, muac_category, notes, nutritional_risk, weight_kg, height_cm, sex, municipality, muac_cm, screening_date, bmi_category, name, barangay, age, email, bmi]
2025-09-25 11:27:34.072 13895-13895 CalorieTracker          com.example.nutrisaur11              D  Calculated age from birthday '2005-09-25': 20
2025-09-25 11:27:34.072 13895-13895 CalorieTracker          com.example.nutrisaur11              D  Weight field lookup - weight_kg: '50', weight: 'null', final: '50'
2025-09-25 11:27:34.072 13895-13895 CalorieTracker          com.example.nutrisaur11              D  Set weight from database: 50
2025-09-25 11:27:34.072 13895-13895 CalorieTracker          com.example.nutrisaur11              D  Height field lookup - height_cm: '171', height: 'null', final: '171'
2025-09-25 11:27:34.072 13895-13895 CalorieTracker          com.example.nutrisaur11              D  Set height from database: 171
2025-09-25 11:27:34.072 13895-13895 CalorieTracker          com.example.nutrisaur11              D  Created user profile from database data: jsjsh (Age: 20, Weight: 50.0, Height: 171.0, Gender: Male, Activity: Moderate)
2025-09-25 11:27:34.072 13895-13895 CalorieTracker          com.example.nutrisaur11              D  Using user profile from database data
2025-09-25 11:27:34.072 13895-13895 CalorieCal...ionService com.example.nutrisaur11              D  Calculated BMR: 1473.75 for jsjsh
2025-09-25 11:27:34.072 13895-13895 CalorieCal...ionService com.example.nutrisaur11              D  Calculated TDEE: 1768.5 (BMR: 1473.75 × Activity: 1.2)
2025-09-25 11:27:34.072 13895-13895 CalorieCal...ionService com.example.nutrisaur11              D  Calculated daily calorie target: 2268 (TDEE: 1768.5 + Adjustment: 500.0)
2025-09-25 11:27:34.072 13895-13895 CalorieTracker          com.example.nutrisaur11              D  Calculated daily calorie target: 2268
2025-09-25 11:27:34.072 13895-13895 CalorieCal...ionService com.example.nutrisaur11              D  Calculated meal distribution: Breakfast=567, Lunch=793, Dinner=680, Snacks=226
2025-09-25 11:27:34.072 13895-13895 CalorieTracker          com.example.nutrisaur11              D  Calculated meal distribution: Breakfast=567, Lunch=793, Dinner=680, Snacks=226
2025-09-25 11:27:34.072 13895-13895 CalorieTracker          com.example.nutrisaur11              D  Calculated meal distribution: {Breakfast=567, Dinner=680, Snacks=226, Lunch=793}
2025-09-25 11:27:34.072 13895-13895 CalorieTracker          com.example.nutrisaur11              D  Created Breakfast meal with 567 max calories
2025-09-25 11:27:34.072 13895-13895 CalorieTracker          com.example.nutrisaur11              D  Added Sinigang na Baboy (Pork in Tamarind Broth) (350 cal) to Breakfast for date 2025-09-25
2025-09-25 11:27:34.072 13895-13895 CalorieTracker          com.example.nutrisaur11              D  Added Sinigang na Baboy (Pork in Tamarind Broth) (350 cal) to Breakfast for date 2025-09-25
2025-09-25 11:27:34.074 13895-13895 CalorieTracker          com.example.nutrisaur11              D  Synced CalorieTracker with AddedFoodManager for date 2025-09-25. Total meals: 1
2025-09-25 11:27:34.075 13895-13895 CalorieTracker          com.example.nutrisaur11              D  Meal Breakfast: 700/567 kcal
2025-09-25 11:27:34.075 13895-13895 FoodLoggingActivity     com.example.nutrisaur11              D  Refreshed food data for tab: recent for date: 2025-09-25
2025-09-25 11:27:34.084 13895-13895 FoodLoggingActivity     com.example.nutrisaur11              D  Loaded 0 recent/recommended foods
2025-09-25 11:27:34.084 13895-13895 FoodLoggingActivity     com.example.nutrisaur11              D  Loaded 8 cached foods for Breakfast
2025-09-25 11:27:34.084 13895-13895 FoodLoggingActivity     com.example.nutrisaur11              D  Loaded 8 recent/recommended foods
2025-09-25 11:27:34.110 13895-13895 AddedFoodManager        com.example.nutrisaur11              D  getDailyFoods returned: 3 meal categories for 2025-09-25
2025-09-25 11:27:34.110 13895-13895 AddedFoodManager        com.example.nutrisaur11              D  Meal category Breakfast has 1 foods
2025-09-25 11:27:34.110 13895-13895 AddedFoodManager        com.example.nutrisaur11              D    - Sinigang na Baboy (Pork in Tamarind Broth) in Breakfast
2025-09-25 11:27:34.110 13895-13895 AddedFoodManager        com.example.nutrisaur11              D  Meal category Lunch has 0 foods
2025-09-25 11:27:34.110 13895-13895 AddedFoodManager        com.example.nutrisaur11              D  Meal category Dinner has 0 foods
2025-09-25 11:27:34.110 13895-13895 AddedFoodManager        com.example.nutrisaur11              D  Retrieved 1 foods from NEW daily storage for 2025-09-25
2025-09-25 11:27:34.110 13895-13895 AddedFoodManager        com.example.nutrisaur11              D  Checking if Tapsilog is in Breakfast: false
2025-09-25 11:27:34.110 13895-13895 AddedFoodManager        com.example.nutrisaur11              D  Stored foods for 2025-09-25:
2025-09-25 11:27:34.110 13895-13895 AddedFoodManager        com.example.nutrisaur11              D    - Sinigang na Baboy (Pork in Tamarind Broth) in Breakfast
2025-09-25 11:27:34.117 13895-13895 AddedFoodManager        com.example.nutrisaur11              D  getDailyFoods returned: 3 meal categories for 2025-09-25
2025-09-25 11:27:34.117 13895-13895 AddedFoodManager        com.example.nutrisaur11              D  Meal category Breakfast has 1 foods
2025-09-25 11:27:34.117 13895-13895 AddedFoodManager        com.example.nutrisaur11              D    - Sinigang na Baboy (Pork in Tamarind Broth) in Breakfast
2025-09-25 11:27:34.117 13895-13895 AddedFoodManager        com.example.nutrisaur11              D  Meal category Lunch has 0 foods
2025-09-25 11:27:34.117 13895-13895 AddedFoodManager        com.example.nutrisaur11              D  Meal category Dinner has 0 foods
2025-09-25 11:27:34.117 13895-13895 AddedFoodManager        com.example.nutrisaur11              D  Retrieved 1 foods from NEW daily storage for 2025-09-25
2025-09-25 11:27:34.117 13895-13895 AddedFoodManager        com.example.nutrisaur11              D  Checking if Longganisang Vigan is in Breakfast: false
2025-09-25 11:27:34.117 13895-13895 AddedFoodManager        com.example.nutrisaur11              D  Stored foods for 2025-09-25:
2025-09-25 11:27:34.117 13895-13895 AddedFoodManager        com.example.nutrisaur11              D    - Sinigang na Baboy (Pork in Tamarind Broth) in Breakfast
2025-09-25 11:27:34.124 13895-13895 AddedFoodManager        com.example.nutrisaur11              D  getDailyFoods returned: 3 meal categories for 2025-09-25
2025-09-25 11:27:34.124 13895-13895 AddedFoodManager        com.example.nutrisaur11              D  Meal category Breakfast has 1 foods
2025-09-25 11:27:34.124 13895-13895 AddedFoodManager        com.example.nutrisaur11              D    - Sinigang na Baboy (Pork in Tamarind Broth) in Breakfast
2025-09-25 11:27:34.124 13895-13895 AddedFoodManager        com.example.nutrisaur11              D  Meal category Lunch has 0 foods
2025-09-25 11:27:34.124 13895-13895 AddedFoodManager        com.example.nutrisaur11              D  Meal category Dinner has 0 foods
2025-09-25 11:27:34.124 13895-13895 AddedFoodManager        com.example.nutrisaur11              D  Retrieved 1 foods from NEW daily storage for 2025-09-25
2025-09-25 11:27:34.124 13895-13895 AddedFoodManager        com.example.nutrisaur11              D  Checking if Champorado is in Breakfast: false
2025-09-25 11:27:34.124 13895-13895 AddedFoodManager        com.example.nutrisaur11              D  Stored foods for 2025-09-25:
2025-09-25 11:27:34.124 13895-13895 AddedFoodManager        com.example.nutrisaur11              D    - Sinigang na Baboy (Pork in Tamarind Broth) in Breakfast
2025-09-25 11:27:34.131 13895-13895 AddedFoodManager        com.example.nutrisaur11              D  getDailyFoods returned: 3 meal categories for 2025-09-25
2025-09-25 11:27:34.131 13895-13895 AddedFoodManager        com.example.nutrisaur11              D  Meal category Breakfast has 1 foods
2025-09-25 11:27:34.131 13895-13895 AddedFoodManager        com.example.nutrisaur11              D    - Sinigang na Baboy (Pork in Tamarind Broth) in Breakfast
2025-09-25 11:27:34.131 13895-13895 AddedFoodManager        com.example.nutrisaur11              D  Meal category Lunch has 0 foods
2025-09-25 11:27:34.131 13895-13895 AddedFoodManager        com.example.nutrisaur11              D  Meal category Dinner has 0 foods
2025-09-25 11:27:34.131 13895-13895 AddedFoodManager        com.example.nutrisaur11              D  Retrieved 1 foods from NEW daily storage for 2025-09-25
2025-09-25 11:27:34.131 13895-13895 AddedFoodManager        com.example.nutrisaur11              D  Checking if Pandesal with kesong puti is in Breakfast: false
2025-09-25 11:27:34.131 13895-13895 AddedFoodManager        com.example.nutrisaur11              D  Stored foods for 2025-09-25:
2025-09-25 11:27:34.131 13895-13895 AddedFoodManager        com.example.nutrisaur11              D    - Sinigang na Baboy (Pork in Tamarind Broth) in Breakfast
2025-09-25 11:27:34.138 13895-13895 AddedFoodManager        com.example.nutrisaur11              D  getDailyFoods returned: 3 meal categories for 2025-09-25
2025-09-25 11:27:34.138 13895-13895 AddedFoodManager        com.example.nutrisaur11              D  Meal category Breakfast has 1 foods
2025-09-25 11:27:34.138 13895-13895 AddedFoodManager        com.example.nutrisaur11              D    - Sinigang na Baboy (Pork in Tamarind Broth) in Breakfast
2025-09-25 11:27:34.138 13895-13895 AddedFoodManager        com.example.nutrisaur11              D  Meal category Lunch has 0 foods
2025-09-25 11:27:34.138 13895-13895 AddedFoodManager        com.example.nutrisaur11              D  Meal category Dinner has 0 foods
2025-09-25 11:27:34.138 13895-13895 AddedFoodManager        com.example.nutrisaur11              D  Retrieved 1 foods from NEW daily storage for 2025-09-25
2025-09-25 11:27:34.138 13895-13895 AddedFoodManager        com.example.nutrisaur11              D  Checking if Banana Cue is in Breakfast: false
2025-09-25 11:27:34.138 13895-13895 AddedFoodManager        com.example.nutrisaur11              D  Stored foods for 2025-09-25:
2025-09-25 11:27:34.138 13895-13895 AddedFoodManager        com.example.nutrisaur11              D    - Sinigang na Baboy (Pork in Tamarind Broth) in Breakfast
2025-09-25 11:27:34.145 13895-13895 AddedFoodManager        com.example.nutrisaur11              D  getDailyFoods returned: 3 meal categories for 2025-09-25
2025-09-25 11:27:34.145 13895-13895 AddedFoodManager        com.example.nutrisaur11              D  Meal category Breakfast has 1 foods
2025-09-25 11:27:34.145 13895-13895 AddedFoodManager        com.example.nutrisaur11              D    - Sinigang na Baboy (Pork in Tamarind Broth) in Breakfast
2025-09-25 11:27:34.145 13895-13895 AddedFoodManager        com.example.nutrisaur11              D  Meal category Lunch has 0 foods
2025-09-25 11:27:34.145 13895-13895 AddedFoodManager        com.example.nutrisaur11              D  Meal category Dinner has 0 foods
2025-09-25 11:27:34.145 13895-13895 AddedFoodManager        com.example.nutrisaur11              D  Retrieved 1 foods from NEW daily storage for 2025-09-25
2025-09-25 11:27:34.145 13895-13895 AddedFoodManager        com.example.nutrisaur11              D  Checking if Leche Flan is in Breakfast: false
2025-09-25 11:27:34.145 13895-13895 AddedFoodManager        com.example.nutrisaur11              D  Stored foods for 2025-09-25:
2025-09-25 11:27:34.145 13895-13895 AddedFoodManager        com.example.nutrisaur11              D    - Sinigang na Baboy (Pork in Tamarind Broth) in Breakfast
2025-09-25 11:27:34.151 13895-13895 AddedFoodManager        com.example.nutrisaur11              D  getDailyFoods returned: 3 meal categories for 2025-09-25
2025-09-25 11:27:34.151 13895-13895 AddedFoodManager        com.example.nutrisaur11              D  Meal category Breakfast has 1 foods
2025-09-25 11:27:34.151 13895-13895 AddedFoodManager        com.example.nutrisaur11              D    - Sinigang na Baboy (Pork in Tamarind Broth) in Breakfast
2025-09-25 11:27:34.151 13895-13895 AddedFoodManager        com.example.nutrisaur11              D  Meal category Lunch has 0 foods
2025-09-25 11:27:34.151 13895-13895 AddedFoodManager        com.example.nutrisaur11              D  Meal category Dinner has 0 foods
2025-09-25 11:27:34.152 13895-13895 AddedFoodManager        com.example.nutrisaur11              D  Retrieved 1 foods from NEW daily storage for 2025-09-25
2025-09-25 11:27:34.152 13895-13895 AddedFoodManager        com.example.nutrisaur11              D  Checking if Tocino is in Breakfast: false
2025-09-25 11:27:34.152 13895-13895 AddedFoodManager        com.example.nutrisaur11              D  Stored foods for 2025-09-25:
2025-09-25 11:27:34.152 13895-13895 AddedFoodManager        com.example.nutrisaur11              D    - Sinigang na Baboy (Pork in Tamarind Broth) in Breakfast
2025-09-25 11:27:34.168 13895-13895 DecorView[]             com.example.nutrisaur11              D  onWindowFocusChanged hasWindowFocus false
2025-09-25 11:27:34.179 13895-13914 OpenGLRenderer          com.example.nutrisaur11              I  Davey! duration=9223131321694ms; Flags=1, FrameTimelineVsyncId=14872339, IntendedVsync=240715160150988, Vsync=240715160150988, InputEventId=0, HandleInputStart=240715162714265, AnimationStart=240715162716609, PerformTraversalsStart=240715162717807, DrawStart=240715229524578, FrameDeadline=240715176817654, FrameInterval=240715162702755, FrameStartTime=16666666, SyncQueued=240715234861036, SyncStart=240715235301192, IssueDrawCommandsStart=240715235457703, SwapBuffers=240715240119942, FrameCompleted=9223372036854775807, DequeueBufferDuration=13750, QueueBufferDuration=1172917, GpuCompleted=9223372036854775807, SwapBuffersCompleted=240715241651140, DisplayPresentTime=0, 
2025-09-25 11:27:34.206 13895-13895 DecorView[]             com.example.nutrisaur11              D  onWindowFocusChanged hasWindowFocus true
2025-09-25 11:27:34.216 13895-13895 SessionManager          com.example.nutrisaur11              D  User marked as idle
2025-09-25 11:27:34.607 13895-13943 CommunityUserManager    com.example.nutrisaur11              D  API response code: 200
2025-09-25 11:27:34.607 13895-13943 CommunityUserManager    com.example.nutrisaur11              D  API response message: 
2025-09-25 11:27:34.610 13895-13943 CommunityUserManager    com.example.nutrisaur11              D  API response for get_community_user_data: {"success":true,"message":"User data retrieved successfully","user":{"name":"jsjsh","email":"uehwhzueje@ss.e","municipality":"MARIVELES","barangay":"Alion","sex":"Male","birthday":"2005-09-25","age":"","is_pregnant":"N\/A","weight":"50","height":"171","muac_cm":"","bmi":"","bmi_category":"","muac_category":"","screening_date":"2025-09-24 17:30:05","screened_by":"","notes":"","status":"","created_at":"","updated_at":""}}
2025-09-25 11:27:34.610 13895-13943 CommunityUserManager    com.example.nutrisaur11              D  Retrieved user data from database:
2025-09-25 11:27:34.610 13895-13943 CommunityUserManager    com.example.nutrisaur11              D    birthday: 2005-09-25
2025-09-25 11:27:34.610 13895-13943 CommunityUserManager    com.example.nutrisaur11              D    is_pregnant: N/A
2025-09-25 11:27:34.610 13895-13943 CommunityUserManager    com.example.nutrisaur11              D    muac_category: 
2025-09-25 11:27:34.610 13895-13943 CommunityUserManager    com.example.nutrisaur11              D    notes: 
2025-09-25 11:27:34.610 13895-13943 CommunityUserManager    com.example.nutrisaur11              D    weight_kg: 50
2025-09-25 11:27:34.610 13895-13943 CommunityUserManager    com.example.nutrisaur11              D    nutritional_risk: 
2025-09-25 11:27:34.610 13895-13943 CommunityUserManager    com.example.nutrisaur11              D    height_cm: 171
2025-09-25 11:27:34.610 13895-13943 CommunityUserManager    com.example.nutrisaur11              D    sex: Male
2025-09-25 11:27:34.610 13895-13943 CommunityUserManager    com.example.nutrisaur11              D    municipality: MARIVELES
2025-09-25 11:27:34.610 13895-13943 CommunityUserManager    com.example.nutrisaur11              D    muac_cm: 
