2025-10-14 03:11:56.750 14165-14165 SessionManager          com.example.nutrisaur11              D  === PERIODIC SESSION VALIDATION ===
2025-10-14 03:11:57.403 14165-14165 SessionManager          com.example.nutrisaur11              D  User interaction recorded at: 1760382717403
2025-10-14 03:11:57.470 14165-14165 SessionManager          com.example.nutrisaur11              D  User interaction recorded at: 1760382717470
2025-10-14 03:11:57.471 14165-14165 SessionManager          com.example.nutrisaur11              D  Using cached session validation result: true
2025-10-14 03:11:57.493 14165-14165 SessionManager          com.example.nutrisaur11              D  User interaction recorded at: 1760382717493
2025-10-14 03:11:57.494 14165-14165 SessionManager          com.example.nutrisaur11              D  User marked as idle
2025-10-14 03:11:57.512 14165-14165 SessionManager          com.example.nutrisaur11              D  User interaction recorded at: 1760382717512
2025-10-14 03:11:57.512 14165-14165 SessionManager          com.example.nutrisaur11              D  === REAL-TIME SESSION VALIDATION ===
2025-10-14 03:11:57.512 14165-14165 SessionManager          com.example.nutrisaur11              D  Using cached valid session
2025-10-14 03:11:57.514 14165-14165 IS_CTS_MODE             com.example.nutrisaur11              D  false
2025-10-14 03:11:57.514 14165-14165 MULTI_WIND...CH_ENABLED com.example.nutrisaur11              D  false
2025-10-14 03:11:57.515 14165-14165 DecorView[]             com.example.nutrisaur11              D  getWindowModeFromSystem  windowmode is 1
2025-10-14 03:11:57.608  3040-3351  ActivityManagerWrapper  com.miui.home                        E  getRecentTasks: taskId=11211   userId=0   baseIntent=Intent { act=android.intent.action.MAIN cat=[android.intent.category.LAUNCHER] flg=0x10000000 cmp=com.example.nutrisaur11/.SplashActivity }
2025-10-14 03:11:57.645 14165-14165 FoodActivity            com.example.nutrisaur11              D  FoodActivity onCreate started
2025-10-14 03:11:57.646 14165-14165 DailyResetManager       com.example.nutrisaur11              D  Same day, no reset needed. Current: 2025-10-14
2025-10-14 03:11:57.647 14165-14165 FoodActivity            com.example.nutrisaur11              D  Updated shared preferences with current date: 2025-10-14
2025-10-14 03:11:57.647 14165-14165 FoodActivity            com.example.nutrisaur11              D  Date navigation initialized with date: 2025-10-14
2025-10-14 03:11:57.648 14165-14165 FoodActivity            com.example.nutrisaur11              D  Date display updated to: 2025-10-14
2025-10-14 03:11:57.648 14165-14165 FoodActivity            com.example.nutrisaur11              D  Nutrition views initialized
2025-10-14 03:11:57.648 14165-14165 FoodActivity            com.example.nutrisaur11              D  Views initialized
2025-10-14 03:11:57.649 14165-14165 FoodActivity            com.example.nutrisaur11              D  Data update receiver registered
2025-10-14 03:11:57.649 14165-14165 FoodActivity            com.example.nutrisaur11              D  Fetching user screening data from community_users table...
2025-10-14 03:11:57.650 14165-14716 CommunityUserManager    com.example.nutrisaur11              D  === GETTING CURRENT USER DATA FROM DATABASE (NON-BLOCKING) ===
2025-10-14 03:11:57.650 14165-14716 CommunityUserManager    com.example.nutrisaur11              D  Retrieved cached user data for: kevinpingol123@gmail.com
2025-10-14 03:11:57.650 14165-14716 CommunityUserManager    com.example.nutrisaur11              D  Returning cached user data to prevent ANR
2025-10-14 03:11:57.650 14165-14716 FoodActivity            com.example.nutrisaur11              D  User screening data fetched from community_users table
2025-10-14 03:11:57.653 14165-14165 SessionManager          com.example.nutrisaur11              D  User interaction recorded at: 1760382717653
2025-10-14 03:11:57.653 14165-14165 SessionManager          com.example.nutrisaur11              D  === REAL-TIME SESSION VALIDATION ===
2025-10-14 03:11:57.653 14165-14165 SessionManager          com.example.nutrisaur11              D  Using cached valid session
2025-10-14 03:11:57.653 14165-14165 CommunityUserManager    com.example.nutrisaur11              D  === CHECKING ARCHIVE STATUS ===
2025-10-14 03:11:57.653 14165-14165 CommunityUserManager    com.example.nutrisaur11              D  === FORCE REFRESHING USER DATA FROM DATABASE ===
2025-10-14 03:11:57.653 14165-14165 CommunityUserManager    com.example.nutrisaur11              D  Force refreshing data for: kevinpingol123@gmail.com
2025-10-14 03:11:57.654 14165-14165 CommunityUserManager    com.example.nutrisaur11              D  === CHECKING USER EXISTENCE ===
2025-10-14 03:11:57.654 14165-14165 CommunityUserManager    com.example.nutrisaur11              D  === FORCE REFRESHING USER DATA FROM DATABASE ===
2025-10-14 03:11:57.655 14165-14165 CommunityUserManager    com.example.nutrisaur11              D  Force refreshing data for: kevinpingol123@gmail.com
2025-10-14 03:11:57.655 14165-14165 CommunityUserManager    com.example.nutrisaur11              D  === CHECKING ARCHIVE STATUS ===
2025-10-14 03:11:57.655 14165-14165 CommunityUserManager    com.example.nutrisaur11              D  === FORCE REFRESHING USER DATA FROM DATABASE ===
2025-10-14 03:11:57.655 14165-14165 CommunityUserManager    com.example.nutrisaur11              D  Force refreshing data for: kevinpingol123@gmail.com
2025-10-14 03:11:57.655 14165-14165 FoodActivity            com.example.nutrisaur11              D  FoodActivity onResume - refreshing meal progress
2025-10-14 03:11:57.655 14165-14165 FoodActivity            com.example.nutrisaur11              D  About to call syncFoodHistoryFromDatabase()
2025-10-14 03:11:57.655 14165-14165 FoodActivity            com.example.nutrisaur11              D  === SYNCING FOOD HISTORY FROM DATABASE ===
2025-10-14 03:11:57.655 14165-14165 FoodActivity            com.example.nutrisaur11              D  Sync Debug - User email: 'kevinpingol123@gmail.com'
2025-10-14 03:11:57.655 14165-14165 FoodActivity            com.example.nutrisaur11              D  Sync Debug - Current date: '2025-10-14'
2025-10-14 03:11:57.655 14165-14165 FoodActivity            com.example.nutrisaur11              D  Sync Debug - About to create ApiClient and call downloadFoodHistory
2025-10-14 03:11:57.655 14165-14165 FoodActivity            com.example.nutrisaur11              D  Syncing food history for user: kevinpingol123@gmail.com on date: 2025-10-14
2025-10-14 03:11:57.655 14165-14165 ApiClient               com.example.nutrisaur11              D  === DOWNLOAD FOOD HISTORY CALLED ===
2025-10-14 03:11:57.655 14165-14165 ApiClient               com.example.nutrisaur11              D  User: kevinpingol123@gmail.com, Start: 2025-10-14, End: 2025-10-14
2025-10-14 03:11:57.656 14165-14165 FoodHistorySyncManager  com.example.nutrisaur11              D  Syncing flag metadata for user: kevinpingol123@gmail.com
2025-10-14 03:11:57.656 14165-14165 FoodActivity            com.example.nutrisaur11              D  Finished calling syncFoodHistoryFromDatabase()
2025-10-14 03:11:57.656 14165-14165 FoodActivity            com.example.nutrisaur11              D  Refreshing meal progress on resume
2025-10-14 03:11:57.656 14165-14165 FoodActivity            com.example.nutrisaur11              D  Syncing CalorieTracker with AddedFoodManager for date: 2025-10-14
2025-10-14 03:11:57.658 14165-14719 CommunityUserManager    com.example.nutrisaur11              D  Making API request to: https://nutrisaur-production.up.railway.app/api/DatabaseAPI.php?action=get_community_user_data
2025-10-14 03:11:57.658 14165-14719 CommunityUserManager    com.example.nutrisaur11              D  Request data: {"email":"kevinpingol123@gmail.com"}
2025-10-14 03:11:57.659 14165-14165 CalorieTracker          com.example.nutrisaur11              D  Syncing with 4 added foods for date: 2025-10-14
2025-10-14 03:11:57.659 14165-14165 CalorieTracker          com.example.nutrisaur11              D    Daily foods: 4
2025-10-14 03:11:57.659 14165-14165 CalorieTracker          com.example.nutrisaur11              D  Available database fields: [birthday, is_pregnant, muac_category, notes, weight_kg, nutritional_risk, height_cm, sex, municipality, muac_cm, screening_date, bmi_category, name, barangay, email, age, bmi, status]
2025-10-14 03:11:57.660 14165-14165 CalorieTracker          com.example.nutrisaur11              D  Calculated age from birthday '2005-10-10': 20
2025-10-14 03:11:57.660 14165-14165 CalorieTracker          com.example.nutrisaur11              D  Weight field lookup - weight_kg: '50', weight: 'null', final: '50'
2025-10-14 03:11:57.660 14165-14165 CalorieTracker          com.example.nutrisaur11              D  Set weight from database: 50
2025-10-14 03:11:57.660 14165-14165 CalorieTracker          com.example.nutrisaur11              D  Height field lookup - height_cm: '171', height: 'null', final: '171'
2025-10-14 03:11:57.660 14165-14165 CalorieTracker          com.example.nutrisaur11              D  Set height from database: 171
2025-10-14 03:11:57.660 14165-14165 CalorieTracker          com.example.nutrisaur11              D  Created user profile from database data: Pingol , Kevin C. (Age: 20, Weight: 50.0, Height: 171.0, Gender: Male, Activity: Moderate)
2025-10-14 03:11:57.660 14165-14165 CalorieTracker          com.example.nutrisaur11              D  Using user profile from database data
2025-10-14 03:11:57.660 14165-14165 KcalSuggestionCache     com.example.nutrisaur11              D  User profile changed, cache invalid
2025-10-14 03:11:57.660 14165-14165 CalorieTracker          com.example.nutrisaur11              D  No valid AI cache found, using fallback calculation...
2025-10-14 03:11:57.660 14165-14165 CalorieCal...ionService com.example.nutrisaur11              D  Calculated BMR: 1473.75 for Pingol , Kevin C.
2025-10-14 03:11:57.660 14165-14165 CalorieCal...ionService com.example.nutrisaur11              D  Calculated TDEE: 2284.3125 (BMR: 1473.75 × Activity: 1.55)
2025-10-14 03:11:57.660 14165-14165 CalorieCal...ionService com.example.nutrisaur11              D  Calculated daily calorie target: 2784 (TDEE: 2284.3125 + Adjustment: 500.0)
2025-10-14 03:11:57.660 14165-14165 CalorieTracker          com.example.nutrisaur11              D  Using fallback calculation (AI will update cache): 2784
2025-10-14 03:11:57.660 14165-14718 CommunityUserManager    com.example.nutrisaur11              D  Making API request to: https://nutrisaur-production.up.railway.app/api/DatabaseAPI.php?action=get_community_user_data
2025-10-14 03:11:57.660 14165-14165 CalorieTracker          com.example.nutrisaur11              D  Using AI-calculated daily calorie target: 2784
2025-10-14 03:11:57.660 14165-14165 CalorieCal...ionService com.example.nutrisaur11              D  Calculated meal distribution: Breakfast=696, Lunch=974, Dinner=835, Snacks=278
2025-10-14 03:11:57.660 14165-14165 CalorieTracker          com.example.nutrisaur11              D  Calculated meal distribution: Breakfast=696, Lunch=974, Dinner=835, Snacks=278
2025-10-14 03:11:57.660 14165-14718 CommunityUserManager    com.example.nutrisaur11              D  Request data: {"email":"kevinpingol123@gmail.com"}
2025-10-14 03:11:57.660 14165-14165 CalorieTracker          com.example.nutrisaur11              D  Calculated meal distribution: {Breakfast=696, Dinner=835, Snacks=278, Lunch=974}
2025-10-14 03:11:57.660 14165-14165 CalorieTracker          com.example.nutrisaur11              D  Created Breakfast meal with 696 max calories
2025-10-14 03:11:57.661 14165-14165 CalorieTracker          com.example.nutrisaur11              D  Added Champorado (450 cal) to Breakfast for date 2025-10-14
2025-10-14 03:11:57.661 14165-14165 CalorieTracker          com.example.nutrisaur11              D  Added Tapsilog (600 cal) to Breakfast for date 2025-10-14
2025-10-14 03:11:57.661 14165-14165 CalorieTracker          com.example.nutrisaur11              D  Added Longsilog (550 cal) to Breakfast for date 2025-10-14
2025-10-14 03:11:57.661 14165-14165 CalorieTracker          com.example.nutrisaur11              D  Added Pandesal with Cheese and Eggs (400 cal) to Breakfast for date 2025-10-14
2025-10-14 03:11:57.661 14165-14720 ApiClient               com.example.nutrisaur11              D  Download URL: https://nutrisaur-production.up.railway.app/api/food_history_api.php?action=get_user_history&user_email=kevinpingol123@gmail.com&start_date=2025-10-14&end_date=2025-10-14
2025-10-14 03:11:57.663 14165-14723 NutritionService        com.example.nutrisaur11              D  Starting nutrition recommendations...
2025-10-14 03:11:57.663 14165-14723 NutritionService        com.example.nutrisaur11              D  Getting user profile from SharedPreferences...
2025-10-14 03:11:57.663 14165-14717 CommunityUserManager    com.example.nutrisaur11              D  Making API request to: https://nutrisaur-production.up.railway.app/api/DatabaseAPI.php?action=get_community_user_data
2025-10-14 03:11:57.663 14165-14723 NutritionService        com.example.nutrisaur11              D  User data: name=, age=25, weight=70.0, height=170.0
2025-10-14 03:11:57.663 14165-14717 CommunityUserManager    com.example.nutrisaur11              D  Request data: {"email":"kevinpingol123@gmail.com"}
2025-10-14 03:11:57.663 14165-14723 NutritionService        com.example.nutrisaur11              D  User profile loaded: , BMI: 24.221453287197235
2025-10-14 03:11:57.664 14165-14723 KcalSuggestionCache     com.example.nutrisaur11              D  Cached kcal suggestion is valid
2025-10-14 03:11:57.664 14165-14723 NutritionService        com.example.nutrisaur11              D  Using cached kcal suggestion - user profile unchanged
2025-10-14 03:11:57.664 14165-14723 KcalSuggestionCache     com.example.nutrisaur11              D  Successfully loaded cached kcal suggestion
2025-10-14 03:11:57.664 14165-14723 CalorieTracker          com.example.nutrisaur11              D  Background AI calculation completed: 2545
2025-10-14 03:11:57.667 14165-14165 CalorieTracker          com.example.nutrisaur11              D  Synced CalorieTracker with AddedFoodManager for date 2025-10-14. Total meals: 1
2025-10-14 03:11:57.667 14165-14165 CalorieTracker          com.example.nutrisaur11              D  Meal Breakfast: 2000/696 kcal
2025-10-14 03:11:57.674 14165-14165 FoodActivity            com.example.nutrisaur11              D  Loading nutrition data for selected date: 2025-10-14
2025-10-14 03:11:57.742 14165-14720 ApiClient               com.example.nutrisaur11              D  Download food history response: {"success":true,"data":[{"id":44,"user_email":"kevinpingol123@gmail.com","date":"2025-10-14","meal_category":"Breakfast","food_name":"Champorado","calories":450,"serving_size":"Generous bowl with 2 tablespoons of condensed milk","protein":"8.00","carbs":"70.00","fat":"15.00","fiber":"0.00","created_at":"2025-10-13 19:06:07","is_flagged":0,"is_day_flagged":0,"mho_comment":null,"flagged_by":null,"flagged_at":null,"is_mho_recommended":0,"emoji":"\ud83c\udf5a"},{"id":46,"user_email":"kevinpingol123@gmail.com","date":"2025-10-14","meal_category":"Breakfast","food_name":"Longsilog","calories":550,"serving_size":"Large plate with 2 eggs","protein":"25.00","carbs":"40.00","fat":"35.00","fiber":"0.00","created_at":"2025-10-13 19:06:08","is_flagged":0,"is_day_flagged":0,"mho_comment":null,"flagged_by":null,"flagged_at":null,"is_mho_recommended":0,"emoji":"\ud83c\udf73"},{"id":47,"user_email":"kevinpingol123@gmail.com","date":"2025-10-14","meal_category":"Breakfast","food_name":"Pandesal with Cheese and Eggs","calories":400,"serving_size":"3 pieces, each with cheese and scrambled egg","protein":"15.00","carbs":"40.00","fat":"20.00","fiber":"0.00","created_at":"2025-10-13 19:06:08","is_flagged":0,"is_day_flagged":0,"mho_comment":null,"flagged_by":null,"flagged_at":null,"is_mho_recommended":0,"emoji":"\ud83e\uddc0"},{"id":45,"user_email":"kevinpingol123@gmail.com","date":"2025-10-14","meal_category":"Breakfast","food_name":"Tapsilog","calories":600,"serving_size":"Large plate with 2 eggs","protein":"35.00","carbs":"50.00","fat":"30.00","fiber":"0.00","created_at":"2025-10-13 19:06:07","is_flagged":0,"is_day_flagged":0,"mho_comment":null,"flagged_by":null,"flagged_at":null,"is_mho_recommended":0,"emoji":"\ud83c\udf73"}],"count":4}
2025-10-14 03:11:57.760 14165-14165 DecorView[]             com.example.nutrisaur11              D  onWindowFocusChanged hasWindowFocus false
2025-10-14 03:11:57.761 14165-14165 FoodHistorySyncManager  com.example.nutrisaur11              D  Flag metadata synced successfully
2025-10-14 03:11:57.765 14165-14577 OpenGLRenderer          com.example.nutrisaur11              I  Davey! duration=9223311593098ms; Flags=1, FrameTimelineVsyncId=2531692, IntendedVsync=60443755992094, Vsync=60443755992094, InputEventId=0, HandleInputStart=60443756410221, AnimationStart=60443756414752, PerformTraversalsStart=60443756417930, DrawStart=60443816742409, FrameDeadline=60443772658760, FrameInterval=60443756387617, FrameStartTime=16666666, SyncQueued=60443830157305, SyncStart=60443830645117, IssueDrawCommandsStart=60443830880742, SwapBuffers=60443833599805, FrameCompleted=9223372036854775807, DequeueBufferDuration=13020, QueueBufferDuration=1029896, GpuCompleted=9223372036854775807, SwapBuffersCompleted=60443834910482, DisplayPresentTime=0, 
2025-10-14 03:11:57.767 14165-14165 FoodActivity            com.example.nutrisaur11              D  Download successful, parsing response...
2025-10-14 03:11:57.767 14165-14165 FoodActivity            com.example.nutrisaur11              D  === PARSING FOOD HISTORY ===
2025-10-14 03:11:57.767 14165-14165 FoodActivity            com.example.nutrisaur11              D  JSON Response: {"success":true,"data":[{"id":44,"user_email":"kevinpingol123@gmail.com","date":"2025-10-14","meal_category":"Breakfast","food_name":"Champorado","calories":450,"serving_size":"Generous bowl with 2 tablespoons of condensed milk","protein":"8.00","carbs":"70.00","fat":"15.00","fiber":"0.00","created_at":"2025-10-13 19:06:07","is_flagged":0,"is_day_flagged":0,"mho_comment":null,"flagged_by":null,"flagged_at":null,"is_mho_recommended":0,"emoji":"\ud83c\udf5a"},{"id":46,"user_email":"kevinpingol123@gmail.com","date":"2025-10-14","meal_category":"Breakfast","food_name":"Longsilog","calories":550,"serving_size":"Large plate with 2 eggs","protein":"25.00","carbs":"40.00","fat":"35.00","fiber":"0.00","created_at":"2025-10-13 19:06:08","is_flagged":0,"is_day_flagged":0,"mho_comment":null,"flagged_by":null,"flagged_at":null,"is_mho_recommended":0,"emoji":"\ud83c\udf73"},{"id":47,"user_email":"kevinpingol123@gmail.com","date":"2025-10-14","meal_category":"Breakfast","food_name":"Pandesal with Cheese and Eggs","calories":400,"serving_size":"3 pieces, each with cheese and scrambled egg","protein":"15.00","carbs":"40.00","fat":"20.00","fiber":"0.00","created_at":"2025-10-13 19:06:08","is_flagged":0,"is_day_flagged":0,"mho_comment":null,"flagged_by":null,"flagged_at":null,"is_mho_recommended":0,"emoji":"\ud83e\uddc0"},{"id":45,"user_email":"kevinpingol123@gmail.com","date":"2025-10-14","meal_category":"Breakfast","food_name":"Tapsilog","calories":600,"serving_size":"Large plate with 2 eggs","protein":"35.00","carbs":"50.00","fat":"30.00","fiber":"0.00","created_at":"2025-10-13 19:06:07","is_flagged":0,"is_day_flagged":0,"mho_comment":null,"flagged_by":null,"flagged_at":null,"is_mho_recommended":0,"emoji":"\ud83c\udf73"}],"count":4}
2025-10-14 03:11:57.768 14165-14165 FoodActivity            com.example.nutrisaur11              D  Parsing 4 food items from server
2025-10-14 03:11:57.768 14165-14165 FoodActivity            com.example.nutrisaur11              D  === STORING FOOD DATA IN LOCAL STORAGE ===
2025-10-14 03:11:57.768 14165-14165 FoodActivity            com.example.nutrisaur11              D  Storing 1 dates of food data for user: kevinpingol123@gmail.com
2025-10-14 03:11:57.769 14165-14165 FoodActivity            com.example.nutrisaur11              D  Date 2025-10-14 has 1 meal categories
2025-10-14 03:11:57.769 14165-14165 FoodActivity            com.example.nutrisaur11              D    Breakfast: 4 foods
2025-10-14 03:11:57.772 14165-14165 FoodActivity            com.example.nutrisaur11              D  ⏭️ Skipping: Champorado already exists in Breakfast for 2025-10-14
2025-10-14 03:11:57.774 14165-14165 FoodActivity            com.example.nutrisaur11              D  ⏭️ Skipping: Longsilog already exists in Breakfast for 2025-10-14
2025-10-14 03:11:57.775 14165-14165 FoodActivity            com.example.nutrisaur11              D  ⏭️ Skipping: Pandesal with Cheese and Eggs already exists in Breakfast for 2025-10-14
2025-10-14 03:11:57.776 14165-14165 FoodActivity            com.example.nutrisaur11              D  ⏭️ Skipping: Tapsilog already exists in Breakfast for 2025-10-14
2025-10-14 03:11:57.776 14165-14165 FoodActivity            com.example.nutrisaur11              D  ✅ Food history sync completed successfully
2025-10-14 03:11:57.776 14165-14165 FoodActivity            com.example.nutrisaur11              D  Refreshing UI after sync...
2025-10-14 03:11:57.776 14165-14165 FoodActivity            com.example.nutrisaur11              D  Refreshing meal progress on resume
2025-10-14 03:11:57.777 14165-14165 FoodActivity            com.example.nutrisaur11              D  Syncing CalorieTracker with AddedFoodManager for date: 2025-10-14
2025-10-14 03:11:57.780 14165-14165 CalorieTracker          com.example.nutrisaur11              D  Syncing with 4 added foods for date: 2025-10-14
2025-10-14 03:11:57.780 14165-14165 CalorieTracker          com.example.nutrisaur11              D    Daily foods: 4
2025-10-14 03:11:57.780 14165-14165 CalorieTracker          com.example.nutrisaur11              D  Available database fields: [birthday, is_pregnant, muac_category, notes, weight_kg, nutritional_risk, height_cm, sex, municipality, muac_cm, screening_date, bmi_category, name, barangay, email, age, bmi, status]
2025-10-14 03:11:57.781 14165-14165 CalorieTracker          com.example.nutrisaur11              D  Calculated age from birthday '2005-10-10': 20
2025-10-14 03:11:57.781 14165-14165 CalorieTracker          com.example.nutrisaur11              D  Weight field lookup - weight_kg: '50', weight: 'null', final: '50'
2025-10-14 03:11:57.781 14165-14165 CalorieTracker          com.example.nutrisaur11              D  Set weight from database: 50
2025-10-14 03:11:57.781 14165-14165 CalorieTracker          com.example.nutrisaur11              D  Height field lookup - height_cm: '171', height: 'null', final: '171'
2025-10-14 03:11:57.781 14165-14165 CalorieTracker          com.example.nutrisaur11              D  Set height from database: 171
2025-10-14 03:11:57.781 14165-14165 CalorieTracker          com.example.nutrisaur11              D  Created user profile from database data: Pingol , Kevin C. (Age: 20, Weight: 50.0, Height: 171.0, Gender: Male, Activity: Moderate)
2025-10-14 03:11:57.781 14165-14165 CalorieTracker          com.example.nutrisaur11              D  Using user profile from database data
2025-10-14 03:11:57.781 14165-14165 KcalSuggestionCache     com.example.nutrisaur11              D  User profile changed, cache invalid
2025-10-14 03:11:57.781 14165-14165 CalorieTracker          com.example.nutrisaur11              D  No valid AI cache found, using fallback calculation...
2025-10-14 03:11:57.781 14165-14165 CalorieCal...ionService com.example.nutrisaur11              D  Calculated BMR: 1473.75 for Pingol , Kevin C.
2025-10-14 03:11:57.781 14165-14165 CalorieCal...ionService com.example.nutrisaur11              D  Calculated TDEE: 2284.3125 (BMR: 1473.75 × Activity: 1.55)
2025-10-14 03:11:57.781 14165-14165 CalorieCal...ionService com.example.nutrisaur11              D  Calculated daily calorie target: 2784 (TDEE: 2284.3125 + Adjustment: 500.0)
2025-10-14 03:11:57.781 14165-14165 CalorieTracker          com.example.nutrisaur11              D  Using fallback calculation (AI will update cache): 2784
2025-10-14 03:11:57.782 14165-14165 CalorieTracker          com.example.nutrisaur11              D  Using AI-calculated daily calorie target: 2784
2025-10-14 03:11:57.782 14165-14165 CalorieCal...ionService com.example.nutrisaur11              D  Calculated meal distribution: Breakfast=696, Lunch=974, Dinner=835, Snacks=278
2025-10-14 03:11:57.782 14165-14165 CalorieTracker          com.example.nutrisaur11              D  Calculated meal distribution: Breakfast=696, Lunch=974, Dinner=835, Snacks=278
2025-10-14 03:11:57.782 14165-14165 CalorieTracker          com.example.nutrisaur11              D  Calculated meal distribution: {Breakfast=696, Dinner=835, Snacks=278, Lunch=974}
2025-10-14 03:11:57.782 14165-14165 CalorieTracker          com.example.nutrisaur11              D  Created Breakfast meal with 696 max calories
2025-10-14 03:11:57.782 14165-14165 CalorieTracker          com.example.nutrisaur11              D  Added Champorado (450 cal) to Breakfast for date 2025-10-14
2025-10-14 03:11:57.782 14165-14165 CalorieTracker          com.example.nutrisaur11              D  Added Tapsilog (600 cal) to Breakfast for date 2025-10-14
2025-10-14 03:11:57.782 14165-14165 CalorieTracker          com.example.nutrisaur11              D  Added Longsilog (550 cal) to Breakfast for date 2025-10-14
2025-10-14 03:11:57.782 14165-14165 CalorieTracker          com.example.nutrisaur11              D  Added Pandesal with Cheese and Eggs (400 cal) to Breakfast for date 2025-10-14
2025-10-14 03:11:57.791 14165-14165 CalorieTracker          com.example.nutrisaur11              D  Synced CalorieTracker with AddedFoodManager for date 2025-10-14. Total meals: 1
2025-10-14 03:11:57.791 14165-14165 CalorieTracker          com.example.nutrisaur11              D  Meal Breakfast: 2000/696 kcal
2025-10-14 03:11:57.791 14165-14165 FoodActivity            com.example.nutrisaur11              D  Flagging Analysis - Level: none, Day Flagged: false, Flagged Meals: [], Flagged Foods: 0
2025-10-14 03:11:57.791 14165-14165 FoodActivity            com.example.nutrisaur11              D  Loading nutrition data with user data from community_users table...
2025-10-14 03:11:57.792 14165-14727 NutritionService        com.example.nutrisaur11              D  Starting nutrition recommendations...
2025-10-14 03:11:57.792 14165-14727 NutritionService        com.example.nutrisaur11              D  Getting user profile from SharedPreferences...
2025-10-14 03:11:57.792 14165-14727 NutritionService        com.example.nutrisaur11              D  User data: name=, age=25, weight=70.0, height=170.0
2025-10-14 03:11:57.792 14165-14727 NutritionService        com.example.nutrisaur11              D  User profile loaded: , BMI: 24.221453287197235
2025-10-14 03:11:57.792 14165-14727 KcalSuggestionCache     com.example.nutrisaur11              D  Cached kcal suggestion is valid
2025-10-14 03:11:57.792 14165-14727 NutritionService        com.example.nutrisaur11              D  Using cached kcal suggestion - user profile unchanged
2025-10-14 03:11:57.792 14165-14727 KcalSuggestionCache     com.example.nutrisaur11              D  Successfully loaded cached kcal suggestion
2025-10-14 03:11:57.792 14165-14728 NutritionService        com.example.nutrisaur11              D  Starting nutrition recommendations with database user data...
2025-10-14 03:11:57.793 14165-14728 NutritionService        com.example.nutrisaur11              D  Creating user profile from community_users table data...
2025-10-14 03:11:57.793 14165-14727 CalorieTracker          com.example.nutrisaur11              D  Background AI calculation completed: 2545
2025-10-14 03:11:57.793 14165-14728 NutritionService        com.example.nutrisaur11              D  Calculated age from birthday '2005-10-10': 20
2025-10-14 03:11:57.793 14165-14728 NutritionService        com.example.nutrisaur11              D  Database user data: name=Pingol , Kevin C., age=20, weight=50.0, height=171.0, gender=Male
2025-10-14 03:11:57.793 14165-14728 NutritionService        com.example.nutrisaur11              D  User profile created from database: Pingol , Kevin C., BMI: 17.09927841045108
2025-10-14 03:11:57.794 14165-14728 KcalSuggestionCache     com.example.nutrisaur11              D  User profile changed, cache invalid
2025-10-14 03:11:57.794 14165-14728 NutritionService        com.example.nutrisaur11              D  User profile changed or cache expired - calculating new nutrition data...
2025-10-14 03:11:57.794 14165-14728 NutritionService        com.example.nutrisaur11              D  Calculating nutrition data for user: Pingol , Kevin C.
2025-10-14 03:11:57.794 14165-14728 CalorieCal...ionService com.example.nutrisaur11              D  Calculated BMR: 1473.75 for Pingol , Kevin C.
2025-10-14 03:11:57.794 14165-14728 CalorieCal...ionService com.example.nutrisaur11              D  Calculated TDEE: 2284.3125 (BMR: 1473.75 × Activity: 1.55)
2025-10-14 03:11:57.794 14165-14728 CalorieCal...ionService com.example.nutrisaur11              D  Calculated daily calorie target: 2784 (TDEE: 2284.3125 + Adjustment: 500.0)
2025-10-14 03:11:57.794 14165-14728 CalorieCal...ionService com.example.nutrisaur11              D  Calculated protein target: 110.00000000000001g (2.2g/kg)
2025-10-14 03:11:57.794 14165-14728 CalorieCal...ionService com.example.nutrisaur11              D  Calculated fat target: 92.8g (30% of 2784 calories)
2025-10-14 03:11:57.794 14165-14728 CalorieCal...ionService com.example.nutrisaur11              D  Calculated carb target: 377.20000000000005g
2025-10-14 03:11:57.794 14165-14728 CalorieCal...ionService com.example.nutrisaur11              D  Calculated meal distribution: Breakfast=696, Lunch=974, Dinner=835, Snacks=278
2025-10-14 03:11:57.794 14165-14728 NutritionService        com.example.nutrisaur11              D  Calculated nutrition data: 2784 calories, 110.00000000000001g protein, 377.20000000000005g carbs, 92.8g fat
2025-10-14 03:11:57.803 14165-14165 FoodActivity            com.example.nutrisaur11              D  Total eaten calories after sync: 2000
2025-10-14 03:11:57.803 14165-14165 FoodActivity            com.example.nutrisaur11              D  Updating eaten calories only (preserving daily target)
2025-10-14 03:11:57.804 14165-14728 KcalSuggestionCache     com.example.nutrisaur11              D  Successfully cached kcal suggestion for user profile hash: 1159270992
2025-10-14 03:11:57.805 14165-14728 NutritionService        com.example.nutrisaur11              D  Cached new kcal suggestion for updated user profile
2025-10-14 03:11:57.806 14165-14165 FoodActivity            com.example.nutrisaur11              D  Total eaten calories for update: 2000
2025-10-14 03:11:57.806 14165-14165 FoodActivity            com.example.nutrisaur11              D  Using existing daily calorie target: 100
2025-10-14 03:11:57.806 14165-14165 FoodActivity            com.example.nutrisaur11              D  Eaten Calories Only Update:
2025-10-14 03:11:57.806 14165-14165 FoodActivity            com.example.nutrisaur11              D    Total Daily Calories: 100 (preserved)
2025-10-14 03:11:57.806 14165-14165 FoodActivity            com.example.nutrisaur11              D    Total Eaten Calories: 2000 (updated)
2025-10-14 03:11:57.807 14165-14165 FoodActivity            com.example.nutrisaur11              D    Calories Left: 0
2025-10-14 03:11:57.807 14165-14165 FoodActivity            com.example.nutrisaur11              D    Progress Percent: 2000.0%
2025-10-14 03:11:57.807 14165-14165 FoodActivity            com.example.nutrisaur11              D  Updating macronutrient data directly
2025-10-14 03:11:57.812 14165-14165 FoodActivity            com.example.nutrisaur11              D  FoodActivity Available database fields: [birthday, is_pregnant, muac_category, notes, weight_kg, nutritional_risk, height_cm, sex, municipality, muac_cm, screening_date, bmi_category, name, barangay, email, age, bmi, status]
2025-10-14 03:11:57.813 14165-14165 FoodActivity            com.example.nutrisaur11              D  Calculated age from birthday '2005-10-10': 20
2025-10-14 03:11:57.813 14165-14165 FoodActivity            com.example.nutrisaur11              D  FoodActivity Weight field lookup - weight_kg: '50', weight: 'null', final: '50'
2025-10-14 03:11:57.813 14165-14165 FoodActivity            com.example.nutrisaur11              D  FoodActivity: Set weight from database: 50
2025-10-14 03:11:57.813 14165-14165 FoodActivity            com.example.nutrisaur11              D  FoodActivity Height field lookup - height_cm: '171', height: 'null', final: '171'
2025-10-14 03:11:57.813 14165-14165 FoodActivity            com.example.nutrisaur11              D  FoodActivity: Set height from database: 171
2025-10-14 03:11:57.813 14165-14165 FoodActivity            com.example.nutrisaur11              D  Created user profile from database data: Pingol , Kevin C. (Age: 20, Weight: 50.0, Height: 171.0, Gender: Male, Activity: Moderate)
2025-10-14 03:11:57.813 14165-14165 CalorieCal...ionService com.example.nutrisaur11              D  Calculated BMR: 1473.75 for Pingol , Kevin C.
2025-10-14 03:11:57.813 14165-14165 CalorieCal...ionService com.example.nutrisaur11              D  Calculated TDEE: 2284.3125 (BMR: 1473.75 × Activity: 1.55)
2025-10-14 03:11:57.813 14165-14165 CalorieCal...ionService com.example.nutrisaur11              D  Calculated daily calorie target: 2784 (TDEE: 2284.3125 + Adjustment: 500.0)
2025-10-14 03:11:57.813 14165-14165 FoodActivity            com.example.nutrisaur11              D  Calculated macro targets - Protein: 153, Carbs: 375, Fat: 74
2025-10-14 03:11:57.813 14165-14165 FoodActivity            com.example.nutrisaur11              D  Macro Update:
2025-10-14 03:11:57.813 14165-14165 FoodActivity            com.example.nutrisaur11              D    Protein: 70/153 (eaten: 83)
2025-10-14 03:11:57.813 14165-14165 FoodActivity            com.example.nutrisaur11              D    Carbs: 175/375 (eaten: 200)
2025-10-14 03:11:57.813 14165-14165 FoodActivity            com.example.nutrisaur11              D    Fat: 0/74 (eaten: 100)
2025-10-14 03:11:57.814 14165-14165 FoodActivity            com.example.nutrisaur11              D  Updating meal progress texts with direct AddedFoodManager data
2025-10-14 03:11:57.818 14165-14165 FoodActivity            com.example.nutrisaur11              D  FoodActivity Available database fields: [birthday, is_pregnant, muac_category, notes, weight_kg, nutritional_risk, height_cm, sex, municipality, muac_cm, screening_date, bmi_category, name, barangay, email, age, bmi, status]
2025-10-14 03:11:57.819 14165-14165 FoodActivity            com.example.nutrisaur11              D  Calculated age from birthday '2005-10-10': 20
2025-10-14 03:11:57.819 14165-14165 FoodActivity            com.example.nutrisaur11              D  FoodActivity Weight field lookup - weight_kg: '50', weight: 'null', final: '50'
2025-10-14 03:11:57.819 14165-14165 FoodActivity            com.example.nutrisaur11              D  FoodActivity: Set weight from database: 50
2025-10-14 03:11:57.819 14165-14165 FoodActivity            com.example.nutrisaur11              D  FoodActivity Height field lookup - height_cm: '171', height: 'null', final: '171'
2025-10-14 03:11:57.819 14165-14165 FoodActivity            com.example.nutrisaur11              D  FoodActivity: Set height from database: 171
2025-10-14 03:11:57.819 14165-14165 FoodActivity            com.example.nutrisaur11              D  Created user profile from database data: Pingol , Kevin C. (Age: 20, Weight: 50.0, Height: 171.0, Gender: Male, Activity: Moderate)
2025-10-14 03:11:57.819 14165-14165 KcalSuggestionCache     com.example.nutrisaur11              D  User profile changed, cache invalid
2025-10-14 03:11:57.819 14165-14165 FoodActivity            com.example.nutrisaur11              D  No valid AI cache found, using fallback calculation...
2025-10-14 03:11:57.819 14165-14165 CalorieCal...ionService com.example.nutrisaur11              D  Calculated BMR: 1473.75 for Pingol , Kevin C.
2025-10-14 03:11:57.819 14165-14165 CalorieCal...ionService com.example.nutrisaur11              D  Calculated TDEE: 2284.3125 (BMR: 1473.75 × Activity: 1.55)
2025-10-14 03:11:57.819 14165-14165 CalorieCal...ionService com.example.nutrisaur11              D  Calculated daily calorie target: 2784 (TDEE: 2284.3125 + Adjustment: 500.0)
2025-10-14 03:11:57.819 14165-14165 FoodActivity            com.example.nutrisaur11              D  Using fallback calculation (AI will update cache): 2784
2025-10-14 03:11:57.819 14165-14165 FoodActivity            com.example.nutrisaur11              D  Starting background AI calculation...
2025-10-14 03:11:57.820 14165-14165 FoodActivity            com.example.nutrisaur11              D  Using AI-calculated total daily calories: 2784
2025-10-14 03:11:57.820 14165-14165 FoodActivity            com.example.nutrisaur11              D  FoodActivity Available database fields: [birthday, is_pregnant, muac_category, notes, weight_kg, nutritional_risk, height_cm, sex, municipality, muac_cm, screening_date, bmi_category, name, barangay, email, age, bmi, status]
2025-10-14 03:11:57.820 14165-14165 FoodActivity            com.example.nutrisaur11              D  Calculated age from birthday '2005-10-10': 20
2025-10-14 03:11:57.820 14165-14165 FoodActivity            com.example.nutrisaur11              D  FoodActivity Weight field lookup - weight_kg: '50', weight: 'null', final: '50'
2025-10-14 03:11:57.820 14165-14165 FoodActivity            com.example.nutrisaur11              D  FoodActivity: Set weight from database: 50
2025-10-14 03:11:57.820 14165-14165 FoodActivity            com.example.nutrisaur11              D  FoodActivity Height field lookup - height_cm: '171', height: 'null', final: '171'
2025-10-14 03:11:57.820 14165-14165 FoodActivity            com.example.nutrisaur11              D  FoodActivity: Set height from database: 171
2025-10-14 03:11:57.820 14165-14165 FoodActivity            com.example.nutrisaur11              D  Created user profile from database data: Pingol , Kevin C. (Age: 20, Weight: 50.0, Height: 171.0, Gender: Male, Activity: Moderate)
2025-10-14 03:11:57.820 14165-14165 CalorieCal...ionService com.example.nutrisaur11              D  Calculated meal distribution: Breakfast=696, Lunch=974, Dinner=835, Snacks=278
2025-10-14 03:11:57.820 14165-14165 FoodActivity            com.example.nutrisaur11              D  Calculated meal distribution: Breakfast=696, Lunch=974, Dinner=835, Snacks=278
2025-10-14 03:11:57.820 14165-14165 FoodActivity            com.example.nutrisaur11              D  Direct update Breakfast: 2000 / 696 kcal (from 4 foods)
2025-10-14 03:11:57.820 14165-14728 NutritionService        com.example.nutrisaur11              D  Starting nutrition recommendations...
2025-10-14 03:11:57.820 14165-14728 NutritionService        com.example.nutrisaur11              D  Getting user profile from SharedPreferences...
2025-10-14 03:11:57.820 14165-14728 NutritionService        com.example.nutrisaur11              D  User data: name=, age=25, weight=70.0, height=170.0
2025-10-14 03:11:57.820 14165-14728 NutritionService        com.example.nutrisaur11              D  User profile loaded: , BMI: 24.221453287197235
2025-10-14 03:11:57.821 14165-14728 KcalSuggestionCache     com.example.nutrisaur11              D  User profile changed, cache invalid
2025-10-14 03:11:57.821 14165-14165 FoodActivity            com.example.nutrisaur11              D  Set breakfast progress text to: 2000 / 696 kcal
2025-10-14 03:11:57.821 14165-14728 NutritionService        com.example.nutrisaur11              D  User profile changed or cache expired - calculating new nutrition data...
2025-10-14 03:11:57.821 14165-14728 NutritionService        com.example.nutrisaur11              D  Calculating nutrition data for user: 
2025-10-14 03:11:57.821 14165-14165 FoodActivity            com.example.nutrisaur11              D  Direct update Lunch: 0 / 974 kcal (from 0 foods)
2025-10-14 03:11:57.821 14165-14728 CalorieCal...ionService com.example.nutrisaur11              D  Calculated BMR: 1642.5 for 
2025-10-14 03:11:57.821 14165-14728 CalorieCal...ionService com.example.nutrisaur11              D  Calculated TDEE: 2545.875 (BMR: 1642.5 × Activity: 1.55)
2025-10-14 03:11:57.821 14165-14728 CalorieCal...ionService com.example.nutrisaur11              D  Calculated daily calorie target: 2545 (TDEE: 2545.875 + Adjustment: 0.0)
2025-10-14 03:11:57.821 14165-14728 CalorieCal...ionService com.example.nutrisaur11              D  Calculated protein target: 112.0g (1.6g/kg)
2025-10-14 03:11:57.821 14165-14728 CalorieCal...ionService com.example.nutrisaur11              D  Calculated fat target: 84.83333333333333g (30% of 2545 calories)
2025-10-14 03:11:57.821 14165-14728 CalorieCal...ionService com.example.nutrisaur11              D  Calculated carb target: 333.375g
2025-10-14 03:11:57.821 14165-14728 CalorieCal...ionService com.example.nutrisaur11              D  Calculated meal distribution: Breakfast=636, Lunch=890, Dinner=763, Snacks=254
2025-10-14 03:11:57.821 14165-14165 FoodActivity            com.example.nutrisaur11              D  Set lunch progress text to: 0 / 974 kcal
2025-10-14 03:11:57.821 14165-14165 FoodActivity            com.example.nutrisaur11              D  Direct update Dinner: 0 / 835 kcal (from 0 foods)
2025-10-14 03:11:57.821 14165-14728 NutritionService        com.example.nutrisaur11              D  Calculated nutrition data: 2545 calories, 112.0g protein, 333.375g carbs, 84.83333333333333g fat
2025-10-14 03:11:57.821 14165-14165 FoodActivity            com.example.nutrisaur11              D  Set dinner progress text to: 0 / 835 kcal
2025-10-14 03:11:57.821 14165-14165 FoodActivity            com.example.nutrisaur11              D  Direct update Snacks: 0 / 278 kcal (from 0 foods)
2025-10-14 03:11:57.822 14165-14728 KcalSuggestionCache     com.example.nutrisaur11              D  Successfully cached kcal suggestion for user profile hash: 652952617
2025-10-14 03:11:57.822 14165-14728 NutritionService        com.example.nutrisaur11              D  Cached new kcal suggestion for updated user profile
2025-10-14 03:11:57.822 14165-14165 FoodActivity            com.example.nutrisaur11              D  Set snacks progress text to: 0 / 278 kcal
2025-10-14 03:11:57.822 14165-14728 FoodActivity            com.example.nutrisaur11              D  Background AI calculation completed: 2545
2025-10-14 03:11:57.822 14165-14165 FoodActivity            com.example.nutrisaur11              D  Updating meal progress texts with direct AddedFoodManager data
2025-10-14 03:11:57.825 14165-14165 FoodActivity            com.example.nutrisaur11              D  FoodActivity Available database fields: [birthday, is_pregnant, muac_category, notes, weight_kg, nutritional_risk, height_cm, sex, municipality, muac_cm, screening_date, bmi_category, name, barangay, email, age, bmi, status]
2025-10-14 03:11:57.826 14165-14165 FoodActivity            com.example.nutrisaur11              D  Calculated age from birthday '2005-10-10': 20
2025-10-14 03:11:57.826 14165-14165 FoodActivity            com.example.nutrisaur11              D  FoodActivity Weight field lookup - weight_kg: '50', weight: 'null', final: '50'
2025-10-14 03:11:57.826 14165-14165 FoodActivity            com.example.nutrisaur11              D  FoodActivity: Set weight from database: 50
2025-10-14 03:11:57.826 14165-14165 FoodActivity            com.example.nutrisaur11              D  FoodActivity Height field lookup - height_cm: '171', height: 'null', final: '171'
2025-10-14 03:11:57.826 14165-14165 FoodActivity            com.example.nutrisaur11              D  FoodActivity: Set height from database: 171
2025-10-14 03:11:57.826 14165-14165 FoodActivity            com.example.nutrisaur11              D  Created user profile from database data: Pingol , Kevin C. (Age: 20, Weight: 50.0, Height: 171.0, Gender: Male, Activity: Moderate)
2025-10-14 03:11:57.826 14165-14165 KcalSuggestionCache     com.example.nutrisaur11              D  User profile changed, cache invalid
2025-10-14 03:11:57.826 14165-14165 FoodActivity            com.example.nutrisaur11              D  No valid AI cache found, using fallback calculation...
2025-10-14 03:11:57.826 14165-14165 CalorieCal...ionService com.example.nutrisaur11              D  Calculated BMR: 1473.75 for Pingol , Kevin C.
2025-10-14 03:11:57.826 14165-14165 CalorieCal...ionService com.example.nutrisaur11              D  Calculated TDEE: 2284.3125 (BMR: 1473.75 × Activity: 1.55)
2025-10-14 03:11:57.826 14165-14165 CalorieCal...ionService com.example.nutrisaur11              D  Calculated daily calorie target: 2784 (TDEE: 2284.3125 + Adjustment: 500.0)
2025-10-14 03:11:57.826 14165-14165 FoodActivity            com.example.nutrisaur11              D  Using fallback calculation (AI will update cache): 2784
2025-10-14 03:11:57.826 14165-14165 FoodActivity            com.example.nutrisaur11              D  AI calculation already in progress, skipping...
2025-10-14 03:11:57.826 14165-14165 FoodActivity            com.example.nutrisaur11              D  Using AI-calculated total daily calories: 2784
2025-10-14 03:11:57.826 14165-14165 FoodActivity            com.example.nutrisaur11              D  FoodActivity Available database fields: [birthday, is_pregnant, muac_category, notes, weight_kg, nutritional_risk, height_cm, sex, municipality, muac_cm, screening_date, bmi_category, name, barangay, email, age, bmi, status]
2025-10-14 03:11:57.827 14165-14165 FoodActivity            com.example.nutrisaur11              D  Calculated age from birthday '2005-10-10': 20
2025-10-14 03:11:57.827 14165-14165 FoodActivity            com.example.nutrisaur11              D  FoodActivity Weight field lookup - weight_kg: '50', weight: 'null', final: '50'
2025-10-14 03:11:57.827 14165-14165 FoodActivity            com.example.nutrisaur11              D  FoodActivity: Set weight from database: 50
2025-10-14 03:11:57.827 14165-14165 FoodActivity            com.example.nutrisaur11              D  FoodActivity Height field lookup - height_cm: '171', height: 'null', final: '171'
2025-10-14 03:11:57.827 14165-14165 FoodActivity            com.example.nutrisaur11              D  FoodActivity: Set height from database: 171
2025-10-14 03:11:57.827 14165-14165 FoodActivity            com.example.nutrisaur11              D  Created user profile from database data: Pingol , Kevin C. (Age: 20, Weight: 50.0, Height: 171.0, Gender: Male, Activity: Moderate)
2025-10-14 03:11:57.827 14165-14165 CalorieCal...ionService com.example.nutrisaur11              D  Calculated meal distribution: Breakfast=696, Lunch=974, Dinner=835, Snacks=278
2025-10-14 03:11:57.827 14165-14165 FoodActivity            com.example.nutrisaur11              D  Calculated meal distribution: Breakfast=696, Lunch=974, Dinner=835, Snacks=278
2025-10-14 03:11:57.827 14165-14165 FoodActivity            com.example.nutrisaur11              D  Direct update Breakfast: 2000 / 696 kcal (from 4 foods)
2025-10-14 03:11:57.827 14165-14165 FoodActivity            com.example.nutrisaur11              D  Set breakfast progress text to: 2000 / 696 kcal
2025-10-14 03:11:57.827 14165-14165 FoodActivity            com.example.nutrisaur11              D  Direct update Lunch: 0 / 974 kcal (from 0 foods)
2025-10-14 03:11:57.828 14165-14165 FoodActivity            com.example.nutrisaur11              D  Set lunch progress text to: 0 / 974 kcal
2025-10-14 03:11:57.828 14165-14165 FoodActivity            com.example.nutrisaur11              D  Direct update Dinner: 0 / 835 kcal (from 0 foods)
2025-10-14 03:11:57.828 14165-14165 FoodActivity            com.example.nutrisaur11              D  Set dinner progress text to: 0 / 835 kcal
2025-10-14 03:11:57.828 14165-14165 FoodActivity            com.example.nutrisaur11              D  Direct update Snacks: 0 / 278 kcal (from 0 foods)
2025-10-14 03:11:57.828 14165-14165 FoodActivity            com.example.nutrisaur11              D  Set snacks progress text to: 0 / 278 kcal
2025-10-14 03:11:57.828 14165-14165 FoodActivity            com.example.nutrisaur11              D  Meal progress refreshed successfully
2025-10-14 03:11:57.840 14165-14165 SessionManager          com.example.nutrisaur11              D  User marked as idle
2025-10-14 03:11:57.845 14165-14165 MainActivity            com.example.nutrisaur11              D  Data update receiver unregistered
2025-10-14 03:11:57.863 14165-14165 DecorView[]             com.example.nutrisaur11              D  onWindowFocusChanged hasWindowFocus true
2025-10-14 03:11:57.872 14165-14165 FoodActivity            com.example.nutrisaur11              D  Updating nutrition UI with data
2025-10-14 03:11:57.882 14165-14165 AddedFoodManager        com.example.nutrisaur11              D  getDailyFoods returned: 1 meal categories for 2025-10-14
2025-10-14 03:11:57.882 14165-14165 AddedFoodManager        com.example.nutrisaur11              D  Meal category Breakfast has 4 foods
2025-10-14 03:11:57.882 14165-14165 AddedFoodManager        com.example.nutrisaur11              D    - Champorado in Breakfast
2025-10-14 03:11:57.882 14165-14165 AddedFoodManager        com.example.nutrisaur11              D    - Tapsilog in Breakfast
2025-10-14 03:11:57.882 14165-14165 AddedFoodManager        com.example.nutrisaur11              D    - Longsilog in Breakfast
2025-10-14 03:11:57.882 14165-14165 AddedFoodManager        com.example.nutrisaur11              D    - Pandesal with Cheese and Eggs in Breakfast
2025-10-14 03:11:57.882 14165-14165 AddedFoodManager        com.example.nutrisaur11              D  Retrieved 4 foods from daily storage for 2025-10-14
