2025-10-13 11:20:50.115 31211-31211 FoodActivity            com.example.nutrisaur11              D  Calculated age from birthday '2005-10-10': 20
2025-10-13 11:20:50.115 31211-31211 FoodActivity            com.example.nutrisaur11              D  FoodActivity Weight field lookup - weight_kg: '50', weight: 'null', final: '50'
2025-10-13 11:20:50.116 31211-31211 FoodActivity            com.example.nutrisaur11              D  FoodActivity: Set weight from database: 50
2025-10-13 11:20:50.116 31211-31211 FoodActivity            com.example.nutrisaur11              D  FoodActivity Height field lookup - height_cm: '171', height: 'null', final: '171'
2025-10-13 11:20:50.116 31211-31211 FoodActivity            com.example.nutrisaur11              D  FoodActivity: Set height from database: 171
2025-10-13 11:20:50.116 31211-31211 FoodActivity            com.example.nutrisaur11              D  Created user profile from database data: Pingol , Kevin C. (Age: 20, Weight: 50.0, Height: 171.0, Gender: Male, Activity: Moderate)
2025-10-13 11:20:50.116 31211-31211 KcalSuggestionCache     com.example.nutrisaur11              D  User profile changed, cache invalid
2025-10-13 11:20:50.116 31211-31211 FoodActivity            com.example.nutrisaur11              D  No valid AI cache found, using fallback calculation...
2025-10-13 11:20:50.116 31211-31211 CalorieCal...ionService com.example.nutrisaur11              D  Calculated BMR: 1473.75 for Pingol , Kevin C.
2025-10-13 11:20:50.116 31211-31211 CalorieCal...ionService com.example.nutrisaur11              D  Calculated TDEE: 2284.3125 (BMR: 1473.75 × Activity: 1.55)
2025-10-13 11:20:50.116 31211-31211 CalorieCal...ionService com.example.nutrisaur11              D  Calculated daily calorie target: 2784 (TDEE: 2284.3125 + Adjustment: 500.0)
2025-10-13 11:20:50.116 31211-31211 FoodActivity            com.example.nutrisaur11              D  Using fallback calculation (AI will update cache): 2784
2025-10-13 11:20:50.116 31211-31211 FoodActivity            com.example.nutrisaur11              D  Starting background AI calculation...
2025-10-13 11:20:50.117 31211-31211 FoodActivity            com.example.nutrisaur11              D  Using AI-calculated total daily calories: 2784
2025-10-13 11:20:50.117 31211-31211 FoodActivity            com.example.nutrisaur11              D  FoodActivity Available database fields: [birthday, is_pregnant, muac_category, notes, weight_kg, nutritional_risk, height_cm, sex, municipality, muac_cm, screening_date, bmi_category, name, barangay, email, age, bmi, status]
2025-10-13 11:20:50.117 31211-31211 FoodActivity            com.example.nutrisaur11              D  Calculated age from birthday '2005-10-10': 20
2025-10-13 11:20:50.117 31211-31211 FoodActivity            com.example.nutrisaur11              D  FoodActivity Weight field lookup - weight_kg: '50', weight: 'null', final: '50'
2025-10-13 11:20:50.117 31211-31211 FoodActivity            com.example.nutrisaur11              D  FoodActivity: Set weight from database: 50
2025-10-13 11:20:50.117 31211-31211 FoodActivity            com.example.nutrisaur11              D  FoodActivity Height field lookup - height_cm: '171', height: 'null', final: '171'
2025-10-13 11:20:50.117 31211-31211 FoodActivity            com.example.nutrisaur11              D  FoodActivity: Set height from database: 171
2025-10-13 11:20:50.117 31211-31211 FoodActivity            com.example.nutrisaur11              D  Created user profile from database data: Pingol , Kevin C. (Age: 20, Weight: 50.0, Height: 171.0, Gender: Male, Activity: Moderate)
2025-10-13 11:20:50.117 31211-31211 CalorieCal...ionService com.example.nutrisaur11              D  Calculated meal distribution: Breakfast=696, Lunch=974, Dinner=835, Snacks=278
2025-10-13 11:20:50.117 31211-31347 NutritionService        com.example.nutrisaur11              D  Starting nutrition recommendations...
2025-10-13 11:20:50.118 31211-31347 NutritionService        com.example.nutrisaur11              D  Getting user profile from SharedPreferences...
2025-10-13 11:20:50.118 31211-31347 NutritionService        com.example.nutrisaur11              D  User data: name=, age=25, weight=70.0, height=170.0
2025-10-13 11:20:50.118 31211-31347 NutritionService        com.example.nutrisaur11              D  User profile loaded: , BMI: 24.221453287197235
2025-10-13 11:20:50.118 31211-31211 FoodActivity            com.example.nutrisaur11              D  Calculated meal distribution: Breakfast=696, Lunch=974, Dinner=835, Snacks=278
2025-10-13 11:20:50.118 31211-31211 FoodActivity            com.example.nutrisaur11              D  Direct update Breakfast: 0 / 696 kcal (from 0 foods)
2025-10-13 11:20:50.118 31211-31347 KcalSuggestionCache     com.example.nutrisaur11              D  Cached kcal suggestion is valid
2025-10-13 11:20:50.118 31211-31347 NutritionService        com.example.nutrisaur11              D  Using cached kcal suggestion - user profile unchanged
2025-10-13 11:20:50.118 31211-31211 FoodActivity            com.example.nutrisaur11              D  Set breakfast progress text to: 0 / 696 kcal
2025-10-13 11:20:50.118 31211-31347 KcalSuggestionCache     com.example.nutrisaur11              D  Successfully loaded cached kcal suggestion
2025-10-13 11:20:50.118 31211-31211 FoodActivity            com.example.nutrisaur11              D  Direct update Lunch: 0 / 974 kcal (from 0 foods)
2025-10-13 11:20:50.118 31211-31347 FoodActivity            com.example.nutrisaur11              D  Background AI calculation completed: 2545
2025-10-13 11:20:50.119 31211-31211 FoodActivity            com.example.nutrisaur11              D  Set lunch progress text to: 0 / 974 kcal
2025-10-13 11:20:50.119 31211-31211 FoodActivity            com.example.nutrisaur11              D  Direct update Dinner: 0 / 835 kcal (from 0 foods)
2025-10-13 11:20:50.119 31211-31211 FoodActivity            com.example.nutrisaur11              D  Set dinner progress text to: 0 / 835 kcal
2025-10-13 11:20:50.119 31211-31211 FoodActivity            com.example.nutrisaur11              D  Direct update Snacks: 0 / 278 kcal (from 0 foods)
2025-10-13 11:20:50.119 31211-31211 FoodActivity            com.example.nutrisaur11              D  Set snacks progress text to: 0 / 278 kcal
2025-10-13 11:20:50.124 31211-31211 FoodActivity            com.example.nutrisaur11              D  Macronutrients remaining - Protein: 110/110, Carbs: 377/377, Fat: 92/92
2025-10-13 11:20:50.124 31211-31211 FoodActivity            com.example.nutrisaur11              D  Historical nutrition data loaded successfully for 2025-10-12
2025-10-13 11:20:50.134 31211-31211 FoodActivity            com.example.nutrisaur11              D  Refreshing nutrition UI with updated AI data...
2025-10-13 11:20:50.134 31211-31211 FoodActivity            com.example.nutrisaur11              D  Updating kcal goal circle directly
2025-10-13 11:20:50.135 31211-31211 FoodActivity            com.example.nutrisaur11              D  Total eaten calories for circle update: 0
2025-10-13 11:20:50.135 31211-31211 FoodActivity            com.example.nutrisaur11              D  FoodActivity Available database fields: [birthday, is_pregnant, muac_category, notes, weight_kg, nutritional_risk, height_cm, sex, municipality, muac_cm, screening_date, bmi_category, name, barangay, email, age, bmi, status]
2025-10-13 11:20:50.136 31211-31211 FoodActivity            com.example.nutrisaur11              D  Calculated age from birthday '2005-10-10': 20
2025-10-13 11:20:50.136 31211-31211 FoodActivity            com.example.nutrisaur11              D  FoodActivity Weight field lookup - weight_kg: '50', weight: 'null', final: '50'
2025-10-13 11:20:50.136 31211-31211 FoodActivity            com.example.nutrisaur11              D  FoodActivity: Set weight from database: 50
2025-10-13 11:20:50.136 31211-31211 FoodActivity            com.example.nutrisaur11              D  FoodActivity Height field lookup - height_cm: '171', height: 'null', final: '171'
2025-10-13 11:20:50.136 31211-31211 FoodActivity            com.example.nutrisaur11              D  FoodActivity: Set height from database: 171
2025-10-13 11:20:50.136 31211-31211 FoodActivity            com.example.nutrisaur11              D  Created user profile from database data: Pingol , Kevin C. (Age: 20, Weight: 50.0, Height: 171.0, Gender: Male, Activity: Moderate)
2025-10-13 11:20:50.136 31211-31211 CalorieCal...ionService com.example.nutrisaur11              D  Calculated BMR: 1473.75 for Pingol , Kevin C.
2025-10-13 11:20:50.136 31211-31211 CalorieCal...ionService com.example.nutrisaur11              D  Calculated TDEE: 2284.3125 (BMR: 1473.75 × Activity: 1.55)
2025-10-13 11:20:50.136 31211-31211 CalorieCal...ionService com.example.nutrisaur11              D  Calculated daily calorie target: 2784 (TDEE: 2284.3125 + Adjustment: 500.0)
2025-10-13 11:20:50.136 31211-31211 FoodActivity            com.example.nutrisaur11              D  Calculated daily calorie target: 2784
2025-10-13 11:20:50.136 31211-31211 FoodActivity            com.example.nutrisaur11              D  Kcal Goal Circle Update:
2025-10-13 11:20:50.136 31211-31211 FoodActivity            com.example.nutrisaur11              D    Total Daily Calories: 2784
2025-10-13 11:20:50.136 31211-31211 FoodActivity            com.example.nutrisaur11              D    Total Eaten Calories: 0
2025-10-13 11:20:50.136 31211-31211 FoodActivity            com.example.nutrisaur11              D    Calories Left: 2784
2025-10-13 11:20:50.136 31211-31211 FoodActivity            com.example.nutrisaur11              D    Progress Percent: 0.0%
2025-10-13 11:20:50.137 31211-31211 FoodActivity            com.example.nutrisaur11              D  Updating macronutrient data directly
2025-10-13 11:20:50.141 31211-31211 FoodActivity            com.example.nutrisaur11              D  FoodActivity Available database fields: [birthday, is_pregnant, muac_category, notes, weight_kg, nutritional_risk, height_cm, sex, municipality, muac_cm, screening_date, bmi_category, name, barangay, email, age, bmi, status]
2025-10-13 11:20:50.141 31211-31211 FoodActivity            com.example.nutrisaur11              D  Calculated age from birthday '2005-10-10': 20
2025-10-13 11:20:50.141 31211-31211 FoodActivity            com.example.nutrisaur11              D  FoodActivity Weight field lookup - weight_kg: '50', weight: 'null', final: '50'
2025-10-13 11:20:50.141 31211-31211 FoodActivity            com.example.nutrisaur11              D  FoodActivity: Set weight from database: 50
2025-10-13 11:20:50.141 31211-31211 FoodActivity            com.example.nutrisaur11              D  FoodActivity Height field lookup - height_cm: '171', height: 'null', final: '171'
2025-10-13 11:20:50.141 31211-31211 FoodActivity            com.example.nutrisaur11              D  FoodActivity: Set height from database: 171
2025-10-13 11:20:50.141 31211-31211 FoodActivity            com.example.nutrisaur11              D  Created user profile from database data: Pingol , Kevin C. (Age: 20, Weight: 50.0, Height: 171.0, Gender: Male, Activity: Moderate)
2025-10-13 11:20:50.141 31211-31211 CalorieCal...ionService com.example.nutrisaur11              D  Calculated BMR: 1473.75 for Pingol , Kevin C.
2025-10-13 11:20:50.141 31211-31211 CalorieCal...ionService com.example.nutrisaur11              D  Calculated TDEE: 2284.3125 (BMR: 1473.75 × Activity: 1.55)
2025-10-13 11:20:50.141 31211-31211 CalorieCal...ionService com.example.nutrisaur11              D  Calculated daily calorie target: 2784 (TDEE: 2284.3125 + Adjustment: 500.0)
2025-10-13 11:20:50.141 31211-31211 FoodActivity            com.example.nutrisaur11              D  Calculated macro targets - Protein: 153, Carbs: 375, Fat: 74
2025-10-13 11:20:50.141 31211-31211 FoodActivity            com.example.nutrisaur11              D  Macro Update:
2025-10-13 11:20:50.141 31211-31211 FoodActivity            com.example.nutrisaur11              D    Protein: 153/153 (eaten: 0)
2025-10-13 11:20:50.142 31211-31211 FoodActivity            com.example.nutrisaur11              D    Carbs: 375/375 (eaten: 0)
2025-10-13 11:20:50.142 31211-31211 FoodActivity            com.example.nutrisaur11              D    Fat: 74/74 (eaten: 0)
2025-10-13 11:20:50.142 31211-31211 FoodActivity            com.example.nutrisaur11              D  Updating meal progress texts with direct AddedFoodManager data
2025-10-13 11:20:50.145 31211-31211 FoodActivity            com.example.nutrisaur11              D  FoodActivity Available database fields: [birthday, is_pregnant, muac_category, notes, weight_kg, nutritional_risk, height_cm, sex, municipality, muac_cm, screening_date, bmi_category, name, barangay, email, age, bmi, status]
2025-10-13 11:20:50.146 31211-31211 FoodActivity            com.example.nutrisaur11              D  Calculated age from birthday '2005-10-10': 20
2025-10-13 11:20:50.146 31211-31211 FoodActivity            com.example.nutrisaur11              D  FoodActivity Weight field lookup - weight_kg: '50', weight: 'null', final: '50'
2025-10-13 11:20:50.146 31211-31211 FoodActivity            com.example.nutrisaur11              D  FoodActivity: Set weight from database: 50
2025-10-13 11:20:50.146 31211-31211 FoodActivity            com.example.nutrisaur11              D  FoodActivity Height field lookup - height_cm: '171', height: 'null', final: '171'
2025-10-13 11:20:50.146 31211-31211 FoodActivity            com.example.nutrisaur11              D  FoodActivity: Set height from database: 171
2025-10-13 11:20:50.146 31211-31211 FoodActivity            com.example.nutrisaur11              D  Created user profile from database data: Pingol , Kevin C. (Age: 20, Weight: 50.0, Height: 171.0, Gender: Male, Activity: Moderate)
2025-10-13 11:20:50.146 31211-31211 KcalSuggestionCache     com.example.nutrisaur11              D  User profile changed, cache invalid
2025-10-13 11:20:50.146 31211-31211 FoodActivity            com.example.nutrisaur11              D  No valid AI cache found, using fallback calculation...
2025-10-13 11:20:50.147 31211-31211 CalorieCal...ionService com.example.nutrisaur11              D  Calculated BMR: 1473.75 for Pingol , Kevin C.
2025-10-13 11:20:50.147 31211-31211 CalorieCal...ionService com.example.nutrisaur11              D  Calculated TDEE: 2284.3125 (BMR: 1473.75 × Activity: 1.55)
2025-10-13 11:20:50.147 31211-31211 CalorieCal...ionService com.example.nutrisaur11              D  Calculated daily calorie target: 2784 (TDEE: 2284.3125 + Adjustment: 500.0)
2025-10-13 11:20:50.147 31211-31211 FoodActivity            com.example.nutrisaur11              D  Using fallback calculation (AI will update cache): 2784
2025-10-13 11:20:50.147 31211-31211 FoodActivity            com.example.nutrisaur11              D  AI calculation already in progress, skipping...
2025-10-13 11:20:50.147 31211-31211 FoodActivity            com.example.nutrisaur11              D  Using AI-calculated total daily calories: 2784
2025-10-13 11:20:50.147 31211-31211 FoodActivity            com.example.nutrisaur11              D  FoodActivity Available database fields: [birthday, is_pregnant, muac_category, notes, weight_kg, nutritional_risk, height_cm, sex, municipality, muac_cm, screening_date, bmi_category, name, barangay, email, age, bmi, status]
2025-10-13 11:20:50.147 31211-31211 FoodActivity            com.example.nutrisaur11              D  Calculated age from birthday '2005-10-10': 20
2025-10-13 11:20:50.147 31211-31211 FoodActivity            com.example.nutrisaur11              D  FoodActivity Weight field lookup - weight_kg: '50', weight: 'null', final: '50'
2025-10-13 11:20:50.147 31211-31211 FoodActivity            com.example.nutrisaur11              D  FoodActivity: Set weight from database: 50
2025-10-13 11:20:50.147 31211-31211 FoodActivity            com.example.nutrisaur11              D  FoodActivity Height field lookup - height_cm: '171', height: 'null', final: '171'
2025-10-13 11:20:50.147 31211-31211 FoodActivity            com.example.nutrisaur11              D  FoodActivity: Set height from database: 171
2025-10-13 11:20:50.147 31211-31211 FoodActivity            com.example.nutrisaur11              D  Created user profile from database data: Pingol , Kevin C. (Age: 20, Weight: 50.0, Height: 171.0, Gender: Male, Activity: Moderate)
2025-10-13 11:20:50.147 31211-31211 CalorieCal...ionService com.example.nutrisaur11              D  Calculated meal distribution: Breakfast=696, Lunch=974, Dinner=835, Snacks=278
2025-10-13 11:20:50.147 31211-31211 FoodActivity            com.example.nutrisaur11              D  Calculated meal distribution: Breakfast=696, Lunch=974, Dinner=835, Snacks=278
2025-10-13 11:20:50.147 31211-31211 FoodActivity            com.example.nutrisaur11              D  Direct update Breakfast: 0 / 696 kcal (from 0 foods)
2025-10-13 11:20:50.148 31211-31211 FoodActivity            com.example.nutrisaur11              D  Set breakfast progress text to: 0 / 696 kcal
2025-10-13 11:20:50.148 31211-31211 FoodActivity            com.example.nutrisaur11              D  Direct update Lunch: 0 / 974 kcal (from 0 foods)
2025-10-13 11:20:50.148 31211-31211 FoodActivity            com.example.nutrisaur11              D  Set lunch progress text to: 0 / 974 kcal
2025-10-13 11:20:50.148 31211-31211 FoodActivity            com.example.nutrisaur11              D  Direct update Dinner: 0 / 835 kcal (from 0 foods)
2025-10-13 11:20:50.148 31211-31211 FoodActivity            com.example.nutrisaur11              D  Set dinner progress text to: 0 / 835 kcal
2025-10-13 11:20:50.148 31211-31211 FoodActivity            com.example.nutrisaur11              D  Direct update Snacks: 0 / 278 kcal (from 0 foods)
2025-10-13 11:20:50.148 31211-31211 FoodActivity            com.example.nutrisaur11              D  Set snacks progress text to: 0 / 278 kcal
2025-10-13 11:20:50.148 31211-31211 FoodActivity            com.example.nutrisaur11              D  Updating meal progress texts with direct AddedFoodManager data
2025-10-13 11:20:50.152 31211-31211 FoodActivity            com.example.nutrisaur11              D  FoodActivity Available database fields: [birthday, is_pregnant, muac_category, notes, weight_kg, nutritional_risk, height_cm, sex, municipality, muac_cm, screening_date, bmi_category, name, barangay, email, age, bmi, status]
2025-10-13 11:20:50.153 31211-31211 FoodActivity            com.example.nutrisaur11              D  Calculated age from birthday '2005-10-10': 20
2025-10-13 11:20:50.153 31211-31211 FoodActivity            com.example.nutrisaur11              D  FoodActivity Weight field lookup - weight_kg: '50', weight: 'null', final: '50'
2025-10-13 11:20:50.153 31211-31211 FoodActivity            com.example.nutrisaur11              D  FoodActivity: Set weight from database: 50
2025-10-13 11:20:50.153 31211-31211 FoodActivity            com.example.nutrisaur11              D  FoodActivity Height field lookup - height_cm: '171', height: 'null', final: '171'
2025-10-13 11:20:50.153 31211-31211 FoodActivity            com.example.nutrisaur11              D  FoodActivity: Set height from database: 171
2025-10-13 11:20:50.153 31211-31211 FoodActivity            com.example.nutrisaur11              D  Created user profile from database data: Pingol , Kevin C. (Age: 20, Weight: 50.0, Height: 171.0, Gender: Male, Activity: Moderate)
2025-10-13 11:20:50.153 31211-31211 KcalSuggestionCache     com.example.nutrisaur11              D  User profile changed, cache invalid
2025-10-13 11:20:50.153 31211-31211 FoodActivity            com.example.nutrisaur11              D  No valid AI cache found, using fallback calculation...
2025-10-13 11:20:50.153 31211-31211 CalorieCal...ionService com.example.nutrisaur11              D  Calculated BMR: 1473.75 for Pingol , Kevin C.
2025-10-13 11:20:50.153 31211-31211 CalorieCal...ionService com.example.nutrisaur11              D  Calculated TDEE: 2284.3125 (BMR: 1473.75 × Activity: 1.55)
2025-10-13 11:20:50.153 31211-31211 CalorieCal...ionService com.example.nutrisaur11              D  Calculated daily calorie target: 2784 (TDEE: 2284.3125 + Adjustment: 500.0)
2025-10-13 11:20:50.153 31211-31211 FoodActivity            com.example.nutrisaur11              D  Using fallback calculation (AI will update cache): 2784
2025-10-13 11:20:50.153 31211-31211 FoodActivity            com.example.nutrisaur11              D  AI calculation already in progress, skipping...
2025-10-13 11:20:50.153 31211-31211 FoodActivity            com.example.nutrisaur11              D  Using AI-calculated total daily calories: 2784
2025-10-13 11:20:50.153 31211-31211 FoodActivity            com.example.nutrisaur11              D  FoodActivity Available database fields: [birthday, is_pregnant, muac_category, notes, weight_kg, nutritional_risk, height_cm, sex, municipality, muac_cm, screening_date, bmi_category, name, barangay, email, age, bmi, status]
2025-10-13 11:20:50.154 31211-31211 FoodActivity            com.example.nutrisaur11              D  Calculated age from birthday '2005-10-10': 20
2025-10-13 11:20:50.154 31211-31211 FoodActivity            com.example.nutrisaur11              D  FoodActivity Weight field lookup - weight_kg: '50', weight: 'null', final: '50'
2025-10-13 11:20:50.154 31211-31211 FoodActivity            com.example.nutrisaur11              D  FoodActivity: Set weight from database: 50
2025-10-13 11:20:50.154 31211-31211 FoodActivity            com.example.nutrisaur11              D  FoodActivity Height field lookup - height_cm: '171', height: 'null', final: '171'
2025-10-13 11:20:50.154 31211-31211 FoodActivity            com.example.nutrisaur11              D  FoodActivity: Set height from database: 171
2025-10-13 11:20:50.154 31211-31211 FoodActivity            com.example.nutrisaur11              D  Created user profile from database data: Pingol , Kevin C. (Age: 20, Weight: 50.0, Height: 171.0, Gender: Male, Activity: Moderate)
2025-10-13 11:20:50.154 31211-31211 CalorieCal...ionService com.example.nutrisaur11              D  Calculated meal distribution: Breakfast=696, Lunch=974, Dinner=835, Snacks=278
2025-10-13 11:20:50.154 31211-31211 FoodActivity            com.example.nutrisaur11              D  Calculated meal distribution: Breakfast=696, Lunch=974, Dinner=835, Snacks=278
2025-10-13 11:20:50.154 31211-31211 FoodActivity            com.example.nutrisaur11              D  Direct update Breakfast: 0 / 696 kcal (from 0 foods)
2025-10-13 11:20:50.154 31211-31211 FoodActivity            com.example.nutrisaur11              D  Set breakfast progress text to: 0 / 696 kcal
2025-10-13 11:20:50.155 31211-31211 FoodActivity            com.example.nutrisaur11              D  Direct update Lunch: 0 / 974 kcal (from 0 foods)
2025-10-13 11:20:50.155 31211-31211 FoodActivity            com.example.nutrisaur11              D  Set lunch progress text to: 0 / 974 kcal
2025-10-13 11:20:50.155 31211-31211 FoodActivity            com.example.nutrisaur11              D  Direct update Dinner: 0 / 835 kcal (from 0 foods)
2025-10-13 11:20:50.155 31211-31211 FoodActivity            com.example.nutrisaur11              D  Set dinner progress text to: 0 / 835 kcal
2025-10-13 11:20:50.155 31211-31211 FoodActivity            com.example.nutrisaur11              D  Direct update Snacks: 0 / 278 kcal (from 0 foods)
2025-10-13 11:20:50.155 31211-31211 FoodActivity            com.example.nutrisaur11              D  Set snacks progress text to: 0 / 278 kcal
2025-10-13 11:20:50.155 31211-31211 FoodActivity            com.example.nutrisaur11              D  Updating macronutrient data directly
2025-10-13 11:20:50.159 31211-31211 FoodActivity            com.example.nutrisaur11              D  FoodActivity Available database fields: [birthday, is_pregnant, muac_category, notes, weight_kg, nutritional_risk, height_cm, sex, municipality, muac_cm, screening_date, bmi_category, name, barangay, email, age, bmi, status]
2025-10-13 11:20:50.159 31211-31211 FoodActivity            com.example.nutrisaur11              D  Calculated age from birthday '2005-10-10': 20
2025-10-13 11:20:50.159 31211-31211 FoodActivity            com.example.nutrisaur11              D  FoodActivity Weight field lookup - weight_kg: '50', weight: 'null', final: '50'
2025-10-13 11:20:50.160 31211-31211 FoodActivity            com.example.nutrisaur11              D  FoodActivity: Set weight from database: 50
2025-10-13 11:20:50.160 31211-31211 FoodActivity            com.example.nutrisaur11              D  FoodActivity Height field lookup - height_cm: '171', height: 'null', final: '171'
2025-10-13 11:20:50.160 31211-31211 FoodActivity            com.example.nutrisaur11              D  FoodActivity: Set height from database: 171
2025-10-13 11:20:50.160 31211-31211 FoodActivity            com.example.nutrisaur11              D  Created user profile from database data: Pingol , Kevin C. (Age: 20, Weight: 50.0, Height: 171.0, Gender: Male, Activity: Moderate)
2025-10-13 11:20:50.160 31211-31211 CalorieCal...ionService com.example.nutrisaur11              D  Calculated BMR: 1473.75 for Pingol , Kevin C.
2025-10-13 11:20:50.160 31211-31211 CalorieCal...ionService com.example.nutrisaur11              D  Calculated TDEE: 2284.3125 (BMR: 1473.75 × Activity: 1.55)
2025-10-13 11:20:50.160 31211-31211 CalorieCal...ionService com.example.nutrisaur11              D  Calculated daily calorie target: 2784 (TDEE: 2284.3125 + Adjustment: 500.0)
2025-10-13 11:20:50.160 31211-31211 FoodActivity            com.example.nutrisaur11              D  Calculated macro targets - Protein: 153, Carbs: 375, Fat: 74
2025-10-13 11:20:50.160 31211-31211 FoodActivity            com.example.nutrisaur11              D  Macro Update:
2025-10-13 11:20:50.160 31211-31211 FoodActivity            com.example.nutrisaur11              D    Protein: 153/153 (eaten: 0)
2025-10-13 11:20:50.160 31211-31211 FoodActivity            com.example.nutrisaur11              D    Carbs: 375/375 (eaten: 0)
2025-10-13 11:20:50.160 31211-31211 FoodActivity            com.example.nutrisaur11              D    Fat: 74/74 (eaten: 0)
2025-10-13 11:20:50.161 31211-31211 FoodActivity            com.example.nutrisaur11              D  Nutrition UI refreshed with updated AI data
2025-10-13 11:20:50.205 31211-31211 FoodActivity            com.example.nutrisaur11              D  Total eaten calories after sync: 0
2025-10-13 11:20:50.205 31211-31211 FoodActivity            com.example.nutrisaur11              D  Updating eaten calories only (preserving daily target)
2025-10-13 11:20:50.206 31211-31211 FoodActivity            com.example.nutrisaur11              D  Total eaten calories for update: 0
2025-10-13 11:20:50.206 31211-31211 FoodActivity            com.example.nutrisaur11              D  Using existing daily calorie target: 2784
2025-10-13 11:20:50.206 31211-31211 FoodActivity            com.example.nutrisaur11              D  Eaten Calories Only Update:
2025-10-13 11:20:50.206 31211-31211 FoodActivity            com.example.nutrisaur11              D    Total Daily Calories: 2784 (preserved)
2025-10-13 11:20:50.206 31211-31211 FoodActivity            com.example.nutrisaur11              D    Total Eaten Calories: 0 (updated)
2025-10-13 11:20:50.206 31211-31211 FoodActivity            com.example.nutrisaur11              D    Calories Left: 2784
2025-10-13 11:20:50.206 31211-31211 FoodActivity            com.example.nutrisaur11              D    Progress Percent: 0.0%
2025-10-13 11:20:50.207 31211-31211 FoodActivity            com.example.nutrisaur11              D  Updating macronutrient data directly
2025-10-13 11:20:50.210 31211-31211 FoodActivity            com.example.nutrisaur11              D  FoodActivity Available database fields: [birthday, is_pregnant, muac_category, notes, weight_kg, nutritional_risk, height_cm, sex, municipality, muac_cm, screening_date, bmi_category, name, barangay, email, age, bmi, status]
2025-10-13 11:20:50.211 31211-31211 FoodActivity            com.example.nutrisaur11              D  Calculated age from birthday '2005-10-10': 20
2025-10-13 11:20:50.211 31211-31211 FoodActivity            com.example.nutrisaur11              D  FoodActivity Weight field lookup - weight_kg: '50', weight: 'null', final: '50'
2025-10-13 11:20:50.211 31211-31211 FoodActivity            com.example.nutrisaur11              D  FoodActivity: Set weight from database: 50
2025-10-13 11:20:50.211 31211-31211 FoodActivity            com.example.nutrisaur11              D  FoodActivity Height field lookup - height_cm: '171', height: 'null', final: '171'
2025-10-13 11:20:50.211 31211-31211 FoodActivity            com.example.nutrisaur11              D  FoodActivity: Set height from database: 171
2025-10-13 11:20:50.211 31211-31211 FoodActivity            com.example.nutrisaur11              D  Created user profile from database data: Pingol , Kevin C. (Age: 20, Weight: 50.0, Height: 171.0, Gender: Male, Activity: Moderate)
2025-10-13 11:20:50.211 31211-31211 CalorieCal...ionService com.example.nutrisaur11              D  Calculated BMR: 1473.75 for Pingol , Kevin C.
2025-10-13 11:20:50.211 31211-31211 CalorieCal...ionService com.example.nutrisaur11              D  Calculated TDEE: 2284.3125 (BMR: 1473.75 × Activity: 1.55)
2025-10-13 11:20:50.211 31211-31211 CalorieCal...ionService com.example.nutrisaur11              D  Calculated daily calorie target: 2784 (TDEE: 2284.3125 + Adjustment: 500.0)
2025-10-13 11:20:50.211 31211-31211 FoodActivity            com.example.nutrisaur11              D  Calculated macro targets - Protein: 153, Carbs: 375, Fat: 74
2025-10-13 11:20:50.211 31211-31211 FoodActivity            com.example.nutrisaur11              D  Macro Update:
2025-10-13 11:20:50.211 31211-31211 FoodActivity            com.example.nutrisaur11              D    Protein: 153/153 (eaten: 0)
2025-10-13 11:20:50.211 31211-31211 FoodActivity            com.example.nutrisaur11              D    Carbs: 375/375 (eaten: 0)
2025-10-13 11:20:50.211 31211-31211 FoodActivity            com.example.nutrisaur11              D    Fat: 74/74 (eaten: 0)
2025-10-13 11:20:50.212 31211-31211 FoodActivity            com.example.nutrisaur11              D  Updating meal progress texts with direct AddedFoodManager data
2025-10-13 11:20:50.215 31211-31211 FoodActivity            com.example.nutrisaur11              D  FoodActivity Available database fields: [birthday, is_pregnant, muac_category, notes, weight_kg, nutritional_risk, height_cm, sex, municipality, muac_cm, screening_date, bmi_category, name, barangay, email, age, bmi, status]
2025-10-13 11:20:50.215 31211-31211 FoodActivity            com.example.nutrisaur11              D  Calculated age from birthday '2005-10-10': 20
2025-10-13 11:20:50.215 31211-31211 FoodActivity            com.example.nutrisaur11              D  FoodActivity Weight field lookup - weight_kg: '50', weight: 'null', final: '50'
2025-10-13 11:20:50.215 31211-31211 FoodActivity            com.example.nutrisaur11              D  FoodActivity: Set weight from database: 50
2025-10-13 11:20:50.215 31211-31211 FoodActivity            com.example.nutrisaur11              D  FoodActivity Height field lookup - height_cm: '171', height: 'null', final: '171'
2025-10-13 11:20:50.215 31211-31211 FoodActivity            com.example.nutrisaur11              D  FoodActivity: Set height from database: 171
2025-10-13 11:20:50.215 31211-31211 FoodActivity            com.example.nutrisaur11              D  Created user profile from database data: Pingol , Kevin C. (Age: 20, Weight: 50.0, Height: 171.0, Gender: Male, Activity: Moderate)
2025-10-13 11:20:50.216 31211-31211 KcalSuggestionCache     com.example.nutrisaur11              D  User profile changed, cache invalid
2025-10-13 11:20:50.216 31211-31211 FoodActivity            com.example.nutrisaur11              D  No valid AI cache found, using fallback calculation...
2025-10-13 11:20:50.216 31211-31211 CalorieCal...ionService com.example.nutrisaur11              D  Calculated BMR: 1473.75 for Pingol , Kevin C.
2025-10-13 11:20:50.216 31211-31211 CalorieCal...ionService com.example.nutrisaur11              D  Calculated TDEE: 2284.3125 (BMR: 1473.75 × Activity: 1.55)
2025-10-13 11:20:50.216 31211-31211 CalorieCal...ionService com.example.nutrisaur11              D  Calculated daily calorie target: 2784 (TDEE: 2284.3125 + Adjustment: 500.0)
2025-10-13 11:20:50.216 31211-31211 FoodActivity            com.example.nutrisaur11              D  Using fallback calculation (AI will update cache): 2784
2025-10-13 11:20:50.216 31211-31211 FoodActivity            com.example.nutrisaur11              D  Starting background AI calculation...
2025-10-13 11:20:50.216 31211-31211 FoodActivity            com.example.nutrisaur11              D  Using AI-calculated total daily calories: 2784
2025-10-13 11:20:50.216 31211-31211 FoodActivity            com.example.nutrisaur11              D  FoodActivity Available database fields: [birthday, is_pregnant, muac_category, notes, weight_kg, nutritional_risk, height_cm, sex, municipality, muac_cm, screening_date, bmi_category, name, barangay, email, age, bmi, status]
2025-10-13 11:20:50.216 31211-31211 FoodActivity            com.example.nutrisaur11              D  Calculated age from birthday '2005-10-10': 20
2025-10-13 11:20:50.216 31211-31211 FoodActivity            com.example.nutrisaur11              D  FoodActivity Weight field lookup - weight_kg: '50', weight: 'null', final: '50'
2025-10-13 11:20:50.217 31211-31211 FoodActivity            com.example.nutrisaur11              D  FoodActivity: Set weight from database: 50
2025-10-13 11:20:50.217 31211-31211 FoodActivity            com.example.nutrisaur11              D  FoodActivity Height field lookup - height_cm: '171', height: 'null', final: '171'
2025-10-13 11:20:50.217 31211-31211 FoodActivity            com.example.nutrisaur11              D  FoodActivity: Set height from database: 171
2025-10-13 11:20:50.217 31211-31211 FoodActivity            com.example.nutrisaur11              D  Created user profile from database data: Pingol , Kevin C. (Age: 20, Weight: 50.0, Height: 171.0, Gender: Male, Activity: Moderate)
2025-10-13 11:20:50.217 31211-31347 NutritionService        com.example.nutrisaur11              D  Starting nutrition recommendations...
2025-10-13 11:20:50.217 31211-31211 CalorieCal...ionService com.example.nutrisaur11              D  Calculated meal distribution: Breakfast=696, Lunch=974, Dinner=835, Snacks=278
2025-10-13 11:20:50.217 31211-31347 NutritionService        com.example.nutrisaur11              D  Getting user profile from SharedPreferences...
2025-10-13 11:20:50.217 31211-31211 FoodActivity            com.example.nutrisaur11              D  Calculated meal distribution: Breakfast=696, Lunch=974, Dinner=835, Snacks=278
2025-10-13 11:20:50.217 31211-31211 FoodActivity            com.example.nutrisaur11              D  Direct update Breakfast: 0 / 696 kcal (from 0 foods)
2025-10-13 11:20:50.217 31211-31347 NutritionService        com.example.nutrisaur11              D  User data: name=, age=25, weight=70.0, height=170.0
2025-10-13 11:20:50.217 31211-31347 NutritionService        com.example.nutrisaur11              D  User profile loaded: , BMI: 24.221453287197235
2025-10-13 11:20:50.217 31211-31211 FoodActivity            com.example.nutrisaur11              D  Set breakfast progress text to: 0 / 696 kcal
2025-10-13 11:20:50.217 31211-31347 KcalSuggestionCache     com.example.nutrisaur11              D  Cached kcal suggestion is valid
2025-10-13 11:20:50.217 31211-31347 NutritionService        com.example.nutrisaur11              D  Using cached kcal suggestion - user profile unchanged
2025-10-13 11:20:50.217 31211-31211 FoodActivity            com.example.nutrisaur11              D  Direct update Lunch: 0 / 974 kcal (from 0 foods)
2025-10-13 11:20:50.218 31211-31347 KcalSuggestionCache     com.example.nutrisaur11              D  Successfully loaded cached kcal suggestion
2025-10-13 11:20:50.218 31211-31347 FoodActivity            com.example.nutrisaur11              D  Background AI calculation completed: 2545
2025-10-13 11:20:50.218 31211-31211 FoodActivity            com.example.nutrisaur11              D  Set lunch progress text to: 0 / 974 kcal
2025-10-13 11:20:50.218 31211-31211 FoodActivity            com.example.nutrisaur11              D  Direct update Dinner: 0 / 835 kcal (from 0 foods)
2025-10-13 11:20:50.218 31211-31211 FoodActivity            com.example.nutrisaur11              D  Set dinner progress text to: 0 / 835 kcal
2025-10-13 11:20:50.218 31211-31211 FoodActivity            com.example.nutrisaur11              D  Direct update Snacks: 0 / 278 kcal (from 0 foods)
2025-10-13 11:20:50.218 31211-31211 FoodActivity            com.example.nutrisaur11              D  Set snacks progress text to: 0 / 278 kcal
2025-10-13 11:20:50.218 31211-31211 FoodActivity            com.example.nutrisaur11              D  Updating meal progress texts with direct AddedFoodManager data
2025-10-13 11:20:50.221 31211-31211 FoodActivity            com.example.nutrisaur11              D  FoodActivity Available database fields: [birthday, is_pregnant, muac_category, notes, weight_kg, nutritional_risk, height_cm, sex, municipality, muac_cm, screening_date, bmi_category, name, barangay, email, age, bmi, status]
2025-10-13 11:20:50.221 31211-31211 FoodActivity            com.example.nutrisaur11              D  Calculated age from birthday '2005-10-10': 20
2025-10-13 11:20:50.221 31211-31211 FoodActivity            com.example.nutrisaur11              D  FoodActivity Weight field lookup - weight_kg: '50', weight: 'null', final: '50'
2025-10-13 11:20:50.221 31211-31211 FoodActivity            com.example.nutrisaur11              D  FoodActivity: Set weight from database: 50
2025-10-13 11:20:50.221 31211-31211 FoodActivity            com.example.nutrisaur11              D  FoodActivity Height field lookup - height_cm: '171', height: 'null', final: '171'
2025-10-13 11:20:50.221 31211-31211 FoodActivity            com.example.nutrisaur11              D  FoodActivity: Set height from database: 171
2025-10-13 11:20:50.221 31211-31211 FoodActivity            com.example.nutrisaur11              D  Created user profile from database data: Pingol , Kevin C. (Age: 20, Weight: 50.0, Height: 171.0, Gender: Male, Activity: Moderate)
2025-10-13 11:20:50.221 31211-31211 KcalSuggestionCache     com.example.nutrisaur11              D  User profile changed, cache invalid
2025-10-13 11:20:50.222 31211-31211 FoodActivity            com.example.nutrisaur11              D  No valid AI cache found, using fallback calculation...
2025-10-13 11:20:50.222 31211-31211 CalorieCal...ionService com.example.nutrisaur11              D  Calculated BMR: 1473.75 for Pingol , Kevin C.
2025-10-13 11:20:50.222 31211-31211 CalorieCal...ionService com.example.nutrisaur11              D  Calculated TDEE: 2284.3125 (BMR: 1473.75 × Activity: 1.55)
2025-10-13 11:20:50.222 31211-31211 CalorieCal...ionService com.example.nutrisaur11              D  Calculated daily calorie target: 2784 (TDEE: 2284.3125 + Adjustment: 500.0)
2025-10-13 11:20:50.222 31211-31211 FoodActivity            com.example.nutrisaur11              D  Using fallback calculation (AI will update cache): 2784
2025-10-13 11:20:50.222 31211-31211 FoodActivity            com.example.nutrisaur11              D  AI calculation already in progress, skipping...
2025-10-13 11:20:50.222 31211-31211 FoodActivity            com.example.nutrisaur11              D  Using AI-calculated total daily calories: 2784
2025-10-13 11:20:50.222 31211-31211 FoodActivity            com.example.nutrisaur11              D  FoodActivity Available database fields: [birthday, is_pregnant, muac_category, notes, weight_kg, nutritional_risk, height_cm, sex, municipality, muac_cm, screening_date, bmi_category, name, barangay, email, age, bmi, status]
2025-10-13 11:20:50.222 31211-31211 FoodActivity            com.example.nutrisaur11              D  Calculated age from birthday '2005-10-10': 20
2025-10-13 11:20:50.222 31211-31211 FoodActivity            com.example.nutrisaur11              D  FoodActivity Weight field lookup - weight_kg: '50', weight: 'null', final: '50'
2025-10-13 11:20:50.222 31211-31211 FoodActivity            com.example.nutrisaur11              D  FoodActivity: Set weight from database: 50
2025-10-13 11:20:50.222 31211-31211 FoodActivity            com.example.nutrisaur11              D  FoodActivity Height field lookup - height_cm: '171', height: 'null', final: '171'
2025-10-13 11:20:50.223 31211-31211 FoodActivity            com.example.nutrisaur11              D  FoodActivity: Set height from database: 171
2025-10-13 11:20:50.223 31211-31211 FoodActivity            com.example.nutrisaur11              D  Created user profile from database data: Pingol , Kevin C. (Age: 20, Weight: 50.0, Height: 171.0, Gender: Male, Activity: Moderate)
2025-10-13 11:20:50.223 31211-31211 CalorieCal...ionService com.example.nutrisaur11              D  Calculated meal distribution: Breakfast=696, Lunch=974, Dinner=835, Snacks=278
2025-10-13 11:20:50.223 31211-31211 FoodActivity            com.example.nutrisaur11              D  Calculated meal distribution: Breakfast=696, Lunch=974, Dinner=835, Snacks=278
2025-10-13 11:20:50.223 31211-31211 FoodActivity            com.example.nutrisaur11              D  Direct update Breakfast: 0 / 696 kcal (from 0 foods)
2025-10-13 11:20:50.223 31211-31211 FoodActivity            com.example.nutrisaur11              D  Set breakfast progress text to: 0 / 696 kcal
2025-10-13 11:20:50.223 31211-31211 FoodActivity            com.example.nutrisaur11              D  Direct update Lunch: 0 / 974 kcal (from 0 foods)
2025-10-13 11:20:50.223 31211-31211 FoodActivity            com.example.nutrisaur11              D  Set lunch progress text to: 0 / 974 kcal
2025-10-13 11:20:50.223 31211-31211 FoodActivity            com.example.nutrisaur11              D  Direct update Dinner: 0 / 835 kcal (from 0 foods)
2025-10-13 11:20:50.223 31211-31211 FoodActivity            com.example.nutrisaur11              D  Set dinner progress text to: 0 / 835 kcal
2025-10-13 11:20:50.224 31211-31211 FoodActivity            com.example.nutrisaur11              D  Direct update Snacks: 0 / 278 kcal (from 0 foods)
2025-10-13 11:20:50.224 31211-31211 FoodActivity            com.example.nutrisaur11              D  Set snacks progress text to: 0 / 278 kcal
2025-10-13 11:20:50.224 31211-31211 FoodActivity            com.example.nutrisaur11              D  Meal progress refreshed successfully
2025-10-13 11:20:50.233 31211-31211 FoodActivity            com.example.nutrisaur11              D  Refreshing nutrition UI with updated AI data...
2025-10-13 11:20:50.233 31211-31211 FoodActivity            com.example.nutrisaur11              D  Updating kcal goal circle directly
2025-10-13 11:20:50.234 31211-31211 FoodActivity            com.example.nutrisaur11              D  Total eaten calories for circle update: 0
2025-10-13 11:20:50.234 31211-31211 FoodActivity            com.example.nutrisaur11              D  FoodActivity Available database fields: [birthday, is_pregnant, muac_category, notes, weight_kg, nutritional_risk, height_cm, sex, municipality, muac_cm, screening_date, bmi_category, name, barangay, email, age, bmi, status]
2025-10-13 11:20:50.235 31211-31211 FoodActivity            com.example.nutrisaur11              D  Calculated age from birthday '2005-10-10': 20
2025-10-13 11:20:50.235 31211-31211 FoodActivity            com.example.nutrisaur11              D  FoodActivity Weight field lookup - weight_kg: '50', weight: 'null', final: '50'
2025-10-13 11:20:50.235 31211-31211 FoodActivity            com.example.nutrisaur11              D  FoodActivity: Set weight from database: 50
2025-10-13 11:20:50.235 31211-31211 FoodActivity            com.example.nutrisaur11              D  FoodActivity Height field lookup - height_cm: '171', height: 'null', final: '171'
2025-10-13 11:20:50.235 31211-31211 FoodActivity            com.example.nutrisaur11              D  FoodActivity: Set height from database: 171
2025-10-13 11:20:50.235 31211-31211 FoodActivity            com.example.nutrisaur11              D  Created user profile from database data: Pingol , Kevin C. (Age: 20, Weight: 50.0, Height: 171.0, Gender: Male, Activity: Moderate)
2025-10-13 11:20:50.235 31211-31211 CalorieCal...ionService com.example.nutrisaur11              D  Calculated BMR: 1473.75 for Pingol , Kevin C.
2025-10-13 11:20:50.235 31211-31211 CalorieCal...ionService com.example.nutrisaur11              D  Calculated TDEE: 2284.3125 (BMR: 1473.75 × Activity: 1.55)
2025-10-13 11:20:50.235 31211-31211 CalorieCal...ionService com.example.nutrisaur11              D  Calculated daily calorie target: 2784 (TDEE: 2284.3125 + Adjustment: 500.0)
2025-10-13 11:20:50.235 31211-31211 FoodActivity            com.example.nutrisaur11              D  Calculated daily calorie target: 2784
2025-10-13 11:20:50.235 31211-31211 FoodActivity            com.example.nutrisaur11              D  Kcal Goal Circle Update:
2025-10-13 11:20:50.235 31211-31211 FoodActivity            com.example.nutrisaur11              D    Total Daily Calories: 2784
2025-10-13 11:20:50.235 31211-31211 FoodActivity            com.example.nutrisaur11              D    Total Eaten Calories: 0
2025-10-13 11:20:50.235 31211-31211 FoodActivity            com.example.nutrisaur11              D    Calories Left: 2784
2025-10-13 11:20:50.235 31211-31211 FoodActivity            com.example.nutrisaur11              D    Progress Percent: 0.0%
2025-10-13 11:20:50.236 31211-31211 FoodActivity            com.example.nutrisaur11              D  Updating macronutrient data directly
2025-10-13 11:20:50.239 31211-31211 FoodActivity            com.example.nutrisaur11              D  FoodActivity Available database fields: [birthday, is_pregnant, muac_category, notes, weight_kg, nutritional_risk, height_cm, sex, municipality, muac_cm, screening_date, bmi_category, name, barangay, email, age, bmi, status]
2025-10-13 11:20:50.240 31211-31211 FoodActivity            com.example.nutrisaur11              D  Calculated age from birthday '2005-10-10': 20
2025-10-13 11:20:50.240 31211-31211 FoodActivity            com.example.nutrisaur11              D  FoodActivity Weight field lookup - weight_kg: '50', weight: 'null', final: '50'
2025-10-13 11:20:50.240 31211-31211 FoodActivity            com.example.nutrisaur11              D  FoodActivity: Set weight from database: 50
2025-10-13 11:20:50.240 31211-31211 FoodActivity            com.example.nutrisaur11              D  FoodActivity Height field lookup - height_cm: '171', height: 'null', final: '171'
2025-10-13 11:20:50.240 31211-31211 FoodActivity            com.example.nutrisaur11              D  FoodActivity: Set height from database: 171
2025-10-13 11:20:50.240 31211-31211 FoodActivity            com.example.nutrisaur11              D  Created user profile from database data: Pingol , Kevin C. (Age: 20, Weight: 50.0, Height: 171.0, Gender: Male, Activity: Moderate)
2025-10-13 11:20:50.240 31211-31211 CalorieCal...ionService com.example.nutrisaur11              D  Calculated BMR: 1473.75 for Pingol , Kevin C.
2025-10-13 11:20:50.240 31211-31211 CalorieCal...ionService com.example.nutrisaur11              D  Calculated TDEE: 2284.3125 (BMR: 1473.75 × Activity: 1.55)
2025-10-13 11:20:50.240 31211-31211 CalorieCal...ionService com.example.nutrisaur11              D  Calculated daily calorie target: 2784 (TDEE: 2284.3125 + Adjustment: 500.0)
2025-10-13 11:20:50.240 31211-31211 FoodActivity            com.example.nutrisaur11              D  Calculated macro targets - Protein: 153, Carbs: 375, Fat: 74
2025-10-13 11:20:50.240 31211-31211 FoodActivity            com.example.nutrisaur11              D  Macro Update:
2025-10-13 11:20:50.240 31211-31211 FoodActivity            com.example.nutrisaur11              D    Protein: 153/153 (eaten: 0)
2025-10-13 11:20:50.240 31211-31211 FoodActivity            com.example.nutrisaur11              D    Carbs: 375/375 (eaten: 0)
2025-10-13 11:20:50.240 31211-31211 FoodActivity            com.example.nutrisaur11              D    Fat: 74/74 (eaten: 0)
2025-10-13 11:20:50.241 31211-31211 FoodActivity            com.example.nutrisaur11              D  Updating meal progress texts with direct AddedFoodManager data
2025-10-13 11:20:50.242 31211-31400 OpenGLRenderer          com.example.nutrisaur11              I  Davey! duration=9223351668378ms; Flags=0, FrameTimelineVsyncId=804757, IntendedVsync=20368475785602, Vsync=20368475785602, InputEventId=0, HandleInputStart=20368478461186, AnimationStart=20368478463477, PerformTraversalsStart=20368478564363, DrawStart=20368484755717, FrameDeadline=20368492452268, FrameInterval=20368478449155, FrameStartTime=16666666, SyncQueued=20368486041967, SyncStart=20368486523946, IssueDrawCommandsStart=20368486819311, SwapBuffers=20368488213530, FrameCompleted=9223372036854775807, DequeueBufferDuration=21823, QueueBufferDuration=1178906, GpuCompleted=9223372036854775807, SwapBuffersCompleted=20368489815925, DisplayPresentTime=0, 
2025-10-13 11:20:50.243 31211-31211 FoodActivity            com.example.nutrisaur11              D  FoodActivity Available database fields: [birthday, is_pregnant, muac_category, notes, weight_kg, nutritional_risk, height_cm, sex, municipality, muac_cm, screening_date, bmi_category, name, barangay, email, age, bmi, status]
2025-10-13 11:20:50.244 31211-31211 FoodActivity            com.example.nutrisaur11              D  Calculated age from birthday '2005-10-10': 20
2025-10-13 11:20:50.244 31211-31211 FoodActivity            com.example.nutrisaur11              D  FoodActivity Weight field lookup - weight_kg: '50', weight: 'null', final: '50'
