2025-10-11 11:57:01.778  2749-6539  KcalSuggestionCache     com.example.nutrisaur11              D  Successfully loaded cached kcal suggestion
2025-10-11 11:57:01.778  2749-6539  CalorieTracker          com.example.nutrisaur11              D  Background AI calculation completed: 2545
2025-10-11 11:57:01.778  2749-2749  SessionManager          com.example.nutrisaur11              D  User interaction recorded at: 1760155021778
2025-10-11 11:57:01.778  2749-2749  SessionManager          com.example.nutrisaur11              D  === REAL-TIME SESSION VALIDATION ===
2025-10-11 11:57:01.778  2749-2749  SessionManager          com.example.nutrisaur11              D  No recent valid session found, performing real-time database check
2025-10-11 11:57:01.779  2749-2749  SessionManager          com.example.nutrisaur11              D  Checking user existence in database: kevinpingol123@gmail.com
2025-10-11 11:57:01.779  2749-2749  CommunityUserManager    com.example.nutrisaur11              D  === GETTING CURRENT USER DATA FROM DATABASE (ASYNC) ===
2025-10-11 11:57:01.780  2749-2749  CommunityUserManager    com.example.nutrisaur11              D  Retrieved cached user data for: kevinpingol123@gmail.com
2025-10-11 11:57:01.780  2749-2749  CommunityUserManager    com.example.nutrisaur11              D  Returning cached user data
2025-10-11 11:57:01.780  2749-2749  SessionManager          com.example.nutrisaur11              D  Database check completed in 1ms
2025-10-11 11:57:01.780  2749-2749  SessionManager          com.example.nutrisaur11              D  User exists and is valid: kevinpingol123@gmail.com
2025-10-11 11:57:01.781  2749-2749  SessionManager          com.example.nutrisaur11              D  Real-time validation successful
2025-10-11 11:57:01.781  2749-2749  CommunityUserManager    com.example.nutrisaur11              D  === CHECKING ARCHIVE STATUS ===
2025-10-11 11:57:01.781  2749-2749  CommunityUserManager    com.example.nutrisaur11              D  === FORCE REFRESHING USER DATA FROM DATABASE ===
2025-10-11 11:57:01.781  2749-2749  CommunityUserManager    com.example.nutrisaur11              D  Force refreshing data for: kevinpingol123@gmail.com
2025-10-11 11:57:01.781  2749-2749  CommunityUserManager    com.example.nutrisaur11              D  === CHECKING USER EXISTENCE ===
2025-10-11 11:57:01.782  2749-6540  CommunityUserManager    com.example.nutrisaur11              D  Making API request to: https://nutrisaur-production.up.railway.app/api/DatabaseAPI.php?action=get_community_user_data
2025-10-11 11:57:01.782  2749-6540  CommunityUserManager    com.example.nutrisaur11              D  Request data: {"email":"kevinpingol123@gmail.com"}
2025-10-11 11:57:01.782  2749-2749  CommunityUserManager    com.example.nutrisaur11              D  === FORCE REFRESHING USER DATA FROM DATABASE ===
2025-10-11 11:57:01.782  2749-2749  CommunityUserManager    com.example.nutrisaur11              D  Force refreshing data for: kevinpingol123@gmail.com
2025-10-11 11:57:01.783  2749-2749  CommunityUserManager    com.example.nutrisaur11              D  === CHECKING ARCHIVE STATUS ===
2025-10-11 11:57:01.783  2749-2749  CommunityUserManager    com.example.nutrisaur11              D  === FORCE REFRESHING USER DATA FROM DATABASE ===
2025-10-11 11:57:01.783  2749-2749  CommunityUserManager    com.example.nutrisaur11              D  Force refreshing data for: kevinpingol123@gmail.com
2025-10-11 11:57:01.783  2749-2749  FoodActivity            com.example.nutrisaur11              D  FoodActivity onResume - refreshing meal progress
2025-10-11 11:57:01.783  2749-6541  CommunityUserManager    com.example.nutrisaur11              D  Making API request to: https://nutrisaur-production.up.railway.app/api/DatabaseAPI.php?action=get_community_user_data
2025-10-11 11:57:01.783  2749-6541  CommunityUserManager    com.example.nutrisaur11              D  Request data: {"email":"kevinpingol123@gmail.com"}
2025-10-11 11:57:01.784  2749-2749  FoodActivity            com.example.nutrisaur11              D  About to call syncFoodHistoryFromDatabase()
2025-10-11 11:57:01.784  2749-2749  FoodActivity            com.example.nutrisaur11              D  === SYNCING FOOD HISTORY FROM DATABASE ===
2025-10-11 11:57:01.784  2749-2749  FoodActivity            com.example.nutrisaur11              D  Sync Debug - User email: 'kevinpingol123@gmail.com'
2025-10-11 11:57:01.784  2749-2749  FoodActivity            com.example.nutrisaur11              D  Sync Debug - Current date: '2025-10-11'
2025-10-11 11:57:01.785  2749-2749  FoodActivity            com.example.nutrisaur11              D  Sync Debug - About to create ApiClient and call downloadFoodHistory
2025-10-11 11:57:01.785  2749-2749  FoodActivity            com.example.nutrisaur11              D  Syncing food history for user: kevinpingol123@gmail.com on date: 2025-10-11
2025-10-11 11:57:01.785  2749-2749  ApiClient               com.example.nutrisaur11              D  === DOWNLOAD FOOD HISTORY CALLED ===
2025-10-11 11:57:01.785  2749-2749  ApiClient               com.example.nutrisaur11              D  User: kevinpingol123@gmail.com, Start: 2025-10-11, End: 2025-10-11
2025-10-11 11:57:01.785  2749-2749  FoodHistorySyncManager  com.example.nutrisaur11              D  Syncing flag metadata for user: kevinpingol123@gmail.com
2025-10-11 11:57:01.785  2749-6543  ApiClient               com.example.nutrisaur11              D  Download URL: https://nutrisaur-production.up.railway.app/api/food_history_api.php?action=get_user_history&user_email=kevinpingol123@gmail.com&start_date=2025-10-11&end_date=2025-10-11
2025-10-11 11:57:01.786  2749-2749  FoodActivity            com.example.nutrisaur11              D  Finished calling syncFoodHistoryFromDatabase()
2025-10-11 11:57:01.786  2749-2749  FoodActivity            com.example.nutrisaur11              D  Refreshing meal progress on resume
2025-10-11 11:57:01.786  2749-2749  FoodActivity            com.example.nutrisaur11              D  Syncing CalorieTracker with AddedFoodManager for date: 2025-10-11
2025-10-11 11:57:01.791  2749-6542  CommunityUserManager    com.example.nutrisaur11              D  Making API request to: https://nutrisaur-production.up.railway.app/api/DatabaseAPI.php?action=get_community_user_data
2025-10-11 11:57:01.791  2749-6542  CommunityUserManager    com.example.nutrisaur11              D  Request data: {"email":"kevinpingol123@gmail.com"}
2025-10-11 11:57:01.791  2749-2749  CalorieTracker          com.example.nutrisaur11              D  Syncing with 0 added foods for date: 2025-10-11
2025-10-11 11:57:01.792  2749-2749  CalorieTracker          com.example.nutrisaur11              D    Daily foods: 0
2025-10-11 11:57:01.792  2749-2749  CalorieTracker          com.example.nutrisaur11              D  Available database fields: [birthday, is_pregnant, muac_category, notes, weight_kg, nutritional_risk, height_cm, sex, municipality, muac_cm, screening_date, bmi_category, name, barangay, email, age, bmi, status]
2025-10-11 11:57:01.793  2749-2749  CalorieTracker          com.example.nutrisaur11              D  Calculated age from birthday '2005-10-10': 20
2025-10-11 11:57:01.793  2749-2749  CalorieTracker          com.example.nutrisaur11              D  Weight field lookup - weight_kg: '50', weight: 'null', final: '50'
2025-10-11 11:57:01.793  2749-2749  CalorieTracker          com.example.nutrisaur11              D  Set weight from database: 50
2025-10-11 11:57:01.793  2749-2749  CalorieTracker          com.example.nutrisaur11              D  Height field lookup - height_cm: '171', height: 'null', final: '171'
2025-10-11 11:57:01.793  2749-2749  CalorieTracker          com.example.nutrisaur11              D  Set height from database: 171
2025-10-11 11:57:01.793  2749-2749  CalorieTracker          com.example.nutrisaur11              D  Created user profile from database data: Pingol , Kevin C. (Age: 20, Weight: 50.0, Height: 171.0, Gender: Male, Activity: Moderate)
2025-10-11 11:57:01.793  2749-2749  CalorieTracker          com.example.nutrisaur11              D  Using user profile from database data
2025-10-11 11:57:01.794  2749-2749  KcalSuggestionCache     com.example.nutrisaur11              D  User profile changed, cache invalid
2025-10-11 11:57:01.794  2749-2749  CalorieTracker          com.example.nutrisaur11              D  No valid AI cache found, using fallback calculation...
2025-10-11 11:57:01.794  2749-2749  CalorieCal...ionService com.example.nutrisaur11              D  Calculated BMR: 1473.75 for Pingol , Kevin C.
2025-10-11 11:57:01.794  2749-2749  CalorieCal...ionService com.example.nutrisaur11              D  Calculated TDEE: 2284.3125 (BMR: 1473.75 × Activity: 1.55)
2025-10-11 11:57:01.794  2749-2749  CalorieCal...ionService com.example.nutrisaur11              D  Calculated daily calorie target: 2784 (TDEE: 2284.3125 + Adjustment: 500.0)
2025-10-11 11:57:01.794  2749-2749  CalorieTracker          com.example.nutrisaur11              D  Using fallback calculation (AI will update cache): 2784
2025-10-11 11:57:01.795  2749-2749  CalorieTracker          com.example.nutrisaur11              D  Using AI-calculated daily calorie target: 2784
2025-10-11 11:57:01.795  2749-2749  CalorieCal...ionService com.example.nutrisaur11              D  Calculated meal distribution: Breakfast=696, Lunch=974, Dinner=835, Snacks=278
2025-10-11 11:57:01.795  2749-2749  CalorieTracker          com.example.nutrisaur11              D  Calculated meal distribution: Breakfast=696, Lunch=974, Dinner=835, Snacks=278
2025-10-11 11:57:01.795  2749-2749  CalorieTracker          com.example.nutrisaur11              D  Calculated meal distribution: {Breakfast=696, Dinner=835, Snacks=278, Lunch=974}
2025-10-11 11:57:01.796  2749-2749  CalorieTracker          com.example.nutrisaur11              D  Synced CalorieTracker with AddedFoodManager for date 2025-10-11. Total meals: 0
2025-10-11 11:57:01.796  2749-6549  NutritionService        com.example.nutrisaur11              D  Starting nutrition recommendations...
2025-10-11 11:57:01.796  2749-6549  NutritionService        com.example.nutrisaur11              D  Getting user profile from SharedPreferences...
2025-10-11 11:57:01.797  2749-6549  NutritionService        com.example.nutrisaur11              D  User data: name=, age=25, weight=70.0, height=170.0
2025-10-11 11:57:01.797  2749-6549  NutritionService        com.example.nutrisaur11              D  User profile loaded: , BMI: 24.221453287197235
2025-10-11 11:57:01.797  2749-6549  KcalSuggestionCache     com.example.nutrisaur11              D  Cached kcal suggestion is valid
2025-10-11 11:57:01.797  2749-6549  NutritionService        com.example.nutrisaur11              D  Using cached kcal suggestion - user profile unchanged
2025-10-11 11:57:01.797  2749-6549  KcalSuggestionCache     com.example.nutrisaur11              D  Successfully loaded cached kcal suggestion
2025-10-11 11:57:01.797  2749-6549  CalorieTracker          com.example.nutrisaur11              D  Background AI calculation completed: 2545
2025-10-11 11:57:01.798  2749-2749  DecorView[]             com.example.nutrisaur11              D  onWindowFocusChanged hasWindowFocus false
2025-10-11 11:57:01.840  2749-6246  OpenGLRenderer          com.example.nutrisaur11              I  Davey! duration=9223303816602ms; Flags=1, FrameTimelineVsyncId=3473886, IntendedVsync=68220251861593, Vsync=68220285194925, InputEventId=0, HandleInputStart=68220288361785, AnimationStart=68220288363191, PerformTraversalsStart=68220288371577, DrawStart=68220304627202, FrameDeadline=68220285194925, FrameInterval=68220288352566, FrameStartTime=16666666, SyncQueued=68220309113608, SyncStart=68220309229546, IssueDrawCommandsStart=68220309421629, SwapBuffers=68220311045171, FrameCompleted=9223372036854775807, DequeueBufferDuration=13906, QueueBufferDuration=876615, GpuCompleted=9223372036854775807, SwapBuffersCompleted=68220312366212, DisplayPresentTime=0, 
2025-10-11 11:57:01.840  2749-6246  OpenGLRenderer          com.example.nutrisaur11              I  Davey! duration=9223303816552ms; Flags=0, FrameTimelineVsyncId=3473893, IntendedVsync=68220301796598, Vsync=68220301796598, InputEventId=0, HandleInputStart=68220312918087, AnimationStart=68220312919702, PerformTraversalsStart=68220313182358, DrawStart=68220313271108, FrameDeadline=68220318463264, FrameInterval=68220312907879, FrameStartTime=16666666, SyncQueued=68220315725118, SyncStart=68220315819389, IssueDrawCommandsStart=68220315982254, SwapBuffers=68220317690275, FrameCompleted=9223372036854775807, DequeueBufferDuration=19114, QueueBufferDuration=1401042, GpuCompleted=9223372036854775807, SwapBuffersCompleted=68220319378139, DisplayPresentTime=0, 
2025-10-11 11:57:01.865  2749-6543  ApiClient               com.example.nutrisaur11              D  Download food history response: {"success":true,"data":[{"id":215,"user_email":"kevinpingol123@gmail.com","date":"2025-10-11","meal_category":"Lunch","food_name":"Chicken Adobo","calories":400,"serving_size":"1.5 cups","protein":"35.00","carbs":"15.00","fat":"20.00","fiber":"0.00","created_at":"2025-10-11 03:56:23","is_flagged":0,"is_day_flagged":0,"mho_comment":null,"flagged_by":null,"flagged_at":null},{"id":218,"user_email":"kevinpingol123@gmail.com","date":"2025-10-11","meal_category":"Lunch","food_name":"Chicken Adobo","calories":400,"serving_size":"1.5 cups","protein":"35.00","carbs":"15.00","fat":"20.00","fiber":"0.00","created_at":"2025-10-11 03:56:40","is_flagged":0,"is_day_flagged":0,"mho_comment":null,"flagged_by":null,"flagged_at":null},{"id":222,"user_email":"kevinpingol123@gmail.com","date":"2025-10-11","meal_category":"Lunch","food_name":"Chicken Adobo","calories":400,"serving_size":"1.5 cups","protein":"35.00","carbs":"15.00","fat":"20.00","fiber":"0.00","created_at":"2025-10-11 03:56:50","is_flagged":0,"is_day_flagged":0,"mho_comment":null,"flagged_by":null,"flagged_at":null},{"id":216,"user_email":"kevinpingol123@gmail.com","date":"2025-10-11","meal_category":"Lunch","food_name":"Kare-Kare","calories":550,"serving_size":"Generous bowl","protein":"25.00","carbs":"30.00","fat":"40.00","fiber":"0.00","created_at":"2025-10-11 03:56:24","is_flagged":0,"is_day_flagged":0,"mho_comment":null,"flagged_by":null,"flagged_at":null},{"id":219,"user_email":"kevinpingol123@gmail.com","date":"2025-10-11","meal_category":"Lunch","food_name":"Kare-Kare","calories":550,"serving_size":"Generous bowl","protein":"25.00","carbs":"30.00","fat":"40.00","fiber":"0.00","created_at":"2025-10-11 03:56:40","is_flagged":0,"is_day_flagged":0,"mho_comment":null,"flagged_by":null,"flagged_at":null},{"id":224,"user_email":"kevinpingol123@gmail.com","date":"2025-10-11","meal_category":"Lunch","food_name":"Kare-Kare","calories":550,"serving_size":"Generous bowl","protein":"25.00","carbs":"30.00","fat":"40.00","fiber":"0.00","created_at":"2025-10-11 03:56:50","is_flagged":0,"is_day_flagged":0,"mho_comment":null,"flagged_by":null,"flagged_at":null},{"id":217,"user_email":"kevinpingol123@gmail.com","date":"2025-10-11","meal_category":"Lunch","food_name":"Sinigang na Baboy","calories":450,"serving_size":"Large bowl","protein":"30.00","carbs":"20.00","fat":"25.00","fiber":"0.00","created_at":"2025-10-11 03:56:24","is_flagged":0,"is_day_flagged":0,"mho_comment":null,"flagged_by":null,"flagged_at":null},{"id":220,"user_email":"kevinpingol123@gmail.com","date":"2025-10-11","meal_category":"Lunch","food_name":"Sinigang na Baboy","calories":450,"serving_size":"Large bowl","protein":"30.00","carbs":"20.00","fat":"25.00","fiber":"0.00","created_at":"2025-10-11 03:56:40","is_flagged":0,"is_day_flagged":0,"mho_comment":null,"flagged_by":null,"flagged_at":null},{"id":221,"user_email":"kevinpingol123@gmail.com","date":"2025-10-11","meal_category":"Lunch","food_name":"Sinigang na Baboy","calories":450,"serving_size":"Large bowl","protein":"30.00","carbs":"20.00","fat":"25.00","fiber":"0.00","created_at":"2025-10-11 03:56:49","is_flagged":0,"is_day_flagged":0,"mho_comment":null,"flagged_by":null,"flagged_at":null},{"id":223,"user_email":"kevinpingol123@gmail.com","date":"2025-10-11","meal_category":"Lunch","food_name":"Sinigang na Baboy","calories":450,"serving_size":"Large bowl","protein":"30.00","carbs":"20.00","fat":"25.00","fiber":"0.00","created_at":"2025-10-11 03:56:50","is_flagged":0,"is_day_flagged":0,"mho_comment":null,"flagged_by":null,"flagged_at":null}],"count":10}
2025-10-11 11:57:01.877  2749-2749  DecorView[]             com.example.nutrisaur11              D  onWindowFocusChanged hasWindowFocus true
2025-10-11 11:57:01.879  3026-3369  ActivityManagerWrapper  com.miui.home                        E  getRecentTasks: taskId=10907   userId=0   baseIntent=Intent { act=android.intent.action.MAIN cat=[android.intent.category.LAUNCHER] flg=0x10000000 cmp=com.example.nutrisaur11/.SplashActivity }
2025-10-11 11:57:01.883  2749-2749  SessionManager          com.example.nutrisaur11              D  User marked as idle
2025-10-11 11:57:01.897  2749-2749  FoodHistorySyncManager  com.example.nutrisaur11              D  Flag metadata synced successfully
2025-10-11 11:57:01.898  2749-2749  FoodActivity            com.example.nutrisaur11              D  Download successful, parsing response...
2025-10-11 11:57:01.898  2749-2749  FoodActivity            com.example.nutrisaur11              D  === PARSING FOOD HISTORY ===
2025-10-11 11:57:01.898  2749-2749  FoodActivity            com.example.nutrisaur11              D  JSON Response: {"success":true,"data":[{"id":215,"user_email":"kevinpingol123@gmail.com","date":"2025-10-11","meal_category":"Lunch","food_name":"Chicken Adobo","calories":400,"serving_size":"1.5 cups","protein":"35.00","carbs":"15.00","fat":"20.00","fiber":"0.00","created_at":"2025-10-11 03:56:23","is_flagged":0,"is_day_flagged":0,"mho_comment":null,"flagged_by":null,"flagged_at":null},{"id":218,"user_email":"kevinpingol123@gmail.com","date":"2025-10-11","meal_category":"Lunch","food_name":"Chicken Adobo","calories":400,"serving_size":"1.5 cups","protein":"35.00","carbs":"15.00","fat":"20.00","fiber":"0.00","created_at":"2025-10-11 03:56:40","is_flagged":0,"is_day_flagged":0,"mho_comment":null,"flagged_by":null,"flagged_at":null},{"id":222,"user_email":"kevinpingol123@gmail.com","date":"2025-10-11","meal_category":"Lunch","food_name":"Chicken Adobo","calories":400,"serving_size":"1.5 cups","protein":"35.00","carbs":"15.00","fat":"20.00","fiber":"0.00","created_at":"2025-10-11 03:56:50","is_flagged":0,"is_day_flagged":0,"mho_comment":null,"flagged_by":null,"flagged_at":null},{"id":216,"user_email":"kevinpingol123@gmail.com","date":"2025-10-11","meal_category":"Lunch","food_name":"Kare-Kare","calories":550,"serving_size":"Generous bowl","protein":"25.00","carbs":"30.00","fat":"40.00","fiber":"0.00","created_at":"2025-10-11 03:56:24","is_flagged":0,"is_day_flagged":0,"mho_comment":null,"flagged_by":null,"flagged_at":null},{"id":219,"user_email":"kevinpingol123@gmail.com","date":"2025-10-11","meal_category":"Lunch","food_name":"Kare-Kare","calories":550,"serving_size":"Generous bowl","protein":"25.00","carbs":"30.00","fat":"40.00","fiber":"0.00","created_at":"2025-10-11 03:56:40","is_flagged":0,"is_day_flagged":0,"mho_comment":null,"flagged_by":null,"flagged_at":null},{"id":224,"user_email":"kevinpingol123@gmail.com","date":"2025-10-11","meal_category":"Lunch","food_name":"Kare-Kare","calories":550,"serving_size":"Generous bowl","protein":"25.00","carbs":"30.00","fat":"40.00","fiber":"0.00","created_at":"2025-10-11 03:56:50","is_flagged":0,"is_day_flagged":0,"mho_comment":null,"flagged_by":null,"flagged_at":null},{"id":217,"user_email":"kevinpingol123@gmail.com","date":"2025-10-11","meal_category":"Lunch","food_name":"Sinigang na Baboy","calories":450,"serving_size":"Large bowl","protein":"30.00","carbs":"20.00","fat":"25.00","fiber":"0.00","created_at":"2025-10-11 03:56:24","is_flagged":0,"is_day_flagged":0,"mho_comment":null,"flagged_by":null,"flagged_at":null},{"id":220,"user_email":"kevinpingol123@gmail.com","date":"2025-10-11","meal_category":"Lunch","food_name":"Sinigang na Baboy","calories":450,"serving_size":"Large bowl","protein":"30.00","carbs":"20.00","fat":"25.00","fiber":"0.00","created_at":"2025-10-11 03:56:40","is_flagged":0,"is_day_flagged":0,"mho_comment":null,"flagged_by":null,"flagged_at":null},{"id":221,"user_email":"kevinpingol123@gmail.com","date":"2025-10-11","meal_category":"Lunch","food_name":"Sinigang na Baboy","calories":450,"serving_size":"Large bowl","protein":"30.00","carbs":"20.00","fat":"25.00","fiber":"0.00","created_at":"2025-10-11 03:56:49","is_flagged":0,"is_day_flagged":0,"mho_comment":null,"flagged_by":null,"flagged_at":null},{"id":223,"user_email":"kevinpingol123@gmail.com","date":"2025-10-11","meal_category":"Lunch","food_name":"Sinigang na Baboy","calories":450,"serving_size":"Large bowl","protein":"30.00","carbs":"20.00","fat":"25.00","fiber":"0.00","created_at":"2025-10-11 03:56:50","is_flagged":0,"is_day_flagged":0,"mho_comment":null,"flagged_by":null,"flagged_at":null}],"count":10}
2025-10-11 11:57:01.899  2749-2749  FoodActivity            com.example.nutrisaur11              D  Parsing 10 food items from server
2025-10-11 11:57:01.899  2749-2749  FoodActivity            com.example.nutrisaur11              D  === STORING FOOD DATA IN LOCAL STORAGE ===
2025-10-11 11:57:01.899  2749-2749  FoodActivity            com.example.nutrisaur11              D  Storing 1 dates of food data for user: kevinpingol123@gmail.com
2025-10-11 11:57:01.901  2749-2749  FoodActivity            com.example.nutrisaur11              D  Date 2025-10-11 has 1 meal categories
2025-10-11 11:57:01.901  2749-2749  FoodActivity            com.example.nutrisaur11              D    Lunch: 10 foods
2025-10-11 11:57:01.903  2749-2749  FoodActivity            com.example.nutrisaur11              D  About to store: Chicken Adobo in Lunch for 2025-10-11
2025-10-11 11:57:01.903  2749-2749  AddedFoodManager        com.example.nutrisaur11              D  🎯 addFoodToMealTime called: Chicken Adobo -> Lunch on 2025-10-11
2025-10-11 11:57:01.905  2749-2749  AddedFoodManager        com.example.nutrisaur11              D  Added Chicken Adobo to Lunch on 2025-10-11 (using single storage system)
2025-10-11 11:57:01.905  2749-2749  AddedFoodManager        com.example.nutrisaur11              D  Retrieved user email: 'kevinpingol123@gmail.com'
2025-10-11 11:57:01.905  2749-2749  AddedFoodManager        com.example.nutrisaur11              D  🔍 Attempting to store food in database:
2025-10-11 11:57:01.905  2749-2749  AddedFoodManager        com.example.nutrisaur11              D    - User Email: kevinpingol123@gmail.com
2025-10-11 11:57:01.905  2749-2749  AddedFoodManager        com.example.nutrisaur11              D    - Date: 2025-10-11
2025-10-11 11:57:01.905  2749-2749  AddedFoodManager        com.example.nutrisaur11              D    - Meal: Lunch
2025-10-11 11:57:01.905  2749-2749  AddedFoodManager        com.example.nutrisaur11              D    - Food: Chicken Adobo
2025-10-11 11:57:01.905  2749-2749  FoodActivity            com.example.nutrisaur11              D  ✅ Stored: Chicken Adobo in Lunch for 2025-10-11
2025-10-11 11:57:01.906  2749-6559  ApiClient               com.example.nutrisaur11              D  🚀 Starting food upload to database:
2025-10-11 11:57:01.906  2749-6559  ApiClient               com.example.nutrisaur11              D    - User: kevinpingol123@gmail.com
2025-10-11 11:57:01.906  2749-2749  FoodActivity            com.example.nutrisaur11              D  ⏭️ Skipping: Chicken Adobo already exists in Lunch for 2025-10-11
2025-10-11 11:57:01.906  2749-6559  ApiClient               com.example.nutrisaur11              D    - Date: 2025-10-11
2025-10-11 11:57:01.906  2749-6559  ApiClient               com.example.nutrisaur11              D    - Meal: Lunch
2025-10-11 11:57:01.906  2749-6559  ApiClient               com.example.nutrisaur11              D    - Food: Chicken Adobo
2025-10-11 11:57:01.906  2749-6559  ApiClient               com.example.nutrisaur11              D  📡 Upload URL: https://nutrisaur-production.up.railway.app/api/food_history_api.php?action=add
2025-10-11 11:57:01.906  2749-6559  ApiClient               com.example.nutrisaur11              D  📦 Upload data: {"user_email":"kevinpingol123@gmail.com","date":"2025-10-11","meal_category":"Lunch","food_name":"Chicken Adobo","calories":400,"serving_size":"1.5 cups","protein":35,"carbs":15,"fat":20,"fiber":0}
2025-10-11 11:57:01.907  2749-2749  FoodActivity            com.example.nutrisaur11              D  ⏭️ Skipping: Chicken Adobo already exists in Lunch for 2025-10-11
2025-10-11 11:57:01.907  2749-2749  FoodActivity            com.example.nutrisaur11              D  About to store: Kare-Kare in Lunch for 2025-10-11
2025-10-11 11:57:01.907  2749-2749  AddedFoodManager        com.example.nutrisaur11              D  🎯 addFoodToMealTime called: Kare-Kare -> Lunch on 2025-10-11
2025-10-11 11:57:01.908  2749-2749  AddedFoodManager        com.example.nutrisaur11              D  Added Kare-Kare to Lunch on 2025-10-11 (using single storage system)
2025-10-11 11:57:01.909  2749-2749  AddedFoodManager        com.example.nutrisaur11              D  Retrieved user email: 'kevinpingol123@gmail.com'
2025-10-11 11:57:01.909  2749-2749  AddedFoodManager        com.example.nutrisaur11              D  🔍 Attempting to store food in database:
2025-10-11 11:57:01.909  2749-2749  AddedFoodManager        com.example.nutrisaur11              D    - User Email: kevinpingol123@gmail.com
2025-10-11 11:57:01.909  2749-2749  AddedFoodManager        com.example.nutrisaur11              D    - Date: 2025-10-11
2025-10-11 11:57:01.909  2749-2749  AddedFoodManager        com.example.nutrisaur11              D    - Meal: Lunch
2025-10-11 11:57:01.909  2749-2749  AddedFoodManager        com.example.nutrisaur11              D    - Food: Kare-Kare
2025-10-11 11:57:01.909  2749-2749  FoodActivity            com.example.nutrisaur11              D  ✅ Stored: Kare-Kare in Lunch for 2025-10-11
2025-10-11 11:57:01.910  2749-2749  FoodActivity            com.example.nutrisaur11              D  ⏭️ Skipping: Kare-Kare already exists in Lunch for 2025-10-11
2025-10-11 11:57:01.910  2749-6560  ApiClient               com.example.nutrisaur11              D  🚀 Starting food upload to database:
2025-10-11 11:57:01.910  2749-6560  ApiClient               com.example.nutrisaur11              D    - User: kevinpingol123@gmail.com
2025-10-11 11:57:01.910  2749-6560  ApiClient               com.example.nutrisaur11              D    - Date: 2025-10-11
2025-10-11 11:57:01.910  2749-6560  ApiClient               com.example.nutrisaur11              D    - Meal: Lunch
2025-10-11 11:57:01.910  2749-6560  ApiClient               com.example.nutrisaur11              D    - Food: Kare-Kare
2025-10-11 11:57:01.910  2749-2749  FoodActivity            com.example.nutrisaur11              D  ⏭️ Skipping: Kare-Kare already exists in Lunch for 2025-10-11
2025-10-11 11:57:01.910  2749-6560  ApiClient               com.example.nutrisaur11              D  📡 Upload URL: https://nutrisaur-production.up.railway.app/api/food_history_api.php?action=add
2025-10-11 11:57:01.911  2749-6560  ApiClient               com.example.nutrisaur11              D  📦 Upload data: {"user_email":"kevinpingol123@gmail.com","date":"2025-10-11","meal_category":"Lunch","food_name":"Kare-Kare","calories":550,"serving_size":"Generous bowl","protein":25,"carbs":30,"fat":40,"fiber":0}
2025-10-11 11:57:01.911  2749-2749  FoodActivity            com.example.nutrisaur11              D  About to store: Sinigang na Baboy in Lunch for 2025-10-11
2025-10-11 11:57:01.911  2749-2749  AddedFoodManager        com.example.nutrisaur11              D  🎯 addFoodToMealTime called: Sinigang na Baboy -> Lunch on 2025-10-11
2025-10-11 11:57:01.913  2749-2749  AddedFoodManager        com.example.nutrisaur11              D  Added Sinigang na Baboy to Lunch on 2025-10-11 (using single storage system)
2025-10-11 11:57:01.913  2749-2749  AddedFoodManager        com.example.nutrisaur11              D  Retrieved user email: 'kevinpingol123@gmail.com'
2025-10-11 11:57:01.913  2749-2749  AddedFoodManager        com.example.nutrisaur11              D  🔍 Attempting to store food in database:
2025-10-11 11:57:01.913  2749-2749  AddedFoodManager        com.example.nutrisaur11              D    - User Email: kevinpingol123@gmail.com
2025-10-11 11:57:01.913  2749-2749  AddedFoodManager        com.example.nutrisaur11              D    - Date: 2025-10-11
2025-10-11 11:57:01.913  2749-2749  AddedFoodManager        com.example.nutrisaur11              D    - Meal: Lunch
2025-10-11 11:57:01.913  2749-2749  AddedFoodManager        com.example.nutrisaur11              D    - Food: Sinigang na Baboy
2025-10-11 11:57:01.914  2749-2749  FoodActivity            com.example.nutrisaur11              D  ✅ Stored: Sinigang na Baboy in Lunch for 2025-10-11
2025-10-11 11:57:01.915  2749-2749  FoodActivity            com.example.nutrisaur11              D  ⏭️ Skipping: Sinigang na Baboy already exists in Lunch for 2025-10-11
2025-10-11 11:57:01.915  2749-2749  FoodActivity            com.example.nutrisaur11              D  ⏭️ Skipping: Sinigang na Baboy already exists in Lunch for 2025-10-11
2025-10-11 11:57:01.916  2749-2749  FoodActivity            com.example.nutrisaur11              D  ⏭️ Skipping: Sinigang na Baboy already exists in Lunch for 2025-10-11
2025-10-11 11:57:01.916  2749-2749  FoodActivity            com.example.nutrisaur11              D  ✅ Food history sync completed successfully
2025-10-11 11:57:01.916  2749-2749  FoodActivity            com.example.nutrisaur11              D  Refreshing UI after sync...
2025-10-11 11:57:01.916  2749-2749  FoodActivity            com.example.nutrisaur11              D  Refreshing meal progress on resume
2025-10-11 11:57:01.916  2749-2749  FoodActivity            com.example.nutrisaur11              D  Syncing CalorieTracker with AddedFoodManager for date: 2025-10-11
2025-10-11 11:57:01.919  2749-2749  CalorieTracker          com.example.nutrisaur11              D  Syncing with 3 added foods for date: 2025-10-11
2025-10-11 11:57:01.919  2749-2749  CalorieTracker          com.example.nutrisaur11              D    Daily foods: 3
2025-10-11 11:57:01.919  2749-2749  CalorieTracker          com.example.nutrisaur11              D  Available database fields: [birthday, is_pregnant, muac_category, notes, weight_kg, nutritional_risk, height_cm, sex, municipality, muac_cm, screening_date, bmi_category, name, barangay, email, age, bmi, status]
2025-10-11 11:57:01.919  2749-2749  CalorieTracker          com.example.nutrisaur11              D  Calculated age from birthday '2005-10-10': 20
2025-10-11 11:57:01.920  2749-2749  CalorieTracker          com.example.nutrisaur11              D  Weight field lookup - weight_kg: '50', weight: 'null', final: '50'
2025-10-11 11:57:01.920  2749-2749  CalorieTracker          com.example.nutrisaur11              D  Set weight from database: 50
2025-10-11 11:57:01.920  2749-2749  CalorieTracker          com.example.nutrisaur11              D  Height field lookup - height_cm: '171', height: 'null', final: '171'
2025-10-11 11:57:01.920  2749-2749  CalorieTracker          com.example.nutrisaur11              D  Set height from database: 171
2025-10-11 11:57:01.920  2749-2749  CalorieTracker          com.example.nutrisaur11              D  Created user profile from database data: Pingol , Kevin C. (Age: 20, Weight: 50.0, Height: 171.0, Gender: Male, Activity: Moderate)
2025-10-11 11:57:01.920  2749-2749  CalorieTracker          com.example.nutrisaur11              D  Using user profile from database data
2025-10-11 11:57:01.920  2749-2749  KcalSuggestionCache     com.example.nutrisaur11              D  User profile changed, cache invalid
2025-10-11 11:57:01.920  2749-2749  CalorieTracker          com.example.nutrisaur11              D  No valid AI cache found, using fallback calculation...
2025-10-11 11:57:01.920  2749-2749  CalorieCal...ionService com.example.nutrisaur11              D  Calculated BMR: 1473.75 for Pingol , Kevin C.
2025-10-11 11:57:01.921  2749-2749  CalorieCal...ionService com.example.nutrisaur11              D  Calculated TDEE: 2284.3125 (BMR: 1473.75 × Activity: 1.55)
2025-10-11 11:57:01.921  2749-2749  CalorieCal...ionService com.example.nutrisaur11              D  Calculated daily calorie target: 2784 (TDEE: 2284.3125 + Adjustment: 500.0)
2025-10-11 11:57:01.921  2749-2749  CalorieTracker          com.example.nutrisaur11              D  Using fallback calculation (AI will update cache): 2784
2025-10-11 11:57:01.921  2749-2749  CalorieTracker          com.example.nutrisaur11              D  Using AI-calculated daily calorie target: 2784
2025-10-11 11:57:01.921  2749-2749  CalorieCal...ionService com.example.nutrisaur11              D  Calculated meal distribution: Breakfast=696, Lunch=974, Dinner=835, Snacks=278
2025-10-11 11:57:01.921  2749-2749  CalorieTracker          com.example.nutrisaur11              D  Calculated meal distribution: Breakfast=696, Lunch=974, Dinner=835, Snacks=278
2025-10-11 11:57:01.921  2749-2749  CalorieTracker          com.example.nutrisaur11              D  Calculated meal distribution: {Breakfast=696, Dinner=835, Snacks=278, Lunch=974}
2025-10-11 11:57:01.921  2749-2749  CalorieTracker          com.example.nutrisaur11              D  Created Lunch meal with 974 max calories
2025-10-11 11:57:01.921  2749-2749  CalorieTracker          com.example.nutrisaur11              D  Added Chicken Adobo (400 cal) to Lunch for date 2025-10-11
2025-10-11 11:57:01.921  2749-2749  CalorieTracker          com.example.nutrisaur11              D  Added Kare-Kare (550 cal) to Lunch for date 2025-10-11
2025-10-11 11:57:01.921  2749-2749  CalorieTracker          com.example.nutrisaur11              D  Added Sinigang na Baboy (450 cal) to Lunch for date 2025-10-11
2025-10-11 11:57:01.923  2749-2749  CalorieTracker          com.example.nutrisaur11              D  Synced CalorieTracker with AddedFoodManager for date 2025-10-11. Total meals: 1
2025-10-11 11:57:01.923  2749-2749  CalorieTracker          com.example.nutrisaur11              D  Meal Lunch: 1400/974 kcal
2025-10-11 11:57:01.924  2749-2749  FoodActivity            com.example.nutrisaur11              D  Total eaten calories after sync: 1400
2025-10-11 11:57:01.924  2749-2749  FoodActivity            com.example.nutrisaur11              D  Updating eaten calories only (preserving daily target)
2025-10-11 11:57:01.925  2749-2749  FoodActivity            com.example.nutrisaur11              D  Total eaten calories for update: 1400
2025-10-11 11:57:01.925  2749-2749  FoodActivity            com.example.nutrisaur11              D  Using existing daily calorie target: 2784
2025-10-11 11:57:01.925  2749-2749  FoodActivity            com.example.nutrisaur11              D  Eaten Calories Only Update:
2025-10-11 11:57:01.925  2749-2749  FoodActivity            com.example.nutrisaur11              D    Total Daily Calories: 2784 (preserved)
2025-10-11 11:57:01.925  2749-2749  FoodActivity            com.example.nutrisaur11              D    Total Eaten Calories: 1400 (updated)
2025-10-11 11:57:01.925  2749-2749  FoodActivity            com.example.nutrisaur11              D    Calories Left: 1384
2025-10-11 11:57:01.925  2749-2749  FoodActivity            com.example.nutrisaur11              D    Progress Percent: 50.287354%
2025-10-11 11:57:01.925  2749-2749  FoodActivity            com.example.nutrisaur11              D  Updating macronutrient data directly
2025-10-11 11:57:01.927  2749-2749  FoodActivity            com.example.nutrisaur11              D  FoodActivity Available database fields: [birthday, is_pregnant, muac_category, notes, weight_kg, nutritional_risk, height_cm, sex, municipality, muac_cm, screening_date, bmi_category, name, barangay, email, age, bmi, status]
2025-10-11 11:57:01.928  2749-2749  FoodActivity            com.example.nutrisaur11              D  Calculated age from birthday '2005-10-10': 20
2025-10-11 11:57:01.928  2749-2749  FoodActivity            com.example.nutrisaur11              D  FoodActivity Weight field lookup - weight_kg: '50', weight: 'null', final: '50'
2025-10-11 11:57:01.928  2749-2749  FoodActivity            com.example.nutrisaur11              D  FoodActivity: Set weight from database: 50
2025-10-11 11:57:01.928  2749-2749  FoodActivity            com.example.nutrisaur11              D  FoodActivity Height field lookup - height_cm: '171', height: 'null', final: '171'
2025-10-11 11:57:01.928  2749-2749  FoodActivity            com.example.nutrisaur11              D  FoodActivity: Set height from database: 171
2025-10-11 11:57:01.928  2749-2749  FoodActivity            com.example.nutrisaur11              D  Created user profile from database data: Pingol , Kevin C. (Age: 20, Weight: 50.0, Height: 171.0, Gender: Male, Activity: Moderate)
2025-10-11 11:57:01.928  2749-2749  CalorieCal...ionService com.example.nutrisaur11              D  Calculated BMR: 1473.75 for Pingol , Kevin C.
2025-10-11 11:57:01.928  2749-2749  CalorieCal...ionService com.example.nutrisaur11              D  Calculated TDEE: 2284.3125 (BMR: 1473.75 × Activity: 1.55)
2025-10-11 11:57:01.928  2749-2749  CalorieCal...ionService com.example.nutrisaur11              D  Calculated daily calorie target: 2784 (TDEE: 2284.3125 + Adjustment: 500.0)
2025-10-11 11:57:01.928  2749-2749  FoodActivity            com.example.nutrisaur11              D  Calculated macro targets - Protein: 153, Carbs: 375, Fat: 74
2025-10-11 11:57:01.929  2749-2749  FoodActivity            com.example.nutrisaur11              D  Macro Update:
2025-10-11 11:57:01.929  2749-2749  FoodActivity            com.example.nutrisaur11              D    Protein: 63/153 (eaten: 90)
2025-10-11 11:57:01.929  2749-2749  FoodActivity            com.example.nutrisaur11              D    Carbs: 310/375 (eaten: 65)
2025-10-11 11:57:01.929  2749-2749  FoodActivity            com.example.nutrisaur11              D    Fat: 0/74 (eaten: 85)
2025-10-11 11:57:01.929  2749-2749  FoodActivity            com.example.nutrisaur11              D  Updating meal progress texts with direct AddedFoodManager data
2025-10-11 11:57:01.931  2749-2749  FoodActivity            com.example.nutrisaur11              D  FoodActivity Available database fields: [birthday, is_pregnant, muac_category, notes, weight_kg, nutritional_risk, height_cm, sex, municipality, muac_cm, screening_date, bmi_category, name, barangay, email, age, bmi, status]
2025-10-11 11:57:01.932  2749-2749  FoodActivity            com.example.nutrisaur11              D  Calculated age from birthday '2005-10-10': 20
2025-10-11 11:57:01.932  2749-2749  FoodActivity            com.example.nutrisaur11              D  FoodActivity Weight field lookup - weight_kg: '50', weight: 'null', final: '50'
2025-10-11 11:57:01.932  2749-2749  FoodActivity            com.example.nutrisaur11              D  FoodActivity: Set weight from database: 50
2025-10-11 11:57:01.932  2749-2749  FoodActivity            com.example.nutrisaur11              D  FoodActivity Height field lookup - height_cm: '171', height: 'null', final: '171'
2025-10-11 11:57:01.932  2749-2749  FoodActivity            com.example.nutrisaur11              D  FoodActivity: Set height from database: 171
2025-10-11 11:57:01.932  2749-2749  FoodActivity            com.example.nutrisaur11              D  Created user profile from database data: Pingol , Kevin C. (Age: 20, Weight: 50.0, Height: 171.0, Gender: Male, Activity: Moderate)
2025-10-11 11:57:01.932  2749-2749  KcalSuggestionCache     com.example.nutrisaur11              D  User profile changed, cache invalid
2025-10-11 11:57:01.932  2749-2749  FoodActivity            com.example.nutrisaur11              D  No valid AI cache found, using fallback calculation...
2025-10-11 11:57:01.932  2749-2749  CalorieCal...ionService com.example.nutrisaur11              D  Calculated BMR: 1473.75 for Pingol , Kevin C.
2025-10-11 11:57:01.932  2749-2749  CalorieCal...ionService com.example.nutrisaur11              D  Calculated TDEE: 2284.3125 (BMR: 1473.75 × Activity: 1.55)
2025-10-11 11:57:01.932  2749-2749  CalorieCal...ionService com.example.nutrisaur11              D  Calculated daily calorie target: 2784 (TDEE: 2284.3125 + Adjustment: 500.0)
2025-10-11 11:57:01.932  2749-2749  FoodActivity            com.example.nutrisaur11              D  Using fallback calculation (AI will update cache): 2784
2025-10-11 11:57:01.932  2749-2749  FoodActivity            com.example.nutrisaur11              D  Starting background AI calculation...
2025-10-11 11:57:01.932  2749-2749  FoodActivity            com.example.nutrisaur11              D  Using AI-calculated total daily calories: 2784
2025-10-11 11:57:01.932  2749-2749  FoodActivity            com.example.nutrisaur11              D  FoodActivity Available database fields: [birthday, is_pregnant, muac_category, notes, weight_kg, nutritional_risk, height_cm, sex, municipality, muac_cm, screening_date, bmi_category, name, barangay, email, age, bmi, status]
2025-10-11 11:57:01.933  2749-2749  FoodActivity            com.example.nutrisaur11              D  Calculated age from birthday '2005-10-10': 20
2025-10-11 11:57:01.933  2749-2749  FoodActivity            com.example.nutrisaur11              D  FoodActivity Weight field lookup - weight_kg: '50', weight: 'null', final: '50'
2025-10-11 11:57:01.933  2749-2749  FoodActivity            com.example.nutrisaur11              D  FoodActivity: Set weight from database: 50
2025-10-11 11:57:01.933  2749-2749  FoodActivity            com.example.nutrisaur11              D  FoodActivity Height field lookup - height_cm: '171', height: 'null', final: '171'
2025-10-11 11:57:01.933  2749-2749  FoodActivity            com.example.nutrisaur11              D  FoodActivity: Set height from database: 171
2025-10-11 11:57:01.933  2749-2749  FoodActivity            com.example.nutrisaur11              D  Created user profile from database data: Pingol , Kevin C. (Age: 20, Weight: 50.0, Height: 171.0, Gender: Male, Activity: Moderate)
2025-10-11 11:57:01.933  2749-2749  CalorieCal...ionService com.example.nutrisaur11              D  Calculated meal distribution: Breakfast=696, Lunch=974, Dinner=835, Snacks=278
2025-10-11 11:57:01.933  2749-2749  FoodActivity            com.example.nutrisaur11              D  Calculated meal distribution: Breakfast=696, Lunch=974, Dinner=835, Snacks=278
2025-10-11 11:57:01.933  2749-2749  FoodActivity            com.example.nutrisaur11              D  Direct update Breakfast: 0 / 696 kcal (from 0 foods)
2025-10-11 11:57:01.933  2749-2856  NutritionService        com.example.nutrisaur11              D  Starting nutrition recommendations...
2025-10-11 11:57:01.933  2749-2856  NutritionService        com.example.nutrisaur11              D  Getting user profile from SharedPreferences...
2025-10-11 11:57:01.933  2749-2749  FoodActivity            com.example.nutrisaur11              D  Set breakfast progress text to: 0 / 696 kcal
2025-10-11 11:57:01.933  2749-2749  FoodActivity            com.example.nutrisaur11              D  Direct update Lunch: 1400 / 974 kcal (from 3 foods)
2025-10-11 11:57:01.933  2749-2856  NutritionService        com.example.nutrisaur11              D  User data: name=, age=25, weight=70.0, height=170.0
2025-10-11 11:57:01.933  2749-2856  NutritionService        com.example.nutrisaur11              D  User profile loaded: , BMI: 24.221453287197235
2025-10-11 11:57:01.933  2749-2749  FoodActivity            com.example.nutrisaur11              D  Set lunch progress text to: 1400 / 974 kcal
2025-10-11 11:57:01.933  2749-2749  FoodActivity            com.example.nutrisaur11              D  Direct update Dinner: 0 / 835 kcal (from 0 foods)
2025-10-11 11:57:01.933  2749-2856  KcalSuggestionCache     com.example.nutrisaur11              D  Cached kcal suggestion is valid
2025-10-11 11:57:01.933  2749-2856  NutritionService        com.example.nutrisaur11              D  Using cached kcal suggestion - user profile unchanged
2025-10-11 11:57:01.934  2749-2856  KcalSuggestionCache     com.example.nutrisaur11              D  Successfully loaded cached kcal suggestion
2025-10-11 11:57:01.934  2749-2856  FoodActivity            com.example.nutrisaur11              D  Background AI calculation completed: 2545
2025-10-11 11:57:01.934  2749-2749  FoodActivity            com.example.nutrisaur11              D  Set dinner progress text to: 0 / 835 kcal
2025-10-11 11:57:01.934  2749-2749  FoodActivity            com.example.nutrisaur11              D  Direct update Snacks: 0 / 278 kcal (from 0 foods)
2025-10-11 11:57:01.934  2749-2749  FoodActivity            com.example.nutrisaur11              D  Set snacks progress text to: 0 / 278 kcal
2025-10-11 11:57:01.934  2749-2749  FoodActivity            com.example.nutrisaur11              D  Updating meal progress texts with direct AddedFoodManager data
2025-10-11 11:57:01.935  2749-6562  ApiClient               com.example.nutrisaur11              D  🚀 Starting food upload to database:
2025-10-11 11:57:01.935  2749-6562  ApiClient               com.example.nutrisaur11              D    - User: kevinpingol123@gmail.com
2025-10-11 11:57:01.935  2749-6562  ApiClient               com.example.nutrisaur11              D    - Date: 2025-10-11
2025-10-11 11:57:01.935  2749-6562  ApiClient               com.example.nutrisaur11              D    - Meal: Lunch
2025-10-11 11:57:01.935  2749-6562  ApiClient               com.example.nutrisaur11              D    - Food: Sinigang na Baboy
2025-10-11 11:57:01.935  2749-6562  ApiClient               com.example.nutrisaur11              D  📡 Upload URL: https://nutrisaur-production.up.railway.app/api/food_history_api.php?action=add
2025-10-11 11:57:01.935  2749-6562  ApiClient               com.example.nutrisaur11              D  📦 Upload data: {"user_email":"kevinpingol123@gmail.com","date":"2025-10-11","meal_category":"Lunch","food_name":"Sinigang na Baboy","calories":450,"serving_size":"Large bowl","protein":30,"carbs":20,"fat":25,"fiber":0}
2025-10-11 11:57:01.936  2749-2749  FoodActivity            com.example.nutrisaur11              D  FoodActivity Available database fields: [birthday, is_pregnant, muac_category, notes, weight_kg, nutritional_risk, height_cm, sex, municipality, muac_cm, screening_date, bmi_category, name, barangay, email, age, bmi, status]
2025-10-11 11:57:01.936  2749-6566  NutritionService        com.example.nutrisaur11              D  Starting nutrition recommendations...
2025-10-11 11:57:01.936  2749-6566  NutritionService        com.example.nutrisaur11              D  Getting user profile from SharedPreferences...
2025-10-11 11:57:01.936  2749-6566  NutritionService        com.example.nutrisaur11              D  User data: name=, age=25, weight=70.0, height=170.0
2025-10-11 11:57:01.936  2749-6566  NutritionService        com.example.nutrisaur11              D  User profile loaded: , BMI: 24.221453287197235
2025-10-11 11:57:01.936  2749-2749  FoodActivity            com.example.nutrisaur11              D  Calculated age from birthday '2005-10-10': 20
2025-10-11 11:57:01.936  2749-2749  FoodActivity            com.example.nutrisaur11              D  FoodActivity Weight field lookup - weight_kg: '50', weight: 'null', final: '50'
2025-10-11 11:57:01.936  2749-2749  FoodActivity            com.example.nutrisaur11              D  FoodActivity: Set weight from database: 50
2025-10-11 11:57:01.936  2749-2749  FoodActivity            com.example.nutrisaur11              D  FoodActivity Height field lookup - height_cm: '171', height: 'null', final: '171'
2025-10-11 11:57:01.936  2749-2749  FoodActivity            com.example.nutrisaur11              D  FoodActivity: Set height from database: 171
2025-10-11 11:57:01.936  2749-6566  KcalSuggestionCache     com.example.nutrisaur11              D  Cached kcal suggestion is valid
2025-10-11 11:57:01.936  2749-2749  FoodActivity            com.example.nutrisaur11              D  Created user profile from database data: Pingol , Kevin C. (Age: 20, Weight: 50.0, Height: 171.0, Gender: Male, Activity: Moderate)
2025-10-11 11:57:01.936  2749-2749  KcalSuggestionCache     com.example.nutrisaur11              D  User profile changed, cache invalid
2025-10-11 11:57:01.936  2749-2749  FoodActivity            com.example.nutrisaur11              D  No valid AI cache found, using fallback calculation...
2025-10-11 11:57:01.936  2749-2749  CalorieCal...ionService com.example.nutrisaur11              D  Calculated BMR: 1473.75 for Pingol , Kevin C.
2025-10-11 11:57:01.936  2749-2749  CalorieCal...ionService com.example.nutrisaur11              D  Calculated TDEE: 2284.3125 (BMR: 1473.75 × Activity: 1.55)
2025-10-11 11:57:01.936  2749-2749  CalorieCal...ionService com.example.nutrisaur11              D  Calculated daily calorie target: 2784 (TDEE: 2284.3125 + Adjustment: 500.0)
2025-10-11 11:57:01.936  2749-2749  FoodActivity            com.example.nutrisaur11              D  Using fallback calculation (AI will update cache): 2784
2025-10-11 11:57:01.936  2749-2749  FoodActivity            com.example.nutrisaur11              D  AI calculation already in progress, skipping...
2025-10-11 11:57:01.936  2749-2749  FoodActivity            com.example.nutrisaur11              D  Using AI-calculated total daily calories: 2784
2025-10-11 11:57:01.936  2749-2749  FoodActivity            com.example.nutrisaur11              D  FoodActivity Available database fields: [birthday, is_pregnant, muac_category, notes, weight_kg, nutritional_risk, height_cm, sex, municipality, muac_cm, screening_date, bmi_category, name, barangay, email, age, bmi, status]
