2025-10-11 11:56:58.346  2749-2749  SessionManager          com.example.nutrisaur11              D  User interaction recorded at: 1760155018346
2025-10-11 11:56:58.456  2749-2749  FoodActivity            com.example.nutrisaur11              D  Lunch card clicked
2025-10-11 11:56:58.457  2749-2749  FoodActivity            com.example.nutrisaur11              D  Selected meal category: Lunch
2025-10-11 11:56:58.457  2749-2749  FoodActivity            com.example.nutrisaur11              D  Passing user data to FoodLoggingActivity: Pingol , Kevin C. (BMI: )
2025-10-11 11:56:58.485  2749-6246  OpenGLRenderer          com.example.nutrisaur11              I  Davey! duration=9223303819921ms; Flags=0, FrameTimelineVsyncId=3473789, IntendedVsync=68216932933643, Vsync=68216932933643, InputEventId=328595384, HandleInputStart=68216934381578, AnimationStart=68216934392880, PerformTraversalsStart=68216934399234, DrawStart=68216934793505, FrameDeadline=68216949600309, FrameInterval=68216934331526, FrameStartTime=16666666, SyncQueued=68216942856161, SyncStart=68216943020797, IssueDrawCommandsStart=68216944982151, SwapBuffers=68216952696839, FrameCompleted=9223372036854775807, DequeueBufferDuration=67031, QueueBufferDuration=1834271, GpuCompleted=9223372036854775807, SwapBuffersCompleted=68216955678349, DisplayPresentTime=0, 
2025-10-11 11:56:58.494  2749-2749  SessionManager          com.example.nutrisaur11              D  User interaction recorded at: 1760155018494
2025-10-11 11:56:58.496  2749-2749  SessionManager          com.example.nutrisaur11              D  User marked as idle
2025-10-11 11:56:58.504  2749-6246  OpenGLRenderer          com.example.nutrisaur11              I  Davey! duration=9223303819905ms; Flags=0, FrameTimelineVsyncId=3473790, IntendedVsync=68216949595837, Vsync=68216966262503, InputEventId=0, HandleInputStart=68216981818974, AnimationStart=68216981822099, PerformTraversalsStart=68216981920484, DrawStart=68216982015120, FrameDeadline=68216982929169, FrameInterval=68216981801838, FrameStartTime=16666666, SyncQueued=68216982290901, SyncStart=68216982396005, IssueDrawCommandsStart=68216982697880, SwapBuffers=68216984706995, FrameCompleted=9223372036854775807, DequeueBufferDuration=25885, QueueBufferDuration=1673698, GpuCompleted=9223372036854775807, SwapBuffersCompleted=68216986918974, DisplayPresentTime=0, 
2025-10-11 11:56:58.514  2749-2749  SessionManager          com.example.nutrisaur11              D  User interaction recorded at: 1760155018514
2025-10-11 11:56:58.514  2749-2749  SessionManager          com.example.nutrisaur11              D  === REAL-TIME SESSION VALIDATION ===
2025-10-11 11:56:58.514  2749-2749  SessionManager          com.example.nutrisaur11              D  No recent valid session found, performing real-time database check
2025-10-11 11:56:58.515  2749-2749  SessionManager          com.example.nutrisaur11              D  Checking user existence in database: kevinpingol123@gmail.com
2025-10-11 11:56:58.515  2749-2749  CommunityUserManager    com.example.nutrisaur11              D  === GETTING CURRENT USER DATA FROM DATABASE (ASYNC) ===
2025-10-11 11:56:58.515  2749-2749  CommunityUserManager    com.example.nutrisaur11              D  Retrieved cached user data for: kevinpingol123@gmail.com
2025-10-11 11:56:58.515  2749-2749  CommunityUserManager    com.example.nutrisaur11              D  Returning cached user data
2025-10-11 11:56:58.515  2749-2749  SessionManager          com.example.nutrisaur11              D  Database check completed in 0ms
2025-10-11 11:56:58.515  2749-2749  SessionManager          com.example.nutrisaur11              D  User exists and is valid: kevinpingol123@gmail.com
2025-10-11 11:56:58.515  2749-2749  SessionManager          com.example.nutrisaur11              D  Real-time validation successful
2025-10-11 11:56:58.516  2749-2749  IS_CTS_MODE             com.example.nutrisaur11              D  false
2025-10-11 11:56:58.516  2749-2749  MULTI_WIND...CH_ENABLED com.example.nutrisaur11              D  false
2025-10-11 11:56:58.517  2749-2749  DecorView[]             com.example.nutrisaur11              D  getWindowModeFromSystem  windowmode is 1
2025-10-11 11:56:58.538  2749-2749  DailyResetManager       com.example.nutrisaur11              D  Same day, no reset needed. Current: 2025-10-11
2025-10-11 11:56:58.538  2749-2749  FoodLoggingActivity     com.example.nutrisaur11              D  Custom ingredient from intent: null
2025-10-11 11:56:58.538  2749-2749  FoodLoggingActivity     com.example.nutrisaur11              D  FoodLoggingActivity initialized for date: 2025-10-11
2025-10-11 11:56:58.538  2749-2749  FoodLoggingActivity     com.example.nutrisaur11              D  Received user data from database: Pingol , Kevin C. (BMI: )
2025-10-11 11:56:58.541  2749-2749  CalorieTracker          com.example.nutrisaur11              D  Syncing with 3 added foods for date: 2025-10-11
2025-10-11 11:56:58.541  2749-2749  CalorieTracker          com.example.nutrisaur11              D    Daily foods: 3
2025-10-11 11:56:58.541  2749-2749  CalorieTracker          com.example.nutrisaur11              D  Available database fields: [is_pregnant, birthday, muac_category, notes, nutritional_risk, weight_kg, height_cm, sex, municipality, muac_cm, screening_date, bmi_category, name, barangay, age, email, status, bmi]
2025-10-11 11:56:58.541  2749-2749  CalorieTracker          com.example.nutrisaur11              D  Calculated age from birthday '2005-10-10': 20
2025-10-11 11:56:58.541  2749-2749  CalorieTracker          com.example.nutrisaur11              D  Weight field lookup - weight_kg: '50', weight: 'null', final: '50'
2025-10-11 11:56:58.541  2749-2749  CalorieTracker          com.example.nutrisaur11              D  Set weight from database: 50
2025-10-11 11:56:58.541  2749-2749  CalorieTracker          com.example.nutrisaur11              D  Height field lookup - height_cm: '171', height: 'null', final: '171'
2025-10-11 11:56:58.541  2749-2749  CalorieTracker          com.example.nutrisaur11              D  Set height from database: 171
2025-10-11 11:56:58.541  2749-2749  CalorieTracker          com.example.nutrisaur11              D  Created user profile from database data: Pingol , Kevin C. (Age: 20, Weight: 50.0, Height: 171.0, Gender: Male, Activity: Moderate)
2025-10-11 11:56:58.541  2749-2749  CalorieTracker          com.example.nutrisaur11              D  Using user profile from database data
2025-10-11 11:56:58.541  2749-2749  KcalSuggestionCache     com.example.nutrisaur11              D  User profile changed, cache invalid
2025-10-11 11:56:58.541  2749-2749  CalorieTracker          com.example.nutrisaur11              D  No valid AI cache found, using fallback calculation...
2025-10-11 11:56:58.541  2749-2749  CalorieCal...ionService com.example.nutrisaur11              D  Calculated BMR: 1473.75 for Pingol , Kevin C.
2025-10-11 11:56:58.541  2749-2749  CalorieCal...ionService com.example.nutrisaur11              D  Calculated TDEE: 2284.3125 (BMR: 1473.75 × Activity: 1.55)
2025-10-11 11:56:58.541  2749-2749  CalorieCal...ionService com.example.nutrisaur11              D  Calculated daily calorie target: 2784 (TDEE: 2284.3125 + Adjustment: 500.0)
2025-10-11 11:56:58.541  2749-2749  CalorieTracker          com.example.nutrisaur11              D  Using fallback calculation (AI will update cache): 2784
2025-10-11 11:56:58.541  2749-2749  CalorieTracker          com.example.nutrisaur11              D  Using AI-calculated daily calorie target: 2784
2025-10-11 11:56:58.541  2749-2749  CalorieCal...ionService com.example.nutrisaur11              D  Calculated meal distribution: Breakfast=696, Lunch=974, Dinner=835, Snacks=278
2025-10-11 11:56:58.541  2749-2749  CalorieTracker          com.example.nutrisaur11              D  Calculated meal distribution: Breakfast=696, Lunch=974, Dinner=835, Snacks=278
2025-10-11 11:56:58.542  2749-2749  CalorieTracker          com.example.nutrisaur11              D  Calculated meal distribution: {Breakfast=696, Dinner=835, Snacks=278, Lunch=974}
2025-10-11 11:56:58.542  2749-2749  CalorieTracker          com.example.nutrisaur11              D  Created Lunch meal with 974 max calories
2025-10-11 11:56:58.542  2749-2749  CalorieTracker          com.example.nutrisaur11              D  Added Chicken Adobo (400 cal) to Lunch for date 2025-10-11
2025-10-11 11:56:58.542  2749-2749  CalorieTracker          com.example.nutrisaur11              D  Added Kare-Kare (550 cal) to Lunch for date 2025-10-11
2025-10-11 11:56:58.542  2749-2749  CalorieTracker          com.example.nutrisaur11              D  Added Sinigang na Baboy (450 cal) to Lunch for date 2025-10-11
2025-10-11 11:56:58.543  2749-6492  NutritionService        com.example.nutrisaur11              D  Starting nutrition recommendations...
2025-10-11 11:56:58.543  2749-6492  NutritionService        com.example.nutrisaur11              D  Getting user profile from SharedPreferences...
2025-10-11 11:56:58.543  2749-6492  NutritionService        com.example.nutrisaur11              D  User data: name=, age=25, weight=70.0, height=170.0
2025-10-11 11:56:58.543  2749-6492  NutritionService        com.example.nutrisaur11              D  User profile loaded: , BMI: 24.221453287197235
2025-10-11 11:56:58.543  2749-6492  KcalSuggestionCache     com.example.nutrisaur11              D  Cached kcal suggestion is valid
2025-10-11 11:56:58.543  2749-6492  NutritionService        com.example.nutrisaur11              D  Using cached kcal suggestion - user profile unchanged
2025-10-11 11:56:58.543  2749-6492  KcalSuggestionCache     com.example.nutrisaur11              D  Successfully loaded cached kcal suggestion
2025-10-11 11:56:58.543  2749-6492  CalorieTracker          com.example.nutrisaur11              D  Background AI calculation completed: 2545
2025-10-11 11:56:58.544  2749-2749  CalorieTracker          com.example.nutrisaur11              D  Synced CalorieTracker with AddedFoodManager for date 2025-10-11. Total meals: 1
2025-10-11 11:56:58.544  2749-2749  CalorieTracker          com.example.nutrisaur11              D  Meal Lunch: 1400/974 kcal
2025-10-11 11:56:58.544  2749-2749  FoodLoggingActivity     com.example.nutrisaur11              D  Creating user profile from database data...
2025-10-11 11:56:58.544  2749-2749  FoodLoggingActivity     com.example.nutrisaur11              D  Creating user profile from community_users table data...
2025-10-11 11:56:58.544  2749-2749  FoodLoggingActivity     com.example.nutrisaur11              D  Calculated age from birthday '2005-10-10': 20
2025-10-11 11:56:58.544  2749-2749  FoodLoggingActivity     com.example.nutrisaur11              D  Database user data: name=Pingol , Kevin C., age=20, weight=50.0, height=171.0, gender=Male
2025-10-11 11:56:58.547  2749-2749  CalorieTracker          com.example.nutrisaur11              D  Syncing with 3 added foods for date: 2025-10-11
2025-10-11 11:56:58.547  2749-2749  CalorieTracker          com.example.nutrisaur11              D    Daily foods: 3
2025-10-11 11:56:58.547  2749-2749  CalorieTracker          com.example.nutrisaur11              D  Available database fields: [is_pregnant, birthday, muac_category, notes, nutritional_risk, weight_kg, height_cm, sex, municipality, muac_cm, screening_date, bmi_category, name, barangay, age, email, status, bmi]
2025-10-11 11:56:58.547  2749-2749  CalorieTracker          com.example.nutrisaur11              D  Calculated age from birthday '2005-10-10': 20
2025-10-11 11:56:58.547  2749-2749  CalorieTracker          com.example.nutrisaur11              D  Weight field lookup - weight_kg: '50', weight: 'null', final: '50'
2025-10-11 11:56:58.547  2749-2749  CalorieTracker          com.example.nutrisaur11              D  Set weight from database: 50
2025-10-11 11:56:58.547  2749-2749  CalorieTracker          com.example.nutrisaur11              D  Height field lookup - height_cm: '171', height: 'null', final: '171'
2025-10-11 11:56:58.547  2749-2749  CalorieTracker          com.example.nutrisaur11              D  Set height from database: 171
2025-10-11 11:56:58.547  2749-2749  CalorieTracker          com.example.nutrisaur11              D  Created user profile from database data: Pingol , Kevin C. (Age: 20, Weight: 50.0, Height: 171.0, Gender: Male, Activity: Moderate)
2025-10-11 11:56:58.547  2749-2749  CalorieTracker          com.example.nutrisaur11              D  Using user profile from database data
2025-10-11 11:56:58.547  2749-2749  KcalSuggestionCache     com.example.nutrisaur11              D  User profile changed, cache invalid
2025-10-11 11:56:58.547  2749-2749  CalorieTracker          com.example.nutrisaur11              D  No valid AI cache found, using fallback calculation...
2025-10-11 11:56:58.547  2749-2749  CalorieCal...ionService com.example.nutrisaur11              D  Calculated BMR: 1473.75 for Pingol , Kevin C.
2025-10-11 11:56:58.547  2749-2749  CalorieCal...ionService com.example.nutrisaur11              D  Calculated TDEE: 2284.3125 (BMR: 1473.75 × Activity: 1.55)
2025-10-11 11:56:58.548  2749-2749  CalorieCal...ionService com.example.nutrisaur11              D  Calculated daily calorie target: 2784 (TDEE: 2284.3125 + Adjustment: 500.0)
2025-10-11 11:56:58.548  2749-2749  CalorieTracker          com.example.nutrisaur11              D  Using fallback calculation (AI will update cache): 2784
2025-10-11 11:56:58.548  2749-2749  CalorieTracker          com.example.nutrisaur11              D  Using AI-calculated daily calorie target: 2784
2025-10-11 11:56:58.548  2749-2749  CalorieCal...ionService com.example.nutrisaur11              D  Calculated meal distribution: Breakfast=696, Lunch=974, Dinner=835, Snacks=278
2025-10-11 11:56:58.548  2749-2749  CalorieTracker          com.example.nutrisaur11              D  Calculated meal distribution: Breakfast=696, Lunch=974, Dinner=835, Snacks=278
2025-10-11 11:56:58.548  2749-2749  CalorieTracker          com.example.nutrisaur11              D  Calculated meal distribution: {Breakfast=696, Dinner=835, Snacks=278, Lunch=974}
2025-10-11 11:56:58.548  2749-2749  CalorieTracker          com.example.nutrisaur11              D  Created Lunch meal with 974 max calories
2025-10-11 11:56:58.548  2749-2749  CalorieTracker          com.example.nutrisaur11              D  Added Chicken Adobo (400 cal) to Lunch for date 2025-10-11
2025-10-11 11:56:58.548  2749-2749  CalorieTracker          com.example.nutrisaur11              D  Added Kare-Kare (550 cal) to Lunch for date 2025-10-11
2025-10-11 11:56:58.548  2749-2749  CalorieTracker          com.example.nutrisaur11              D  Added Sinigang na Baboy (450 cal) to Lunch for date 2025-10-11
2025-10-11 11:56:58.549  2749-6494  NutritionService        com.example.nutrisaur11              D  Starting nutrition recommendations...
2025-10-11 11:56:58.549  2749-6494  NutritionService        com.example.nutrisaur11              D  Getting user profile from SharedPreferences...
2025-10-11 11:56:58.549  2749-6494  NutritionService        com.example.nutrisaur11              D  User data: name=, age=25, weight=70.0, height=170.0
2025-10-11 11:56:58.549  2749-6494  NutritionService        com.example.nutrisaur11              D  User profile loaded: , BMI: 24.221453287197235
2025-10-11 11:56:58.549  2749-6494  KcalSuggestionCache     com.example.nutrisaur11              D  Cached kcal suggestion is valid
2025-10-11 11:56:58.549  2749-6494  NutritionService        com.example.nutrisaur11              D  Using cached kcal suggestion - user profile unchanged
2025-10-11 11:56:58.549  2749-6494  KcalSuggestionCache     com.example.nutrisaur11              D  Successfully loaded cached kcal suggestion
2025-10-11 11:56:58.550  2749-6494  CalorieTracker          com.example.nutrisaur11              D  Background AI calculation completed: 2545
2025-10-11 11:56:58.550  2749-2749  CalorieTracker          com.example.nutrisaur11              D  Synced CalorieTracker with AddedFoodManager for date 2025-10-11. Total meals: 1
2025-10-11 11:56:58.550  2749-2749  CalorieTracker          com.example.nutrisaur11              D  Meal Lunch: 1400/974 kcal
2025-10-11 11:56:58.551  2749-2749  FoodLoggingActivity     com.example.nutrisaur11              D  Updated meal category text: Lunch
2025-10-11 11:56:58.552  2749-2749  CalorieTracker          com.example.nutrisaur11              D  Syncing with 3 added foods for date: 2025-10-11
2025-10-11 11:56:58.552  2749-2749  CalorieTracker          com.example.nutrisaur11              D    Daily foods: 3
2025-10-11 11:56:58.552  2749-2749  CalorieTracker          com.example.nutrisaur11              D  Available database fields: [is_pregnant, birthday, muac_category, notes, nutritional_risk, weight_kg, height_cm, sex, municipality, muac_cm, screening_date, bmi_category, name, barangay, age, email, status, bmi]
2025-10-11 11:56:58.552  2749-2749  CalorieTracker          com.example.nutrisaur11              D  Calculated age from birthday '2005-10-10': 20
2025-10-11 11:56:58.552  2749-2749  CalorieTracker          com.example.nutrisaur11              D  Weight field lookup - weight_kg: '50', weight: 'null', final: '50'
2025-10-11 11:56:58.552  2749-2749  CalorieTracker          com.example.nutrisaur11              D  Set weight from database: 50
2025-10-11 11:56:58.552  2749-2749  CalorieTracker          com.example.nutrisaur11              D  Height field lookup - height_cm: '171', height: 'null', final: '171'
2025-10-11 11:56:58.552  2749-2749  CalorieTracker          com.example.nutrisaur11              D  Set height from database: 171
2025-10-11 11:56:58.552  2749-2749  CalorieTracker          com.example.nutrisaur11              D  Created user profile from database data: Pingol , Kevin C. (Age: 20, Weight: 50.0, Height: 171.0, Gender: Male, Activity: Moderate)
2025-10-11 11:56:58.552  2749-2749  CalorieTracker          com.example.nutrisaur11              D  Using user profile from database data
2025-10-11 11:56:58.553  2749-2749  KcalSuggestionCache     com.example.nutrisaur11              D  User profile changed, cache invalid
2025-10-11 11:56:58.553  2749-2749  CalorieTracker          com.example.nutrisaur11              D  No valid AI cache found, using fallback calculation...
2025-10-11 11:56:58.553  2749-2749  CalorieCal...ionService com.example.nutrisaur11              D  Calculated BMR: 1473.75 for Pingol , Kevin C.
2025-10-11 11:56:58.553  2749-2749  CalorieCal...ionService com.example.nutrisaur11              D  Calculated TDEE: 2284.3125 (BMR: 1473.75 × Activity: 1.55)
2025-10-11 11:56:58.553  2749-2749  CalorieCal...ionService com.example.nutrisaur11              D  Calculated daily calorie target: 2784 (TDEE: 2284.3125 + Adjustment: 500.0)
2025-10-11 11:56:58.553  2749-2749  CalorieTracker          com.example.nutrisaur11              D  Using fallback calculation (AI will update cache): 2784
2025-10-11 11:56:58.553  2749-2749  CalorieTracker          com.example.nutrisaur11              D  Using AI-calculated daily calorie target: 2784
2025-10-11 11:56:58.553  2749-2749  CalorieCal...ionService com.example.nutrisaur11              D  Calculated meal distribution: Breakfast=696, Lunch=974, Dinner=835, Snacks=278
2025-10-11 11:56:58.553  2749-2749  CalorieTracker          com.example.nutrisaur11              D  Calculated meal distribution: Breakfast=696, Lunch=974, Dinner=835, Snacks=278
2025-10-11 11:56:58.553  2749-2749  CalorieTracker          com.example.nutrisaur11              D  Calculated meal distribution: {Breakfast=696, Dinner=835, Snacks=278, Lunch=974}
2025-10-11 11:56:58.553  2749-2749  CalorieTracker          com.example.nutrisaur11              D  Created Lunch meal with 974 max calories
2025-10-11 11:56:58.553  2749-2749  CalorieTracker          com.example.nutrisaur11              D  Added Chicken Adobo (400 cal) to Lunch for date 2025-10-11
2025-10-11 11:56:58.553  2749-2749  CalorieTracker          com.example.nutrisaur11              D  Added Kare-Kare (550 cal) to Lunch for date 2025-10-11
2025-10-11 11:56:58.553  2749-2749  CalorieTracker          com.example.nutrisaur11              D  Added Sinigang na Baboy (450 cal) to Lunch for date 2025-10-11
2025-10-11 11:56:58.554  2749-2749  CalorieTracker          com.example.nutrisaur11              D  Synced CalorieTracker with AddedFoodManager for date 2025-10-11. Total meals: 1
2025-10-11 11:56:58.554  2749-2749  CalorieTracker          com.example.nutrisaur11              D  Meal Lunch: 1400/974 kcal
2025-10-11 11:56:58.554  2749-6496  NutritionService        com.example.nutrisaur11              D  Starting nutrition recommendations...
2025-10-11 11:56:58.554  2749-6496  NutritionService        com.example.nutrisaur11              D  Getting user profile from SharedPreferences...
2025-10-11 11:56:58.554  2749-6496  NutritionService        com.example.nutrisaur11              D  User data: name=, age=25, weight=70.0, height=170.0
2025-10-11 11:56:58.554  2749-6496  NutritionService        com.example.nutrisaur11              D  User profile loaded: , BMI: 24.221453287197235
2025-10-11 11:56:58.554  2749-6496  KcalSuggestionCache     com.example.nutrisaur11              D  Cached kcal suggestion is valid
2025-10-11 11:56:58.554  2749-6496  NutritionService        com.example.nutrisaur11              D  Using cached kcal suggestion - user profile unchanged
2025-10-11 11:56:58.555  2749-6496  KcalSuggestionCache     com.example.nutrisaur11              D  Successfully loaded cached kcal suggestion
2025-10-11 11:56:58.555  2749-6496  CalorieTracker          com.example.nutrisaur11              D  Background AI calculation completed: 2545
2025-10-11 11:56:58.555  2749-2749  CalorieTracker          com.example.nutrisaur11              D  Set max calories for Lunch to 974
2025-10-11 11:56:58.555  2749-2749  FoodLoggingActivity     com.example.nutrisaur11              D  Checking ingredient-based request: mealCategory=Lunch, customIngredient=null
2025-10-11 11:56:58.555  2749-2749  FoodLoggingActivity     com.example.nutrisaur11              D  Loading personalized foods for Lunch (BMI: 17.09927841045108, Age: 20)
2025-10-11 11:56:58.558  2749-2749  GeminiCacheManager      com.example.nutrisaur11              D  Found valid persistent cached recommendations for Lunch (ingredient: null)
2025-10-11 11:56:58.558  2749-2749  FoodLoggingActivity     com.example.nutrisaur11              D  Using cached recommendations for Lunch
2025-10-11 11:56:58.558  2749-2749  FoodLoggingActivity     com.example.nutrisaur11              D  FoodLoggingActivity created for Lunch (max 974 kcal)
2025-10-11 11:56:58.558  2749-2749  FoodLoggingActivity     com.example.nutrisaur11              D  Initial food items count: 0
2025-10-11 11:56:58.561  2749-2749  SessionManager          com.example.nutrisaur11              D  User interaction recorded at: 1760155018561
2025-10-11 11:56:58.561  2749-2749  SessionManager          com.example.nutrisaur11              D  === REAL-TIME SESSION VALIDATION ===
2025-10-11 11:56:58.561  2749-2749  SessionManager          com.example.nutrisaur11              D  Using cached valid session
2025-10-11 11:56:58.561  2749-2749  CommunityUserManager    com.example.nutrisaur11              D  === CHECKING ARCHIVE STATUS ===
2025-10-11 11:56:58.561  2749-2749  CommunityUserManager    com.example.nutrisaur11              D  === FORCE REFRESHING USER DATA FROM DATABASE ===
2025-10-11 11:56:58.562  2749-2749  CommunityUserManager    com.example.nutrisaur11              D  Force refreshing data for: kevinpingol123@gmail.com
2025-10-11 11:56:58.562  2749-2749  CommunityUserManager    com.example.nutrisaur11              D  === CHECKING USER EXISTENCE ===
2025-10-11 11:56:58.562  2749-2749  CommunityUserManager    com.example.nutrisaur11              D  === FORCE REFRESHING USER DATA FROM DATABASE ===
2025-10-11 11:56:58.562  2749-2749  CommunityUserManager    com.example.nutrisaur11              D  Force refreshing data for: kevinpingol123@gmail.com
2025-10-11 11:56:58.564  2749-2749  CalorieTracker          com.example.nutrisaur11              D  Syncing with 3 added foods for date: 2025-10-11
2025-10-11 11:56:58.564  2749-2749  CalorieTracker          com.example.nutrisaur11              D    Daily foods: 3
2025-10-11 11:56:58.564  2749-2749  CalorieTracker          com.example.nutrisaur11              D  Available database fields: [is_pregnant, birthday, muac_category, notes, nutritional_risk, weight_kg, height_cm, sex, municipality, muac_cm, screening_date, bmi_category, name, barangay, age, email, status, bmi]
2025-10-11 11:56:58.564  2749-2749  CalorieTracker          com.example.nutrisaur11              D  Calculated age from birthday '2005-10-10': 20
2025-10-11 11:56:58.564  2749-2749  CalorieTracker          com.example.nutrisaur11              D  Weight field lookup - weight_kg: '50', weight: 'null', final: '50'
2025-10-11 11:56:58.564  2749-2749  CalorieTracker          com.example.nutrisaur11              D  Set weight from database: 50
2025-10-11 11:56:58.564  2749-2749  CalorieTracker          com.example.nutrisaur11              D  Height field lookup - height_cm: '171', height: 'null', final: '171'
2025-10-11 11:56:58.564  2749-2749  CalorieTracker          com.example.nutrisaur11              D  Set height from database: 171
2025-10-11 11:56:58.564  2749-2749  CalorieTracker          com.example.nutrisaur11              D  Created user profile from database data: Pingol , Kevin C. (Age: 20, Weight: 50.0, Height: 171.0, Gender: Male, Activity: Moderate)
2025-10-11 11:56:58.564  2749-2749  CalorieTracker          com.example.nutrisaur11              D  Using user profile from database data
2025-10-11 11:56:58.565  2749-2749  KcalSuggestionCache     com.example.nutrisaur11              D  User profile changed, cache invalid
2025-10-11 11:56:58.565  2749-2749  CalorieTracker          com.example.nutrisaur11              D  No valid AI cache found, using fallback calculation...
2025-10-11 11:56:58.565  2749-2749  CalorieCal...ionService com.example.nutrisaur11              D  Calculated BMR: 1473.75 for Pingol , Kevin C.
2025-10-11 11:56:58.565  2749-2749  CalorieCal...ionService com.example.nutrisaur11              D  Calculated TDEE: 2284.3125 (BMR: 1473.75 × Activity: 1.55)
2025-10-11 11:56:58.565  2749-2749  CalorieCal...ionService com.example.nutrisaur11              D  Calculated daily calorie target: 2784 (TDEE: 2284.3125 + Adjustment: 500.0)
2025-10-11 11:56:58.565  2749-2749  CalorieTracker          com.example.nutrisaur11              D  Using fallback calculation (AI will update cache): 2784
2025-10-11 11:56:58.565  2749-2749  CalorieTracker          com.example.nutrisaur11              D  Using AI-calculated daily calorie target: 2784
2025-10-11 11:56:58.565  2749-2749  CalorieCal...ionService com.example.nutrisaur11              D  Calculated meal distribution: Breakfast=696, Lunch=974, Dinner=835, Snacks=278
2025-10-11 11:56:58.565  2749-2749  CalorieTracker          com.example.nutrisaur11              D  Calculated meal distribution: Breakfast=696, Lunch=974, Dinner=835, Snacks=278
2025-10-11 11:56:58.565  2749-2749  CalorieTracker          com.example.nutrisaur11              D  Calculated meal distribution: {Breakfast=696, Dinner=835, Snacks=278, Lunch=974}
2025-10-11 11:56:58.565  2749-2749  CalorieTracker          com.example.nutrisaur11              D  Created Lunch meal with 974 max calories
2025-10-11 11:56:58.565  2749-2749  CalorieTracker          com.example.nutrisaur11              D  Added Chicken Adobo (400 cal) to Lunch for date 2025-10-11
2025-10-11 11:56:58.565  2749-2749  CalorieTracker          com.example.nutrisaur11              D  Added Kare-Kare (550 cal) to Lunch for date 2025-10-11
2025-10-11 11:56:58.565  2749-2749  CalorieTracker          com.example.nutrisaur11              D  Added Sinigang na Baboy (450 cal) to Lunch for date 2025-10-11
2025-10-11 11:56:58.566  2749-2749  CalorieTracker          com.example.nutrisaur11              D  Synced CalorieTracker with AddedFoodManager for date 2025-10-11. Total meals: 1
2025-10-11 11:56:58.566  2749-2749  CalorieTracker          com.example.nutrisaur11              D  Meal Lunch: 1400/974 kcal
2025-10-11 11:56:58.566  2749-6500  NutritionService        com.example.nutrisaur11              D  Starting nutrition recommendations...
2025-10-11 11:56:58.566  2749-6500  NutritionService        com.example.nutrisaur11              D  Getting user profile from SharedPreferences...
2025-10-11 11:56:58.566  2749-2749  FoodLoggingActivity     com.example.nutrisaur11              D  Refreshed food data for tab: recent for date: 2025-10-11
2025-10-11 11:56:58.567  2749-6500  NutritionService        com.example.nutrisaur11              D  User data: name=, age=25, weight=70.0, height=170.0
2025-10-11 11:56:58.567  2749-6498  CommunityUserManager    com.example.nutrisaur11              D  Making API request to: https://nutrisaur-production.up.railway.app/api/DatabaseAPI.php?action=get_community_user_data
2025-10-11 11:56:58.568  2749-6498  CommunityUserManager    com.example.nutrisaur11              D  Request data: {"email":"kevinpingol123@gmail.com"}
2025-10-11 11:56:58.568  2749-6500  NutritionService        com.example.nutrisaur11              D  User profile loaded: , BMI: 24.221453287197235
2025-10-11 11:56:58.568  2749-6497  CommunityUserManager    com.example.nutrisaur11              D  Making API request to: https://nutrisaur-production.up.railway.app/api/DatabaseAPI.php?action=get_community_user_data
2025-10-11 11:56:58.568  2749-6497  CommunityUserManager    com.example.nutrisaur11              D  Request data: {"email":"kevinpingol123@gmail.com"}
2025-10-11 11:56:58.568  2749-6500  KcalSuggestionCache     com.example.nutrisaur11              D  Cached kcal suggestion is valid
2025-10-11 11:56:58.568  2749-6500  NutritionService        com.example.nutrisaur11              D  Using cached kcal suggestion - user profile unchanged
2025-10-11 11:56:58.569  2749-6500  KcalSuggestionCache     com.example.nutrisaur11              D  Successfully loaded cached kcal suggestion
2025-10-11 11:56:58.569  2749-6500  CalorieTracker          com.example.nutrisaur11              D  Background AI calculation completed: 2545
2025-10-11 11:56:58.584  2749-6246  OpenGLRenderer          com.example.nutrisaur11              I  Davey! duration=9223303819852ms; Flags=0, FrameTimelineVsyncId=3473799, IntendedVsync=68217002014591, Vsync=68217052014589, InputEventId=0, HandleInputStart=68217061807984, AnimationStart=68217061809443, PerformTraversalsStart=68217061810797, DrawStart=68217061862411, FrameDeadline=68217035347923, FrameInterval=68217061799703, FrameStartTime=16666666, SyncQueued=68217062338245, SyncStart=68217062370693, IssueDrawCommandsStart=68217062566057, SwapBuffers=68217063771943, FrameCompleted=9223372036854775807, DequeueBufferDuration=14063, QueueBufferDuration=474063, GpuCompleted=9223372036854775807, SwapBuffersCompleted=68217064539599, DisplayPresentTime=0, 
2025-10-11 11:56:58.596  2749-2749  FoodLoggingActivity     com.example.nutrisaur11              D  Loaded 0 recent/recommended foods
2025-10-11 11:56:58.596  2749-2749  FoodLoggingActivity     com.example.nutrisaur11              D  Loaded 14 cached foods for Lunch
2025-10-11 11:56:58.596  2749-2749  FoodLoggingActivity     com.example.nutrisaur11              D  Loaded 14 recent/recommended foods
2025-10-11 11:56:58.596  2749-2749  DecorView[]             com.example.nutrisaur11              D  onWindowFocusChanged hasWindowFocus false
2025-10-11 11:56:58.609  2749-2749  AddedFoodManager        com.example.nutrisaur11              D  getDailyFoods returned: 2 meal categories for 2025-10-11
2025-10-11 11:56:58.609  2749-2749  AddedFoodManager        com.example.nutrisaur11              D  Meal category Breakfast has 0 foods
2025-10-11 11:56:58.609  2749-2749  AddedFoodManager        com.example.nutrisaur11              D  Meal category Lunch has 3 foods
2025-10-11 11:56:58.609  2749-2749  AddedFoodManager        com.example.nutrisaur11              D    - Chicken Adobo in Lunch
2025-10-11 11:56:58.609  2749-2749  AddedFoodManager        com.example.nutrisaur11              D    - Kare-Kare in Lunch
2025-10-11 11:56:58.609  2749-2749  AddedFoodManager        com.example.nutrisaur11              D    - Sinigang na Baboy in Lunch
2025-10-11 11:56:58.609  2749-2749  AddedFoodManager        com.example.nutrisaur11              D  Retrieved 3 foods from daily storage for 2025-10-11
2025-10-11 11:56:58.609  2749-2749  AddedFoodManager        com.example.nutrisaur11              D  Exact match found for Chicken Adobo in Lunch
2025-10-11 11:56:58.609  2749-2749  FoodItemAdapter         com.example.nutrisaur11              D  Meal activity - Chicken Adobo isAddedToMeal(Lunch): true (final: true)
2025-10-11 11:56:58.614  3026-3369  ActivityManagerWrapper  com.miui.home                        E  getRecentTasks: taskId=10907   userId=0   baseIntent=Intent { act=android.intent.action.MAIN cat=[android.intent.category.LAUNCHER] flg=0x10000000 cmp=com.example.nutrisaur11/.SplashActivity }
2025-10-11 11:56:58.616  2749-2749  AddedFoodManager        com.example.nutrisaur11              D  getDailyFoods returned: 2 meal categories for 2025-10-11
2025-10-11 11:56:58.616  2749-2749  AddedFoodManager        com.example.nutrisaur11              D  Meal category Breakfast has 0 foods
2025-10-11 11:56:58.616  2749-2749  AddedFoodManager        com.example.nutrisaur11              D  Meal category Lunch has 3 foods
2025-10-11 11:56:58.616  2749-2749  AddedFoodManager        com.example.nutrisaur11              D    - Chicken Adobo in Lunch
2025-10-11 11:56:58.616  2749-2749  AddedFoodManager        com.example.nutrisaur11              D    - Kare-Kare in Lunch
2025-10-11 11:56:58.616  2749-2749  AddedFoodManager        com.example.nutrisaur11              D    - Sinigang na Baboy in Lunch
2025-10-11 11:56:58.616  2749-2749  AddedFoodManager        com.example.nutrisaur11              D  Retrieved 3 foods from daily storage for 2025-10-11
2025-10-11 11:56:58.616  2749-2749  AddedFoodManager        com.example.nutrisaur11              D  Exact match found for Kare-Kare in Lunch
2025-10-11 11:56:58.616  2749-2749  FoodItemAdapter         com.example.nutrisaur11              D  Meal activity - Kare-Kare isAddedToMeal(Lunch): true (final: true)
2025-10-11 11:56:58.622  2749-2749  AddedFoodManager        com.example.nutrisaur11              D  getDailyFoods returned: 2 meal categories for 2025-10-11
2025-10-11 11:56:58.623  2749-2749  AddedFoodManager        com.example.nutrisaur11              D  Meal category Breakfast has 0 foods
2025-10-11 11:56:58.623  2749-2749  AddedFoodManager        com.example.nutrisaur11              D  Meal category Lunch has 3 foods
2025-10-11 11:56:58.623  2749-2749  AddedFoodManager        com.example.nutrisaur11              D    - Chicken Adobo in Lunch
2025-10-11 11:56:58.623  2749-2749  AddedFoodManager        com.example.nutrisaur11              D    - Kare-Kare in Lunch
2025-10-11 11:56:58.623  2749-2749  AddedFoodManager        com.example.nutrisaur11              D    - Sinigang na Baboy in Lunch
2025-10-11 11:56:58.623  2749-2749  AddedFoodManager        com.example.nutrisaur11              D  Retrieved 3 foods from daily storage for 2025-10-11
2025-10-11 11:56:58.623  2749-2749  AddedFoodManager        com.example.nutrisaur11              D  Exact match found for Sinigang na Baboy in Lunch
2025-10-11 11:56:58.623  2749-2749  FoodItemAdapter         com.example.nutrisaur11              D  Meal activity - Sinigang na Baboy isAddedToMeal(Lunch): true (final: true)
2025-10-11 11:56:58.627  2749-2749  AddedFoodManager        com.example.nutrisaur11              D  getDailyFoods returned: 2 meal categories for 2025-10-11
2025-10-11 11:56:58.627  2749-2749  AddedFoodManager        com.example.nutrisaur11              D  Meal category Breakfast has 0 foods
2025-10-11 11:56:58.627  2749-2749  AddedFoodManager        com.example.nutrisaur11              D  Meal category Lunch has 3 foods
2025-10-11 11:56:58.627  2749-2749  AddedFoodManager        com.example.nutrisaur11              D    - Chicken Adobo in Lunch
2025-10-11 11:56:58.627  2749-2749  AddedFoodManager        com.example.nutrisaur11              D    - Kare-Kare in Lunch
2025-10-11 11:56:58.627  2749-2749  AddedFoodManager        com.example.nutrisaur11              D    - Sinigang na Baboy in Lunch
2025-10-11 11:56:58.628  2749-2749  AddedFoodManager        com.example.nutrisaur11              D  Retrieved 3 foods from daily storage for 2025-10-11
2025-10-11 11:56:58.628  2749-2749  AddedFoodManager        com.example.nutrisaur11              D  Checking if Lechon Kawali is in Lunch: false
2025-10-11 11:56:58.628  2749-2749  AddedFoodManager        com.example.nutrisaur11              D  Stored foods for 2025-10-11:
2025-10-11 11:56:58.628  2749-2749  AddedFoodManager        com.example.nutrisaur11              D    - Chicken Adobo in Lunch
2025-10-11 11:56:58.628  2749-2749  AddedFoodManager        com.example.nutrisaur11              D    - Kare-Kare in Lunch
2025-10-11 11:56:58.628  2749-2749  AddedFoodManager        com.example.nutrisaur11              D    - Sinigang na Baboy in Lunch
2025-10-11 11:56:58.628  2749-2749  FoodItemAdapter         com.example.nutrisaur11              D  Meal activity - Lechon Kawali isAddedToMeal(Lunch): false (final: false)
2025-10-11 11:56:58.633  2749-2749  AddedFoodManager        com.example.nutrisaur11              D  getDailyFoods returned: 2 meal categories for 2025-10-11
2025-10-11 11:56:58.634  2749-2749  AddedFoodManager        com.example.nutrisaur11              D  Meal category Breakfast has 0 foods
2025-10-11 11:56:58.634  2749-2749  AddedFoodManager        com.example.nutrisaur11              D  Meal category Lunch has 3 foods
2025-10-11 11:56:58.634  2749-2749  AddedFoodManager        com.example.nutrisaur11              D    - Chicken Adobo in Lunch
2025-10-11 11:56:58.634  2749-2749  AddedFoodManager        com.example.nutrisaur11              D    - Kare-Kare in Lunch
2025-10-11 11:56:58.634  2749-2749  AddedFoodManager        com.example.nutrisaur11              D    - Sinigang na Baboy in Lunch
2025-10-11 11:56:58.634  2749-2749  AddedFoodManager        com.example.nutrisaur11              D  Retrieved 3 foods from daily storage for 2025-10-11
2025-10-11 11:56:58.634  2749-2749  AddedFoodManager        com.example.nutrisaur11              D  Checking if Pancit Bihon is in Lunch: false
2025-10-11 11:56:58.634  2749-2749  AddedFoodManager        com.example.nutrisaur11              D  Stored foods for 2025-10-11:
2025-10-11 11:56:58.634  2749-2749  AddedFoodManager        com.example.nutrisaur11              D    - Chicken Adobo in Lunch
2025-10-11 11:56:58.634  2749-2749  AddedFoodManager        com.example.nutrisaur11              D    - Kare-Kare in Lunch
2025-10-11 11:56:58.634  2749-2749  AddedFoodManager        com.example.nutrisaur11              D    - Sinigang na Baboy in Lunch
2025-10-11 11:56:58.634  2749-2749  FoodItemAdapter         com.example.nutrisaur11              D  Meal activity - Pancit Bihon isAddedToMeal(Lunch): false (final: false)
2025-10-11 11:56:58.639  2749-2749  AddedFoodManager        com.example.nutrisaur11              D  getDailyFoods returned: 2 meal categories for 2025-10-11
2025-10-11 11:56:58.639  2749-2749  AddedFoodManager        com.example.nutrisaur11              D  Meal category Breakfast has 0 foods
2025-10-11 11:56:58.639  2749-2749  AddedFoodManager        com.example.nutrisaur11              D  Meal category Lunch has 3 foods
2025-10-11 11:56:58.639  2749-2749  AddedFoodManager        com.example.nutrisaur11              D    - Chicken Adobo in Lunch
2025-10-11 11:56:58.639  2749-2749  AddedFoodManager        com.example.nutrisaur11              D    - Kare-Kare in Lunch
2025-10-11 11:56:58.639  2749-2749  AddedFoodManager        com.example.nutrisaur11              D    - Sinigang na Baboy in Lunch
2025-10-11 11:56:58.639  2749-2749  AddedFoodManager        com.example.nutrisaur11              D  Retrieved 3 foods from daily storage for 2025-10-11
2025-10-11 11:56:58.639  2749-2749  AddedFoodManager        com.example.nutrisaur11              D  Checking if Beef Caldereta is in Lunch: false
2025-10-11 11:56:58.640  2749-2749  AddedFoodManager        com.example.nutrisaur11              D  Stored foods for 2025-10-11:
2025-10-11 11:56:58.640  2749-2749  AddedFoodManager        com.example.nutrisaur11              D    - Chicken Adobo in Lunch
2025-10-11 11:56:58.640  2749-2749  AddedFoodManager        com.example.nutrisaur11              D    - Kare-Kare in Lunch
2025-10-11 11:56:58.640  2749-2749  AddedFoodManager        com.example.nutrisaur11              D    - Sinigang na Baboy in Lunch
2025-10-11 11:56:58.640  2749-2749  FoodItemAdapter         com.example.nutrisaur11              D  Meal activity - Beef Caldereta isAddedToMeal(Lunch): false (final: false)
2025-10-11 11:56:58.645  2749-2749  AddedFoodManager        com.example.nutrisaur11              D  getDailyFoods returned: 2 meal categories for 2025-10-11
2025-10-11 11:56:58.645  2749-2749  AddedFoodManager        com.example.nutrisaur11              D  Meal category Breakfast has 0 foods
2025-10-11 11:56:58.645  2749-2749  AddedFoodManager        com.example.nutrisaur11              D  Meal category Lunch has 3 foods
2025-10-11 11:56:58.645  2749-2749  AddedFoodManager        com.example.nutrisaur11              D    - Chicken Adobo in Lunch
2025-10-11 11:56:58.645  2749-2749  AddedFoodManager        com.example.nutrisaur11              D    - Kare-Kare in Lunch
2025-10-11 11:56:58.645  2749-2749  AddedFoodManager        com.example.nutrisaur11              D    - Sinigang na Baboy in Lunch
2025-10-11 11:56:58.645  2749-2749  AddedFoodManager        com.example.nutrisaur11              D  Retrieved 3 foods from daily storage for 2025-10-11
2025-10-11 11:56:58.645  2749-2749  AddedFoodManager        com.example.nutrisaur11              D  Checking if Ginataang Manok is in Lunch: false
2025-10-11 11:56:58.645  2749-2749  AddedFoodManager        com.example.nutrisaur11              D  Stored foods for 2025-10-11:
2025-10-11 11:56:58.645  2749-2749  AddedFoodManager        com.example.nutrisaur11              D    - Chicken Adobo in Lunch
2025-10-11 11:56:58.645  2749-2749  AddedFoodManager        com.example.nutrisaur11              D    - Kare-Kare in Lunch
2025-10-11 11:56:58.645  2749-2749  AddedFoodManager        com.example.nutrisaur11              D    - Sinigang na Baboy in Lunch
2025-10-11 11:56:58.645  2749-2749  FoodItemAdapter         com.example.nutrisaur11              D  Meal activity - Ginataang Manok isAddedToMeal(Lunch): false (final: false)
2025-10-11 11:56:58.669  2749-2749  SessionManager          com.example.nutrisaur11              D  User marked as idle
2025-10-11 11:56:58.671  2749-2749  DecorView[]             com.example.nutrisaur11              D  onWindowFocusChanged hasWindowFocus true
2025-10-11 11:56:58.881  2749-6497  CommunityUserManager    com.example.nutrisaur11              D  API response code: 200
2025-10-11 11:56:58.881  2749-6497  CommunityUserManager    com.example.nutrisaur11              D  API response message: 
2025-10-11 11:56:58.883  2749-6497  CommunityUserManager    com.example.nutrisaur11              D  API response for get_community_user_data: {"success":true,"message":"User data retrieved successfully","user":{"name":"Pingol , Kevin C.","email":"kevinpingol123@gmail.com","municipality":"DINALUPIHAN","barangay":"Burgos","sex":"Male","birthday":"2005-10-10","is_pregnant":"N\/A","weight":"50","height":"171","screening_date":"2025-10-10 06:47:30","fcm_token":"dDgJr74pRHukYxdkYiGyAE:APA91bGRwC6pXjPQVyYGtkcZ6eafSGk0tUnWsyaKl1pZXOygSPN5hrxQ57-QoEbT0Q4AnrxZle82T4gCM6sx46ruDB-KiAtQGKfYr3uHOkNiwosJ5lmui9A","is_flagged":0,"bmi-for-age":"","weight-for-height":"","weight-for-age":"","weight-for-length":"","height-for-age":""}}
2025-10-11 11:56:58.884  2749-6497  CommunityUserManager    com.example.nutrisaur11              D  Cached user data for: kevinpingol123@gmail.com
2025-10-11 11:56:58.884  2749-6497  CommunityUserManager    com.example.nutrisaur11              D  Fresh user data retrieved successfully: {birthday=2005-10-10, is_pregnant=N/A, muac_category=, notes=, weight_kg=50, nutritional_risk=, height_cm=171, sex=Male, municipality=DINALUPIHAN, muac_cm=, screening_date=2025-10-10 06:47:30, bmi_category=, name=Pingol , Kevin C., barangay=Burgos, email=kevinpingol123@gmail.com, age=, bmi=, status=1}
2025-10-11 11:56:58.884  2749-6497  CommunityUserManager    com.example.nutrisaur11              D  User status: 1
2025-10-11 11:56:58.884  2749-6497  CommunityUserManager    com.example.nutrisaur11              D  User is active (status = 1)
2025-10-11 11:56:58.896  2749-6498  CommunityUserManager    com.example.nutrisaur11              D  API response code: 200
2025-10-11 11:56:58.896  2749-6498  CommunityUserManager    com.example.nutrisaur11              D  API response message: 
2025-10-11 11:56:58.898  2749-6498  CommunityUserManager    com.example.nutrisaur11              D  API response for get_community_user_data: {"success":true,"message":"User data retrieved successfully","user":{"name":"Pingol , Kevin C.","email":"kevinpingol123@gmail.com","municipality":"DINALUPIHAN","barangay":"Burgos","sex":"Male","birthday":"2005-10-10","is_pregnant":"N\/A","weight":"50","height":"171","screening_date":"2025-10-10 06:47:30","fcm_token":"dDgJr74pRHukYxdkYiGyAE:APA91bGRwC6pXjPQVyYGtkcZ6eafSGk0tUnWsyaKl1pZXOygSPN5hrxQ57-QoEbT0Q4AnrxZle82T4gCM6sx46ruDB-KiAtQGKfYr3uHOkNiwosJ5lmui9A","is_flagged":0,"bmi-for-age":"","weight-for-height":"","weight-for-age":"","weight-for-length":"","height-for-age":""}}
2025-10-11 11:56:58.899  2749-6498  CommunityUserManager    com.example.nutrisaur11              D  Cached user data for: kevinpingol123@gmail.com
2025-10-11 11:56:58.899  2749-6498  CommunityUserManager    com.example.nutrisaur11              D  Fresh user data retrieved successfully: {birthday=2005-10-10, is_pregnant=N/A, muac_category=, notes=, weight_kg=50, nutritional_risk=, height_cm=171, sex=Male, municipality=DINALUPIHAN, muac_cm=, screening_date=2025-10-10 06:47:30, bmi_category=, name=Pingol , Kevin C., barangay=Burgos, email=kevinpingol123@gmail.com, age=, bmi=, status=1}
2025-10-11 11:56:58.899  2749-6498  CommunityUserManager    com.example.nutrisaur11              D  User exists and has valid data
2025-10-11 11:56:59.678  2749-2749  SessionManager          com.example.nutrisaur11              D  User interaction recorded at: 1760155019678
2025-10-11 11:56:59.683  2749-2749  SessionManager          com.example.nutrisaur11              D  === PERIODIC SESSION VALIDATION ===
2025-10-11 11:56:59.684  2749-2749  SessionManager          com.example.nutrisaur11              D  Using cached session validation result: true
2025-10-11 11:56:59.686  2749-2749  SessionManager          com.example.nutrisaur11              D  Checking user existence in database: kevinpingol123@gmail.com
2025-10-11 11:56:59.686  2749-2749  CommunityUserManager    com.example.nutrisaur11              D  === GETTING CURRENT USER DATA FROM DATABASE (ASYNC) ===
2025-10-11 11:56:59.686  2749-2749  CommunityUserManager    com.example.nutrisaur11              D  Retrieved cached user data for: kevinpingol123@gmail.com
2025-10-11 11:56:59.686  2749-2749  CommunityUserManager    com.example.nutrisaur11              D  Returning cached user data
2025-10-11 11:56:59.686  2749-2749  SessionManager          com.example.nutrisaur11              D  Database check completed in 0ms
2025-10-11 11:56:59.687  2749-2749  SessionManager          com.example.nutrisaur11              D  User exists and is valid: kevinpingol123@gmail.com
2025-10-11 11:56:59.756  2749-2749  AddedFoodManager        com.example.nutrisaur11              D  Attempting to remove food: Sinigang na Baboy (calories: 450, meal: null)
2025-10-11 11:56:59.757  2749-2749  AddedFoodManager        com.example.nutrisaur11              D  Checking daily foods for Breakfast: 0 items
2025-10-11 11:56:59.757  2749-2749  AddedFoodManager        com.example.nutrisaur11              D  Checking daily foods for Lunch: 3 items
2025-10-11 11:56:59.759  2749-2749  AddedFoodManager        com.example.nutrisaur11              D  Successfully removed from daily foods system (meal: Lunch)
2025-10-11 11:56:59.759  2749-2749  AddedFoodManager        com.example.nutrisaur11              D  Retrieved user email: 'kevinpingol123@gmail.com'
2025-10-11 11:56:59.763  2749-2749  CalorieTracker          com.example.nutrisaur11              D  Removed Sinigang na Baboy from Lunch for date 2025-10-11. Calories before: 1400, after: 950
2025-10-11 11:56:59.765  2749-2749  CalorieTracker          com.example.nutrisaur11              D  Syncing with 2 added foods for date: 2025-10-11
2025-10-11 11:56:59.765  2749-2749  CalorieTracker          com.example.nutrisaur11              D    Daily foods: 2
2025-10-11 11:56:59.765  2749-2749  CalorieTracker          com.example.nutrisaur11              D  Available database fields: [is_pregnant, birthday, muac_category, notes, nutritional_risk, weight_kg, height_cm, sex, municipality, muac_cm, screening_date, bmi_category, name, barangay, age, email, status, bmi]
2025-10-11 11:56:59.766  2749-2749  CalorieTracker          com.example.nutrisaur11              D  Calculated age from birthday '2005-10-10': 20
2025-10-11 11:56:59.766  2749-2749  CalorieTracker          com.example.nutrisaur11              D  Weight field lookup - weight_kg: '50', weight: 'null', final: '50'
2025-10-11 11:56:59.766  2749-2749  CalorieTracker          com.example.nutrisaur11              D  Set weight from database: 50
