2025-10-11 09:04:18.447 24273-24273 CalorieTracker          com.example.nutrisaur11              W  No user profile found in SharedPreferences - will use database data
2025-10-11 09:04:18.447 24273-24273 CalorieTracker          com.example.nutrisaur11              D  Using user profile from SharedPreferences
2025-10-11 09:04:18.447 24273-24273 CalorieTracker          com.example.nutrisaur11              W  No user profile found, using default meal distribution
2025-10-11 09:04:18.447 24273-24273 CalorieTracker          com.example.nutrisaur11              D  Calculated meal distribution: {Breakfast=500, Dinner=600, Snacks=200, Lunch=700}
2025-10-11 09:04:18.448 24273-24273 CalorieTracker          com.example.nutrisaur11              D  Created Breakfast meal with 500 max calories
2025-10-11 09:04:18.448 24273-24273 CalorieTracker          com.example.nutrisaur11              D  Added Arroz Caldo (450 cal) to Breakfast
2025-10-11 09:04:18.448 24273-24273 CalorieTracker          com.example.nutrisaur11              D  Added Longsilog (550 cal) to Breakfast
2025-10-11 09:04:18.448 24273-24273 CalorieTracker          com.example.nutrisaur11              D  Added Tapsilog (600 cal) to Breakfast
2025-10-11 09:04:18.448 24273-24273 CalorieTracker          com.example.nutrisaur11              D  Created Dinner meal with 600 max calories
2025-10-11 09:04:18.448 24273-24273 CalorieTracker          com.example.nutrisaur11              D  Added Kare-Kare (550 cal) to Dinner
2025-10-11 09:04:18.448 24273-24273 CalorieTracker          com.example.nutrisaur11              D  Added Sinigang (400 cal) to Dinner
2025-10-11 09:04:18.448 24273-24273 CalorieTracker          com.example.nutrisaur11              D  Added Adobo (480 cal) to Dinner
2025-10-11 09:04:18.448 24273-24273 CalorieTracker          com.example.nutrisaur11              D  Created Lunch meal with 700 max calories
2025-10-11 09:04:18.448 24273-24273 CalorieTracker          com.example.nutrisaur11              D  Added Chicken Adobo (400 cal) to Lunch
2025-10-11 09:04:18.448 24273-24273 CalorieTracker          com.example.nutrisaur11              D  Added Kare-Kare (550 cal) to Lunch
2025-10-11 09:04:18.448 24273-24273 CalorieTracker          com.example.nutrisaur11              D  Added Sinigang na Baboy (450 cal) to Lunch
2025-10-11 09:04:18.453 24273-24273 CalorieTracker          com.example.nutrisaur11              D  Synced CalorieTracker with AddedFoodManager. Total meals: 3
2025-10-11 09:04:18.453 24273-24273 CalorieTracker          com.example.nutrisaur11              D  Meal Breakfast: 1600/500 kcal
2025-10-11 09:04:18.453 24273-24273 CalorieTracker          com.example.nutrisaur11              D  Meal Dinner: 1430/600 kcal
2025-10-11 09:04:18.453 24273-24273 CalorieTracker          com.example.nutrisaur11              D  Meal Lunch: 1400/700 kcal
2025-10-11 09:04:18.454 24273-24287 OpenGLRenderer          com.example.nutrisaur11              I  Davey! duration=9223309850053ms; Flags=0, FrameTimelineVsyncId=3284992, IntendedVsync=62186800904064, Vsync=62186867570728, InputEventId=0, HandleInputStart=62186868191587, AnimationStart=62186868193462, PerformTraversalsStart=62186868290441, DrawStart=62186872843826, FrameDeadline=62186817570730, FrameInterval=62186868181326, FrameStartTime=16666666, SyncQueued=62186875523722, SyncStart=62186875601274, IssueDrawCommandsStart=62186875846118, SwapBuffers=62186877525128, FrameCompleted=9223372036854775807, DequeueBufferDuration=16459, QueueBufferDuration=1099010, GpuCompleted=9223372036854775807, SwapBuffersCompleted=62186879173305, DisplayPresentTime=0, 
2025-10-11 09:04:18.455 24273-24273 FoodActivity            com.example.nutrisaur11              D  FoodActivity Available database fields: [birthday, is_pregnant, muac_category, notes, weight_kg, nutritional_risk, height_cm, sex, municipality, muac_cm, screening_date, bmi_category, name, barangay, email, age, bmi, status]
2025-10-11 09:04:18.456 24273-24273 FoodActivity            com.example.nutrisaur11              D  Calculated age from birthday '2005-10-10': 20
2025-10-11 09:04:18.456 24273-24273 FoodActivity            com.example.nutrisaur11              D  FoodActivity Weight field lookup - weight_kg: '50', weight: 'null', final: '50'
2025-10-11 09:04:18.456 24273-24273 FoodActivity            com.example.nutrisaur11              D  FoodActivity: Set weight from database: 50
2025-10-11 09:04:18.456 24273-24273 FoodActivity            com.example.nutrisaur11              D  FoodActivity Height field lookup - height_cm: '171', height: 'null', final: '171'
2025-10-11 09:04:18.456 24273-24273 FoodActivity            com.example.nutrisaur11              D  FoodActivity: Set height from database: 171
2025-10-11 09:04:18.456 24273-24273 FoodActivity            com.example.nutrisaur11              D  Created user profile from database data: Pingol , Kevin C. (Age: 20, Weight: 50.0, Height: 171.0, Gender: Male, Activity: Moderate)
2025-10-11 09:04:18.456 24273-24273 CalorieCal...ionService com.example.nutrisaur11              D  Calculated BMR: 1473.75 for Pingol , Kevin C.
2025-10-11 09:04:18.456 24273-24273 CalorieCal...ionService com.example.nutrisaur11              D  Calculated TDEE: 2284.3125 (BMR: 1473.75 × Activity: 1.55)
2025-10-11 09:04:18.456 24273-24273 CalorieCal...ionService com.example.nutrisaur11              D  Calculated daily calorie target: 2784 (TDEE: 2284.3125 + Adjustment: 500.0)
2025-10-11 09:04:18.456 24273-24273 FoodActivity            com.example.nutrisaur11              D  updateCalorieData - Calculated daily calorie target: 2784
2025-10-11 09:04:18.456 24273-24273 FoodActivity            com.example.nutrisaur11              D  === CALORIE UPDATE ===
2025-10-11 09:04:18.456 24273-24273 FoodActivity            com.example.nutrisaur11              D  Total Daily Calories: 2784
2025-10-11 09:04:18.456 24273-24273 FoodActivity            com.example.nutrisaur11              D  Total Eaten Calories: 4430
2025-10-11 09:04:18.456 24273-24273 FoodActivity            com.example.nutrisaur11              D  Calories Left: 0
2025-10-11 09:04:18.456 24273-24273 FoodActivity            com.example.nutrisaur11              D  Calories Burned: 0
2025-10-11 09:04:18.456 24273-24273 FoodActivity            com.example.nutrisaur11              D  Updating meal progress texts with direct AddedFoodManager data
2025-10-11 09:04:18.460 24273-24273 FoodActivity            com.example.nutrisaur11              D  FoodActivity Available database fields: [birthday, is_pregnant, muac_category, notes, weight_kg, nutritional_risk, height_cm, sex, municipality, muac_cm, screening_date, bmi_category, name, barangay, email, age, bmi, status]
2025-10-11 09:04:18.461 24273-24273 FoodActivity            com.example.nutrisaur11              D  Calculated age from birthday '2005-10-10': 20
2025-10-11 09:04:18.461 24273-24273 FoodActivity            com.example.nutrisaur11              D  FoodActivity Weight field lookup - weight_kg: '50', weight: 'null', final: '50'
2025-10-11 09:04:18.461 24273-24273 FoodActivity            com.example.nutrisaur11              D  FoodActivity: Set weight from database: 50
2025-10-11 09:04:18.461 24273-24273 FoodActivity            com.example.nutrisaur11              D  FoodActivity Height field lookup - height_cm: '171', height: 'null', final: '171'
2025-10-11 09:04:18.461 24273-24273 FoodActivity            com.example.nutrisaur11              D  FoodActivity: Set height from database: 171
2025-10-11 09:04:18.461 24273-24273 FoodActivity            com.example.nutrisaur11              D  Created user profile from database data: Pingol , Kevin C. (Age: 20, Weight: 50.0, Height: 171.0, Gender: Male, Activity: Moderate)
2025-10-11 09:04:18.461 24273-24273 KcalSuggestionCache     com.example.nutrisaur11              D  User profile changed, cache invalid
2025-10-11 09:04:18.461 24273-24273 FoodActivity            com.example.nutrisaur11              D  No valid AI cache found, using fallback calculation...
2025-10-11 09:04:18.461 24273-24273 CalorieCal...ionService com.example.nutrisaur11              D  Calculated BMR: 1473.75 for Pingol , Kevin C.
2025-10-11 09:04:18.461 24273-24273 CalorieCal...ionService com.example.nutrisaur11              D  Calculated TDEE: 2284.3125 (BMR: 1473.75 × Activity: 1.55)
2025-10-11 09:04:18.461 24273-24273 CalorieCal...ionService com.example.nutrisaur11              D  Calculated daily calorie target: 2784 (TDEE: 2284.3125 + Adjustment: 500.0)
2025-10-11 09:04:18.461 24273-24273 FoodActivity            com.example.nutrisaur11              D  Using fallback calculation (AI will update cache): 2784
2025-10-11 09:04:18.461 24273-24273 FoodActivity            com.example.nutrisaur11              D  Starting background AI calculation...
2025-10-11 09:04:18.461 24273-24273 FoodActivity            com.example.nutrisaur11              D  Using AI-calculated total daily calories: 2784
2025-10-11 09:04:18.461 24273-24273 FoodActivity            com.example.nutrisaur11              D  FoodActivity Available database fields: [birthday, is_pregnant, muac_category, notes, weight_kg, nutritional_risk, height_cm, sex, municipality, muac_cm, screening_date, bmi_category, name, barangay, email, age, bmi, status]
2025-10-11 09:04:18.462 24273-24273 FoodActivity            com.example.nutrisaur11              D  Calculated age from birthday '2005-10-10': 20
2025-10-11 09:04:18.462 24273-24273 FoodActivity            com.example.nutrisaur11              D  FoodActivity Weight field lookup - weight_kg: '50', weight: 'null', final: '50'
2025-10-11 09:04:18.462 24273-24273 FoodActivity            com.example.nutrisaur11              D  FoodActivity: Set weight from database: 50
2025-10-11 09:04:18.462 24273-24273 FoodActivity            com.example.nutrisaur11              D  FoodActivity Height field lookup - height_cm: '171', height: 'null', final: '171'
2025-10-11 09:04:18.462 24273-24273 FoodActivity            com.example.nutrisaur11              D  FoodActivity: Set height from database: 171
2025-10-11 09:04:18.462 24273-24273 FoodActivity            com.example.nutrisaur11              D  Created user profile from database data: Pingol , Kevin C. (Age: 20, Weight: 50.0, Height: 171.0, Gender: Male, Activity: Moderate)
2025-10-11 09:04:18.462 24273-24439 NutritionService        com.example.nutrisaur11              D  Starting nutrition recommendations...
2025-10-11 09:04:18.462 24273-24439 NutritionService        com.example.nutrisaur11              D  Getting user profile from SharedPreferences...
2025-10-11 09:04:18.462 24273-24439 NutritionService        com.example.nutrisaur11              D  User data: name=, age=25, weight=70.0, height=170.0
2025-10-11 09:04:18.462 24273-24439 NutritionService        com.example.nutrisaur11              D  User profile loaded: , BMI: 24.221453287197235
2025-10-11 09:04:18.462 24273-24273 CalorieCal...ionService com.example.nutrisaur11              D  Calculated meal distribution: Breakfast=696, Lunch=974, Dinner=835, Snacks=278
2025-10-11 09:04:18.462 24273-24273 FoodActivity            com.example.nutrisaur11              D  Calculated meal distribution: Breakfast=696, Lunch=974, Dinner=835, Snacks=278
2025-10-11 09:04:18.462 24273-24273 FoodActivity            com.example.nutrisaur11              D  Direct update Breakfast: 1600 / 696 kcal (from 3 foods)
2025-10-11 09:04:18.462 24273-24439 KcalSuggestionCache     com.example.nutrisaur11              D  User profile changed, cache invalid
2025-10-11 09:04:18.462 24273-24439 NutritionService        com.example.nutrisaur11              D  User profile changed or cache expired - calculating new nutrition data...
2025-10-11 09:04:18.462 24273-24439 NutritionService        com.example.nutrisaur11              D  Calculating nutrition data for user: 
2025-10-11 09:04:18.462 24273-24439 CalorieCal...ionService com.example.nutrisaur11              D  Calculated BMR: 1642.5 for 
2025-10-11 09:04:18.462 24273-24439 CalorieCal...ionService com.example.nutrisaur11              D  Calculated TDEE: 2545.875 (BMR: 1642.5 × Activity: 1.55)
2025-10-11 09:04:18.463 24273-24439 CalorieCal...ionService com.example.nutrisaur11              D  Calculated daily calorie target: 2545 (TDEE: 2545.875 + Adjustment: 0.0)
2025-10-11 09:04:18.463 24273-24439 CalorieCal...ionService com.example.nutrisaur11              D  Calculated protein target: 112.0g (1.6g/kg)
2025-10-11 09:04:18.463 24273-24439 CalorieCal...ionService com.example.nutrisaur11              D  Calculated fat target: 84.83333333333333g (30% of 2545 calories)
2025-10-11 09:04:18.463 24273-24439 CalorieCal...ionService com.example.nutrisaur11              D  Calculated carb target: 333.375g
2025-10-11 09:04:18.463 24273-24439 CalorieCal...ionService com.example.nutrisaur11              D  Calculated meal distribution: Breakfast=636, Lunch=890, Dinner=763, Snacks=254
2025-10-11 09:04:18.463 24273-24273 FoodActivity            com.example.nutrisaur11              D  Set breakfast progress text to: 1600 / 696 kcal
2025-10-11 09:04:18.463 24273-24439 NutritionService        com.example.nutrisaur11              D  Calculated nutrition data: 2545 calories, 112.0g protein, 333.375g carbs, 84.83333333333333g fat
2025-10-11 09:04:18.463 24273-24273 FoodActivity            com.example.nutrisaur11              D  Direct update Lunch: 1400 / 974 kcal (from 3 foods)
2025-10-11 09:04:18.463 24273-24439 KcalSuggestionCache     com.example.nutrisaur11              D  Successfully cached kcal suggestion for user profile hash: 652952617
2025-10-11 09:04:18.463 24273-24273 FoodActivity            com.example.nutrisaur11              D  Set lunch progress text to: 1400 / 974 kcal
2025-10-11 09:04:18.463 24273-24439 NutritionService        com.example.nutrisaur11              D  Cached new kcal suggestion for updated user profile
2025-10-11 09:04:18.463 24273-24439 FoodActivity            com.example.nutrisaur11              D  Background AI calculation completed: 2545
2025-10-11 09:04:18.463 24273-24273 FoodActivity            com.example.nutrisaur11              D  Direct update Dinner: 1430 / 835 kcal (from 3 foods)
2025-10-11 09:04:18.464 24273-24273 FoodActivity            com.example.nutrisaur11              D  Set dinner progress text to: 1430 / 835 kcal
2025-10-11 09:04:18.464 24273-24273 FoodActivity            com.example.nutrisaur11              D  Direct update Snacks: 0 / 278 kcal (from 0 foods)
2025-10-11 09:04:18.464 24273-24273 FoodActivity            com.example.nutrisaur11              D  Set snacks progress text to: 0 / 278 kcal
2025-10-11 09:04:18.464 24273-24273 FoodActivity            com.example.nutrisaur11              D  Calorie data updated and saved to SharedPreferences
2025-10-11 09:04:18.472 24273-24273 FoodActivity            com.example.nutrisaur11              D  Macronutrients remaining - Protein: 0/110, Carbs: 82/377, Fat: 0/92
2025-10-11 09:04:18.472 24273-24273 FoodActivity            com.example.nutrisaur11              D  Walking Calories: 0
2025-10-11 09:04:18.472 24273-24273 FoodActivity            com.example.nutrisaur11              D  Activity Calories: 0
2025-10-11 09:04:18.476 24273-24273 CalorieTracker          com.example.nutrisaur11              D  Syncing with 9 added foods for date: 2025-10-11
2025-10-11 09:04:18.476 24273-24273 CalorieTracker          com.example.nutrisaur11              D    Daily foods: 9
2025-10-11 09:04:18.477 24273-24273 CalorieTracker          com.example.nutrisaur11              D  Available database fields: [birthday, is_pregnant, muac_category, notes, weight_kg, nutritional_risk, height_cm, sex, municipality, muac_cm, screening_date, bmi_category, name, barangay, email, age, bmi, status]
2025-10-11 09:04:18.477 24273-24273 CalorieTracker          com.example.nutrisaur11              D  Calculated age from birthday '2005-10-10': 20
2025-10-11 09:04:18.477 24273-24273 CalorieTracker          com.example.nutrisaur11              D  Weight field lookup - weight_kg: '50', weight: 'null', final: '50'
2025-10-11 09:04:18.477 24273-24273 CalorieTracker          com.example.nutrisaur11              D  Set weight from database: 50
2025-10-11 09:04:18.477 24273-24273 CalorieTracker          com.example.nutrisaur11              D  Height field lookup - height_cm: '171', height: 'null', final: '171'
2025-10-11 09:04:18.477 24273-24273 CalorieTracker          com.example.nutrisaur11              D  Set height from database: 171
2025-10-11 09:04:18.477 24273-24273 CalorieTracker          com.example.nutrisaur11              D  Created user profile from database data: Pingol , Kevin C. (Age: 20, Weight: 50.0, Height: 171.0, Gender: Male, Activity: Moderate)
2025-10-11 09:04:18.477 24273-24273 CalorieTracker          com.example.nutrisaur11              D  Using user profile from database data
2025-10-11 09:04:18.477 24273-24273 KcalSuggestionCache     com.example.nutrisaur11              D  User profile changed, cache invalid
2025-10-11 09:04:18.477 24273-24273 CalorieTracker          com.example.nutrisaur11              D  No valid AI cache found, using fallback calculation...
2025-10-11 09:04:18.477 24273-24273 CalorieCal...ionService com.example.nutrisaur11              D  Calculated BMR: 1473.75 for Pingol , Kevin C.
2025-10-11 09:04:18.477 24273-24273 CalorieCal...ionService com.example.nutrisaur11              D  Calculated TDEE: 2284.3125 (BMR: 1473.75 × Activity: 1.55)
2025-10-11 09:04:18.477 24273-24273 CalorieCal...ionService com.example.nutrisaur11              D  Calculated daily calorie target: 2784 (TDEE: 2284.3125 + Adjustment: 500.0)
2025-10-11 09:04:18.477 24273-24273 CalorieTracker          com.example.nutrisaur11              D  Using fallback calculation (AI will update cache): 2784
2025-10-11 09:04:18.478 24273-24273 CalorieTracker          com.example.nutrisaur11              D  Using AI-calculated daily calorie target: 2784
2025-10-11 09:04:18.478 24273-24273 CalorieCal...ionService com.example.nutrisaur11              D  Calculated meal distribution: Breakfast=696, Lunch=974, Dinner=835, Snacks=278
2025-10-11 09:04:18.478 24273-24273 CalorieTracker          com.example.nutrisaur11              D  Calculated meal distribution: Breakfast=696, Lunch=974, Dinner=835, Snacks=278
2025-10-11 09:04:18.478 24273-24273 CalorieTracker          com.example.nutrisaur11              D  Calculated meal distribution: {Breakfast=696, Dinner=835, Snacks=278, Lunch=974}
2025-10-11 09:04:18.478 24273-24273 CalorieTracker          com.example.nutrisaur11              D  Created Breakfast meal with 696 max calories
2025-10-11 09:04:18.478 24273-24273 CalorieTracker          com.example.nutrisaur11              D  Added Arroz Caldo (450 cal) to Breakfast for date 2025-10-11
2025-10-11 09:04:18.478 24273-24273 CalorieTracker          com.example.nutrisaur11              D  Added Longsilog (550 cal) to Breakfast for date 2025-10-11
2025-10-11 09:04:18.478 24273-24273 CalorieTracker          com.example.nutrisaur11              D  Added Tapsilog (600 cal) to Breakfast for date 2025-10-11
2025-10-11 09:04:18.478 24273-24273 CalorieTracker          com.example.nutrisaur11              D  Created Dinner meal with 835 max calories
2025-10-11 09:04:18.478 24273-24273 CalorieTracker          com.example.nutrisaur11              D  Added Kare-Kare (550 cal) to Dinner for date 2025-10-11
2025-10-11 09:04:18.478 24273-24273 CalorieTracker          com.example.nutrisaur11              D  Added Sinigang (400 cal) to Dinner for date 2025-10-11
2025-10-11 09:04:18.478 24273-24273 CalorieTracker          com.example.nutrisaur11              D  Added Adobo (480 cal) to Dinner for date 2025-10-11
2025-10-11 09:04:18.478 24273-24273 CalorieTracker          com.example.nutrisaur11              D  Created Lunch meal with 974 max calories
2025-10-11 09:04:18.478 24273-24273 CalorieTracker          com.example.nutrisaur11              D  Added Chicken Adobo (400 cal) to Lunch for date 2025-10-11
2025-10-11 09:04:18.478 24273-24273 CalorieTracker          com.example.nutrisaur11              D  Added Kare-Kare (550 cal) to Lunch for date 2025-10-11
2025-10-11 09:04:18.478 24273-24273 CalorieTracker          com.example.nutrisaur11              D  Added Sinigang na Baboy (450 cal) to Lunch for date 2025-10-11
2025-10-11 09:04:18.479 24273-24443 NutritionService        com.example.nutrisaur11              D  Starting nutrition recommendations...
2025-10-11 09:04:18.479 24273-24443 NutritionService        com.example.nutrisaur11              D  Getting user profile from SharedPreferences...
2025-10-11 09:04:18.479 24273-24443 NutritionService        com.example.nutrisaur11              D  User data: name=, age=25, weight=70.0, height=170.0
2025-10-11 09:04:18.479 24273-24443 NutritionService        com.example.nutrisaur11              D  User profile loaded: , BMI: 24.221453287197235
2025-10-11 09:04:18.479 24273-24443 KcalSuggestionCache     com.example.nutrisaur11              D  Cached kcal suggestion is valid
2025-10-11 09:04:18.479 24273-24443 NutritionService        com.example.nutrisaur11              D  Using cached kcal suggestion - user profile unchanged
2025-10-11 09:04:18.480 24273-24443 KcalSuggestionCache     com.example.nutrisaur11              D  Successfully loaded cached kcal suggestion
2025-10-11 09:04:18.480 24273-24443 CalorieTracker          com.example.nutrisaur11              D  Background AI calculation completed: 2545
2025-10-11 09:04:18.486 24273-24273 CalorieTracker          com.example.nutrisaur11              D  Synced CalorieTracker with AddedFoodManager for date 2025-10-11. Total meals: 3
2025-10-11 09:04:18.486 24273-24273 CalorieTracker          com.example.nutrisaur11              D  Meal Breakfast: 1600/696 kcal
2025-10-11 09:04:18.486 24273-24273 CalorieTracker          com.example.nutrisaur11              D  Meal Dinner: 1430/835 kcal
2025-10-11 09:04:18.486 24273-24273 CalorieTracker          com.example.nutrisaur11              D  Meal Lunch: 1400/974 kcal
2025-10-11 09:04:18.486 24273-24273 FoodActivity            com.example.nutrisaur11              D  Synced CalorieTracker in updateMealProgress for date: 2025-10-11
2025-10-11 09:04:18.488 24273-24273 FoodActivity            com.example.nutrisaur11              D  Updated breakfast progress: 1600 / 696 kcal
2025-10-11 09:04:18.490 24273-24273 FoodActivity            com.example.nutrisaur11              D  Updated lunch progress: 1400 / 974 kcal
2025-10-11 09:04:18.492 24273-24273 FoodActivity            com.example.nutrisaur11              D  Updated dinner progress: 1430 / 835 kcal
2025-10-11 09:04:18.494 24273-24273 FoodActivity            com.example.nutrisaur11              D  Updated snacks progress: 0 / 278 kcal
2025-10-11 09:04:18.494 24273-24273 FoodActivity            com.example.nutrisaur11              D  Meal progress updated with CalorieTracker data
2025-10-11 09:04:18.494 24273-24273 FoodActivity            com.example.nutrisaur11              D  Updating kcal goal circle directly
2025-10-11 09:04:18.496 24273-24273 FoodActivity            com.example.nutrisaur11              D  Total eaten calories for circle update: 4430
2025-10-11 09:04:18.496 24273-24273 FoodActivity            com.example.nutrisaur11              D  FoodActivity Available database fields: [birthday, is_pregnant, muac_category, notes, weight_kg, nutritional_risk, height_cm, sex, municipality, muac_cm, screening_date, bmi_category, name, barangay, email, age, bmi, status]
2025-10-11 09:04:18.497 24273-24273 FoodActivity            com.example.nutrisaur11              D  Calculated age from birthday '2005-10-10': 20
2025-10-11 09:04:18.497 24273-24273 FoodActivity            com.example.nutrisaur11              D  FoodActivity Weight field lookup - weight_kg: '50', weight: 'null', final: '50'
2025-10-11 09:04:18.497 24273-24273 FoodActivity            com.example.nutrisaur11              D  FoodActivity: Set weight from database: 50
2025-10-11 09:04:18.497 24273-24273 FoodActivity            com.example.nutrisaur11              D  FoodActivity Height field lookup - height_cm: '171', height: 'null', final: '171'
2025-10-11 09:04:18.497 24273-24273 FoodActivity            com.example.nutrisaur11              D  FoodActivity: Set height from database: 171
2025-10-11 09:04:18.497 24273-24273 FoodActivity            com.example.nutrisaur11              D  Created user profile from database data: Pingol , Kevin C. (Age: 20, Weight: 50.0, Height: 171.0, Gender: Male, Activity: Moderate)
2025-10-11 09:04:18.497 24273-24273 CalorieCal...ionService com.example.nutrisaur11              D  Calculated BMR: 1473.75 for Pingol , Kevin C.
2025-10-11 09:04:18.497 24273-24273 CalorieCal...ionService com.example.nutrisaur11              D  Calculated TDEE: 2284.3125 (BMR: 1473.75 × Activity: 1.55)
2025-10-11 09:04:18.497 24273-24273 CalorieCal...ionService com.example.nutrisaur11              D  Calculated daily calorie target: 2784 (TDEE: 2284.3125 + Adjustment: 500.0)
2025-10-11 09:04:18.497 24273-24273 FoodActivity            com.example.nutrisaur11              D  Calculated daily calorie target: 2784
2025-10-11 09:04:18.497 24273-24273 FoodActivity            com.example.nutrisaur11              D  Kcal Goal Circle Update:
2025-10-11 09:04:18.497 24273-24273 FoodActivity            com.example.nutrisaur11              D    Total Daily Calories: 2784
2025-10-11 09:04:18.497 24273-24273 FoodActivity            com.example.nutrisaur11              D    Total Eaten Calories: 4430
2025-10-11 09:04:18.497 24273-24273 FoodActivity            com.example.nutrisaur11              D    Calories Left: 0
2025-10-11 09:04:18.497 24273-24273 FoodActivity            com.example.nutrisaur11              D    Progress Percent: 159.12357%
2025-10-11 09:04:18.497 24273-24273 FoodActivity            com.example.nutrisaur11              D  Updating macronutrient data directly
2025-10-11 09:04:18.504 24273-24273 FoodActivity            com.example.nutrisaur11              D  FoodActivity Available database fields: [birthday, is_pregnant, muac_category, notes, weight_kg, nutritional_risk, height_cm, sex, municipality, muac_cm, screening_date, bmi_category, name, barangay, email, age, bmi, status]
2025-10-11 09:04:18.504 24273-24273 FoodActivity            com.example.nutrisaur11              D  Calculated age from birthday '2005-10-10': 20
2025-10-11 09:04:18.504 24273-24273 FoodActivity            com.example.nutrisaur11              D  FoodActivity Weight field lookup - weight_kg: '50', weight: 'null', final: '50'
2025-10-11 09:04:18.504 24273-24273 FoodActivity            com.example.nutrisaur11              D  FoodActivity: Set weight from database: 50
2025-10-11 09:04:18.504 24273-24273 FoodActivity            com.example.nutrisaur11              D  FoodActivity Height field lookup - height_cm: '171', height: 'null', final: '171'
2025-10-11 09:04:18.504 24273-24273 FoodActivity            com.example.nutrisaur11              D  FoodActivity: Set height from database: 171
2025-10-11 09:04:18.504 24273-24273 FoodActivity            com.example.nutrisaur11              D  Created user profile from database data: Pingol , Kevin C. (Age: 20, Weight: 50.0, Height: 171.0, Gender: Male, Activity: Moderate)
2025-10-11 09:04:18.505 24273-24273 CalorieCal...ionService com.example.nutrisaur11              D  Calculated BMR: 1473.75 for Pingol , Kevin C.
2025-10-11 09:04:18.505 24273-24273 CalorieCal...ionService com.example.nutrisaur11              D  Calculated TDEE: 2284.3125 (BMR: 1473.75 × Activity: 1.55)
2025-10-11 09:04:18.505 24273-24273 CalorieCal...ionService com.example.nutrisaur11              D  Calculated daily calorie target: 2784 (TDEE: 2284.3125 + Adjustment: 500.0)
2025-10-11 09:04:18.505 24273-24273 FoodActivity            com.example.nutrisaur11              D  Calculated macro targets - Protein: 153, Carbs: 375, Fat: 74
2025-10-11 09:04:18.505 24273-24273 FoodActivity            com.example.nutrisaur11              D  Macro Update:
2025-10-11 09:04:18.505 24273-24273 FoodActivity            com.example.nutrisaur11              D    Protein: 0/153 (eaten: 260)
2025-10-11 09:04:18.505 24273-24273 FoodActivity            com.example.nutrisaur11              D    Carbs: 80/375 (eaten: 295)
2025-10-11 09:04:18.505 24273-24273 FoodActivity            com.example.nutrisaur11              D    Fat: 0/74 (eaten: 235)
2025-10-11 09:04:18.506 24273-24273 FoodActivity            com.example.nutrisaur11              D  Updating meal progress texts with direct AddedFoodManager data
2025-10-11 09:04:18.510 24273-24273 FoodActivity            com.example.nutrisaur11              D  FoodActivity Available database fields: [birthday, is_pregnant, muac_category, notes, weight_kg, nutritional_risk, height_cm, sex, municipality, muac_cm, screening_date, bmi_category, name, barangay, email, age, bmi, status]
2025-10-11 09:04:18.510 24273-24273 FoodActivity            com.example.nutrisaur11              D  Calculated age from birthday '2005-10-10': 20
2025-10-11 09:04:18.510 24273-24273 FoodActivity            com.example.nutrisaur11              D  FoodActivity Weight field lookup - weight_kg: '50', weight: 'null', final: '50'
2025-10-11 09:04:18.510 24273-24273 FoodActivity            com.example.nutrisaur11              D  FoodActivity: Set weight from database: 50
2025-10-11 09:04:18.510 24273-24273 FoodActivity            com.example.nutrisaur11              D  FoodActivity Height field lookup - height_cm: '171', height: 'null', final: '171'
2025-10-11 09:04:18.510 24273-24273 FoodActivity            com.example.nutrisaur11              D  FoodActivity: Set height from database: 171
2025-10-11 09:04:18.510 24273-24273 FoodActivity            com.example.nutrisaur11              D  Created user profile from database data: Pingol , Kevin C. (Age: 20, Weight: 50.0, Height: 171.0, Gender: Male, Activity: Moderate)
2025-10-11 09:04:18.510 24273-24273 KcalSuggestionCache     com.example.nutrisaur11              D  User profile changed, cache invalid
2025-10-11 09:04:18.510 24273-24273 FoodActivity            com.example.nutrisaur11              D  No valid AI cache found, using fallback calculation...
2025-10-11 09:04:18.510 24273-24273 CalorieCal...ionService com.example.nutrisaur11              D  Calculated BMR: 1473.75 for Pingol , Kevin C.
2025-10-11 09:04:18.510 24273-24273 CalorieCal...ionService com.example.nutrisaur11              D  Calculated TDEE: 2284.3125 (BMR: 1473.75 × Activity: 1.55)
2025-10-11 09:04:18.511 24273-24273 CalorieCal...ionService com.example.nutrisaur11              D  Calculated daily calorie target: 2784 (TDEE: 2284.3125 + Adjustment: 500.0)
2025-10-11 09:04:18.511 24273-24273 FoodActivity            com.example.nutrisaur11              D  Using fallback calculation (AI will update cache): 2784
2025-10-11 09:04:18.511 24273-24273 FoodActivity            com.example.nutrisaur11              D  AI calculation already in progress, skipping...
2025-10-11 09:04:18.511 24273-24273 FoodActivity            com.example.nutrisaur11              D  Using AI-calculated total daily calories: 2784
2025-10-11 09:04:18.511 24273-24273 FoodActivity            com.example.nutrisaur11              D  FoodActivity Available database fields: [birthday, is_pregnant, muac_category, notes, weight_kg, nutritional_risk, height_cm, sex, municipality, muac_cm, screening_date, bmi_category, name, barangay, email, age, bmi, status]
2025-10-11 09:04:18.511 24273-24273 FoodActivity            com.example.nutrisaur11              D  Calculated age from birthday '2005-10-10': 20
2025-10-11 09:04:18.511 24273-24273 FoodActivity            com.example.nutrisaur11              D  FoodActivity Weight field lookup - weight_kg: '50', weight: 'null', final: '50'
2025-10-11 09:04:18.511 24273-24273 FoodActivity            com.example.nutrisaur11              D  FoodActivity: Set weight from database: 50
2025-10-11 09:04:18.511 24273-24273 FoodActivity            com.example.nutrisaur11              D  FoodActivity Height field lookup - height_cm: '171', height: 'null', final: '171'
2025-10-11 09:04:18.511 24273-24273 FoodActivity            com.example.nutrisaur11              D  FoodActivity: Set height from database: 171
2025-10-11 09:04:18.511 24273-24273 FoodActivity            com.example.nutrisaur11              D  Created user profile from database data: Pingol , Kevin C. (Age: 20, Weight: 50.0, Height: 171.0, Gender: Male, Activity: Moderate)
2025-10-11 09:04:18.511 24273-24273 CalorieCal...ionService com.example.nutrisaur11              D  Calculated meal distribution: Breakfast=696, Lunch=974, Dinner=835, Snacks=278
2025-10-11 09:04:18.511 24273-24273 FoodActivity            com.example.nutrisaur11              D  Calculated meal distribution: Breakfast=696, Lunch=974, Dinner=835, Snacks=278
2025-10-11 09:04:18.511 24273-24273 FoodActivity            com.example.nutrisaur11              D  Direct update Breakfast: 1600 / 696 kcal (from 3 foods)
2025-10-11 09:04:18.512 24273-24273 FoodActivity            com.example.nutrisaur11              D  Set breakfast progress text to: 1600 / 696 kcal
2025-10-11 09:04:18.512 24273-24273 FoodActivity            com.example.nutrisaur11              D  Direct update Lunch: 1400 / 974 kcal (from 3 foods)
2025-10-11 09:04:18.512 24273-24273 FoodActivity            com.example.nutrisaur11              D  Set lunch progress text to: 1400 / 974 kcal
2025-10-11 09:04:18.512 24273-24273 FoodActivity            com.example.nutrisaur11              D  Direct update Dinner: 1430 / 835 kcal (from 3 foods)
2025-10-11 09:04:18.512 24273-24273 FoodActivity            com.example.nutrisaur11              D  Set dinner progress text to: 1430 / 835 kcal
2025-10-11 09:04:18.512 24273-24273 FoodActivity            com.example.nutrisaur11              D  Direct update Snacks: 0 / 278 kcal (from 0 foods)
2025-10-11 09:04:18.512 24273-24273 FoodActivity            com.example.nutrisaur11              D  Set snacks progress text to: 0 / 278 kcal
2025-10-11 09:04:18.512 24273-24273 FoodActivity            com.example.nutrisaur11              D  Updating meal progress texts with direct AddedFoodManager data
2025-10-11 09:04:18.517 24273-24273 FoodActivity            com.example.nutrisaur11              D  FoodActivity Available database fields: [birthday, is_pregnant, muac_category, notes, weight_kg, nutritional_risk, height_cm, sex, municipality, muac_cm, screening_date, bmi_category, name, barangay, email, age, bmi, status]
2025-10-11 09:04:18.517 24273-24273 FoodActivity            com.example.nutrisaur11              D  Calculated age from birthday '2005-10-10': 20
2025-10-11 09:04:18.517 24273-24273 FoodActivity            com.example.nutrisaur11              D  FoodActivity Weight field lookup - weight_kg: '50', weight: 'null', final: '50'
2025-10-11 09:04:18.517 24273-24273 FoodActivity            com.example.nutrisaur11              D  FoodActivity: Set weight from database: 50
2025-10-11 09:04:18.517 24273-24273 FoodActivity            com.example.nutrisaur11              D  FoodActivity Height field lookup - height_cm: '171', height: 'null', final: '171'
2025-10-11 09:04:18.517 24273-24273 FoodActivity            com.example.nutrisaur11              D  FoodActivity: Set height from database: 171
2025-10-11 09:04:18.517 24273-24273 FoodActivity            com.example.nutrisaur11              D  Created user profile from database data: Pingol , Kevin C. (Age: 20, Weight: 50.0, Height: 171.0, Gender: Male, Activity: Moderate)
2025-10-11 09:04:18.517 24273-24273 KcalSuggestionCache     com.example.nutrisaur11              D  User profile changed, cache invalid
2025-10-11 09:04:18.517 24273-24273 FoodActivity            com.example.nutrisaur11              D  No valid AI cache found, using fallback calculation...
2025-10-11 09:04:18.517 24273-24273 CalorieCal...ionService com.example.nutrisaur11              D  Calculated BMR: 1473.75 for Pingol , Kevin C.
2025-10-11 09:04:18.517 24273-24273 CalorieCal...ionService com.example.nutrisaur11              D  Calculated TDEE: 2284.3125 (BMR: 1473.75 × Activity: 1.55)
2025-10-11 09:04:18.517 24273-24273 CalorieCal...ionService com.example.nutrisaur11              D  Calculated daily calorie target: 2784 (TDEE: 2284.3125 + Adjustment: 500.0)
2025-10-11 09:04:18.517 24273-24273 FoodActivity            com.example.nutrisaur11              D  Using fallback calculation (AI will update cache): 2784
2025-10-11 09:04:18.517 24273-24273 FoodActivity            com.example.nutrisaur11              D  AI calculation already in progress, skipping...
2025-10-11 09:04:18.517 24273-24273 FoodActivity            com.example.nutrisaur11              D  Using AI-calculated total daily calories: 2784
2025-10-11 09:04:18.517 24273-24273 FoodActivity            com.example.nutrisaur11              D  FoodActivity Available database fields: [birthday, is_pregnant, muac_category, notes, weight_kg, nutritional_risk, height_cm, sex, municipality, muac_cm, screening_date, bmi_category, name, barangay, email, age, bmi, status]
2025-10-11 09:04:18.518 24273-24273 FoodActivity            com.example.nutrisaur11              D  Calculated age from birthday '2005-10-10': 20
2025-10-11 09:04:18.518 24273-24273 FoodActivity            com.example.nutrisaur11              D  FoodActivity Weight field lookup - weight_kg: '50', weight: 'null', final: '50'
2025-10-11 09:04:18.518 24273-24273 FoodActivity            com.example.nutrisaur11              D  FoodActivity: Set weight from database: 50
2025-10-11 09:04:18.518 24273-24273 FoodActivity            com.example.nutrisaur11              D  FoodActivity Height field lookup - height_cm: '171', height: 'null', final: '171'
2025-10-11 09:04:18.518 24273-24273 FoodActivity            com.example.nutrisaur11              D  FoodActivity: Set height from database: 171
2025-10-11 09:04:18.518 24273-24273 FoodActivity            com.example.nutrisaur11              D  Created user profile from database data: Pingol , Kevin C. (Age: 20, Weight: 50.0, Height: 171.0, Gender: Male, Activity: Moderate)
2025-10-11 09:04:18.518 24273-24273 CalorieCal...ionService com.example.nutrisaur11              D  Calculated meal distribution: Breakfast=696, Lunch=974, Dinner=835, Snacks=278
2025-10-11 09:04:18.518 24273-24273 FoodActivity            com.example.nutrisaur11              D  Calculated meal distribution: Breakfast=696, Lunch=974, Dinner=835, Snacks=278
2025-10-11 09:04:18.518 24273-24273 FoodActivity            com.example.nutrisaur11              D  Direct update Breakfast: 1600 / 696 kcal (from 3 foods)
2025-10-11 09:04:18.518 24273-24273 FoodActivity            com.example.nutrisaur11              D  Set breakfast progress text to: 1600 / 696 kcal
2025-10-11 09:04:18.518 24273-24273 FoodActivity            com.example.nutrisaur11              D  Direct update Lunch: 1400 / 974 kcal (from 3 foods)
2025-10-11 09:04:18.519 24273-24273 FoodActivity            com.example.nutrisaur11              D  Set lunch progress text to: 1400 / 974 kcal
2025-10-11 09:04:18.519 24273-24273 FoodActivity            com.example.nutrisaur11              D  Direct update Dinner: 1430 / 835 kcal (from 3 foods)
2025-10-11 09:04:18.519 24273-24273 FoodActivity            com.example.nutrisaur11              D  Set dinner progress text to: 1430 / 835 kcal
2025-10-11 09:04:18.519 24273-24273 FoodActivity            com.example.nutrisaur11              D  Direct update Snacks: 0 / 278 kcal (from 0 foods)
2025-10-11 09:04:18.519 24273-24273 FoodActivity            com.example.nutrisaur11              D  Set snacks progress text to: 0 / 278 kcal
2025-10-11 09:04:18.519 24273-24273 FoodActivity            com.example.nutrisaur11              D  Meal distribution stored
2025-10-11 09:04:18.519 24273-24273 FoodActivity            com.example.nutrisaur11              D  Nutrition data loaded successfully with database user data
2025-10-11 09:04:18.522 24273-24273 FoodActivity            com.example.nutrisaur11              D  Total eaten calories after sync: 4430
2025-10-11 09:04:18.522 24273-24273 FoodActivity            com.example.nutrisaur11              D  Updating eaten calories only (preserving daily target)
2025-10-11 09:04:18.524 24273-24273 FoodActivity            com.example.nutrisaur11              D  Total eaten calories for update: 4430
2025-10-11 09:04:18.524 24273-24273 FoodActivity            com.example.nutrisaur11              D  Using existing daily calorie target: 2784
2025-10-11 09:04:18.524 24273-24273 FoodActivity            com.example.nutrisaur11              D  Eaten Calories Only Update:
2025-10-11 09:04:18.524 24273-24273 FoodActivity            com.example.nutrisaur11              D    Total Daily Calories: 2784 (preserved)
2025-10-11 09:04:18.524 24273-24273 FoodActivity            com.example.nutrisaur11              D    Total Eaten Calories: 4430 (updated)
2025-10-11 09:04:18.524 24273-24273 FoodActivity            com.example.nutrisaur11              D    Calories Left: 0
2025-10-11 09:04:18.524 24273-24273 FoodActivity            com.example.nutrisaur11              D    Progress Percent: 159.12357%
2025-10-11 09:04:18.525 24273-24273 FoodActivity            com.example.nutrisaur11              D  Updating macronutrient data directly
2025-10-11 09:04:18.531 24273-24273 FoodActivity            com.example.nutrisaur11              D  FoodActivity Available database fields: [birthday, is_pregnant, muac_category, notes, weight_kg, nutritional_risk, height_cm, sex, municipality, muac_cm, screening_date, bmi_category, name, barangay, email, age, bmi, status]
2025-10-11 09:04:18.532 24273-24273 FoodActivity            com.example.nutrisaur11              D  Calculated age from birthday '2005-10-10': 20
2025-10-11 09:04:18.532 24273-24273 FoodActivity            com.example.nutrisaur11              D  FoodActivity Weight field lookup - weight_kg: '50', weight: 'null', final: '50'
2025-10-11 09:04:18.532 24273-24273 FoodActivity            com.example.nutrisaur11              D  FoodActivity: Set weight from database: 50
2025-10-11 09:04:18.532 24273-24273 FoodActivity            com.example.nutrisaur11              D  FoodActivity Height field lookup - height_cm: '171', height: 'null', final: '171'
2025-10-11 09:04:18.532 24273-24273 FoodActivity            com.example.nutrisaur11              D  FoodActivity: Set height from database: 171
2025-10-11 09:04:18.532 24273-24273 FoodActivity            com.example.nutrisaur11              D  Created user profile from database data: Pingol , Kevin C. (Age: 20, Weight: 50.0, Height: 171.0, Gender: Male, Activity: Moderate)
2025-10-11 09:04:18.532 24273-24273 CalorieCal...ionService com.example.nutrisaur11              D  Calculated BMR: 1473.75 for Pingol , Kevin C.
2025-10-11 09:04:18.532 24273-24273 CalorieCal...ionService com.example.nutrisaur11              D  Calculated TDEE: 2284.3125 (BMR: 1473.75 × Activity: 1.55)
2025-10-11 09:04:18.532 24273-24273 CalorieCal...ionService com.example.nutrisaur11              D  Calculated daily calorie target: 2784 (TDEE: 2284.3125 + Adjustment: 500.0)
2025-10-11 09:04:18.532 24273-24273 FoodActivity            com.example.nutrisaur11              D  Calculated macro targets - Protein: 153, Carbs: 375, Fat: 74
2025-10-11 09:04:18.532 24273-24273 FoodActivity            com.example.nutrisaur11              D  Macro Update:
2025-10-11 09:04:18.532 24273-24273 FoodActivity            com.example.nutrisaur11              D    Protein: 0/153 (eaten: 260)
2025-10-11 09:04:18.532 24273-24273 FoodActivity            com.example.nutrisaur11              D    Carbs: 80/375 (eaten: 295)
2025-10-11 09:04:18.532 24273-24273 FoodActivity            com.example.nutrisaur11              D    Fat: 0/74 (eaten: 235)
2025-10-11 09:04:18.533 24273-24273 FoodActivity            com.example.nutrisaur11              D  Updating meal progress texts with direct AddedFoodManager data
2025-10-11 09:04:18.537 24273-24273 FoodActivity            com.example.nutrisaur11              D  FoodActivity Available database fields: [birthday, is_pregnant, muac_category, notes, weight_kg, nutritional_risk, height_cm, sex, municipality, muac_cm, screening_date, bmi_category, name, barangay, email, age, bmi, status]
2025-10-11 09:04:18.537 24273-24273 FoodActivity            com.example.nutrisaur11              D  Calculated age from birthday '2005-10-10': 20
2025-10-11 09:04:18.537 24273-24273 FoodActivity            com.example.nutrisaur11              D  FoodActivity Weight field lookup - weight_kg: '50', weight: 'null', final: '50'
2025-10-11 09:04:18.537 24273-24273 FoodActivity            com.example.nutrisaur11              D  FoodActivity: Set weight from database: 50
2025-10-11 09:04:18.537 24273-24273 FoodActivity            com.example.nutrisaur11              D  FoodActivity Height field lookup - height_cm: '171', height: 'null', final: '171'
2025-10-11 09:04:18.537 24273-24273 FoodActivity            com.example.nutrisaur11              D  FoodActivity: Set height from database: 171
2025-10-11 09:04:18.537 24273-24273 FoodActivity            com.example.nutrisaur11              D  Created user profile from database data: Pingol , Kevin C. (Age: 20, Weight: 50.0, Height: 171.0, Gender: Male, Activity: Moderate)
2025-10-11 09:04:18.537 24273-24273 KcalSuggestionCache     com.example.nutrisaur11              D  User profile changed, cache invalid
2025-10-11 09:04:18.538 24273-24273 FoodActivity            com.example.nutrisaur11              D  No valid AI cache found, using fallback calculation...
2025-10-11 09:04:18.538 24273-24273 CalorieCal...ionService com.example.nutrisaur11              D  Calculated BMR: 1473.75 for Pingol , Kevin C.
2025-10-11 09:04:18.538 24273-24273 CalorieCal...ionService com.example.nutrisaur11              D  Calculated TDEE: 2284.3125 (BMR: 1473.75 × Activity: 1.55)
2025-10-11 09:04:18.538 24273-24273 CalorieCal...ionService com.example.nutrisaur11              D  Calculated daily calorie target: 2784 (TDEE: 2284.3125 + Adjustment: 500.0)
2025-10-11 09:04:18.538 24273-24273 FoodActivity            com.example.nutrisaur11              D  Using fallback calculation (AI will update cache): 2784
2025-10-11 09:04:18.538 24273-24273 FoodActivity            com.example.nutrisaur11              D  AI calculation already in progress, skipping...
2025-10-11 09:04:18.538 24273-24273 FoodActivity            com.example.nutrisaur11              D  Using AI-calculated total daily calories: 2784
2025-10-11 09:04:18.538 24273-24273 FoodActivity            com.example.nutrisaur11              D  FoodActivity Available database fields: [birthday, is_pregnant, muac_category, notes, weight_kg, nutritional_risk, height_cm, sex, municipality, muac_cm, screening_date, bmi_category, name, barangay, email, age, bmi, status]
2025-10-11 09:04:18.538 24273-24273 FoodActivity            com.example.nutrisaur11              D  Calculated age from birthday '2005-10-10': 20
2025-10-11 09:04:18.538 24273-24273 FoodActivity            com.example.nutrisaur11              D  FoodActivity Weight field lookup - weight_kg: '50', weight: 'null', final: '50'
2025-10-11 09:04:18.538 24273-24273 FoodActivity            com.example.nutrisaur11              D  FoodActivity: Set weight from database: 50
2025-10-11 09:04:18.538 24273-24273 FoodActivity            com.example.nutrisaur11              D  FoodActivity Height field lookup - height_cm: '171', height: 'null', final: '171'
2025-10-11 09:04:18.538 24273-24273 FoodActivity            com.example.nutrisaur11              D  FoodActivity: Set height from database: 171
2025-10-11 09:04:18.538 24273-24273 FoodActivity            com.example.nutrisaur11              D  Created user profile from database data: Pingol , Kevin C. (Age: 20, Weight: 50.0, Height: 171.0, Gender: Male, Activity: Moderate)
2025-10-11 09:04:18.538 24273-24273 CalorieCal...ionService com.example.nutrisaur11              D  Calculated meal distribution: Breakfast=696, Lunch=974, Dinner=835, Snacks=278
2025-10-11 09:04:18.538 24273-24273 FoodActivity            com.example.nutrisaur11              D  Calculated meal distribution: Breakfast=696, Lunch=974, Dinner=835, Snacks=278
2025-10-11 09:04:18.538 24273-24273 FoodActivity            com.example.nutrisaur11              D  Direct update Breakfast: 1600 / 696 kcal (from 3 foods)
2025-10-11 09:04:18.539 24273-24273 FoodActivity            com.example.nutrisaur11              D  Set breakfast progress text to: 1600 / 696 kcal
2025-10-11 09:04:18.539 24273-24273 FoodActivity            com.example.nutrisaur11              D  Direct update Lunch: 1400 / 974 kcal (from 3 foods)
2025-10-11 09:04:18.539 24273-24273 FoodActivity            com.example.nutrisaur11              D  Set lunch progress text to: 1400 / 974 kcal
2025-10-11 09:04:18.539 24273-24273 FoodActivity            com.example.nutrisaur11              D  Direct update Dinner: 1430 / 835 kcal (from 3 foods)
2025-10-11 09:04:18.539 24273-24273 FoodActivity            com.example.nutrisaur11              D  Set dinner progress text to: 1430 / 835 kcal
2025-10-11 09:04:18.539 24273-24273 FoodActivity            com.example.nutrisaur11              D  Direct update Snacks: 0 / 278 kcal (from 0 foods)
2025-10-11 09:04:18.540 24273-24273 FoodActivity            com.example.nutrisaur11              D  Set snacks progress text to: 0 / 278 kcal
2025-10-11 09:04:18.540 24273-24273 FoodActivity            com.example.nutrisaur11              D  Updating meal progress texts with direct AddedFoodManager data
2025-10-11 09:04:18.543 24273-24273 FoodActivity            com.example.nutrisaur11              D  FoodActivity Available database fields: [birthday, is_pregnant, muac_category, notes, weight_kg, nutritional_risk, height_cm, sex, municipality, muac_cm, screening_date, bmi_category, name, barangay, email, age, bmi, status]
