2025-10-07 16:53:45.888 14076-14076 AddedFoodManager        com.example.nutrisaur11              D  Meal category Breakfast has 1 foods
2025-10-07 16:53:45.888 14076-14076 AddedFoodManager        com.example.nutrisaur11              D    - Champorado in Breakfast
2025-10-07 16:53:45.888 14076-14076 AddedFoodManager        com.example.nutrisaur11              D  Retrieved 1 foods from daily storage for 2025-10-07
2025-10-07 16:53:45.888 14076-14076 AddedFoodManager        com.example.nutrisaur11              D  Checking if Pancit Palabok (with extra shrimp and pork) is in Snacks: false
2025-10-07 16:53:45.888 14076-14076 AddedFoodManager        com.example.nutrisaur11              D  Stored foods for 2025-10-07:
2025-10-07 16:53:45.888 14076-14076 AddedFoodManager        com.example.nutrisaur11              D    - Champorado in Breakfast
2025-10-07 16:53:45.895 14076-14076 AddedFoodManager        com.example.nutrisaur11              D  getDailyFoods returned: 1 meal categories for 2025-10-07
2025-10-07 16:53:45.896 14076-14076 AddedFoodManager        com.example.nutrisaur11              D  Meal category Breakfast has 1 foods
2025-10-07 16:53:45.896 14076-14076 AddedFoodManager        com.example.nutrisaur11              D    - Champorado in Breakfast
2025-10-07 16:53:45.896 14076-14076 AddedFoodManager        com.example.nutrisaur11              D  Retrieved 1 foods from daily storage for 2025-10-07
2025-10-07 16:53:45.896 14076-14076 AddedFoodManager        com.example.nutrisaur11              D  Checking if Lechon Kawali (with rice) is in Breakfast: false
2025-10-07 16:53:45.896 14076-14076 AddedFoodManager        com.example.nutrisaur11              D  Stored foods for 2025-10-07:
2025-10-07 16:53:45.896 14076-14076 AddedFoodManager        com.example.nutrisaur11              D    - Champorado in Breakfast
2025-10-07 16:53:45.896 14076-14076 AddedFoodManager        com.example.nutrisaur11              D  getDailyFoods returned: 1 meal categories for 2025-10-07
2025-10-07 16:53:45.896 14076-14076 AddedFoodManager        com.example.nutrisaur11              D  Meal category Breakfast has 1 foods
2025-10-07 16:53:45.896 14076-14076 AddedFoodManager        com.example.nutrisaur11              D    - Champorado in Breakfast
2025-10-07 16:53:45.896 14076-14076 AddedFoodManager        com.example.nutrisaur11              D  Retrieved 1 foods from daily storage for 2025-10-07
2025-10-07 16:53:45.896 14076-14076 AddedFoodManager        com.example.nutrisaur11              D  Checking if Lechon Kawali (with rice) is in Lunch: false
2025-10-07 16:53:45.896 14076-14076 AddedFoodManager        com.example.nutrisaur11              D  Stored foods for 2025-10-07:
2025-10-07 16:53:45.896 14076-14076 AddedFoodManager        com.example.nutrisaur11              D    - Champorado in Breakfast
2025-10-07 16:53:45.897 14076-14076 AddedFoodManager        com.example.nutrisaur11              D  getDailyFoods returned: 1 meal categories for 2025-10-07
2025-10-07 16:53:45.897 14076-14076 AddedFoodManager        com.example.nutrisaur11              D  Meal category Breakfast has 1 foods
2025-10-07 16:53:45.897 14076-14076 AddedFoodManager        com.example.nutrisaur11              D    - Champorado in Breakfast
2025-10-07 16:53:45.897 14076-14076 AddedFoodManager        com.example.nutrisaur11              D  Retrieved 1 foods from daily storage for 2025-10-07
2025-10-07 16:53:45.897 14076-14076 AddedFoodManager        com.example.nutrisaur11              D  Checking if Lechon Kawali (with rice) is in Dinner: false
2025-10-07 16:53:45.897 14076-14076 AddedFoodManager        com.example.nutrisaur11              D  Stored foods for 2025-10-07:
2025-10-07 16:53:45.897 14076-14076 AddedFoodManager        com.example.nutrisaur11              D    - Champorado in Breakfast
2025-10-07 16:53:45.897 14076-14076 AddedFoodManager        com.example.nutrisaur11              D  getDailyFoods returned: 1 meal categories for 2025-10-07
2025-10-07 16:53:45.897 14076-14076 AddedFoodManager        com.example.nutrisaur11              D  Meal category Breakfast has 1 foods
2025-10-07 16:53:45.897 14076-14076 AddedFoodManager        com.example.nutrisaur11              D    - Champorado in Breakfast
2025-10-07 16:53:45.897 14076-14076 AddedFoodManager        com.example.nutrisaur11              D  Retrieved 1 foods from daily storage for 2025-10-07
2025-10-07 16:53:45.897 14076-14076 AddedFoodManager        com.example.nutrisaur11              D  Checking if Lechon Kawali (with rice) is in Snacks: false
2025-10-07 16:53:45.897 14076-14076 AddedFoodManager        com.example.nutrisaur11              D  Stored foods for 2025-10-07:
2025-10-07 16:53:45.897 14076-14076 AddedFoodManager        com.example.nutrisaur11              D    - Champorado in Breakfast
2025-10-07 16:53:45.905 14076-14076 AddedFoodManager        com.example.nutrisaur11              D  getDailyFoods returned: 1 meal categories for 2025-10-07
2025-10-07 16:53:45.905 14076-14076 AddedFoodManager        com.example.nutrisaur11              D  Meal category Breakfast has 1 foods
2025-10-07 16:53:45.905 14076-14076 AddedFoodManager        com.example.nutrisaur11              D    - Champorado in Breakfast
2025-10-07 16:53:45.905 14076-14076 AddedFoodManager        com.example.nutrisaur11              D  Retrieved 1 foods from daily storage for 2025-10-07
2025-10-07 16:53:45.905 14076-14076 AddedFoodManager        com.example.nutrisaur11              D  Checking if Adobo (with pork belly) is in Breakfast: false
2025-10-07 16:53:45.905 14076-14076 AddedFoodManager        com.example.nutrisaur11              D  Stored foods for 2025-10-07:
2025-10-07 16:53:45.905 14076-14076 AddedFoodManager        com.example.nutrisaur11              D    - Champorado in Breakfast
2025-10-07 16:53:45.905 14076-14076 AddedFoodManager        com.example.nutrisaur11              D  getDailyFoods returned: 1 meal categories for 2025-10-07
2025-10-07 16:53:45.905 14076-14076 AddedFoodManager        com.example.nutrisaur11              D  Meal category Breakfast has 1 foods
2025-10-07 16:53:45.905 14076-14076 AddedFoodManager        com.example.nutrisaur11              D    - Champorado in Breakfast
2025-10-07 16:53:45.905 14076-14076 AddedFoodManager        com.example.nutrisaur11              D  Retrieved 1 foods from daily storage for 2025-10-07
2025-10-07 16:53:45.905 14076-14076 AddedFoodManager        com.example.nutrisaur11              D  Checking if Adobo (with pork belly) is in Lunch: false
2025-10-07 16:53:45.905 14076-14076 AddedFoodManager        com.example.nutrisaur11              D  Stored foods for 2025-10-07:
2025-10-07 16:53:45.905 14076-14076 AddedFoodManager        com.example.nutrisaur11              D    - Champorado in Breakfast
2025-10-07 16:53:45.906 14076-14076 AddedFoodManager        com.example.nutrisaur11              D  getDailyFoods returned: 1 meal categories for 2025-10-07
2025-10-07 16:53:45.906 14076-14076 AddedFoodManager        com.example.nutrisaur11              D  Meal category Breakfast has 1 foods
2025-10-07 16:53:45.906 14076-14076 AddedFoodManager        com.example.nutrisaur11              D    - Champorado in Breakfast
2025-10-07 16:53:45.906 14076-14076 AddedFoodManager        com.example.nutrisaur11              D  Retrieved 1 foods from daily storage for 2025-10-07
2025-10-07 16:53:45.906 14076-14076 AddedFoodManager        com.example.nutrisaur11              D  Checking if Adobo (with pork belly) is in Dinner: false
2025-10-07 16:53:45.906 14076-14076 AddedFoodManager        com.example.nutrisaur11              D  Stored foods for 2025-10-07:
2025-10-07 16:53:45.906 14076-14076 AddedFoodManager        com.example.nutrisaur11              D    - Champorado in Breakfast
2025-10-07 16:53:45.906 14076-14076 AddedFoodManager        com.example.nutrisaur11              D  getDailyFoods returned: 1 meal categories for 2025-10-07
2025-10-07 16:53:45.906 14076-14076 AddedFoodManager        com.example.nutrisaur11              D  Meal category Breakfast has 1 foods
2025-10-07 16:53:45.906 14076-14076 AddedFoodManager        com.example.nutrisaur11              D    - Champorado in Breakfast
2025-10-07 16:53:45.906 14076-14076 AddedFoodManager        com.example.nutrisaur11              D  Retrieved 1 foods from daily storage for 2025-10-07
2025-10-07 16:53:45.906 14076-14076 AddedFoodManager        com.example.nutrisaur11              D  Checking if Adobo (with pork belly) is in Snacks: false
2025-10-07 16:53:45.906 14076-14076 AddedFoodManager        com.example.nutrisaur11              D  Stored foods for 2025-10-07:
2025-10-07 16:53:45.907 14076-14076 AddedFoodManager        com.example.nutrisaur11              D    - Champorado in Breakfast
2025-10-07 16:53:46.471 14076-14076 SessionManager          com.example.nutrisaur11              D  === PERIODIC SESSION VALIDATION ===
2025-10-10 04:40:31.298 18355-18355 SessionManager          com.example.nutrisaur11              D  === PERIODIC SESSION VALIDATION ===
2025-10-10 04:40:34.304 18355-18355 SessionManager          com.example.nutrisaur11              D  === PERIODIC SESSION VALIDATION ===
2025-10-10 04:40:37.325 18355-18355 SessionManager          com.example.nutrisaur11              D  === PERIODIC SESSION VALIDATION ===
2025-10-10 04:40:40.342 18355-18355 SessionManager          com.example.nutrisaur11              D  === PERIODIC SESSION VALIDATION ===
2025-10-10 04:40:43.364 18355-18355 SessionManager          com.example.nutrisaur11              D  === PERIODIC SESSION VALIDATION ===
2025-10-10 04:40:46.380 18355-18355 SessionManager          com.example.nutrisaur11              D  === PERIODIC SESSION VALIDATION ===
2025-10-10 04:40:49.393 18355-18355 SessionManager          com.example.nutrisaur11              D  === PERIODIC SESSION VALIDATION ===
---------------------------- PROCESS ENDED (18355) for package com.example.nutrisaur11 ----------------------------
2025-10-10 04:40:53.971  3026-3369  ActivityManagerWrapper  com.miui.home                        E  getRecentTasks: taskId=10732   userId=0   baseIntent=Intent { act=android.intent.action.MAIN cat=[android.intent.category.LAUNCHER] flg=0x10000000 cmp=com.example.nutrisaur11/.SplashActivity }
---------------------------- PROCESS STARTED (29255) for package com.example.nutrisaur11 ----------------------------
2025-10-10 04:40:54.242 29255-29255 nativeloader            com.example.nutrisaur11              D  Configuring clns-4 for other apk /apex/com.android.extservices/javalib/android.ext.adservices.jar. target_sdk_version=35, uses_libraries=ALL, library_path=/data/app/~~JksXbJVW0l4mhoF9UyAtJA==/com.example.nutrisaur11-P0dsXS3QfnkuFMgyHbqvRg==/lib/arm64:/data/app/~~JksXbJVW0l4mhoF9UyAtJA==/com.example.nutrisaur11-P0dsXS3QfnkuFMgyHbqvRg==/base.apk!/lib/arm64-v8a, permitted_path=/data:/mnt/expand:/data/user/0/com.example.nutrisaur11
2025-10-10 04:40:54.242 29255-29255 nativeloader            com.example.nutrisaur11              D  Extending system_exposed_libraries: libvraudio_client.qti.so:libbinauralrenderer_wrapper.qti.so:libhoaeffects.qti.so:libQOC.qti.so:libcamera_algoup_jni.xiaomi.so:libcamera_mianode_jni.xiaomi.so:libupdateprof.qti.so:libthermalclient.qti.so:libQOC.qti.so:libdiag_system.qti.so:libqape.qti.so:libqesdk_ndk_platform.qti.so:liblistenjni.qti.so
2025-10-10 04:40:54.245 29255-29255 nativeloader            com.example.nutrisaur11              D  InitApexLibraries:
                                                                                                      com_android_appsearch: libicing.so
                                                                                                      com_android_art: libartservice.so
                                                                                                      com_android_conscrypt: libjavacrypto.so
                                                                                                      com_android_extservices: libtflite_support_classifiers_native.so
                                                                                                      com_android_mediaprovider: libpdfclient.so
                                                                                                      com_android_os_statsd: libstats_jni.so
                                                                                                      com_android_tethering: libandroid_net_connectivity_com_android_net_module_util_jni.so:libframework-connectivity-jni.so:libframework-connectivity-tiramisu-jni.so:libmainlinecronet.139.0.7205.3.so:libservice-connectivity.so:libservice-thread-jni.so:stable_cronet_libcrypto.so:stable_cronet_libssl.so
2025-10-10 04:40:54.258 29255-29255 ple.nutrisaur1          com.example.nutrisaur11              W  ClassLoaderContext classpath size mismatch. expected=0, found=1 (PCL[]{PCL[/apex/com.android.extservices/javalib/android.ext.adservices.jar*1727077578]} | PCL[/data/data/com.example.nutrisaur11/code_cache/.overlay/base.apk/classes4.dex*3967056944]{PCL[/apex/com.android.extservices/javalib/android.ext.adservices.jar*1727077578]})
2025-10-10 04:40:54.264 29255-29255 nativeloader            com.example.nutrisaur11              D  Configuring clns-5 for other apk /data/app/~~JksXbJVW0l4mhoF9UyAtJA==/com.example.nutrisaur11-P0dsXS3QfnkuFMgyHbqvRg==/base.apk. target_sdk_version=35, uses_libraries=, library_path=/data/app/~~JksXbJVW0l4mhoF9UyAtJA==/com.example.nutrisaur11-P0dsXS3QfnkuFMgyHbqvRg==/lib/arm64:/data/app/~~JksXbJVW0l4mhoF9UyAtJA==/com.example.nutrisaur11-P0dsXS3QfnkuFMgyHbqvRg==/base.apk!/lib/arm64-v8a, permitted_path=/data:/mnt/expand:/data/user/0/com.example.nutrisaur11
2025-10-10 04:40:54.275 29255-29255 Perf                    com.example.nutrisaur11              I  Connecting to perf service.
2025-10-10 04:40:54.283 29255-29255 GraphicsEnvironment     com.example.nutrisaur11              V  ANGLE Developer option for 'com.example.nutrisaur11' set to: 'default'
2025-10-10 04:40:54.283 29255-29255 GraphicsEnvironment     com.example.nutrisaur11              V  Updatable production driver is not supported on the device.
2025-10-10 04:40:54.286 29255-29255 ForceDarkHelperStubImpl com.example.nutrisaur11              I  initialize for com.example.nutrisaur11 , ForceDarkOrigin
2025-10-10 04:40:54.288 29255-29255 nativeloader            com.example.nutrisaur11              D  Load libforcedarkimpl.so using system ns (caller=/system/framework/miui-framework.jar): ok
2025-10-10 04:40:54.288 29255-29255 OpenGLRenderer          com.example.nutrisaur11              D  JNI_OnLoad success
2025-10-10 04:40:54.288 29255-29255 MiuiForceDarkConfig     com.example.nutrisaur11              I  setConfig density:2.750000, mainRule:0, secondaryRule:0, tertiaryRule:0
2025-10-10 04:40:54.291 29255-29255 NetworkSecurityConfig   com.example.nutrisaur11              D  No Network Security Config specified, using platform default
2025-10-10 04:40:54.292 29255-29255 NetworkSecurityConfig   com.example.nutrisaur11              D  No Network Security Config specified, using platform default
2025-10-10 04:40:54.308 29255-29255 FirebaseApp             com.example.nutrisaur11              I  Device unlocked: initializing all Firebase APIs for app [DEFAULT]
2025-10-10 04:40:54.320 29255-29255 FirebaseInitProvider    com.example.nutrisaur11              I  FirebaseApp initialization successful
2025-10-10 04:40:54.350 29255-29255 AppCompatDelegate       com.example.nutrisaur11              D  Checking for metadata for AppLocalesMetadataHolderService : Service not found
2025-10-10 04:40:54.353 29255-29284 ple.nutrisaur1          com.example.nutrisaur11              W  ClassLoaderContext classpath size mismatch. expected=1, found=0 (DLC[];PCL[base.apk*3742189454]{PCL[/system/framework/org.apache.http.legacy.jar*2058259661]#PCL[/apex/com.android.extservices/javalib/android.ext.adservices.jar*1727077578]#PCL[/system/framework/com.android.media.remotedisplay.jar*3472798123]#PCL[/system/framework/com.android.location.provider.jar*3633238672]#PCL[/system/framework/org.apache.http.legacy.jar*2058259661]#PCL[/apex/com.android.extservices/javalib/android.ext.adservices.jar*1727077578]} | DLC[];PCL[])
2025-10-10 04:40:54.356 29255-29284 DynamiteModule          com.example.nutrisaur11              I  Considering local module com.google.android.gms.measurement.dynamite:155 and remote module com.google.android.gms.measurement.dynamite:161
2025-10-10 04:40:54.357 29255-29284 DynamiteModule          com.example.nutrisaur11              I  Selected remote version of com.google.android.gms.measurement.dynamite, version >= 161
2025-10-10 04:40:54.357 29255-29284 DynamiteModule          com.example.nutrisaur11              V  Dynamite loader version >= 2, using loadModule2NoCrashUtils
2025-10-10 04:40:54.373 29255-29284 System                  com.example.nutrisaur11              W  ClassLoader referenced unknown path: 
2025-10-10 04:40:54.374 29255-29284 nativeloader            com.example.nutrisaur11              D  Configuring clns-6 for other apk . target_sdk_version=36, uses_libraries=, library_path=/data/app/~~WqlP-jy9t9aadxJLvfGIXg==/com.google.android.gms-C-D9N1twokZOu6BGYwGrPg==/lib/arm64:/data/app/~~WqlP-jy9t9aadxJLvfGIXg==/com.google.android.gms-C-D9N1twokZOu6BGYwGrPg==/base.apk!/lib/arm64-v8a, permitted_path=/data:/mnt/expand:/data/user/0/com.google.android.gms
2025-10-10 04:40:54.379 29255-29255 ViewScrollStubImpl      com.example.nutrisaur11              D  the value of ScrollFrictionRes is: 0.019499999
2025-10-10 04:40:54.384 29255-29284 ple.nutrisaur1          com.example.nutrisaur11              W  ClassLoaderContext classpath size mismatch. expected=1, found=2 (DLC[];PCL[base.apk*3742189454]{PCL[/system/framework/org.apache.http.legacy.jar*2058259661]#PCL[/apex/com.android.extservices/javalib/android.ext.adservices.jar*1727077578]#PCL[/system/framework/com.android.media.remotedisplay.jar*3472798123]#PCL[/system/framework/com.android.location.provider.jar*3633238672]#PCL[/system/framework/org.apache.http.legacy.jar*2058259661]#PCL[/apex/com.android.extservices/javalib/android.ext.adservices.jar*1727077578]} | DLC[];PCL[/data/data/com.example.nutrisaur11/code_cache/.overlay/base.apk/classes4.dex*3967056944:/data/app/~~JksXbJVW0l4mhoF9UyAtJA==/com.example.nutrisaur11-P0dsXS3QfnkuFMgyHbqvRg==/base.apk*894195562]{PCL[/apex/com.android.extservices/javalib/android.ext.adservices.jar*1727077578]})
2025-10-10 04:40:54.392 29255-29255 IS_CTS_MODE             com.example.nutrisaur11              D  false
2025-10-10 04:40:54.392 29255-29255 MULTI_WIND...CH_ENABLED com.example.nutrisaur11              D  false
2025-10-10 04:40:54.394 29255-29255 IS_CTS_MODE             com.example.nutrisaur11              D  false
2025-10-10 04:40:54.394 29255-29255 MULTI_WIND...CH_ENABLED com.example.nutrisaur11              D  false
2025-10-10 04:40:54.394 29255-29255 IS_CTS_MODE             com.example.nutrisaur11              D  false
2025-10-10 04:40:54.394 29255-29255 MULTI_WIND...CH_ENABLED com.example.nutrisaur11              D  false
2025-10-10 04:40:54.400 29255-29255 DecorView[]             com.example.nutrisaur11              D  getWindowModeFromSystem  windowmode is 1
2025-10-10 04:40:54.421 29255-29255 ple.nutrisaur1          com.example.nutrisaur11              I  hiddenapi: Accessing hidden method Landroid/view/ViewGroup;->makeOptionalFitsSystemWindows()V (runtime_flags=0, domain=platform, api=unsupported) from Landroidx/appcompat/widget/ViewUtils; (domain=app) using reflection: allowed
2025-10-10 04:40:54.440 29255-29303 ple.nutrisaur1          com.example.nutrisaur11              I  hiddenapi: Accessing hidden method Ldalvik/system/VMStack;->getStackClass2()Ljava/lang/Class; (runtime_flags=0, domain=core-platform, api=unsupported) from Lm7/aov; (domain=app) using reflection: allowed
2025-10-10 04:40:54.460 29255-29255 SplashActivity          com.example.nutrisaur11              D  SplashActivity started
2025-10-10 04:40:54.484 29255-29300 ple.nutrisaur1          com.example.nutrisaur11              E  No package ID 6a found for ID 0x6a0b000f.
2025-10-10 04:40:54.485 29255-29300 FA                      com.example.nutrisaur11              I  App measurement initialized, version: 139000
2025-10-10 04:40:54.485 29255-29300 FA                      com.example.nutrisaur11              I  To enable debug logging run: adb shell setprop log.tag.FA VERBOSE
2025-10-10 04:40:54.486 29255-29300 FA                      com.example.nutrisaur11              I  To enable faster debug mode event logging run:
                                                                                                      adb shell setprop debug.firebase.analytics.app com.example.nutrisaur11
2025-10-10 04:40:54.490 29255-29255 Looper                  com.example.nutrisaur11              W  PerfMonitor looperActivity : package=com.example.nutrisaur11/.SplashActivity time=0ms latency=457ms running=0ms  procState=-1  historyMsgCount=4 (msgIndex=1 wall=172ms seq=1 running=18ms runnable=3ms io=9ms h=android.app.ActivityThread$H w=162) (msgIndex=3 wall=116ms seq=3 running=97ms runnable=5ms io=13ms swapin=3ms binder=10ms h=android.app.ActivityThread$H w=110) (msgIndex=4 wall=157ms seq=4 running=123ms runnable=8ms io=3ms swapin=6ms binder=22ms h=android.app.ActivityThread$H w=159)
2025-10-10 04:40:54.514 29255-29291 AdrenoGLES-0            com.example.nutrisaur11              I  QUALCOMM build                   : c5f0e23, I9972db7aac
                                                                                                    Build Date                       : 04/28/21
                                                                                                    OpenGL ES Shader Compiler Version: EV031.32.02.10
                                                                                                    Local Branch                     : mybrancheba83f1e-3815-f156-b760-08f1eafda2d8
                                                                                                    Remote Branch                    : quic/gfx-adreno.lnx.1.0.r99-rel
                                                                                                    Remote Branch                    : NONE
                                                                                                    Reconstruct Branch               : NOTHING
2025-10-10 04:40:54.515 29255-29291 AdrenoGLES-0            com.example.nutrisaur11              I  Build Config                     : S P 10.0.7 AArch64
2025-10-10 04:40:54.515 29255-29291 AdrenoGLES-0            com.example.nutrisaur11              I  Driver Path                      : /vendor/lib64/egl/libGLESv2_adreno.so
2025-10-10 04:40:54.521 29255-29291 AdrenoGLES-0            com.example.nutrisaur11              I  PFP: 0x016ee190, ME: 0x00000000
2025-10-10 04:40:54.534 29255-29291 hw-ProcessState         com.example.nutrisaur11              D  Binder ioctl to enable oneway spam detection failed: Invalid argument
2025-10-10 04:40:54.564 29255-29291 ple.nutrisaur1          com.example.nutrisaur11              E  open libmigui.so failed! dlopen - dlopen failed: library "libmigui.so" not found
2025-10-10 04:40:54.597 29255-29255 DecorView[]             com.example.nutrisaur11              D  onWindowFocusChanged hasWindowFocus true
2025-10-10 04:40:54.668 29255-29300 FA                      com.example.nutrisaur11              I  Tag Manager is not found and thus will not be used
2025-10-10 04:40:54.707  3026-3369  ActivityManagerWrapper  com.miui.home                        E  getRecentTasks: taskId=10732   userId=0   baseIntent=Intent { act=android.intent.action.MAIN cat=[android.intent.category.LAUNCHER] flg=0x10000000 cmp=com.example.nutrisaur11/.SplashActivity }
2025-10-10 04:40:55.968 29255-29255 SplashActivity          com.example.nutrisaur11              D  Checking login status - Email: kevinpotatrue@gmail.com, IsLoggedIn: true
2025-10-10 04:40:55.968 29255-29255 SplashActivity          com.example.nutrisaur11              D  User found in preferences, verifying with database: kevinpotatrue@gmail.com
2025-10-10 04:40:55.976 29255-29321 SessionManager          com.example.nutrisaur11              D  Checking user existence in database: kevinpotatrue@gmail.com
2025-10-10 04:40:55.982 29255-29321 CommunityUserManager    com.example.nutrisaur11              D  === GETTING CURRENT USER DATA FROM DATABASE (ASYNC) ===
2025-10-10 04:40:55.982 29255-29321 CommunityUserManager    com.example.nutrisaur11              D  Retrieved cached user data for: kevinpotatrue@gmail.com
2025-10-10 04:40:55.983 29255-29321 CommunityUserManager    com.example.nutrisaur11              D  Returning cached user data
2025-10-10 04:40:55.983 29255-29321 SessionManager          com.example.nutrisaur11              D  Database check completed in 7ms
2025-10-10 04:40:55.983 29255-29321 SessionManager          com.example.nutrisaur11              D  User exists and is valid: kevinpotatrue@gmail.com
2025-10-10 04:40:56.010 29255-29255 SplashActivity          com.example.nutrisaur11              D  User verified in database, going to MainActivity
2025-10-10 04:40:56.053 29255-29255 DecorView[]             com.example.nutrisaur11              D  onWindowFocusChanged hasWindowFocus false
2025-10-10 04:40:56.072 29255-29255 SessionManager          com.example.nutrisaur11              D  User interaction recorded at: 1760042456072
2025-10-10 04:40:56.072 29255-29255 SessionManager          com.example.nutrisaur11              D  === REAL-TIME SESSION VALIDATION ===
2025-10-10 04:40:56.072 29255-29255 SessionManager          com.example.nutrisaur11              D  No recent valid session found, performing real-time database check
2025-10-10 04:40:56.074 29255-29255 SessionManager          com.example.nutrisaur11              D  Checking user existence in database: kevinpotatrue@gmail.com
2025-10-10 04:40:56.074 29255-29255 CommunityUserManager    com.example.nutrisaur11              D  === GETTING CURRENT USER DATA FROM DATABASE (ASYNC) ===
2025-10-10 04:40:56.074 29255-29255 CommunityUserManager    com.example.nutrisaur11              D  Retrieved cached user data for: kevinpotatrue@gmail.com
2025-10-10 04:40:56.075 29255-29255 CommunityUserManager    com.example.nutrisaur11              D  Returning cached user data
2025-10-10 04:40:56.075 29255-29255 SessionManager          com.example.nutrisaur11              D  Database check completed in 1ms
2025-10-10 04:40:56.076 29255-29255 SessionManager          com.example.nutrisaur11              D  User exists and is valid: kevinpotatrue@gmail.com
2025-10-10 04:40:56.076 29255-29255 SessionManager          com.example.nutrisaur11              D  Real-time validation successful
2025-10-10 04:40:56.090 29255-29255 DailyResetManager       com.example.nutrisaur11              D  Same day, no reset needed. Current: 2025-10-10
2025-10-10 04:40:56.132 29255-29255 IS_CTS_MODE             com.example.nutrisaur11              D  false
2025-10-10 04:40:56.132 29255-29255 MULTI_WIND...CH_ENABLED com.example.nutrisaur11              D  false
2025-10-10 04:40:56.134 29255-29255 DecorView[]             com.example.nutrisaur11              D  getWindowModeFromSystem  windowmode is 1
2025-10-10 04:40:56.148 29255-29255 Compatibil...geReporter com.example.nutrisaur11              D  Compat change id reported: 171228096; UID 10350; state: ENABLED
2025-10-10 04:40:56.155  3026-3369  ActivityManagerWrapper  com.miui.home                        E  getRecentTasks: taskId=10733   userId=0   baseIntent=Intent { act=android.intent.action.MAIN cat=[android.intent.category.LAUNCHER] flg=0x10000000 cmp=com.example.nutrisaur11/.SplashActivity }
2025-10-10 04:40:56.203 29255-29255 CommunityUserManager    com.example.nutrisaur11              D  === GETTING CURRENT USER DATA FROM DATABASE (NON-BLOCKING) ===
2025-10-10 04:40:56.203 29255-29255 CommunityUserManager    com.example.nutrisaur11              D  Retrieved cached user data for: kevinpotatrue@gmail.com
2025-10-10 04:40:56.203 29255-29255 CommunityUserManager    com.example.nutrisaur11              D  Returning cached user data to prevent ANR
2025-10-10 04:40:56.212 29255-29255 MainActivity            com.example.nutrisaur11              D  Fetched barangay from database for kevinpotatrue@gmail.com: 
2025-10-10 04:40:56.212 29255-29255 MainActivity            com.example.nutrisaur11              D  User has no barangay data, FCM initialization delayed until screening completion
2025-10-10 04:40:56.213 29255-29255 MainActivity            com.example.nutrisaur11              D  Data update receiver registered
2025-10-10 04:40:56.218 29255-29255 CalorieTracker          com.example.nutrisaur11              D  Cleared all calorie data for the day
2025-10-10 04:40:56.223 29255-29255 SessionManager          com.example.nutrisaur11              D  User interaction recorded at: 1760042456223
2025-10-10 04:40:56.223 29255-29255 SessionManager          com.example.nutrisaur11              D  === REAL-TIME SESSION VALIDATION ===
2025-10-10 04:40:56.223 29255-29255 SessionManager          com.example.nutrisaur11              D  Using cached valid session
2025-10-10 04:40:56.223 29255-29255 CommunityUserManager    com.example.nutrisaur11              D  === CHECKING ARCHIVE STATUS ===
2025-10-10 04:40:56.223 29255-29255 CommunityUserManager    com.example.nutrisaur11              D  === FORCE REFRESHING USER DATA FROM DATABASE ===
2025-10-10 04:40:56.223 29255-29255 CommunityUserManager    com.example.nutrisaur11              D  Force refreshing data for: kevinpotatrue@gmail.com
2025-10-10 04:40:56.224 29255-29255 CommunityUserManager    com.example.nutrisaur11              D  === CHECKING USER EXISTENCE ===
2025-10-10 04:40:56.224 29255-29255 CommunityUserManager    com.example.nutrisaur11              D  === FORCE REFRESHING USER DATA FROM DATABASE ===
2025-10-10 04:40:56.225 29255-29255 CommunityUserManager    com.example.nutrisaur11              D  Force refreshing data for: kevinpotatrue@gmail.com
2025-10-10 04:40:56.225 29255-29255 CommunityUserManager    com.example.nutrisaur11              D  === CHECKING ARCHIVE STATUS ===
2025-10-10 04:40:56.225 29255-29255 CommunityUserManager    com.example.nutrisaur11              D  === FORCE REFRESHING USER DATA FROM DATABASE ===
2025-10-10 04:40:56.225 29255-29255 CommunityUserManager    com.example.nutrisaur11              D  Force refreshing data for: kevinpotatrue@gmail.com
2025-10-10 04:40:56.225 29255-29255 MainActivity            com.example.nutrisaur11              D  Checking for new events for user: kevinpotatrue@gmail.com
2025-10-10 04:40:56.226 29255-29332 CommunityUserManager    com.example.nutrisaur11              D  Making API request to: https://nutrisaur-production.up.railway.app/api/DatabaseAPI.php?action=get_community_user_data
2025-10-10 04:40:56.227 29255-29332 CommunityUserManager    com.example.nutrisaur11              D  Request data: {"email":"kevinpotatrue@gmail.com"}
2025-10-10 04:40:56.228 29255-29331 CommunityUserManager    com.example.nutrisaur11              D  Making API request to: https://nutrisaur-production.up.railway.app/api/DatabaseAPI.php?action=get_community_user_data
2025-10-10 04:40:56.228 29255-29331 CommunityUserManager    com.example.nutrisaur11              D  Request data: {"email":"kevinpotatrue@gmail.com"}
2025-10-10 04:40:56.228 29255-29330 CommunityUserManager    com.example.nutrisaur11              D  Making API request to: https://nutrisaur-production.up.railway.app/api/DatabaseAPI.php?action=get_community_user_data
2025-10-10 04:40:56.229 29255-29330 CommunityUserManager    com.example.nutrisaur11              D  Request data: {"email":"kevinpotatrue@gmail.com"}
2025-10-10 04:40:56.347 29255-29255 DecorView[]             com.example.nutrisaur11              D  onWindowFocusChanged hasWindowFocus true
2025-10-10 04:40:56.687 29255-29330 CommunityUserManager    com.example.nutrisaur11              D  API response code: 200
2025-10-10 04:40:56.687 29255-29330 CommunityUserManager    com.example.nutrisaur11              D  API response message: 
2025-10-10 04:40:56.689 29255-29330 CommunityUserManager    com.example.nutrisaur11              D  API response for get_community_user_data: {"success":true,"message":"User data retrieved successfully","user":{"name":"Joshua Hernandez","email":"kevinpotatrue@gmail.com","municipality":"LIMAY","barangay":"Kitang I","sex":"Male","birthday":"2005-10-20","is_pregnant":"N\/A","weight":"65","height":"170","screening_date":"2025-10-09 01:05:59","fcm_token":"dDgJr74pRHukYxdkYiGyAE:APA91bEXmlVPtccDWnjjYa2YbuS2uFPXcHj6yNSAzCTLm-xrau3IpK1fGfdxayfKacMk1tWt1hyqMsurnJSjzh5ghb-Mcg_6VoJMNVl40Zz-rcOX_QwSJuo","is_flagged":0,"bmi-for-age":"","weight-for-height":"","weight-for-age":"","weight-for-length":"","height-for-age":""}}
2025-10-10 04:40:56.690 29255-29330 CommunityUserManager    com.example.nutrisaur11              D  Cached user data for: kevinpotatrue@gmail.com
2025-10-10 04:40:56.691 29255-29330 CommunityUserManager    com.example.nutrisaur11              D  Fresh user data retrieved successfully: {birthday=2005-10-20, is_pregnant=N/A, muac_category=, notes=, weight_kg=65, nutritional_risk=, height_cm=170, sex=Male, municipality=LIMAY, muac_cm=, screening_date=2025-10-09 01:05:59, bmi_category=, name=Joshua Hernandez, barangay=Kitang I, email=kevinpotatrue@gmail.com, age=, bmi=, status=1}
2025-10-10 04:40:56.691 29255-29330 CommunityUserManager    com.example.nutrisaur11              D  User status: 1
2025-10-10 04:40:56.691 29255-29330 CommunityUserManager    com.example.nutrisaur11              D  User is active (status = 1)
2025-10-10 04:40:56.694 29255-29331 CommunityUserManager    com.example.nutrisaur11              D  API response code: 200
2025-10-10 04:40:56.694 29255-29331 CommunityUserManager    com.example.nutrisaur11              D  API response message: 
2025-10-10 04:40:56.696 29255-29331 CommunityUserManager    com.example.nutrisaur11              D  API response for get_community_user_data: {"success":true,"message":"User data retrieved successfully","user":{"name":"Joshua Hernandez","email":"kevinpotatrue@gmail.com","municipality":"LIMAY","barangay":"Kitang I","sex":"Male","birthday":"2005-10-20","is_pregnant":"N\/A","weight":"65","height":"170","screening_date":"2025-10-09 01:05:59","fcm_token":"dDgJr74pRHukYxdkYiGyAE:APA91bEXmlVPtccDWnjjYa2YbuS2uFPXcHj6yNSAzCTLm-xrau3IpK1fGfdxayfKacMk1tWt1hyqMsurnJSjzh5ghb-Mcg_6VoJMNVl40Zz-rcOX_QwSJuo","is_flagged":0,"bmi-for-age":"","weight-for-height":"","weight-for-age":"","weight-for-length":"","height-for-age":""}}
2025-10-10 04:40:56.696 29255-29331 CommunityUserManager    com.example.nutrisaur11              D  Cached user data for: kevinpotatrue@gmail.com
2025-10-10 04:40:56.696 29255-29331 CommunityUserManager    com.example.nutrisaur11              D  Fresh user data retrieved successfully: {birthday=2005-10-20, is_pregnant=N/A, muac_category=, notes=, weight_kg=65, nutritional_risk=, height_cm=170, sex=Male, municipality=LIMAY, muac_cm=, screening_date=2025-10-09 01:05:59, bmi_category=, name=Joshua Hernandez, barangay=Kitang I, email=kevinpotatrue@gmail.com, age=, bmi=, status=1}
2025-10-10 04:40:56.696 29255-29331 CommunityUserManager    com.example.nutrisaur11              D  User exists and has valid data
2025-10-10 04:40:56.744 29255-29333 MainActivity            com.example.nutrisaur11              D  Events API response code: 200
2025-10-10 04:40:56.751 29255-29333 MainActivity            com.example.nutrisaur11              D  Events API response: {"success":true,"events":[{"id":4,"title":"bhvehjfve","type":"Event","description":"sfs","date_time":"2024-02-09 10:01:00","location":"Binukawan","organizer":"kevin112","created_at":1760042456},{"id":5,"title":"bhbhbhgh h","type":"Event","description":"uhbbbh","date_time":"2025-10-09 21:06:00","location":"Kitang I","organizer":"nerayushi","created_at":1760042456},{"id":6,"title":"dadad","type":"Event","description":"dadadada","date_time":"2025-10-09 21:22:00","location":"Kitang I","organizer":"nerayushi","created_at":1760042456},{"id":7,"title":"Community Nutrition Maintenance Program","type":"Event","description":"bjhbhjh","date_time":"2025-10-09 21:24:00","location":"Kitang I","organizer":"nerayushi","created_at":1760042456},{"id":8,"title":"Nutrition Education Program","type":"Event","description":"njbhbhj","date_time":"2025-10-09 21:24:00","location":"Kitang I","organizer":"nerayushi","created_at":1760042456},{"id":9,"title":"hjbh h h ","type":"Event","description":"rwrwr","date_time":"2025-10-09 21:25:00","location":"Lamao","organizer":"nerayushi","created_at":1760042456},{"id":10,"title":"vghvhg","type":"Event","description":"vhgvgh","date_time":"2025-10-10 04:02:00","location":"Kitang I","organizer":"nerayushi","created_at":1760042456},{"id":11,"title":"kkkkk","type":"Event","description":"vchcgfc","date_time":"2025-10-10 04:04:00","location":"Kitang I","organizer":"nerayushi","created_at":1760042456},{"id":12,"title":"dada","type":"Event","description":"dadadad","date_time":"2025-10-10 04:04:00","location":"Kitang I","organizer":"nerayushi","created_at":1760042456},{"id":1,"title":"Nutrition Workshop","type":"Event","description":"Free nutrition screening and health consultation","date_time":"2025-10-16 09:49:00","location":"CITY OF BALANGA","organizer":"Dr. Maria Santos","created_at":1760042456},{"id":2,"title":"Health Seminar","type":"Event","description":"Community health education and awareness (all barangays)","date_time":"2025-10-23 09:49:00","location":"ABUCAY","organizer":"Dr. Juan Cruz","created_at":1760042456},{"id":3,"title":"Medical Mission","type":"Event","description":"Free medical checkup and consultation","date_time":"2025-10-30 09:49:00","location":"LIMAY","organizer":"Dr. Ana Reyes","created_at":1760042456}]}
2025-10-10 04:40:56.752 29255-29333 MainActivity            com.example.nutrisaur11              D  Found 12 events
2025-10-10 04:40:56.752 29255-29333 MainActivity            com.example.nutrisaur11              D  New event detected: bhvehjfve
2025-10-10 04:40:56.752 29255-29333 MainActivity            com.example.nutrisaur11              D  New event detected: bhbhbhgh h
2025-10-10 04:40:56.753 29255-29333 MainActivity            com.example.nutrisaur11              D  New event detected: dadad
2025-10-10 04:40:56.753 29255-29333 MainActivity            com.example.nutrisaur11              D  New event detected: Community Nutrition Maintenance Program
2025-10-10 04:40:56.753 29255-29333 MainActivity            com.example.nutrisaur11              D  New event detected: Nutrition Education Program
2025-10-10 04:40:56.753 29255-29333 MainActivity            com.example.nutrisaur11              D  New event detected: hjbh h h 
2025-10-10 04:40:56.753 29255-29333 MainActivity            com.example.nutrisaur11              D  New event detected: vghvhg
2025-10-10 04:40:56.753 29255-29333 MainActivity            com.example.nutrisaur11              D  New event detected: kkkkk
2025-10-10 04:40:56.753 29255-29333 MainActivity            com.example.nutrisaur11              D  New event detected: dada
2025-10-10 04:40:56.753 29255-29333 MainActivity            com.example.nutrisaur11              D  New event detected: Nutrition Workshop
2025-10-10 04:40:56.753 29255-29333 MainActivity            com.example.nutrisaur11              D  New event detected: Health Seminar
2025-10-10 04:40:56.753 29255-29333 MainActivity            com.example.nutrisaur11              D  New event detected: Medical Mission
2025-10-10 04:40:56.753 29255-29333 MainActivity            com.example.nutrisaur11              D  Found 12 new events, refreshing dashboard
2025-10-10 04:40:56.926 29255-29332 CommunityUserManager    com.example.nutrisaur11              D  API response code: 200
2025-10-10 04:40:56.926 29255-29332 CommunityUserManager    com.example.nutrisaur11              D  API response message: 
2025-10-10 04:40:56.928 29255-29332 CommunityUserManager    com.example.nutrisaur11              D  API response for get_community_user_data: {"success":true,"message":"User data retrieved successfully","user":{"name":"Joshua Hernandez","email":"kevinpotatrue@gmail.com","municipality":"LIMAY","barangay":"Kitang I","sex":"Male","birthday":"2005-10-20","is_pregnant":"N\/A","weight":"65","height":"170","screening_date":"2025-10-09 01:05:59","fcm_token":"dDgJr74pRHukYxdkYiGyAE:APA91bEXmlVPtccDWnjjYa2YbuS2uFPXcHj6yNSAzCTLm-xrau3IpK1fGfdxayfKacMk1tWt1hyqMsurnJSjzh5ghb-Mcg_6VoJMNVl40Zz-rcOX_QwSJuo","is_flagged":0,"bmi-for-age":"","weight-for-height":"","weight-for-age":"","weight-for-length":"","height-for-age":""}}
2025-10-10 04:40:56.929 29255-29332 CommunityUserManager    com.example.nutrisaur11              D  Cached user data for: kevinpotatrue@gmail.com
2025-10-10 04:40:56.929 29255-29332 CommunityUserManager    com.example.nutrisaur11              D  Fresh user data retrieved successfully: {birthday=2005-10-20, is_pregnant=N/A, muac_category=, notes=, weight_kg=65, nutritional_risk=, height_cm=170, sex=Male, municipality=LIMAY, muac_cm=, screening_date=2025-10-09 01:05:59, bmi_category=, name=Joshua Hernandez, barangay=Kitang I, email=kevinpotatrue@gmail.com, age=, bmi=, status=1}
2025-10-10 04:40:56.929 29255-29332 CommunityUserManager    com.example.nutrisaur11              D  User status: 1
2025-10-10 04:40:56.929 29255-29332 CommunityUserManager    com.example.nutrisaur11              D  User is active (status = 1)
2025-10-10 04:40:57.063 29255-29272 OpenGLRenderer          com.example.nutrisaur11              I  Davey! duration=9223369639673ms; Flags=0, FrameTimelineVsyncId=36727, IntendedVsync=2397181017851, Vsync=2397181017851, InputEventId=0, HandleInputStart=2397181325958, AnimationStart=2397181327521, PerformTraversalsStart=2397181328510, DrawStart=2397222148562, FrameDeadline=2397197684517, FrameInterval=2397181316010, FrameStartTime=16666666, SyncQueued=2397229828041, SyncStart=2397229880229, IssueDrawCommandsStart=2397229998510, SwapBuffers=2397236036271, FrameCompleted=9223372036854775807, DequeueBufferDuration=14427, QueueBufferDuration=842708, GpuCompleted=9223372036854775807, SwapBuffersCompleted=2397237288562, DisplayPresentTime=0, 
2025-10-10 04:40:58.975 29255-29255 SessionManager          com.example.nutrisaur11              D  === PERIODIC SESSION VALIDATION ===
2025-10-10 04:40:58.975 29255-29255 SessionManager          com.example.nutrisaur11              D  Using cached session validation result: true
2025-10-10 04:40:58.976 29255-29255 SessionManager          com.example.nutrisaur11              D  Checking user existence in database: kevinpotatrue@gmail.com
2025-10-10 04:40:58.976 29255-29255 CommunityUserManager    com.example.nutrisaur11              D  === GETTING CURRENT USER DATA FROM DATABASE (ASYNC) ===
2025-10-10 04:40:58.976 29255-29255 CommunityUserManager    com.example.nutrisaur11              D  Retrieved cached user data for: kevinpotatrue@gmail.com
2025-10-10 04:40:58.976 29255-29255 CommunityUserManager    com.example.nutrisaur11              D  Returning cached user data
2025-10-10 04:40:58.976 29255-29255 SessionManager          com.example.nutrisaur11              D  Database check completed in 0ms
2025-10-10 04:40:58.976 29255-29255 SessionManager          com.example.nutrisaur11              D  User exists and is valid: kevinpotatrue@gmail.com
2025-10-10 04:41:00.252 29255-29364 ProfileInstaller        com.example.nutrisaur11              D  Installing profile for com.example.nutrisaur11
2025-10-10 04:41:01.979 29255-29255 SessionManager          com.example.nutrisaur11              D  === PERIODIC SESSION VALIDATION ===
2025-10-10 04:41:01.980 29255-29255 SessionManager          com.example.nutrisaur11              D  User is active, validating with database
2025-10-10 04:41:01.980 29255-29255 SessionManager          com.example.nutrisaur11              D  Checking user existence in database: kevinpotatrue@gmail.com
2025-10-10 04:41:01.980 29255-29255 CommunityUserManager    com.example.nutrisaur11              D  === GETTING CURRENT USER DATA FROM DATABASE (ASYNC) ===
2025-10-10 04:41:01.982 29255-29255 CommunityUserManager    com.example.nutrisaur11              D  Retrieved cached user data for: kevinpotatrue@gmail.com
2025-10-10 04:41:01.982 29255-29255 CommunityUserManager    com.example.nutrisaur11              D  Returning cached user data
2025-10-10 04:41:01.982 29255-29255 SessionManager          com.example.nutrisaur11              D  Database check completed in 2ms
2025-10-10 04:41:01.982 29255-29255 SessionManager          com.example.nutrisaur11              D  User exists and is valid: kevinpotatrue@gmail.com
2025-10-10 04:41:01.994 29255-29255 SessionManager          com.example.nutrisaur11              D  Checking user existence in database: kevinpotatrue@gmail.com
2025-10-10 04:41:01.994 29255-29255 CommunityUserManager    com.example.nutrisaur11              D  === GETTING CURRENT USER DATA FROM DATABASE (ASYNC) ===
2025-10-10 04:41:01.995 29255-29255 CommunityUserManager    com.example.nutrisaur11              D  Retrieved cached user data for: kevinpotatrue@gmail.com
2025-10-10 04:41:01.995 29255-29255 CommunityUserManager    com.example.nutrisaur11              D  Returning cached user data
2025-10-10 04:41:01.996 29255-29255 SessionManager          com.example.nutrisaur11              D  Database check completed in 2ms
2025-10-10 04:41:01.996 29255-29255 SessionManager          com.example.nutrisaur11              D  User exists and is valid: kevinpotatrue@gmail.com
2025-10-10 04:41:02.774 29255-29255 SessionManager          com.example.nutrisaur11              D  User interaction recorded at: 1760042462774
2025-10-10 04:41:02.859 29255-29255 SessionManager          com.example.nutrisaur11              D  User interaction recorded at: 1760042462859
2025-10-10 04:41:02.860 29255-29255 SessionManager          com.example.nutrisaur11              D  Using cached session validation result: true
2025-10-10 04:41:02.907 29255-29255 SessionManager          com.example.nutrisaur11              D  User interaction recorded at: 1760042462907
2025-10-10 04:41:02.908 29255-29255 SessionManager          com.example.nutrisaur11              D  User marked as idle
2025-10-10 04:41:02.933 29255-29255 SessionManager          com.example.nutrisaur11              D  User interaction recorded at: 1760042462933
2025-10-10 04:41:02.933 29255-29255 SessionManager          com.example.nutrisaur11              D  === REAL-TIME SESSION VALIDATION ===
2025-10-10 04:41:02.933 29255-29255 SessionManager          com.example.nutrisaur11              D  Using cached valid session
2025-10-10 04:41:02.934 29255-29255 IS_CTS_MODE             com.example.nutrisaur11              D  false
2025-10-10 04:41:02.934 29255-29255 MULTI_WIND...CH_ENABLED com.example.nutrisaur11              D  false
2025-10-10 04:41:02.935 29255-29255 DecorView[]             com.example.nutrisaur11              D  getWindowModeFromSystem  windowmode is 1
2025-10-10 04:41:03.023  3026-3369  ActivityManagerWrapper  com.miui.home                        E  getRecentTasks: taskId=10733   userId=0   baseIntent=Intent { act=android.intent.action.MAIN cat=[android.intent.category.LAUNCHER] flg=0x10000000 cmp=com.example.nutrisaur11/.SplashActivity }
2025-10-10 04:41:03.078 29255-29255 FoodActivity            com.example.nutrisaur11              D  FoodActivity onCreate started
2025-10-10 04:41:03.078 29255-29255 DailyResetManager       com.example.nutrisaur11              D  Same day, no reset needed. Current: 2025-10-10
2025-10-10 04:41:03.084 29255-29255 FoodHistorySyncManager  com.example.nutrisaur11              D  === CHECKING MIGRATION STATUS ===
2025-10-10 04:41:03.084 29255-29255 FoodHistorySyncManager  com.example.nutrisaur11              D  Starting one-time migration of existing food data...
2025-10-10 04:41:03.084 29255-29255 FoodHistorySyncManager  com.example.nutrisaur11              D  No existing food data found, marking migration as complete
2025-10-10 04:41:03.085 29255-29255 FoodActivity            com.example.nutrisaur11              D  Date navigation initialized with date: 2025-10-10
2025-10-10 04:41:03.086 29255-29255 FoodActivity            com.example.nutrisaur11              D  Date display updated to: 2025-10-10
2025-10-10 04:41:03.086 29255-29255 FoodActivity            com.example.nutrisaur11              D  Nutrition views initialized
2025-10-10 04:41:03.086 29255-29255 FoodActivity            com.example.nutrisaur11              D  Views initialized
2025-10-10 04:41:03.087 29255-29255 FoodActivity            com.example.nutrisaur11              D  Data update receiver registered
2025-10-10 04:41:03.088 29255-29255 FoodActivity            com.example.nutrisaur11              D  Fetching user screening data from community_users table...
2025-10-10 04:41:03.088 29255-29255 FoodHistorySyncManager  com.example.nutrisaur11              D  === CHECKING MIGRATION STATUS ===
2025-10-10 04:41:03.088 29255-29255 FoodHistorySyncManager  com.example.nutrisaur11              D  Migration already completed, skipping
2025-10-10 04:41:03.088 29255-29370 CommunityUserManager    com.example.nutrisaur11              D  === GETTING CURRENT USER DATA FROM DATABASE (NON-BLOCKING) ===
2025-10-10 04:41:03.089 29255-29370 CommunityUserManager    com.example.nutrisaur11              D  Retrieved cached user data for: kevinpotatrue@gmail.com
2025-10-10 04:41:03.089 29255-29370 CommunityUserManager    com.example.nutrisaur11              D  Returning cached user data to prevent ANR
2025-10-10 04:41:03.089 29255-29370 FoodActivity            com.example.nutrisaur11              D  User screening data fetched from community_users table
