2025-10-14 03:11:57.882 14165-14165 CalorieTracker          com.example.nutrisaur11              D  Syncing with 4 added foods
2025-10-14 03:11:57.883 14165-14165 CalorieTracker          com.example.nutrisaur11              D  Cleared SharedPreferences user profile cache to force fresh database data
2025-10-14 03:11:57.884 14165-14165 CalorieTracker          com.example.nutrisaur11              W  No user profile found in SharedPreferences - will use database data
2025-10-14 03:11:57.884 14165-14165 CalorieTracker          com.example.nutrisaur11              D  Using user profile from SharedPreferences
2025-10-14 03:11:57.884 14165-14165 CalorieTracker          com.example.nutrisaur11              W  No user profile found, using default meal distribution
2025-10-14 03:11:57.884 14165-14165 CalorieTracker          com.example.nutrisaur11              D  Calculated meal distribution: {Breakfast=500, Dinner=600, Snacks=200, Lunch=700}
2025-10-14 03:11:57.884 14165-14165 CalorieTracker          com.example.nutrisaur11              D  Created Breakfast meal with 500 max calories
2025-10-14 03:11:57.884 14165-14165 CalorieTracker          com.example.nutrisaur11              D  Added Champorado (450 cal) to Breakfast
2025-10-14 03:11:57.884 14165-14165 CalorieTracker          com.example.nutrisaur11              D  Added Tapsilog (600 cal) to Breakfast
2025-10-14 03:11:57.884 14165-14165 CalorieTracker          com.example.nutrisaur11              D  Added Longsilog (550 cal) to Breakfast
2025-10-14 03:11:57.884 14165-14165 CalorieTracker          com.example.nutrisaur11              D  Added Pandesal with Cheese and Eggs (400 cal) to Breakfast
2025-10-14 03:11:57.889 14165-14165 CalorieTracker          com.example.nutrisaur11              D  Synced CalorieTracker with AddedFoodManager. Total meals: 1
2025-10-14 03:11:57.889 14165-14165 CalorieTracker          com.example.nutrisaur11              D  Meal Breakfast: 2000/500 kcal
2025-10-14 03:11:57.891 14165-14165 FoodActivity            com.example.nutrisaur11              D  FoodActivity Available database fields: [birthday, is_pregnant, muac_category, notes, weight_kg, nutritional_risk, height_cm, sex, municipality, muac_cm, screening_date, bmi_category, name, barangay, email, age, bmi, status]
2025-10-14 03:11:57.892 14165-14165 FoodActivity            com.example.nutrisaur11              D  Calculated age from birthday '2005-10-10': 20
2025-10-14 03:11:57.892 14165-14165 FoodActivity            com.example.nutrisaur11              D  FoodActivity Weight field lookup - weight_kg: '50', weight: 'null', final: '50'
2025-10-14 03:11:57.892 14165-14165 FoodActivity            com.example.nutrisaur11              D  FoodActivity: Set weight from database: 50
2025-10-14 03:11:57.892 14165-14165 FoodActivity            com.example.nutrisaur11              D  FoodActivity Height field lookup - height_cm: '171', height: 'null', final: '171'
2025-10-14 03:11:57.892 14165-14165 FoodActivity            com.example.nutrisaur11              D  FoodActivity: Set height from database: 171
2025-10-14 03:11:57.892 14165-14165 FoodActivity            com.example.nutrisaur11              D  Created user profile from database data: Pingol , Kevin C. (Age: 20, Weight: 50.0, Height: 171.0, Gender: Male, Activity: Moderate)
2025-10-14 03:11:57.892 14165-14165 CalorieCal...ionService com.example.nutrisaur11              D  Calculated BMR: 1473.75 for Pingol , Kevin C.
2025-10-14 03:11:57.892 14165-14165 CalorieCal...ionService com.example.nutrisaur11              D  Calculated TDEE: 2284.3125 (BMR: 1473.75 × Activity: 1.55)
2025-10-14 03:11:57.892 14165-14165 CalorieCal...ionService com.example.nutrisaur11              D  Calculated daily calorie target: 2784 (TDEE: 2284.3125 + Adjustment: 500.0)
2025-10-14 03:11:57.892 14165-14165 FoodActivity            com.example.nutrisaur11              D  updateCalorieData - Calculated daily calorie target: 2784
2025-10-14 03:11:57.892 14165-14165 CalorieGoalManager      com.example.nutrisaur11              D  Calorie Goal Status: UNDER_GOAL
2025-10-14 03:11:57.892 14165-14165 CalorieGoalManager      com.example.nutrisaur11              D  Daily Goal: 2784
2025-10-14 03:11:57.892 14165-14165 CalorieGoalManager      com.example.nutrisaur11              D  Consumed: 2000
2025-10-14 03:11:57.892 14165-14165 CalorieGoalManager      com.example.nutrisaur11              D  Left: 784
2025-10-14 03:11:57.892 14165-14165 CalorieGoalManager      com.example.nutrisaur11              D  Over: 0
2025-10-14 03:11:57.892 14165-14165 CalorieGoalManager      com.example.nutrisaur11              D  Percentage: 71.8%
2025-10-14 03:11:57.892 14165-14165 FoodActivity            com.example.nutrisaur11              D  Normal calorie progress: 784 calories left
2025-10-14 03:11:57.893 14165-14165 FoodActivity            com.example.nutrisaur11              D  Under goal display: 784 calories left
2025-10-14 03:11:57.893 14165-14165 FoodActivity            com.example.nutrisaur11              D  Could not set color on CuteCircularProgressView: com.example.nutrisaur11.CuteCircularProgressView.setTextColor [int]
2025-10-14 03:11:57.894 14165-14165 FoodActivity            com.example.nutrisaur11              D  Visual feedback - Status: UNDER_GOAL, Color: #4CAF50, Progress: 71.83908%
2025-10-14 03:11:57.894 14165-14165 FoodActivity            com.example.nutrisaur11              D  === CALORIE UPDATE ===
2025-10-14 03:11:57.894 14165-14165 FoodActivity            com.example.nutrisaur11              D  Total Daily Calories: 2784
2025-10-14 03:11:57.894 14165-14165 FoodActivity            com.example.nutrisaur11              D  Total Eaten Calories: 2000
2025-10-14 03:11:57.894 14165-14165 FoodActivity            com.example.nutrisaur11              D  Calories Left: 784
2025-10-14 03:11:57.894 14165-14165 FoodActivity            com.example.nutrisaur11              D  Calories Burned: 0
2025-10-14 03:11:57.894 14165-14165 CalorieGoalManager      com.example.nutrisaur11              D  Calorie Goal Status: UNDER_GOAL
2025-10-14 03:11:57.894 14165-14165 CalorieGoalManager      com.example.nutrisaur11              D  Daily Goal: 2784
2025-10-14 03:11:57.894 14165-14165 CalorieGoalManager      com.example.nutrisaur11              D  Consumed: 2000
2025-10-14 03:11:57.894 14165-14165 CalorieGoalManager      com.example.nutrisaur11              D  Left: 784
2025-10-14 03:11:57.894 14165-14165 CalorieGoalManager      com.example.nutrisaur11              D  Over: 0
2025-10-14 03:11:57.894 14165-14165 CalorieGoalManager      com.example.nutrisaur11              D  Percentage: 71.8%
2025-10-14 03:11:57.894 14165-14165 FoodActivity            com.example.nutrisaur11              D  Normal calorie progress: 784 calories left
2025-10-14 03:11:57.894 14165-14165 FoodActivity            com.example.nutrisaur11              D  Under goal display: 784 calories left
2025-10-14 03:11:57.895 14165-14165 FoodActivity            com.example.nutrisaur11              D  Could not set color on CuteCircularProgressView: com.example.nutrisaur11.CuteCircularProgressView.setTextColor [int]
2025-10-14 03:11:57.895 14165-14165 FoodActivity            com.example.nutrisaur11              D  Visual feedback - Status: UNDER_GOAL, Color: #4CAF50, Progress: 71.83908%
2025-10-14 03:11:57.895 14165-14165 FoodActivity            com.example.nutrisaur11              D  Updating meal progress texts with direct AddedFoodManager data
2025-10-14 03:11:57.901 14165-14165 FoodActivity            com.example.nutrisaur11              D  FoodActivity Available database fields: [birthday, is_pregnant, muac_category, notes, weight_kg, nutritional_risk, height_cm, sex, municipality, muac_cm, screening_date, bmi_category, name, barangay, email, age, bmi, status]
2025-10-14 03:11:57.902 14165-14165 FoodActivity            com.example.nutrisaur11              D  Calculated age from birthday '2005-10-10': 20
2025-10-14 03:11:57.902 14165-14165 FoodActivity            com.example.nutrisaur11              D  FoodActivity Weight field lookup - weight_kg: '50', weight: 'null', final: '50'
2025-10-14 03:11:57.902 14165-14165 FoodActivity            com.example.nutrisaur11              D  FoodActivity: Set weight from database: 50
2025-10-14 03:11:57.902 14165-14165 FoodActivity            com.example.nutrisaur11              D  FoodActivity Height field lookup - height_cm: '171', height: 'null', final: '171'
2025-10-14 03:11:57.902 14165-14165 FoodActivity            com.example.nutrisaur11              D  FoodActivity: Set height from database: 171
2025-10-14 03:11:57.902 14165-14165 FoodActivity            com.example.nutrisaur11              D  Created user profile from database data: Pingol , Kevin C. (Age: 20, Weight: 50.0, Height: 171.0, Gender: Male, Activity: Moderate)
2025-10-14 03:11:57.902 14165-14165 KcalSuggestionCache     com.example.nutrisaur11              D  User profile changed, cache invalid
2025-10-14 03:11:57.902 14165-14165 FoodActivity            com.example.nutrisaur11              D  No valid AI cache found, using fallback calculation...
2025-10-14 03:11:57.902 14165-14165 CalorieCal...ionService com.example.nutrisaur11              D  Calculated BMR: 1473.75 for Pingol , Kevin C.
2025-10-14 03:11:57.902 14165-14165 CalorieCal...ionService com.example.nutrisaur11              D  Calculated TDEE: 2284.3125 (BMR: 1473.75 × Activity: 1.55)
2025-10-14 03:11:57.902 14165-14165 CalorieCal...ionService com.example.nutrisaur11              D  Calculated daily calorie target: 2784 (TDEE: 2284.3125 + Adjustment: 500.0)
2025-10-14 03:11:57.902 14165-14165 FoodActivity            com.example.nutrisaur11              D  Using fallback calculation (AI will update cache): 2784
2025-10-14 03:11:57.902 14165-14165 FoodActivity            com.example.nutrisaur11              D  AI calculation already in progress, skipping...
2025-10-14 03:11:57.903 14165-14165 FoodActivity            com.example.nutrisaur11              D  Using AI-calculated total daily calories: 2784
2025-10-14 03:11:57.903 14165-14165 FoodActivity            com.example.nutrisaur11              D  FoodActivity Available database fields: [birthday, is_pregnant, muac_category, notes, weight_kg, nutritional_risk, height_cm, sex, municipality, muac_cm, screening_date, bmi_category, name, barangay, email, age, bmi, status]
2025-10-14 03:11:57.903 14165-14165 FoodActivity            com.example.nutrisaur11              D  Calculated age from birthday '2005-10-10': 20
2025-10-14 03:11:57.903 14165-14165 FoodActivity            com.example.nutrisaur11              D  FoodActivity Weight field lookup - weight_kg: '50', weight: 'null', final: '50'
2025-10-14 03:11:57.903 14165-14165 FoodActivity            com.example.nutrisaur11              D  FoodActivity: Set weight from database: 50
2025-10-14 03:11:57.903 14165-14165 FoodActivity            com.example.nutrisaur11              D  FoodActivity Height field lookup - height_cm: '171', height: 'null', final: '171'
2025-10-14 03:11:57.903 14165-14165 FoodActivity            com.example.nutrisaur11              D  FoodActivity: Set height from database: 171
2025-10-14 03:11:57.903 14165-14165 FoodActivity            com.example.nutrisaur11              D  Created user profile from database data: Pingol , Kevin C. (Age: 20, Weight: 50.0, Height: 171.0, Gender: Male, Activity: Moderate)
2025-10-14 03:11:57.903 14165-14165 CalorieCal...ionService com.example.nutrisaur11              D  Calculated meal distribution: Breakfast=696, Lunch=974, Dinner=835, Snacks=278
2025-10-14 03:11:57.903 14165-14165 FoodActivity            com.example.nutrisaur11              D  Calculated meal distribution: Breakfast=696, Lunch=974, Dinner=835, Snacks=278
2025-10-14 03:11:57.904 14165-14165 FoodActivity            com.example.nutrisaur11              D  Direct update Breakfast: 2000 / 696 kcal (from 4 foods)
2025-10-14 03:11:57.904 14165-14165 FoodActivity            com.example.nutrisaur11              D  Set breakfast progress text to: 2000 / 696 kcal
2025-10-14 03:11:57.904 14165-14165 FoodActivity            com.example.nutrisaur11              D  Direct update Lunch: 0 / 974 kcal (from 0 foods)
2025-10-14 03:11:57.904 14165-14165 FoodActivity            com.example.nutrisaur11              D  Set lunch progress text to: 0 / 974 kcal
2025-10-14 03:11:57.905 14165-14165 FoodActivity            com.example.nutrisaur11              D  Direct update Dinner: 0 / 835 kcal (from 0 foods)
2025-10-14 03:11:57.905 14165-14165 FoodActivity            com.example.nutrisaur11              D  Set dinner progress text to: 0 / 835 kcal
2025-10-14 03:11:57.905 14165-14165 FoodActivity            com.example.nutrisaur11              D  Direct update Snacks: 0 / 278 kcal (from 0 foods)
2025-10-14 03:11:57.905 14165-14165 FoodActivity            com.example.nutrisaur11              D  Set snacks progress text to: 0 / 278 kcal
2025-10-14 03:11:57.905 14165-14165 FoodActivity            com.example.nutrisaur11              D  Calorie data updated and saved to SharedPreferences
2025-10-14 03:11:57.911 14165-14165 FoodActivity            com.example.nutrisaur11              D  Macronutrients remaining - Protein: 27/110, Carbs: 177/377, Fat: 0/92
2025-10-14 03:11:57.911 14165-14165 FoodActivity            com.example.nutrisaur11              D  Walking Calories: 0
2025-10-14 03:11:57.911 14165-14165 FoodActivity            com.example.nutrisaur11              D  Activity Calories: 0
2025-10-14 03:11:57.915 14165-14165 CalorieTracker          com.example.nutrisaur11              D  Syncing with 4 added foods for date: 2025-10-14
2025-10-14 03:11:57.915 14165-14165 CalorieTracker          com.example.nutrisaur11              D    Daily foods: 4
2025-10-14 03:11:57.915 14165-14165 CalorieTracker          com.example.nutrisaur11              D  Available database fields: [birthday, is_pregnant, muac_category, notes, weight_kg, nutritional_risk, height_cm, sex, municipality, muac_cm, screening_date, bmi_category, name, barangay, email, age, bmi, status]
2025-10-14 03:11:57.915 14165-14165 CalorieTracker          com.example.nutrisaur11              D  Calculated age from birthday '2005-10-10': 20
2025-10-14 03:11:57.916 14165-14165 CalorieTracker          com.example.nutrisaur11              D  Weight field lookup - weight_kg: '50', weight: 'null', final: '50'
2025-10-14 03:11:57.916 14165-14165 CalorieTracker          com.example.nutrisaur11              D  Set weight from database: 50
2025-10-14 03:11:57.916 14165-14165 CalorieTracker          com.example.nutrisaur11              D  Height field lookup - height_cm: '171', height: 'null', final: '171'
2025-10-14 03:11:57.916 14165-14165 CalorieTracker          com.example.nutrisaur11              D  Set height from database: 171
2025-10-14 03:11:57.916 14165-14165 CalorieTracker          com.example.nutrisaur11              D  Created user profile from database data: Pingol , Kevin C. (Age: 20, Weight: 50.0, Height: 171.0, Gender: Male, Activity: Moderate)
2025-10-14 03:11:57.916 14165-14165 CalorieTracker          com.example.nutrisaur11              D  Using user profile from database data
2025-10-14 03:11:57.916 14165-14165 KcalSuggestionCache     com.example.nutrisaur11              D  User profile changed, cache invalid
2025-10-14 03:11:57.916 14165-14165 CalorieTracker          com.example.nutrisaur11              D  No valid AI cache found, using fallback calculation...
2025-10-14 03:11:57.916 14165-14165 CalorieCal...ionService com.example.nutrisaur11              D  Calculated BMR: 1473.75 for Pingol , Kevin C.
2025-10-14 03:11:57.916 14165-14165 CalorieCal...ionService com.example.nutrisaur11              D  Calculated TDEE: 2284.3125 (BMR: 1473.75 × Activity: 1.55)
2025-10-14 03:11:57.916 14165-14165 CalorieCal...ionService com.example.nutrisaur11              D  Calculated daily calorie target: 2784 (TDEE: 2284.3125 + Adjustment: 500.0)
2025-10-14 03:11:57.916 14165-14165 CalorieTracker          com.example.nutrisaur11              D  Using fallback calculation (AI will update cache): 2784
2025-10-14 03:11:57.916 14165-14165 CalorieTracker          com.example.nutrisaur11              D  Using AI-calculated daily calorie target: 2784
2025-10-14 03:11:57.916 14165-14165 CalorieCal...ionService com.example.nutrisaur11              D  Calculated meal distribution: Breakfast=696, Lunch=974, Dinner=835, Snacks=278
2025-10-14 03:11:57.917 14165-14165 CalorieTracker          com.example.nutrisaur11              D  Calculated meal distribution: Breakfast=696, Lunch=974, Dinner=835, Snacks=278
2025-10-14 03:11:57.917 14165-14165 CalorieTracker          com.example.nutrisaur11              D  Calculated meal distribution: {Breakfast=696, Dinner=835, Snacks=278, Lunch=974}
2025-10-14 03:11:57.917 14165-14165 CalorieTracker          com.example.nutrisaur11              D  Created Breakfast meal with 696 max calories
2025-10-14 03:11:57.917 14165-14165 CalorieTracker          com.example.nutrisaur11              D  Added Champorado (450 cal) to Breakfast for date 2025-10-14
2025-10-14 03:11:57.917 14165-14165 CalorieTracker          com.example.nutrisaur11              D  Added Tapsilog (600 cal) to Breakfast for date 2025-10-14
2025-10-14 03:11:57.917 14165-14165 CalorieTracker          com.example.nutrisaur11              D  Added Longsilog (550 cal) to Breakfast for date 2025-10-14
2025-10-14 03:11:57.917 14165-14165 CalorieTracker          com.example.nutrisaur11              D  Added Pandesal with Cheese and Eggs (400 cal) to Breakfast for date 2025-10-14
2025-10-14 03:11:57.918 14165-14744 NutritionService        com.example.nutrisaur11              D  Starting nutrition recommendations...
2025-10-14 03:11:57.918 14165-14744 NutritionService        com.example.nutrisaur11              D  Getting user profile from SharedPreferences...
2025-10-14 03:11:57.919 14165-14744 NutritionService        com.example.nutrisaur11              D  User data: name=, age=25, weight=70.0, height=170.0
2025-10-14 03:11:57.919 14165-14744 NutritionService        com.example.nutrisaur11              D  User profile loaded: , BMI: 24.221453287197235
2025-10-14 03:11:57.919 14165-14744 KcalSuggestionCache     com.example.nutrisaur11              D  Cached kcal suggestion is valid
2025-10-14 03:11:57.919 14165-14744 NutritionService        com.example.nutrisaur11              D  Using cached kcal suggestion - user profile unchanged
2025-10-14 03:11:57.919 14165-14744 KcalSuggestionCache     com.example.nutrisaur11              D  Successfully loaded cached kcal suggestion
2025-10-14 03:11:57.919 14165-14744 CalorieTracker          com.example.nutrisaur11              D  Background AI calculation completed: 2545
2025-10-14 03:11:57.921 14165-14165 CalorieTracker          com.example.nutrisaur11              D  Synced CalorieTracker with AddedFoodManager for date 2025-10-14. Total meals: 1
2025-10-14 03:11:57.921 14165-14165 CalorieTracker          com.example.nutrisaur11              D  Meal Breakfast: 2000/696 kcal
2025-10-14 03:11:57.921 14165-14165 FoodActivity            com.example.nutrisaur11              D  Synced CalorieTracker in updateMealProgress for date: 2025-10-14
2025-10-14 03:11:57.922 14165-14165 FoodActivity            com.example.nutrisaur11              D  Updated breakfast progress: 2000 / 696 kcal
2025-10-14 03:11:57.924 14165-14165 FoodActivity            com.example.nutrisaur11              D  Updated lunch progress: 0 / 974 kcal
2025-10-14 03:11:57.926 14165-14165 FoodActivity            com.example.nutrisaur11              D  Updated dinner progress: 0 / 835 kcal
2025-10-14 03:11:57.927 14165-14165 FoodActivity            com.example.nutrisaur11              D  Updated snacks progress: 0 / 278 kcal
2025-10-14 03:11:57.927 14165-14165 FoodActivity            com.example.nutrisaur11              D  Meal progress updated with CalorieTracker data
2025-10-14 03:11:57.927 14165-14165 FoodActivity            com.example.nutrisaur11              D  Updating kcal goal circle directly
2025-10-14 03:11:57.929 14165-14165 FoodActivity            com.example.nutrisaur11              D  Total eaten calories for circle update: 2000
2025-10-14 03:11:57.929 14165-14165 FoodActivity            com.example.nutrisaur11              D  FoodActivity Available database fields: [birthday, is_pregnant, muac_category, notes, weight_kg, nutritional_risk, height_cm, sex, municipality, muac_cm, screening_date, bmi_category, name, barangay, email, age, bmi, status]
2025-10-14 03:11:57.929 14165-14165 FoodActivity            com.example.nutrisaur11              D  Calculated age from birthday '2005-10-10': 20
2025-10-14 03:11:57.929 14165-14165 FoodActivity            com.example.nutrisaur11              D  FoodActivity Weight field lookup - weight_kg: '50', weight: 'null', final: '50'
2025-10-14 03:11:57.929 14165-14165 FoodActivity            com.example.nutrisaur11              D  FoodActivity: Set weight from database: 50
2025-10-14 03:11:57.929 14165-14165 FoodActivity            com.example.nutrisaur11              D  FoodActivity Height field lookup - height_cm: '171', height: 'null', final: '171'
2025-10-14 03:11:57.929 14165-14165 FoodActivity            com.example.nutrisaur11              D  FoodActivity: Set height from database: 171
2025-10-14 03:11:57.929 14165-14165 FoodActivity            com.example.nutrisaur11              D  Created user profile from database data: Pingol , Kevin C. (Age: 20, Weight: 50.0, Height: 171.0, Gender: Male, Activity: Moderate)
2025-10-14 03:11:57.929 14165-14165 CalorieCal...ionService com.example.nutrisaur11              D  Calculated BMR: 1473.75 for Pingol , Kevin C.
2025-10-14 03:11:57.929 14165-14165 CalorieCal...ionService com.example.nutrisaur11              D  Calculated TDEE: 2284.3125 (BMR: 1473.75 × Activity: 1.55)
2025-10-14 03:11:57.930 14165-14165 CalorieCal...ionService com.example.nutrisaur11              D  Calculated daily calorie target: 2784 (TDEE: 2284.3125 + Adjustment: 500.0)
2025-10-14 03:11:57.930 14165-14165 FoodActivity            com.example.nutrisaur11              D  Calculated daily calorie target: 2784
2025-10-14 03:11:57.930 14165-14165 FoodActivity            com.example.nutrisaur11              D  Kcal Goal Circle Update:
2025-10-14 03:11:57.930 14165-14165 FoodActivity            com.example.nutrisaur11              D    Total Daily Calories: 2784
2025-10-14 03:11:57.930 14165-14165 FoodActivity            com.example.nutrisaur11              D    Total Eaten Calories: 2000
2025-10-14 03:11:57.930 14165-14165 FoodActivity            com.example.nutrisaur11              D    Calories Left: 784
2025-10-14 03:11:57.930 14165-14165 FoodActivity            com.example.nutrisaur11              D    Progress Percent: 71.83908%
2025-10-14 03:11:57.930 14165-14165 CalorieGoalManager      com.example.nutrisaur11              D  Calorie Goal Status: UNDER_GOAL
2025-10-14 03:11:57.930 14165-14165 CalorieGoalManager      com.example.nutrisaur11              D  Daily Goal: 2784
2025-10-14 03:11:57.930 14165-14165 CalorieGoalManager      com.example.nutrisaur11              D  Consumed: 2000
2025-10-14 03:11:57.930 14165-14165 CalorieGoalManager      com.example.nutrisaur11              D  Left: 784
2025-10-14 03:11:57.930 14165-14165 CalorieGoalManager      com.example.nutrisaur11              D  Over: 0
2025-10-14 03:11:57.930 14165-14165 CalorieGoalManager      com.example.nutrisaur11              D  Percentage: 71.8%
2025-10-14 03:11:57.930 14165-14165 FoodActivity            com.example.nutrisaur11              D  Normal calorie progress: 784 calories left
2025-10-14 03:11:57.930 14165-14165 FoodActivity            com.example.nutrisaur11              D  Under goal display: 784 calories left
2025-10-14 03:11:57.930 14165-14165 FoodActivity            com.example.nutrisaur11              D  Could not set color on CuteCircularProgressView: com.example.nutrisaur11.CuteCircularProgressView.setTextColor [int]
2025-10-14 03:11:57.931 14165-14165 FoodActivity            com.example.nutrisaur11              D  Visual feedback - Status: UNDER_GOAL, Color: #4CAF50, Progress: 71.83908%
2025-10-14 03:11:57.931 14165-14165 FoodActivity            com.example.nutrisaur11              D  Updating macronutrient data directly
2025-10-14 03:11:57.936 14165-14165 FoodActivity            com.example.nutrisaur11              D  FoodActivity Available database fields: [birthday, is_pregnant, muac_category, notes, weight_kg, nutritional_risk, height_cm, sex, municipality, muac_cm, screening_date, bmi_category, name, barangay, email, age, bmi, status]
2025-10-14 03:11:57.936 14165-14165 FoodActivity            com.example.nutrisaur11              D  Calculated age from birthday '2005-10-10': 20
2025-10-14 03:11:57.936 14165-14165 FoodActivity            com.example.nutrisaur11              D  FoodActivity Weight field lookup - weight_kg: '50', weight: 'null', final: '50'
2025-10-14 03:11:57.936 14165-14165 FoodActivity            com.example.nutrisaur11              D  FoodActivity: Set weight from database: 50
2025-10-14 03:11:57.936 14165-14165 FoodActivity            com.example.nutrisaur11              D  FoodActivity Height field lookup - height_cm: '171', height: 'null', final: '171'
2025-10-14 03:11:57.936 14165-14165 FoodActivity            com.example.nutrisaur11              D  FoodActivity: Set height from database: 171
2025-10-14 03:11:57.937 14165-14165 FoodActivity            com.example.nutrisaur11              D  Created user profile from database data: Pingol , Kevin C. (Age: 20, Weight: 50.0, Height: 171.0, Gender: Male, Activity: Moderate)
2025-10-14 03:11:57.937 14165-14165 CalorieCal...ionService com.example.nutrisaur11              D  Calculated BMR: 1473.75 for Pingol , Kevin C.
2025-10-14 03:11:57.937 14165-14165 CalorieCal...ionService com.example.nutrisaur11              D  Calculated TDEE: 2284.3125 (BMR: 1473.75 × Activity: 1.55)
2025-10-14 03:11:57.937 14165-14165 CalorieCal...ionService com.example.nutrisaur11              D  Calculated daily calorie target: 2784 (TDEE: 2284.3125 + Adjustment: 500.0)
2025-10-14 03:11:57.937 14165-14165 FoodActivity            com.example.nutrisaur11              D  Calculated macro targets - Protein: 153, Carbs: 375, Fat: 74
2025-10-14 03:11:57.937 14165-14165 FoodActivity            com.example.nutrisaur11              D  Macro Update:
2025-10-14 03:11:57.937 14165-14165 FoodActivity            com.example.nutrisaur11              D    Protein: 70/153 (eaten: 83)
2025-10-14 03:11:57.937 14165-14165 FoodActivity            com.example.nutrisaur11              D    Carbs: 175/375 (eaten: 200)
2025-10-14 03:11:57.937 14165-14165 FoodActivity            com.example.nutrisaur11              D    Fat: 0/74 (eaten: 100)
2025-10-14 03:11:57.938 14165-14165 FoodActivity            com.example.nutrisaur11              D  Updating meal progress texts with direct AddedFoodManager data
2025-10-14 03:11:57.941 14165-14165 FoodActivity            com.example.nutrisaur11              D  FoodActivity Available database fields: [birthday, is_pregnant, muac_category, notes, weight_kg, nutritional_risk, height_cm, sex, municipality, muac_cm, screening_date, bmi_category, name, barangay, email, age, bmi, status]
2025-10-14 03:11:57.942 14165-14165 FoodActivity            com.example.nutrisaur11              D  Calculated age from birthday '2005-10-10': 20
2025-10-14 03:11:57.942 14165-14165 FoodActivity            com.example.nutrisaur11              D  FoodActivity Weight field lookup - weight_kg: '50', weight: 'null', final: '50'
2025-10-14 03:11:57.942 14165-14165 FoodActivity            com.example.nutrisaur11              D  FoodActivity: Set weight from database: 50
2025-10-14 03:11:57.942 14165-14165 FoodActivity            com.example.nutrisaur11              D  FoodActivity Height field lookup - height_cm: '171', height: 'null', final: '171'
2025-10-14 03:11:57.942 14165-14165 FoodActivity            com.example.nutrisaur11              D  FoodActivity: Set height from database: 171
2025-10-14 03:11:57.942 14165-14165 FoodActivity            com.example.nutrisaur11              D  Created user profile from database data: Pingol , Kevin C. (Age: 20, Weight: 50.0, Height: 171.0, Gender: Male, Activity: Moderate)
2025-10-14 03:11:57.942 14165-14165 KcalSuggestionCache     com.example.nutrisaur11              D  User profile changed, cache invalid
2025-10-14 03:11:57.942 14165-14165 FoodActivity            com.example.nutrisaur11              D  No valid AI cache found, using fallback calculation...
2025-10-14 03:11:57.942 14165-14165 CalorieCal...ionService com.example.nutrisaur11              D  Calculated BMR: 1473.75 for Pingol , Kevin C.
2025-10-14 03:11:57.942 14165-14165 CalorieCal...ionService com.example.nutrisaur11              D  Calculated TDEE: 2284.3125 (BMR: 1473.75 × Activity: 1.55)
2025-10-14 03:11:57.942 14165-14165 CalorieCal...ionService com.example.nutrisaur11              D  Calculated daily calorie target: 2784 (TDEE: 2284.3125 + Adjustment: 500.0)
2025-10-14 03:11:57.942 14165-14165 FoodActivity            com.example.nutrisaur11              D  Using fallback calculation (AI will update cache): 2784
2025-10-14 03:11:57.942 14165-14165 FoodActivity            com.example.nutrisaur11              D  AI calculation already in progress, skipping...
2025-10-14 03:11:57.942 14165-14165 FoodActivity            com.example.nutrisaur11              D  Using AI-calculated total daily calories: 2784
2025-10-14 03:11:57.942 14165-14165 FoodActivity            com.example.nutrisaur11              D  FoodActivity Available database fields: [birthday, is_pregnant, muac_category, notes, weight_kg, nutritional_risk, height_cm, sex, municipality, muac_cm, screening_date, bmi_category, name, barangay, email, age, bmi, status]
2025-10-14 03:11:57.943 14165-14165 FoodActivity            com.example.nutrisaur11              D  Calculated age from birthday '2005-10-10': 20
2025-10-14 03:11:57.943 14165-14165 FoodActivity            com.example.nutrisaur11              D  FoodActivity Weight field lookup - weight_kg: '50', weight: 'null', final: '50'
2025-10-14 03:11:57.943 14165-14165 FoodActivity            com.example.nutrisaur11              D  FoodActivity: Set weight from database: 50
2025-10-14 03:11:57.943 14165-14165 FoodActivity            com.example.nutrisaur11              D  FoodActivity Height field lookup - height_cm: '171', height: 'null', final: '171'
2025-10-14 03:11:57.943 14165-14165 FoodActivity            com.example.nutrisaur11              D  FoodActivity: Set height from database: 171
2025-10-14 03:11:57.943 14165-14165 FoodActivity            com.example.nutrisaur11              D  Created user profile from database data: Pingol , Kevin C. (Age: 20, Weight: 50.0, Height: 171.0, Gender: Male, Activity: Moderate)
2025-10-14 03:11:57.943 14165-14165 CalorieCal...ionService com.example.nutrisaur11              D  Calculated meal distribution: Breakfast=696, Lunch=974, Dinner=835, Snacks=278
2025-10-14 03:11:57.943 14165-14165 FoodActivity            com.example.nutrisaur11              D  Calculated meal distribution: Breakfast=696, Lunch=974, Dinner=835, Snacks=278
2025-10-14 03:11:57.943 14165-14165 FoodActivity            com.example.nutrisaur11              D  Direct update Breakfast: 2000 / 696 kcal (from 4 foods)
2025-10-14 03:11:57.943 14165-14165 FoodActivity            com.example.nutrisaur11              D  Set breakfast progress text to: 2000 / 696 kcal
2025-10-14 03:11:57.943 14165-14165 FoodActivity            com.example.nutrisaur11              D  Direct update Lunch: 0 / 974 kcal (from 0 foods)
2025-10-14 03:11:57.944 14165-14165 FoodActivity            com.example.nutrisaur11              D  Set lunch progress text to: 0 / 974 kcal
2025-10-14 03:11:57.944 14165-14165 FoodActivity            com.example.nutrisaur11              D  Direct update Dinner: 0 / 835 kcal (from 0 foods)
2025-10-14 03:11:57.944 14165-14165 FoodActivity            com.example.nutrisaur11              D  Set dinner progress text to: 0 / 835 kcal
2025-10-14 03:11:57.944 14165-14165 FoodActivity            com.example.nutrisaur11              D  Direct update Snacks: 0 / 278 kcal (from 0 foods)
2025-10-14 03:11:57.944 14165-14165 FoodActivity            com.example.nutrisaur11              D  Set snacks progress text to: 0 / 278 kcal
2025-10-14 03:11:57.944 14165-14165 FoodActivity            com.example.nutrisaur11              D  Updating meal progress texts with direct AddedFoodManager data
2025-10-14 03:11:57.948 14165-14165 FoodActivity            com.example.nutrisaur11              D  FoodActivity Available database fields: [birthday, is_pregnant, muac_category, notes, weight_kg, nutritional_risk, height_cm, sex, municipality, muac_cm, screening_date, bmi_category, name, barangay, email, age, bmi, status]
2025-10-14 03:11:57.949 14165-14165 FoodActivity            com.example.nutrisaur11              D  Calculated age from birthday '2005-10-10': 20
2025-10-14 03:11:57.949 14165-14165 FoodActivity            com.example.nutrisaur11              D  FoodActivity Weight field lookup - weight_kg: '50', weight: 'null', final: '50'
2025-10-14 03:11:57.949 14165-14165 FoodActivity            com.example.nutrisaur11              D  FoodActivity: Set weight from database: 50
2025-10-14 03:11:57.949 14165-14165 FoodActivity            com.example.nutrisaur11              D  FoodActivity Height field lookup - height_cm: '171', height: 'null', final: '171'
2025-10-14 03:11:57.949 14165-14165 FoodActivity            com.example.nutrisaur11              D  FoodActivity: Set height from database: 171
2025-10-14 03:11:57.949 14165-14165 FoodActivity            com.example.nutrisaur11              D  Created user profile from database data: Pingol , Kevin C. (Age: 20, Weight: 50.0, Height: 171.0, Gender: Male, Activity: Moderate)
2025-10-14 03:11:57.949 14165-14165 KcalSuggestionCache     com.example.nutrisaur11              D  User profile changed, cache invalid
2025-10-14 03:11:57.949 14165-14165 FoodActivity            com.example.nutrisaur11              D  No valid AI cache found, using fallback calculation...
2025-10-14 03:11:57.949 14165-14165 CalorieCal...ionService com.example.nutrisaur11              D  Calculated BMR: 1473.75 for Pingol , Kevin C.
2025-10-14 03:11:57.949 14165-14165 CalorieCal...ionService com.example.nutrisaur11              D  Calculated TDEE: 2284.3125 (BMR: 1473.75 × Activity: 1.55)
2025-10-14 03:11:57.949 14165-14165 CalorieCal...ionService com.example.nutrisaur11              D  Calculated daily calorie target: 2784 (TDEE: 2284.3125 + Adjustment: 500.0)
2025-10-14 03:11:57.949 14165-14165 FoodActivity            com.example.nutrisaur11              D  Using fallback calculation (AI will update cache): 2784
2025-10-14 03:11:57.949 14165-14165 FoodActivity            com.example.nutrisaur11              D  AI calculation already in progress, skipping...
2025-10-14 03:11:57.949 14165-14165 FoodActivity            com.example.nutrisaur11              D  Using AI-calculated total daily calories: 2784
2025-10-14 03:11:57.949 14165-14165 FoodActivity            com.example.nutrisaur11              D  FoodActivity Available database fields: [birthday, is_pregnant, muac_category, notes, weight_kg, nutritional_risk, height_cm, sex, municipality, muac_cm, screening_date, bmi_category, name, barangay, email, age, bmi, status]
2025-10-14 03:11:57.950 14165-14165 FoodActivity            com.example.nutrisaur11              D  Calculated age from birthday '2005-10-10': 20
2025-10-14 03:11:57.950 14165-14165 FoodActivity            com.example.nutrisaur11              D  FoodActivity Weight field lookup - weight_kg: '50', weight: 'null', final: '50'
2025-10-14 03:11:57.950 14165-14165 FoodActivity            com.example.nutrisaur11              D  FoodActivity: Set weight from database: 50
2025-10-14 03:11:57.950 14165-14165 FoodActivity            com.example.nutrisaur11              D  FoodActivity Height field lookup - height_cm: '171', height: 'null', final: '171'
2025-10-14 03:11:57.950 14165-14165 FoodActivity            com.example.nutrisaur11              D  FoodActivity: Set height from database: 171
2025-10-14 03:11:57.950 14165-14165 FoodActivity            com.example.nutrisaur11              D  Created user profile from database data: Pingol , Kevin C. (Age: 20, Weight: 50.0, Height: 171.0, Gender: Male, Activity: Moderate)
2025-10-14 03:11:57.950 14165-14165 CalorieCal...ionService com.example.nutrisaur11              D  Calculated meal distribution: Breakfast=696, Lunch=974, Dinner=835, Snacks=278
2025-10-14 03:11:57.950 14165-14165 FoodActivity            com.example.nutrisaur11              D  Calculated meal distribution: Breakfast=696, Lunch=974, Dinner=835, Snacks=278
2025-10-14 03:11:57.950 14165-14165 FoodActivity            com.example.nutrisaur11              D  Direct update Breakfast: 2000 / 696 kcal (from 4 foods)
2025-10-14 03:11:57.950 14165-14719 CommunityUserManager    com.example.nutrisaur11              D  API response code: 200
2025-10-14 03:11:57.950 14165-14719 CommunityUserManager    com.example.nutrisaur11              D  API response message: 
2025-10-14 03:11:57.950 14165-14165 FoodActivity            com.example.nutrisaur11              D  Set breakfast progress text to: 2000 / 696 kcal
2025-10-14 03:11:57.951 14165-14165 FoodActivity            com.example.nutrisaur11              D  Direct update Lunch: 0 / 974 kcal (from 0 foods)
2025-10-14 03:11:57.951 14165-14165 FoodActivity            com.example.nutrisaur11              D  Set lunch progress text to: 0 / 974 kcal
2025-10-14 03:11:57.951 14165-14165 FoodActivity            com.example.nutrisaur11              D  Direct update Dinner: 0 / 835 kcal (from 0 foods)
2025-10-14 03:11:57.951 14165-14165 FoodActivity            com.example.nutrisaur11              D  Set dinner progress text to: 0 / 835 kcal
2025-10-14 03:11:57.951 14165-14165 FoodActivity            com.example.nutrisaur11              D  Direct update Snacks: 0 / 278 kcal (from 0 foods)
2025-10-14 03:11:57.951 14165-14165 FoodActivity            com.example.nutrisaur11              D  Set snacks progress text to: 0 / 278 kcal
2025-10-14 03:11:57.951 14165-14165 FoodActivity            com.example.nutrisaur11              D  Meal distribution stored
2025-10-14 03:11:57.952 14165-14165 FoodActivity            com.example.nutrisaur11              D  Nutrition data loaded successfully with database user data
2025-10-14 03:11:57.952 14165-14165 FoodActivity            com.example.nutrisaur11              D  Refreshing nutrition UI with updated AI data...
2025-10-14 03:11:57.952 14165-14165 FoodActivity            com.example.nutrisaur11              D  Updating kcal goal circle directly
2025-10-14 03:11:57.952 14165-14719 CommunityUserManager    com.example.nutrisaur11              D  API response for get_community_user_data: {"success":true,"message":"User data retrieved successfully","user":{"name":"Pingol , Kevin C.","email":"kevinpingol123@gmail.com","municipality":"DINALUPIHAN","barangay":"Batanes","sex":"Male","birthday":"2005-10-10","is_pregnant":"N\/A","weight":"50","height":"171","screening_date":"2025-10-10 06:47:30","fcm_token":"dDgJr74pRHukYxdkYiGyAE:APA91bGonfRAbhb5xo9V8ufuveE8EQB7Cu5A_7D-d4pqd9OQodrKTUVp48IfMw6HxDJr6XEHhTwD-QrZt7Uv25kP61USRCnHqLqO4RVcN4VUBRhb83IxLpE","is_flagged":0,"bmi-for-age":"","weight-for-height":"","weight-for-age":"","weight-for-length":"","height-for-age":""}}
2025-10-14 03:11:57.952 14165-14719 CommunityUserManager    com.example.nutrisaur11              D  Cached user data for: kevinpingol123@gmail.com
2025-10-14 03:11:57.952 14165-14719 CommunityUserManager    com.example.nutrisaur11              D  Fresh user data retrieved successfully: {birthday=2005-10-10, is_pregnant=N/A, muac_category=, notes=, weight_kg=50, nutritional_risk=, height_cm=171, sex=Male, municipality=DINALUPIHAN, muac_cm=, screening_date=2025-10-10 06:47:30, bmi_category=, name=Pingol , Kevin C., barangay=Batanes, email=kevinpingol123@gmail.com, age=, bmi=, status=1}
2025-10-14 03:11:57.952 14165-14719 CommunityUserManager    com.example.nutrisaur11              D  User status: 1
2025-10-14 03:11:57.952 14165-14719 CommunityUserManager    com.example.nutrisaur11              D  User is active (status = 1)
2025-10-14 03:11:57.953 14165-14165 FoodActivity            com.example.nutrisaur11              D  Total eaten calories for circle update: 2000
2025-10-14 03:11:57.953 14165-14165 FoodActivity            com.example.nutrisaur11              D  FoodActivity Available database fields: [birthday, is_pregnant, muac_category, notes, weight_kg, nutritional_risk, height_cm, sex, municipality, muac_cm, screening_date, bmi_category, name, barangay, email, age, bmi, status]
2025-10-14 03:11:57.953 14165-14165 FoodActivity            com.example.nutrisaur11              D  Calculated age from birthday '2005-10-10': 20
2025-10-14 03:11:57.954 14165-14165 FoodActivity            com.example.nutrisaur11              D  FoodActivity Weight field lookup - weight_kg: '50', weight: 'null', final: '50'
2025-10-14 03:11:57.954 14165-14165 FoodActivity            com.example.nutrisaur11              D  FoodActivity: Set weight from database: 50
2025-10-14 03:11:57.954 14165-14165 FoodActivity            com.example.nutrisaur11              D  FoodActivity Height field lookup - height_cm: '171', height: 'null', final: '171'
2025-10-14 03:11:57.954 14165-14165 FoodActivity            com.example.nutrisaur11              D  FoodActivity: Set height from database: 171
2025-10-14 03:11:57.954 14165-14165 FoodActivity            com.example.nutrisaur11              D  Created user profile from database data: Pingol , Kevin C. (Age: 20, Weight: 50.0, Height: 171.0, Gender: Male, Activity: Moderate)
2025-10-14 03:11:57.954 14165-14165 CalorieCal...ionService com.example.nutrisaur11              D  Calculated BMR: 1473.75 for Pingol , Kevin C.
2025-10-14 03:11:57.954 14165-14165 CalorieCal...ionService com.example.nutrisaur11              D  Calculated TDEE: 2284.3125 (BMR: 1473.75 × Activity: 1.55)
2025-10-14 03:11:57.954 14165-14165 CalorieCal...ionService com.example.nutrisaur11              D  Calculated daily calorie target: 2784 (TDEE: 2284.3125 + Adjustment: 500.0)
2025-10-14 03:11:57.954 14165-14165 FoodActivity            com.example.nutrisaur11              D  Calculated daily calorie target: 2784
2025-10-14 03:11:57.954 14165-14165 FoodActivity            com.example.nutrisaur11              D  Kcal Goal Circle Update:
2025-10-14 03:11:57.954 14165-14165 FoodActivity            com.example.nutrisaur11              D    Total Daily Calories: 2784
2025-10-14 03:11:57.954 14165-14165 FoodActivity            com.example.nutrisaur11              D    Total Eaten Calories: 2000
2025-10-14 03:11:57.954 14165-14165 FoodActivity            com.example.nutrisaur11              D    Calories Left: 784
2025-10-14 03:11:57.954 14165-14165 FoodActivity            com.example.nutrisaur11              D    Progress Percent: 71.83908%
2025-10-14 03:11:57.954 14165-14165 CalorieGoalManager      com.example.nutrisaur11              D  Calorie Goal Status: UNDER_GOAL
2025-10-14 03:11:57.954 14165-14165 CalorieGoalManager      com.example.nutrisaur11              D  Daily Goal: 2784
2025-10-14 03:11:57.954 14165-14165 CalorieGoalManager      com.example.nutrisaur11              D  Consumed: 2000
2025-10-14 03:11:57.954 14165-14165 CalorieGoalManager      com.example.nutrisaur11              D  Left: 784
2025-10-14 03:11:57.954 14165-14165 CalorieGoalManager      com.example.nutrisaur11              D  Over: 0
2025-10-14 03:11:57.954 14165-14165 CalorieGoalManager      com.example.nutrisaur11              D  Percentage: 71.8%
2025-10-14 03:11:57.954 14165-14165 FoodActivity            com.example.nutrisaur11              D  Normal calorie progress: 784 calories left
2025-10-14 03:11:57.954 14165-14165 FoodActivity            com.example.nutrisaur11              D  Under goal display: 784 calories left
2025-10-14 03:11:57.955 14165-14165 FoodActivity            com.example.nutrisaur11              D  Could not set color on CuteCircularProgressView: com.example.nutrisaur11.CuteCircularProgressView.setTextColor [int]
2025-10-14 03:11:57.955 14165-14165 FoodActivity            com.example.nutrisaur11              D  Visual feedback - Status: UNDER_GOAL, Color: #4CAF50, Progress: 71.83908%
2025-10-14 03:11:57.955 14165-14165 FoodActivity            com.example.nutrisaur11              D  Updating macronutrient data directly
2025-10-14 03:11:57.959 14165-14165 FoodActivity            com.example.nutrisaur11              D  FoodActivity Available database fields: [birthday, is_pregnant, muac_category, notes, weight_kg, nutritional_risk, height_cm, sex, municipality, muac_cm, screening_date, bmi_category, name, barangay, email, age, bmi, status]
2025-10-14 03:11:57.960 14165-14165 FoodActivity            com.example.nutrisaur11              D  Calculated age from birthday '2005-10-10': 20
2025-10-14 03:11:57.960 14165-14165 FoodActivity            com.example.nutrisaur11              D  FoodActivity Weight field lookup - weight_kg: '50', weight: 'null', final: '50'
2025-10-14 03:11:57.960 14165-14165 FoodActivity            com.example.nutrisaur11              D  FoodActivity: Set weight from database: 50
2025-10-14 03:11:57.960 14165-14165 FoodActivity            com.example.nutrisaur11              D  FoodActivity Height field lookup - height_cm: '171', height: 'null', final: '171'
2025-10-14 03:11:57.960 14165-14165 FoodActivity            com.example.nutrisaur11              D  FoodActivity: Set height from database: 171
2025-10-14 03:11:57.960 14165-14165 FoodActivity            com.example.nutrisaur11              D  Created user profile from database data: Pingol , Kevin C. (Age: 20, Weight: 50.0, Height: 171.0, Gender: Male, Activity: Moderate)
2025-10-14 03:11:57.960 14165-14165 CalorieCal...ionService com.example.nutrisaur11              D  Calculated BMR: 1473.75 for Pingol , Kevin C.
2025-10-14 03:11:57.960 14165-14165 CalorieCal...ionService com.example.nutrisaur11              D  Calculated TDEE: 2284.3125 (BMR: 1473.75 × Activity: 1.55)
2025-10-14 03:11:57.960 14165-14165 CalorieCal...ionService com.example.nutrisaur11              D  Calculated daily calorie target: 2784 (TDEE: 2284.3125 + Adjustment: 500.0)
2025-10-14 03:11:57.960 14165-14165 FoodActivity            com.example.nutrisaur11              D  Calculated macro targets - Protein: 153, Carbs: 375, Fat: 74
2025-10-14 03:11:57.960 14165-14165 FoodActivity            com.example.nutrisaur11              D  Macro Update:
2025-10-14 03:11:57.960 14165-14165 FoodActivity            com.example.nutrisaur11              D    Protein: 70/153 (eaten: 83)
2025-10-14 03:11:57.960 14165-14165 FoodActivity            com.example.nutrisaur11              D    Carbs: 175/375 (eaten: 200)
2025-10-14 03:11:57.960 14165-14165 FoodActivity            com.example.nutrisaur11              D    Fat: 0/74 (eaten: 100)
2025-10-14 03:11:57.961 14165-14165 FoodActivity            com.example.nutrisaur11              D  Updating meal progress texts with direct AddedFoodManager data
2025-10-14 03:11:57.963 14165-14718 CommunityUserManager    com.example.nutrisaur11              D  API response code: 200
2025-10-14 03:11:57.963 14165-14718 CommunityUserManager    com.example.nutrisaur11              D  API response message: 
2025-10-14 03:11:57.965 14165-14718 CommunityUserManager    com.example.nutrisaur11              D  API response for get_community_user_data: {"success":true,"message":"User data retrieved successfully","user":{"name":"Pingol , Kevin C.","email":"kevinpingol123@gmail.com","municipality":"DINALUPIHAN","barangay":"Batanes","sex":"Male","birthday":"2005-10-10","is_pregnant":"N\/A","weight":"50","height":"171","screening_date":"2025-10-10 06:47:30","fcm_token":"dDgJr74pRHukYxdkYiGyAE:APA91bGonfRAbhb5xo9V8ufuveE8EQB7Cu5A_7D-d4pqd9OQodrKTUVp48IfMw6HxDJr6XEHhTwD-QrZt7Uv25kP61USRCnHqLqO4RVcN4VUBRhb83IxLpE","is_flagged":0,"bmi-for-age":"","weight-for-height":"","weight-for-age":"","weight-for-length":"","height-for-age":""}}
2025-10-14 03:11:57.965 14165-14165 FoodActivity            com.example.nutrisaur11              D  FoodActivity Available database fields: [birthday, is_pregnant, muac_category, notes, weight_kg, nutritional_risk, height_cm, sex, municipality, muac_cm, screening_date, bmi_category, name, barangay, email, age, bmi, status]
2025-10-14 03:11:57.965 14165-14718 CommunityUserManager    com.example.nutrisaur11              D  Cached user data for: kevinpingol123@gmail.com
2025-10-14 03:11:57.965 14165-14165 FoodActivity            com.example.nutrisaur11              D  Calculated age from birthday '2005-10-10': 20
2025-10-14 03:11:57.966 14165-14718 CommunityUserManager    com.example.nutrisaur11              D  Fresh user data retrieved successfully: {birthday=2005-10-10, is_pregnant=N/A, muac_category=, notes=, weight_kg=50, nutritional_risk=, height_cm=171, sex=Male, municipality=DINALUPIHAN, muac_cm=, screening_date=2025-10-10 06:47:30, bmi_category=, name=Pingol , Kevin C., barangay=Batanes, email=kevinpingol123@gmail.com, age=, bmi=, status=1}
2025-10-14 03:11:57.966 14165-14165 FoodActivity            com.example.nutrisaur11              D  FoodActivity Weight field lookup - weight_kg: '50', weight: 'null', final: '50'
2025-10-14 03:11:57.966 14165-14718 CommunityUserManager    com.example.nutrisaur11              D  User exists and has valid data
2025-10-14 03:11:57.966 14165-14165 FoodActivity            com.example.nutrisaur11              D  FoodActivity: Set weight from database: 50
