2025-10-11 08:45:15.778 11915-18651 ApiClient               com.example.nutrisaur11              D    - Meal: Breakfast
2025-10-11 08:45:15.778 11915-18651 ApiClient               com.example.nutrisaur11              D    - Food: Arroz Caldo
2025-10-11 08:45:15.778 11915-18651 ApiClient               com.example.nutrisaur11              D  ğŸ“¡ Upload URL: https://nutrisaur-production.up.railway.app/api/food_history_api.php?action=add
2025-10-11 08:45:15.778 11915-18651 ApiClient               com.example.nutrisaur11              D  ğŸ“¦ Upload data: {"user_email":"kevinpingol123@gmail.com","date":"2025-10-11","meal_category":"Breakfast","food_name":"Arroz Caldo","calories":450,"serving_size":"Generous bowl","protein":20,"carbs":60,"fat":15,"fiber":0}
2025-10-11 08:45:15.784 11915-11915 AddedFoodManager        com.example.nutrisaur11              D  Added Arroz Caldo to Breakfast on 2025-10-11 (using single storage system)
2025-10-11 08:45:15.784 11915-11915 AddedFoodManager        com.example.nutrisaur11              D  Retrieved user email: 'kevinpingol123@gmail.com'
2025-10-11 08:45:15.784 11915-11915 AddedFoodManager        com.example.nutrisaur11              D  ğŸ” Attempting to store food in database:
2025-10-11 08:45:15.784 11915-11915 AddedFoodManager        com.example.nutrisaur11              D    - User Email: kevinpingol123@gmail.com
2025-10-11 08:45:15.784 11915-11915 AddedFoodManager        com.example.nutrisaur11              D    - Date: 2025-10-11
2025-10-11 08:45:15.784 11915-11915 AddedFoodManager        com.example.nutrisaur11              D    - Meal: Breakfast
2025-10-11 08:45:15.784 11915-11915 AddedFoodManager        com.example.nutrisaur11              D    - Food: Arroz Caldo
2025-10-11 08:45:15.785 11915-11915 FoodActivity            com.example.nutrisaur11              D  âœ… Stored: Arroz Caldo in Breakfast for 2025-10-11
2025-10-11 08:45:15.785 11915-11915 FoodActivity            com.example.nutrisaur11              D  About to store: Arroz Caldo in Breakfast for 2025-10-11
2025-10-11 08:45:15.785 11915-11915 AddedFoodManager        com.example.nutrisaur11              D  ğŸ¯ addFoodToMealTime called: Arroz Caldo -> Breakfast on 2025-10-11
2025-10-11 08:45:15.785 11915-18652 ApiClient               com.example.nutrisaur11              D  ğŸš€ Starting food upload to database:
2025-10-11 08:45:15.785 11915-18652 ApiClient               com.example.nutrisaur11              D    - User: kevinpingol123@gmail.com
2025-10-11 08:45:15.785 11915-18652 ApiClient               com.example.nutrisaur11              D    - Date: 2025-10-11
2025-10-11 08:45:15.785 11915-18652 ApiClient               com.example.nutrisaur11              D    - Meal: Breakfast
2025-10-11 08:45:15.785 11915-18652 ApiClient               com.example.nutrisaur11              D    - Food: Arroz Caldo
2025-10-11 08:45:15.785 11915-18652 ApiClient               com.example.nutrisaur11              D  ğŸ“¡ Upload URL: https://nutrisaur-production.up.railway.app/api/food_history_api.php?action=add
2025-10-11 08:45:15.786 11915-18652 ApiClient               com.example.nutrisaur11              D  ğŸ“¦ Upload data: {"user_email":"kevinpingol123@gmail.com","date":"2025-10-11","meal_category":"Breakfast","food_name":"Arroz Caldo","calories":450,"serving_size":"Generous bowl","protein":20,"carbs":60,"fat":15,"fiber":0}
2025-10-11 08:45:15.790 11915-18626 CommunityUserManager    com.example.nutrisaur11              D  API response code: 200
2025-10-11 08:45:15.790 11915-18626 CommunityUserManager    com.example.nutrisaur11              D  API response message: 
2025-10-11 08:45:15.792 11915-11915 AddedFoodManager        com.example.nutrisaur11              D  Added Arroz Caldo to Breakfast on 2025-10-11 (using single storage system)
2025-10-11 08:45:15.792 11915-11915 AddedFoodManager        com.example.nutrisaur11              D  Retrieved user email: 'kevinpingol123@gmail.com'
2025-10-11 08:45:15.792 11915-11915 AddedFoodManager        com.example.nutrisaur11              D  ğŸ” Attempting to store food in database:
2025-10-11 08:45:15.792 11915-11915 AddedFoodManager        com.example.nutrisaur11              D    - User Email: kevinpingol123@gmail.com
2025-10-11 08:45:15.792 11915-11915 AddedFoodManager        com.example.nutrisaur11              D    - Date: 2025-10-11
2025-10-11 08:45:15.792 11915-11915 AddedFoodManager        com.example.nutrisaur11              D    - Meal: Breakfast
2025-10-11 08:45:15.792 11915-11915 AddedFoodManager        com.example.nutrisaur11              D    - Food: Arroz Caldo
2025-10-11 08:45:15.792 11915-11915 FoodActivity            com.example.nutrisaur11              D  âœ… Stored: Arroz Caldo in Breakfast for 2025-10-11
2025-10-11 08:45:15.792 11915-11915 FoodActivity            com.example.nutrisaur11              D  About to store: Arroz Caldo in Breakfast for 2025-10-11
2025-10-11 08:45:15.792 11915-11915 AddedFoodManager        com.example.nutrisaur11              D  ğŸ¯ addFoodToMealTime called: Arroz Caldo -> Breakfast on 2025-10-11
2025-10-11 08:45:15.793 11915-18626 CommunityUserManager    com.example.nutrisaur11              D  API response for get_community_user_data: {"success":true,"message":"User data retrieved successfully","user":{"name":"Pingol , Kevin C.","email":"kevinpingol123@gmail.com","municipality":"DINALUPIHAN","barangay":"Burgos","sex":"Male","birthday":"2005-10-10","is_pregnant":"N\/A","weight":"50","height":"171","screening_date":"2025-10-10 06:47:30","fcm_token":"dDgJr74pRHukYxdkYiGyAE:APA91bGRwC6pXjPQVyYGtkcZ6eafSGk0tUnWsyaKl1pZXOygSPN5hrxQ57-QoEbT0Q4AnrxZle82T4gCM6sx46ruDB-KiAtQGKfYr3uHOkNiwosJ5lmui9A","is_flagged":0,"bmi-for-age":"","weight-for-height":"","weight-for-age":"","weight-for-length":"","height-for-age":""}}
2025-10-11 08:45:15.793 11915-18642 ApiClient               com.example.nutrisaur11              D  Response code: 200
2025-10-11 08:45:15.794 11915-18642 ApiClient               com.example.nutrisaur11              D  ğŸ“¥ Upload food response: {"success":true,"message":"Food entry added successfully","id":"102"}
2025-10-11 08:45:15.794 11915-18642 AddedFoodManager        com.example.nutrisaur11              D  âœ… Database storage call completed
2025-10-11 08:45:15.796 11915-18653 ApiClient               com.example.nutrisaur11              D  ğŸš€ Starting food upload to database:
2025-10-11 08:45:15.796 11915-18653 ApiClient               com.example.nutrisaur11              D    - User: kevinpingol123@gmail.com
2025-10-11 08:45:15.796 11915-18653 ApiClient               com.example.nutrisaur11              D    - Date: 2025-10-11
2025-10-11 08:45:15.796 11915-18653 ApiClient               com.example.nutrisaur11              D    - Meal: Breakfast
2025-10-11 08:45:15.796 11915-18653 ApiClient               com.example.nutrisaur11              D    - Food: Arroz Caldo
2025-10-11 08:45:15.796 11915-18653 ApiClient               com.example.nutrisaur11              D  ğŸ“¡ Upload URL: https://nutrisaur-production.up.railway.app/api/food_history_api.php?action=add
2025-10-11 08:45:15.796 11915-18653 ApiClient               com.example.nutrisaur11              D  ğŸ“¦ Upload data: {"user_email":"kevinpingol123@gmail.com","date":"2025-10-11","meal_category":"Breakfast","food_name":"Arroz Caldo","calories":450,"serving_size":"Generous bowl","protein":20,"carbs":60,"fat":15,"fiber":0}
2025-10-11 08:45:15.798 11915-18626 CommunityUserManager    com.example.nutrisaur11              D  Cached user data for: kevinpingol123@gmail.com
2025-10-11 08:45:15.798 11915-18626 CommunityUserManager    com.example.nutrisaur11              D  Fresh user data retrieved successfully: {birthday=2005-10-10, is_pregnant=N/A, muac_category=, notes=, weight_kg=50, nutritional_risk=, height_cm=171, sex=Male, municipality=DINALUPIHAN, muac_cm=, screening_date=2025-10-10 06:47:30, bmi_category=, name=Pingol , Kevin C., barangay=Burgos, email=kevinpingol123@gmail.com, age=, bmi=, status=1}
2025-10-11 08:45:15.798 11915-18626 CommunityUserManager    com.example.nutrisaur11              D  User status: 1
2025-10-11 08:45:15.798 11915-18626 CommunityUserManager    com.example.nutrisaur11              D  User is active (status = 1)
2025-10-11 08:45:15.800 11915-11915 AddedFoodManager        com.example.nutrisaur11              D  Added Arroz Caldo to Breakfast on 2025-10-11 (using single storage system)
2025-10-11 08:45:15.800 11915-11915 AddedFoodManager        com.example.nutrisaur11              D  Retrieved user email: 'kevinpingol123@gmail.com'
2025-10-11 08:45:15.800 11915-11915 AddedFoodManager        com.example.nutrisaur11              D  ğŸ” Attempting to store food in database:
2025-10-11 08:45:15.800 11915-11915 AddedFoodManager        com.example.nutrisaur11              D    - User Email: kevinpingol123@gmail.com
2025-10-11 08:45:15.800 11915-11915 AddedFoodManager        com.example.nutrisaur11              D    - Date: 2025-10-11
2025-10-11 08:45:15.800 11915-11915 AddedFoodManager        com.example.nutrisaur11              D    - Meal: Breakfast
2025-10-11 08:45:15.800 11915-11915 AddedFoodManager        com.example.nutrisaur11              D    - Food: Arroz Caldo
2025-10-11 08:45:15.800 11915-11915 FoodActivity            com.example.nutrisaur11              D  âœ… Stored: Arroz Caldo in Breakfast for 2025-10-11
2025-10-11 08:45:15.800 11915-11915 FoodActivity            com.example.nutrisaur11              D  About to store: Arroz Caldo in Breakfast for 2025-10-11
2025-10-11 08:45:15.800 11915-11915 AddedFoodManager        com.example.nutrisaur11              D  ğŸ¯ addFoodToMealTime called: Arroz Caldo -> Breakfast on 2025-10-11
2025-10-11 08:45:15.800 11915-18655 ApiClient               com.example.nutrisaur11              D  ğŸš€ Starting food upload to database:
2025-10-11 08:45:15.801 11915-18655 ApiClient               com.example.nutrisaur11              D    - User: kevinpingol123@gmail.com
2025-10-11 08:45:15.801 11915-18655 ApiClient               com.example.nutrisaur11              D    - Date: 2025-10-11
2025-10-11 08:45:15.801 11915-18655 ApiClient               com.example.nutrisaur11              D    - Meal: Breakfast
2025-10-11 08:45:15.801 11915-18655 ApiClient               com.example.nutrisaur11              D    - Food: Arroz Caldo
2025-10-11 08:45:15.801 11915-18655 ApiClient               com.example.nutrisaur11              D  ğŸ“¡ Upload URL: https://nutrisaur-production.up.railway.app/api/food_history_api.php?action=add
2025-10-11 08:45:15.801 11915-18655 ApiClient               com.example.nutrisaur11              D  ğŸ“¦ Upload data: {"user_email":"kevinpingol123@gmail.com","date":"2025-10-11","meal_category":"Breakfast","food_name":"Arroz Caldo","calories":450,"serving_size":"Generous bowl","protein":20,"carbs":60,"fat":15,"fiber":0}
2025-10-11 08:45:15.802 11915-18643 ApiClient               com.example.nutrisaur11              D  Response code: 200
2025-10-11 08:45:15.802 11915-18643 ApiClient               com.example.nutrisaur11              D  ğŸ“¥ Upload food response: {"success":true,"message":"Food entry added successfully","id":"103"}
2025-10-11 08:45:15.802 11915-18643 AddedFoodManager        com.example.nutrisaur11              D  âœ… Database storage call completed
2025-10-11 08:45:15.808 11915-11915 AddedFoodManager        com.example.nutrisaur11              D  Added Arroz Caldo to Breakfast on 2025-10-11 (using single storage system)
2025-10-11 08:45:15.808 11915-11915 AddedFoodManager        com.example.nutrisaur11              D  Retrieved user email: 'kevinpingol123@gmail.com'
2025-10-11 08:45:15.808 11915-11915 AddedFoodManager        com.example.nutrisaur11              D  ğŸ” Attempting to store food in database:
2025-10-11 08:45:15.808 11915-11915 AddedFoodManager        com.example.nutrisaur11              D    - User Email: kevinpingol123@gmail.com
2025-10-11 08:45:15.808 11915-11915 AddedFoodManager        com.example.nutrisaur11              D    - Date: 2025-10-11
2025-10-11 08:45:15.808 11915-11915 AddedFoodManager        com.example.nutrisaur11              D    - Meal: Breakfast
2025-10-11 08:45:15.808 11915-11915 AddedFoodManager        com.example.nutrisaur11              D    - Food: Arroz Caldo
2025-10-11 08:45:15.808 11915-11915 FoodActivity            com.example.nutrisaur11              D  âœ… Stored: Arroz Caldo in Breakfast for 2025-10-11
2025-10-11 08:45:15.808 11915-11915 FoodActivity            com.example.nutrisaur11              D  About to store: Longsilog in Breakfast for 2025-10-11
2025-10-11 08:45:15.808 11915-11915 AddedFoodManager        com.example.nutrisaur11              D  ğŸ¯ addFoodToMealTime called: Longsilog -> Breakfast on 2025-10-11
2025-10-11 08:45:15.811 11915-18644 ApiClient               com.example.nutrisaur11              D  Response code: 200
2025-10-11 08:45:15.812 11915-18644 ApiClient               com.example.nutrisaur11              D  ğŸ“¥ Upload food response: {"success":true,"message":"Food entry added successfully","id":"104"}
2025-10-11 08:45:15.812 11915-18644 AddedFoodManager        com.example.nutrisaur11              D  âœ… Database storage call completed
2025-10-11 08:45:15.812 11915-18656 ApiClient               com.example.nutrisaur11              D  ğŸš€ Starting food upload to database:
2025-10-11 08:45:15.812 11915-18656 ApiClient               com.example.nutrisaur11              D    - User: kevinpingol123@gmail.com
2025-10-11 08:45:15.812 11915-18656 ApiClient               com.example.nutrisaur11              D    - Date: 2025-10-11
2025-10-11 08:45:15.812 11915-18656 ApiClient               com.example.nutrisaur11              D    - Meal: Breakfast
2025-10-11 08:45:15.812 11915-18656 ApiClient               com.example.nutrisaur11              D    - Food: Arroz Caldo
2025-10-11 08:45:15.812 11915-18656 ApiClient               com.example.nutrisaur11              D  ğŸ“¡ Upload URL: https://nutrisaur-production.up.railway.app/api/food_history_api.php?action=add
2025-10-11 08:45:15.812 11915-18656 ApiClient               com.example.nutrisaur11              D  ğŸ“¦ Upload data: {"user_email":"kevinpingol123@gmail.com","date":"2025-10-11","meal_category":"Breakfast","food_name":"Arroz Caldo","calories":450,"serving_size":"Generous bowl","protein":20,"carbs":60,"fat":15,"fiber":0}
2025-10-11 08:45:15.816 11915-11915 AddedFoodManager        com.example.nutrisaur11              D  Added Longsilog to Breakfast on 2025-10-11 (using single storage system)
2025-10-11 08:45:15.816 11915-11915 AddedFoodManager        com.example.nutrisaur11              D  Retrieved user email: 'kevinpingol123@gmail.com'
2025-10-11 08:45:15.816 11915-11915 AddedFoodManager        com.example.nutrisaur11              D  ğŸ” Attempting to store food in database:
2025-10-11 08:45:15.816 11915-11915 AddedFoodManager        com.example.nutrisaur11              D    - User Email: kevinpingol123@gmail.com
2025-10-11 08:45:15.816 11915-11915 AddedFoodManager        com.example.nutrisaur11              D    - Date: 2025-10-11
2025-10-11 08:45:15.816 11915-11915 AddedFoodManager        com.example.nutrisaur11              D    - Meal: Breakfast
2025-10-11 08:45:15.816 11915-11915 AddedFoodManager        com.example.nutrisaur11              D    - Food: Longsilog
2025-10-11 08:45:15.816 11915-11915 FoodActivity            com.example.nutrisaur11              D  âœ… Stored: Longsilog in Breakfast for 2025-10-11
2025-10-11 08:45:15.816 11915-11915 FoodActivity            com.example.nutrisaur11              D  About to store: Longsilog in Breakfast for 2025-10-11
2025-10-11 08:45:15.816 11915-11915 AddedFoodManager        com.example.nutrisaur11              D  ğŸ¯ addFoodToMealTime called: Longsilog -> Breakfast on 2025-10-11
2025-10-11 08:45:15.817 11915-18657 ApiClient               com.example.nutrisaur11              D  ğŸš€ Starting food upload to database:
2025-10-11 08:45:15.817 11915-18657 ApiClient               com.example.nutrisaur11              D    - User: kevinpingol123@gmail.com
2025-10-11 08:45:15.817 11915-18657 ApiClient               com.example.nutrisaur11              D    - Date: 2025-10-11
2025-10-11 08:45:15.817 11915-18657 ApiClient               com.example.nutrisaur11              D    - Meal: Breakfast
2025-10-11 08:45:15.817 11915-18657 ApiClient               com.example.nutrisaur11              D    - Food: Longsilog
2025-10-11 08:45:15.817 11915-18657 ApiClient               com.example.nutrisaur11              D  ğŸ“¡ Upload URL: https://nutrisaur-production.up.railway.app/api/food_history_api.php?action=add
2025-10-11 08:45:15.817 11915-18657 ApiClient               com.example.nutrisaur11              D  ğŸ“¦ Upload data: {"user_email":"kevinpingol123@gmail.com","date":"2025-10-11","meal_category":"Breakfast","food_name":"Longsilog","calories":550,"serving_size":"Large plate with extra rice","protein":25,"carbs":50,"fat":25,"fiber":0}
2025-10-11 08:45:15.823 11915-18649 ApiClient               com.example.nutrisaur11              D  Response code: 200
2025-10-11 08:45:15.823 11915-11915 AddedFoodManager        com.example.nutrisaur11              D  Added Longsilog to Breakfast on 2025-10-11 (using single storage system)
2025-10-11 08:45:15.823 11915-11915 AddedFoodManager        com.example.nutrisaur11              D  Retrieved user email: 'kevinpingol123@gmail.com'
2025-10-11 08:45:15.823 11915-11915 AddedFoodManager        com.example.nutrisaur11              D  ğŸ” Attempting to store food in database:
2025-10-11 08:45:15.823 11915-11915 AddedFoodManager        com.example.nutrisaur11              D    - User Email: kevinpingol123@gmail.com
2025-10-11 08:45:15.823 11915-11915 AddedFoodManager        com.example.nutrisaur11              D    - Date: 2025-10-11
2025-10-11 08:45:15.823 11915-11915 AddedFoodManager        com.example.nutrisaur11              D    - Meal: Breakfast
2025-10-11 08:45:15.823 11915-11915 AddedFoodManager        com.example.nutrisaur11              D    - Food: Longsilog
2025-10-11 08:45:15.824 11915-18649 ApiClient               com.example.nutrisaur11              D  ğŸ“¥ Upload food response: {"success":true,"message":"Food entry added successfully","id":"105"}
2025-10-11 08:45:15.824 11915-18649 AddedFoodManager        com.example.nutrisaur11              D  âœ… Database storage call completed
2025-10-11 08:45:15.824 11915-11915 FoodActivity            com.example.nutrisaur11              D  âœ… Stored: Longsilog in Breakfast for 2025-10-11
2025-10-11 08:45:15.824 11915-11915 FoodActivity            com.example.nutrisaur11              D  About to store: Longsilog in Breakfast for 2025-10-11
2025-10-11 08:45:15.824 11915-11915 AddedFoodManager        com.example.nutrisaur11              D  ğŸ¯ addFoodToMealTime called: Longsilog -> Breakfast on 2025-10-11
2025-10-11 08:45:15.824 11915-18659 ApiClient               com.example.nutrisaur11              D  ğŸš€ Starting food upload to database:
2025-10-11 08:45:15.824 11915-18659 ApiClient               com.example.nutrisaur11              D    - User: kevinpingol123@gmail.com
2025-10-11 08:45:15.824 11915-18659 ApiClient               com.example.nutrisaur11              D    - Date: 2025-10-11
2025-10-11 08:45:15.824 11915-18659 ApiClient               com.example.nutrisaur11              D    - Meal: Breakfast
2025-10-11 08:45:15.824 11915-18659 ApiClient               com.example.nutrisaur11              D    - Food: Longsilog
2025-10-11 08:45:15.824 11915-18659 ApiClient               com.example.nutrisaur11              D  ğŸ“¡ Upload URL: https://nutrisaur-production.up.railway.app/api/food_history_api.php?action=add
2025-10-11 08:45:15.825 11915-18659 ApiClient               com.example.nutrisaur11              D  ğŸ“¦ Upload data: {"user_email":"kevinpingol123@gmail.com","date":"2025-10-11","meal_category":"Breakfast","food_name":"Longsilog","calories":550,"serving_size":"Large plate with extra rice","protein":25,"carbs":50,"fat":25,"fiber":0}
2025-10-11 08:45:15.832 11915-11915 AddedFoodManager        com.example.nutrisaur11              D  Added Longsilog to Breakfast on 2025-10-11 (using single storage system)
2025-10-11 08:45:15.832 11915-11915 AddedFoodManager        com.example.nutrisaur11              D  Retrieved user email: 'kevinpingol123@gmail.com'
2025-10-11 08:45:15.832 11915-11915 AddedFoodManager        com.example.nutrisaur11              D  ğŸ” Attempting to store food in database:
2025-10-11 08:45:15.832 11915-11915 AddedFoodManager        com.example.nutrisaur11              D    - User Email: kevinpingol123@gmail.com
2025-10-11 08:45:15.832 11915-11915 AddedFoodManager        com.example.nutrisaur11              D    - Date: 2025-10-11
2025-10-11 08:45:15.832 11915-11915 AddedFoodManager        com.example.nutrisaur11              D    - Meal: Breakfast
2025-10-11 08:45:15.832 11915-11915 AddedFoodManager        com.example.nutrisaur11              D    - Food: Longsilog
2025-10-11 08:45:15.832 11915-11915 FoodActivity            com.example.nutrisaur11              D  âœ… Stored: Longsilog in Breakfast for 2025-10-11
2025-10-11 08:45:15.832 11915-11915 FoodActivity            com.example.nutrisaur11              D  About to store: Longsilog in Breakfast for 2025-10-11
2025-10-11 08:45:15.832 11915-11915 AddedFoodManager        com.example.nutrisaur11              D  ğŸ¯ addFoodToMealTime called: Longsilog -> Breakfast on 2025-10-11
2025-10-11 08:45:15.833 11915-18661 ApiClient               com.example.nutrisaur11              D  ğŸš€ Starting food upload to database:
2025-10-11 08:45:15.833 11915-18661 ApiClient               com.example.nutrisaur11              D    - User: kevinpingol123@gmail.com
2025-10-11 08:45:15.833 11915-18661 ApiClient               com.example.nutrisaur11              D    - Date: 2025-10-11
2025-10-11 08:45:15.833 11915-18661 ApiClient               com.example.nutrisaur11              D    - Meal: Breakfast
2025-10-11 08:45:15.833 11915-18661 ApiClient               com.example.nutrisaur11              D    - Food: Longsilog
2025-10-11 08:45:15.833 11915-18661 ApiClient               com.example.nutrisaur11              D  ğŸ“¡ Upload URL: https://nutrisaur-production.up.railway.app/api/food_history_api.php?action=add
2025-10-11 08:45:15.833 11915-18661 ApiClient               com.example.nutrisaur11              D  ğŸ“¦ Upload data: {"user_email":"kevinpingol123@gmail.com","date":"2025-10-11","meal_category":"Breakfast","food_name":"Longsilog","calories":550,"serving_size":"Large plate with extra rice","protein":25,"carbs":50,"fat":25,"fiber":0}
2025-10-11 08:45:15.840 11915-11915 AddedFoodManager        com.example.nutrisaur11              D  Added Longsilog to Breakfast on 2025-10-11 (using single storage system)
2025-10-11 08:45:15.840 11915-11915 AddedFoodManager        com.example.nutrisaur11              D  Retrieved user email: 'kevinpingol123@gmail.com'
2025-10-11 08:45:15.840 11915-11915 AddedFoodManager        com.example.nutrisaur11              D  ğŸ” Attempting to store food in database:
2025-10-11 08:45:15.840 11915-11915 AddedFoodManager        com.example.nutrisaur11              D    - User Email: kevinpingol123@gmail.com
2025-10-11 08:45:15.840 11915-11915 AddedFoodManager        com.example.nutrisaur11              D    - Date: 2025-10-11
2025-10-11 08:45:15.840 11915-11915 AddedFoodManager        com.example.nutrisaur11              D    - Meal: Breakfast
2025-10-11 08:45:15.840 11915-11915 AddedFoodManager        com.example.nutrisaur11              D    - Food: Longsilog
2025-10-11 08:45:15.840 11915-11915 FoodActivity            com.example.nutrisaur11              D  âœ… Stored: Longsilog in Breakfast for 2025-10-11
2025-10-11 08:45:15.840 11915-11915 FoodActivity            com.example.nutrisaur11              D  About to store: Longsilog in Breakfast for 2025-10-11
2025-10-11 08:45:15.840 11915-11915 AddedFoodManager        com.example.nutrisaur11              D  ğŸ¯ addFoodToMealTime called: Longsilog -> Breakfast on 2025-10-11
2025-10-11 08:45:15.840 11915-18662 ApiClient               com.example.nutrisaur11              D  ğŸš€ Starting food upload to database:
2025-10-11 08:45:15.840 11915-18662 ApiClient               com.example.nutrisaur11              D    - User: kevinpingol123@gmail.com
2025-10-11 08:45:15.840 11915-18662 ApiClient               com.example.nutrisaur11              D    - Date: 2025-10-11
2025-10-11 08:45:15.840 11915-18662 ApiClient               com.example.nutrisaur11              D    - Meal: Breakfast
2025-10-11 08:45:15.840 11915-18662 ApiClient               com.example.nutrisaur11              D    - Food: Longsilog
2025-10-11 08:45:15.840 11915-18662 ApiClient               com.example.nutrisaur11              D  ğŸ“¡ Upload URL: https://nutrisaur-production.up.railway.app/api/food_history_api.php?action=add
2025-10-11 08:45:15.840 11915-18662 ApiClient               com.example.nutrisaur11              D  ğŸ“¦ Upload data: {"user_email":"kevinpingol123@gmail.com","date":"2025-10-11","meal_category":"Breakfast","food_name":"Longsilog","calories":550,"serving_size":"Large plate with extra rice","protein":25,"carbs":50,"fat":25,"fiber":0}
2025-10-11 08:45:15.847 11915-18651 ApiClient               com.example.nutrisaur11              D  Response code: 200
2025-10-11 08:45:15.848 11915-18651 ApiClient               com.example.nutrisaur11              D  ğŸ“¥ Upload food response: {"success":true,"message":"Food entry added successfully","id":"106"}
2025-10-11 08:45:15.848 11915-18651 AddedFoodManager        com.example.nutrisaur11              D  âœ… Database storage call completed
2025-10-11 08:45:15.848 11915-11915 AddedFoodManager        com.example.nutrisaur11              D  Added Longsilog to Breakfast on 2025-10-11 (using single storage system)
2025-10-11 08:45:15.848 11915-11915 AddedFoodManager        com.example.nutrisaur11              D  Retrieved user email: 'kevinpingol123@gmail.com'
2025-10-11 08:45:15.848 11915-11915 AddedFoodManager        com.example.nutrisaur11              D  ğŸ” Attempting to store food in database:
2025-10-11 08:45:15.848 11915-11915 AddedFoodManager        com.example.nutrisaur11              D    - User Email: kevinpingol123@gmail.com
2025-10-11 08:45:15.848 11915-11915 AddedFoodManager        com.example.nutrisaur11              D    - Date: 2025-10-11
2025-10-11 08:45:15.848 11915-11915 AddedFoodManager        com.example.nutrisaur11              D    - Meal: Breakfast
2025-10-11 08:45:15.848 11915-11915 AddedFoodManager        com.example.nutrisaur11              D    - Food: Longsilog
2025-10-11 08:45:15.848 11915-11915 FoodActivity            com.example.nutrisaur11              D  âœ… Stored: Longsilog in Breakfast for 2025-10-11
2025-10-11 08:45:15.848 11915-11915 FoodActivity            com.example.nutrisaur11              D  About to store: Longsilog in Breakfast for 2025-10-11
2025-10-11 08:45:15.848 11915-11915 AddedFoodManager        com.example.nutrisaur11              D  ğŸ¯ addFoodToMealTime called: Longsilog -> Breakfast on 2025-10-11
2025-10-11 08:45:15.856 11915-11915 AddedFoodManager        com.example.nutrisaur11              D  Added Longsilog to Breakfast on 2025-10-11 (using single storage system)
2025-10-11 08:45:15.856 11915-11915 AddedFoodManager        com.example.nutrisaur11              D  Retrieved user email: 'kevinpingol123@gmail.com'
2025-10-11 08:45:15.856 11915-11915 AddedFoodManager        com.example.nutrisaur11              D  ğŸ” Attempting to store food in database:
2025-10-11 08:45:15.856 11915-11915 AddedFoodManager        com.example.nutrisaur11              D    - User Email: kevinpingol123@gmail.com
2025-10-11 08:45:15.857 11915-11915 AddedFoodManager        com.example.nutrisaur11              D    - Date: 2025-10-11
2025-10-11 08:45:15.857 11915-11915 AddedFoodManager        com.example.nutrisaur11              D    - Meal: Breakfast
2025-10-11 08:45:15.857 11915-11915 AddedFoodManager        com.example.nutrisaur11              D    - Food: Longsilog
2025-10-11 08:45:15.857 11915-11915 FoodActivity            com.example.nutrisaur11              D  âœ… Stored: Longsilog in Breakfast for 2025-10-11
2025-10-11 08:45:15.857 11915-11915 FoodActivity            com.example.nutrisaur11              D  About to store: Longsilog in Breakfast for 2025-10-11
2025-10-11 08:45:15.857 11915-11915 AddedFoodManager        com.example.nutrisaur11              D  ğŸ¯ addFoodToMealTime called: Longsilog -> Breakfast on 2025-10-11
2025-10-11 08:45:15.857 11915-18664 ApiClient               com.example.nutrisaur11              D  ğŸš€ Starting food upload to database:
2025-10-11 08:45:15.857 11915-18664 ApiClient               com.example.nutrisaur11              D    - User: kevinpingol123@gmail.com
2025-10-11 08:45:15.857 11915-18664 ApiClient               com.example.nutrisaur11              D    - Date: 2025-10-11
2025-10-11 08:45:15.857 11915-18664 ApiClient               com.example.nutrisaur11              D    - Meal: Breakfast
2025-10-11 08:45:15.857 11915-18664 ApiClient               com.example.nutrisaur11              D    - Food: Longsilog
2025-10-11 08:45:15.858 11915-18664 ApiClient               com.example.nutrisaur11              D  ğŸ“¡ Upload URL: https://nutrisaur-production.up.railway.app/api/food_history_api.php?action=add
2025-10-11 08:45:15.858 11915-18664 ApiClient               com.example.nutrisaur11              D  ğŸ“¦ Upload data: {"user_email":"kevinpingol123@gmail.com","date":"2025-10-11","meal_category":"Breakfast","food_name":"Longsilog","calories":550,"serving_size":"Large plate with extra rice","protein":25,"carbs":50,"fat":25,"fiber":0}
2025-10-11 08:45:15.860 11915-18663 ApiClient               com.example.nutrisaur11              D  ğŸš€ Starting food upload to database:
2025-10-11 08:45:15.860 11915-18663 ApiClient               com.example.nutrisaur11              D    - User: kevinpingol123@gmail.com
2025-10-11 08:45:15.860 11915-18663 ApiClient               com.example.nutrisaur11              D    - Date: 2025-10-11
2025-10-11 08:45:15.860 11915-18663 ApiClient               com.example.nutrisaur11              D    - Meal: Breakfast
2025-10-11 08:45:15.860 11915-18663 ApiClient               com.example.nutrisaur11              D    - Food: Longsilog
2025-10-11 08:45:15.860 11915-18663 ApiClient               com.example.nutrisaur11              D  ğŸ“¡ Upload URL: https://nutrisaur-production.up.railway.app/api/food_history_api.php?action=add
2025-10-11 08:45:15.861 11915-18663 ApiClient               com.example.nutrisaur11              D  ğŸ“¦ Upload data: {"user_email":"kevinpingol123@gmail.com","date":"2025-10-11","meal_category":"Breakfast","food_name":"Longsilog","calories":550,"serving_size":"Large plate with extra rice","protein":25,"carbs":50,"fat":25,"fiber":0}
2025-10-11 08:45:15.861 11915-18655 ApiClient               com.example.nutrisaur11              D  Response code: 200
2025-10-11 08:45:15.861 11915-18655 ApiClient               com.example.nutrisaur11              D  ğŸ“¥ Upload food response: {"success":true,"message":"Food entry added successfully","id":"107"}
2025-10-11 08:45:15.861 11915-18655 AddedFoodManager        com.example.nutrisaur11              D  âœ… Database storage call completed
2025-10-11 08:45:15.865 11915-11915 AddedFoodManager        com.example.nutrisaur11              D  Added Longsilog to Breakfast on 2025-10-11 (using single storage system)
2025-10-11 08:45:15.865 11915-11915 AddedFoodManager        com.example.nutrisaur11              D  Retrieved user email: 'kevinpingol123@gmail.com'
2025-10-11 08:45:15.865 11915-11915 AddedFoodManager        com.example.nutrisaur11              D  ğŸ” Attempting to store food in database:
2025-10-11 08:45:15.865 11915-11915 AddedFoodManager        com.example.nutrisaur11              D    - User Email: kevinpingol123@gmail.com
2025-10-11 08:45:15.865 11915-11915 AddedFoodManager        com.example.nutrisaur11              D    - Date: 2025-10-11
2025-10-11 08:45:15.865 11915-11915 AddedFoodManager        com.example.nutrisaur11              D    - Meal: Breakfast
2025-10-11 08:45:15.865 11915-11915 AddedFoodManager        com.example.nutrisaur11              D    - Food: Longsilog
2025-10-11 08:45:15.866 11915-11915 FoodActivity            com.example.nutrisaur11              D  âœ… Stored: Longsilog in Breakfast for 2025-10-11
2025-10-11 08:45:15.866 11915-11915 FoodActivity            com.example.nutrisaur11              D  About to store: Longsilog in Breakfast for 2025-10-11
2025-10-11 08:45:15.866 11915-11915 AddedFoodManager        com.example.nutrisaur11              D  ğŸ¯ addFoodToMealTime called: Longsilog -> Breakfast on 2025-10-11
2025-10-11 08:45:15.867 11915-18666 ApiClient               com.example.nutrisaur11              D  ğŸš€ Starting food upload to database:
2025-10-11 08:45:15.867 11915-18666 ApiClient               com.example.nutrisaur11              D    - User: kevinpingol123@gmail.com
2025-10-11 08:45:15.867 11915-18666 ApiClient               com.example.nutrisaur11              D    - Date: 2025-10-11
2025-10-11 08:45:15.867 11915-18666 ApiClient               com.example.nutrisaur11              D    - Meal: Breakfast
2025-10-11 08:45:15.868 11915-18666 ApiClient               com.example.nutrisaur11              D    - Food: Longsilog
2025-10-11 08:45:15.868 11915-18666 ApiClient               com.example.nutrisaur11              D  ğŸ“¡ Upload URL: https://nutrisaur-production.up.railway.app/api/food_history_api.php?action=add
2025-10-11 08:45:15.868 11915-18666 ApiClient               com.example.nutrisaur11              D  ğŸ“¦ Upload data: {"user_email":"kevinpingol123@gmail.com","date":"2025-10-11","meal_category":"Breakfast","food_name":"Longsilog","calories":550,"serving_size":"Large plate with extra rice","protein":25,"carbs":50,"fat":25,"fiber":0}
2025-10-11 08:45:15.871 11915-18653 ApiClient               com.example.nutrisaur11              D  Response code: 200
2025-10-11 08:45:15.872 11915-18653 ApiClient               com.example.nutrisaur11              D  ğŸ“¥ Upload food response: {"success":true,"message":"Food entry added successfully","id":"108"}
2025-10-11 08:45:15.872 11915-18653 AddedFoodManager        com.example.nutrisaur11              D  âœ… Database storage call completed
2025-10-11 08:45:15.874 11915-11915 AddedFoodManager        com.example.nutrisaur11              D  Added Longsilog to Breakfast on 2025-10-11 (using single storage system)
2025-10-11 08:45:15.874 11915-11915 AddedFoodManager        com.example.nutrisaur11              D  Retrieved user email: 'kevinpingol123@gmail.com'
2025-10-11 08:45:15.874 11915-11915 AddedFoodManager        com.example.nutrisaur11              D  ğŸ” Attempting to store food in database:
2025-10-11 08:45:15.874 11915-11915 AddedFoodManager        com.example.nutrisaur11              D    - User Email: kevinpingol123@gmail.com
2025-10-11 08:45:15.874 11915-11915 AddedFoodManager        com.example.nutrisaur11              D    - Date: 2025-10-11
2025-10-11 08:45:15.874 11915-11915 AddedFoodManager        com.example.nutrisaur11              D    - Meal: Breakfast
2025-10-11 08:45:15.874 11915-11915 AddedFoodManager        com.example.nutrisaur11              D    - Food: Longsilog
2025-10-11 08:45:15.874 11915-11915 FoodActivity            com.example.nutrisaur11              D  âœ… Stored: Longsilog in Breakfast for 2025-10-11
2025-10-11 08:45:15.874 11915-11915 FoodActivity            com.example.nutrisaur11              D  About to store: Longsilog in Breakfast for 2025-10-11
2025-10-11 08:45:15.874 11915-11915 AddedFoodManager        com.example.nutrisaur11              D  ğŸ¯ addFoodToMealTime called: Longsilog -> Breakfast on 2025-10-11
2025-10-11 08:45:15.875 11915-18667 ApiClient               com.example.nutrisaur11              D  ğŸš€ Starting food upload to database:
2025-10-11 08:45:15.875 11915-18667 ApiClient               com.example.nutrisaur11              D    - User: kevinpingol123@gmail.com
2025-10-11 08:45:15.875 11915-18667 ApiClient               com.example.nutrisaur11              D    - Date: 2025-10-11
2025-10-11 08:45:15.875 11915-18667 ApiClient               com.example.nutrisaur11              D    - Meal: Breakfast
2025-10-11 08:45:15.875 11915-18667 ApiClient               com.example.nutrisaur11              D    - Food: Longsilog
2025-10-11 08:45:15.875 11915-18667 ApiClient               com.example.nutrisaur11              D  ğŸ“¡ Upload URL: https://nutrisaur-production.up.railway.app/api/food_history_api.php?action=add
2025-10-11 08:45:15.875 11915-18667 ApiClient               com.example.nutrisaur11              D  ğŸ“¦ Upload data: {"user_email":"kevinpingol123@gmail.com","date":"2025-10-11","meal_category":"Breakfast","food_name":"Longsilog","calories":550,"serving_size":"Large plate with extra rice","protein":25,"carbs":50,"fat":25,"fiber":0}
2025-10-11 08:45:15.878 11915-18656 ApiClient               com.example.nutrisaur11              D  Response code: 200
2025-10-11 08:45:15.878 11915-18656 ApiClient               com.example.nutrisaur11              D  ğŸ“¥ Upload food response: {"success":true,"message":"Food entry added successfully","id":"109"}
2025-10-11 08:45:15.878 11915-18656 AddedFoodManager        com.example.nutrisaur11              D  âœ… Database storage call completed
2025-10-11 08:45:15.882 11915-11915 AddedFoodManager        com.example.nutrisaur11              D  Added Longsilog to Breakfast on 2025-10-11 (using single storage system)
2025-10-11 08:45:15.882 11915-11915 AddedFoodManager        com.example.nutrisaur11              D  Retrieved user email: 'kevinpingol123@gmail.com'
2025-10-11 08:45:15.882 11915-11915 AddedFoodManager        com.example.nutrisaur11              D  ğŸ” Attempting to store food in database:
2025-10-11 08:45:15.883 11915-11915 AddedFoodManager        com.example.nutrisaur11              D    - User Email: kevinpingol123@gmail.com
2025-10-11 08:45:15.883 11915-11915 AddedFoodManager        com.example.nutrisaur11              D    - Date: 2025-10-11
2025-10-11 08:45:15.883 11915-11915 AddedFoodManager        com.example.nutrisaur11              D    - Meal: Breakfast
2025-10-11 08:45:15.883 11915-11915 AddedFoodManager        com.example.nutrisaur11              D    - Food: Longsilog
2025-10-11 08:45:15.883 11915-11915 FoodActivity            com.example.nutrisaur11              D  âœ… Stored: Longsilog in Breakfast for 2025-10-11
2025-10-11 08:45:15.883 11915-11915 FoodActivity            com.example.nutrisaur11              D  About to store: Longsilog in Breakfast for 2025-10-11
2025-10-11 08:45:15.883 11915-11915 AddedFoodManager        com.example.nutrisaur11              D  ğŸ¯ addFoodToMealTime called: Longsilog -> Breakfast on 2025-10-11
2025-10-11 08:45:15.883 11915-18668 ApiClient               com.example.nutrisaur11              D  ğŸš€ Starting food upload to database:
2025-10-11 08:45:15.884 11915-18668 ApiClient               com.example.nutrisaur11              D    - User: kevinpingol123@gmail.com
2025-10-11 08:45:15.884 11915-18668 ApiClient               com.example.nutrisaur11              D    - Date: 2025-10-11
2025-10-11 08:45:15.884 11915-18668 ApiClient               com.example.nutrisaur11              D    - Meal: Breakfast
2025-10-11 08:45:15.884 11915-18668 ApiClient               com.example.nutrisaur11              D    - Food: Longsilog
2025-10-11 08:45:15.884 11915-18668 ApiClient               com.example.nutrisaur11              D  ğŸ“¡ Upload URL: https://nutrisaur-production.up.railway.app/api/food_history_api.php?action=add
2025-10-11 08:45:15.884 11915-18668 ApiClient               com.example.nutrisaur11              D  ğŸ“¦ Upload data: {"user_email":"kevinpingol123@gmail.com","date":"2025-10-11","meal_category":"Breakfast","food_name":"Longsilog","calories":550,"serving_size":"Large plate with extra rice","protein":25,"carbs":50,"fat":25,"fiber":0}
2025-10-11 08:45:15.889 11915-18659 ApiClient               com.example.nutrisaur11              D  Response code: 200
2025-10-11 08:45:15.889 11915-18659 ApiClient               com.example.nutrisaur11              D  ğŸ“¥ Upload food response: {"success":true,"message":"Food entry added successfully","id":"110"}
2025-10-11 08:45:15.889 11915-18659 AddedFoodManager        com.example.nutrisaur11              D  âœ… Database storage call completed
2025-10-11 08:45:15.891 11915-11915 AddedFoodManager        com.example.nutrisaur11              D  Added Longsilog to Breakfast on 2025-10-11 (using single storage system)
2025-10-11 08:45:15.891 11915-11915 AddedFoodManager        com.example.nutrisaur11              D  Retrieved user email: 'kevinpingol123@gmail.com'
2025-10-11 08:45:15.891 11915-11915 AddedFoodManager        com.example.nutrisaur11              D  ğŸ” Attempting to store food in database:
2025-10-11 08:45:15.891 11915-11915 AddedFoodManager        com.example.nutrisaur11              D    - User Email: kevinpingol123@gmail.com
2025-10-11 08:45:15.891 11915-11915 AddedFoodManager        com.example.nutrisaur11              D    - Date: 2025-10-11
2025-10-11 08:45:15.891 11915-11915 AddedFoodManager        com.example.nutrisaur11              D    - Meal: Breakfast
2025-10-11 08:45:15.891 11915-11915 AddedFoodManager        com.example.nutrisaur11              D    - Food: Longsilog
2025-10-11 08:45:15.891 11915-11915 FoodActivity            com.example.nutrisaur11              D  âœ… Stored: Longsilog in Breakfast for 2025-10-11
2025-10-11 08:45:15.891 11915-11915 FoodActivity            com.example.nutrisaur11              D  About to store: Longsilog in Breakfast for 2025-10-11
2025-10-11 08:45:15.891 11915-11915 AddedFoodManager        com.example.nutrisaur11              D  ğŸ¯ addFoodToMealTime called: Longsilog -> Breakfast on 2025-10-11
2025-10-11 08:45:15.892 11915-18669 ApiClient               com.example.nutrisaur11              D  ğŸš€ Starting food upload to database:
2025-10-11 08:45:15.892 11915-18669 ApiClient               com.example.nutrisaur11              D    - User: kevinpingol123@gmail.com
2025-10-11 08:45:15.892 11915-18669 ApiClient               com.example.nutrisaur11              D    - Date: 2025-10-11
2025-10-11 08:45:15.892 11915-18669 ApiClient               com.example.nutrisaur11              D    - Meal: Breakfast
2025-10-11 08:45:15.892 11915-18669 ApiClient               com.example.nutrisaur11              D    - Food: Longsilog
2025-10-11 08:45:15.892 11915-18669 ApiClient               com.example.nutrisaur11              D  ğŸ“¡ Upload URL: https://nutrisaur-production.up.railway.app/api/food_history_api.php?action=add
2025-10-11 08:45:15.892 11915-18669 ApiClient               com.example.nutrisaur11              D  ğŸ“¦ Upload data: {"user_email":"kevinpingol123@gmail.com","date":"2025-10-11","meal_category":"Breakfast","food_name":"Longsilog","calories":550,"serving_size":"Large plate with extra rice","protein":25,"carbs":50,"fat":25,"fiber":0}
2025-10-11 08:45:15.900 11915-11915 AddedFoodManager        com.example.nutrisaur11              D  Added Longsilog to Breakfast on 2025-10-11 (using single storage system)
2025-10-11 08:45:15.900 11915-11915 AddedFoodManager        com.example.nutrisaur11              D  Retrieved user email: 'kevinpingol123@gmail.com'
2025-10-11 08:45:15.900 11915-11915 AddedFoodManager        com.example.nutrisaur11              D  ğŸ” Attempting to store food in database:
2025-10-11 08:45:15.900 11915-11915 AddedFoodManager        com.example.nutrisaur11              D    - User Email: kevinpingol123@gmail.com
2025-10-11 08:45:15.900 11915-11915 AddedFoodManager        com.example.nutrisaur11              D    - Date: 2025-10-11
2025-10-11 08:45:15.900 11915-11915 AddedFoodManager        com.example.nutrisaur11              D    - Meal: Breakfast
2025-10-11 08:45:15.900 11915-11915 AddedFoodManager        com.example.nutrisaur11              D    - Food: Longsilog
2025-10-11 08:45:15.900 11915-11915 FoodActivity            com.example.nutrisaur11              D  âœ… Stored: Longsilog in Breakfast for 2025-10-11
2025-10-11 08:45:15.900 11915-11915 FoodActivity            com.example.nutrisaur11              D  About to store: Longsilog in Breakfast for 2025-10-11
2025-10-11 08:45:15.900 11915-11915 AddedFoodManager        com.example.nutrisaur11              D  ğŸ¯ addFoodToMealTime called: Longsilog -> Breakfast on 2025-10-11
2025-10-11 08:45:15.901 11915-18670 ApiClient               com.example.nutrisaur11              D  ğŸš€ Starting food upload to database:
2025-10-11 08:45:15.901 11915-18670 ApiClient               com.example.nutrisaur11              D    - User: kevinpingol123@gmail.com
2025-10-11 08:45:15.901 11915-18670 ApiClient               com.example.nutrisaur11              D    - Date: 2025-10-11
2025-10-11 08:45:15.901 11915-18670 ApiClient               com.example.nutrisaur11              D    - Meal: Breakfast
2025-10-11 08:45:15.901 11915-18670 ApiClient               com.example.nutrisaur11              D    - Food: Longsilog
2025-10-11 08:45:15.901 11915-18670 ApiClient               com.example.nutrisaur11              D  ğŸ“¡ Upload URL: https://nutrisaur-production.up.railway.app/api/food_history_api.php?action=add
2025-10-11 08:45:15.901 11915-18670 ApiClient               com.example.nutrisaur11              D  ğŸ“¦ Upload data: {"user_email":"kevinpingol123@gmail.com","date":"2025-10-11","meal_category":"Breakfast","food_name":"Longsilog","calories":550,"serving_size":"Large plate with extra rice","protein":25,"carbs":50,"fat":25,"fiber":0}
2025-10-11 08:45:15.909 11915-11915 AddedFoodManager        com.example.nutrisaur11              D  Added Longsilog to Breakfast on 2025-10-11 (using single storage system)
2025-10-11 08:45:15.909 11915-11915 AddedFoodManager        com.example.nutrisaur11              D  Retrieved user email: 'kevinpingol123@gmail.com'
2025-10-11 08:45:15.909 11915-11915 AddedFoodManager        com.example.nutrisaur11              D  ğŸ” Attempting to store food in database:
2025-10-11 08:45:15.909 11915-11915 AddedFoodManager        com.example.nutrisaur11              D    - User Email: kevinpingol123@gmail.com
2025-10-11 08:45:15.909 11915-11915 AddedFoodManager        com.example.nutrisaur11              D    - Date: 2025-10-11
2025-10-11 08:45:15.909 11915-11915 AddedFoodManager        com.example.nutrisaur11              D    - Meal: Breakfast
2025-10-11 08:45:15.909 11915-11915 AddedFoodManager        com.example.nutrisaur11              D    - Food: Longsilog
2025-10-11 08:45:15.909 11915-11915 FoodActivity            com.example.nutrisaur11              D  âœ… Stored: Longsilog in Breakfast for 2025-10-11
2025-10-11 08:45:15.909 11915-11915 FoodActivity            com.example.nutrisaur11              D  About to store: Longsilog in Breakfast for 2025-10-11
2025-10-11 08:45:15.909 11915-11915 AddedFoodManager        com.example.nutrisaur11              D  ğŸ¯ addFoodToMealTime called: Longsilog -> Breakfast on 2025-10-11
2025-10-11 08:45:15.909 11915-18671 ApiClient               com.example.nutrisaur11              D  ğŸš€ Starting food upload to database:
2025-10-11 08:45:15.909 11915-18671 ApiClient               com.example.nutrisaur11              D    - User: kevinpingol123@gmail.com
2025-10-11 08:45:15.909 11915-18671 ApiClient               com.example.nutrisaur11              D    - Date: 2025-10-11
2025-10-11 08:45:15.909 11915-18671 ApiClient               com.example.nutrisaur11              D    - Meal: Breakfast
2025-10-11 08:45:15.909 11915-18671 ApiClient               com.example.nutrisaur11              D    - Food: Longsilog
2025-10-11 08:45:15.909 11915-18671 ApiClient               com.example.nutrisaur11              D  ğŸ“¡ Upload URL: https://nutrisaur-production.up.railway.app/api/food_history_api.php?action=add
2025-10-11 08:45:15.910 11915-18671 ApiClient               com.example.nutrisaur11              D  ğŸ“¦ Upload data: {"user_email":"kevinpingol123@gmail.com","date":"2025-10-11","meal_category":"Breakfast","food_name":"Longsilog","calories":550,"serving_size":"Large plate with extra rice","protein":25,"carbs":50,"fat":25,"fiber":0}
2025-10-11 08:45:15.917 11915-11915 AddedFoodManager        com.example.nutrisaur11              D  Added Longsilog to Breakfast on 2025-10-11 (using single storage system)
2025-10-11 08:45:15.918 11915-11915 AddedFoodManager        com.example.nutrisaur11              D  Retrieved user email: 'kevinpingol123@gmail.com'
2025-10-11 08:45:15.918 11915-11915 AddedFoodManager        com.example.nutrisaur11              D  ğŸ” Attempting to store food in database:
2025-10-11 08:45:15.918 11915-11915 AddedFoodManager        com.example.nutrisaur11              D    - User Email: kevinpingol123@gmail.com
2025-10-11 08:45:15.918 11915-11915 AddedFoodManager        com.example.nutrisaur11              D    - Date: 2025-10-11
2025-10-11 08:45:15.918 11915-11915 AddedFoodManager        com.example.nutrisaur11              D    - Meal: Breakfast
2025-10-11 08:45:15.918 11915-11915 AddedFoodManager        com.example.nutrisaur11              D    - Food: Longsilog
2025-10-11 08:45:15.918 11915-11915 FoodActivity            com.example.nutrisaur11              D  âœ… Stored: Longsilog in Breakfast for 2025-10-11
2025-10-11 08:45:15.918 11915-11915 FoodActivity            com.example.nutrisaur11              D  About to store: Longsilog in Breakfast for 2025-10-11
2025-10-11 08:45:15.918 11915-11915 AddedFoodManager        com.example.nutrisaur11              D  ğŸ¯ addFoodToMealTime called: Longsilog -> Breakfast on 2025-10-11
2025-10-11 08:45:15.918 11915-18672 ApiClient               com.example.nutrisaur11              D  ğŸš€ Starting food upload to database:
