2025-10-11 09:04:18.544 24273-24273 FoodActivity            com.example.nutrisaur11              D  Calculated age from birthday '2005-10-10': 20
2025-10-11 09:04:18.544 24273-24273 FoodActivity            com.example.nutrisaur11              D  FoodActivity Weight field lookup - weight_kg: '50', weight: 'null', final: '50'
2025-10-11 09:04:18.544 24273-24273 FoodActivity            com.example.nutrisaur11              D  FoodActivity: Set weight from database: 50
2025-10-11 09:04:18.544 24273-24273 FoodActivity            com.example.nutrisaur11              D  FoodActivity Height field lookup - height_cm: '171', height: 'null', final: '171'
2025-10-11 09:04:18.544 24273-24273 FoodActivity            com.example.nutrisaur11              D  FoodActivity: Set height from database: 171
2025-10-11 09:04:18.544 24273-24273 FoodActivity            com.example.nutrisaur11              D  Created user profile from database data: Pingol , Kevin C. (Age: 20, Weight: 50.0, Height: 171.0, Gender: Male, Activity: Moderate)
2025-10-11 09:04:18.544 24273-24273 KcalSuggestionCache     com.example.nutrisaur11              D  User profile changed, cache invalid
2025-10-11 09:04:18.544 24273-24273 FoodActivity            com.example.nutrisaur11              D  No valid AI cache found, using fallback calculation...
2025-10-11 09:04:18.544 24273-24273 CalorieCal...ionService com.example.nutrisaur11              D  Calculated BMR: 1473.75 for Pingol , Kevin C.
2025-10-11 09:04:18.544 24273-24273 CalorieCal...ionService com.example.nutrisaur11              D  Calculated TDEE: 2284.3125 (BMR: 1473.75 × Activity: 1.55)
2025-10-11 09:04:18.544 24273-24273 CalorieCal...ionService com.example.nutrisaur11              D  Calculated daily calorie target: 2784 (TDEE: 2284.3125 + Adjustment: 500.0)
2025-10-11 09:04:18.544 24273-24273 FoodActivity            com.example.nutrisaur11              D  Using fallback calculation (AI will update cache): 2784
2025-10-11 09:04:18.544 24273-24273 FoodActivity            com.example.nutrisaur11              D  AI calculation already in progress, skipping...
2025-10-11 09:04:18.544 24273-24273 FoodActivity            com.example.nutrisaur11              D  Using AI-calculated total daily calories: 2784
2025-10-11 09:04:18.544 24273-24273 FoodActivity            com.example.nutrisaur11              D  FoodActivity Available database fields: [birthday, is_pregnant, muac_category, notes, weight_kg, nutritional_risk, height_cm, sex, municipality, muac_cm, screening_date, bmi_category, name, barangay, email, age, bmi, status]
2025-10-11 09:04:18.545 24273-24273 FoodActivity            com.example.nutrisaur11              D  Calculated age from birthday '2005-10-10': 20
2025-10-11 09:04:18.545 24273-24273 FoodActivity            com.example.nutrisaur11              D  FoodActivity Weight field lookup - weight_kg: '50', weight: 'null', final: '50'
2025-10-11 09:04:18.545 24273-24273 FoodActivity            com.example.nutrisaur11              D  FoodActivity: Set weight from database: 50
2025-10-11 09:04:18.545 24273-24273 FoodActivity            com.example.nutrisaur11              D  FoodActivity Height field lookup - height_cm: '171', height: 'null', final: '171'
2025-10-11 09:04:18.545 24273-24273 FoodActivity            com.example.nutrisaur11              D  FoodActivity: Set height from database: 171
2025-10-11 09:04:18.545 24273-24273 FoodActivity            com.example.nutrisaur11              D  Created user profile from database data: Pingol , Kevin C. (Age: 20, Weight: 50.0, Height: 171.0, Gender: Male, Activity: Moderate)
2025-10-11 09:04:18.545 24273-24273 CalorieCal...ionService com.example.nutrisaur11              D  Calculated meal distribution: Breakfast=696, Lunch=974, Dinner=835, Snacks=278
2025-10-11 09:04:18.545 24273-24273 FoodActivity            com.example.nutrisaur11              D  Calculated meal distribution: Breakfast=696, Lunch=974, Dinner=835, Snacks=278
2025-10-11 09:04:18.545 24273-24273 FoodActivity            com.example.nutrisaur11              D  Direct update Breakfast: 1600 / 696 kcal (from 3 foods)
2025-10-11 09:04:18.545 24273-24273 FoodActivity            com.example.nutrisaur11              D  Set breakfast progress text to: 1600 / 696 kcal
2025-10-11 09:04:18.545 24273-24273 FoodActivity            com.example.nutrisaur11              D  Direct update Lunch: 1400 / 974 kcal (from 3 foods)
2025-10-11 09:04:18.546 24273-24273 FoodActivity            com.example.nutrisaur11              D  Set lunch progress text to: 1400 / 974 kcal
2025-10-11 09:04:18.546 24273-24273 FoodActivity            com.example.nutrisaur11              D  Direct update Dinner: 1430 / 835 kcal (from 3 foods)
2025-10-11 09:04:18.546 24273-24273 FoodActivity            com.example.nutrisaur11              D  Set dinner progress text to: 1430 / 835 kcal
2025-10-11 09:04:18.546 24273-24273 FoodActivity            com.example.nutrisaur11              D  Direct update Snacks: 0 / 278 kcal (from 0 foods)
2025-10-11 09:04:18.546 24273-24273 FoodActivity            com.example.nutrisaur11              D  Set snacks progress text to: 0 / 278 kcal
2025-10-11 09:04:18.546 24273-24273 FoodActivity            com.example.nutrisaur11              D  Meal progress refreshed successfully
2025-10-11 09:04:18.554 24273-24273 FoodActivity            com.example.nutrisaur11              D  Refreshing nutrition UI with updated AI data...
2025-10-11 09:04:18.554 24273-24273 FoodActivity            com.example.nutrisaur11              D  Updating kcal goal circle directly
2025-10-11 09:04:18.556 24273-24273 FoodActivity            com.example.nutrisaur11              D  Total eaten calories for circle update: 4430
2025-10-11 09:04:18.557 24273-24273 FoodActivity            com.example.nutrisaur11              D  FoodActivity Available database fields: [birthday, is_pregnant, muac_category, notes, weight_kg, nutritional_risk, height_cm, sex, municipality, muac_cm, screening_date, bmi_category, name, barangay, email, age, bmi, status]
2025-10-11 09:04:18.557 24273-24273 FoodActivity            com.example.nutrisaur11              D  Calculated age from birthday '2005-10-10': 20
2025-10-11 09:04:18.557 24273-24273 FoodActivity            com.example.nutrisaur11              D  FoodActivity Weight field lookup - weight_kg: '50', weight: 'null', final: '50'
2025-10-11 09:04:18.557 24273-24273 FoodActivity            com.example.nutrisaur11              D  FoodActivity: Set weight from database: 50
2025-10-11 09:04:18.557 24273-24273 FoodActivity            com.example.nutrisaur11              D  FoodActivity Height field lookup - height_cm: '171', height: 'null', final: '171'
2025-10-11 09:04:18.557 24273-24273 FoodActivity            com.example.nutrisaur11              D  FoodActivity: Set height from database: 171
2025-10-11 09:04:18.557 24273-24273 FoodActivity            com.example.nutrisaur11              D  Created user profile from database data: Pingol , Kevin C. (Age: 20, Weight: 50.0, Height: 171.0, Gender: Male, Activity: Moderate)
2025-10-11 09:04:18.557 24273-24273 CalorieCal...ionService com.example.nutrisaur11              D  Calculated BMR: 1473.75 for Pingol , Kevin C.
2025-10-11 09:04:18.557 24273-24273 CalorieCal...ionService com.example.nutrisaur11              D  Calculated TDEE: 2284.3125 (BMR: 1473.75 × Activity: 1.55)
2025-10-11 09:04:18.557 24273-24273 CalorieCal...ionService com.example.nutrisaur11              D  Calculated daily calorie target: 2784 (TDEE: 2284.3125 + Adjustment: 500.0)
2025-10-11 09:04:18.557 24273-24273 FoodActivity            com.example.nutrisaur11              D  Calculated daily calorie target: 2784
2025-10-11 09:04:18.557 24273-24273 FoodActivity            com.example.nutrisaur11              D  Kcal Goal Circle Update:
2025-10-11 09:04:18.557 24273-24273 FoodActivity            com.example.nutrisaur11              D    Total Daily Calories: 2784
2025-10-11 09:04:18.557 24273-24273 FoodActivity            com.example.nutrisaur11              D    Total Eaten Calories: 4430
2025-10-11 09:04:18.557 24273-24273 FoodActivity            com.example.nutrisaur11              D    Calories Left: 0
2025-10-11 09:04:18.557 24273-24273 FoodActivity            com.example.nutrisaur11              D    Progress Percent: 159.12357%
2025-10-11 09:04:18.557 24273-24273 FoodActivity            com.example.nutrisaur11              D  Updating macronutrient data directly
2025-10-11 09:04:18.565 24273-24273 FoodActivity            com.example.nutrisaur11              D  FoodActivity Available database fields: [birthday, is_pregnant, muac_category, notes, weight_kg, nutritional_risk, height_cm, sex, municipality, muac_cm, screening_date, bmi_category, name, barangay, email, age, bmi, status]
2025-10-11 09:04:18.565 24273-24273 FoodActivity            com.example.nutrisaur11              D  Calculated age from birthday '2005-10-10': 20
2025-10-11 09:04:18.565 24273-24273 FoodActivity            com.example.nutrisaur11              D  FoodActivity Weight field lookup - weight_kg: '50', weight: 'null', final: '50'
2025-10-11 09:04:18.565 24273-24273 FoodActivity            com.example.nutrisaur11              D  FoodActivity: Set weight from database: 50
2025-10-11 09:04:18.565 24273-24273 FoodActivity            com.example.nutrisaur11              D  FoodActivity Height field lookup - height_cm: '171', height: 'null', final: '171'
2025-10-11 09:04:18.565 24273-24273 FoodActivity            com.example.nutrisaur11              D  FoodActivity: Set height from database: 171
2025-10-11 09:04:18.565 24273-24273 FoodActivity            com.example.nutrisaur11              D  Created user profile from database data: Pingol , Kevin C. (Age: 20, Weight: 50.0, Height: 171.0, Gender: Male, Activity: Moderate)
2025-10-11 09:04:18.565 24273-24273 CalorieCal...ionService com.example.nutrisaur11              D  Calculated BMR: 1473.75 for Pingol , Kevin C.
2025-10-11 09:04:18.565 24273-24273 CalorieCal...ionService com.example.nutrisaur11              D  Calculated TDEE: 2284.3125 (BMR: 1473.75 × Activity: 1.55)
2025-10-11 09:04:18.565 24273-24273 CalorieCal...ionService com.example.nutrisaur11              D  Calculated daily calorie target: 2784 (TDEE: 2284.3125 + Adjustment: 500.0)
2025-10-11 09:04:18.565 24273-24273 FoodActivity            com.example.nutrisaur11              D  Calculated macro targets - Protein: 153, Carbs: 375, Fat: 74
2025-10-11 09:04:18.565 24273-24273 FoodActivity            com.example.nutrisaur11              D  Macro Update:
2025-10-11 09:04:18.565 24273-24273 FoodActivity            com.example.nutrisaur11              D    Protein: 0/153 (eaten: 260)
2025-10-11 09:04:18.565 24273-24273 FoodActivity            com.example.nutrisaur11              D    Carbs: 80/375 (eaten: 295)
2025-10-11 09:04:18.565 24273-24273 FoodActivity            com.example.nutrisaur11              D    Fat: 0/74 (eaten: 235)
2025-10-11 09:04:18.566 24273-24273 FoodActivity            com.example.nutrisaur11              D  Updating meal progress texts with direct AddedFoodManager data
2025-10-11 09:04:18.570 24273-24273 FoodActivity            com.example.nutrisaur11              D  FoodActivity Available database fields: [birthday, is_pregnant, muac_category, notes, weight_kg, nutritional_risk, height_cm, sex, municipality, muac_cm, screening_date, bmi_category, name, barangay, email, age, bmi, status]
2025-10-11 09:04:18.571 24273-24273 FoodActivity            com.example.nutrisaur11              D  Calculated age from birthday '2005-10-10': 20
2025-10-11 09:04:18.571 24273-24273 FoodActivity            com.example.nutrisaur11              D  FoodActivity Weight field lookup - weight_kg: '50', weight: 'null', final: '50'
2025-10-11 09:04:18.571 24273-24273 FoodActivity            com.example.nutrisaur11              D  FoodActivity: Set weight from database: 50
2025-10-11 09:04:18.571 24273-24273 FoodActivity            com.example.nutrisaur11              D  FoodActivity Height field lookup - height_cm: '171', height: 'null', final: '171'
2025-10-11 09:04:18.571 24273-24273 FoodActivity            com.example.nutrisaur11              D  FoodActivity: Set height from database: 171
2025-10-11 09:04:18.571 24273-24273 FoodActivity            com.example.nutrisaur11              D  Created user profile from database data: Pingol , Kevin C. (Age: 20, Weight: 50.0, Height: 171.0, Gender: Male, Activity: Moderate)
2025-10-11 09:04:18.571 24273-24273 KcalSuggestionCache     com.example.nutrisaur11              D  User profile changed, cache invalid
2025-10-11 09:04:18.571 24273-24273 FoodActivity            com.example.nutrisaur11              D  No valid AI cache found, using fallback calculation...
2025-10-11 09:04:18.571 24273-24273 CalorieCal...ionService com.example.nutrisaur11              D  Calculated BMR: 1473.75 for Pingol , Kevin C.
2025-10-11 09:04:18.571 24273-24273 CalorieCal...ionService com.example.nutrisaur11              D  Calculated TDEE: 2284.3125 (BMR: 1473.75 × Activity: 1.55)
2025-10-11 09:04:18.571 24273-24273 CalorieCal...ionService com.example.nutrisaur11              D  Calculated daily calorie target: 2784 (TDEE: 2284.3125 + Adjustment: 500.0)
2025-10-11 09:04:18.571 24273-24273 FoodActivity            com.example.nutrisaur11              D  Using fallback calculation (AI will update cache): 2784
2025-10-11 09:04:18.571 24273-24273 FoodActivity            com.example.nutrisaur11              D  AI calculation already in progress, skipping...
2025-10-11 09:04:18.571 24273-24273 FoodActivity            com.example.nutrisaur11              D  Using AI-calculated total daily calories: 2784
2025-10-11 09:04:18.571 24273-24273 FoodActivity            com.example.nutrisaur11              D  FoodActivity Available database fields: [birthday, is_pregnant, muac_category, notes, weight_kg, nutritional_risk, height_cm, sex, municipality, muac_cm, screening_date, bmi_category, name, barangay, email, age, bmi, status]
2025-10-11 09:04:18.572 24273-24273 FoodActivity            com.example.nutrisaur11              D  Calculated age from birthday '2005-10-10': 20
2025-10-11 09:04:18.572 24273-24273 FoodActivity            com.example.nutrisaur11              D  FoodActivity Weight field lookup - weight_kg: '50', weight: 'null', final: '50'
2025-10-11 09:04:18.572 24273-24273 FoodActivity            com.example.nutrisaur11              D  FoodActivity: Set weight from database: 50
2025-10-11 09:04:18.572 24273-24273 FoodActivity            com.example.nutrisaur11              D  FoodActivity Height field lookup - height_cm: '171', height: 'null', final: '171'
2025-10-11 09:04:18.572 24273-24273 FoodActivity            com.example.nutrisaur11              D  FoodActivity: Set height from database: 171
2025-10-11 09:04:18.572 24273-24273 FoodActivity            com.example.nutrisaur11              D  Created user profile from database data: Pingol , Kevin C. (Age: 20, Weight: 50.0, Height: 171.0, Gender: Male, Activity: Moderate)
2025-10-11 09:04:18.572 24273-24273 CalorieCal...ionService com.example.nutrisaur11              D  Calculated meal distribution: Breakfast=696, Lunch=974, Dinner=835, Snacks=278
2025-10-11 09:04:18.572 24273-24273 FoodActivity            com.example.nutrisaur11              D  Calculated meal distribution: Breakfast=696, Lunch=974, Dinner=835, Snacks=278
2025-10-11 09:04:18.572 24273-24273 FoodActivity            com.example.nutrisaur11              D  Direct update Breakfast: 1600 / 696 kcal (from 3 foods)
2025-10-11 09:04:18.572 24273-24273 FoodActivity            com.example.nutrisaur11              D  Set breakfast progress text to: 1600 / 696 kcal
2025-10-11 09:04:18.572 24273-24273 FoodActivity            com.example.nutrisaur11              D  Direct update Lunch: 1400 / 974 kcal (from 3 foods)
2025-10-11 09:04:18.573 24273-24273 FoodActivity            com.example.nutrisaur11              D  Set lunch progress text to: 1400 / 974 kcal
2025-10-11 09:04:18.573 24273-24273 FoodActivity            com.example.nutrisaur11              D  Direct update Dinner: 1430 / 835 kcal (from 3 foods)
2025-10-11 09:04:18.573 24273-24273 FoodActivity            com.example.nutrisaur11              D  Set dinner progress text to: 1430 / 835 kcal
2025-10-11 09:04:18.573 24273-24273 FoodActivity            com.example.nutrisaur11              D  Direct update Snacks: 0 / 278 kcal (from 0 foods)
2025-10-11 09:04:18.573 24273-24273 FoodActivity            com.example.nutrisaur11              D  Set snacks progress text to: 0 / 278 kcal
2025-10-11 09:04:18.573 24273-24273 FoodActivity            com.example.nutrisaur11              D  Updating meal progress texts with direct AddedFoodManager data
2025-10-11 09:04:18.577 24273-24273 FoodActivity            com.example.nutrisaur11              D  FoodActivity Available database fields: [birthday, is_pregnant, muac_category, notes, weight_kg, nutritional_risk, height_cm, sex, municipality, muac_cm, screening_date, bmi_category, name, barangay, email, age, bmi, status]
2025-10-11 09:04:18.578 24273-24273 FoodActivity            com.example.nutrisaur11              D  Calculated age from birthday '2005-10-10': 20
2025-10-11 09:04:18.578 24273-24273 FoodActivity            com.example.nutrisaur11              D  FoodActivity Weight field lookup - weight_kg: '50', weight: 'null', final: '50'
2025-10-11 09:04:18.578 24273-24273 FoodActivity            com.example.nutrisaur11              D  FoodActivity: Set weight from database: 50
2025-10-11 09:04:18.578 24273-24273 FoodActivity            com.example.nutrisaur11              D  FoodActivity Height field lookup - height_cm: '171', height: 'null', final: '171'
2025-10-11 09:04:18.578 24273-24273 FoodActivity            com.example.nutrisaur11              D  FoodActivity: Set height from database: 171
2025-10-11 09:04:18.578 24273-24273 FoodActivity            com.example.nutrisaur11              D  Created user profile from database data: Pingol , Kevin C. (Age: 20, Weight: 50.0, Height: 171.0, Gender: Male, Activity: Moderate)
2025-10-11 09:04:18.578 24273-24273 KcalSuggestionCache     com.example.nutrisaur11              D  User profile changed, cache invalid
2025-10-11 09:04:18.578 24273-24273 FoodActivity            com.example.nutrisaur11              D  No valid AI cache found, using fallback calculation...
2025-10-11 09:04:18.578 24273-24273 CalorieCal...ionService com.example.nutrisaur11              D  Calculated BMR: 1473.75 for Pingol , Kevin C.
2025-10-11 09:04:18.578 24273-24273 CalorieCal...ionService com.example.nutrisaur11              D  Calculated TDEE: 2284.3125 (BMR: 1473.75 × Activity: 1.55)
2025-10-11 09:04:18.578 24273-24273 CalorieCal...ionService com.example.nutrisaur11              D  Calculated daily calorie target: 2784 (TDEE: 2284.3125 + Adjustment: 500.0)
2025-10-11 09:04:18.578 24273-24273 FoodActivity            com.example.nutrisaur11              D  Using fallback calculation (AI will update cache): 2784
2025-10-11 09:04:18.578 24273-24273 FoodActivity            com.example.nutrisaur11              D  AI calculation already in progress, skipping...
2025-10-11 09:04:18.578 24273-24273 FoodActivity            com.example.nutrisaur11              D  Using AI-calculated total daily calories: 2784
2025-10-11 09:04:18.578 24273-24273 FoodActivity            com.example.nutrisaur11              D  FoodActivity Available database fields: [birthday, is_pregnant, muac_category, notes, weight_kg, nutritional_risk, height_cm, sex, municipality, muac_cm, screening_date, bmi_category, name, barangay, email, age, bmi, status]
2025-10-11 09:04:18.578 24273-24273 FoodActivity            com.example.nutrisaur11              D  Calculated age from birthday '2005-10-10': 20
2025-10-11 09:04:18.578 24273-24273 FoodActivity            com.example.nutrisaur11              D  FoodActivity Weight field lookup - weight_kg: '50', weight: 'null', final: '50'
2025-10-11 09:04:18.578 24273-24273 FoodActivity            com.example.nutrisaur11              D  FoodActivity: Set weight from database: 50
2025-10-11 09:04:18.578 24273-24273 FoodActivity            com.example.nutrisaur11              D  FoodActivity Height field lookup - height_cm: '171', height: 'null', final: '171'
2025-10-11 09:04:18.578 24273-24273 FoodActivity            com.example.nutrisaur11              D  FoodActivity: Set height from database: 171
2025-10-11 09:04:18.579 24273-24273 FoodActivity            com.example.nutrisaur11              D  Created user profile from database data: Pingol , Kevin C. (Age: 20, Weight: 50.0, Height: 171.0, Gender: Male, Activity: Moderate)
2025-10-11 09:04:18.579 24273-24273 CalorieCal...ionService com.example.nutrisaur11              D  Calculated meal distribution: Breakfast=696, Lunch=974, Dinner=835, Snacks=278
2025-10-11 09:04:18.579 24273-24273 FoodActivity            com.example.nutrisaur11              D  Calculated meal distribution: Breakfast=696, Lunch=974, Dinner=835, Snacks=278
2025-10-11 09:04:18.579 24273-24273 FoodActivity            com.example.nutrisaur11              D  Direct update Breakfast: 1600 / 696 kcal (from 3 foods)
2025-10-11 09:04:18.579 24273-24273 FoodActivity            com.example.nutrisaur11              D  Set breakfast progress text to: 1600 / 696 kcal
2025-10-11 09:04:18.579 24273-24273 FoodActivity            com.example.nutrisaur11              D  Direct update Lunch: 1400 / 974 kcal (from 3 foods)
2025-10-11 09:04:18.579 24273-24273 FoodActivity            com.example.nutrisaur11              D  Set lunch progress text to: 1400 / 974 kcal
2025-10-11 09:04:18.579 24273-24273 FoodActivity            com.example.nutrisaur11              D  Direct update Dinner: 1430 / 835 kcal (from 3 foods)
2025-10-11 09:04:18.580 24273-24273 FoodActivity            com.example.nutrisaur11              D  Set dinner progress text to: 1430 / 835 kcal
2025-10-11 09:04:18.580 24273-24273 FoodActivity            com.example.nutrisaur11              D  Direct update Snacks: 0 / 278 kcal (from 0 foods)
2025-10-11 09:04:18.580 24273-24273 FoodActivity            com.example.nutrisaur11              D  Set snacks progress text to: 0 / 278 kcal
2025-10-11 09:04:18.580 24273-24273 FoodActivity            com.example.nutrisaur11              D  Updating macronutrient data directly
2025-10-11 09:04:18.587 24273-24273 FoodActivity            com.example.nutrisaur11              D  FoodActivity Available database fields: [birthday, is_pregnant, muac_category, notes, weight_kg, nutritional_risk, height_cm, sex, municipality, muac_cm, screening_date, bmi_category, name, barangay, email, age, bmi, status]
2025-10-11 09:04:18.587 24273-24273 FoodActivity            com.example.nutrisaur11              D  Calculated age from birthday '2005-10-10': 20
2025-10-11 09:04:18.587 24273-24273 FoodActivity            com.example.nutrisaur11              D  FoodActivity Weight field lookup - weight_kg: '50', weight: 'null', final: '50'
2025-10-11 09:04:18.587 24273-24273 FoodActivity            com.example.nutrisaur11              D  FoodActivity: Set weight from database: 50
2025-10-11 09:04:18.587 24273-24273 FoodActivity            com.example.nutrisaur11              D  FoodActivity Height field lookup - height_cm: '171', height: 'null', final: '171'
2025-10-11 09:04:18.587 24273-24273 FoodActivity            com.example.nutrisaur11              D  FoodActivity: Set height from database: 171
2025-10-11 09:04:18.587 24273-24273 FoodActivity            com.example.nutrisaur11              D  Created user profile from database data: Pingol , Kevin C. (Age: 20, Weight: 50.0, Height: 171.0, Gender: Male, Activity: Moderate)
2025-10-11 09:04:18.587 24273-24273 CalorieCal...ionService com.example.nutrisaur11              D  Calculated BMR: 1473.75 for Pingol , Kevin C.
2025-10-11 09:04:18.587 24273-24273 CalorieCal...ionService com.example.nutrisaur11              D  Calculated TDEE: 2284.3125 (BMR: 1473.75 × Activity: 1.55)
2025-10-11 09:04:18.588 24273-24273 CalorieCal...ionService com.example.nutrisaur11              D  Calculated daily calorie target: 2784 (TDEE: 2284.3125 + Adjustment: 500.0)
2025-10-11 09:04:18.588 24273-24273 FoodActivity            com.example.nutrisaur11              D  Calculated macro targets - Protein: 153, Carbs: 375, Fat: 74
2025-10-11 09:04:18.588 24273-24273 FoodActivity            com.example.nutrisaur11              D  Macro Update:
2025-10-11 09:04:18.588 24273-24273 FoodActivity            com.example.nutrisaur11              D    Protein: 0/153 (eaten: 260)
2025-10-11 09:04:18.588 24273-24273 FoodActivity            com.example.nutrisaur11              D    Carbs: 80/375 (eaten: 295)
2025-10-11 09:04:18.588 24273-24273 FoodActivity            com.example.nutrisaur11              D    Fat: 0/74 (eaten: 235)
2025-10-11 09:04:18.588 24273-24273 FoodActivity            com.example.nutrisaur11              D  Nutrition UI refreshed with updated AI data
2025-10-11 09:04:18.603 24273-24287 OpenGLRenderer          com.example.nutrisaur11              I  Davey! duration=9223309849830ms; Flags=0, FrameTimelineVsyncId=-1, IntendedVsync=62187024305076, Vsync=62187024308774, InputEventId=0, HandleInputStart=62187024318357, AnimationStart=62187024320232, PerformTraversalsStart=62187024418930, DrawStart=62187028734607, FrameDeadline=9223372036854775807, FrameInterval=62187024308774, FrameStartTime=16666666, SyncQueued=62187029652160, SyncStart=62187030080441, IssueDrawCommandsStart=62187030264035, SwapBuffers=62187031322003, FrameCompleted=9223372036854775807, DequeueBufferDuration=16250, QueueBufferDuration=1708073, GpuCompleted=9223372036854775807, SwapBuffersCompleted=62187033381535, DisplayPresentTime=0, 
2025-10-11 09:04:20.541 24273-24273 SessionManager          com.example.nutrisaur11              D  === PERIODIC SESSION VALIDATION ===
2025-10-11 09:04:21.674 24273-24273 SessionManager          com.example.nutrisaur11              D  User interaction recorded at: 1760144661674
2025-10-11 09:04:21.769 24273-24273 CalorieTracker          com.example.nutrisaur11              D  Saved current day data to history for date: 2025-10-11
2025-10-11 09:04:21.769 24273-24273 FoodActivity            com.example.nutrisaur11              D  Saved current day data to history
2025-10-11 09:04:21.770 24273-24273 FoodActivity            com.example.nutrisaur11              D  Date display updated to: 2025-10-10
2025-10-11 09:04:21.770 24273-24273 FoodActivity            com.example.nutrisaur11              D  Loading nutrition data for selected date: 2025-10-10
2025-10-11 09:04:21.770 24273-24273 FoodActivity            com.example.nutrisaur11              D  Navigated to previous day: 2025-10-10
2025-10-11 09:04:21.787 24273-24287 OpenGLRenderer          com.example.nutrisaur11              I  Davey! duration=9223309846669ms; Flags=0, FrameTimelineVsyncId=3285028, IntendedVsync=62190184884999, Vsync=62190201551665, InputEventId=0, HandleInputStart=62190206954971, AnimationStart=62190206958096, PerformTraversalsStart=62190207034815, DrawStart=62190210360908, FrameDeadline=62190218218331, FrameInterval=62190206936950, FrameStartTime=16666666, SyncQueued=62190211479138, SyncStart=62190211583200, IssueDrawCommandsStart=62190213605544, SwapBuffers=62190215803460, FrameCompleted=9223372036854775807, DequeueBufferDuration=22760, QueueBufferDuration=1256927, GpuCompleted=9223372036854775807, SwapBuffersCompleted=62190217574502, DisplayPresentTime=0, 
2025-10-11 09:04:21.811 24273-24282 ple.nutrisaur1          com.example.nutrisaur11              W  Cleared Reference was only reachable from finalizer (only reported once)
2025-10-11 09:04:21.825 24273-24284 System                  com.example.nutrisaur11              W  A resource failed to call close. 
2025-10-11 09:04:21.828 24273-24284 System                  com.example.nutrisaur11              W  A resource failed to call close. 
2025-10-11 09:04:21.975 24273-24273 IS_CTS_MODE             com.example.nutrisaur11              D  false
2025-10-11 09:04:21.975 24273-24273 MULTI_WIND...CH_ENABLED com.example.nutrisaur11              D  false
2025-10-11 09:04:22.087 24273-24273 DecorView[]             com.example.nutrisaur11              D  onWindowFocusChanged hasWindowFocus false
2025-10-11 09:04:22.119 24273-24273 DecorView[]             com.example.nutrisaur11              D  onWindowFocusChanged hasWindowFocus true
2025-10-11 09:04:23.138 24273-24273 FoodActivity            com.example.nutrisaur11              D  Loading historical nutrition data for: 2025-10-10
2025-10-11 09:04:23.146 24273-24273 CalorieTracker          com.example.nutrisaur11              D  Syncing with 0 added foods for date: 2025-10-10
2025-10-11 09:04:23.146 24273-24273 CalorieTracker          com.example.nutrisaur11              D    Daily foods: 0
2025-10-11 09:04:23.146 24273-24273 CalorieTracker          com.example.nutrisaur11              D  Available database fields: [birthday, is_pregnant, muac_category, notes, weight_kg, nutritional_risk, height_cm, sex, municipality, muac_cm, screening_date, bmi_category, name, barangay, email, age, bmi, status]
2025-10-11 09:04:23.147 24273-24273 CalorieTracker          com.example.nutrisaur11              D  Calculated age from birthday '2005-10-10': 20
2025-10-11 09:04:23.147 24273-24273 CalorieTracker          com.example.nutrisaur11              D  Weight field lookup - weight_kg: '50', weight: 'null', final: '50'
2025-10-11 09:04:23.147 24273-24273 CalorieTracker          com.example.nutrisaur11              D  Set weight from database: 50
2025-10-11 09:04:23.147 24273-24273 CalorieTracker          com.example.nutrisaur11              D  Height field lookup - height_cm: '171', height: 'null', final: '171'
2025-10-11 09:04:23.147 24273-24273 CalorieTracker          com.example.nutrisaur11              D  Set height from database: 171
2025-10-11 09:04:23.147 24273-24273 CalorieTracker          com.example.nutrisaur11              D  Created user profile from database data: Pingol , Kevin C. (Age: 20, Weight: 50.0, Height: 171.0, Gender: Male, Activity: Moderate)
2025-10-11 09:04:23.148 24273-24273 CalorieTracker          com.example.nutrisaur11              D  Using user profile from database data
2025-10-11 09:04:23.148 24273-24273 KcalSuggestionCache     com.example.nutrisaur11              D  User profile changed, cache invalid
2025-10-11 09:04:23.148 24273-24273 CalorieTracker          com.example.nutrisaur11              D  No valid AI cache found, using fallback calculation...
2025-10-11 09:04:23.148 24273-24273 CalorieCal...ionService com.example.nutrisaur11              D  Calculated BMR: 1473.75 for Pingol , Kevin C.
2025-10-11 09:04:23.148 24273-24273 CalorieCal...ionService com.example.nutrisaur11              D  Calculated TDEE: 2284.3125 (BMR: 1473.75 × Activity: 1.55)
2025-10-11 09:04:23.148 24273-24273 CalorieCal...ionService com.example.nutrisaur11              D  Calculated daily calorie target: 2784 (TDEE: 2284.3125 + Adjustment: 500.0)
2025-10-11 09:04:23.149 24273-24273 CalorieTracker          com.example.nutrisaur11              D  Using fallback calculation (AI will update cache): 2784
2025-10-11 09:04:23.149 24273-24273 CalorieTracker          com.example.nutrisaur11              D  Using AI-calculated daily calorie target: 2784
2025-10-11 09:04:23.150 24273-24273 CalorieCal...ionService com.example.nutrisaur11              D  Calculated meal distribution: Breakfast=696, Lunch=974, Dinner=835, Snacks=278
2025-10-11 09:04:23.151 24273-24273 CalorieTracker          com.example.nutrisaur11              D  Calculated meal distribution: Breakfast=696, Lunch=974, Dinner=835, Snacks=278
2025-10-11 09:04:23.151 24273-24273 CalorieTracker          com.example.nutrisaur11              D  Calculated meal distribution: {Breakfast=696, Dinner=835, Snacks=278, Lunch=974}
2025-10-11 09:04:23.153 24273-24450 NutritionService        com.example.nutrisaur11              D  Starting nutrition recommendations...
2025-10-11 09:04:23.153 24273-24450 NutritionService        com.example.nutrisaur11              D  Getting user profile from SharedPreferences...
2025-10-11 09:04:23.153 24273-24450 NutritionService        com.example.nutrisaur11              D  User data: name=, age=25, weight=70.0, height=170.0
2025-10-11 09:04:23.153 24273-24450 NutritionService        com.example.nutrisaur11              D  User profile loaded: , BMI: 24.221453287197235
2025-10-11 09:04:23.154 24273-24450 KcalSuggestionCache     com.example.nutrisaur11              D  Cached kcal suggestion is valid
2025-10-11 09:04:23.154 24273-24450 NutritionService        com.example.nutrisaur11              D  Using cached kcal suggestion - user profile unchanged
2025-10-11 09:04:23.155 24273-24450 KcalSuggestionCache     com.example.nutrisaur11              D  Successfully loaded cached kcal suggestion
2025-10-11 09:04:23.155 24273-24450 CalorieTracker          com.example.nutrisaur11              D  Background AI calculation completed: 2545
2025-10-11 09:04:23.170 24273-24273 CalorieTracker          com.example.nutrisaur11              D  Synced CalorieTracker with AddedFoodManager for date 2025-10-10. Total meals: 0
2025-10-11 09:04:23.173 24273-24439 NutritionService        com.example.nutrisaur11              D  Starting nutrition recommendations with database user data...
2025-10-11 09:04:23.173 24273-24439 NutritionService        com.example.nutrisaur11              D  Creating user profile from community_users table data...
2025-10-11 09:04:23.174 24273-24439 NutritionService        com.example.nutrisaur11              D  Calculated age from birthday '2005-10-10': 20
2025-10-11 09:04:23.174 24273-24439 NutritionService        com.example.nutrisaur11              D  Database user data: name=Pingol , Kevin C., age=20, weight=50.0, height=171.0, gender=Male
2025-10-11 09:04:23.174 24273-24439 NutritionService        com.example.nutrisaur11              D  User profile created from database: Pingol , Kevin C., BMI: 17.09927841045108
2025-10-11 09:04:23.174 24273-24439 KcalSuggestionCache     com.example.nutrisaur11              D  User profile changed, cache invalid
2025-10-11 09:04:23.175 24273-24439 NutritionService        com.example.nutrisaur11              D  User profile changed or cache expired - calculating new nutrition data...
2025-10-11 09:04:23.175 24273-24439 NutritionService        com.example.nutrisaur11              D  Calculating nutrition data for user: Pingol , Kevin C.
2025-10-11 09:04:23.175 24273-24439 CalorieCal...ionService com.example.nutrisaur11              D  Calculated BMR: 1473.75 for Pingol , Kevin C.
2025-10-11 09:04:23.175 24273-24439 CalorieCal...ionService com.example.nutrisaur11              D  Calculated TDEE: 2284.3125 (BMR: 1473.75 × Activity: 1.55)
2025-10-11 09:04:23.175 24273-24439 CalorieCal...ionService com.example.nutrisaur11              D  Calculated daily calorie target: 2784 (TDEE: 2284.3125 + Adjustment: 500.0)
2025-10-11 09:04:23.175 24273-24439 CalorieCal...ionService com.example.nutrisaur11              D  Calculated protein target: 110.00000000000001g (2.2g/kg)
2025-10-11 09:04:23.175 24273-24439 CalorieCal...ionService com.example.nutrisaur11              D  Calculated fat target: 92.8g (30% of 2784 calories)
2025-10-11 09:04:23.175 24273-24439 CalorieCal...ionService com.example.nutrisaur11              D  Calculated carb target: 377.20000000000005g
2025-10-11 09:04:23.175 24273-24439 CalorieCal...ionService com.example.nutrisaur11              D  Calculated meal distribution: Breakfast=696, Lunch=974, Dinner=835, Snacks=278
2025-10-11 09:04:23.175 24273-24439 NutritionService        com.example.nutrisaur11              D  Calculated nutrition data: 2784 calories, 110.00000000000001g protein, 377.20000000000005g carbs, 92.8g fat
2025-10-11 09:04:23.176 24273-24439 KcalSuggestionCache     com.example.nutrisaur11              D  Successfully cached kcal suggestion for user profile hash: 1159270992
2025-10-11 09:04:23.176 24273-24439 NutritionService        com.example.nutrisaur11              D  Cached new kcal suggestion for updated user profile
2025-10-11 09:04:23.176 24273-24273 DecorView[]             com.example.nutrisaur11              D  onWindowFocusChanged hasWindowFocus true
2025-10-11 09:04:23.179 24273-24273 FoodActivity            com.example.nutrisaur11              D  Updating historical nutrition UI with data for 2025-10-10
2025-10-11 09:04:23.191 24273-24273 FoodActivity            com.example.nutrisaur11              D  Historical meal progress updated for 2025-10-10
2025-10-11 09:04:23.192 24273-24273 FoodActivity            com.example.nutrisaur11              D  Updating meal progress texts with direct AddedFoodManager data
2025-10-11 09:04:23.195 24273-24273 FoodActivity            com.example.nutrisaur11              D  FoodActivity Available database fields: [birthday, is_pregnant, muac_category, notes, weight_kg, nutritional_risk, height_cm, sex, municipality, muac_cm, screening_date, bmi_category, name, barangay, email, age, bmi, status]
2025-10-11 09:04:23.196 24273-24273 FoodActivity            com.example.nutrisaur11              D  Calculated age from birthday '2005-10-10': 20
2025-10-11 09:04:23.196 24273-24273 FoodActivity            com.example.nutrisaur11              D  FoodActivity Weight field lookup - weight_kg: '50', weight: 'null', final: '50'
2025-10-11 09:04:23.196 24273-24273 FoodActivity            com.example.nutrisaur11              D  FoodActivity: Set weight from database: 50
2025-10-11 09:04:23.196 24273-24273 FoodActivity            com.example.nutrisaur11              D  FoodActivity Height field lookup - height_cm: '171', height: 'null', final: '171'
2025-10-11 09:04:23.196 24273-24273 FoodActivity            com.example.nutrisaur11              D  FoodActivity: Set height from database: 171
2025-10-11 09:04:23.196 24273-24273 FoodActivity            com.example.nutrisaur11              D  Created user profile from database data: Pingol , Kevin C. (Age: 20, Weight: 50.0, Height: 171.0, Gender: Male, Activity: Moderate)
2025-10-11 09:04:23.196 24273-24273 KcalSuggestionCache     com.example.nutrisaur11              D  User profile changed, cache invalid
2025-10-11 09:04:23.196 24273-24273 FoodActivity            com.example.nutrisaur11              D  No valid AI cache found, using fallback calculation...
2025-10-11 09:04:23.196 24273-24273 CalorieCal...ionService com.example.nutrisaur11              D  Calculated BMR: 1473.75 for Pingol , Kevin C.
2025-10-11 09:04:23.196 24273-24273 CalorieCal...ionService com.example.nutrisaur11              D  Calculated TDEE: 2284.3125 (BMR: 1473.75 × Activity: 1.55)
2025-10-11 09:04:23.196 24273-24273 CalorieCal...ionService com.example.nutrisaur11              D  Calculated daily calorie target: 2784 (TDEE: 2284.3125 + Adjustment: 500.0)
2025-10-11 09:04:23.196 24273-24273 FoodActivity            com.example.nutrisaur11              D  Using fallback calculation (AI will update cache): 2784
2025-10-11 09:04:23.196 24273-24273 FoodActivity            com.example.nutrisaur11              D  Starting background AI calculation...
2025-10-11 09:04:23.197 24273-24273 FoodActivity            com.example.nutrisaur11              D  Using AI-calculated total daily calories: 2784
2025-10-11 09:04:23.197 24273-24273 FoodActivity            com.example.nutrisaur11              D  FoodActivity Available database fields: [birthday, is_pregnant, muac_category, notes, weight_kg, nutritional_risk, height_cm, sex, municipality, muac_cm, screening_date, bmi_category, name, barangay, email, age, bmi, status]
2025-10-11 09:04:23.197 24273-24273 FoodActivity            com.example.nutrisaur11              D  Calculated age from birthday '2005-10-10': 20
2025-10-11 09:04:23.197 24273-24273 FoodActivity            com.example.nutrisaur11              D  FoodActivity Weight field lookup - weight_kg: '50', weight: 'null', final: '50'
2025-10-11 09:04:23.197 24273-24273 FoodActivity            com.example.nutrisaur11              D  FoodActivity: Set weight from database: 50
2025-10-11 09:04:23.197 24273-24273 FoodActivity            com.example.nutrisaur11              D  FoodActivity Height field lookup - height_cm: '171', height: 'null', final: '171'
2025-10-11 09:04:23.197 24273-24273 FoodActivity            com.example.nutrisaur11              D  FoodActivity: Set height from database: 171
2025-10-11 09:04:23.197 24273-24439 NutritionService        com.example.nutrisaur11              D  Starting nutrition recommendations...
2025-10-11 09:04:23.197 24273-24439 NutritionService        com.example.nutrisaur11              D  Getting user profile from SharedPreferences...
2025-10-11 09:04:23.197 24273-24273 FoodActivity            com.example.nutrisaur11              D  Created user profile from database data: Pingol , Kevin C. (Age: 20, Weight: 50.0, Height: 171.0, Gender: Male, Activity: Moderate)
2025-10-11 09:04:23.197 24273-24273 CalorieCal...ionService com.example.nutrisaur11              D  Calculated meal distribution: Breakfast=696, Lunch=974, Dinner=835, Snacks=278
2025-10-11 09:04:23.197 24273-24273 FoodActivity            com.example.nutrisaur11              D  Calculated meal distribution: Breakfast=696, Lunch=974, Dinner=835, Snacks=278
2025-10-11 09:04:23.197 24273-24439 NutritionService        com.example.nutrisaur11              D  User data: name=, age=25, weight=70.0, height=170.0
2025-10-11 09:04:23.197 24273-24439 NutritionService        com.example.nutrisaur11              D  User profile loaded: , BMI: 24.221453287197235
2025-10-11 09:04:23.197 24273-24273 FoodActivity            com.example.nutrisaur11              D  Direct update Breakfast: 0 / 696 kcal (from 0 foods)
2025-10-11 09:04:23.198 24273-24439 KcalSuggestionCache     com.example.nutrisaur11              D  User profile changed, cache invalid
2025-10-11 09:04:23.198 24273-24439 NutritionService        com.example.nutrisaur11              D  User profile changed or cache expired - calculating new nutrition data...
2025-10-11 09:04:23.198 24273-24439 NutritionService        com.example.nutrisaur11              D  Calculating nutrition data for user: 
2025-10-11 09:04:23.198 24273-24439 CalorieCal...ionService com.example.nutrisaur11              D  Calculated BMR: 1642.5 for 
2025-10-11 09:04:23.198 24273-24439 CalorieCal...ionService com.example.nutrisaur11              D  Calculated TDEE: 2545.875 (BMR: 1642.5 × Activity: 1.55)
2025-10-11 09:04:23.198 24273-24273 FoodActivity            com.example.nutrisaur11              D  Set breakfast progress text to: 0 / 696 kcal
2025-10-11 09:04:23.198 24273-24439 CalorieCal...ionService com.example.nutrisaur11              D  Calculated daily calorie target: 2545 (TDEE: 2545.875 + Adjustment: 0.0)
2025-10-11 09:04:23.198 24273-24273 FoodActivity            com.example.nutrisaur11              D  Direct update Lunch: 0 / 974 kcal (from 0 foods)
2025-10-11 09:04:23.198 24273-24439 CalorieCal...ionService com.example.nutrisaur11              D  Calculated protein target: 112.0g (1.6g/kg)
2025-10-11 09:04:23.198 24273-24439 CalorieCal...ionService com.example.nutrisaur11              D  Calculated fat target: 84.83333333333333g (30% of 2545 calories)
2025-10-11 09:04:23.198 24273-24439 CalorieCal...ionService com.example.nutrisaur11              D  Calculated carb target: 333.375g
2025-10-11 09:04:23.198 24273-24439 CalorieCal...ionService com.example.nutrisaur11              D  Calculated meal distribution: Breakfast=636, Lunch=890, Dinner=763, Snacks=254
2025-10-11 09:04:23.198 24273-24273 FoodActivity            com.example.nutrisaur11              D  Set lunch progress text to: 0 / 974 kcal
2025-10-11 09:04:23.198 24273-24439 NutritionService        com.example.nutrisaur11              D  Calculated nutrition data: 2545 calories, 112.0g protein, 333.375g carbs, 84.83333333333333g fat
2025-10-11 09:04:23.198 24273-24273 FoodActivity            com.example.nutrisaur11              D  Direct update Dinner: 0 / 835 kcal (from 0 foods)
2025-10-11 09:04:23.198 24273-24273 FoodActivity            com.example.nutrisaur11              D  Set dinner progress text to: 0 / 835 kcal
2025-10-11 09:04:23.198 24273-24273 FoodActivity            com.example.nutrisaur11              D  Direct update Snacks: 0 / 278 kcal (from 0 foods)
2025-10-11 09:04:23.199 24273-24439 KcalSuggestionCache     com.example.nutrisaur11              D  Successfully cached kcal suggestion for user profile hash: 652952617
2025-10-11 09:04:23.199 24273-24439 NutritionService        com.example.nutrisaur11              D  Cached new kcal suggestion for updated user profile
2025-10-11 09:04:23.199 24273-24439 FoodActivity            com.example.nutrisaur11              D  Background AI calculation completed: 2545
2025-10-11 09:04:23.199 24273-24273 FoodActivity            com.example.nutrisaur11              D  Set snacks progress text to: 0 / 278 kcal
2025-10-11 09:04:23.207 24273-24273 FoodActivity            com.example.nutrisaur11              D  Macronutrients remaining - Protein: 110/110, Carbs: 377/377, Fat: 92/92
2025-10-11 09:04:23.207 24273-24273 FoodActivity            com.example.nutrisaur11              D  Historical nutrition data loaded successfully for 2025-10-10
2025-10-11 09:04:23.217 24273-24273 FoodActivity            com.example.nutrisaur11              D  Refreshing nutrition UI with updated AI data...
2025-10-11 09:04:23.217 24273-24273 FoodActivity            com.example.nutrisaur11              D  Updating kcal goal circle directly
2025-10-11 09:04:23.219 24273-24273 FoodActivity            com.example.nutrisaur11              D  Total eaten calories for circle update: 0
2025-10-11 09:04:23.219 24273-24273 FoodActivity            com.example.nutrisaur11              D  FoodActivity Available database fields: [birthday, is_pregnant, muac_category, notes, weight_kg, nutritional_risk, height_cm, sex, municipality, muac_cm, screening_date, bmi_category, name, barangay, email, age, bmi, status]
2025-10-11 09:04:23.219 24273-24273 FoodActivity            com.example.nutrisaur11              D  Calculated age from birthday '2005-10-10': 20
2025-10-11 09:04:23.219 24273-24273 FoodActivity            com.example.nutrisaur11              D  FoodActivity Weight field lookup - weight_kg: '50', weight: 'null', final: '50'
2025-10-11 09:04:23.219 24273-24273 FoodActivity            com.example.nutrisaur11              D  FoodActivity: Set weight from database: 50
2025-10-11 09:04:23.219 24273-24273 FoodActivity            com.example.nutrisaur11              D  FoodActivity Height field lookup - height_cm: '171', height: 'null', final: '171'
2025-10-11 09:04:23.219 24273-24273 FoodActivity            com.example.nutrisaur11              D  FoodActivity: Set height from database: 171
2025-10-11 09:04:23.219 24273-24273 FoodActivity            com.example.nutrisaur11              D  Created user profile from database data: Pingol , Kevin C. (Age: 20, Weight: 50.0, Height: 171.0, Gender: Male, Activity: Moderate)
2025-10-11 09:04:23.219 24273-24273 CalorieCal...ionService com.example.nutrisaur11              D  Calculated BMR: 1473.75 for Pingol , Kevin C.
2025-10-11 09:04:23.219 24273-24273 CalorieCal...ionService com.example.nutrisaur11              D  Calculated TDEE: 2284.3125 (BMR: 1473.75 × Activity: 1.55)
2025-10-11 09:04:23.219 24273-24273 CalorieCal...ionService com.example.nutrisaur11              D  Calculated daily calorie target: 2784 (TDEE: 2284.3125 + Adjustment: 500.0)
2025-10-11 09:04:23.219 24273-24273 FoodActivity            com.example.nutrisaur11              D  Calculated daily calorie target: 2784
2025-10-11 09:04:23.219 24273-24273 FoodActivity            com.example.nutrisaur11              D  Kcal Goal Circle Update:
2025-10-11 09:04:23.219 24273-24273 FoodActivity            com.example.nutrisaur11              D    Total Daily Calories: 2784
2025-10-11 09:04:23.219 24273-24273 FoodActivity            com.example.nutrisaur11              D    Total Eaten Calories: 0
2025-10-11 09:04:23.219 24273-24273 FoodActivity            com.example.nutrisaur11              D    Calories Left: 2784
2025-10-11 09:04:23.219 24273-24273 FoodActivity            com.example.nutrisaur11              D    Progress Percent: 0.0%
2025-10-11 09:04:23.220 24273-24273 FoodActivity            com.example.nutrisaur11              D  Updating macronutrient data directly
2025-10-11 09:04:23.225 24273-24273 FoodActivity            com.example.nutrisaur11              D  FoodActivity Available database fields: [birthday, is_pregnant, muac_category, notes, weight_kg, nutritional_risk, height_cm, sex, municipality, muac_cm, screening_date, bmi_category, name, barangay, email, age, bmi, status]
2025-10-11 09:04:23.226 24273-24273 FoodActivity            com.example.nutrisaur11              D  Calculated age from birthday '2005-10-10': 20
2025-10-11 09:04:23.226 24273-24273 FoodActivity            com.example.nutrisaur11              D  FoodActivity Weight field lookup - weight_kg: '50', weight: 'null', final: '50'
2025-10-11 09:04:23.226 24273-24273 FoodActivity            com.example.nutrisaur11              D  FoodActivity: Set weight from database: 50
2025-10-11 09:04:23.226 24273-24273 FoodActivity            com.example.nutrisaur11              D  FoodActivity Height field lookup - height_cm: '171', height: 'null', final: '171'
2025-10-11 09:04:23.226 24273-24273 FoodActivity            com.example.nutrisaur11              D  FoodActivity: Set height from database: 171
2025-10-11 09:04:23.226 24273-24273 FoodActivity            com.example.nutrisaur11              D  Created user profile from database data: Pingol , Kevin C. (Age: 20, Weight: 50.0, Height: 171.0, Gender: Male, Activity: Moderate)
