2025-10-11 08:45:15.672 11915-11915 CalorieCal...ionService com.example.nutrisaur11              D  Calculated BMR: 1473.75 for Pingol , Kevin C.
2025-10-11 08:45:15.672 11915-11915 CalorieCal...ionService com.example.nutrisaur11              D  Calculated TDEE: 2284.3125 (BMR: 1473.75 Ã— Activity: 1.55)
2025-10-11 08:45:15.672 11915-11915 CalorieCal...ionService com.example.nutrisaur11              D  Calculated daily calorie target: 2784 (TDEE: 2284.3125 + Adjustment: 500.0)
2025-10-11 08:45:15.672 11915-11915 FoodActivity            com.example.nutrisaur11              D  Using fallback calculation (AI will update cache): 2784
2025-10-11 08:45:15.672 11915-11915 FoodActivity            com.example.nutrisaur11              D  AI calculation already in progress, skipping...
2025-10-11 08:45:15.672 11915-11915 FoodActivity            com.example.nutrisaur11              D  Using AI-calculated total daily calories: 2784
2025-10-11 08:45:15.672 11915-11915 FoodActivity            com.example.nutrisaur11              D  FoodActivity Available database fields: [birthday, is_pregnant, muac_category, notes, weight_kg, nutritional_risk, height_cm, sex, municipality, muac_cm, screening_date, bmi_category, name, barangay, email, age, bmi, status]
2025-10-11 08:45:15.673 11915-11915 FoodActivity            com.example.nutrisaur11              D  Calculated age from birthday '2005-10-10': 20
2025-10-11 08:45:15.673 11915-11915 FoodActivity            com.example.nutrisaur11              D  FoodActivity Weight field lookup - weight_kg: '50', weight: 'null', final: '50'
2025-10-11 08:45:15.673 11915-11915 FoodActivity            com.example.nutrisaur11              D  FoodActivity: Set weight from database: 50
2025-10-11 08:45:15.673 11915-11915 FoodActivity            com.example.nutrisaur11              D  FoodActivity Height field lookup - height_cm: '171', height: 'null', final: '171'
2025-10-11 08:45:15.673 11915-11915 FoodActivity            com.example.nutrisaur11              D  FoodActivity: Set height from database: 171
2025-10-11 08:45:15.673 11915-11915 FoodActivity            com.example.nutrisaur11              D  Created user profile from database data: Pingol , Kevin C. (Age: 20, Weight: 50.0, Height: 171.0, Gender: Male, Activity: Moderate)
2025-10-11 08:45:15.673 11915-11915 CalorieCal...ionService com.example.nutrisaur11              D  Calculated meal distribution: Breakfast=696, Lunch=974, Dinner=835, Snacks=278
2025-10-11 08:45:15.673 11915-11915 FoodActivity            com.example.nutrisaur11              D  Calculated meal distribution: Breakfast=696, Lunch=974, Dinner=835, Snacks=278
2025-10-11 08:45:15.673 11915-11915 FoodActivity            com.example.nutrisaur11              D  Direct update Breakfast: 25600 / 696 kcal (from 48 foods)
2025-10-11 08:45:15.674 11915-11915 FoodActivity            com.example.nutrisaur11              D  Set breakfast progress text to: 25600 / 696 kcal
2025-10-11 08:45:15.674 11915-11915 FoodActivity            com.example.nutrisaur11              D  Direct update Lunch: 0 / 974 kcal (from 0 foods)
2025-10-11 08:45:15.674 11915-11915 FoodActivity            com.example.nutrisaur11              D  Set lunch progress text to: 0 / 974 kcal
2025-10-11 08:45:15.674 11915-11915 FoodActivity            com.example.nutrisaur11              D  Direct update Dinner: 0 / 835 kcal (from 0 foods)
2025-10-11 08:45:15.674 11915-11915 FoodActivity            com.example.nutrisaur11              D  Set dinner progress text to: 0 / 835 kcal
2025-10-11 08:45:15.674 11915-11915 FoodActivity            com.example.nutrisaur11              D  Direct update Snacks: 0 / 278 kcal (from 0 foods)
2025-10-11 08:45:15.674 11915-11915 FoodActivity            com.example.nutrisaur11              D  Set snacks progress text to: 0 / 278 kcal
2025-10-11 08:45:15.674 11915-11915 FoodActivity            com.example.nutrisaur11              D  Updating meal progress texts with direct AddedFoodManager data
2025-10-11 08:45:15.678 11915-11915 FoodActivity            com.example.nutrisaur11              D  FoodActivity Available database fields: [birthday, is_pregnant, muac_category, notes, weight_kg, nutritional_risk, height_cm, sex, municipality, muac_cm, screening_date, bmi_category, name, barangay, email, age, bmi, status]
2025-10-11 08:45:15.678 11915-11915 FoodActivity            com.example.nutrisaur11              D  Calculated age from birthday '2005-10-10': 20
2025-10-11 08:45:15.678 11915-11915 FoodActivity            com.example.nutrisaur11              D  FoodActivity Weight field lookup - weight_kg: '50', weight: 'null', final: '50'
2025-10-11 08:45:15.678 11915-11915 FoodActivity            com.example.nutrisaur11              D  FoodActivity: Set weight from database: 50
2025-10-11 08:45:15.678 11915-11915 FoodActivity            com.example.nutrisaur11              D  FoodActivity Height field lookup - height_cm: '171', height: 'null', final: '171'
2025-10-11 08:45:15.678 11915-11915 FoodActivity            com.example.nutrisaur11              D  FoodActivity: Set height from database: 171
2025-10-11 08:45:15.678 11915-11915 FoodActivity            com.example.nutrisaur11              D  Created user profile from database data: Pingol , Kevin C. (Age: 20, Weight: 50.0, Height: 171.0, Gender: Male, Activity: Moderate)
2025-10-11 08:45:15.678 11915-11915 KcalSuggestionCache     com.example.nutrisaur11              D  User profile changed, cache invalid
2025-10-11 08:45:15.678 11915-11915 FoodActivity            com.example.nutrisaur11              D  No valid AI cache found, using fallback calculation...
2025-10-11 08:45:15.678 11915-11915 CalorieCal...ionService com.example.nutrisaur11              D  Calculated BMR: 1473.75 for Pingol , Kevin C.
2025-10-11 08:45:15.678 11915-11915 CalorieCal...ionService com.example.nutrisaur11              D  Calculated TDEE: 2284.3125 (BMR: 1473.75 Ã— Activity: 1.55)
2025-10-11 08:45:15.679 11915-11915 CalorieCal...ionService com.example.nutrisaur11              D  Calculated daily calorie target: 2784 (TDEE: 2284.3125 + Adjustment: 500.0)
2025-10-11 08:45:15.679 11915-11915 FoodActivity            com.example.nutrisaur11              D  Using fallback calculation (AI will update cache): 2784
2025-10-11 08:45:15.679 11915-11915 FoodActivity            com.example.nutrisaur11              D  AI calculation already in progress, skipping...
2025-10-11 08:45:15.679 11915-11915 FoodActivity            com.example.nutrisaur11              D  Using AI-calculated total daily calories: 2784
2025-10-11 08:45:15.679 11915-11915 FoodActivity            com.example.nutrisaur11              D  FoodActivity Available database fields: [birthday, is_pregnant, muac_category, notes, weight_kg, nutritional_risk, height_cm, sex, municipality, muac_cm, screening_date, bmi_category, name, barangay, email, age, bmi, status]
2025-10-11 08:45:15.679 11915-11915 FoodActivity            com.example.nutrisaur11              D  Calculated age from birthday '2005-10-10': 20
2025-10-11 08:45:15.679 11915-11915 FoodActivity            com.example.nutrisaur11              D  FoodActivity Weight field lookup - weight_kg: '50', weight: 'null', final: '50'
2025-10-11 08:45:15.679 11915-11915 FoodActivity            com.example.nutrisaur11              D  FoodActivity: Set weight from database: 50
2025-10-11 08:45:15.679 11915-11915 FoodActivity            com.example.nutrisaur11              D  FoodActivity Height field lookup - height_cm: '171', height: 'null', final: '171'
2025-10-11 08:45:15.679 11915-11915 FoodActivity            com.example.nutrisaur11              D  FoodActivity: Set height from database: 171
2025-10-11 08:45:15.679 11915-11915 FoodActivity            com.example.nutrisaur11              D  Created user profile from database data: Pingol , Kevin C. (Age: 20, Weight: 50.0, Height: 171.0, Gender: Male, Activity: Moderate)
2025-10-11 08:45:15.679 11915-11915 CalorieCal...ionService com.example.nutrisaur11              D  Calculated meal distribution: Breakfast=696, Lunch=974, Dinner=835, Snacks=278
2025-10-11 08:45:15.679 11915-11915 FoodActivity            com.example.nutrisaur11              D  Calculated meal distribution: Breakfast=696, Lunch=974, Dinner=835, Snacks=278
2025-10-11 08:45:15.679 11915-11915 FoodActivity            com.example.nutrisaur11              D  Direct update Breakfast: 25600 / 696 kcal (from 48 foods)
2025-10-11 08:45:15.679 11915-11915 FoodActivity            com.example.nutrisaur11              D  Set breakfast progress text to: 25600 / 696 kcal
2025-10-11 08:45:15.679 11915-11915 FoodActivity            com.example.nutrisaur11              D  Direct update Lunch: 0 / 974 kcal (from 0 foods)
2025-10-11 08:45:15.680 11915-11915 FoodActivity            com.example.nutrisaur11              D  Set lunch progress text to: 0 / 974 kcal
2025-10-11 08:45:15.680 11915-11915 FoodActivity            com.example.nutrisaur11              D  Direct update Dinner: 0 / 835 kcal (from 0 foods)
2025-10-11 08:45:15.680 11915-11915 FoodActivity            com.example.nutrisaur11              D  Set dinner progress text to: 0 / 835 kcal
2025-10-11 08:45:15.680 11915-11915 FoodActivity            com.example.nutrisaur11              D  Direct update Snacks: 0 / 278 kcal (from 0 foods)
2025-10-11 08:45:15.680 11915-11915 FoodActivity            com.example.nutrisaur11              D  Set snacks progress text to: 0 / 278 kcal
2025-10-11 08:45:15.680 11915-11915 FoodActivity            com.example.nutrisaur11              D  Meal progress refreshed successfully
2025-10-11 08:45:15.681 11915-11915 FoodActivity            com.example.nutrisaur11              D  Download successful, parsing response...
2025-10-11 08:45:15.681 11915-11915 FoodActivity            com.example.nutrisaur11              D  === PARSING FOOD HISTORY ===
2025-10-11 08:45:15.681 11915-11915 FoodActivity            com.example.nutrisaur11              D  JSON Response: {"success":true,"data":[{"id":52,"user_email":"kevinpingol123@gmail.com","date":"2025-10-11","meal_category":"Breakfast","food_name":"Arroz Caldo","calories":450,"serving_size":"Generous bowl","protein":"20.00","carbs":"60.00","fat":"15.00","fiber":"0.00","created_at":"2025-10-11 00:44:44","is_flagged":0,"is_day_flagged":0,"mho_comment":null,"flagged_by":null,"flagged_at":null},{"id":76,"user_email":"kevinpingol123@gmail.com","date":"2025-10-11","meal_category":"Breakfast","food_name":"Arroz Caldo","calories":450,"serving_size":"Generous bowl","protein":"20.00","carbs":"60.00","fat":"15.00","fiber":"0.00","created_at":"2025-10-11 00:45:12","is_flagged":0,"is_day_flagged":0,"mho_comment":null,"flagged_by":null,"flagged_at":null},{"id":77,"user_email":"kevinpingol123@gmail.com","date":"2025-10-11","meal_category":"Breakfast","food_name":"Arroz Caldo","calories":450,"serving_size":"Generous bowl","protein":"20.00","carbs":"60.00","fat":"15.00","fiber":"0.00","created_at":"2025-10-11 00:45:12","is_flagged":0,"is_day_flagged":0,"mho_comment":null,"flagged_by":null,"flagged_at":null},{"id":78,"user_email":"kevinpingol123@gmail.com","date":"2025-10-11","meal_category":"Breakfast","food_name":"Arroz Caldo","calories":450,"serving_size":"Generous bowl","protein":"20.00","carbs":"60.00","fat":"15.00","fiber":"0.00","created_at":"2025-10-11 00:45:12","is_flagged":0,"is_day_flagged":0,"mho_comment":null,"flagged_by":null,"flagged_at":null},{"id":79,"user_email":"kevinpingol123@gmail.com","date":"2025-10-11","meal_category":"Breakfast","food_name":"Arroz Caldo","calories":450,"serving_size":"Generous bowl","protein":"20.00","carbs":"60.00","fat":"15.00","fiber":"0.00","created_at":"2025-10-11 00:45:12","is_flagged":0,"is_day_flagged":0,"mho_comment":null,"flagged_by":null,"flagged_at":null},{"id":80,"user_email":"kevinpingol123@gmail.com","date":"2025-10-11","meal_category":"Breakfast","food_name":"Arroz Caldo","calories":450,"serving_size":"Generous bowl","protein":"20.00","carbs":"60.00","fat":"15.00","fiber":"0.00","created_at":"2025-10-11 00:45:12","is_flagged":0,"is_day_flagged":0,"mho_comment":null,"flagged_by":null,"flagged_at":null},{"id":81,"user_email":"kevinpingol123@gmail.com","date":"2025-10-11","meal_category":"Breakfast","food_name":"Arroz Caldo","calories":450,"serving_size":"Generous bowl","protein":"20.00","carbs":"60.00","fat":"15.00","fiber":"0.00","created_at":"2025-10-11 00:45:12","is_flagged":0,"is_day_flagged":0,"mho_comment":null,"flagged_by":null,"flagged_at":null},{"id":82,"user_email":"kevinpingol123@gmail.com","date":"2025-10-11","meal_category":"Breakfast","food_name":"Arroz Caldo","calories":450,"serving_size":"Generous bowl","protein":"20.00","carbs":"60.00","fat":"15.00","fiber":"0.00","created_at":"2025-10-11 00:45:12","is_flagged":0,"is_day_flagged":0,"mho_comment":null,"flagged_by":null,"flagged_at":null},{"id":67,"user_email":"kevinpingol123@gmail.com","date":"2025-10-11","meal_category":"Breakfast","food_name":"Arroz Caldo","calories":450,"serving_size":"Generous bowl","protein":"20.00","carbs":"60.00","fat":"15.00","fiber":"0.00","created_at":"2025-10-11 00:44:57","is_flagged":0,"is_day_flagged":0,"mho_comment":null,"flagged_by":null,"flagged_at":null},{"id":66,"user_email":"kevinpingol123@gmail.com","date":"2025-10-11","meal_category":"Breakfast","food_name":"Arroz Caldo","calories":450,"serving_size":"Generous bowl","protein":"20.00","carbs":"60.00","fat":"15.00","fiber":"0.00","created_at":"2025-10-11 00:44:57","is_flagged":0,"is_day_flagged":0,"mho_comment":null,"flagged_by":null,"flagged_at":null},{"id":65,"user_email":"kevinpingol123@gmail.com","date":"2025-10-11","meal_category":"Breakfast","food_name":"Arroz Caldo","calories":450,"serving_size":"Generous bowl","protein":"20.00","carbs":"60.00","fat":"15.00","fiber":"0.00","created_at":"2025-10-11 00:44:57","is_flagged":0,"is_day_flagged":0,"mho_comment":null,"flagged_by":null,"flagged_at":null},{"id":64,"user_email":"kevinpingol123@gmail.com","date":"2025-10-11","meal_category":"B
2025-10-11 08:45:15.683 11915-11915 FoodActivity            com.example.nutrisaur11              D  Parsing 48 food items from server
2025-10-11 08:45:15.684 11915-11915 FoodActivity            com.example.nutrisaur11              D  === STORING FOOD DATA IN LOCAL STORAGE ===
2025-10-11 08:45:15.685 11915-11915 FoodActivity            com.example.nutrisaur11              D  Storing 1 dates of food data for user: kevinpingol123@gmail.com
2025-10-11 08:45:15.685 11915-11915 FoodActivity            com.example.nutrisaur11              D  Date 2025-10-11 has 1 meal categories
2025-10-11 08:45:15.685 11915-11915 FoodActivity            com.example.nutrisaur11              D    Breakfast: 48 foods
2025-10-11 08:45:15.685 11915-11915 FoodActivity            com.example.nutrisaur11              D  About to store: Arroz Caldo in Breakfast for 2025-10-11
2025-10-11 08:45:15.685 11915-11915 AddedFoodManager        com.example.nutrisaur11              D  ğŸ¯ addFoodToMealTime called: Arroz Caldo -> Breakfast on 2025-10-11
2025-10-11 08:45:15.693 11915-11915 AddedFoodManager        com.example.nutrisaur11              D  Added Arroz Caldo to Breakfast on 2025-10-11 (using single storage system)
2025-10-11 08:45:15.694 11915-11915 AddedFoodManager        com.example.nutrisaur11              D  Retrieved user email: 'kevinpingol123@gmail.com'
2025-10-11 08:45:15.694 11915-11915 AddedFoodManager        com.example.nutrisaur11              D  ğŸ” Attempting to store food in database:
2025-10-11 08:45:15.694 11915-11915 AddedFoodManager        com.example.nutrisaur11              D    - User Email: kevinpingol123@gmail.com
2025-10-11 08:45:15.694 11915-11915 AddedFoodManager        com.example.nutrisaur11              D    - Date: 2025-10-11
2025-10-11 08:45:15.694 11915-11915 AddedFoodManager        com.example.nutrisaur11              D    - Meal: Breakfast
2025-10-11 08:45:15.694 11915-11915 AddedFoodManager        com.example.nutrisaur11              D    - Food: Arroz Caldo
2025-10-11 08:45:15.694 11915-11915 FoodActivity            com.example.nutrisaur11              D  âœ… Stored: Arroz Caldo in Breakfast for 2025-10-11
2025-10-11 08:45:15.694 11915-11915 FoodActivity            com.example.nutrisaur11              D  About to store: Arroz Caldo in Breakfast for 2025-10-11
2025-10-11 08:45:15.694 11915-11915 AddedFoodManager        com.example.nutrisaur11              D  ğŸ¯ addFoodToMealTime called: Arroz Caldo -> Breakfast on 2025-10-11
2025-10-11 08:45:15.695 11915-18640 ApiClient               com.example.nutrisaur11              D  ğŸš€ Starting food upload to database:
2025-10-11 08:45:15.695 11915-18640 ApiClient               com.example.nutrisaur11              D    - User: kevinpingol123@gmail.com
2025-10-11 08:45:15.695 11915-18640 ApiClient               com.example.nutrisaur11              D    - Date: 2025-10-11
2025-10-11 08:45:15.695 11915-18640 ApiClient               com.example.nutrisaur11              D    - Meal: Breakfast
2025-10-11 08:45:15.695 11915-18640 ApiClient               com.example.nutrisaur11              D    - Food: Arroz Caldo
2025-10-11 08:45:15.695 11915-18640 ApiClient               com.example.nutrisaur11              D  ğŸ“¡ Upload URL: https://nutrisaur-production.up.railway.app/api/food_history_api.php?action=add
2025-10-11 08:45:15.695 11915-18640 ApiClient               com.example.nutrisaur11              D  ğŸ“¦ Upload data: {"user_email":"kevinpingol123@gmail.com","date":"2025-10-11","meal_category":"Breakfast","food_name":"Arroz Caldo","calories":450,"serving_size":"Generous bowl","protein":20,"carbs":60,"fat":15,"fiber":0}
2025-10-11 08:45:15.700 11915-11915 AddedFoodManager        com.example.nutrisaur11              D  Added Arroz Caldo to Breakfast on 2025-10-11 (using single storage system)
2025-10-11 08:45:15.700 11915-11915 AddedFoodManager        com.example.nutrisaur11              D  Retrieved user email: 'kevinpingol123@gmail.com'
2025-10-11 08:45:15.700 11915-11915 AddedFoodManager        com.example.nutrisaur11              D  ğŸ” Attempting to store food in database:
2025-10-11 08:45:15.700 11915-11915 AddedFoodManager        com.example.nutrisaur11              D    - User Email: kevinpingol123@gmail.com
2025-10-11 08:45:15.700 11915-11915 AddedFoodManager        com.example.nutrisaur11              D    - Date: 2025-10-11
2025-10-11 08:45:15.700 11915-11915 AddedFoodManager        com.example.nutrisaur11              D    - Meal: Breakfast
2025-10-11 08:45:15.700 11915-11915 AddedFoodManager        com.example.nutrisaur11              D    - Food: Arroz Caldo
2025-10-11 08:45:15.701 11915-11915 FoodActivity            com.example.nutrisaur11              D  âœ… Stored: Arroz Caldo in Breakfast for 2025-10-11
2025-10-11 08:45:15.701 11915-11915 FoodActivity            com.example.nutrisaur11              D  About to store: Arroz Caldo in Breakfast for 2025-10-11
2025-10-11 08:45:15.701 11915-11915 AddedFoodManager        com.example.nutrisaur11              D  ğŸ¯ addFoodToMealTime called: Arroz Caldo -> Breakfast on 2025-10-11
2025-10-11 08:45:15.701 11915-18641 ApiClient               com.example.nutrisaur11              D  ğŸš€ Starting food upload to database:
2025-10-11 08:45:15.701 11915-18641 ApiClient               com.example.nutrisaur11              D    - User: kevinpingol123@gmail.com
2025-10-11 08:45:15.701 11915-18641 ApiClient               com.example.nutrisaur11              D    - Date: 2025-10-11
2025-10-11 08:45:15.701 11915-18641 ApiClient               com.example.nutrisaur11              D    - Meal: Breakfast
2025-10-11 08:45:15.701 11915-18641 ApiClient               com.example.nutrisaur11              D    - Food: Arroz Caldo
2025-10-11 08:45:15.701 11915-18641 ApiClient               com.example.nutrisaur11              D  ğŸ“¡ Upload URL: https://nutrisaur-production.up.railway.app/api/food_history_api.php?action=add
2025-10-11 08:45:15.701 11915-18641 ApiClient               com.example.nutrisaur11              D  ğŸ“¦ Upload data: {"user_email":"kevinpingol123@gmail.com","date":"2025-10-11","meal_category":"Breakfast","food_name":"Arroz Caldo","calories":450,"serving_size":"Generous bowl","protein":20,"carbs":60,"fat":15,"fiber":0}
2025-10-11 08:45:15.708 11915-11915 AddedFoodManager        com.example.nutrisaur11              D  Added Arroz Caldo to Breakfast on 2025-10-11 (using single storage system)
2025-10-11 08:45:15.708 11915-11915 AddedFoodManager        com.example.nutrisaur11              D  Retrieved user email: 'kevinpingol123@gmail.com'
2025-10-11 08:45:15.708 11915-11915 AddedFoodManager        com.example.nutrisaur11              D  ğŸ” Attempting to store food in database:
2025-10-11 08:45:15.708 11915-11915 AddedFoodManager        com.example.nutrisaur11              D    - User Email: kevinpingol123@gmail.com
2025-10-11 08:45:15.708 11915-11915 AddedFoodManager        com.example.nutrisaur11              D    - Date: 2025-10-11
2025-10-11 08:45:15.708 11915-11915 AddedFoodManager        com.example.nutrisaur11              D    - Meal: Breakfast
2025-10-11 08:45:15.708 11915-11915 AddedFoodManager        com.example.nutrisaur11              D    - Food: Arroz Caldo
2025-10-11 08:45:15.708 11915-11915 FoodActivity            com.example.nutrisaur11              D  âœ… Stored: Arroz Caldo in Breakfast for 2025-10-11
2025-10-11 08:45:15.708 11915-11915 FoodActivity            com.example.nutrisaur11              D  About to store: Arroz Caldo in Breakfast for 2025-10-11
2025-10-11 08:45:15.708 11915-11915 AddedFoodManager        com.example.nutrisaur11              D  ğŸ¯ addFoodToMealTime called: Arroz Caldo -> Breakfast on 2025-10-11
2025-10-11 08:45:15.708 11915-18642 ApiClient               com.example.nutrisaur11              D  ğŸš€ Starting food upload to database:
2025-10-11 08:45:15.709 11915-18642 ApiClient               com.example.nutrisaur11              D    - User: kevinpingol123@gmail.com
2025-10-11 08:45:15.709 11915-18642 ApiClient               com.example.nutrisaur11              D    - Date: 2025-10-11
2025-10-11 08:45:15.709 11915-18642 ApiClient               com.example.nutrisaur11              D    - Meal: Breakfast
2025-10-11 08:45:15.709 11915-18642 ApiClient               com.example.nutrisaur11              D    - Food: Arroz Caldo
2025-10-11 08:45:15.709 11915-18642 ApiClient               com.example.nutrisaur11              D  ğŸ“¡ Upload URL: https://nutrisaur-production.up.railway.app/api/food_history_api.php?action=add
2025-10-11 08:45:15.709 11915-18642 ApiClient               com.example.nutrisaur11              D  ğŸ“¦ Upload data: {"user_email":"kevinpingol123@gmail.com","date":"2025-10-11","meal_category":"Breakfast","food_name":"Arroz Caldo","calories":450,"serving_size":"Generous bowl","protein":20,"carbs":60,"fat":15,"fiber":0}
2025-10-11 08:45:15.715 11915-11915 AddedFoodManager        com.example.nutrisaur11              D  Added Arroz Caldo to Breakfast on 2025-10-11 (using single storage system)
2025-10-11 08:45:15.715 11915-11915 AddedFoodManager        com.example.nutrisaur11              D  Retrieved user email: 'kevinpingol123@gmail.com'
2025-10-11 08:45:15.715 11915-11915 AddedFoodManager        com.example.nutrisaur11              D  ğŸ” Attempting to store food in database:
2025-10-11 08:45:15.715 11915-11915 AddedFoodManager        com.example.nutrisaur11              D    - User Email: kevinpingol123@gmail.com
2025-10-11 08:45:15.715 11915-11915 AddedFoodManager        com.example.nutrisaur11              D    - Date: 2025-10-11
2025-10-11 08:45:15.715 11915-11915 AddedFoodManager        com.example.nutrisaur11              D    - Meal: Breakfast
2025-10-11 08:45:15.715 11915-11915 AddedFoodManager        com.example.nutrisaur11              D    - Food: Arroz Caldo
2025-10-11 08:45:15.715 11915-11915 FoodActivity            com.example.nutrisaur11              D  âœ… Stored: Arroz Caldo in Breakfast for 2025-10-11
2025-10-11 08:45:15.715 11915-11915 FoodActivity            com.example.nutrisaur11              D  About to store: Arroz Caldo in Breakfast for 2025-10-11
2025-10-11 08:45:15.715 11915-11915 AddedFoodManager        com.example.nutrisaur11              D  ğŸ¯ addFoodToMealTime called: Arroz Caldo -> Breakfast on 2025-10-11
2025-10-11 08:45:15.715 11915-18643 ApiClient               com.example.nutrisaur11              D  ğŸš€ Starting food upload to database:
2025-10-11 08:45:15.715 11915-18643 ApiClient               com.example.nutrisaur11              D    - User: kevinpingol123@gmail.com
2025-10-11 08:45:15.715 11915-18643 ApiClient               com.example.nutrisaur11              D    - Date: 2025-10-11
2025-10-11 08:45:15.715 11915-18643 ApiClient               com.example.nutrisaur11              D    - Meal: Breakfast
2025-10-11 08:45:15.715 11915-18643 ApiClient               com.example.nutrisaur11              D    - Food: Arroz Caldo
2025-10-11 08:45:15.715 11915-18643 ApiClient               com.example.nutrisaur11              D  ğŸ“¡ Upload URL: https://nutrisaur-production.up.railway.app/api/food_history_api.php?action=add
2025-10-11 08:45:15.716 11915-18643 ApiClient               com.example.nutrisaur11              D  ğŸ“¦ Upload data: {"user_email":"kevinpingol123@gmail.com","date":"2025-10-11","meal_category":"Breakfast","food_name":"Arroz Caldo","calories":450,"serving_size":"Generous bowl","protein":20,"carbs":60,"fat":15,"fiber":0}
2025-10-11 08:45:15.722 11915-11915 AddedFoodManager        com.example.nutrisaur11              D  Added Arroz Caldo to Breakfast on 2025-10-11 (using single storage system)
2025-10-11 08:45:15.722 11915-11915 AddedFoodManager        com.example.nutrisaur11              D  Retrieved user email: 'kevinpingol123@gmail.com'
2025-10-11 08:45:15.722 11915-11915 AddedFoodManager        com.example.nutrisaur11              D  ğŸ” Attempting to store food in database:
2025-10-11 08:45:15.722 11915-11915 AddedFoodManager        com.example.nutrisaur11              D    - User Email: kevinpingol123@gmail.com
2025-10-11 08:45:15.722 11915-11915 AddedFoodManager        com.example.nutrisaur11              D    - Date: 2025-10-11
2025-10-11 08:45:15.722 11915-11915 AddedFoodManager        com.example.nutrisaur11              D    - Meal: Breakfast
2025-10-11 08:45:15.722 11915-11915 AddedFoodManager        com.example.nutrisaur11              D    - Food: Arroz Caldo
2025-10-11 08:45:15.722 11915-11915 FoodActivity            com.example.nutrisaur11              D  âœ… Stored: Arroz Caldo in Breakfast for 2025-10-11
2025-10-11 08:45:15.722 11915-11915 FoodActivity            com.example.nutrisaur11              D  About to store: Arroz Caldo in Breakfast for 2025-10-11
2025-10-11 08:45:15.722 11915-11915 AddedFoodManager        com.example.nutrisaur11              D  ğŸ¯ addFoodToMealTime called: Arroz Caldo -> Breakfast on 2025-10-11
2025-10-11 08:45:15.722 11915-18644 ApiClient               com.example.nutrisaur11              D  ğŸš€ Starting food upload to database:
2025-10-11 08:45:15.722 11915-18644 ApiClient               com.example.nutrisaur11              D    - User: kevinpingol123@gmail.com
2025-10-11 08:45:15.724 11915-18644 ApiClient               com.example.nutrisaur11              D    - Date: 2025-10-11
2025-10-11 08:45:15.724 11915-18644 ApiClient               com.example.nutrisaur11              D    - Meal: Breakfast
2025-10-11 08:45:15.724 11915-18644 ApiClient               com.example.nutrisaur11              D    - Food: Arroz Caldo
2025-10-11 08:45:15.724 11915-18644 ApiClient               com.example.nutrisaur11              D  ğŸ“¡ Upload URL: https://nutrisaur-production.up.railway.app/api/food_history_api.php?action=add
2025-10-11 08:45:15.724 11915-18644 ApiClient               com.example.nutrisaur11              D  ğŸ“¦ Upload data: {"user_email":"kevinpingol123@gmail.com","date":"2025-10-11","meal_category":"Breakfast","food_name":"Arroz Caldo","calories":450,"serving_size":"Generous bowl","protein":20,"carbs":60,"fat":15,"fiber":0}
2025-10-11 08:45:15.729 11915-11915 AddedFoodManager        com.example.nutrisaur11              D  Added Arroz Caldo to Breakfast on 2025-10-11 (using single storage system)
2025-10-11 08:45:15.729 11915-11915 AddedFoodManager        com.example.nutrisaur11              D  Retrieved user email: 'kevinpingol123@gmail.com'
2025-10-11 08:45:15.729 11915-11915 AddedFoodManager        com.example.nutrisaur11              D  ğŸ” Attempting to store food in database:
2025-10-11 08:45:15.729 11915-11915 AddedFoodManager        com.example.nutrisaur11              D    - User Email: kevinpingol123@gmail.com
2025-10-11 08:45:15.729 11915-11915 AddedFoodManager        com.example.nutrisaur11              D    - Date: 2025-10-11
2025-10-11 08:45:15.729 11915-11915 AddedFoodManager        com.example.nutrisaur11              D    - Meal: Breakfast
2025-10-11 08:45:15.729 11915-11915 AddedFoodManager        com.example.nutrisaur11              D    - Food: Arroz Caldo
2025-10-11 08:45:15.730 11915-11915 FoodActivity            com.example.nutrisaur11              D  âœ… Stored: Arroz Caldo in Breakfast for 2025-10-11
2025-10-11 08:45:15.730 11915-11915 FoodActivity            com.example.nutrisaur11              D  About to store: Arroz Caldo in Breakfast for 2025-10-11
2025-10-11 08:45:15.730 11915-11915 AddedFoodManager        com.example.nutrisaur11              D  ğŸ¯ addFoodToMealTime called: Arroz Caldo -> Breakfast on 2025-10-11
2025-10-11 08:45:15.730 11915-18645 ApiClient               com.example.nutrisaur11              D  ğŸš€ Starting food upload to database:
2025-10-11 08:45:15.730 11915-18645 ApiClient               com.example.nutrisaur11              D    - User: kevinpingol123@gmail.com
2025-10-11 08:45:15.730 11915-18645 ApiClient               com.example.nutrisaur11              D    - Date: 2025-10-11
2025-10-11 08:45:15.730 11915-18645 ApiClient               com.example.nutrisaur11              D    - Meal: Breakfast
2025-10-11 08:45:15.730 11915-18645 ApiClient               com.example.nutrisaur11              D    - Food: Arroz Caldo
2025-10-11 08:45:15.730 11915-18645 ApiClient               com.example.nutrisaur11              D  ğŸ“¡ Upload URL: https://nutrisaur-production.up.railway.app/api/food_history_api.php?action=add
2025-10-11 08:45:15.730 11915-18645 ApiClient               com.example.nutrisaur11              D  ğŸ“¦ Upload data: {"user_email":"kevinpingol123@gmail.com","date":"2025-10-11","meal_category":"Breakfast","food_name":"Arroz Caldo","calories":450,"serving_size":"Generous bowl","protein":20,"carbs":60,"fat":15,"fiber":0}
2025-10-11 08:45:15.732 11915-18625 CommunityUserManager    com.example.nutrisaur11              D  API response code: 200
2025-10-11 08:45:15.732 11915-18625 CommunityUserManager    com.example.nutrisaur11              D  API response message: 
2025-10-11 08:45:15.733 11915-18625 CommunityUserManager    com.example.nutrisaur11              D  API response for get_community_user_data: {"success":true,"message":"User data retrieved successfully","user":{"name":"Pingol , Kevin C.","email":"kevinpingol123@gmail.com","municipality":"DINALUPIHAN","barangay":"Burgos","sex":"Male","birthday":"2005-10-10","is_pregnant":"N\/A","weight":"50","height":"171","screening_date":"2025-10-10 06:47:30","fcm_token":"dDgJr74pRHukYxdkYiGyAE:APA91bGRwC6pXjPQVyYGtkcZ6eafSGk0tUnWsyaKl1pZXOygSPN5hrxQ57-QoEbT0Q4AnrxZle82T4gCM6sx46ruDB-KiAtQGKfYr3uHOkNiwosJ5lmui9A","is_flagged":0,"bmi-for-age":"","weight-for-height":"","weight-for-age":"","weight-for-length":"","height-for-age":""}}
2025-10-11 08:45:15.734 11915-18625 CommunityUserManager    com.example.nutrisaur11              D  Cached user data for: kevinpingol123@gmail.com
2025-10-11 08:45:15.734 11915-18625 CommunityUserManager    com.example.nutrisaur11              D  Fresh user data retrieved successfully: {birthday=2005-10-10, is_pregnant=N/A, muac_category=, notes=, weight_kg=50, nutritional_risk=, height_cm=171, sex=Male, municipality=DINALUPIHAN, muac_cm=, screening_date=2025-10-10 06:47:30, bmi_category=, name=Pingol , Kevin C., barangay=Burgos, email=kevinpingol123@gmail.com, age=, bmi=, status=1}
2025-10-11 08:45:15.734 11915-18625 CommunityUserManager    com.example.nutrisaur11              D  User exists and has valid data
2025-10-11 08:45:15.737 11915-11915 AddedFoodManager        com.example.nutrisaur11              D  Added Arroz Caldo to Breakfast on 2025-10-11 (using single storage system)
2025-10-11 08:45:15.737 11915-11915 AddedFoodManager        com.example.nutrisaur11              D  Retrieved user email: 'kevinpingol123@gmail.com'
2025-10-11 08:45:15.737 11915-11915 AddedFoodManager        com.example.nutrisaur11              D  ğŸ” Attempting to store food in database:
2025-10-11 08:45:15.737 11915-11915 AddedFoodManager        com.example.nutrisaur11              D    - User Email: kevinpingol123@gmail.com
2025-10-11 08:45:15.737 11915-11915 AddedFoodManager        com.example.nutrisaur11              D    - Date: 2025-10-11
2025-10-11 08:45:15.737 11915-11915 AddedFoodManager        com.example.nutrisaur11              D    - Meal: Breakfast
2025-10-11 08:45:15.737 11915-11915 AddedFoodManager        com.example.nutrisaur11              D    - Food: Arroz Caldo
2025-10-11 08:45:15.737 11915-11915 FoodActivity            com.example.nutrisaur11              D  âœ… Stored: Arroz Caldo in Breakfast for 2025-10-11
2025-10-11 08:45:15.737 11915-11915 FoodActivity            com.example.nutrisaur11              D  About to store: Arroz Caldo in Breakfast for 2025-10-11
2025-10-11 08:45:15.737 11915-11915 AddedFoodManager        com.example.nutrisaur11              D  ğŸ¯ addFoodToMealTime called: Arroz Caldo -> Breakfast on 2025-10-11
2025-10-11 08:45:15.737 11915-18646 ApiClient               com.example.nutrisaur11              D  ğŸš€ Starting food upload to database:
2025-10-11 08:45:15.737 11915-18646 ApiClient               com.example.nutrisaur11              D    - User: kevinpingol123@gmail.com
2025-10-11 08:45:15.737 11915-18646 ApiClient               com.example.nutrisaur11              D    - Date: 2025-10-11
2025-10-11 08:45:15.737 11915-18646 ApiClient               com.example.nutrisaur11              D    - Meal: Breakfast
2025-10-11 08:45:15.737 11915-18646 ApiClient               com.example.nutrisaur11              D    - Food: Arroz Caldo
2025-10-11 08:45:15.737 11915-18646 ApiClient               com.example.nutrisaur11              D  ğŸ“¡ Upload URL: https://nutrisaur-production.up.railway.app/api/food_history_api.php?action=add
2025-10-11 08:45:15.738 11915-18646 ApiClient               com.example.nutrisaur11              D  ğŸ“¦ Upload data: {"user_email":"kevinpingol123@gmail.com","date":"2025-10-11","meal_category":"Breakfast","food_name":"Arroz Caldo","calories":450,"serving_size":"Generous bowl","protein":20,"carbs":60,"fat":15,"fiber":0}
2025-10-11 08:45:15.744 11915-18624 CommunityUserManager    com.example.nutrisaur11              D  API response code: 200
2025-10-11 08:45:15.744 11915-18624 CommunityUserManager    com.example.nutrisaur11              D  API response message: 
2025-10-11 08:45:15.745 11915-11915 AddedFoodManager        com.example.nutrisaur11              D  Added Arroz Caldo to Breakfast on 2025-10-11 (using single storage system)
2025-10-11 08:45:15.745 11915-11915 AddedFoodManager        com.example.nutrisaur11              D  Retrieved user email: 'kevinpingol123@gmail.com'
2025-10-11 08:45:15.745 11915-11915 AddedFoodManager        com.example.nutrisaur11              D  ğŸ” Attempting to store food in database:
2025-10-11 08:45:15.745 11915-11915 AddedFoodManager        com.example.nutrisaur11              D    - User Email: kevinpingol123@gmail.com
2025-10-11 08:45:15.745 11915-11915 AddedFoodManager        com.example.nutrisaur11              D    - Date: 2025-10-11
2025-10-11 08:45:15.745 11915-11915 AddedFoodManager        com.example.nutrisaur11              D    - Meal: Breakfast
2025-10-11 08:45:15.745 11915-11915 AddedFoodManager        com.example.nutrisaur11              D    - Food: Arroz Caldo
2025-10-11 08:45:15.745 11915-11915 FoodActivity            com.example.nutrisaur11              D  âœ… Stored: Arroz Caldo in Breakfast for 2025-10-11
2025-10-11 08:45:15.745 11915-11915 FoodActivity            com.example.nutrisaur11              D  About to store: Arroz Caldo in Breakfast for 2025-10-11
2025-10-11 08:45:15.745 11915-11915 AddedFoodManager        com.example.nutrisaur11              D  ğŸ¯ addFoodToMealTime called: Arroz Caldo -> Breakfast on 2025-10-11
2025-10-11 08:45:15.745 11915-18624 CommunityUserManager    com.example.nutrisaur11              D  API response for get_community_user_data: {"success":true,"message":"User data retrieved successfully","user":{"name":"Pingol , Kevin C.","email":"kevinpingol123@gmail.com","municipality":"DINALUPIHAN","barangay":"Burgos","sex":"Male","birthday":"2005-10-10","is_pregnant":"N\/A","weight":"50","height":"171","screening_date":"2025-10-10 06:47:30","fcm_token":"dDgJr74pRHukYxdkYiGyAE:APA91bGRwC6pXjPQVyYGtkcZ6eafSGk0tUnWsyaKl1pZXOygSPN5hrxQ57-QoEbT0Q4AnrxZle82T4gCM6sx46ruDB-KiAtQGKfYr3uHOkNiwosJ5lmui9A","is_flagged":0,"bmi-for-age":"","weight-for-height":"","weight-for-age":"","weight-for-length":"","height-for-age":""}}
2025-10-11 08:45:15.746 11915-18624 CommunityUserManager    com.example.nutrisaur11              D  Cached user data for: kevinpingol123@gmail.com
2025-10-11 08:45:15.746 11915-18624 CommunityUserManager    com.example.nutrisaur11              D  Fresh user data retrieved successfully: {birthday=2005-10-10, is_pregnant=N/A, muac_category=, notes=, weight_kg=50, nutritional_risk=, height_cm=171, sex=Male, municipality=DINALUPIHAN, muac_cm=, screening_date=2025-10-10 06:47:30, bmi_category=, name=Pingol , Kevin C., barangay=Burgos, email=kevinpingol123@gmail.com, age=, bmi=, status=1}
2025-10-11 08:45:15.746 11915-18624 CommunityUserManager    com.example.nutrisaur11              D  User status: 1
2025-10-11 08:45:15.746 11915-18624 CommunityUserManager    com.example.nutrisaur11              D  User is active (status = 1)
2025-10-11 08:45:15.747 11915-18647 ApiClient               com.example.nutrisaur11              D  ğŸš€ Starting food upload to database:
2025-10-11 08:45:15.747 11915-18647 ApiClient               com.example.nutrisaur11              D    - User: kevinpingol123@gmail.com
2025-10-11 08:45:15.747 11915-18647 ApiClient               com.example.nutrisaur11              D    - Date: 2025-10-11
2025-10-11 08:45:15.747 11915-18647 ApiClient               com.example.nutrisaur11              D    - Meal: Breakfast
2025-10-11 08:45:15.747 11915-18647 ApiClient               com.example.nutrisaur11              D    - Food: Arroz Caldo
2025-10-11 08:45:15.747 11915-18647 ApiClient               com.example.nutrisaur11              D  ğŸ“¡ Upload URL: https://nutrisaur-production.up.railway.app/api/food_history_api.php?action=add
2025-10-11 08:45:15.747 11915-18647 ApiClient               com.example.nutrisaur11              D  ğŸ“¦ Upload data: {"user_email":"kevinpingol123@gmail.com","date":"2025-10-11","meal_category":"Breakfast","food_name":"Arroz Caldo","calories":450,"serving_size":"Generous bowl","protein":20,"carbs":60,"fat":15,"fiber":0}
2025-10-11 08:45:15.752 11915-11915 AddedFoodManager        com.example.nutrisaur11              D  Added Arroz Caldo to Breakfast on 2025-10-11 (using single storage system)
2025-10-11 08:45:15.752 11915-11915 AddedFoodManager        com.example.nutrisaur11              D  Retrieved user email: 'kevinpingol123@gmail.com'
2025-10-11 08:45:15.752 11915-11915 AddedFoodManager        com.example.nutrisaur11              D  ğŸ” Attempting to store food in database:
2025-10-11 08:45:15.752 11915-11915 AddedFoodManager        com.example.nutrisaur11              D    - User Email: kevinpingol123@gmail.com
2025-10-11 08:45:15.752 11915-11915 AddedFoodManager        com.example.nutrisaur11              D    - Date: 2025-10-11
2025-10-11 08:45:15.752 11915-11915 AddedFoodManager        com.example.nutrisaur11              D    - Meal: Breakfast
2025-10-11 08:45:15.752 11915-11915 AddedFoodManager        com.example.nutrisaur11              D    - Food: Arroz Caldo
2025-10-11 08:45:15.753 11915-11915 FoodActivity            com.example.nutrisaur11              D  âœ… Stored: Arroz Caldo in Breakfast for 2025-10-11
2025-10-11 08:45:15.753 11915-11915 FoodActivity            com.example.nutrisaur11              D  About to store: Arroz Caldo in Breakfast for 2025-10-11
2025-10-11 08:45:15.753 11915-11915 AddedFoodManager        com.example.nutrisaur11              D  ğŸ¯ addFoodToMealTime called: Arroz Caldo -> Breakfast on 2025-10-11
2025-10-11 08:45:15.753 11915-18648 ApiClient               com.example.nutrisaur11              D  ğŸš€ Starting food upload to database:
2025-10-11 08:45:15.753 11915-18648 ApiClient               com.example.nutrisaur11              D    - User: kevinpingol123@gmail.com
2025-10-11 08:45:15.753 11915-18648 ApiClient               com.example.nutrisaur11              D    - Date: 2025-10-11
2025-10-11 08:45:15.753 11915-18648 ApiClient               com.example.nutrisaur11              D    - Meal: Breakfast
2025-10-11 08:45:15.753 11915-18648 ApiClient               com.example.nutrisaur11              D    - Food: Arroz Caldo
2025-10-11 08:45:15.753 11915-18648 ApiClient               com.example.nutrisaur11              D  ğŸ“¡ Upload URL: https://nutrisaur-production.up.railway.app/api/food_history_api.php?action=add
2025-10-11 08:45:15.753 11915-18648 ApiClient               com.example.nutrisaur11              D  ğŸ“¦ Upload data: {"user_email":"kevinpingol123@gmail.com","date":"2025-10-11","meal_category":"Breakfast","food_name":"Arroz Caldo","calories":450,"serving_size":"Generous bowl","protein":20,"carbs":60,"fat":15,"fiber":0}
2025-10-11 08:45:15.760 11915-11915 AddedFoodManager        com.example.nutrisaur11              D  Added Arroz Caldo to Breakfast on 2025-10-11 (using single storage system)
2025-10-11 08:45:15.760 11915-11915 AddedFoodManager        com.example.nutrisaur11              D  Retrieved user email: 'kevinpingol123@gmail.com'
2025-10-11 08:45:15.760 11915-11915 AddedFoodManager        com.example.nutrisaur11              D  ğŸ” Attempting to store food in database:
2025-10-11 08:45:15.760 11915-11915 AddedFoodManager        com.example.nutrisaur11              D    - User Email: kevinpingol123@gmail.com
2025-10-11 08:45:15.760 11915-11915 AddedFoodManager        com.example.nutrisaur11              D    - Date: 2025-10-11
2025-10-11 08:45:15.760 11915-11915 AddedFoodManager        com.example.nutrisaur11              D    - Meal: Breakfast
2025-10-11 08:45:15.760 11915-11915 AddedFoodManager        com.example.nutrisaur11              D    - Food: Arroz Caldo
2025-10-11 08:45:15.760 11915-18640 ApiClient               com.example.nutrisaur11              D  Response code: 200
2025-10-11 08:45:15.760 11915-11915 FoodActivity            com.example.nutrisaur11              D  âœ… Stored: Arroz Caldo in Breakfast for 2025-10-11
2025-10-11 08:45:15.760 11915-11915 FoodActivity            com.example.nutrisaur11              D  About to store: Arroz Caldo in Breakfast for 2025-10-11
2025-10-11 08:45:15.760 11915-11915 AddedFoodManager        com.example.nutrisaur11              D  ğŸ¯ addFoodToMealTime called: Arroz Caldo -> Breakfast on 2025-10-11
2025-10-11 08:45:15.761 11915-18640 ApiClient               com.example.nutrisaur11              D  ğŸ“¥ Upload food response: {"success":true,"message":"Food entry added successfully","id":"100"}
2025-10-11 08:45:15.761 11915-18640 AddedFoodManager        com.example.nutrisaur11              D  âœ… Database storage call completed
2025-10-11 08:45:15.761 11915-18649 ApiClient               com.example.nutrisaur11              D  ğŸš€ Starting food upload to database:
2025-10-11 08:45:15.761 11915-18649 ApiClient               com.example.nutrisaur11              D    - User: kevinpingol123@gmail.com
2025-10-11 08:45:15.761 11915-18649 ApiClient               com.example.nutrisaur11              D    - Date: 2025-10-11
2025-10-11 08:45:15.761 11915-18649 ApiClient               com.example.nutrisaur11              D    - Meal: Breakfast
2025-10-11 08:45:15.761 11915-18649 ApiClient               com.example.nutrisaur11              D    - Food: Arroz Caldo
2025-10-11 08:45:15.761 11915-18649 ApiClient               com.example.nutrisaur11              D  ğŸ“¡ Upload URL: https://nutrisaur-production.up.railway.app/api/food_history_api.php?action=add
2025-10-11 08:45:15.762 11915-18649 ApiClient               com.example.nutrisaur11              D  ğŸ“¦ Upload data: {"user_email":"kevinpingol123@gmail.com","date":"2025-10-11","meal_category":"Breakfast","food_name":"Arroz Caldo","calories":450,"serving_size":"Generous bowl","protein":20,"carbs":60,"fat":15,"fiber":0}
2025-10-11 08:45:15.768 11915-11915 AddedFoodManager        com.example.nutrisaur11              D  Added Arroz Caldo to Breakfast on 2025-10-11 (using single storage system)
2025-10-11 08:45:15.768 11915-11915 AddedFoodManager        com.example.nutrisaur11              D  Retrieved user email: 'kevinpingol123@gmail.com'
2025-10-11 08:45:15.768 11915-11915 AddedFoodManager        com.example.nutrisaur11              D  ğŸ” Attempting to store food in database:
2025-10-11 08:45:15.768 11915-11915 AddedFoodManager        com.example.nutrisaur11              D    - User Email: kevinpingol123@gmail.com
2025-10-11 08:45:15.768 11915-11915 AddedFoodManager        com.example.nutrisaur11              D    - Date: 2025-10-11
2025-10-11 08:45:15.768 11915-11915 AddedFoodManager        com.example.nutrisaur11              D    - Meal: Breakfast
2025-10-11 08:45:15.768 11915-11915 AddedFoodManager        com.example.nutrisaur11              D    - Food: Arroz Caldo
2025-10-11 08:45:15.768 11915-11915 FoodActivity            com.example.nutrisaur11              D  âœ… Stored: Arroz Caldo in Breakfast for 2025-10-11
2025-10-11 08:45:15.768 11915-11915 FoodActivity            com.example.nutrisaur11              D  About to store: Arroz Caldo in Breakfast for 2025-10-11
2025-10-11 08:45:15.768 11915-11915 AddedFoodManager        com.example.nutrisaur11              D  ğŸ¯ addFoodToMealTime called: Arroz Caldo -> Breakfast on 2025-10-11
2025-10-11 08:45:15.768 11915-18650 ApiClient               com.example.nutrisaur11              D  ğŸš€ Starting food upload to database:
2025-10-11 08:45:15.768 11915-18650 ApiClient               com.example.nutrisaur11              D    - User: kevinpingol123@gmail.com
2025-10-11 08:45:15.768 11915-18650 ApiClient               com.example.nutrisaur11              D    - Date: 2025-10-11
2025-10-11 08:45:15.768 11915-18650 ApiClient               com.example.nutrisaur11              D    - Meal: Breakfast
2025-10-11 08:45:15.768 11915-18650 ApiClient               com.example.nutrisaur11              D    - Food: Arroz Caldo
2025-10-11 08:45:15.768 11915-18650 ApiClient               com.example.nutrisaur11              D  ğŸ“¡ Upload URL: https://nutrisaur-production.up.railway.app/api/food_history_api.php?action=add
2025-10-11 08:45:15.768 11915-18650 ApiClient               com.example.nutrisaur11              D  ğŸ“¦ Upload data: {"user_email":"kevinpingol123@gmail.com","date":"2025-10-11","meal_category":"Breakfast","food_name":"Arroz Caldo","calories":450,"serving_size":"Generous bowl","protein":20,"carbs":60,"fat":15,"fiber":0}
2025-10-11 08:45:15.770 11915-18641 ApiClient               com.example.nutrisaur11              D  Response code: 200
2025-10-11 08:45:15.771 11915-18641 ApiClient               com.example.nutrisaur11              D  ğŸ“¥ Upload food response: {"success":true,"message":"Food entry added successfully","id":"101"}
2025-10-11 08:45:15.771 11915-18641 AddedFoodManager        com.example.nutrisaur11              D  âœ… Database storage call completed
2025-10-11 08:45:15.776 11915-11915 AddedFoodManager        com.example.nutrisaur11              D  Added Arroz Caldo to Breakfast on 2025-10-11 (using single storage system)
2025-10-11 08:45:15.776 11915-11915 AddedFoodManager        com.example.nutrisaur11              D  Retrieved user email: 'kevinpingol123@gmail.com'
2025-10-11 08:45:15.776 11915-11915 AddedFoodManager        com.example.nutrisaur11              D  ğŸ” Attempting to store food in database:
2025-10-11 08:45:15.776 11915-11915 AddedFoodManager        com.example.nutrisaur11              D    - User Email: kevinpingol123@gmail.com
2025-10-11 08:45:15.776 11915-11915 AddedFoodManager        com.example.nutrisaur11              D    - Date: 2025-10-11
2025-10-11 08:45:15.776 11915-11915 AddedFoodManager        com.example.nutrisaur11              D    - Meal: Breakfast
2025-10-11 08:45:15.776 11915-11915 AddedFoodManager        com.example.nutrisaur11              D    - Food: Arroz Caldo
2025-10-11 08:45:15.777 11915-11915 FoodActivity            com.example.nutrisaur11              D  âœ… Stored: Arroz Caldo in Breakfast for 2025-10-11
2025-10-11 08:45:15.777 11915-11915 FoodActivity            com.example.nutrisaur11              D  About to store: Arroz Caldo in Breakfast for 2025-10-11
2025-10-11 08:45:15.777 11915-11915 AddedFoodManager        com.example.nutrisaur11              D  ğŸ¯ addFoodToMealTime called: Arroz Caldo -> Breakfast on 2025-10-11
2025-10-11 08:45:15.778 11915-18651 ApiClient               com.example.nutrisaur11              D  ğŸš€ Starting food upload to database:
2025-10-11 08:45:15.778 11915-18651 ApiClient               com.example.nutrisaur11              D    - User: kevinpingol123@gmail.com
2025-10-11 08:45:15.778 11915-18651 ApiClient               com.example.nutrisaur11              D    - Date: 2025-10-11
