2025-10-11 11:47:55.422  2749-2749  FoodActivity            com.example.nutrisaur11              D  Direct update Breakfast: 1600 / 696 kcal (from 3 foods)
2025-10-11 11:47:55.422  2749-2749  FoodActivity            com.example.nutrisaur11              D  Set breakfast progress text to: 1600 / 696 kcal
2025-10-11 11:47:55.422  2749-2749  FoodActivity            com.example.nutrisaur11              D  Direct update Lunch: 1400 / 974 kcal (from 3 foods)
2025-10-11 11:47:55.422  2749-2749  FoodActivity            com.example.nutrisaur11              D  Set lunch progress text to: 1400 / 974 kcal
2025-10-11 11:47:55.422  2749-2749  FoodActivity            com.example.nutrisaur11              D  Direct update Dinner: 1430 / 835 kcal (from 3 foods)
2025-10-11 11:47:55.422  2749-2749  FoodActivity            com.example.nutrisaur11              D  Set dinner progress text to: 1430 / 835 kcal
2025-10-11 11:47:55.422  2749-2749  FoodActivity            com.example.nutrisaur11              D  Direct update Snacks: 0 / 278 kcal (from 0 foods)
2025-10-11 11:47:55.422  2749-2749  FoodActivity            com.example.nutrisaur11              D  Set snacks progress text to: 0 / 278 kcal
2025-10-11 11:47:55.422  2749-2749  FoodActivity            com.example.nutrisaur11              D  Meal distribution stored
2025-10-11 11:47:55.422  2749-2749  FoodActivity            com.example.nutrisaur11              D  Nutrition data loaded successfully with database user data
2025-10-11 11:47:55.428  2749-2749  FoodActivity            com.example.nutrisaur11              D  Refreshing nutrition UI with updated AI data...
2025-10-11 11:47:55.428  2749-2749  FoodActivity            com.example.nutrisaur11              D  Updating kcal goal circle directly
2025-10-11 11:47:55.429  2749-2749  FoodActivity            com.example.nutrisaur11              D  Total eaten calories for circle update: 4430
2025-10-11 11:47:55.429  2749-2749  FoodActivity            com.example.nutrisaur11              D  FoodActivity Available database fields: [birthday, is_pregnant, muac_category, notes, weight_kg, nutritional_risk, height_cm, sex, municipality, muac_cm, screening_date, bmi_category, name, barangay, email, age, bmi, status]
2025-10-11 11:47:55.429  2749-2749  FoodActivity            com.example.nutrisaur11              D  Calculated age from birthday '2005-10-10': 20
2025-10-11 11:47:55.429  2749-2749  FoodActivity            com.example.nutrisaur11              D  FoodActivity Weight field lookup - weight_kg: '50', weight: 'null', final: '50'
2025-10-11 11:47:55.429  2749-2749  FoodActivity            com.example.nutrisaur11              D  FoodActivity: Set weight from database: 50
2025-10-11 11:47:55.429  2749-2749  FoodActivity            com.example.nutrisaur11              D  FoodActivity Height field lookup - height_cm: '171', height: 'null', final: '171'
2025-10-11 11:47:55.429  2749-2749  FoodActivity            com.example.nutrisaur11              D  FoodActivity: Set height from database: 171
2025-10-11 11:47:55.429  2749-2749  FoodActivity            com.example.nutrisaur11              D  Created user profile from database data: Pingol , Kevin C. (Age: 20, Weight: 50.0, Height: 171.0, Gender: Male, Activity: Moderate)
2025-10-11 11:47:55.429  2749-2749  CalorieCal...ionService com.example.nutrisaur11              D  Calculated BMR: 1473.75 for Pingol , Kevin C.
2025-10-11 11:47:55.430  2749-2749  CalorieCal...ionService com.example.nutrisaur11              D  Calculated TDEE: 2284.3125 (BMR: 1473.75 × Activity: 1.55)
2025-10-11 11:47:55.430  2749-2749  CalorieCal...ionService com.example.nutrisaur11              D  Calculated daily calorie target: 2784 (TDEE: 2284.3125 + Adjustment: 500.0)
2025-10-11 11:47:55.430  2749-2749  FoodActivity            com.example.nutrisaur11              D  Calculated daily calorie target: 2784
2025-10-11 11:47:55.430  2749-2749  FoodActivity            com.example.nutrisaur11              D  Kcal Goal Circle Update:
2025-10-11 11:47:55.430  2749-2749  FoodActivity            com.example.nutrisaur11              D    Total Daily Calories: 2784
2025-10-11 11:47:55.430  2749-2749  FoodActivity            com.example.nutrisaur11              D    Total Eaten Calories: 4430
2025-10-11 11:47:55.430  2749-2749  FoodActivity            com.example.nutrisaur11              D    Calories Left: 0
2025-10-11 11:47:55.430  2749-2749  FoodActivity            com.example.nutrisaur11              D    Progress Percent: 159.12357%
2025-10-11 11:47:55.430  2749-2749  FoodActivity            com.example.nutrisaur11              D  Updating macronutrient data directly
2025-10-11 11:47:55.432  2749-3921  ApiClient               com.example.nutrisaur11              D  Response code: 200
2025-10-11 11:47:55.432  2749-2749  FoodActivity            com.example.nutrisaur11              D  FoodActivity Available database fields: [birthday, is_pregnant, muac_category, notes, weight_kg, nutritional_risk, height_cm, sex, municipality, muac_cm, screening_date, bmi_category, name, barangay, email, age, bmi, status]
2025-10-11 11:47:55.433  2749-2749  FoodActivity            com.example.nutrisaur11              D  Calculated age from birthday '2005-10-10': 20
2025-10-11 11:47:55.433  2749-2749  FoodActivity            com.example.nutrisaur11              D  FoodActivity Weight field lookup - weight_kg: '50', weight: 'null', final: '50'
2025-10-11 11:47:55.433  2749-2749  FoodActivity            com.example.nutrisaur11              D  FoodActivity: Set weight from database: 50
2025-10-11 11:47:55.433  2749-2749  FoodActivity            com.example.nutrisaur11              D  FoodActivity Height field lookup - height_cm: '171', height: 'null', final: '171'
2025-10-11 11:47:55.433  2749-2749  FoodActivity            com.example.nutrisaur11              D  FoodActivity: Set height from database: 171
2025-10-11 11:47:55.433  2749-2749  FoodActivity            com.example.nutrisaur11              D  Created user profile from database data: Pingol , Kevin C. (Age: 20, Weight: 50.0, Height: 171.0, Gender: Male, Activity: Moderate)
2025-10-11 11:47:55.433  2749-2749  CalorieCal...ionService com.example.nutrisaur11              D  Calculated BMR: 1473.75 for Pingol , Kevin C.
2025-10-11 11:47:55.433  2749-2749  CalorieCal...ionService com.example.nutrisaur11              D  Calculated TDEE: 2284.3125 (BMR: 1473.75 × Activity: 1.55)
2025-10-11 11:47:55.433  2749-2749  CalorieCal...ionService com.example.nutrisaur11              D  Calculated daily calorie target: 2784 (TDEE: 2284.3125 + Adjustment: 500.0)
2025-10-11 11:47:55.433  2749-2749  FoodActivity            com.example.nutrisaur11              D  Calculated macro targets - Protein: 153, Carbs: 375, Fat: 74
2025-10-11 11:47:55.433  2749-2749  FoodActivity            com.example.nutrisaur11              D  Macro Update:
2025-10-11 11:47:55.433  2749-2749  FoodActivity            com.example.nutrisaur11              D    Protein: 0/153 (eaten: 260)
2025-10-11 11:47:55.433  2749-2749  FoodActivity            com.example.nutrisaur11              D    Carbs: 80/375 (eaten: 295)
2025-10-11 11:47:55.433  2749-2749  FoodActivity            com.example.nutrisaur11              D    Fat: 0/74 (eaten: 235)
2025-10-11 11:47:55.433  2749-3921  ApiClient               com.example.nutrisaur11              D  📥 Upload food response: {"success":true,"message":"Food entry added successfully","id":"187"}
2025-10-11 11:47:55.433  2749-2749  FoodActivity            com.example.nutrisaur11              D  Updating meal progress texts with direct AddedFoodManager data
2025-10-11 11:47:55.434  2749-3921  AddedFoodManager        com.example.nutrisaur11              D  ✅ Database storage call completed
2025-10-11 11:47:55.435  2749-2749  FoodActivity            com.example.nutrisaur11              D  FoodActivity Available database fields: [birthday, is_pregnant, muac_category, notes, weight_kg, nutritional_risk, height_cm, sex, municipality, muac_cm, screening_date, bmi_category, name, barangay, email, age, bmi, status]
2025-10-11 11:47:55.436  2749-2749  FoodActivity            com.example.nutrisaur11              D  Calculated age from birthday '2005-10-10': 20
2025-10-11 11:47:55.436  2749-2749  FoodActivity            com.example.nutrisaur11              D  FoodActivity Weight field lookup - weight_kg: '50', weight: 'null', final: '50'
2025-10-11 11:47:55.436  2749-2749  FoodActivity            com.example.nutrisaur11              D  FoodActivity: Set weight from database: 50
2025-10-11 11:47:55.436  2749-2749  FoodActivity            com.example.nutrisaur11              D  FoodActivity Height field lookup - height_cm: '171', height: 'null', final: '171'
2025-10-11 11:47:55.436  2749-2749  FoodActivity            com.example.nutrisaur11              D  FoodActivity: Set height from database: 171
2025-10-11 11:47:55.436  2749-2749  FoodActivity            com.example.nutrisaur11              D  Created user profile from database data: Pingol , Kevin C. (Age: 20, Weight: 50.0, Height: 171.0, Gender: Male, Activity: Moderate)
2025-10-11 11:47:55.436  2749-2749  KcalSuggestionCache     com.example.nutrisaur11              D  User profile changed, cache invalid
2025-10-11 11:47:55.436  2749-2749  FoodActivity            com.example.nutrisaur11              D  No valid AI cache found, using fallback calculation...
2025-10-11 11:47:55.436  2749-2749  CalorieCal...ionService com.example.nutrisaur11              D  Calculated BMR: 1473.75 for Pingol , Kevin C.
2025-10-11 11:47:55.436  2749-2749  CalorieCal...ionService com.example.nutrisaur11              D  Calculated TDEE: 2284.3125 (BMR: 1473.75 × Activity: 1.55)
2025-10-11 11:47:55.436  2749-2749  CalorieCal...ionService com.example.nutrisaur11              D  Calculated daily calorie target: 2784 (TDEE: 2284.3125 + Adjustment: 500.0)
2025-10-11 11:47:55.436  2749-2749  FoodActivity            com.example.nutrisaur11              D  Using fallback calculation (AI will update cache): 2784
2025-10-11 11:47:55.436  2749-2749  FoodActivity            com.example.nutrisaur11              D  AI calculation already in progress, skipping...
2025-10-11 11:47:55.436  2749-2749  FoodActivity            com.example.nutrisaur11              D  Using AI-calculated total daily calories: 2784
2025-10-11 11:47:55.436  2749-2749  FoodActivity            com.example.nutrisaur11              D  FoodActivity Available database fields: [birthday, is_pregnant, muac_category, notes, weight_kg, nutritional_risk, height_cm, sex, municipality, muac_cm, screening_date, bmi_category, name, barangay, email, age, bmi, status]
2025-10-11 11:47:55.436  2749-2749  FoodActivity            com.example.nutrisaur11              D  Calculated age from birthday '2005-10-10': 20
2025-10-11 11:47:55.436  2749-2749  FoodActivity            com.example.nutrisaur11              D  FoodActivity Weight field lookup - weight_kg: '50', weight: 'null', final: '50'
2025-10-11 11:47:55.436  2749-2749  FoodActivity            com.example.nutrisaur11              D  FoodActivity: Set weight from database: 50
2025-10-11 11:47:55.436  2749-2749  FoodActivity            com.example.nutrisaur11              D  FoodActivity Height field lookup - height_cm: '171', height: 'null', final: '171'
2025-10-11 11:47:55.436  2749-2749  FoodActivity            com.example.nutrisaur11              D  FoodActivity: Set height from database: 171
2025-10-11 11:47:55.436  2749-2749  FoodActivity            com.example.nutrisaur11              D  Created user profile from database data: Pingol , Kevin C. (Age: 20, Weight: 50.0, Height: 171.0, Gender: Male, Activity: Moderate)
2025-10-11 11:47:55.436  2749-2749  CalorieCal...ionService com.example.nutrisaur11              D  Calculated meal distribution: Breakfast=696, Lunch=974, Dinner=835, Snacks=278
2025-10-11 11:47:55.436  2749-2749  FoodActivity            com.example.nutrisaur11              D  Calculated meal distribution: Breakfast=696, Lunch=974, Dinner=835, Snacks=278
2025-10-11 11:47:55.437  2749-2749  FoodActivity            com.example.nutrisaur11              D  Direct update Breakfast: 1600 / 696 kcal (from 3 foods)
2025-10-11 11:47:55.437  2749-2749  FoodActivity            com.example.nutrisaur11              D  Set breakfast progress text to: 1600 / 696 kcal
2025-10-11 11:47:55.437  2749-2749  FoodActivity            com.example.nutrisaur11              D  Direct update Lunch: 1400 / 974 kcal (from 3 foods)
2025-10-11 11:47:55.437  2749-2749  FoodActivity            com.example.nutrisaur11              D  Set lunch progress text to: 1400 / 974 kcal
2025-10-11 11:47:55.437  2749-2749  FoodActivity            com.example.nutrisaur11              D  Direct update Dinner: 1430 / 835 kcal (from 3 foods)
2025-10-11 11:47:55.437  2749-2749  FoodActivity            com.example.nutrisaur11              D  Set dinner progress text to: 1430 / 835 kcal
2025-10-11 11:47:55.437  2749-2749  FoodActivity            com.example.nutrisaur11              D  Direct update Snacks: 0 / 278 kcal (from 0 foods)
2025-10-11 11:47:55.437  2749-2749  FoodActivity            com.example.nutrisaur11              D  Set snacks progress text to: 0 / 278 kcal
2025-10-11 11:47:55.437  2749-2749  FoodActivity            com.example.nutrisaur11              D  Updating meal progress texts with direct AddedFoodManager data
2025-10-11 11:47:55.439  2749-2749  FoodActivity            com.example.nutrisaur11              D  FoodActivity Available database fields: [birthday, is_pregnant, muac_category, notes, weight_kg, nutritional_risk, height_cm, sex, municipality, muac_cm, screening_date, bmi_category, name, barangay, email, age, bmi, status]
2025-10-11 11:47:55.439  2749-2749  FoodActivity            com.example.nutrisaur11              D  Calculated age from birthday '2005-10-10': 20
2025-10-11 11:47:55.440  2749-2749  FoodActivity            com.example.nutrisaur11              D  FoodActivity Weight field lookup - weight_kg: '50', weight: 'null', final: '50'
2025-10-11 11:47:55.440  2749-2749  FoodActivity            com.example.nutrisaur11              D  FoodActivity: Set weight from database: 50
2025-10-11 11:47:55.440  2749-2749  FoodActivity            com.example.nutrisaur11              D  FoodActivity Height field lookup - height_cm: '171', height: 'null', final: '171'
2025-10-11 11:47:55.440  2749-2749  FoodActivity            com.example.nutrisaur11              D  FoodActivity: Set height from database: 171
2025-10-11 11:47:55.440  2749-2749  FoodActivity            com.example.nutrisaur11              D  Created user profile from database data: Pingol , Kevin C. (Age: 20, Weight: 50.0, Height: 171.0, Gender: Male, Activity: Moderate)
2025-10-11 11:47:55.440  2749-2749  KcalSuggestionCache     com.example.nutrisaur11              D  User profile changed, cache invalid
2025-10-11 11:47:55.440  2749-2749  FoodActivity            com.example.nutrisaur11              D  No valid AI cache found, using fallback calculation...
2025-10-11 11:47:55.440  2749-2749  CalorieCal...ionService com.example.nutrisaur11              D  Calculated BMR: 1473.75 for Pingol , Kevin C.
2025-10-11 11:47:55.440  2749-2749  CalorieCal...ionService com.example.nutrisaur11              D  Calculated TDEE: 2284.3125 (BMR: 1473.75 × Activity: 1.55)
2025-10-11 11:47:55.440  2749-2749  CalorieCal...ionService com.example.nutrisaur11              D  Calculated daily calorie target: 2784 (TDEE: 2284.3125 + Adjustment: 500.0)
2025-10-11 11:47:55.440  2749-2749  FoodActivity            com.example.nutrisaur11              D  Using fallback calculation (AI will update cache): 2784
2025-10-11 11:47:55.440  2749-2749  FoodActivity            com.example.nutrisaur11              D  AI calculation already in progress, skipping...
2025-10-11 11:47:55.440  2749-2749  FoodActivity            com.example.nutrisaur11              D  Using AI-calculated total daily calories: 2784
2025-10-11 11:47:55.440  2749-2749  FoodActivity            com.example.nutrisaur11              D  FoodActivity Available database fields: [birthday, is_pregnant, muac_category, notes, weight_kg, nutritional_risk, height_cm, sex, municipality, muac_cm, screening_date, bmi_category, name, barangay, email, age, bmi, status]
2025-10-11 11:47:55.440  2749-2749  FoodActivity            com.example.nutrisaur11              D  Calculated age from birthday '2005-10-10': 20
2025-10-11 11:47:55.440  2749-2749  FoodActivity            com.example.nutrisaur11              D  FoodActivity Weight field lookup - weight_kg: '50', weight: 'null', final: '50'
2025-10-11 11:47:55.440  2749-2749  FoodActivity            com.example.nutrisaur11              D  FoodActivity: Set weight from database: 50
2025-10-11 11:47:55.440  2749-2749  FoodActivity            com.example.nutrisaur11              D  FoodActivity Height field lookup - height_cm: '171', height: 'null', final: '171'
2025-10-11 11:47:55.440  2749-2749  FoodActivity            com.example.nutrisaur11              D  FoodActivity: Set height from database: 171
2025-10-11 11:47:55.440  2749-2749  FoodActivity            com.example.nutrisaur11              D  Created user profile from database data: Pingol , Kevin C. (Age: 20, Weight: 50.0, Height: 171.0, Gender: Male, Activity: Moderate)
2025-10-11 11:47:55.440  2749-2749  CalorieCal...ionService com.example.nutrisaur11              D  Calculated meal distribution: Breakfast=696, Lunch=974, Dinner=835, Snacks=278
2025-10-11 11:47:55.440  2749-2749  FoodActivity            com.example.nutrisaur11              D  Calculated meal distribution: Breakfast=696, Lunch=974, Dinner=835, Snacks=278
2025-10-11 11:47:55.440  2749-2749  FoodActivity            com.example.nutrisaur11              D  Direct update Breakfast: 1600 / 696 kcal (from 3 foods)
2025-10-11 11:47:55.441  2749-2749  FoodActivity            com.example.nutrisaur11              D  Set breakfast progress text to: 1600 / 696 kcal
2025-10-11 11:47:55.441  2749-2749  FoodActivity            com.example.nutrisaur11              D  Direct update Lunch: 1400 / 974 kcal (from 3 foods)
2025-10-11 11:47:55.441  2749-2749  FoodActivity            com.example.nutrisaur11              D  Set lunch progress text to: 1400 / 974 kcal
2025-10-11 11:47:55.441  2749-2749  FoodActivity            com.example.nutrisaur11              D  Direct update Dinner: 1430 / 835 kcal (from 3 foods)
2025-10-11 11:47:55.441  2749-2749  FoodActivity            com.example.nutrisaur11              D  Set dinner progress text to: 1430 / 835 kcal
2025-10-11 11:47:55.441  2749-2749  FoodActivity            com.example.nutrisaur11              D  Direct update Snacks: 0 / 278 kcal (from 0 foods)
2025-10-11 11:47:55.441  2749-2749  FoodActivity            com.example.nutrisaur11              D  Set snacks progress text to: 0 / 278 kcal
2025-10-11 11:47:55.441  2749-2749  FoodActivity            com.example.nutrisaur11              D  Updating macronutrient data directly
2025-10-11 11:47:55.443  2749-3922  ApiClient               com.example.nutrisaur11              D  Response code: 200
2025-10-11 11:47:55.443  2749-2749  FoodActivity            com.example.nutrisaur11              D  FoodActivity Available database fields: [birthday, is_pregnant, muac_category, notes, weight_kg, nutritional_risk, height_cm, sex, municipality, muac_cm, screening_date, bmi_category, name, barangay, email, age, bmi, status]
2025-10-11 11:47:55.443  2749-3922  ApiClient               com.example.nutrisaur11              D  📥 Upload food response: {"success":true,"message":"Food entry added successfully","id":"188"}
2025-10-11 11:47:55.443  2749-3922  AddedFoodManager        com.example.nutrisaur11              D  ✅ Database storage call completed
2025-10-11 11:47:55.443  2749-2749  FoodActivity            com.example.nutrisaur11              D  Calculated age from birthday '2005-10-10': 20
2025-10-11 11:47:55.443  2749-2749  FoodActivity            com.example.nutrisaur11              D  FoodActivity Weight field lookup - weight_kg: '50', weight: 'null', final: '50'
2025-10-11 11:47:55.443  2749-2749  FoodActivity            com.example.nutrisaur11              D  FoodActivity: Set weight from database: 50
2025-10-11 11:47:55.443  2749-2749  FoodActivity            com.example.nutrisaur11              D  FoodActivity Height field lookup - height_cm: '171', height: 'null', final: '171'
2025-10-11 11:47:55.443  2749-2749  FoodActivity            com.example.nutrisaur11              D  FoodActivity: Set height from database: 171
2025-10-11 11:47:55.443  2749-2749  FoodActivity            com.example.nutrisaur11              D  Created user profile from database data: Pingol , Kevin C. (Age: 20, Weight: 50.0, Height: 171.0, Gender: Male, Activity: Moderate)
2025-10-11 11:47:55.443  2749-2749  CalorieCal...ionService com.example.nutrisaur11              D  Calculated BMR: 1473.75 for Pingol , Kevin C.
2025-10-11 11:47:55.443  2749-2749  CalorieCal...ionService com.example.nutrisaur11              D  Calculated TDEE: 2284.3125 (BMR: 1473.75 × Activity: 1.55)
2025-10-11 11:47:55.443  2749-2749  CalorieCal...ionService com.example.nutrisaur11              D  Calculated daily calorie target: 2784 (TDEE: 2284.3125 + Adjustment: 500.0)
2025-10-11 11:47:55.443  2749-2749  FoodActivity            com.example.nutrisaur11              D  Calculated macro targets - Protein: 153, Carbs: 375, Fat: 74
2025-10-11 11:47:55.443  2749-2749  FoodActivity            com.example.nutrisaur11              D  Macro Update:
2025-10-11 11:47:55.443  2749-2749  FoodActivity            com.example.nutrisaur11              D    Protein: 0/153 (eaten: 260)
2025-10-11 11:47:55.443  2749-2749  FoodActivity            com.example.nutrisaur11              D    Carbs: 80/375 (eaten: 295)
2025-10-11 11:47:55.443  2749-2749  FoodActivity            com.example.nutrisaur11              D    Fat: 0/74 (eaten: 235)
2025-10-11 11:47:55.444  2749-2749  FoodActivity            com.example.nutrisaur11              D  Nutrition UI refreshed with updated AI data
2025-10-11 11:47:55.445  2749-2763  OpenGLRenderer          com.example.nutrisaur11              I  Davey! duration=9223304362961ms; Flags=0, FrameTimelineVsyncId=3468904, IntendedVsync=67673893055351, Vsync=67673909722017, InputEventId=0, HandleInputStart=67673912439337, AnimationStart=67673912440900, PerformTraversalsStart=67673912506941, DrawStart=67673916208504, FrameDeadline=67673926388683, FrameInterval=67673912430275, FrameStartTime=16666666, SyncQueued=67673917096473, SyncStart=67673917489702, IssueDrawCommandsStart=67673917677150, SwapBuffers=67673918863296, FrameCompleted=9223372036854775807, DequeueBufferDuration=17239, QueueBufferDuration=3184531, GpuCompleted=9223372036854775807, SwapBuffersCompleted=67673922386421, DisplayPresentTime=0, 
2025-10-11 11:47:55.459  2749-2763  OpenGLRenderer          com.example.nutrisaur11              I  Davey! duration=9223304362928ms; Flags=0, FrameTimelineVsyncId=3468907, IntendedVsync=67673926398867, Vsync=67673926398867, InputEventId=0, HandleInputStart=67673934065275, AnimationStart=67673934066681, PerformTraversalsStart=67673934134702, DrawStart=67673937662619, FrameDeadline=67673959732199, FrameInterval=67673934056316, FrameStartTime=16666666, SyncQueued=67673938494962, SyncStart=67673938851421, IssueDrawCommandsStart=67673939024441, SwapBuffers=67673940134181, FrameCompleted=9223372036854775807, DequeueBufferDuration=14219, QueueBufferDuration=608906, GpuCompleted=9223372036854775807, SwapBuffersCompleted=67673941042983, DisplayPresentTime=0, 
2025-10-11 11:47:55.492  2749-2749  FoodActivity            com.example.nutrisaur11              D  Total eaten calories after sync: 4430
2025-10-11 11:47:55.492  2749-2749  FoodActivity            com.example.nutrisaur11              D  Updating eaten calories only (preserving daily target)
2025-10-11 11:47:55.494  2749-2749  FoodActivity            com.example.nutrisaur11              D  Total eaten calories for update: 4430
2025-10-11 11:47:55.494  2749-2749  FoodActivity            com.example.nutrisaur11              D  Using existing daily calorie target: 2784
2025-10-11 11:47:55.494  2749-2749  FoodActivity            com.example.nutrisaur11              D  Eaten Calories Only Update:
2025-10-11 11:47:55.494  2749-2749  FoodActivity            com.example.nutrisaur11              D    Total Daily Calories: 2784 (preserved)
2025-10-11 11:47:55.494  2749-2749  FoodActivity            com.example.nutrisaur11              D    Total Eaten Calories: 4430 (updated)
2025-10-11 11:47:55.494  2749-2749  FoodActivity            com.example.nutrisaur11              D    Calories Left: 0
2025-10-11 11:47:55.494  2749-2749  FoodActivity            com.example.nutrisaur11              D    Progress Percent: 159.12357%
2025-10-11 11:47:55.495  2749-2749  FoodActivity            com.example.nutrisaur11              D  Updating macronutrient data directly
2025-10-11 11:47:55.501  2749-2749  FoodActivity            com.example.nutrisaur11              D  FoodActivity Available database fields: [birthday, is_pregnant, muac_category, notes, weight_kg, nutritional_risk, height_cm, sex, municipality, muac_cm, screening_date, bmi_category, name, barangay, email, age, bmi, status]
2025-10-11 11:47:55.502  2749-2749  FoodActivity            com.example.nutrisaur11              D  Calculated age from birthday '2005-10-10': 20
2025-10-11 11:47:55.502  2749-2749  FoodActivity            com.example.nutrisaur11              D  FoodActivity Weight field lookup - weight_kg: '50', weight: 'null', final: '50'
2025-10-11 11:47:55.502  2749-2749  FoodActivity            com.example.nutrisaur11              D  FoodActivity: Set weight from database: 50
2025-10-11 11:47:55.502  2749-2749  FoodActivity            com.example.nutrisaur11              D  FoodActivity Height field lookup - height_cm: '171', height: 'null', final: '171'
2025-10-11 11:47:55.502  2749-2749  FoodActivity            com.example.nutrisaur11              D  FoodActivity: Set height from database: 171
2025-10-11 11:47:55.502  2749-2749  FoodActivity            com.example.nutrisaur11              D  Created user profile from database data: Pingol , Kevin C. (Age: 20, Weight: 50.0, Height: 171.0, Gender: Male, Activity: Moderate)
2025-10-11 11:47:55.502  2749-2749  CalorieCal...ionService com.example.nutrisaur11              D  Calculated BMR: 1473.75 for Pingol , Kevin C.
2025-10-11 11:47:55.502  2749-2749  CalorieCal...ionService com.example.nutrisaur11              D  Calculated TDEE: 2284.3125 (BMR: 1473.75 × Activity: 1.55)
2025-10-11 11:47:55.502  2749-2749  CalorieCal...ionService com.example.nutrisaur11              D  Calculated daily calorie target: 2784 (TDEE: 2284.3125 + Adjustment: 500.0)
2025-10-11 11:47:55.502  2749-2749  FoodActivity            com.example.nutrisaur11              D  Calculated macro targets - Protein: 153, Carbs: 375, Fat: 74
2025-10-11 11:47:55.502  2749-2749  FoodActivity            com.example.nutrisaur11              D  Macro Update:
2025-10-11 11:47:55.502  2749-2749  FoodActivity            com.example.nutrisaur11              D    Protein: 0/153 (eaten: 260)
2025-10-11 11:47:55.503  2749-2749  FoodActivity            com.example.nutrisaur11              D    Carbs: 80/375 (eaten: 295)
2025-10-11 11:47:55.503  2749-2749  FoodActivity            com.example.nutrisaur11              D    Fat: 0/74 (eaten: 235)
2025-10-11 11:47:55.504  2749-2749  FoodActivity            com.example.nutrisaur11              D  Updating meal progress texts with direct AddedFoodManager data
2025-10-11 11:47:55.509  2749-2749  FoodActivity            com.example.nutrisaur11              D  FoodActivity Available database fields: [birthday, is_pregnant, muac_category, notes, weight_kg, nutritional_risk, height_cm, sex, municipality, muac_cm, screening_date, bmi_category, name, barangay, email, age, bmi, status]
2025-10-11 11:47:55.510  2749-2749  FoodActivity            com.example.nutrisaur11              D  Calculated age from birthday '2005-10-10': 20
2025-10-11 11:47:55.510  2749-2749  FoodActivity            com.example.nutrisaur11              D  FoodActivity Weight field lookup - weight_kg: '50', weight: 'null', final: '50'
2025-10-11 11:47:55.510  2749-2749  FoodActivity            com.example.nutrisaur11              D  FoodActivity: Set weight from database: 50
2025-10-11 11:47:55.510  2749-2749  FoodActivity            com.example.nutrisaur11              D  FoodActivity Height field lookup - height_cm: '171', height: 'null', final: '171'
2025-10-11 11:47:55.510  2749-2749  FoodActivity            com.example.nutrisaur11              D  FoodActivity: Set height from database: 171
2025-10-11 11:47:55.511  2749-2749  FoodActivity            com.example.nutrisaur11              D  Created user profile from database data: Pingol , Kevin C. (Age: 20, Weight: 50.0, Height: 171.0, Gender: Male, Activity: Moderate)
2025-10-11 11:47:55.511  2749-2749  KcalSuggestionCache     com.example.nutrisaur11              D  User profile changed, cache invalid
2025-10-11 11:47:55.511  2749-2749  FoodActivity            com.example.nutrisaur11              D  No valid AI cache found, using fallback calculation...
2025-10-11 11:47:55.511  2749-2749  CalorieCal...ionService com.example.nutrisaur11              D  Calculated BMR: 1473.75 for Pingol , Kevin C.
2025-10-11 11:47:55.511  2749-2749  CalorieCal...ionService com.example.nutrisaur11              D  Calculated TDEE: 2284.3125 (BMR: 1473.75 × Activity: 1.55)
2025-10-11 11:47:55.511  2749-2749  CalorieCal...ionService com.example.nutrisaur11              D  Calculated daily calorie target: 2784 (TDEE: 2284.3125 + Adjustment: 500.0)
2025-10-11 11:47:55.511  2749-2749  FoodActivity            com.example.nutrisaur11              D  Using fallback calculation (AI will update cache): 2784
2025-10-11 11:47:55.511  2749-2749  FoodActivity            com.example.nutrisaur11              D  Starting background AI calculation...
2025-10-11 11:47:55.511  2749-2749  FoodActivity            com.example.nutrisaur11              D  Using AI-calculated total daily calories: 2784
2025-10-11 11:47:55.511  2749-2749  FoodActivity            com.example.nutrisaur11              D  FoodActivity Available database fields: [birthday, is_pregnant, muac_category, notes, weight_kg, nutritional_risk, height_cm, sex, municipality, muac_cm, screening_date, bmi_category, name, barangay, email, age, bmi, status]
2025-10-11 11:47:55.512  2749-2749  FoodActivity            com.example.nutrisaur11              D  Calculated age from birthday '2005-10-10': 20
2025-10-11 11:47:55.512  2749-2749  FoodActivity            com.example.nutrisaur11              D  FoodActivity Weight field lookup - weight_kg: '50', weight: 'null', final: '50'
2025-10-11 11:47:55.512  2749-2749  FoodActivity            com.example.nutrisaur11              D  FoodActivity: Set weight from database: 50
2025-10-11 11:47:55.512  2749-2749  FoodActivity            com.example.nutrisaur11              D  FoodActivity Height field lookup - height_cm: '171', height: 'null', final: '171'
2025-10-11 11:47:55.512  2749-2749  FoodActivity            com.example.nutrisaur11              D  FoodActivity: Set height from database: 171
2025-10-11 11:47:55.512  2749-2749  FoodActivity            com.example.nutrisaur11              D  Created user profile from database data: Pingol , Kevin C. (Age: 20, Weight: 50.0, Height: 171.0, Gender: Male, Activity: Moderate)
2025-10-11 11:47:55.512  2749-2749  CalorieCal...ionService com.example.nutrisaur11              D  Calculated meal distribution: Breakfast=696, Lunch=974, Dinner=835, Snacks=278
2025-10-11 11:47:55.512  2749-2749  FoodActivity            com.example.nutrisaur11              D  Calculated meal distribution: Breakfast=696, Lunch=974, Dinner=835, Snacks=278
2025-10-11 11:47:55.512  2749-2749  FoodActivity            com.example.nutrisaur11              D  Direct update Breakfast: 1600 / 696 kcal (from 3 foods)
2025-10-11 11:47:55.512  2749-2749  FoodActivity            com.example.nutrisaur11              D  Set breakfast progress text to: 1600 / 696 kcal
2025-10-11 11:47:55.512  2749-2749  FoodActivity            com.example.nutrisaur11              D  Direct update Lunch: 1400 / 974 kcal (from 3 foods)
2025-10-11 11:47:55.512  2749-2856  NutritionService        com.example.nutrisaur11              D  Starting nutrition recommendations...
2025-10-11 11:47:55.512  2749-2856  NutritionService        com.example.nutrisaur11              D  Getting user profile from SharedPreferences...
2025-10-11 11:47:55.513  2749-2749  FoodActivity            com.example.nutrisaur11              D  Set lunch progress text to: 1400 / 974 kcal
2025-10-11 11:47:55.513  2749-2749  FoodActivity            com.example.nutrisaur11              D  Direct update Dinner: 1430 / 835 kcal (from 3 foods)
2025-10-11 11:47:55.513  2749-2856  NutritionService        com.example.nutrisaur11              D  User data: name=, age=25, weight=70.0, height=170.0
2025-10-11 11:47:55.513  2749-2856  NutritionService        com.example.nutrisaur11              D  User profile loaded: , BMI: 24.221453287197235
2025-10-11 11:47:55.513  2749-2749  FoodActivity            com.example.nutrisaur11              D  Set dinner progress text to: 1430 / 835 kcal
2025-10-11 11:47:55.513  2749-2749  FoodActivity            com.example.nutrisaur11              D  Direct update Snacks: 0 / 278 kcal (from 0 foods)
2025-10-11 11:47:55.513  2749-2856  KcalSuggestionCache     com.example.nutrisaur11              D  Cached kcal suggestion is valid
2025-10-11 11:47:55.513  2749-2856  NutritionService        com.example.nutrisaur11              D  Using cached kcal suggestion - user profile unchanged
2025-10-11 11:47:55.513  2749-2749  FoodActivity            com.example.nutrisaur11              D  Set snacks progress text to: 0 / 278 kcal
2025-10-11 11:47:55.513  2749-2749  FoodActivity            com.example.nutrisaur11              D  Updating meal progress texts with direct AddedFoodManager data
2025-10-11 11:47:55.513  2749-2856  KcalSuggestionCache     com.example.nutrisaur11              D  Successfully loaded cached kcal suggestion
2025-10-11 11:47:55.513  2749-2856  FoodActivity            com.example.nutrisaur11              D  Background AI calculation completed: 2545
2025-10-11 11:47:55.515  2749-2749  FoodActivity            com.example.nutrisaur11              D  FoodActivity Available database fields: [birthday, is_pregnant, muac_category, notes, weight_kg, nutritional_risk, height_cm, sex, municipality, muac_cm, screening_date, bmi_category, name, barangay, email, age, bmi, status]
2025-10-11 11:47:55.516  2749-2749  FoodActivity            com.example.nutrisaur11              D  Calculated age from birthday '2005-10-10': 20
2025-10-11 11:47:55.516  2749-2749  FoodActivity            com.example.nutrisaur11              D  FoodActivity Weight field lookup - weight_kg: '50', weight: 'null', final: '50'
2025-10-11 11:47:55.516  2749-2749  FoodActivity            com.example.nutrisaur11              D  FoodActivity: Set weight from database: 50
2025-10-11 11:47:55.516  2749-2749  FoodActivity            com.example.nutrisaur11              D  FoodActivity Height field lookup - height_cm: '171', height: 'null', final: '171'
2025-10-11 11:47:55.516  2749-2749  FoodActivity            com.example.nutrisaur11              D  FoodActivity: Set height from database: 171
2025-10-11 11:47:55.516  2749-2749  FoodActivity            com.example.nutrisaur11              D  Created user profile from database data: Pingol , Kevin C. (Age: 20, Weight: 50.0, Height: 171.0, Gender: Male, Activity: Moderate)
2025-10-11 11:47:55.516  2749-2749  KcalSuggestionCache     com.example.nutrisaur11              D  User profile changed, cache invalid
2025-10-11 11:47:55.516  2749-2749  FoodActivity            com.example.nutrisaur11              D  No valid AI cache found, using fallback calculation...
2025-10-11 11:47:55.516  2749-2749  CalorieCal...ionService com.example.nutrisaur11              D  Calculated BMR: 1473.75 for Pingol , Kevin C.
2025-10-11 11:47:55.516  2749-2749  CalorieCal...ionService com.example.nutrisaur11              D  Calculated TDEE: 2284.3125 (BMR: 1473.75 × Activity: 1.55)
2025-10-11 11:47:55.516  2749-2749  CalorieCal...ionService com.example.nutrisaur11              D  Calculated daily calorie target: 2784 (TDEE: 2284.3125 + Adjustment: 500.0)
2025-10-11 11:47:55.516  2749-2749  FoodActivity            com.example.nutrisaur11              D  Using fallback calculation (AI will update cache): 2784
2025-10-11 11:47:55.516  2749-2749  FoodActivity            com.example.nutrisaur11              D  AI calculation already in progress, skipping...
2025-10-11 11:47:55.516  2749-2749  FoodActivity            com.example.nutrisaur11              D  Using AI-calculated total daily calories: 2784
2025-10-11 11:47:55.516  2749-2749  FoodActivity            com.example.nutrisaur11              D  FoodActivity Available database fields: [birthday, is_pregnant, muac_category, notes, weight_kg, nutritional_risk, height_cm, sex, municipality, muac_cm, screening_date, bmi_category, name, barangay, email, age, bmi, status]
2025-10-11 11:47:55.517  2749-2749  FoodActivity            com.example.nutrisaur11              D  Calculated age from birthday '2005-10-10': 20
2025-10-11 11:47:55.517  2749-2749  FoodActivity            com.example.nutrisaur11              D  FoodActivity Weight field lookup - weight_kg: '50', weight: 'null', final: '50'
2025-10-11 11:47:55.517  2749-2749  FoodActivity            com.example.nutrisaur11              D  FoodActivity: Set weight from database: 50
2025-10-11 11:47:55.517  2749-2749  FoodActivity            com.example.nutrisaur11              D  FoodActivity Height field lookup - height_cm: '171', height: 'null', final: '171'
2025-10-11 11:47:55.517  2749-2749  FoodActivity            com.example.nutrisaur11              D  FoodActivity: Set height from database: 171
2025-10-11 11:47:55.517  2749-2749  FoodActivity            com.example.nutrisaur11              D  Created user profile from database data: Pingol , Kevin C. (Age: 20, Weight: 50.0, Height: 171.0, Gender: Male, Activity: Moderate)
2025-10-11 11:47:55.517  2749-2749  CalorieCal...ionService com.example.nutrisaur11              D  Calculated meal distribution: Breakfast=696, Lunch=974, Dinner=835, Snacks=278
2025-10-11 11:47:55.517  2749-2749  FoodActivity            com.example.nutrisaur11              D  Calculated meal distribution: Breakfast=696, Lunch=974, Dinner=835, Snacks=278
2025-10-11 11:47:55.517  2749-2749  FoodActivity            com.example.nutrisaur11              D  Direct update Breakfast: 1600 / 696 kcal (from 3 foods)
2025-10-11 11:47:55.517  2749-2749  FoodActivity            com.example.nutrisaur11              D  Set breakfast progress text to: 1600 / 696 kcal
2025-10-11 11:47:55.517  2749-2749  FoodActivity            com.example.nutrisaur11              D  Direct update Lunch: 1400 / 974 kcal (from 3 foods)
2025-10-11 11:47:55.517  2749-2749  FoodActivity            com.example.nutrisaur11              D  Set lunch progress text to: 1400 / 974 kcal
2025-10-11 11:47:55.518  2749-2749  FoodActivity            com.example.nutrisaur11              D  Direct update Dinner: 1430 / 835 kcal (from 3 foods)
2025-10-11 11:47:55.518  2749-2749  FoodActivity            com.example.nutrisaur11              D  Set dinner progress text to: 1430 / 835 kcal
2025-10-11 11:47:55.518  2749-2749  FoodActivity            com.example.nutrisaur11              D  Direct update Snacks: 0 / 278 kcal (from 0 foods)
2025-10-11 11:47:55.518  2749-2749  FoodActivity            com.example.nutrisaur11              D  Set snacks progress text to: 0 / 278 kcal
2025-10-11 11:47:55.518  2749-2749  FoodActivity            com.example.nutrisaur11              D  Meal progress refreshed successfully
2025-10-11 11:47:55.525  2749-2749  FoodActivity            com.example.nutrisaur11              D  Refreshing nutrition UI with updated AI data...
2025-10-11 11:47:55.525  2749-2749  FoodActivity            com.example.nutrisaur11              D  Updating kcal goal circle directly
2025-10-11 11:47:55.526  2749-2749  FoodActivity            com.example.nutrisaur11              D  Total eaten calories for circle update: 4430
2025-10-11 11:47:55.526  2749-2749  FoodActivity            com.example.nutrisaur11              D  FoodActivity Available database fields: [birthday, is_pregnant, muac_category, notes, weight_kg, nutritional_risk, height_cm, sex, municipality, muac_cm, screening_date, bmi_category, name, barangay, email, age, bmi, status]
2025-10-11 11:47:55.527  2749-2749  FoodActivity            com.example.nutrisaur11              D  Calculated age from birthday '2005-10-10': 20
2025-10-11 11:47:55.527  2749-2749  FoodActivity            com.example.nutrisaur11              D  FoodActivity Weight field lookup - weight_kg: '50', weight: 'null', final: '50'
2025-10-11 11:47:55.527  2749-2749  FoodActivity            com.example.nutrisaur11              D  FoodActivity: Set weight from database: 50
2025-10-11 11:47:55.527  2749-2749  FoodActivity            com.example.nutrisaur11              D  FoodActivity Height field lookup - height_cm: '171', height: 'null', final: '171'
2025-10-11 11:47:55.527  2749-2749  FoodActivity            com.example.nutrisaur11              D  FoodActivity: Set height from database: 171
2025-10-11 11:47:55.527  2749-2749  FoodActivity            com.example.nutrisaur11              D  Created user profile from database data: Pingol , Kevin C. (Age: 20, Weight: 50.0, Height: 171.0, Gender: Male, Activity: Moderate)
2025-10-11 11:47:55.527  2749-2749  CalorieCal...ionService com.example.nutrisaur11              D  Calculated BMR: 1473.75 for Pingol , Kevin C.
2025-10-11 11:47:55.527  2749-2749  CalorieCal...ionService com.example.nutrisaur11              D  Calculated TDEE: 2284.3125 (BMR: 1473.75 × Activity: 1.55)
2025-10-11 11:47:55.527  2749-2749  CalorieCal...ionService com.example.nutrisaur11              D  Calculated daily calorie target: 2784 (TDEE: 2284.3125 + Adjustment: 500.0)
2025-10-11 11:47:55.527  2749-2749  FoodActivity            com.example.nutrisaur11              D  Calculated daily calorie target: 2784
2025-10-11 11:47:55.527  2749-2749  FoodActivity            com.example.nutrisaur11              D  Kcal Goal Circle Update:
2025-10-11 11:47:55.527  2749-2749  FoodActivity            com.example.nutrisaur11              D    Total Daily Calories: 2784
2025-10-11 11:47:55.527  2749-2749  FoodActivity            com.example.nutrisaur11              D    Total Eaten Calories: 4430
2025-10-11 11:47:55.527  2749-2749  FoodActivity            com.example.nutrisaur11              D    Calories Left: 0
2025-10-11 11:47:55.527  2749-2749  FoodActivity            com.example.nutrisaur11              D    Progress Percent: 159.12357%
2025-10-11 11:47:55.527  2749-2749  FoodActivity            com.example.nutrisaur11              D  Updating macronutrient data directly
2025-10-11 11:47:55.531  2749-2749  FoodActivity            com.example.nutrisaur11              D  FoodActivity Available database fields: [birthday, is_pregnant, muac_category, notes, weight_kg, nutritional_risk, height_cm, sex, municipality, muac_cm, screening_date, bmi_category, name, barangay, email, age, bmi, status]
2025-10-11 11:47:55.532  2749-2749  FoodActivity            com.example.nutrisaur11              D  Calculated age from birthday '2005-10-10': 20
2025-10-11 11:47:55.532  2749-2749  FoodActivity            com.example.nutrisaur11              D  FoodActivity Weight field lookup - weight_kg: '50', weight: 'null', final: '50'
2025-10-11 11:47:55.532  2749-2749  FoodActivity            com.example.nutrisaur11              D  FoodActivity: Set weight from database: 50
2025-10-11 11:47:55.532  2749-2749  FoodActivity            com.example.nutrisaur11              D  FoodActivity Height field lookup - height_cm: '171', height: 'null', final: '171'
2025-10-11 11:47:55.532  2749-2749  FoodActivity            com.example.nutrisaur11              D  FoodActivity: Set height from database: 171
2025-10-11 11:47:55.532  2749-2749  FoodActivity            com.example.nutrisaur11              D  Created user profile from database data: Pingol , Kevin C. (Age: 20, Weight: 50.0, Height: 171.0, Gender: Male, Activity: Moderate)
2025-10-11 11:47:55.532  2749-2749  CalorieCal...ionService com.example.nutrisaur11              D  Calculated BMR: 1473.75 for Pingol , Kevin C.
2025-10-11 11:47:55.532  2749-2749  CalorieCal...ionService com.example.nutrisaur11              D  Calculated TDEE: 2284.3125 (BMR: 1473.75 × Activity: 1.55)
2025-10-11 11:47:55.532  2749-2749  CalorieCal...ionService com.example.nutrisaur11              D  Calculated daily calorie target: 2784 (TDEE: 2284.3125 + Adjustment: 500.0)
2025-10-11 11:47:55.532  2749-2749  FoodActivity            com.example.nutrisaur11              D  Calculated macro targets - Protein: 153, Carbs: 375, Fat: 74
2025-10-11 11:47:55.532  2749-2749  FoodActivity            com.example.nutrisaur11              D  Macro Update:
2025-10-11 11:47:55.532  2749-2749  FoodActivity            com.example.nutrisaur11              D    Protein: 0/153 (eaten: 260)
2025-10-11 11:47:55.532  2749-2749  FoodActivity            com.example.nutrisaur11              D    Carbs: 80/375 (eaten: 295)
2025-10-11 11:47:55.532  2749-2749  FoodActivity            com.example.nutrisaur11              D    Fat: 0/74 (eaten: 235)
2025-10-11 11:47:55.532  2749-2749  FoodActivity            com.example.nutrisaur11              D  Updating meal progress texts with direct AddedFoodManager data
2025-10-11 11:47:55.534  2749-2749  FoodActivity            com.example.nutrisaur11              D  FoodActivity Available database fields: [birthday, is_pregnant, muac_category, notes, weight_kg, nutritional_risk, height_cm, sex, municipality, muac_cm, screening_date, bmi_category, name, barangay, email, age, bmi, status]
2025-10-11 11:47:55.535  2749-2749  FoodActivity            com.example.nutrisaur11              D  Calculated age from birthday '2005-10-10': 20
2025-10-11 11:47:55.535  2749-2749  FoodActivity            com.example.nutrisaur11              D  FoodActivity Weight field lookup - weight_kg: '50', weight: 'null', final: '50'
2025-10-11 11:47:55.535  2749-2749  FoodActivity            com.example.nutrisaur11              D  FoodActivity: Set weight from database: 50
2025-10-11 11:47:55.535  2749-2749  FoodActivity            com.example.nutrisaur11              D  FoodActivity Height field lookup - height_cm: '171', height: 'null', final: '171'
2025-10-11 11:47:55.535  2749-2749  FoodActivity            com.example.nutrisaur11              D  FoodActivity: Set height from database: 171
2025-10-11 11:47:55.535  2749-2749  FoodActivity            com.example.nutrisaur11              D  Created user profile from database data: Pingol , Kevin C. (Age: 20, Weight: 50.0, Height: 171.0, Gender: Male, Activity: Moderate)
2025-10-11 11:47:55.535  2749-2749  KcalSuggestionCache     com.example.nutrisaur11              D  User profile changed, cache invalid
2025-10-11 11:47:55.535  2749-2749  FoodActivity            com.example.nutrisaur11              D  No valid AI cache found, using fallback calculation...
2025-10-11 11:47:55.535  2749-2749  CalorieCal...ionService com.example.nutrisaur11              D  Calculated BMR: 1473.75 for Pingol , Kevin C.
2025-10-11 11:47:55.535  2749-2749  CalorieCal...ionService com.example.nutrisaur11              D  Calculated TDEE: 2284.3125 (BMR: 1473.75 × Activity: 1.55)
2025-10-11 11:47:55.535  2749-2749  CalorieCal...ionService com.example.nutrisaur11              D  Calculated daily calorie target: 2784 (TDEE: 2284.3125 + Adjustment: 500.0)
2025-10-11 11:47:55.535  2749-2749  FoodActivity            com.example.nutrisaur11              D  Using fallback calculation (AI will update cache): 2784
2025-10-11 11:47:55.535  2749-2749  FoodActivity            com.example.nutrisaur11              D  AI calculation already in progress, skipping...
2025-10-11 11:47:55.535  2749-2749  FoodActivity            com.example.nutrisaur11              D  Using AI-calculated total daily calories: 2784
2025-10-11 11:47:55.535  2749-2749  FoodActivity            com.example.nutrisaur11              D  FoodActivity Available database fields: [birthday, is_pregnant, muac_category, notes, weight_kg, nutritional_risk, height_cm, sex, municipality, muac_cm, screening_date, bmi_category, name, barangay, email, age, bmi, status]
2025-10-11 11:47:55.535  2749-2749  FoodActivity            com.example.nutrisaur11              D  Calculated age from birthday '2005-10-10': 20
2025-10-11 11:47:55.535  2749-2749  FoodActivity            com.example.nutrisaur11              D  FoodActivity Weight field lookup - weight_kg: '50', weight: 'null', final: '50'
2025-10-11 11:47:55.535  2749-2749  FoodActivity            com.example.nutrisaur11              D  FoodActivity: Set weight from database: 50
2025-10-11 11:47:55.535  2749-2749  FoodActivity            com.example.nutrisaur11              D  FoodActivity Height field lookup - height_cm: '171', height: 'null', final: '171'
2025-10-11 11:47:55.535  2749-2749  FoodActivity            com.example.nutrisaur11              D  FoodActivity: Set height from database: 171
2025-10-11 11:47:55.535  2749-2749  FoodActivity            com.example.nutrisaur11              D  Created user profile from database data: Pingol , Kevin C. (Age: 20, Weight: 50.0, Height: 171.0, Gender: Male, Activity: Moderate)
2025-10-11 11:47:55.535  2749-2749  CalorieCal...ionService com.example.nutrisaur11              D  Calculated meal distribution: Breakfast=696, Lunch=974, Dinner=835, Snacks=278
