2025-10-11 11:47:57.674  2749-2749  CalorieCal...ionService com.example.nutrisaur11              D  Calculated daily calorie target: 2784 (TDEE: 2284.3125 + Adjustment: 500.0)
2025-10-11 11:47:57.674  2749-2749  FoodActivity            com.example.nutrisaur11              D  Using fallback calculation (AI will update cache): 2784
2025-10-11 11:47:57.674  2749-2749  FoodActivity            com.example.nutrisaur11              D  AI calculation already in progress, skipping...
2025-10-11 11:47:57.674  2749-2749  FoodActivity            com.example.nutrisaur11              D  Using AI-calculated total daily calories: 2784
2025-10-11 11:47:57.674  2749-2749  FoodActivity            com.example.nutrisaur11              D  FoodActivity Available database fields: [birthday, is_pregnant, muac_category, notes, weight_kg, nutritional_risk, height_cm, sex, municipality, muac_cm, screening_date, bmi_category, name, barangay, email, age, bmi, status]
2025-10-11 11:47:57.674  2749-2749  FoodActivity            com.example.nutrisaur11              D  Calculated age from birthday '2005-10-10': 20
2025-10-11 11:47:57.674  2749-2749  FoodActivity            com.example.nutrisaur11              D  FoodActivity Weight field lookup - weight_kg: '50', weight: 'null', final: '50'
2025-10-11 11:47:57.674  2749-2749  FoodActivity            com.example.nutrisaur11              D  FoodActivity: Set weight from database: 50
2025-10-11 11:47:57.674  2749-2749  FoodActivity            com.example.nutrisaur11              D  FoodActivity Height field lookup - height_cm: '171', height: 'null', final: '171'
2025-10-11 11:47:57.674  2749-2749  FoodActivity            com.example.nutrisaur11              D  FoodActivity: Set height from database: 171
2025-10-11 11:47:57.674  2749-2749  FoodActivity            com.example.nutrisaur11              D  Created user profile from database data: Pingol , Kevin C. (Age: 20, Weight: 50.0, Height: 171.0, Gender: Male, Activity: Moderate)
2025-10-11 11:47:57.674  2749-2749  CalorieCal...ionService com.example.nutrisaur11              D  Calculated meal distribution: Breakfast=696, Lunch=974, Dinner=835, Snacks=278
2025-10-11 11:47:57.674  2749-2749  FoodActivity            com.example.nutrisaur11              D  Calculated meal distribution: Breakfast=696, Lunch=974, Dinner=835, Snacks=278
2025-10-11 11:47:57.674  2749-2749  FoodActivity            com.example.nutrisaur11              D  Direct update Breakfast: 0 / 696 kcal (from 0 foods)
2025-10-11 11:47:57.675  2749-2749  FoodActivity            com.example.nutrisaur11              D  Set breakfast progress text to: 0 / 696 kcal
2025-10-11 11:47:57.675  2749-2749  FoodActivity            com.example.nutrisaur11              D  Direct update Lunch: 0 / 974 kcal (from 0 foods)
2025-10-11 11:47:57.675  2749-2749  FoodActivity            com.example.nutrisaur11              D  Set lunch progress text to: 0 / 974 kcal
2025-10-11 11:47:57.675  2749-2749  FoodActivity            com.example.nutrisaur11              D  Direct update Dinner: 0 / 835 kcal (from 0 foods)
2025-10-11 11:47:57.675  2749-2749  FoodActivity            com.example.nutrisaur11              D  Set dinner progress text to: 0 / 835 kcal
2025-10-11 11:47:57.675  2749-2749  FoodActivity            com.example.nutrisaur11              D  Direct update Snacks: 0 / 278 kcal (from 0 foods)
2025-10-11 11:47:57.675  2749-2749  FoodActivity            com.example.nutrisaur11              D  Set snacks progress text to: 0 / 278 kcal
2025-10-11 11:47:57.675  2749-2749  FoodActivity            com.example.nutrisaur11              D  Updating meal progress texts with direct AddedFoodManager data
2025-10-11 11:47:57.676  2749-2763  OpenGLRenderer          com.example.nutrisaur11              I  Davey! duration=9223304360778ms; Flags=0, FrameTimelineVsyncId=3469002, IntendedVsync=67676076086788, Vsync=67676142753452, InputEventId=0, HandleInputStart=67676149153920, AnimationStart=67676149155795, PerformTraversalsStart=67676149245482, DrawStart=67676155085118, FrameDeadline=67676109420120, FrameInterval=67676149141316, FrameStartTime=16666666, SyncQueued=67676156044284, SyncStart=67676156302149, IssueDrawCommandsStart=67676156827305, SwapBuffers=67676157978191, FrameCompleted=9223372036854775807, DequeueBufferDuration=17656, QueueBufferDuration=748386, GpuCompleted=9223372036854775807, SwapBuffersCompleted=67676159057878, DisplayPresentTime=0, 
2025-10-11 11:47:57.677  2749-2749  FoodActivity            com.example.nutrisaur11              D  FoodActivity Available database fields: [birthday, is_pregnant, muac_category, notes, weight_kg, nutritional_risk, height_cm, sex, municipality, muac_cm, screening_date, bmi_category, name, barangay, email, age, bmi, status]
2025-10-11 11:47:57.677  2749-2749  FoodActivity            com.example.nutrisaur11              D  Calculated age from birthday '2005-10-10': 20
2025-10-11 11:47:57.677  2749-2749  FoodActivity            com.example.nutrisaur11              D  FoodActivity Weight field lookup - weight_kg: '50', weight: 'null', final: '50'
2025-10-11 11:47:57.677  2749-2749  FoodActivity            com.example.nutrisaur11              D  FoodActivity: Set weight from database: 50
2025-10-11 11:47:57.677  2749-2749  FoodActivity            com.example.nutrisaur11              D  FoodActivity Height field lookup - height_cm: '171', height: 'null', final: '171'
2025-10-11 11:47:57.677  2749-2749  FoodActivity            com.example.nutrisaur11              D  FoodActivity: Set height from database: 171
2025-10-11 11:47:57.677  2749-2749  FoodActivity            com.example.nutrisaur11              D  Created user profile from database data: Pingol , Kevin C. (Age: 20, Weight: 50.0, Height: 171.0, Gender: Male, Activity: Moderate)
2025-10-11 11:47:57.677  2749-2749  KcalSuggestionCache     com.example.nutrisaur11              D  User profile changed, cache invalid
2025-10-11 11:47:57.677  2749-2749  FoodActivity            com.example.nutrisaur11              D  No valid AI cache found, using fallback calculation...
2025-10-11 11:47:57.677  2749-2749  CalorieCal...ionService com.example.nutrisaur11              D  Calculated BMR: 1473.75 for Pingol , Kevin C.
2025-10-11 11:47:57.677  2749-2749  CalorieCal...ionService com.example.nutrisaur11              D  Calculated TDEE: 2284.3125 (BMR: 1473.75 × Activity: 1.55)
2025-10-11 11:47:57.677  2749-2749  CalorieCal...ionService com.example.nutrisaur11              D  Calculated daily calorie target: 2784 (TDEE: 2284.3125 + Adjustment: 500.0)
2025-10-11 11:47:57.677  2749-2749  FoodActivity            com.example.nutrisaur11              D  Using fallback calculation (AI will update cache): 2784
2025-10-11 11:47:57.677  2749-2749  FoodActivity            com.example.nutrisaur11              D  AI calculation already in progress, skipping...
2025-10-11 11:47:57.677  2749-2749  FoodActivity            com.example.nutrisaur11              D  Using AI-calculated total daily calories: 2784
2025-10-11 11:47:57.677  2749-2749  FoodActivity            com.example.nutrisaur11              D  FoodActivity Available database fields: [birthday, is_pregnant, muac_category, notes, weight_kg, nutritional_risk, height_cm, sex, municipality, muac_cm, screening_date, bmi_category, name, barangay, email, age, bmi, status]
2025-10-11 11:47:57.678  2749-2749  FoodActivity            com.example.nutrisaur11              D  Calculated age from birthday '2005-10-10': 20
2025-10-11 11:47:57.678  2749-2749  FoodActivity            com.example.nutrisaur11              D  FoodActivity Weight field lookup - weight_kg: '50', weight: 'null', final: '50'
2025-10-11 11:47:57.678  2749-2749  FoodActivity            com.example.nutrisaur11              D  FoodActivity: Set weight from database: 50
2025-10-11 11:47:57.678  2749-2749  FoodActivity            com.example.nutrisaur11              D  FoodActivity Height field lookup - height_cm: '171', height: 'null', final: '171'
2025-10-11 11:47:57.678  2749-2749  FoodActivity            com.example.nutrisaur11              D  FoodActivity: Set height from database: 171
2025-10-11 11:47:57.678  2749-2749  FoodActivity            com.example.nutrisaur11              D  Created user profile from database data: Pingol , Kevin C. (Age: 20, Weight: 50.0, Height: 171.0, Gender: Male, Activity: Moderate)
2025-10-11 11:47:57.678  2749-2749  CalorieCal...ionService com.example.nutrisaur11              D  Calculated meal distribution: Breakfast=696, Lunch=974, Dinner=835, Snacks=278
2025-10-11 11:47:57.678  2749-2749  FoodActivity            com.example.nutrisaur11              D  Calculated meal distribution: Breakfast=696, Lunch=974, Dinner=835, Snacks=278
2025-10-11 11:47:57.678  2749-2749  FoodActivity            com.example.nutrisaur11              D  Direct update Breakfast: 0 / 696 kcal (from 0 foods)
2025-10-11 11:47:57.678  2749-2749  FoodActivity            com.example.nutrisaur11              D  Set breakfast progress text to: 0 / 696 kcal
2025-10-11 11:47:57.678  2749-2749  FoodActivity            com.example.nutrisaur11              D  Direct update Lunch: 0 / 974 kcal (from 0 foods)
2025-10-11 11:47:57.678  2749-2749  FoodActivity            com.example.nutrisaur11              D  Set lunch progress text to: 0 / 974 kcal
2025-10-11 11:47:57.678  2749-2749  FoodActivity            com.example.nutrisaur11              D  Direct update Dinner: 0 / 835 kcal (from 0 foods)
2025-10-11 11:47:57.678  2749-2749  FoodActivity            com.example.nutrisaur11              D  Set dinner progress text to: 0 / 835 kcal
2025-10-11 11:47:57.678  2749-2749  FoodActivity            com.example.nutrisaur11              D  Direct update Snacks: 0 / 278 kcal (from 0 foods)
2025-10-11 11:47:57.678  2749-2749  FoodActivity            com.example.nutrisaur11              D  Set snacks progress text to: 0 / 278 kcal
2025-10-11 11:47:57.678  2749-2749  FoodActivity            com.example.nutrisaur11              D  Updating macronutrient data directly
2025-10-11 11:47:57.679  2749-2749  FoodActivity            com.example.nutrisaur11              D  FoodActivity Available database fields: [birthday, is_pregnant, muac_category, notes, weight_kg, nutritional_risk, height_cm, sex, municipality, muac_cm, screening_date, bmi_category, name, barangay, email, age, bmi, status]
2025-10-11 11:47:57.679  2749-2749  FoodActivity            com.example.nutrisaur11              D  Calculated age from birthday '2005-10-10': 20
2025-10-11 11:47:57.679  2749-2749  FoodActivity            com.example.nutrisaur11              D  FoodActivity Weight field lookup - weight_kg: '50', weight: 'null', final: '50'
2025-10-11 11:47:57.679  2749-2749  FoodActivity            com.example.nutrisaur11              D  FoodActivity: Set weight from database: 50
2025-10-11 11:47:57.679  2749-2749  FoodActivity            com.example.nutrisaur11              D  FoodActivity Height field lookup - height_cm: '171', height: 'null', final: '171'
2025-10-11 11:47:57.679  2749-2749  FoodActivity            com.example.nutrisaur11              D  FoodActivity: Set height from database: 171
2025-10-11 11:47:57.679  2749-2749  FoodActivity            com.example.nutrisaur11              D  Created user profile from database data: Pingol , Kevin C. (Age: 20, Weight: 50.0, Height: 171.0, Gender: Male, Activity: Moderate)
2025-10-11 11:47:57.679  2749-2749  CalorieCal...ionService com.example.nutrisaur11              D  Calculated BMR: 1473.75 for Pingol , Kevin C.
2025-10-11 11:47:57.680  2749-2749  CalorieCal...ionService com.example.nutrisaur11              D  Calculated TDEE: 2284.3125 (BMR: 1473.75 × Activity: 1.55)
2025-10-11 11:47:57.680  2749-2749  CalorieCal...ionService com.example.nutrisaur11              D  Calculated daily calorie target: 2784 (TDEE: 2284.3125 + Adjustment: 500.0)
2025-10-11 11:47:57.680  2749-2749  FoodActivity            com.example.nutrisaur11              D  Calculated macro targets - Protein: 153, Carbs: 375, Fat: 74
2025-10-11 11:47:57.680  2749-2749  FoodActivity            com.example.nutrisaur11              D  Macro Update:
2025-10-11 11:47:57.680  2749-2749  FoodActivity            com.example.nutrisaur11              D    Protein: 153/153 (eaten: 0)
2025-10-11 11:47:57.680  2749-2749  FoodActivity            com.example.nutrisaur11              D    Carbs: 375/375 (eaten: 0)
2025-10-11 11:47:57.680  2749-2749  FoodActivity            com.example.nutrisaur11              D    Fat: 74/74 (eaten: 0)
2025-10-11 11:47:57.680  2749-2749  FoodActivity            com.example.nutrisaur11              D  Nutrition UI refreshed with updated AI data
2025-10-11 11:47:57.680  2749-2749  DecorView[]             com.example.nutrisaur11              D  onWindowFocusChanged hasWindowFocus true
2025-10-11 11:47:57.688  2749-2749  SessionManager          com.example.nutrisaur11              D  === PERIODIC SESSION VALIDATION ===
2025-10-11 11:47:57.688  2749-2749  SessionManager          com.example.nutrisaur11              D  User is active, validating with database
2025-10-11 11:47:57.688  2749-2749  SessionManager          com.example.nutrisaur11              D  Checking user existence in database: kevinpingol123@gmail.com
2025-10-11 11:47:57.688  2749-2749  CommunityUserManager    com.example.nutrisaur11              D  === GETTING CURRENT USER DATA FROM DATABASE (ASYNC) ===
2025-10-11 11:47:57.689  2749-2749  CommunityUserManager    com.example.nutrisaur11              D  Retrieved cached user data for: kevinpingol123@gmail.com
2025-10-11 11:47:57.689  2749-2749  CommunityUserManager    com.example.nutrisaur11              D  Returning cached user data
2025-10-11 11:47:57.689  2749-2749  SessionManager          com.example.nutrisaur11              D  Database check completed in 1ms
2025-10-11 11:47:57.689  2749-2749  SessionManager          com.example.nutrisaur11              D  User exists and is valid: kevinpingol123@gmail.com
2025-10-11 11:47:57.690  2749-2749  SessionManager          com.example.nutrisaur11              D  Checking user existence in database: kevinpingol123@gmail.com
2025-10-11 11:47:57.690  2749-2749  CommunityUserManager    com.example.nutrisaur11              D  === GETTING CURRENT USER DATA FROM DATABASE (ASYNC) ===
2025-10-11 11:47:57.690  2749-2749  CommunityUserManager    com.example.nutrisaur11              D  Retrieved cached user data for: kevinpingol123@gmail.com
2025-10-11 11:47:57.690  2749-2749  CommunityUserManager    com.example.nutrisaur11              D  Returning cached user data
2025-10-11 11:47:57.690  2749-2749  SessionManager          com.example.nutrisaur11              D  Database check completed in 0ms
2025-10-11 11:47:57.690  2749-2749  SessionManager          com.example.nutrisaur11              D  User exists and is valid: kevinpingol123@gmail.com
2025-10-11 11:47:57.740  2749-2749  FoodActivity            com.example.nutrisaur11              D  Total eaten calories after sync: 0
2025-10-11 11:47:57.740  2749-2749  FoodActivity            com.example.nutrisaur11              D  Updating eaten calories only (preserving daily target)
2025-10-11 11:47:57.741  2749-2749  FoodActivity            com.example.nutrisaur11              D  Total eaten calories for update: 0
2025-10-11 11:47:57.741  2749-2749  FoodActivity            com.example.nutrisaur11              D  Using existing daily calorie target: 2784
2025-10-11 11:47:57.741  2749-2749  FoodActivity            com.example.nutrisaur11              D  Eaten Calories Only Update:
2025-10-11 11:47:57.741  2749-2749  FoodActivity            com.example.nutrisaur11              D    Total Daily Calories: 2784 (preserved)
2025-10-11 11:47:57.741  2749-2749  FoodActivity            com.example.nutrisaur11              D    Total Eaten Calories: 0 (updated)
2025-10-11 11:47:57.741  2749-2749  FoodActivity            com.example.nutrisaur11              D    Calories Left: 2784
2025-10-11 11:47:57.741  2749-2749  FoodActivity            com.example.nutrisaur11              D    Progress Percent: 0.0%
2025-10-11 11:47:57.742  2749-2749  FoodActivity            com.example.nutrisaur11              D  Updating macronutrient data directly
2025-10-11 11:47:57.744  2749-2749  FoodActivity            com.example.nutrisaur11              D  FoodActivity Available database fields: [birthday, is_pregnant, muac_category, notes, weight_kg, nutritional_risk, height_cm, sex, municipality, muac_cm, screening_date, bmi_category, name, barangay, email, age, bmi, status]
2025-10-11 11:47:57.744  2749-2749  FoodActivity            com.example.nutrisaur11              D  Calculated age from birthday '2005-10-10': 20
2025-10-11 11:47:57.744  2749-2749  FoodActivity            com.example.nutrisaur11              D  FoodActivity Weight field lookup - weight_kg: '50', weight: 'null', final: '50'
2025-10-11 11:47:57.745  2749-2749  FoodActivity            com.example.nutrisaur11              D  FoodActivity: Set weight from database: 50
2025-10-11 11:47:57.745  2749-2749  FoodActivity            com.example.nutrisaur11              D  FoodActivity Height field lookup - height_cm: '171', height: 'null', final: '171'
2025-10-11 11:47:57.745  2749-2749  FoodActivity            com.example.nutrisaur11              D  FoodActivity: Set height from database: 171
2025-10-11 11:47:57.745  2749-2749  FoodActivity            com.example.nutrisaur11              D  Created user profile from database data: Pingol , Kevin C. (Age: 20, Weight: 50.0, Height: 171.0, Gender: Male, Activity: Moderate)
2025-10-11 11:47:57.745  2749-2749  CalorieCal...ionService com.example.nutrisaur11              D  Calculated BMR: 1473.75 for Pingol , Kevin C.
2025-10-11 11:47:57.745  2749-2749  CalorieCal...ionService com.example.nutrisaur11              D  Calculated TDEE: 2284.3125 (BMR: 1473.75 × Activity: 1.55)
2025-10-11 11:47:57.745  2749-2749  CalorieCal...ionService com.example.nutrisaur11              D  Calculated daily calorie target: 2784 (TDEE: 2284.3125 + Adjustment: 500.0)
2025-10-11 11:47:57.745  2749-2749  FoodActivity            com.example.nutrisaur11              D  Calculated macro targets - Protein: 153, Carbs: 375, Fat: 74
2025-10-11 11:47:57.745  2749-2749  FoodActivity            com.example.nutrisaur11              D  Macro Update:
2025-10-11 11:47:57.745  2749-2749  FoodActivity            com.example.nutrisaur11              D    Protein: 153/153 (eaten: 0)
2025-10-11 11:47:57.745  2749-2749  FoodActivity            com.example.nutrisaur11              D    Carbs: 375/375 (eaten: 0)
2025-10-11 11:47:57.745  2749-2749  FoodActivity            com.example.nutrisaur11              D    Fat: 74/74 (eaten: 0)
2025-10-11 11:47:57.747  2749-2749  FoodActivity            com.example.nutrisaur11              D  Updating meal progress texts with direct AddedFoodManager data
2025-10-11 11:47:57.751  2749-2749  FoodActivity            com.example.nutrisaur11              D  FoodActivity Available database fields: [birthday, is_pregnant, muac_category, notes, weight_kg, nutritional_risk, height_cm, sex, municipality, muac_cm, screening_date, bmi_category, name, barangay, email, age, bmi, status]
2025-10-11 11:47:57.752  2749-2749  FoodActivity            com.example.nutrisaur11              D  Calculated age from birthday '2005-10-10': 20
2025-10-11 11:47:57.752  2749-2749  FoodActivity            com.example.nutrisaur11              D  FoodActivity Weight field lookup - weight_kg: '50', weight: 'null', final: '50'
2025-10-11 11:47:57.752  2749-2749  FoodActivity            com.example.nutrisaur11              D  FoodActivity: Set weight from database: 50
2025-10-11 11:47:57.752  2749-2749  FoodActivity            com.example.nutrisaur11              D  FoodActivity Height field lookup - height_cm: '171', height: 'null', final: '171'
2025-10-11 11:47:57.752  2749-2749  FoodActivity            com.example.nutrisaur11              D  FoodActivity: Set height from database: 171
2025-10-11 11:47:57.752  2749-2749  FoodActivity            com.example.nutrisaur11              D  Created user profile from database data: Pingol , Kevin C. (Age: 20, Weight: 50.0, Height: 171.0, Gender: Male, Activity: Moderate)
2025-10-11 11:47:57.752  2749-2749  KcalSuggestionCache     com.example.nutrisaur11              D  User profile changed, cache invalid
2025-10-11 11:47:57.752  2749-2749  FoodActivity            com.example.nutrisaur11              D  No valid AI cache found, using fallback calculation...
2025-10-11 11:47:57.753  2749-2749  CalorieCal...ionService com.example.nutrisaur11              D  Calculated BMR: 1473.75 for Pingol , Kevin C.
2025-10-11 11:47:57.753  2749-2749  CalorieCal...ionService com.example.nutrisaur11              D  Calculated TDEE: 2284.3125 (BMR: 1473.75 × Activity: 1.55)
2025-10-11 11:47:57.753  2749-2749  CalorieCal...ionService com.example.nutrisaur11              D  Calculated daily calorie target: 2784 (TDEE: 2284.3125 + Adjustment: 500.0)
2025-10-11 11:47:57.753  2749-2749  FoodActivity            com.example.nutrisaur11              D  Using fallback calculation (AI will update cache): 2784
2025-10-11 11:47:57.753  2749-2749  FoodActivity            com.example.nutrisaur11              D  Starting background AI calculation...
2025-10-11 11:47:57.753  2749-2749  FoodActivity            com.example.nutrisaur11              D  Using AI-calculated total daily calories: 2784
2025-10-11 11:47:57.753  2749-2749  FoodActivity            com.example.nutrisaur11              D  FoodActivity Available database fields: [birthday, is_pregnant, muac_category, notes, weight_kg, nutritional_risk, height_cm, sex, municipality, muac_cm, screening_date, bmi_category, name, barangay, email, age, bmi, status]
2025-10-11 11:47:57.754  2749-2749  FoodActivity            com.example.nutrisaur11              D  Calculated age from birthday '2005-10-10': 20
2025-10-11 11:47:57.754  2749-2749  FoodActivity            com.example.nutrisaur11              D  FoodActivity Weight field lookup - weight_kg: '50', weight: 'null', final: '50'
2025-10-11 11:47:57.754  2749-2749  FoodActivity            com.example.nutrisaur11              D  FoodActivity: Set weight from database: 50
2025-10-11 11:47:57.754  2749-2856  NutritionService        com.example.nutrisaur11              D  Starting nutrition recommendations...
2025-10-11 11:47:57.754  2749-2856  NutritionService        com.example.nutrisaur11              D  Getting user profile from SharedPreferences...
2025-10-11 11:47:57.754  2749-2856  NutritionService        com.example.nutrisaur11              D  User data: name=, age=25, weight=70.0, height=170.0
2025-10-11 11:47:57.755  2749-2856  NutritionService        com.example.nutrisaur11              D  User profile loaded: , BMI: 24.221453287197235
2025-10-11 11:47:57.755  2749-2749  FoodActivity            com.example.nutrisaur11              D  FoodActivity Height field lookup - height_cm: '171', height: 'null', final: '171'
2025-10-11 11:47:57.755  2749-2749  FoodActivity            com.example.nutrisaur11              D  FoodActivity: Set height from database: 171
2025-10-11 11:47:57.755  2749-2749  FoodActivity            com.example.nutrisaur11              D  Created user profile from database data: Pingol , Kevin C. (Age: 20, Weight: 50.0, Height: 171.0, Gender: Male, Activity: Moderate)
2025-10-11 11:47:57.755  2749-2749  CalorieCal...ionService com.example.nutrisaur11              D  Calculated meal distribution: Breakfast=696, Lunch=974, Dinner=835, Snacks=278
2025-10-11 11:47:57.755  2749-2856  KcalSuggestionCache     com.example.nutrisaur11              D  Cached kcal suggestion is valid
2025-10-11 11:47:57.755  2749-2749  FoodActivity            com.example.nutrisaur11              D  Calculated meal distribution: Breakfast=696, Lunch=974, Dinner=835, Snacks=278
2025-10-11 11:47:57.755  2749-2749  FoodActivity            com.example.nutrisaur11              D  Direct update Breakfast: 0 / 696 kcal (from 0 foods)
2025-10-11 11:47:57.755  2749-2856  NutritionService        com.example.nutrisaur11              D  Using cached kcal suggestion - user profile unchanged
2025-10-11 11:47:57.756  2749-2749  FoodActivity            com.example.nutrisaur11              D  Set breakfast progress text to: 0 / 696 kcal
2025-10-11 11:47:57.756  2749-2856  KcalSuggestionCache     com.example.nutrisaur11              D  Successfully loaded cached kcal suggestion
2025-10-11 11:47:57.756  2749-2749  FoodActivity            com.example.nutrisaur11              D  Direct update Lunch: 0 / 974 kcal (from 0 foods)
2025-10-11 11:47:57.756  2749-2856  FoodActivity            com.example.nutrisaur11              D  Background AI calculation completed: 2545
2025-10-11 11:47:57.757  2749-2749  FoodActivity            com.example.nutrisaur11              D  Set lunch progress text to: 0 / 974 kcal
2025-10-11 11:47:57.757  2749-2749  FoodActivity            com.example.nutrisaur11              D  Direct update Dinner: 0 / 835 kcal (from 0 foods)
2025-10-11 11:47:57.757  2749-2749  FoodActivity            com.example.nutrisaur11              D  Set dinner progress text to: 0 / 835 kcal
2025-10-11 11:47:57.757  2749-2749  FoodActivity            com.example.nutrisaur11              D  Direct update Snacks: 0 / 278 kcal (from 0 foods)
2025-10-11 11:47:57.757  2749-2749  FoodActivity            com.example.nutrisaur11              D  Set snacks progress text to: 0 / 278 kcal
2025-10-11 11:47:57.758  2749-2749  FoodActivity            com.example.nutrisaur11              D  Updating meal progress texts with direct AddedFoodManager data
2025-10-11 11:47:57.762  2749-2749  FoodActivity            com.example.nutrisaur11              D  FoodActivity Available database fields: [birthday, is_pregnant, muac_category, notes, weight_kg, nutritional_risk, height_cm, sex, municipality, muac_cm, screening_date, bmi_category, name, barangay, email, age, bmi, status]
2025-10-11 11:47:57.763  2749-2749  FoodActivity            com.example.nutrisaur11              D  Calculated age from birthday '2005-10-10': 20
2025-10-11 11:47:57.763  2749-2749  FoodActivity            com.example.nutrisaur11              D  FoodActivity Weight field lookup - weight_kg: '50', weight: 'null', final: '50'
2025-10-11 11:47:57.763  2749-2749  FoodActivity            com.example.nutrisaur11              D  FoodActivity: Set weight from database: 50
2025-10-11 11:47:57.763  2749-2749  FoodActivity            com.example.nutrisaur11              D  FoodActivity Height field lookup - height_cm: '171', height: 'null', final: '171'
2025-10-11 11:47:57.763  2749-2749  FoodActivity            com.example.nutrisaur11              D  FoodActivity: Set height from database: 171
2025-10-11 11:47:57.763  2749-2749  FoodActivity            com.example.nutrisaur11              D  Created user profile from database data: Pingol , Kevin C. (Age: 20, Weight: 50.0, Height: 171.0, Gender: Male, Activity: Moderate)
2025-10-11 11:47:57.763  2749-2749  KcalSuggestionCache     com.example.nutrisaur11              D  User profile changed, cache invalid
2025-10-11 11:47:57.763  2749-2749  FoodActivity            com.example.nutrisaur11              D  No valid AI cache found, using fallback calculation...
2025-10-11 11:47:57.763  2749-2749  CalorieCal...ionService com.example.nutrisaur11              D  Calculated BMR: 1473.75 for Pingol , Kevin C.
2025-10-11 11:47:57.764  2749-2749  CalorieCal...ionService com.example.nutrisaur11              D  Calculated TDEE: 2284.3125 (BMR: 1473.75 × Activity: 1.55)
2025-10-11 11:47:57.764  2749-2749  CalorieCal...ionService com.example.nutrisaur11              D  Calculated daily calorie target: 2784 (TDEE: 2284.3125 + Adjustment: 500.0)
2025-10-11 11:47:57.764  2749-2749  FoodActivity            com.example.nutrisaur11              D  Using fallback calculation (AI will update cache): 2784
2025-10-11 11:47:57.764  2749-2749  FoodActivity            com.example.nutrisaur11              D  AI calculation already in progress, skipping...
2025-10-11 11:47:57.764  2749-2749  FoodActivity            com.example.nutrisaur11              D  Using AI-calculated total daily calories: 2784
2025-10-11 11:47:57.764  2749-2749  FoodActivity            com.example.nutrisaur11              D  FoodActivity Available database fields: [birthday, is_pregnant, muac_category, notes, weight_kg, nutritional_risk, height_cm, sex, municipality, muac_cm, screening_date, bmi_category, name, barangay, email, age, bmi, status]
2025-10-11 11:47:57.764  2749-2749  FoodActivity            com.example.nutrisaur11              D  Calculated age from birthday '2005-10-10': 20
2025-10-11 11:47:57.765  2749-2749  FoodActivity            com.example.nutrisaur11              D  FoodActivity Weight field lookup - weight_kg: '50', weight: 'null', final: '50'
2025-10-11 11:47:57.765  2749-2749  FoodActivity            com.example.nutrisaur11              D  FoodActivity: Set weight from database: 50
2025-10-11 11:47:57.765  2749-2749  FoodActivity            com.example.nutrisaur11              D  FoodActivity Height field lookup - height_cm: '171', height: 'null', final: '171'
2025-10-11 11:47:57.765  2749-2749  FoodActivity            com.example.nutrisaur11              D  FoodActivity: Set height from database: 171
2025-10-11 11:47:57.765  2749-2749  FoodActivity            com.example.nutrisaur11              D  Created user profile from database data: Pingol , Kevin C. (Age: 20, Weight: 50.0, Height: 171.0, Gender: Male, Activity: Moderate)
2025-10-11 11:47:57.765  2749-2749  CalorieCal...ionService com.example.nutrisaur11              D  Calculated meal distribution: Breakfast=696, Lunch=974, Dinner=835, Snacks=278
2025-10-11 11:47:57.765  2749-2749  FoodActivity            com.example.nutrisaur11              D  Calculated meal distribution: Breakfast=696, Lunch=974, Dinner=835, Snacks=278
2025-10-11 11:47:57.765  2749-2749  FoodActivity            com.example.nutrisaur11              D  Direct update Breakfast: 0 / 696 kcal (from 0 foods)
2025-10-11 11:47:57.766  2749-2749  FoodActivity            com.example.nutrisaur11              D  Set breakfast progress text to: 0 / 696 kcal
2025-10-11 11:47:57.766  2749-2749  FoodActivity            com.example.nutrisaur11              D  Direct update Lunch: 0 / 974 kcal (from 0 foods)
2025-10-11 11:47:57.766  2749-2749  FoodActivity            com.example.nutrisaur11              D  Set lunch progress text to: 0 / 974 kcal
2025-10-11 11:47:57.766  2749-2749  FoodActivity            com.example.nutrisaur11              D  Direct update Dinner: 0 / 835 kcal (from 0 foods)
2025-10-11 11:47:57.766  2749-2749  FoodActivity            com.example.nutrisaur11              D  Set dinner progress text to: 0 / 835 kcal
2025-10-11 11:47:57.767  2749-2749  FoodActivity            com.example.nutrisaur11              D  Direct update Snacks: 0 / 278 kcal (from 0 foods)
2025-10-11 11:47:57.767  2749-2749  FoodActivity            com.example.nutrisaur11              D  Set snacks progress text to: 0 / 278 kcal
2025-10-11 11:47:57.767  2749-2749  FoodActivity            com.example.nutrisaur11              D  Meal progress refreshed successfully
2025-10-11 11:47:57.779  2749-2749  FoodActivity            com.example.nutrisaur11              D  Refreshing nutrition UI with updated AI data...
2025-10-11 11:47:57.779  2749-2749  FoodActivity            com.example.nutrisaur11              D  Updating kcal goal circle directly
2025-10-11 11:47:57.779  2749-2749  FoodActivity            com.example.nutrisaur11              D  Total eaten calories for circle update: 0
2025-10-11 11:47:57.779  2749-2749  FoodActivity            com.example.nutrisaur11              D  FoodActivity Available database fields: [birthday, is_pregnant, muac_category, notes, weight_kg, nutritional_risk, height_cm, sex, municipality, muac_cm, screening_date, bmi_category, name, barangay, email, age, bmi, status]
2025-10-11 11:47:57.780  2749-2749  FoodActivity            com.example.nutrisaur11              D  Calculated age from birthday '2005-10-10': 20
2025-10-11 11:47:57.780  2749-2749  FoodActivity            com.example.nutrisaur11              D  FoodActivity Weight field lookup - weight_kg: '50', weight: 'null', final: '50'
2025-10-11 11:47:57.780  2749-2749  FoodActivity            com.example.nutrisaur11              D  FoodActivity: Set weight from database: 50
2025-10-11 11:47:57.780  2749-2749  FoodActivity            com.example.nutrisaur11              D  FoodActivity Height field lookup - height_cm: '171', height: 'null', final: '171'
2025-10-11 11:47:57.780  2749-2749  FoodActivity            com.example.nutrisaur11              D  FoodActivity: Set height from database: 171
2025-10-11 11:47:57.780  2749-2749  FoodActivity            com.example.nutrisaur11              D  Created user profile from database data: Pingol , Kevin C. (Age: 20, Weight: 50.0, Height: 171.0, Gender: Male, Activity: Moderate)
2025-10-11 11:47:57.780  2749-2749  CalorieCal...ionService com.example.nutrisaur11              D  Calculated BMR: 1473.75 for Pingol , Kevin C.
2025-10-11 11:47:57.780  2749-2749  CalorieCal...ionService com.example.nutrisaur11              D  Calculated TDEE: 2284.3125 (BMR: 1473.75 × Activity: 1.55)
2025-10-11 11:47:57.780  2749-2749  CalorieCal...ionService com.example.nutrisaur11              D  Calculated daily calorie target: 2784 (TDEE: 2284.3125 + Adjustment: 500.0)
2025-10-11 11:47:57.780  2749-2749  FoodActivity            com.example.nutrisaur11              D  Calculated daily calorie target: 2784
2025-10-11 11:47:57.780  2749-2749  FoodActivity            com.example.nutrisaur11              D  Kcal Goal Circle Update:
2025-10-11 11:47:57.780  2749-2749  FoodActivity            com.example.nutrisaur11              D    Total Daily Calories: 2784
2025-10-11 11:47:57.780  2749-2749  FoodActivity            com.example.nutrisaur11              D    Total Eaten Calories: 0
2025-10-11 11:47:57.780  2749-2749  FoodActivity            com.example.nutrisaur11              D    Calories Left: 2784
2025-10-11 11:47:57.781  2749-2749  FoodActivity            com.example.nutrisaur11              D    Progress Percent: 0.0%
2025-10-11 11:47:57.781  2749-2749  FoodActivity            com.example.nutrisaur11              D  Updating macronutrient data directly
2025-10-11 11:47:57.782  2749-2749  FoodActivity            com.example.nutrisaur11              D  FoodActivity Available database fields: [birthday, is_pregnant, muac_category, notes, weight_kg, nutritional_risk, height_cm, sex, municipality, muac_cm, screening_date, bmi_category, name, barangay, email, age, bmi, status]
2025-10-11 11:47:57.783  2749-2749  FoodActivity            com.example.nutrisaur11              D  Calculated age from birthday '2005-10-10': 20
2025-10-11 11:47:57.783  2749-2749  FoodActivity            com.example.nutrisaur11              D  FoodActivity Weight field lookup - weight_kg: '50', weight: 'null', final: '50'
2025-10-11 11:47:57.783  2749-2749  FoodActivity            com.example.nutrisaur11              D  FoodActivity: Set weight from database: 50
2025-10-11 11:47:57.783  2749-2749  FoodActivity            com.example.nutrisaur11              D  FoodActivity Height field lookup - height_cm: '171', height: 'null', final: '171'
2025-10-11 11:47:57.783  2749-2749  FoodActivity            com.example.nutrisaur11              D  FoodActivity: Set height from database: 171
2025-10-11 11:47:57.783  2749-2749  FoodActivity            com.example.nutrisaur11              D  Created user profile from database data: Pingol , Kevin C. (Age: 20, Weight: 50.0, Height: 171.0, Gender: Male, Activity: Moderate)
2025-10-11 11:47:57.783  2749-2749  CalorieCal...ionService com.example.nutrisaur11              D  Calculated BMR: 1473.75 for Pingol , Kevin C.
2025-10-11 11:47:57.783  2749-2749  CalorieCal...ionService com.example.nutrisaur11              D  Calculated TDEE: 2284.3125 (BMR: 1473.75 × Activity: 1.55)
2025-10-11 11:47:57.783  2749-2749  CalorieCal...ionService com.example.nutrisaur11              D  Calculated daily calorie target: 2784 (TDEE: 2284.3125 + Adjustment: 500.0)
2025-10-11 11:47:57.783  2749-2749  FoodActivity            com.example.nutrisaur11              D  Calculated macro targets - Protein: 153, Carbs: 375, Fat: 74
2025-10-11 11:47:57.783  2749-2749  FoodActivity            com.example.nutrisaur11              D  Macro Update:
2025-10-11 11:47:57.783  2749-2749  FoodActivity            com.example.nutrisaur11              D    Protein: 153/153 (eaten: 0)
2025-10-11 11:47:57.783  2749-2749  FoodActivity            com.example.nutrisaur11              D    Carbs: 375/375 (eaten: 0)
2025-10-11 11:47:57.783  2749-2749  FoodActivity            com.example.nutrisaur11              D    Fat: 74/74 (eaten: 0)
2025-10-11 11:47:57.784  2749-2749  FoodActivity            com.example.nutrisaur11              D  Updating meal progress texts with direct AddedFoodManager data
2025-10-11 11:47:57.787  2749-2749  FoodActivity            com.example.nutrisaur11              D  FoodActivity Available database fields: [birthday, is_pregnant, muac_category, notes, weight_kg, nutritional_risk, height_cm, sex, municipality, muac_cm, screening_date, bmi_category, name, barangay, email, age, bmi, status]
2025-10-11 11:47:57.787  2749-2749  FoodActivity            com.example.nutrisaur11              D  Calculated age from birthday '2005-10-10': 20
2025-10-11 11:47:57.787  2749-2749  FoodActivity            com.example.nutrisaur11              D  FoodActivity Weight field lookup - weight_kg: '50', weight: 'null', final: '50'
2025-10-11 11:47:57.787  2749-2749  FoodActivity            com.example.nutrisaur11              D  FoodActivity: Set weight from database: 50
2025-10-11 11:47:57.787  2749-2749  FoodActivity            com.example.nutrisaur11              D  FoodActivity Height field lookup - height_cm: '171', height: 'null', final: '171'
2025-10-11 11:47:57.788  2749-2749  FoodActivity            com.example.nutrisaur11              D  FoodActivity: Set height from database: 171
2025-10-11 11:47:57.788  2749-2749  FoodActivity            com.example.nutrisaur11              D  Created user profile from database data: Pingol , Kevin C. (Age: 20, Weight: 50.0, Height: 171.0, Gender: Male, Activity: Moderate)
2025-10-11 11:47:57.788  2749-2749  KcalSuggestionCache     com.example.nutrisaur11              D  User profile changed, cache invalid
2025-10-11 11:47:57.788  2749-2749  FoodActivity            com.example.nutrisaur11              D  No valid AI cache found, using fallback calculation...
2025-10-11 11:47:57.788  2749-2749  CalorieCal...ionService com.example.nutrisaur11              D  Calculated BMR: 1473.75 for Pingol , Kevin C.
2025-10-11 11:47:57.788  2749-2749  CalorieCal...ionService com.example.nutrisaur11              D  Calculated TDEE: 2284.3125 (BMR: 1473.75 × Activity: 1.55)
2025-10-11 11:47:57.788  2749-2749  CalorieCal...ionService com.example.nutrisaur11              D  Calculated daily calorie target: 2784 (TDEE: 2284.3125 + Adjustment: 500.0)
2025-10-11 11:47:57.788  2749-2749  FoodActivity            com.example.nutrisaur11              D  Using fallback calculation (AI will update cache): 2784
2025-10-11 11:47:57.788  2749-2749  FoodActivity            com.example.nutrisaur11              D  AI calculation already in progress, skipping...
2025-10-11 11:47:57.788  2749-2749  FoodActivity            com.example.nutrisaur11              D  Using AI-calculated total daily calories: 2784
2025-10-11 11:47:57.788  2749-2749  FoodActivity            com.example.nutrisaur11              D  FoodActivity Available database fields: [birthday, is_pregnant, muac_category, notes, weight_kg, nutritional_risk, height_cm, sex, municipality, muac_cm, screening_date, bmi_category, name, barangay, email, age, bmi, status]
2025-10-11 11:47:57.789  2749-2749  FoodActivity            com.example.nutrisaur11              D  Calculated age from birthday '2005-10-10': 20
2025-10-11 11:47:57.789  2749-2749  FoodActivity            com.example.nutrisaur11              D  FoodActivity Weight field lookup - weight_kg: '50', weight: 'null', final: '50'
2025-10-11 11:47:57.789  2749-2749  FoodActivity            com.example.nutrisaur11              D  FoodActivity: Set weight from database: 50
2025-10-11 11:47:57.789  2749-2749  FoodActivity            com.example.nutrisaur11              D  FoodActivity Height field lookup - height_cm: '171', height: 'null', final: '171'
2025-10-11 11:47:57.789  2749-2749  FoodActivity            com.example.nutrisaur11              D  FoodActivity: Set height from database: 171
2025-10-11 11:47:57.789  2749-2749  FoodActivity            com.example.nutrisaur11              D  Created user profile from database data: Pingol , Kevin C. (Age: 20, Weight: 50.0, Height: 171.0, Gender: Male, Activity: Moderate)
2025-10-11 11:47:57.789  2749-2749  CalorieCal...ionService com.example.nutrisaur11              D  Calculated meal distribution: Breakfast=696, Lunch=974, Dinner=835, Snacks=278
2025-10-11 11:47:57.789  2749-2749  FoodActivity            com.example.nutrisaur11              D  Calculated meal distribution: Breakfast=696, Lunch=974, Dinner=835, Snacks=278
2025-10-11 11:47:57.789  2749-2749  FoodActivity            com.example.nutrisaur11              D  Direct update Breakfast: 0 / 696 kcal (from 0 foods)
2025-10-11 11:47:57.789  2749-2749  FoodActivity            com.example.nutrisaur11              D  Set breakfast progress text to: 0 / 696 kcal
2025-10-11 11:47:57.789  2749-2749  FoodActivity            com.example.nutrisaur11              D  Direct update Lunch: 0 / 974 kcal (from 0 foods)
2025-10-11 11:47:57.790  2749-2749  FoodActivity            com.example.nutrisaur11              D  Set lunch progress text to: 0 / 974 kcal
2025-10-11 11:47:57.790  2749-2749  FoodActivity            com.example.nutrisaur11              D  Direct update Dinner: 0 / 835 kcal (from 0 foods)
2025-10-11 11:47:57.790  2749-2749  FoodActivity            com.example.nutrisaur11              D  Set dinner progress text to: 0 / 835 kcal
2025-10-11 11:47:57.790  2749-2749  FoodActivity            com.example.nutrisaur11              D  Direct update Snacks: 0 / 278 kcal (from 0 foods)
2025-10-11 11:47:57.790  2749-2749  FoodActivity            com.example.nutrisaur11              D  Set snacks progress text to: 0 / 278 kcal
2025-10-11 11:47:57.790  2749-2749  FoodActivity            com.example.nutrisaur11              D  Updating meal progress texts with direct AddedFoodManager data
2025-10-11 11:47:57.793  2749-2749  FoodActivity            com.example.nutrisaur11              D  FoodActivity Available database fields: [birthday, is_pregnant, muac_category, notes, weight_kg, nutritional_risk, height_cm, sex, municipality, muac_cm, screening_date, bmi_category, name, barangay, email, age, bmi, status]
2025-10-11 11:47:57.793  2749-2749  FoodActivity            com.example.nutrisaur11              D  Calculated age from birthday '2005-10-10': 20
2025-10-11 11:47:57.793  2749-2749  FoodActivity            com.example.nutrisaur11              D  FoodActivity Weight field lookup - weight_kg: '50', weight: 'null', final: '50'
2025-10-11 11:47:57.793  2749-2749  FoodActivity            com.example.nutrisaur11              D  FoodActivity: Set weight from database: 50
2025-10-11 11:47:57.793  2749-2749  FoodActivity            com.example.nutrisaur11              D  FoodActivity Height field lookup - height_cm: '171', height: 'null', final: '171'
2025-10-11 11:47:57.793  2749-2749  FoodActivity            com.example.nutrisaur11              D  FoodActivity: Set height from database: 171
2025-10-11 11:47:57.793  2749-2749  FoodActivity            com.example.nutrisaur11              D  Created user profile from database data: Pingol , Kevin C. (Age: 20, Weight: 50.0, Height: 171.0, Gender: Male, Activity: Moderate)
2025-10-11 11:47:57.793  2749-2749  KcalSuggestionCache     com.example.nutrisaur11              D  User profile changed, cache invalid
2025-10-11 11:47:57.793  2749-2749  FoodActivity            com.example.nutrisaur11              D  No valid AI cache found, using fallback calculation...
2025-10-11 11:47:57.794  2749-2749  CalorieCal...ionService com.example.nutrisaur11              D  Calculated BMR: 1473.75 for Pingol , Kevin C.
2025-10-11 11:47:57.794  2749-2749  CalorieCal...ionService com.example.nutrisaur11              D  Calculated TDEE: 2284.3125 (BMR: 1473.75 × Activity: 1.55)
2025-10-11 11:47:57.794  2749-2749  CalorieCal...ionService com.example.nutrisaur11              D  Calculated daily calorie target: 2784 (TDEE: 2284.3125 + Adjustment: 500.0)
2025-10-11 11:47:57.794  2749-2749  FoodActivity            com.example.nutrisaur11              D  Using fallback calculation (AI will update cache): 2784
2025-10-11 11:47:57.794  2749-2749  FoodActivity            com.example.nutrisaur11              D  AI calculation already in progress, skipping...
2025-10-11 11:47:57.794  2749-2749  FoodActivity            com.example.nutrisaur11              D  Using AI-calculated total daily calories: 2784
2025-10-11 11:47:57.794  2749-2749  FoodActivity            com.example.nutrisaur11              D  FoodActivity Available database fields: [birthday, is_pregnant, muac_category, notes, weight_kg, nutritional_risk, height_cm, sex, municipality, muac_cm, screening_date, bmi_category, name, barangay, email, age, bmi, status]
2025-10-11 11:47:57.794  2749-2749  FoodActivity            com.example.nutrisaur11              D  Calculated age from birthday '2005-10-10': 20
2025-10-11 11:47:57.794  2749-2749  FoodActivity            com.example.nutrisaur11              D  FoodActivity Weight field lookup - weight_kg: '50', weight: 'null', final: '50'
2025-10-11 11:47:57.794  2749-2749  FoodActivity            com.example.nutrisaur11              D  FoodActivity: Set weight from database: 50
2025-10-11 11:47:57.794  2749-2749  FoodActivity            com.example.nutrisaur11              D  FoodActivity Height field lookup - height_cm: '171', height: 'null', final: '171'
2025-10-11 11:47:57.794  2749-2749  FoodActivity            com.example.nutrisaur11              D  FoodActivity: Set height from database: 171
2025-10-11 11:47:57.794  2749-2749  FoodActivity            com.example.nutrisaur11              D  Created user profile from database data: Pingol , Kevin C. (Age: 20, Weight: 50.0, Height: 171.0, Gender: Male, Activity: Moderate)
2025-10-11 11:47:57.794  2749-2749  CalorieCal...ionService com.example.nutrisaur11              D  Calculated meal distribution: Breakfast=696, Lunch=974, Dinner=835, Snacks=278
2025-10-11 11:47:57.794  2749-2749  FoodActivity            com.example.nutrisaur11              D  Calculated meal distribution: Breakfast=696, Lunch=974, Dinner=835, Snacks=278
2025-10-11 11:47:57.794  2749-2749  FoodActivity            com.example.nutrisaur11              D  Direct update Breakfast: 0 / 696 kcal (from 0 foods)
2025-10-11 11:47:57.794  2749-2749  FoodActivity            com.example.nutrisaur11              D  Set breakfast progress text to: 0 / 696 kcal
2025-10-11 11:47:57.795  2749-2749  FoodActivity            com.example.nutrisaur11              D  Direct update Lunch: 0 / 974 kcal (from 0 foods)
2025-10-11 11:47:57.795  2749-2749  FoodActivity            com.example.nutrisaur11              D  Set lunch progress text to: 0 / 974 kcal
2025-10-11 11:47:57.795  2749-2749  FoodActivity            com.example.nutrisaur11              D  Direct update Dinner: 0 / 835 kcal (from 0 foods)
2025-10-11 11:47:57.795  2749-2749  FoodActivity            com.example.nutrisaur11              D  Set dinner progress text to: 0 / 835 kcal
2025-10-11 11:47:57.795  2749-2749  FoodActivity            com.example.nutrisaur11              D  Direct update Snacks: 0 / 278 kcal (from 0 foods)
2025-10-11 11:47:57.795  2749-2749  FoodActivity            com.example.nutrisaur11              D  Set snacks progress text to: 0 / 278 kcal
2025-10-11 11:47:57.795  2749-2749  FoodActivity            com.example.nutrisaur11              D  Updating macronutrient data directly
2025-10-11 11:47:57.796  2749-2749  FoodActivity            com.example.nutrisaur11              D  FoodActivity Available database fields: [birthday, is_pregnant, muac_category, notes, weight_kg, nutritional_risk, height_cm, sex, municipality, muac_cm, screening_date, bmi_category, name, barangay, email, age, bmi, status]
2025-10-11 11:47:57.796  2749-2749  FoodActivity            com.example.nutrisaur11              D  Calculated age from birthday '2005-10-10': 20
2025-10-11 11:47:57.796  2749-2749  FoodActivity            com.example.nutrisaur11              D  FoodActivity Weight field lookup - weight_kg: '50', weight: 'null', final: '50'
2025-10-11 11:47:57.796  2749-2749  FoodActivity            com.example.nutrisaur11              D  FoodActivity: Set weight from database: 50
2025-10-11 11:47:57.796  2749-2749  FoodActivity            com.example.nutrisaur11              D  FoodActivity Height field lookup - height_cm: '171', height: 'null', final: '171'
2025-10-11 11:47:57.796  2749-2749  FoodActivity            com.example.nutrisaur11              D  FoodActivity: Set height from database: 171
2025-10-11 11:47:57.796  2749-2749  FoodActivity            com.example.nutrisaur11              D  Created user profile from database data: Pingol , Kevin C. (Age: 20, Weight: 50.0, Height: 171.0, Gender: Male, Activity: Moderate)
2025-10-11 11:47:57.796  2749-2749  CalorieCal...ionService com.example.nutrisaur11              D  Calculated BMR: 1473.75 for Pingol , Kevin C.
2025-10-11 11:47:57.797  2749-2749  CalorieCal...ionService com.example.nutrisaur11              D  Calculated TDEE: 2284.3125 (BMR: 1473.75 × Activity: 1.55)
