2025-10-13 10:24:06.065 16860-16860 FoodActivity            com.example.nutrisaur11              D  FoodActivity Available database fields: [birthday, is_pregnant, muac_category, notes, weight_kg, nutritional_risk, height_cm, sex, municipality, muac_cm, screening_date, bmi_category, name, barangay, email, age, bmi, status]
2025-10-13 10:24:06.066 16860-16860 FoodActivity            com.example.nutrisaur11              D  Calculated age from birthday '2005-10-10': 20
2025-10-13 10:24:06.066 16860-16860 FoodActivity            com.example.nutrisaur11              D  FoodActivity Weight field lookup - weight_kg: '50', weight: 'null', final: '50'
2025-10-13 10:24:06.066 16860-16860 FoodActivity            com.example.nutrisaur11              D  FoodActivity: Set weight from database: 50
2025-10-13 10:24:06.066 16860-16860 FoodActivity            com.example.nutrisaur11              D  FoodActivity Height field lookup - height_cm: '171', height: 'null', final: '171'
2025-10-13 10:24:06.066 16860-16860 FoodActivity            com.example.nutrisaur11              D  FoodActivity: Set height from database: 171
2025-10-13 10:24:06.066 16860-16860 FoodActivity            com.example.nutrisaur11              D  Created user profile from database data: Pingol , Kevin C. (Age: 20, Weight: 50.0, Height: 171.0, Gender: Male, Activity: Moderate)
2025-10-13 10:24:06.066 16860-16860 CalorieCal...ionService com.example.nutrisaur11              D  Calculated BMR: 1473.75 for Pingol , Kevin C.
2025-10-13 10:24:06.066 16860-16860 CalorieCal...ionService com.example.nutrisaur11              D  Calculated TDEE: 2284.3125 (BMR: 1473.75 × Activity: 1.55)
2025-10-13 10:24:06.066 16860-16860 CalorieCal...ionService com.example.nutrisaur11              D  Calculated daily calorie target: 2784 (TDEE: 2284.3125 + Adjustment: 500.0)
2025-10-13 10:24:06.066 16860-16860 FoodActivity            com.example.nutrisaur11              D  Calculated daily calorie target: 2784
2025-10-13 10:24:06.066 16860-16860 FoodActivity            com.example.nutrisaur11              D  Kcal Goal Circle Update:
2025-10-13 10:24:06.066 16860-16860 FoodActivity            com.example.nutrisaur11              D    Total Daily Calories: 2784
2025-10-13 10:24:06.066 16860-16860 FoodActivity            com.example.nutrisaur11              D    Total Eaten Calories: 20
2025-10-13 10:24:06.066 16860-16860 FoodActivity            com.example.nutrisaur11              D    Calories Left: 2764
2025-10-13 10:24:06.066 16860-16860 FoodActivity            com.example.nutrisaur11              D    Progress Percent: 0.7183908%
2025-10-13 10:24:06.067 16860-16860 FoodActivity            com.example.nutrisaur11              D  Updating macronutrient data directly
2025-10-13 10:24:06.069 16860-16860 FoodActivity            com.example.nutrisaur11              D  FoodActivity Available database fields: [birthday, is_pregnant, muac_category, notes, weight_kg, nutritional_risk, height_cm, sex, municipality, muac_cm, screening_date, bmi_category, name, barangay, email, age, bmi, status]
2025-10-13 10:24:06.070 16860-16860 FoodActivity            com.example.nutrisaur11              D  Calculated age from birthday '2005-10-10': 20
2025-10-13 10:24:06.070 16860-16860 FoodActivity            com.example.nutrisaur11              D  FoodActivity Weight field lookup - weight_kg: '50', weight: 'null', final: '50'
2025-10-13 10:24:06.070 16860-16860 FoodActivity            com.example.nutrisaur11              D  FoodActivity: Set weight from database: 50
2025-10-13 10:24:06.070 16860-16860 FoodActivity            com.example.nutrisaur11              D  FoodActivity Height field lookup - height_cm: '171', height: 'null', final: '171'
2025-10-13 10:24:06.070 16860-16860 FoodActivity            com.example.nutrisaur11              D  FoodActivity: Set height from database: 171
2025-10-13 10:24:06.070 16860-16860 FoodActivity            com.example.nutrisaur11              D  Created user profile from database data: Pingol , Kevin C. (Age: 20, Weight: 50.0, Height: 171.0, Gender: Male, Activity: Moderate)
2025-10-13 10:24:06.070 16860-16860 CalorieCal...ionService com.example.nutrisaur11              D  Calculated BMR: 1473.75 for Pingol , Kevin C.
2025-10-13 10:24:06.070 16860-16860 CalorieCal...ionService com.example.nutrisaur11              D  Calculated TDEE: 2284.3125 (BMR: 1473.75 × Activity: 1.55)
2025-10-13 10:24:06.070 16860-16860 CalorieCal...ionService com.example.nutrisaur11              D  Calculated daily calorie target: 2784 (TDEE: 2284.3125 + Adjustment: 500.0)
2025-10-13 10:24:06.070 16860-16860 FoodActivity            com.example.nutrisaur11              D  Calculated macro targets - Protein: 153, Carbs: 375, Fat: 74
2025-10-13 10:24:06.070 16860-16860 FoodActivity            com.example.nutrisaur11              D  Macro Update:
2025-10-13 10:24:06.070 16860-16860 FoodActivity            com.example.nutrisaur11              D    Protein: 133/153 (eaten: 20)
2025-10-13 10:24:06.070 16860-16860 FoodActivity            com.example.nutrisaur11              D    Carbs: 355/375 (eaten: 20)
2025-10-13 10:24:06.070 16860-16860 FoodActivity            com.example.nutrisaur11              D    Fat: 54/74 (eaten: 20)
2025-10-13 10:24:06.072 16860-16860 FoodActivity            com.example.nutrisaur11              D  Updating meal progress texts with direct AddedFoodManager data
2025-10-13 10:24:06.074 16860-16860 FoodActivity            com.example.nutrisaur11              D  FoodActivity Available database fields: [birthday, is_pregnant, muac_category, notes, weight_kg, nutritional_risk, height_cm, sex, municipality, muac_cm, screening_date, bmi_category, name, barangay, email, age, bmi, status]
2025-10-13 10:24:06.075 16860-16860 FoodActivity            com.example.nutrisaur11              D  Calculated age from birthday '2005-10-10': 20
2025-10-13 10:24:06.075 16860-16860 FoodActivity            com.example.nutrisaur11              D  FoodActivity Weight field lookup - weight_kg: '50', weight: 'null', final: '50'
2025-10-13 10:24:06.075 16860-16860 FoodActivity            com.example.nutrisaur11              D  FoodActivity: Set weight from database: 50
2025-10-13 10:24:06.075 16860-16860 FoodActivity            com.example.nutrisaur11              D  FoodActivity Height field lookup - height_cm: '171', height: 'null', final: '171'
2025-10-13 10:24:06.075 16860-16860 FoodActivity            com.example.nutrisaur11              D  FoodActivity: Set height from database: 171
2025-10-13 10:24:06.075 16860-16860 FoodActivity            com.example.nutrisaur11              D  Created user profile from database data: Pingol , Kevin C. (Age: 20, Weight: 50.0, Height: 171.0, Gender: Male, Activity: Moderate)
2025-10-13 10:24:06.075 16860-16860 KcalSuggestionCache     com.example.nutrisaur11              D  User profile changed, cache invalid
2025-10-13 10:24:06.075 16860-16860 FoodActivity            com.example.nutrisaur11              D  No valid AI cache found, using fallback calculation...
2025-10-13 10:24:06.075 16860-16860 CalorieCal...ionService com.example.nutrisaur11              D  Calculated BMR: 1473.75 for Pingol , Kevin C.
2025-10-13 10:24:06.076 16860-16860 CalorieCal...ionService com.example.nutrisaur11              D  Calculated TDEE: 2284.3125 (BMR: 1473.75 × Activity: 1.55)
2025-10-13 10:24:06.076 16860-16860 CalorieCal...ionService com.example.nutrisaur11              D  Calculated daily calorie target: 2784 (TDEE: 2284.3125 + Adjustment: 500.0)
2025-10-13 10:24:06.076 16860-16860 FoodActivity            com.example.nutrisaur11              D  Using fallback calculation (AI will update cache): 2784
2025-10-13 10:24:06.076 16860-16860 FoodActivity            com.example.nutrisaur11              D  AI calculation already in progress, skipping...
2025-10-13 10:24:06.076 16860-16860 FoodActivity            com.example.nutrisaur11              D  Using AI-calculated total daily calories: 2784
2025-10-13 10:24:06.076 16860-16860 FoodActivity            com.example.nutrisaur11              D  FoodActivity Available database fields: [birthday, is_pregnant, muac_category, notes, weight_kg, nutritional_risk, height_cm, sex, municipality, muac_cm, screening_date, bmi_category, name, barangay, email, age, bmi, status]
2025-10-13 10:24:06.076 16860-16860 FoodActivity            com.example.nutrisaur11              D  Calculated age from birthday '2005-10-10': 20
2025-10-13 10:24:06.076 16860-16860 FoodActivity            com.example.nutrisaur11              D  FoodActivity Weight field lookup - weight_kg: '50', weight: 'null', final: '50'
2025-10-13 10:24:06.076 16860-16860 FoodActivity            com.example.nutrisaur11              D  FoodActivity: Set weight from database: 50
2025-10-13 10:24:06.076 16860-16860 FoodActivity            com.example.nutrisaur11              D  FoodActivity Height field lookup - height_cm: '171', height: 'null', final: '171'
2025-10-13 10:24:06.076 16860-16860 FoodActivity            com.example.nutrisaur11              D  FoodActivity: Set height from database: 171
2025-10-13 10:24:06.076 16860-16860 FoodActivity            com.example.nutrisaur11              D  Created user profile from database data: Pingol , Kevin C. (Age: 20, Weight: 50.0, Height: 171.0, Gender: Male, Activity: Moderate)
2025-10-13 10:24:06.076 16860-16860 CalorieCal...ionService com.example.nutrisaur11              D  Calculated meal distribution: Breakfast=696, Lunch=974, Dinner=835, Snacks=278
2025-10-13 10:24:06.076 16860-16860 FoodActivity            com.example.nutrisaur11              D  Calculated meal distribution: Breakfast=696, Lunch=974, Dinner=835, Snacks=278
2025-10-13 10:24:06.076 16860-16860 FoodActivity            com.example.nutrisaur11              D  Direct update Breakfast: 20 / 696 kcal (from 1 foods)
2025-10-13 10:24:06.077 16860-16860 FoodActivity            com.example.nutrisaur11              D  Set breakfast progress text to: 20 / 696 kcal
2025-10-13 10:24:06.077 16860-16860 FoodActivity            com.example.nutrisaur11              D  Direct update Lunch: 0 / 974 kcal (from 0 foods)
2025-10-13 10:24:06.077 16860-16860 FoodActivity            com.example.nutrisaur11              D  Set lunch progress text to: 0 / 974 kcal
2025-10-13 10:24:06.077 16860-16860 FoodActivity            com.example.nutrisaur11              D  Direct update Dinner: 0 / 835 kcal (from 0 foods)
2025-10-13 10:24:06.077 16860-16860 FoodActivity            com.example.nutrisaur11              D  Set dinner progress text to: 0 / 835 kcal
2025-10-13 10:24:06.077 16860-16860 FoodActivity            com.example.nutrisaur11              D  Direct update Snacks: 0 / 278 kcal (from 0 foods)
2025-10-13 10:24:06.077 16860-16860 FoodActivity            com.example.nutrisaur11              D  Set snacks progress text to: 0 / 278 kcal
2025-10-13 10:24:06.078 16860-16860 FoodActivity            com.example.nutrisaur11              D  Updating meal progress texts with direct AddedFoodManager data
2025-10-13 10:24:06.080 16860-16860 FoodActivity            com.example.nutrisaur11              D  FoodActivity Available database fields: [birthday, is_pregnant, muac_category, notes, weight_kg, nutritional_risk, height_cm, sex, municipality, muac_cm, screening_date, bmi_category, name, barangay, email, age, bmi, status]
2025-10-13 10:24:06.081 16860-16860 FoodActivity            com.example.nutrisaur11              D  Calculated age from birthday '2005-10-10': 20
2025-10-13 10:24:06.081 16860-16860 FoodActivity            com.example.nutrisaur11              D  FoodActivity Weight field lookup - weight_kg: '50', weight: 'null', final: '50'
2025-10-13 10:24:06.081 16860-16860 FoodActivity            com.example.nutrisaur11              D  FoodActivity: Set weight from database: 50
2025-10-13 10:24:06.081 16860-16860 FoodActivity            com.example.nutrisaur11              D  FoodActivity Height field lookup - height_cm: '171', height: 'null', final: '171'
2025-10-13 10:24:06.081 16860-16860 FoodActivity            com.example.nutrisaur11              D  FoodActivity: Set height from database: 171
2025-10-13 10:24:06.081 16860-16860 FoodActivity            com.example.nutrisaur11              D  Created user profile from database data: Pingol , Kevin C. (Age: 20, Weight: 50.0, Height: 171.0, Gender: Male, Activity: Moderate)
2025-10-13 10:24:06.081 16860-16875 OpenGLRenderer          com.example.nutrisaur11              I  Davey! duration=9223355072562ms; Flags=0, FrameTimelineVsyncId=630469, IntendedVsync=16964291836502, Vsync=16964291836502, InputEventId=0, HandleInputStart=16964308413734, AnimationStart=16964308416859, PerformTraversalsStart=16964308598474, DrawStart=16964315469724, FrameDeadline=16964308503168, FrameInterval=16964308396755, FrameStartTime=16666666, SyncQueued=16964316933214, SyncStart=16964317425401, IssueDrawCommandsStart=16964317771964, SwapBuffers=16964319422276, FrameCompleted=9223372036854775807, DequeueBufferDuration=28177, QueueBufferDuration=1631302, GpuCompleted=9223372036854775807, SwapBuffersCompleted=16964321622797, DisplayPresentTime=0, 
2025-10-13 10:24:06.081 16860-16860 KcalSuggestionCache     com.example.nutrisaur11              D  User profile changed, cache invalid
2025-10-13 10:24:06.081 16860-16860 FoodActivity            com.example.nutrisaur11              D  No valid AI cache found, using fallback calculation...
2025-10-13 10:24:06.081 16860-16860 CalorieCal...ionService com.example.nutrisaur11              D  Calculated BMR: 1473.75 for Pingol , Kevin C.
2025-10-13 10:24:06.081 16860-16860 CalorieCal...ionService com.example.nutrisaur11              D  Calculated TDEE: 2284.3125 (BMR: 1473.75 × Activity: 1.55)
2025-10-13 10:24:06.081 16860-16860 CalorieCal...ionService com.example.nutrisaur11              D  Calculated daily calorie target: 2784 (TDEE: 2284.3125 + Adjustment: 500.0)
2025-10-13 10:24:06.081 16860-16860 FoodActivity            com.example.nutrisaur11              D  Using fallback calculation (AI will update cache): 2784
2025-10-13 10:24:06.081 16860-16860 FoodActivity            com.example.nutrisaur11              D  AI calculation already in progress, skipping...
2025-10-13 10:24:06.081 16860-16860 FoodActivity            com.example.nutrisaur11              D  Using AI-calculated total daily calories: 2784
2025-10-13 10:24:06.081 16860-16860 FoodActivity            com.example.nutrisaur11              D  FoodActivity Available database fields: [birthday, is_pregnant, muac_category, notes, weight_kg, nutritional_risk, height_cm, sex, municipality, muac_cm, screening_date, bmi_category, name, barangay, email, age, bmi, status]
2025-10-13 10:24:06.082 16860-16860 FoodActivity            com.example.nutrisaur11              D  Calculated age from birthday '2005-10-10': 20
2025-10-13 10:24:06.082 16860-16860 FoodActivity            com.example.nutrisaur11              D  FoodActivity Weight field lookup - weight_kg: '50', weight: 'null', final: '50'
2025-10-13 10:24:06.082 16860-16860 FoodActivity            com.example.nutrisaur11              D  FoodActivity: Set weight from database: 50
2025-10-13 10:24:06.082 16860-16860 FoodActivity            com.example.nutrisaur11              D  FoodActivity Height field lookup - height_cm: '171', height: 'null', final: '171'
2025-10-13 10:24:06.082 16860-16860 FoodActivity            com.example.nutrisaur11              D  FoodActivity: Set height from database: 171
2025-10-13 10:24:06.082 16860-16860 FoodActivity            com.example.nutrisaur11              D  Created user profile from database data: Pingol , Kevin C. (Age: 20, Weight: 50.0, Height: 171.0, Gender: Male, Activity: Moderate)
2025-10-13 10:24:06.082 16860-16860 CalorieCal...ionService com.example.nutrisaur11              D  Calculated meal distribution: Breakfast=696, Lunch=974, Dinner=835, Snacks=278
2025-10-13 10:24:06.082 16860-16860 FoodActivity            com.example.nutrisaur11              D  Calculated meal distribution: Breakfast=696, Lunch=974, Dinner=835, Snacks=278
2025-10-13 10:24:06.082 16860-16860 FoodActivity            com.example.nutrisaur11              D  Direct update Breakfast: 20 / 696 kcal (from 1 foods)
2025-10-13 10:24:06.082 16860-16860 FoodActivity            com.example.nutrisaur11              D  Set breakfast progress text to: 20 / 696 kcal
2025-10-13 10:24:06.082 16860-16860 FoodActivity            com.example.nutrisaur11              D  Direct update Lunch: 0 / 974 kcal (from 0 foods)
2025-10-13 10:24:06.083 16860-16860 FoodActivity            com.example.nutrisaur11              D  Set lunch progress text to: 0 / 974 kcal
2025-10-13 10:24:06.083 16860-16860 FoodActivity            com.example.nutrisaur11              D  Direct update Dinner: 0 / 835 kcal (from 0 foods)
2025-10-13 10:24:06.083 16860-16860 FoodActivity            com.example.nutrisaur11              D  Set dinner progress text to: 0 / 835 kcal
2025-10-13 10:24:06.083 16860-16860 FoodActivity            com.example.nutrisaur11              D  Direct update Snacks: 0 / 278 kcal (from 0 foods)
2025-10-13 10:24:06.083 16860-16860 FoodActivity            com.example.nutrisaur11              D  Set snacks progress text to: 0 / 278 kcal
2025-10-13 10:24:06.083 16860-16860 FoodActivity            com.example.nutrisaur11              D  Updating macronutrient data directly
2025-10-13 10:24:06.086 16860-16860 FoodActivity            com.example.nutrisaur11              D  FoodActivity Available database fields: [birthday, is_pregnant, muac_category, notes, weight_kg, nutritional_risk, height_cm, sex, municipality, muac_cm, screening_date, bmi_category, name, barangay, email, age, bmi, status]
2025-10-13 10:24:06.086 16860-16860 FoodActivity            com.example.nutrisaur11              D  Calculated age from birthday '2005-10-10': 20
2025-10-13 10:24:06.086 16860-16860 FoodActivity            com.example.nutrisaur11              D  FoodActivity Weight field lookup - weight_kg: '50', weight: 'null', final: '50'
2025-10-13 10:24:06.086 16860-16860 FoodActivity            com.example.nutrisaur11              D  FoodActivity: Set weight from database: 50
2025-10-13 10:24:06.086 16860-16860 FoodActivity            com.example.nutrisaur11              D  FoodActivity Height field lookup - height_cm: '171', height: 'null', final: '171'
2025-10-13 10:24:06.086 16860-16860 FoodActivity            com.example.nutrisaur11              D  FoodActivity: Set height from database: 171
2025-10-13 10:24:06.086 16860-16860 FoodActivity            com.example.nutrisaur11              D  Created user profile from database data: Pingol , Kevin C. (Age: 20, Weight: 50.0, Height: 171.0, Gender: Male, Activity: Moderate)
2025-10-13 10:24:06.086 16860-16860 CalorieCal...ionService com.example.nutrisaur11              D  Calculated BMR: 1473.75 for Pingol , Kevin C.
2025-10-13 10:24:06.086 16860-16860 CalorieCal...ionService com.example.nutrisaur11              D  Calculated TDEE: 2284.3125 (BMR: 1473.75 × Activity: 1.55)
2025-10-13 10:24:06.086 16860-16860 CalorieCal...ionService com.example.nutrisaur11              D  Calculated daily calorie target: 2784 (TDEE: 2284.3125 + Adjustment: 500.0)
2025-10-13 10:24:06.086 16860-16860 FoodActivity            com.example.nutrisaur11              D  Calculated macro targets - Protein: 153, Carbs: 375, Fat: 74
2025-10-13 10:24:06.086 16860-16860 FoodActivity            com.example.nutrisaur11              D  Macro Update:
2025-10-13 10:24:06.086 16860-16860 FoodActivity            com.example.nutrisaur11              D    Protein: 133/153 (eaten: 20)
2025-10-13 10:24:06.086 16860-16860 FoodActivity            com.example.nutrisaur11              D    Carbs: 355/375 (eaten: 20)
2025-10-13 10:24:06.086 16860-16860 FoodActivity            com.example.nutrisaur11              D    Fat: 54/74 (eaten: 20)
2025-10-13 10:24:06.087 16860-16860 FoodActivity            com.example.nutrisaur11              D  Nutrition UI refreshed with updated AI data
2025-10-13 10:24:06.200 16860-16860 SessionManager          com.example.nutrisaur11              D  User interaction recorded at: 1760322246200
2025-10-13 10:24:06.285 16860-16860 CalorieTracker          com.example.nutrisaur11              D  Saved current day data to history for date: 2025-10-13
2025-10-13 10:24:06.286 16860-16860 FoodActivity            com.example.nutrisaur11              D  Saved current day data to history
2025-10-13 10:24:06.287 16860-16860 FoodActivity            com.example.nutrisaur11              D  Date display updated to: 2025-10-12
2025-10-13 10:24:06.287 16860-16860 FoodActivity            com.example.nutrisaur11              D  Loading nutrition data for selected date: 2025-10-12
2025-10-13 10:24:06.287 16860-16860 FoodActivity            com.example.nutrisaur11              D  Navigated to previous day: 2025-10-12
2025-10-13 10:24:06.287 16860-16860 FoodActivity            com.example.nutrisaur11              D  Syncing food history for new date: 2025-10-12
2025-10-13 10:24:06.287 16860-16860 FoodActivity            com.example.nutrisaur11              D  === SYNCING FOOD HISTORY FROM DATABASE ===
2025-10-13 10:24:06.288 16860-16860 FoodActivity            com.example.nutrisaur11              D  Sync Debug - User email: 'kevinpingol123@gmail.com'
2025-10-13 10:24:06.288 16860-16860 FoodActivity            com.example.nutrisaur11              D  Sync Debug - Current date: '2025-10-12'
2025-10-13 10:24:06.288 16860-16860 FoodActivity            com.example.nutrisaur11              D  Sync Debug - Viewing historical date: 2025-10-12 (today is: 2025-10-13)
2025-10-13 10:24:06.288 16860-16860 FoodActivity            com.example.nutrisaur11              D  Sync Debug - About to create ApiClient and call downloadFoodHistory
2025-10-13 10:24:06.288 16860-16860 FoodActivity            com.example.nutrisaur11              D  Syncing food history for user: kevinpingol123@gmail.com on date: 2025-10-12
2025-10-13 10:24:06.288 16860-16860 ApiClient               com.example.nutrisaur11              D  === DOWNLOAD FOOD HISTORY CALLED ===
2025-10-13 10:24:06.288 16860-16860 ApiClient               com.example.nutrisaur11              D  User: kevinpingol123@gmail.com, Start: 2025-10-12, End: 2025-10-12
2025-10-13 10:24:06.290 16860-16860 FoodHistorySyncManager  com.example.nutrisaur11              D  Syncing flag metadata for user: kevinpingol123@gmail.com
2025-10-13 10:24:06.293 16860-16875 OpenGLRenderer          com.example.nutrisaur11              I  Davey! duration=9223355072329ms; Flags=0, FrameTimelineVsyncId=630477, IntendedVsync=16964525169206, Vsync=16964525169206, InputEventId=459040439, HandleInputStart=16964526830193, AnimationStart=16964526835193, PerformTraversalsStart=16964526838474, DrawStart=16964526984203, FrameDeadline=16964541835872, FrameInterval=16964526799932, FrameStartTime=16666666, SyncQueued=16964531369776, SyncStart=16964531930818, IssueDrawCommandsStart=16964532443370, SwapBuffers=16964535009672, FrameCompleted=9223372036854775807, DequeueBufferDuration=32552, QueueBufferDuration=1704635, GpuCompleted=9223372036854775807, SwapBuffersCompleted=16964537581130, DisplayPresentTime=0, 
2025-10-13 10:24:06.295 16860-17509 ApiClient               com.example.nutrisaur11              D  Download URL: https://nutrisaur-production.up.railway.app/api/food_history_api.php?action=get_user_history&user_email=kevinpingol123@gmail.com&start_date=2025-10-12&end_date=2025-10-12
2025-10-13 10:24:06.311 16860-16875 OpenGLRenderer          com.example.nutrisaur11              I  Davey! duration=9223355072312ms; Flags=0, FrameTimelineVsyncId=630479, IntendedVsync=16964541833452, Vsync=16964541833452, InputEventId=0, HandleInputStart=16964545517432, AnimationStart=16964545521703, PerformTraversalsStart=16964545659984, DrawStart=16964550120974, FrameDeadline=16964575166784, FrameInterval=16964545494203, FrameStartTime=16666666, SyncQueued=16964551494984, SyncStart=16964551664724, IssueDrawCommandsStart=16964552081755, SwapBuffers=16964554643161, FrameCompleted=9223372036854775807, DequeueBufferDuration=35938, QueueBufferDuration=1515156, GpuCompleted=9223372036854775807, SwapBuffersCompleted=16964556967016, DisplayPresentTime=0, 
2025-10-13 10:24:06.362 16860-16860 FoodActivity            com.example.nutrisaur11              D  Flagging Analysis - Level: none, Day Flagged: false, Flagged Meals: [], Flagged Foods: 0
2025-10-13 10:24:06.362 16860-16860 FoodActivity            com.example.nutrisaur11              D  Loading historical nutrition data for: 2025-10-12
2025-10-13 10:24:06.367 16860-16860 CalorieTracker          com.example.nutrisaur11              D  Syncing with 0 added foods for date: 2025-10-12
2025-10-13 10:24:06.367 16860-16860 CalorieTracker          com.example.nutrisaur11              D    Daily foods: 0
2025-10-13 10:24:06.367 16860-16860 CalorieTracker          com.example.nutrisaur11              D  Available database fields: [birthday, is_pregnant, muac_category, notes, weight_kg, nutritional_risk, height_cm, sex, municipality, muac_cm, screening_date, bmi_category, name, barangay, email, age, bmi, status]
2025-10-13 10:24:06.368 16860-16860 CalorieTracker          com.example.nutrisaur11              D  Calculated age from birthday '2005-10-10': 20
2025-10-13 10:24:06.368 16860-16860 CalorieTracker          com.example.nutrisaur11              D  Weight field lookup - weight_kg: '50', weight: 'null', final: '50'
2025-10-13 10:24:06.368 16860-16860 CalorieTracker          com.example.nutrisaur11              D  Set weight from database: 50
2025-10-13 10:24:06.368 16860-16860 CalorieTracker          com.example.nutrisaur11              D  Height field lookup - height_cm: '171', height: 'null', final: '171'
2025-10-13 10:24:06.368 16860-16860 CalorieTracker          com.example.nutrisaur11              D  Set height from database: 171
2025-10-13 10:24:06.368 16860-16860 CalorieTracker          com.example.nutrisaur11              D  Created user profile from database data: Pingol , Kevin C. (Age: 20, Weight: 50.0, Height: 171.0, Gender: Male, Activity: Moderate)
2025-10-13 10:24:06.368 16860-16860 CalorieTracker          com.example.nutrisaur11              D  Using user profile from database data
2025-10-13 10:24:06.369 16860-16860 KcalSuggestionCache     com.example.nutrisaur11              D  User profile changed, cache invalid
2025-10-13 10:24:06.369 16860-16860 CalorieTracker          com.example.nutrisaur11              D  No valid AI cache found, using fallback calculation...
2025-10-13 10:24:06.369 16860-16860 CalorieCal...ionService com.example.nutrisaur11              D  Calculated BMR: 1473.75 for Pingol , Kevin C.
2025-10-13 10:24:06.369 16860-16860 CalorieCal...ionService com.example.nutrisaur11              D  Calculated TDEE: 2284.3125 (BMR: 1473.75 × Activity: 1.55)
2025-10-13 10:24:06.369 16860-16860 CalorieCal...ionService com.example.nutrisaur11              D  Calculated daily calorie target: 2784 (TDEE: 2284.3125 + Adjustment: 500.0)
2025-10-13 10:24:06.369 16860-16860 CalorieTracker          com.example.nutrisaur11              D  Using fallback calculation (AI will update cache): 2784
2025-10-13 10:24:06.370 16860-16860 CalorieTracker          com.example.nutrisaur11              D  Using AI-calculated daily calorie target: 2784
2025-10-13 10:24:06.370 16860-16860 CalorieCal...ionService com.example.nutrisaur11              D  Calculated meal distribution: Breakfast=696, Lunch=974, Dinner=835, Snacks=278
2025-10-13 10:24:06.370 16860-16860 CalorieTracker          com.example.nutrisaur11              D  Calculated meal distribution: Breakfast=696, Lunch=974, Dinner=835, Snacks=278
2025-10-13 10:24:06.370 16860-16860 CalorieTracker          com.example.nutrisaur11              D  Calculated meal distribution: {Breakfast=696, Dinner=835, Snacks=278, Lunch=974}
2025-10-13 10:24:06.374 16860-17515 NutritionService        com.example.nutrisaur11              D  Starting nutrition recommendations...
2025-10-13 10:24:06.374 16860-17515 NutritionService        com.example.nutrisaur11              D  Getting user profile from SharedPreferences...
2025-10-13 10:24:06.374 16860-16860 CalorieTracker          com.example.nutrisaur11              D  Synced CalorieTracker with AddedFoodManager for date 2025-10-12. Total meals: 0
2025-10-13 10:24:06.374 16860-17515 NutritionService        com.example.nutrisaur11              D  User data: name=, age=25, weight=70.0, height=170.0
2025-10-13 10:24:06.374 16860-17515 NutritionService        com.example.nutrisaur11              D  User profile loaded: , BMI: 24.221453287197235
2025-10-13 10:24:06.375 16860-17515 KcalSuggestionCache     com.example.nutrisaur11              D  Cached kcal suggestion is valid
2025-10-13 10:24:06.375 16860-17515 NutritionService        com.example.nutrisaur11              D  Using cached kcal suggestion - user profile unchanged
2025-10-13 10:24:06.376 16860-17033 NutritionService        com.example.nutrisaur11              D  Starting nutrition recommendations with database user data...
2025-10-13 10:24:06.376 16860-16860 FoodHistorySyncManager  com.example.nutrisaur11              D  Flag metadata synced successfully
2025-10-13 10:24:06.376 16860-17033 NutritionService        com.example.nutrisaur11              D  Creating user profile from community_users table data...
2025-10-13 10:24:06.377 16860-17515 KcalSuggestionCache     com.example.nutrisaur11              D  Successfully loaded cached kcal suggestion
2025-10-13 10:24:06.377 16860-17515 CalorieTracker          com.example.nutrisaur11              D  Background AI calculation completed: 2545
2025-10-13 10:24:06.378 16860-17033 NutritionService        com.example.nutrisaur11              D  Calculated age from birthday '2005-10-10': 20
2025-10-13 10:24:06.378 16860-17033 NutritionService        com.example.nutrisaur11              D  Database user data: name=Pingol , Kevin C., age=20, weight=50.0, height=171.0, gender=Male
2025-10-13 10:24:06.378 16860-17033 NutritionService        com.example.nutrisaur11              D  User profile created from database: Pingol , Kevin C., BMI: 17.09927841045108
2025-10-13 10:24:06.379 16860-17033 KcalSuggestionCache     com.example.nutrisaur11              D  User profile changed, cache invalid
2025-10-13 10:24:06.379 16860-17033 NutritionService        com.example.nutrisaur11              D  User profile changed or cache expired - calculating new nutrition data...
2025-10-13 10:24:06.379 16860-17033 NutritionService        com.example.nutrisaur11              D  Calculating nutrition data for user: Pingol , Kevin C.
2025-10-13 10:24:06.379 16860-17033 CalorieCal...ionService com.example.nutrisaur11              D  Calculated BMR: 1473.75 for Pingol , Kevin C.
2025-10-13 10:24:06.379 16860-17033 CalorieCal...ionService com.example.nutrisaur11              D  Calculated TDEE: 2284.3125 (BMR: 1473.75 × Activity: 1.55)
2025-10-13 10:24:06.380 16860-17033 CalorieCal...ionService com.example.nutrisaur11              D  Calculated daily calorie target: 2784 (TDEE: 2284.3125 + Adjustment: 500.0)
2025-10-13 10:24:06.380 16860-17033 CalorieCal...ionService com.example.nutrisaur11              D  Calculated protein target: 110.00000000000001g (2.2g/kg)
2025-10-13 10:24:06.380 16860-17033 CalorieCal...ionService com.example.nutrisaur11              D  Calculated fat target: 92.8g (30% of 2784 calories)
2025-10-13 10:24:06.380 16860-17033 CalorieCal...ionService com.example.nutrisaur11              D  Calculated carb target: 377.20000000000005g
2025-10-13 10:24:06.380 16860-17033 CalorieCal...ionService com.example.nutrisaur11              D  Calculated meal distribution: Breakfast=696, Lunch=974, Dinner=835, Snacks=278
2025-10-13 10:24:06.380 16860-17033 NutritionService        com.example.nutrisaur11              D  Calculated nutrition data: 2784 calories, 110.00000000000001g protein, 377.20000000000005g carbs, 92.8g fat
2025-10-13 10:24:06.384 16860-17033 KcalSuggestionCache     com.example.nutrisaur11              D  Successfully cached kcal suggestion for user profile hash: 1159270992
2025-10-13 10:24:06.384 16860-17033 NutritionService        com.example.nutrisaur11              D  Cached new kcal suggestion for updated user profile
2025-10-13 10:24:06.384 16860-16860 FoodActivity            com.example.nutrisaur11              D  Updating historical nutrition UI with data for 2025-10-12
2025-10-13 10:24:06.393 16860-16860 FoodActivity            com.example.nutrisaur11              D  Historical meal progress updated for 2025-10-12
2025-10-13 10:24:06.393 16860-16860 FoodActivity            com.example.nutrisaur11              D  Updating meal progress texts with direct AddedFoodManager data
2025-10-13 10:24:06.397 16860-16860 FoodActivity            com.example.nutrisaur11              D  FoodActivity Available database fields: [birthday, is_pregnant, muac_category, notes, weight_kg, nutritional_risk, height_cm, sex, municipality, muac_cm, screening_date, bmi_category, name, barangay, email, age, bmi, status]
2025-10-13 10:24:06.398 16860-16860 FoodActivity            com.example.nutrisaur11              D  Calculated age from birthday '2005-10-10': 20
2025-10-13 10:24:06.398 16860-16860 FoodActivity            com.example.nutrisaur11              D  FoodActivity Weight field lookup - weight_kg: '50', weight: 'null', final: '50'
2025-10-13 10:24:06.398 16860-16860 FoodActivity            com.example.nutrisaur11              D  FoodActivity: Set weight from database: 50
2025-10-13 10:24:06.398 16860-16860 FoodActivity            com.example.nutrisaur11              D  FoodActivity Height field lookup - height_cm: '171', height: 'null', final: '171'
2025-10-13 10:24:06.399 16860-16860 FoodActivity            com.example.nutrisaur11              D  FoodActivity: Set height from database: 171
2025-10-13 10:24:06.399 16860-16860 FoodActivity            com.example.nutrisaur11              D  Created user profile from database data: Pingol , Kevin C. (Age: 20, Weight: 50.0, Height: 171.0, Gender: Male, Activity: Moderate)
2025-10-13 10:24:06.399 16860-16860 KcalSuggestionCache     com.example.nutrisaur11              D  User profile changed, cache invalid
2025-10-13 10:24:06.399 16860-16860 FoodActivity            com.example.nutrisaur11              D  No valid AI cache found, using fallback calculation...
2025-10-13 10:24:06.399 16860-16860 CalorieCal...ionService com.example.nutrisaur11              D  Calculated BMR: 1473.75 for Pingol , Kevin C.
2025-10-13 10:24:06.400 16860-16860 CalorieCal...ionService com.example.nutrisaur11              D  Calculated TDEE: 2284.3125 (BMR: 1473.75 × Activity: 1.55)
2025-10-13 10:24:06.400 16860-16860 CalorieCal...ionService com.example.nutrisaur11              D  Calculated daily calorie target: 2784 (TDEE: 2284.3125 + Adjustment: 500.0)
2025-10-13 10:24:06.400 16860-16860 FoodActivity            com.example.nutrisaur11              D  Using fallback calculation (AI will update cache): 2784
2025-10-13 10:24:06.400 16860-16860 FoodActivity            com.example.nutrisaur11              D  Starting background AI calculation...
2025-10-13 10:24:06.400 16860-16860 FoodActivity            com.example.nutrisaur11              D  Using AI-calculated total daily calories: 2784
2025-10-13 10:24:06.400 16860-16860 FoodActivity            com.example.nutrisaur11              D  FoodActivity Available database fields: [birthday, is_pregnant, muac_category, notes, weight_kg, nutritional_risk, height_cm, sex, municipality, muac_cm, screening_date, bmi_category, name, barangay, email, age, bmi, status]
2025-10-13 10:24:06.401 16860-16860 FoodActivity            com.example.nutrisaur11              D  Calculated age from birthday '2005-10-10': 20
2025-10-13 10:24:06.401 16860-16860 FoodActivity            com.example.nutrisaur11              D  FoodActivity Weight field lookup - weight_kg: '50', weight: 'null', final: '50'
2025-10-13 10:24:06.401 16860-16860 FoodActivity            com.example.nutrisaur11              D  FoodActivity: Set weight from database: 50
2025-10-13 10:24:06.401 16860-17033 NutritionService        com.example.nutrisaur11              D  Starting nutrition recommendations...
2025-10-13 10:24:06.401 16860-17033 NutritionService        com.example.nutrisaur11              D  Getting user profile from SharedPreferences...
2025-10-13 10:24:06.402 16860-17033 NutritionService        com.example.nutrisaur11              D  User data: name=, age=25, weight=70.0, height=170.0
2025-10-13 10:24:06.402 16860-17033 NutritionService        com.example.nutrisaur11              D  User profile loaded: , BMI: 24.221453287197235
2025-10-13 10:24:06.402 16860-16860 FoodActivity            com.example.nutrisaur11              D  FoodActivity Height field lookup - height_cm: '171', height: 'null', final: '171'
2025-10-13 10:24:06.402 16860-16860 FoodActivity            com.example.nutrisaur11              D  FoodActivity: Set height from database: 171
2025-10-13 10:24:06.402 16860-16860 FoodActivity            com.example.nutrisaur11              D  Created user profile from database data: Pingol , Kevin C. (Age: 20, Weight: 50.0, Height: 171.0, Gender: Male, Activity: Moderate)
2025-10-13 10:24:06.402 16860-16860 CalorieCal...ionService com.example.nutrisaur11              D  Calculated meal distribution: Breakfast=696, Lunch=974, Dinner=835, Snacks=278
2025-10-13 10:24:06.402 16860-17033 KcalSuggestionCache     com.example.nutrisaur11              D  User profile changed, cache invalid
2025-10-13 10:24:06.402 16860-16860 FoodActivity            com.example.nutrisaur11              D  Calculated meal distribution: Breakfast=696, Lunch=974, Dinner=835, Snacks=278
2025-10-13 10:24:06.402 16860-17033 NutritionService        com.example.nutrisaur11              D  User profile changed or cache expired - calculating new nutrition data...
2025-10-13 10:24:06.402 16860-16860 FoodActivity            com.example.nutrisaur11              D  Direct update Breakfast: 0 / 696 kcal (from 0 foods)
2025-10-13 10:24:06.403 16860-17033 NutritionService        com.example.nutrisaur11              D  Calculating nutrition data for user: 
2025-10-13 10:24:06.403 16860-17033 CalorieCal...ionService com.example.nutrisaur11              D  Calculated BMR: 1642.5 for 
2025-10-13 10:24:06.403 16860-17033 CalorieCal...ionService com.example.nutrisaur11              D  Calculated TDEE: 2545.875 (BMR: 1642.5 × Activity: 1.55)
2025-10-13 10:24:06.403 16860-17033 CalorieCal...ionService com.example.nutrisaur11              D  Calculated daily calorie target: 2545 (TDEE: 2545.875 + Adjustment: 0.0)
2025-10-13 10:24:06.403 16860-17033 CalorieCal...ionService com.example.nutrisaur11              D  Calculated protein target: 112.0g (1.6g/kg)
2025-10-13 10:24:06.403 16860-16860 FoodActivity            com.example.nutrisaur11              D  Set breakfast progress text to: 0 / 696 kcal
2025-10-13 10:24:06.403 16860-17033 CalorieCal...ionService com.example.nutrisaur11              D  Calculated fat target: 84.83333333333333g (30% of 2545 calories)
2025-10-13 10:24:06.403 16860-16860 FoodActivity            com.example.nutrisaur11              D  Direct update Lunch: 0 / 974 kcal (from 0 foods)
2025-10-13 10:24:06.403 16860-17033 CalorieCal...ionService com.example.nutrisaur11              D  Calculated carb target: 333.375g
2025-10-13 10:24:06.403 16860-17033 CalorieCal...ionService com.example.nutrisaur11              D  Calculated meal distribution: Breakfast=636, Lunch=890, Dinner=763, Snacks=254
2025-10-13 10:24:06.404 16860-16860 FoodActivity            com.example.nutrisaur11              D  Set lunch progress text to: 0 / 974 kcal
2025-10-13 10:24:06.404 16860-16860 FoodActivity            com.example.nutrisaur11              D  Direct update Dinner: 0 / 835 kcal (from 0 foods)
2025-10-13 10:24:06.404 16860-17033 NutritionService        com.example.nutrisaur11              D  Calculated nutrition data: 2545 calories, 112.0g protein, 333.375g carbs, 84.83333333333333g fat
2025-10-13 10:24:06.404 16860-16860 FoodActivity            com.example.nutrisaur11              D  Set dinner progress text to: 0 / 835 kcal
2025-10-13 10:24:06.404 16860-16860 FoodActivity            com.example.nutrisaur11              D  Direct update Snacks: 0 / 278 kcal (from 0 foods)
2025-10-13 10:24:06.405 16860-16860 FoodActivity            com.example.nutrisaur11              D  Set snacks progress text to: 0 / 278 kcal
2025-10-13 10:24:06.405 16860-17033 KcalSuggestionCache     com.example.nutrisaur11              D  Successfully cached kcal suggestion for user profile hash: 652952617
2025-10-13 10:24:06.405 16860-17033 NutritionService        com.example.nutrisaur11              D  Cached new kcal suggestion for updated user profile
2025-10-13 10:24:06.405 16860-17033 FoodActivity            com.example.nutrisaur11              D  Background AI calculation completed: 2545
2025-10-13 10:24:06.409 16860-16860 FoodActivity            com.example.nutrisaur11              D  Macronutrients remaining - Protein: 110/110, Carbs: 377/377, Fat: 92/92
2025-10-13 10:24:06.410 16860-16860 FoodActivity            com.example.nutrisaur11              D  Historical nutrition data loaded successfully for 2025-10-12
2025-10-13 10:24:06.421 16860-16860 FoodActivity            com.example.nutrisaur11              D  Refreshing nutrition UI with updated AI data...
2025-10-13 10:24:06.421 16860-16860 FoodActivity            com.example.nutrisaur11              D  Updating kcal goal circle directly
2025-10-13 10:24:06.423 16860-16860 FoodActivity            com.example.nutrisaur11              D  Total eaten calories for circle update: 0
2025-10-13 10:24:06.423 16860-16860 FoodActivity            com.example.nutrisaur11              D  FoodActivity Available database fields: [birthday, is_pregnant, muac_category, notes, weight_kg, nutritional_risk, height_cm, sex, municipality, muac_cm, screening_date, bmi_category, name, barangay, email, age, bmi, status]
2025-10-13 10:24:06.424 16860-16860 FoodActivity            com.example.nutrisaur11              D  Calculated age from birthday '2005-10-10': 20
2025-10-13 10:24:06.424 16860-16860 FoodActivity            com.example.nutrisaur11              D  FoodActivity Weight field lookup - weight_kg: '50', weight: 'null', final: '50'
2025-10-13 10:24:06.424 16860-16860 FoodActivity            com.example.nutrisaur11              D  FoodActivity: Set weight from database: 50
2025-10-13 10:24:06.424 16860-16860 FoodActivity            com.example.nutrisaur11              D  FoodActivity Height field lookup - height_cm: '171', height: 'null', final: '171'
2025-10-13 10:24:06.424 16860-16860 FoodActivity            com.example.nutrisaur11              D  FoodActivity: Set height from database: 171
2025-10-13 10:24:06.424 16860-16860 FoodActivity            com.example.nutrisaur11              D  Created user profile from database data: Pingol , Kevin C. (Age: 20, Weight: 50.0, Height: 171.0, Gender: Male, Activity: Moderate)
2025-10-13 10:24:06.424 16860-16860 CalorieCal...ionService com.example.nutrisaur11              D  Calculated BMR: 1473.75 for Pingol , Kevin C.
2025-10-13 10:24:06.424 16860-16860 CalorieCal...ionService com.example.nutrisaur11              D  Calculated TDEE: 2284.3125 (BMR: 1473.75 × Activity: 1.55)
2025-10-13 10:24:06.424 16860-16860 CalorieCal...ionService com.example.nutrisaur11              D  Calculated daily calorie target: 2784 (TDEE: 2284.3125 + Adjustment: 500.0)
2025-10-13 10:24:06.424 16860-16860 FoodActivity            com.example.nutrisaur11              D  Calculated daily calorie target: 2784
2025-10-13 10:24:06.424 16860-16860 FoodActivity            com.example.nutrisaur11              D  Kcal Goal Circle Update:
2025-10-13 10:24:06.424 16860-16860 FoodActivity            com.example.nutrisaur11              D    Total Daily Calories: 2784
2025-10-13 10:24:06.424 16860-16860 FoodActivity            com.example.nutrisaur11              D    Total Eaten Calories: 0
2025-10-13 10:24:06.424 16860-16860 FoodActivity            com.example.nutrisaur11              D    Calories Left: 2784
2025-10-13 10:24:06.424 16860-16860 FoodActivity            com.example.nutrisaur11              D    Progress Percent: 0.0%
2025-10-13 10:24:06.425 16860-16860 FoodActivity            com.example.nutrisaur11              D  Updating macronutrient data directly
2025-10-13 10:24:06.429 16860-16860 FoodActivity            com.example.nutrisaur11              D  FoodActivity Available database fields: [birthday, is_pregnant, muac_category, notes, weight_kg, nutritional_risk, height_cm, sex, municipality, muac_cm, screening_date, bmi_category, name, barangay, email, age, bmi, status]
2025-10-13 10:24:06.429 16860-16860 FoodActivity            com.example.nutrisaur11              D  Calculated age from birthday '2005-10-10': 20
2025-10-13 10:24:06.429 16860-16860 FoodActivity            com.example.nutrisaur11              D  FoodActivity Weight field lookup - weight_kg: '50', weight: 'null', final: '50'
2025-10-13 10:24:06.430 16860-16860 FoodActivity            com.example.nutrisaur11              D  FoodActivity: Set weight from database: 50
2025-10-13 10:24:06.430 16860-16860 FoodActivity            com.example.nutrisaur11              D  FoodActivity Height field lookup - height_cm: '171', height: 'null', final: '171'
2025-10-13 10:24:06.430 16860-16860 FoodActivity            com.example.nutrisaur11              D  FoodActivity: Set height from database: 171
2025-10-13 10:24:06.430 16860-16860 FoodActivity            com.example.nutrisaur11              D  Created user profile from database data: Pingol , Kevin C. (Age: 20, Weight: 50.0, Height: 171.0, Gender: Male, Activity: Moderate)
2025-10-13 10:24:06.430 16860-16860 CalorieCal...ionService com.example.nutrisaur11              D  Calculated BMR: 1473.75 for Pingol , Kevin C.
2025-10-13 10:24:06.431 16860-16860 CalorieCal...ionService com.example.nutrisaur11              D  Calculated TDEE: 2284.3125 (BMR: 1473.75 × Activity: 1.55)
2025-10-13 10:24:06.431 16860-16860 CalorieCal...ionService com.example.nutrisaur11              D  Calculated daily calorie target: 2784 (TDEE: 2284.3125 + Adjustment: 500.0)
2025-10-13 10:24:06.431 16860-16860 FoodActivity            com.example.nutrisaur11              D  Calculated macro targets - Protein: 153, Carbs: 375, Fat: 74
2025-10-13 10:24:06.431 16860-16860 FoodActivity            com.example.nutrisaur11              D  Macro Update:
2025-10-13 10:24:06.431 16860-16860 FoodActivity            com.example.nutrisaur11              D    Protein: 153/153 (eaten: 0)
2025-10-13 10:24:06.431 16860-16860 FoodActivity            com.example.nutrisaur11              D    Carbs: 375/375 (eaten: 0)
2025-10-13 10:24:06.431 16860-16860 FoodActivity            com.example.nutrisaur11              D    Fat: 74/74 (eaten: 0)
2025-10-13 10:24:06.433 16860-16860 FoodActivity            com.example.nutrisaur11              D  Updating meal progress texts with direct AddedFoodManager data
2025-10-13 10:24:06.436 16860-16860 FoodActivity            com.example.nutrisaur11              D  FoodActivity Available database fields: [birthday, is_pregnant, muac_category, notes, weight_kg, nutritional_risk, height_cm, sex, municipality, muac_cm, screening_date, bmi_category, name, barangay, email, age, bmi, status]
2025-10-13 10:24:06.437 16860-16860 FoodActivity            com.example.nutrisaur11              D  Calculated age from birthday '2005-10-10': 20
2025-10-13 10:24:06.437 16860-16860 FoodActivity            com.example.nutrisaur11              D  FoodActivity Weight field lookup - weight_kg: '50', weight: 'null', final: '50'
2025-10-13 10:24:06.437 16860-16860 FoodActivity            com.example.nutrisaur11              D  FoodActivity: Set weight from database: 50
2025-10-13 10:24:06.437 16860-16860 FoodActivity            com.example.nutrisaur11              D  FoodActivity Height field lookup - height_cm: '171', height: 'null', final: '171'
2025-10-13 10:24:06.437 16860-16860 FoodActivity            com.example.nutrisaur11              D  FoodActivity: Set height from database: 171
2025-10-13 10:24:06.437 16860-16860 FoodActivity            com.example.nutrisaur11              D  Created user profile from database data: Pingol , Kevin C. (Age: 20, Weight: 50.0, Height: 171.0, Gender: Male, Activity: Moderate)
2025-10-13 10:24:06.438 16860-16860 KcalSuggestionCache     com.example.nutrisaur11              D  User profile changed, cache invalid
2025-10-13 10:24:06.438 16860-16860 FoodActivity            com.example.nutrisaur11              D  No valid AI cache found, using fallback calculation...
2025-10-13 10:24:06.438 16860-16860 CalorieCal...ionService com.example.nutrisaur11              D  Calculated BMR: 1473.75 for Pingol , Kevin C.
2025-10-13 10:24:06.438 16860-16860 CalorieCal...ionService com.example.nutrisaur11              D  Calculated TDEE: 2284.3125 (BMR: 1473.75 × Activity: 1.55)
2025-10-13 10:24:06.438 16860-16860 CalorieCal...ionService com.example.nutrisaur11              D  Calculated daily calorie target: 2784 (TDEE: 2284.3125 + Adjustment: 500.0)
2025-10-13 10:24:06.438 16860-16860 FoodActivity            com.example.nutrisaur11              D  Using fallback calculation (AI will update cache): 2784
2025-10-13 10:24:06.438 16860-16860 FoodActivity            com.example.nutrisaur11              D  AI calculation already in progress, skipping...
2025-10-13 10:24:06.438 16860-16860 FoodActivity            com.example.nutrisaur11              D  Using AI-calculated total daily calories: 2784
