2025-09-14 20:35:53.132 28549-28662 NutritionService        com.example.nutrisaur11              D  Creating user profile from community_users table data...
2025-09-14 20:35:53.132 28549-28662 NutritionService        com.example.nutrisaur11              W  No birthday provided, using default age: 25
2025-09-14 20:35:53.132 28549-28662 NutritionService        com.example.nutrisaur11              W  Weight is 0 or invalid, using default: 70
2025-09-14 20:35:53.132 28549-28662 NutritionService        com.example.nutrisaur11              W  Height is 0 or invalid, using default: 170
2025-09-14 20:35:53.133 28549-28662 NutritionService        com.example.nutrisaur11              D  Database user data: name=hdhdh, age=25, weight=70.0, height=170.0, gender=Not specified
2025-09-14 20:35:53.133 28549-28662 NutritionService        com.example.nutrisaur11              D  User profile created from database: hdhdh, BMI: 24.221453287197235
2025-09-14 20:35:53.134 28549-28662 KcalSuggestionCache     com.example.nutrisaur11              D  Cached kcal suggestion is valid
2025-09-14 20:35:53.134 28549-28662 NutritionService        com.example.nutrisaur11              D  Using cached kcal suggestion - user profile unchanged
2025-09-14 20:35:53.135 28549-28662 KcalSuggestionCache     com.example.nutrisaur11              D  Successfully loaded cached kcal suggestion
2025-09-14 20:35:53.144 28549-28549 FoodActivity            com.example.nutrisaur11              D  Updating nutrition UI with data
2025-09-14 20:35:53.149 28549-28549 CalorieTracker          com.example.nutrisaur11              D  Syncing with 0 added foods
2025-09-14 20:35:53.149 28549-28588 gralloc4                com.example.nutrisaur11              I  @set_metadata: update dataspace from GM (0x00000000 -> 0x08010000)
2025-09-14 20:35:53.161 28549-28549 CalorieTracker          com.example.nutrisaur11              D  Synced CalorieTracker with AddedFoodManager. Total meals: 0
2025-09-14 20:35:53.178 28549-28549 FoodActivity            com.example.nutrisaur11              D  === CALORIE UPDATE ===
2025-09-14 20:35:53.178 28549-28549 FoodActivity            com.example.nutrisaur11              D  Total Daily Calories: 2288
2025-09-14 20:35:53.178 28549-28549 FoodActivity            com.example.nutrisaur11              D  Total Eaten Calories: 0
2025-09-14 20:35:53.178 28549-28549 FoodActivity            com.example.nutrisaur11              D  Calories Left: 2288
2025-09-14 20:35:53.178 28549-28549 FoodActivity            com.example.nutrisaur11              D  Calories Burned: 0
2025-09-14 20:35:53.179 28549-28549 FoodActivity            com.example.nutrisaur11              D  Calorie data updated and saved to SharedPreferences
2025-09-14 20:35:53.189 28549-28549 FoodActivity            com.example.nutrisaur11              D  Macronutrients remaining - Protein: 112/112, Carbs: 288/288, Fat: 76/76
2025-09-14 20:35:53.190 28549-28549 FoodActivity            com.example.nutrisaur11              D  Walking Calories: 0
2025-09-14 20:35:53.190 28549-28549 FoodActivity            com.example.nutrisaur11              D  Activity Calories: 0
2025-09-14 20:35:53.196 28549-28549 FoodActivity            com.example.nutrisaur11              D  Meal progress updated with CalorieTracker data
2025-09-14 20:35:53.196 28549-28549 FoodActivity            com.example.nutrisaur11              D  Meal distribution stored
2025-09-14 20:35:53.196 28549-28549 FoodActivity            com.example.nutrisaur11              D  Nutrition data loaded successfully with database user data
2025-09-14 20:35:53.213 28549-28588 gralloc4                com.example.nutrisaur11              I  @set_metadata: update dataspace from GM (0x00000000 -> 0x08010000)
2025-09-14 20:35:53.221 28549-28588 gralloc4                com.example.nutrisaur11              I  @set_metadata: update dataspace from GM (0x00000000 -> 0x08010000)
2025-09-14 20:35:53.228 28549-28588 gralloc4                com.example.nutrisaur11              I  @set_metadata: update dataspace from GM (0x00000000 -> 0x08010000)
2025-09-14 20:35:53.238 28549-28588 gralloc4                com.example.nutrisaur11              I  @set_metadata: update dataspace from GM (0x00000000 -> 0x08010000)
2025-09-14 20:35:53.248 28549-28588 gralloc4                com.example.nutrisaur11              I  @set_metadata: update dataspace from GM (0x00000000 -> 0x08010000)
2025-09-14 20:35:53.259 28549-28588 gralloc4                com.example.nutrisaur11              I  @set_metadata: update dataspace from GM (0x00000000 -> 0x08010000)
2025-09-14 20:35:53.269 28549-28588 gralloc4                com.example.nutrisaur11              I  @set_metadata: update dataspace from GM (0x00000000 -> 0x08010000)
2025-09-14 20:35:53.280 28549-28588 gralloc4                com.example.nutrisaur11              I  @set_metadata: update dataspace from GM (0x00000000 -> 0x08010000)
2025-09-14 20:35:53.292 28549-28588 gralloc4                com.example.nutrisaur11              I  @set_metadata: update dataspace from GM (0x00000000 -> 0x08010000)
2025-09-14 20:35:53.303 28549-28588 gralloc4                com.example.nutrisaur11              I  @set_metadata: update dataspace from GM (0x00000000 -> 0x08010000)
2025-09-14 20:35:53.314 28549-28588 gralloc4                com.example.nutrisaur11              I  @set_metadata: update dataspace from GM (0x00000000 -> 0x08010000)
2025-09-14 20:35:53.325 28549-28588 gralloc4                com.example.nutrisaur11              I  @set_metadata: update dataspace from GM (0x00000000 -> 0x08010000)
2025-09-14 20:35:53.336 28549-28588 gralloc4                com.example.nutrisaur11              I  @set_metadata: update dataspace from GM (0x00000000 -> 0x08010000)
2025-09-14 20:35:53.348 28549-28588 gralloc4                com.example.nutrisaur11              I  @set_metadata: update dataspace from GM (0x00000000 -> 0x08010000)
2025-09-14 20:35:53.358 28549-28588 gralloc4                com.example.nutrisaur11              I  @set_metadata: update dataspace from GM (0x00000000 -> 0x08010000)
2025-09-14 20:35:53.369 28549-28588 gralloc4                com.example.nutrisaur11              I  @set_metadata: update dataspace from GM (0x00000000 -> 0x08010000)
2025-09-14 20:35:53.380 28549-28588 gralloc4                com.example.nutrisaur11              I  @set_metadata: update dataspace from GM (0x00000000 -> 0x08010000)
2025-09-14 20:35:53.392 28549-28588 gralloc4                com.example.nutrisaur11              I  @set_metadata: update dataspace from GM (0x00000000 -> 0x08010000)
2025-09-14 20:35:53.403 28549-28588 gralloc4                com.example.nutrisaur11              I  @set_metadata: update dataspace from GM (0x00000000 -> 0x08010000)
2025-09-14 20:35:53.414 28549-28588 gralloc4                com.example.nutrisaur11              I  @set_metadata: update dataspace from GM (0x00000000 -> 0x08010000)
2025-09-14 20:35:53.426 28549-28588 gralloc4                com.example.nutrisaur11              I  @set_metadata: update dataspace from GM (0x00000000 -> 0x08010000)
2025-09-14 20:35:53.437 28549-28588 gralloc4                com.example.nutrisaur11              I  @set_metadata: update dataspace from GM (0x00000000 -> 0x08010000)
2025-09-14 20:35:53.447 28549-28588 gralloc4                com.example.nutrisaur11              I  @set_metadata: update dataspace from GM (0x00000000 -> 0x08010000)
2025-09-14 20:35:53.471 28549-28549 BLASTBufferQueue        com.example.nutrisaur11              D  [VRI[MainActivity]#0](f:0,a:1) destructor()
2025-09-14 20:35:53.471 28549-28549 BufferQueueConsumer     com.example.nutrisaur11              D  [VRI[MainActivity]#0(BLAST Consumer)0](id:6f8500000000,api:0,p:-1,c:28549) disconnect
2025-09-14 20:35:53.478 28549-28588 gralloc4                com.example.nutrisaur11              I  @set_metadata: update dataspace from GM (0x00000000 -> 0x08010000)
2025-09-14 20:35:53.495 28549-28549 WindowOnBackDispatcher  com.example.nutrisaur11              W  sendCancelIfRunning: isInProgress=falsecallback=android.view.ViewRootImpl$$ExternalSyntheticLambda23@4b652b3
2025-09-14 20:35:53.499 28549-28549 View                    com.example.nutrisaur11              D  [Warning] assignParent to null: this = DecorView@871e8ed[MainActivity]
2025-09-14 20:35:53.518 28549-28588 gralloc4                com.example.nutrisaur11              I  @set_metadata: update dataspace from GM (0x00000000 -> 0x08010000)
2025-09-14 20:35:53.531 28549-28588 gralloc4                com.example.nutrisaur11              I  @set_metadata: update dataspace from GM (0x00000000 -> 0x08010000)
2025-09-14 20:35:53.547 28549-28588 gralloc4                com.example.nutrisaur11              I  @set_metadata: update dataspace from GM (0x00000000 -> 0x08010000)
2025-09-14 20:35:53.565 28549-28588 gralloc4                com.example.nutrisaur11              I  @set_metadata: update dataspace from GM (0x00000000 -> 0x08010000)
2025-09-14 20:35:53.581 28549-28588 gralloc4                com.example.nutrisaur11              I  @set_metadata: update dataspace from GM (0x00000000 -> 0x08010000)
2025-09-14 20:35:53.596 28549-28588 gralloc4                com.example.nutrisaur11              I  @set_metadata: update dataspace from GM (0x00000000 -> 0x08010000)
2025-09-14 20:35:53.613 28549-28588 gralloc4                com.example.nutrisaur11              I  @set_metadata: update dataspace from GM (0x00000000 -> 0x08010000)
2025-09-14 20:35:53.630 28549-28588 gralloc4                com.example.nutrisaur11              I  @set_metadata: update dataspace from GM (0x00000000 -> 0x08010000)
2025-09-14 20:35:53.646 28549-28588 gralloc4                com.example.nutrisaur11              I  @set_metadata: update dataspace from GM (0x00000000 -> 0x08010000)
2025-09-14 20:35:53.663 28549-28588 gralloc4                com.example.nutrisaur11              I  @set_metadata: update dataspace from GM (0x00000000 -> 0x08010000)
2025-09-14 20:35:53.680 28549-28588 gralloc4                com.example.nutrisaur11              I  @set_metadata: update dataspace from GM (0x00000000 -> 0x08010000)
2025-09-14 20:35:53.697 28549-28588 gralloc4                com.example.nutrisaur11              I  @set_metadata: update dataspace from GM (0x00000000 -> 0x08010000)
2025-09-14 20:35:53.715 28549-28588 gralloc4                com.example.nutrisaur11              I  @set_metadata: update dataspace from GM (0x00000000 -> 0x08010000)
2025-09-14 20:35:53.729 28549-28588 gralloc4                com.example.nutrisaur11              I  @set_metadata: update dataspace from GM (0x00000000 -> 0x08010000)
2025-09-14 20:35:53.737 28549-28588 gralloc4                com.example.nutrisaur11              I  @set_metadata: update dataspace from GM (0x00000000 -> 0x08010000)
2025-09-14 20:35:53.753 28549-28588 gralloc4                com.example.nutrisaur11              I  @set_metadata: update dataspace from GM (0x00000000 -> 0x08010000)
2025-09-14 20:35:53.762 28549-28588 gralloc4                com.example.nutrisaur11              I  @set_metadata: update dataspace from GM (0x00000000 -> 0x08010000)
2025-09-14 20:35:53.782 28549-28588 gralloc4                com.example.nutrisaur11              I  @set_metadata: update dataspace from GM (0x00000000 -> 0x08010000)
2025-09-14 20:35:53.795 28549-28588 gralloc4                com.example.nutrisaur11              I  @set_metadata: update dataspace from GM (0x00000000 -> 0x08010000)
2025-09-14 20:35:53.812 28549-28588 gralloc4                com.example.nutrisaur11              I  @set_metadata: update dataspace from GM (0x00000000 -> 0x08010000)
2025-09-14 20:35:53.828 28549-28588 gralloc4                com.example.nutrisaur11              I  @set_metadata: update dataspace from GM (0x00000000 -> 0x08010000)
2025-09-14 20:35:53.845 28549-28588 gralloc4                com.example.nutrisaur11              I  @set_metadata: update dataspace from GM (0x00000000 -> 0x08010000)
2025-09-14 20:35:53.859  1178-1935  BufferQueueDebug        surfaceflinger                       E  [ActivityRecord{d3f5881 u0 com.example.nutrisaur11/.FavoritesActivity t818}#12234](this:0xb400007e9ae54a30,id:-1,api:0,p:-1,c:-1) id info cannot be read from 'ActivityRecord{d3f5881 u0 com.example.nutrisaur11/.FavoritesActivity t818}#12234'
2025-09-14 20:35:53.883 28549-28588 gralloc4                com.example.nutrisaur11              I  @set_metadata: update dataspace from GM (0x00000000 -> 0x08010000)
2025-09-14 20:35:53.903 28549-28588 gralloc4                com.example.nutrisaur11              I  @set_metadata: update dataspace from GM (0x00000000 -> 0x08010000)
2025-09-14 20:35:53.905 28549-28666 libMEOW                 com.example.nutrisaur11              D  meow new tls: 0xb400007017cc9080
2025-09-14 20:35:53.905 28549-28666 libMEOW                 com.example.nutrisaur11              D  applied 1 plugins for [com.example.nutrisaur11]:
2025-09-14 20:35:53.905 28549-28666 libMEOW                 com.example.nutrisaur11              D    plugin 1: [libMEOW_gift.so]: 0xb4000070766c5080
2025-09-14 20:35:53.906 28549-28666 libMEOW                 com.example.nutrisaur11              D  rebuild call chain: 0xb400007017cd8b80
2025-09-14 20:35:53.906 28549-28666 libMEOW                 com.example.nutrisaur11              D  meow delete tls: 0xb400007017cc9080
2025-09-14 20:35:53.918 28549-28549 DecorView[]             com.example.nutrisaur11              D  getWindowModeFromSystem  windowmode is 1
2025-09-14 20:35:53.924 28549-28549 ScrollerOp...ionManager com.example.nutrisaur11              D  registerConfigChangedListener
2025-09-14 20:35:53.948 28549-28588 libc                    com.example.nutrisaur11              W  Access denied finding property "ro.vendor.display.iris_x7.support"
2025-09-14 20:35:53.949 28549-28549 VRI[FavoritesActivity]  com.example.nutrisaur11              D  hardware acceleration = true, forceHwAccelerated = false
2025-09-14 20:35:53.950  1178-1934  BufferQueueDebug        surfaceflinger                       E  [ac7f5b2 com.example.nutrisaur11/com.example.nutrisaur11.FavoritesActivity#12235](this:0xb400007ea455aa30,id:-1,api:0,p:-1,c:-1) id info cannot be read from 'ac7f5b2 com.example.nutrisaur11/com.example.nutrisaur11.FavoritesActivity#12235'
2025-09-14 20:35:53.966  1178-1935  BufferQueueDebug        surfaceflinger                       E  [com.example.nutrisaur11/com.example.nutrisaur11.FavoritesActivity#12236](this:0xb400007e9ae73a30,id:-1,api:0,p:-1,c:-1) id info cannot be read from 'com.example.nutrisaur11/com.example.nutrisaur11.FavoritesActivity#12236'
2025-09-14 20:35:53.976 28549-28549 BufferQueueConsumer     com.example.nutrisaur11              D  [](id:6f8500000002,api:0,p:-1,c:28549) connect: controlledByApp=false
2025-09-14 20:35:53.978 28549-28588 OpenGLRenderer          com.example.nutrisaur11              E  Unable to match the desired swap behavior.
2025-09-14 20:35:53.980 28549-28549 VRI[FavoritesActivity]  com.example.nutrisaur11              D  vri.reportNextDraw android.view.ViewRootImpl.performTraversals:4402 android.view.ViewRootImpl.doTraversal:3018 android.view.ViewRootImpl$TraversalRunnable.run:10526 android.view.Choreographer$CallbackRecord.run:1682 android.view.Choreographer$CallbackRecord.run:1691 
2025-09-14 20:35:53.981 28549-28549 VRI[FavoritesActivity]  com.example.nutrisaur11              D  vri.Setup new sync=wmsSync-VRI[FavoritesActivity]#4
2025-09-14 20:35:53.985 28549-28588 OpenGLRenderer          com.example.nutrisaur11              D  makeCurrent grContext:0xb40000708461c560 reset mTextureAvailable
2025-09-14 20:35:53.996 28549-28588 BLASTBufferQueue        com.example.nutrisaur11              D  [VRI[FavoritesActivity]#2](f:0,a:1) acquireNextBufferLocked size=720x1600 mFrameNumber=1 applyTransaction=true mTimestamp=34231541221886(auto) mPendingTransactions.size=0 graphicBufferId=122617021333518 transform=0
2025-09-14 20:35:53.997 28549-28549 VRI[FavoritesActivity]  com.example.nutrisaur11              D  vri.reportDrawFinished
2025-09-14 20:35:54.002  1178-1935  BufferQueueDebug        surfaceflinger                       E  [Transition Root: ActivityRecord{d3f5881 u0 com.example.nutrisaur11/.FavoritesActivity t818}#12239](this:0xb400007e9af7ca30,id:-1,api:0,p:-1,c:-1) id info cannot be read from 'Transition Root: ActivityRecord{d3f5881 u0 com.example.nutrisaur11/.FavoritesActivity t818}#12239'
2025-09-14 20:35:54.003 28549-28588 gralloc4                com.example.nutrisaur11              I  @set_metadata: update dataspace from GM (0x00000000 -> 0x08010000)
2025-09-14 20:35:54.009  1178-1934  BufferQueueDebug        surfaceflinger                       E  [fecfc68 ActivityRecordInputSink com.example.nutrisaur11/.FavoritesActivity#12240](this:0xb400007ea456aa30,id:-1,api:0,p:-1,c:-1) id info cannot be read from 'fecfc68 ActivityRecordInputSink com.example.nutrisaur11/.FavoritesActivity#12240'
2025-09-14 20:35:54.012 28549-28588 gralloc4                com.example.nutrisaur11              I  @set_metadata: update dataspace from GM (0x00000000 -> 0x08010000)
2025-09-14 20:35:54.016 28549-28588 gralloc4                com.example.nutrisaur11              I  @set_metadata: update dataspace from GM (0x00000000 -> 0x08010000)
2025-09-14 20:35:54.017  2558-2882  ActivityManagerWrapper  com.miui.home                        E  getRecentTasks: mainTaskId=818   userId=0   windowMode=1   baseIntent=Intent { act=android.intent.action.MAIN flag=268435456 cmp=ComponentInfo{com.example.nutrisaur11/com.example.nutrisaur11.MainActivity} }
2025-09-14 20:35:54.023 28549-28588 gralloc4                com.example.nutrisaur11              I  @set_metadata: update dataspace from GM (0x00000000 -> 0x08010000)
2025-09-14 20:35:54.037 28549-28588 gralloc4                com.example.nutrisaur11              I  @set_metadata: update dataspace from GM (0x00000000 -> 0x08010000)
2025-09-14 20:35:54.045 28549-28588 gralloc4                com.example.nutrisaur11              I  @set_metadata: update dataspace from GM (0x00000000 -> 0x08010000)
2025-09-14 20:35:54.057 28549-28588 gralloc4                com.example.nutrisaur11              I  @set_metadata: update dataspace from GM (0x00000000 -> 0x08010000)
2025-09-14 20:35:54.066 28549-28549 HandWritingStubImpl     com.example.nutrisaur11              I  refreshLastKeyboardType: 1
2025-09-14 20:35:54.066 28549-28549 HandWritingStubImpl     com.example.nutrisaur11              I  getCurrentKeyboardType: 1
2025-09-14 20:35:54.069 28549-28588 gralloc4                com.example.nutrisaur11              I  @set_metadata: update dataspace from GM (0x00000000 -> 0x08010000)
2025-09-14 20:35:54.075 28549-28588 gralloc4                com.example.nutrisaur11              I  @set_metadata: update dataspace from GM (0x00000000 -> 0x08010000)
2025-09-14 20:35:54.084 28549-28588 gralloc4                com.example.nutrisaur11              I  @set_metadata: update dataspace from GM (0x00000000 -> 0x08010000)
2025-09-14 20:35:54.099 28549-28588 gralloc4                com.example.nutrisaur11              I  @set_metadata: update dataspace from GM (0x00000000 -> 0x08010000)
2025-09-14 20:35:54.108 28549-28588 gralloc4                com.example.nutrisaur11              I  @set_metadata: update dataspace from GM (0x00000000 -> 0x08010000)
2025-09-14 20:35:54.120 28549-28588 gralloc4                com.example.nutrisaur11              I  @set_metadata: update dataspace from GM (0x00000000 -> 0x08010000)
2025-09-14 20:35:54.131 28549-28588 gralloc4                com.example.nutrisaur11              I  @set_metadata: update dataspace from GM (0x00000000 -> 0x08010000)
2025-09-14 20:35:54.141 28549-28588 gralloc4                com.example.nutrisaur11              I  @set_metadata: update dataspace from GM (0x00000000 -> 0x08010000)
2025-09-14 20:35:54.151 28549-28588 gralloc4                com.example.nutrisaur11              I  @set_metadata: update dataspace from GM (0x00000000 -> 0x08010000)
2025-09-14 20:35:54.163 28549-28588 gralloc4                com.example.nutrisaur11              I  @set_metadata: update dataspace from GM (0x00000000 -> 0x08010000)
2025-09-14 20:35:54.173 28549-28588 gralloc4                com.example.nutrisaur11              I  @set_metadata: update dataspace from GM (0x00000000 -> 0x08010000)
2025-09-14 20:35:54.183 28549-28588 gralloc4                com.example.nutrisaur11              I  @set_metadata: update dataspace from GM (0x00000000 -> 0x08010000)
2025-09-14 20:35:54.195 28549-28588 gralloc4                com.example.nutrisaur11              I  @set_metadata: update dataspace from GM (0x00000000 -> 0x08010000)
2025-09-14 20:35:54.205 28549-28588 gralloc4                com.example.nutrisaur11              I  @set_metadata: update dataspace from GM (0x00000000 -> 0x08010000)
2025-09-14 20:35:54.295 28549-28668 ProfileInstaller        com.example.nutrisaur11              D  Installing profile for com.example.nutrisaur11
2025-09-14 20:35:54.567 28549-28549 BLASTBufferQueue        com.example.nutrisaur11              D  [VRI[FoodActivity]#1](f:0,a:1) destructor()
2025-09-14 20:35:54.569 28549-28549 BufferQueueConsumer     com.example.nutrisaur11              D  [VRI[FoodActivity]#1(BLAST Consumer)1](id:6f8500000001,api:0,p:-1,c:28549) disconnect
2025-09-14 20:35:54.576 28549-28549 NutritionService        com.example.nutrisaur11              D  Shutting down executor service
2025-09-14 20:35:54.577 28549-28549 WindowOnBackDispatcher  com.example.nutrisaur11              W  sendCancelIfRunning: isInProgress=falsecallback=android.view.ViewRootImpl$$ExternalSyntheticLambda23@6938a44
2025-09-14 20:35:54.578 28549-28549 View                    com.example.nutrisaur11              D  [Warning] assignParent to null: this = DecorView@e21ccb7[FoodActivity]
2025-09-14 20:35:54.665  1178-1285  BufferQueueDebug        surfaceflinger                       E  [ActivityRecord{f04905e u0 com.example.nutrisaur11/.FoodActivity t818}#12242](this:0xb400007e9ae0ea30,id:-1,api:0,p:-1,c:-1) id info cannot be read from 'ActivityRecord{f04905e u0 com.example.nutrisaur11/.FoodActivity t818}#12242'
2025-09-14 20:35:54.702 28549-28669 libMEOW                 com.example.nutrisaur11              D  meow new tls: 0xb40000701a355800
2025-09-14 20:35:54.702 28549-28669 libMEOW                 com.example.nutrisaur11              D  applied 1 plugins for [com.example.nutrisaur11]:
2025-09-14 20:35:54.702 28549-28669 libMEOW                 com.example.nutrisaur11              D    plugin 1: [libMEOW_gift.so]: 0xb4000070766c5080
2025-09-14 20:35:54.702 28549-28669 libMEOW                 com.example.nutrisaur11              D  rebuild call chain: 0xb40000701a36ab00
2025-09-14 20:35:54.702 28549-28669 libMEOW                 com.example.nutrisaur11              D  meow delete tls: 0xb40000701a355800
2025-09-14 20:35:54.715 28549-28549 DecorView[]             com.example.nutrisaur11              D  getWindowModeFromSystem  windowmode is 1
2025-09-14 20:35:54.721 28549-28549 ScrollerOp...ionManager com.example.nutrisaur11              D  registerConfigChangedListener
2025-09-14 20:35:54.781 28549-28549 FoodActivity            com.example.nutrisaur11              D  FoodActivity onCreate started
2025-09-14 20:35:54.782 28549-28549 DailyResetManager       com.example.nutrisaur11              D  Same day, no reset needed. Current: 2025-09-14
2025-09-14 20:35:54.784 28549-28549 FoodActivity            com.example.nutrisaur11              D  Date set to: Today, Sept 14
2025-09-14 20:35:54.785 28549-28549 FoodActivity            com.example.nutrisaur11              D  Nutrition views initialized
2025-09-14 20:35:54.785 28549-28549 FoodActivity            com.example.nutrisaur11              D  Views initialized
2025-09-14 20:35:54.785 28549-28549 FoodActivity            com.example.nutrisaur11              D  Fetching user screening data from community_users table...
2025-09-14 20:35:54.785 28549-28672 CommunityUserManager    com.example.nutrisaur11              D  === GETTING CURRENT USER DATA FROM DATABASE ===
2025-09-14 20:35:54.785 28549-28672 CommunityUserManager    com.example.nutrisaur11              D  Making API request to: https://nutrisaur-production.up.railway.app/api/DatabaseAPI.php?action=get_community_user_data
2025-09-14 20:35:54.785 28549-28672 CommunityUserManager    com.example.nutrisaur11              D  Request data: {"email":"jdjdh@jshs.s"}
2025-09-14 20:35:54.788 28549-28549 WindowOnBackDispatcher  com.example.nutrisaur11              W  OnBackInvokedCallback is not enabled for the application.
                                                                                                    Set 'android:enableOnBackInvokedCallback="true"' in the application manifest.
2025-09-14 20:35:54.794 28549-28588 libc                    com.example.nutrisaur11              W  Access denied finding property "ro.vendor.display.iris_x7.support"
2025-09-14 20:35:54.794 28549-28549 VRI[FoodActivity]       com.example.nutrisaur11              D  hardware acceleration = true, forceHwAccelerated = false
2025-09-14 20:35:54.798  1178-1285  BufferQueueDebug        surfaceflinger                       E  [f796d5b com.example.nutrisaur11/com.example.nutrisaur11.FoodActivity#12243](this:0xb400007e9ae30a30,id:-1,api:0,p:-1,c:-1) id info cannot be read from 'f796d5b com.example.nutrisaur11/com.example.nutrisaur11.FoodActivity#12243'
2025-09-14 20:35:54.812  2558-2882  ActivityManagerWrapper  com.miui.home                        E  getRecentTasks: mainTaskId=818   userId=0   windowMode=1   baseIntent=Intent { act=android.intent.action.MAIN flag=268435456 cmp=ComponentInfo{com.example.nutrisaur11/com.example.nutrisaur11.MainActivity} }
2025-09-14 20:35:54.822  1178-1285  BufferQueueDebug        surfaceflinger                       E  [com.example.nutrisaur11/com.example.nutrisaur11.FoodActivity#12244](this:0xb400007e9ae33a30,id:-1,api:0,p:-1,c:-1) id info cannot be read from 'com.example.nutrisaur11/com.example.nutrisaur11.FoodActivity#12244'
2025-09-14 20:35:54.836 28549-28549 BufferQueueConsumer     com.example.nutrisaur11              D  [](id:6f8500000003,api:0,p:-1,c:28549) connect: controlledByApp=false
2025-09-14 20:35:54.838 28549-28588 OpenGLRenderer          com.example.nutrisaur11              E  Unable to match the desired swap behavior.
2025-09-14 20:35:54.846 28549-28549 VRI[FoodActivity]       com.example.nutrisaur11              D  vri.reportNextDraw android.view.ViewRootImpl.performTraversals:4402 android.view.ViewRootImpl.doTraversal:3018 android.view.ViewRootImpl$TraversalRunnable.run:10526 android.view.Choreographer$CallbackRecord.run:1682 android.view.Choreographer$CallbackRecord.run:1691 
2025-09-14 20:35:54.846 28549-28549 VRI[FoodActivity]       com.example.nutrisaur11              D  vri.Setup new sync=wmsSync-VRI[FoodActivity]#6
2025-09-14 20:35:54.847  2558-2882  ActivityManagerWrapper  com.miui.home                        E  getRecentTasks: mainTaskId=818   userId=0   windowMode=1   baseIntent=Intent { act=android.intent.action.MAIN flag=268435456 cmp=ComponentInfo{com.example.nutrisaur11/com.example.nutrisaur11.MainActivity} }
2025-09-14 20:35:54.857 28549-28588 OpenGLRenderer          com.example.nutrisaur11              D  makeCurrent grContext:0xb40000708461c560 reset mTextureAvailable
2025-09-14 20:35:54.864 28549-28588 BLASTBufferQueue        com.example.nutrisaur11              D  [VRI[FoodActivity]#3](f:0,a:1) acquireNextBufferLocked size=720x1600 mFrameNumber=1 applyTransaction=true mTimestamp=34232409128963(auto) mPendingTransactions.size=0 graphicBufferId=122617021333523 transform=0
2025-09-14 20:35:54.864 28549-28549 VRI[FoodActivity]       com.example.nutrisaur11              D  vri.reportDrawFinished
2025-09-14 20:35:54.869  1178-1285  BufferQueueDebug        surfaceflinger                       E  [Transition Root: ActivityRecord{f04905e u0 com.example.nutrisaur11/.FoodActivity t818}#12247](this:0xb400007e9ae41a30,id:-1,api:0,p:-1,c:-1) id info cannot be read from 'Transition Root: ActivityRecord{f04905e u0 com.example.nutrisaur11/.FoodActivity t818}#12247'
2025-09-14 20:35:54.875  1178-1285  BufferQueueDebug        surfaceflinger                       E  [1b8e599 ActivityRecordInputSink com.example.nutrisaur11/.FoodActivity#12248](this:0xb400007e9ae26a30,id:-1,api:0,p:-1,c:-1) id info cannot be read from '1b8e599 ActivityRecordInputSink com.example.nutrisaur11/.FoodActivity#12248'
2025-09-14 20:35:54.914 28549-28588 gralloc4                com.example.nutrisaur11              I  @set_metadata: update dataspace from GM (0x00000000 -> 0x08010000)
2025-09-14 20:35:54.922 28549-28549 HandWritingStubImpl     com.example.nutrisaur11              I  refreshLastKeyboardType: 1
2025-09-14 20:35:54.922 28549-28549 HandWritingStubImpl     com.example.nutrisaur11              I  getCurrentKeyboardType: 1
2025-09-14 20:35:54.926 28549-28588 gralloc4                com.example.nutrisaur11              I  @set_metadata: update dataspace from GM (0x00000000 -> 0x08010000)
2025-09-14 20:35:54.936 28549-28588 gralloc4                com.example.nutrisaur11              I  @set_metadata: update dataspace from GM (0x00000000 -> 0x08010000)
2025-09-14 20:35:54.948 28549-28588 gralloc4                com.example.nutrisaur11              I  @set_metadata: update dataspace from GM (0x00000000 -> 0x08010000)
2025-09-14 20:35:54.957 28549-28588 gralloc4                com.example.nutrisaur11              I  @set_metadata: update dataspace from GM (0x00000000 -> 0x08010000)
2025-09-14 20:35:54.969 28549-28588 gralloc4                com.example.nutrisaur11              I  @set_metadata: update dataspace from GM (0x00000000 -> 0x08010000)
2025-09-14 20:35:54.978 28549-28588 gralloc4                com.example.nutrisaur11              I  @set_metadata: update dataspace from GM (0x00000000 -> 0x08010000)
2025-09-14 20:35:54.989 28549-28588 gralloc4                com.example.nutrisaur11              I  @set_metadata: update dataspace from GM (0x00000000 -> 0x08010000)
2025-09-14 20:35:55.002 28549-28588 gralloc4                com.example.nutrisaur11              I  @set_metadata: update dataspace from GM (0x00000000 -> 0x08010000)
2025-09-14 20:35:55.013 28549-28588 gralloc4                com.example.nutrisaur11              I  @set_metadata: update dataspace from GM (0x00000000 -> 0x08010000)
2025-09-14 20:35:55.025 28549-28588 gralloc4                com.example.nutrisaur11              I  @set_metadata: update dataspace from GM (0x00000000 -> 0x08010000)
2025-09-14 20:35:55.035 28549-28588 gralloc4                com.example.nutrisaur11              I  @set_metadata: update dataspace from GM (0x00000000 -> 0x08010000)
2025-09-14 20:35:55.337 28549-28672 CommunityUserManager    com.example.nutrisaur11              D  API response code: 200
2025-09-14 20:35:55.337 28549-28672 CommunityUserManager    com.example.nutrisaur11              D  API response message: 
2025-09-14 20:35:55.339 28549-28672 CommunityUserManager    com.example.nutrisaur11              D  API response for get_community_user_data: {"success":true,"message":"User data retrieved successfully","user":{"name":"hdhdh","email":"jdjdh@jshs.s","municipality":"Not specified","barangay":"Not specified","sex":"Not specified","birthday":"","age":"","is_pregnant":"No","weight_kg":"0","height_cm":"0","muac_cm":"","bmi":"","bmi_category":"","muac_category":"","nutritional_risk":"","screening_date":"2025-09-14 17:10:26","screened_by":"","notes":"","status":"","created_at":"","updated_at":""}}
2025-09-14 20:35:55.340 28549-28672 CommunityUserManager    com.example.nutrisaur11              D  Retrieved user data from database:
2025-09-14 20:35:55.340 28549-28672 CommunityUserManager    com.example.nutrisaur11              D    birthday: 
2025-09-14 20:35:55.340 28549-28672 CommunityUserManager    com.example.nutrisaur11              D    is_pregnant: No
2025-09-14 20:35:55.340 28549-28672 CommunityUserManager    com.example.nutrisaur11              D    muac_category: 
2025-09-14 20:35:55.340 28549-28672 CommunityUserManager    com.example.nutrisaur11              D    notes: 
2025-09-14 20:35:55.340 28549-28672 CommunityUserManager    com.example.nutrisaur11              D    weight_kg: 0
2025-09-14 20:35:55.340 28549-28672 CommunityUserManager    com.example.nutrisaur11              D    nutritional_risk: 
2025-09-14 20:35:55.341 28549-28672 CommunityUserManager    com.example.nutrisaur11              D    height_cm: 0
2025-09-14 20:35:55.341 28549-28672 CommunityUserManager    com.example.nutrisaur11              D    sex: Not specified
2025-09-14 20:35:55.341 28549-28672 CommunityUserManager    com.example.nutrisaur11              D    municipality: Not specified
2025-09-14 20:35:55.341 28549-28672 CommunityUserManager    com.example.nutrisaur11              D    muac_cm: 
2025-09-14 20:35:55.341 28549-28672 CommunityUserManager    com.example.nutrisaur11              D    screening_date: 2025-09-14 17:10:26
2025-09-14 20:35:55.341 28549-28672 CommunityUserManager    com.example.nutrisaur11              D    bmi_category: 
2025-09-14 20:35:55.341 28549-28672 CommunityUserManager    com.example.nutrisaur11              D    name: hdhdh
2025-09-14 20:35:55.341 28549-28672 CommunityUserManager    com.example.nutrisaur11              D    barangay: Not specified
2025-09-14 20:35:55.341 28549-28672 CommunityUserManager    com.example.nutrisaur11              D    email: jdjdh@jshs.s
2025-09-14 20:35:55.341 28549-28672 CommunityUserManager    com.example.nutrisaur11              D    age: 
2025-09-14 20:35:55.341 28549-28672 CommunityUserManager    com.example.nutrisaur11              D    bmi: 
2025-09-14 20:35:55.341 28549-28672 CommunityUserManager    com.example.nutrisaur11              D  Essential user data found for personalization
2025-09-14 20:35:55.341 28549-28672 FoodActivity            com.example.nutrisaur11              D  User screening data fetched from community_users table
2025-09-14 20:35:55.342 28549-28549 FoodActivity            com.example.nutrisaur11              D  Loading nutrition data with user data from community_users table...
2025-09-14 20:35:55.343 28549-28678 NutritionService        com.example.nutrisaur11              D  Starting nutrition recommendations with database user data...
2025-09-14 20:35:55.343 28549-28678 NutritionService        com.example.nutrisaur11              D  Creating user profile from community_users table data...
2025-09-14 20:35:55.343 28549-28678 NutritionService        com.example.nutrisaur11              W  No birthday provided, using default age: 25
2025-09-14 20:35:55.343 28549-28678 NutritionService        com.example.nutrisaur11              W  Weight is 0 or invalid, using default: 70
2025-09-14 20:35:55.343 28549-28678 NutritionService        com.example.nutrisaur11              W  Height is 0 or invalid, using default: 170
2025-09-14 20:35:55.343 28549-28678 NutritionService        com.example.nutrisaur11              D  Database user data: name=hdhdh, age=25, weight=70.0, height=170.0, gender=Not specified
2025-09-14 20:35:55.343 28549-28678 NutritionService        com.example.nutrisaur11              D  User profile created from database: hdhdh, BMI: 24.221453287197235
2025-09-14 20:35:55.344 28549-28678 KcalSuggestionCache     com.example.nutrisaur11              D  Cached kcal suggestion is valid
2025-09-14 20:35:55.344 28549-28678 NutritionService        com.example.nutrisaur11              D  Using cached kcal suggestion - user profile unchanged
2025-09-14 20:35:55.344 28549-28678 KcalSuggestionCache     com.example.nutrisaur11              D  Successfully loaded cached kcal suggestion
2025-09-14 20:35:55.355 28549-28549 FoodActivity            com.example.nutrisaur11              D  Updating nutrition UI with data
2025-09-14 20:35:55.356 28549-28549 CalorieTracker          com.example.nutrisaur11              D  Syncing with 0 added foods
2025-09-14 20:35:55.357 28549-28549 CalorieTracker          com.example.nutrisaur11              D  Synced CalorieTracker with AddedFoodManager. Total meals: 0
2025-09-14 20:35:55.360 28549-28588 gralloc4                com.example.nutrisaur11              I  @set_metadata: update dataspace from GM (0x00000000 -> 0x08010000)
2025-09-14 20:35:55.363 28549-28549 FoodActivity            com.example.nutrisaur11              D  === CALORIE UPDATE ===
2025-09-14 20:35:55.363 28549-28549 FoodActivity            com.example.nutrisaur11              D  Total Daily Calories: 2288
2025-09-14 20:35:55.363 28549-28549 FoodActivity            com.example.nutrisaur11              D  Total Eaten Calories: 0
2025-09-14 20:35:55.363 28549-28549 FoodActivity            com.example.nutrisaur11              D  Calories Left: 2288
2025-09-14 20:35:55.363 28549-28549 FoodActivity            com.example.nutrisaur11              D  Calories Burned: 0
2025-09-14 20:35:55.364 28549-28549 FoodActivity            com.example.nutrisaur11              D  Calorie data updated and saved to SharedPreferences
2025-09-14 20:35:55.372 28549-28549 FoodActivity            com.example.nutrisaur11              D  Macronutrients remaining - Protein: 112/112, Carbs: 288/288, Fat: 76/76
2025-09-14 20:35:55.372 28549-28549 FoodActivity            com.example.nutrisaur11              D  Walking Calories: 0
2025-09-14 20:35:55.372 28549-28549 FoodActivity            com.example.nutrisaur11              D  Activity Calories: 0
2025-09-14 20:35:55.380 28549-28549 FoodActivity            com.example.nutrisaur11              D  Meal progress updated with CalorieTracker data
2025-09-14 20:35:55.380 28549-28549 FoodActivity            com.example.nutrisaur11              D  Meal distribution stored
2025-09-14 20:35:55.380 28549-28549 FoodActivity            com.example.nutrisaur11              D  Nutrition data loaded successfully with database user data
2025-09-14 20:35:55.401 28549-28588 gralloc4                com.example.nutrisaur11              I  @set_metadata: update dataspace from GM (0x00000000 -> 0x08010000)
2025-09-14 20:35:55.408 28549-28588 gralloc4                com.example.nutrisaur11              I  @set_metadata: update dataspace from GM (0x00000000 -> 0x08010000)
2025-09-14 20:35:55.420 28549-28549 BLASTBufferQueue        com.example.nutrisaur11              D  [VRI[FavoritesActivity]#2](f:0,a:1) destructor()
2025-09-14 20:35:55.421 28549-28549 BufferQueueConsumer     com.example.nutrisaur11              D  [VRI[FavoritesActivity]#2(BLAST Consumer)2](id:6f8500000002,api:0,p:-1,c:28549) disconnect
2025-09-14 20:35:55.432 28549-28588 gralloc4                com.example.nutrisaur11              I  @set_metadata: update dataspace from GM (0x00000000 -> 0x08010000)
2025-09-14 20:35:55.438 28549-28549 WindowOnBackDispatcher  com.example.nutrisaur11              W  sendCancelIfRunning: isInProgress=falsecallback=android.view.ViewRootImpl$$ExternalSyntheticLambda23@95531e2
2025-09-14 20:35:55.439 28549-28549 View                    com.example.nutrisaur11              D  [Warning] assignParent to null: this = DecorView@6098903[FavoritesActivity]
2025-09-14 20:35:55.456 28549-28588 gralloc4                com.example.nutrisaur11              I  @set_metadata: update dataspace from GM (0x00000000 -> 0x08010000)
2025-09-14 20:35:55.464 28549-28588 gralloc4                com.example.nutrisaur11              I  @set_metadata: update dataspace from GM (0x00000000 -> 0x08010000)
2025-09-14 20:35:55.475 28549-28588 gralloc4                com.example.nutrisaur11              I  @set_metadata: update dataspace from GM (0x00000000 -> 0x08010000)
2025-09-14 20:35:55.492 28549-28588 gralloc4                com.example.nutrisaur11              I  @set_metadata: update dataspace from GM (0x00000000 -> 0x08010000)
2025-09-14 20:35:55.507 28549-28588 gralloc4                com.example.nutrisaur11              I  @set_metadata: update dataspace from GM (0x00000000 -> 0x08010000)
2025-09-14 20:35:55.525 28549-28588 gralloc4                com.example.nutrisaur11              I  @set_metadata: update dataspace from GM (0x00000000 -> 0x08010000)
2025-09-14 20:35:55.541 28549-28588 gralloc4                com.example.nutrisaur11              I  @set_metadata: update dataspace from GM (0x00000000 -> 0x08010000)
2025-09-14 20:35:55.559 28549-28588 gralloc4                com.example.nutrisaur11              I  @set_metadata: update dataspace from GM (0x00000000 -> 0x08010000)
2025-09-14 20:35:55.575 28549-28588 gralloc4                com.example.nutrisaur11              I  @set_metadata: update dataspace from GM (0x00000000 -> 0x08010000)
2025-09-14 20:35:55.592 28549-28588 gralloc4                com.example.nutrisaur11              I  @set_metadata: update dataspace from GM (0x00000000 -> 0x08010000)
2025-09-14 20:35:55.608 28549-28588 gralloc4                com.example.nutrisaur11              I  @set_metadata: update dataspace from GM (0x00000000 -> 0x08010000)
2025-09-14 20:35:55.626 28549-28588 gralloc4                com.example.nutrisaur11              I  @set_metadata: update dataspace from GM (0x00000000 -> 0x08010000)
2025-09-14 20:35:55.642 28549-28588 gralloc4                com.example.nutrisaur11              I  @set_metadata: update dataspace from GM (0x00000000 -> 0x08010000)
2025-09-14 20:35:55.659 28549-28588 gralloc4                com.example.nutrisaur11              I  @set_metadata: update dataspace from GM (0x00000000 -> 0x08010000)
2025-09-14 20:35:55.675 28549-28588 gralloc4                com.example.nutrisaur11              I  @set_metadata: update dataspace from GM (0x00000000 -> 0x08010000)
2025-09-14 20:35:55.693 28549-28588 gralloc4                com.example.nutrisaur11              I  @set_metadata: update dataspace from GM (0x00000000 -> 0x08010000)
2025-09-14 20:35:55.709 28549-28588 gralloc4                com.example.nutrisaur11              I  @set_metadata: update dataspace from GM (0x00000000 -> 0x08010000)
2025-09-14 20:35:55.725 28549-28588 gralloc4                com.example.nutrisaur11              I  @set_metadata: update dataspace from GM (0x00000000 -> 0x08010000)
2025-09-14 20:35:55.742 28549-28588 gralloc4                com.example.nutrisaur11              I  @set_metadata: update dataspace from GM (0x00000000 -> 0x08010000)
2025-09-14 20:35:55.758 28549-28588 gralloc4                com.example.nutrisaur11              I  @set_metadata: update dataspace from GM (0x00000000 -> 0x08010000)
2025-09-14 20:35:55.775 28549-28588 gralloc4                com.example.nutrisaur11              I  @set_metadata: update dataspace from GM (0x00000000 -> 0x08010000)
2025-09-14 20:35:55.782 28549-28588 gralloc4                com.example.nutrisaur11              I  @set_metadata: update dataspace from GM (0x00000000 -> 0x08010000)
2025-09-14 20:35:55.804 28549-28588 gralloc4                com.example.nutrisaur11              I  @set_metadata: update dataspace from GM (0x00000000 -> 0x08010000)
2025-09-14 20:35:55.829 28549-28588 gralloc4                com.example.nutrisaur11              I  @set_metadata: update dataspace from GM (0x00000000 -> 0x08010000)
2025-09-14 20:35:55.846 28549-28588 gralloc4                com.example.nutrisaur11              I  @set_metadata: update dataspace from GM (0x00000000 -> 0x08010000)
2025-09-14 20:35:55.862 28549-28588 gralloc4                com.example.nutrisaur11              I  @set_metadata: update dataspace from GM (0x00000000 -> 0x08010000)
2025-09-14 20:35:55.879 28549-28588 gralloc4                com.example.nutrisaur11              I  @set_metadata: update dataspace from GM (0x00000000 -> 0x08010000)
2025-09-14 20:35:55.897 28549-28588 gralloc4                com.example.nutrisaur11              I  @set_metadata: update dataspace from GM (0x00000000 -> 0x08010000)
2025-09-14 20:35:55.898 28549-28588 RenderInspector         com.example.nutrisaur11              W  DequeueBuffer time out on com.example.nutrisaur11/com.example.nutrisaur11.FoodActivity, count=1, avg=20 ms, max=20 ms.
2025-09-14 20:35:55.911 28549-28588 gralloc4                com.example.nutrisaur11              I  @set_metadata: update dataspace from GM (0x00000000 -> 0x08010000)
2025-09-14 20:35:55.930 28549-28588 gralloc4                com.example.nutrisaur11              I  @set_metadata: update dataspace from GM (0x00000000 -> 0x08010000)
2025-09-14 20:35:55.946 28549-28588 gralloc4                com.example.nutrisaur11              I  @set_metadata: update dataspace from GM (0x00000000 -> 0x08010000)
2025-09-14 20:35:55.964 28549-28588 gralloc4                com.example.nutrisaur11              I  @set_metadata: update dataspace from GM (0x00000000 -> 0x08010000)
2025-09-14 20:35:55.981 28549-28588 gralloc4                com.example.nutrisaur11              I  @set_metadata: update dataspace from GM (0x00000000 -> 0x08010000)
2025-09-14 20:35:55.996 28549-28588 gralloc4                com.example.nutrisaur11              I  @set_metadata: update dataspace from GM (0x00000000 -> 0x08010000)
2025-09-14 20:35:56.011 28549-28588 gralloc4                com.example.nutrisaur11              I  @set_metadata: update dataspace from GM (0x00000000 -> 0x08010000)
2025-09-14 20:35:56.028 28549-28588 gralloc4                com.example.nutrisaur11              I  @set_metadata: update dataspace from GM (0x00000000 -> 0x08010000)
2025-09-14 20:35:56.046 28549-28588 gralloc4                com.example.nutrisaur11              I  @set_metadata: update dataspace from GM (0x00000000 -> 0x08010000)
2025-09-14 20:35:56.064 28549-28588 gralloc4                com.example.nutrisaur11              I  @set_metadata: update dataspace from GM (0x00000000 -> 0x08010000)
2025-09-14 20:35:56.080 28549-28588 gralloc4                com.example.nutrisaur11              I  @set_metadata: update dataspace from GM (0x00000000 -> 0x08010000)
2025-09-14 20:35:56.097 28549-28588 gralloc4                com.example.nutrisaur11              I  @set_metadata: update dataspace from GM (0x00000000 -> 0x08010000)
2025-09-14 20:35:56.113 28549-28588 gralloc4                com.example.nutrisaur11              I  @set_metadata: update dataspace from GM (0x00000000 -> 0x08010000)
2025-09-14 20:35:56.130 28549-28588 gralloc4                com.example.nutrisaur11              I  @set_metadata: update dataspace from GM (0x00000000 -> 0x08010000)
2025-09-14 20:35:56.148 28549-28588 gralloc4                com.example.nutrisaur11              I  @set_metadata: update dataspace from GM (0x00000000 -> 0x08010000)
2025-09-14 20:35:56.164 28549-28588 gralloc4                com.example.nutrisaur11              I  @set_metadata: update dataspace from GM (0x00000000 -> 0x08010000)
2025-09-14 20:35:56.180 28549-28588 gralloc4                com.example.nutrisaur11              I  @set_metadata: update dataspace from GM (0x00000000 -> 0x08010000)
2025-09-14 20:35:56.196 28549-28588 gralloc4                com.example.nutrisaur11              I  @set_metadata: update dataspace from GM (0x00000000 -> 0x08010000)
2025-09-14 20:35:56.213 28549-28588 gralloc4                com.example.nutrisaur11              I  @set_metadata: update dataspace from GM (0x00000000 -> 0x08010000)
2025-09-14 20:35:56.229 28549-28588 gralloc4                com.example.nutrisaur11              I  @set_metadata: update dataspace from GM (0x00000000 -> 0x08010000)
2025-09-14 20:35:56.246 28549-28588 gralloc4                com.example.nutrisaur11              I  @set_metadata: update dataspace from GM (0x00000000 -> 0x08010000)
2025-09-14 20:35:56.262 28549-28588 gralloc4                com.example.nutrisaur11              I  @set_metadata: update dataspace from GM (0x00000000 -> 0x08010000)
2025-09-14 20:35:56.277 28549-28588 gralloc4                com.example.nutrisaur11              I  @set_metadata: update dataspace from GM (0x00000000 -> 0x08010000)
2025-09-14 20:35:56.295 28549-28588 gralloc4                com.example.nutrisaur11              I  @set_metadata: update dataspace from GM (0x00000000 -> 0x08010000)
2025-09-14 20:35:56.312 28549-28588 gralloc4                com.example.nutrisaur11              I  @set_metadata: update dataspace from GM (0x00000000 -> 0x08010000)
2025-09-14 20:35:56.329 28549-28588 gralloc4                com.example.nutrisaur11              I  @set_metadata: update dataspace from GM (0x00000000 -> 0x08010000)
2025-09-14 20:35:56.346 28549-28588 gralloc4                com.example.nutrisaur11              I  @set_metadata: update dataspace from GM (0x00000000 -> 0x08010000)
2025-09-14 20:35:56.362 28549-28588 gralloc4                com.example.nutrisaur11              I  @set_metadata: update dataspace from GM (0x00000000 -> 0x08010000)
2025-09-14 20:35:56.379 28549-28588 gralloc4                com.example.nutrisaur11              I  @set_metadata: update dataspace from GM (0x00000000 -> 0x08010000)
2025-09-14 20:35:56.397 28549-28588 gralloc4                com.example.nutrisaur11              I  @set_metadata: update dataspace from GM (0x00000000 -> 0x08010000)
2025-09-14 20:35:56.412 28549-28588 gralloc4                com.example.nutrisaur11              I  @set_metadata: update dataspace from GM (0x00000000 -> 0x08010000)
2025-09-14 20:35:59.909 28549-28554 ple.nutrisaur11         com.example.nutrisaur11              W  Cleared Reference was only reachable from finalizer (only reported once)
2025-09-14 20:35:59.917 28549-28554 ple.nutrisaur11         com.example.nutrisaur11              I  Background concurrent copying GC freed 6710KB AllocSpace bytes, 52(1552KB) LOS objects, 49% free, 7383KB/14MB, paused 149us,49us total 102.650ms
2025-09-14 20:36:00.012  1178-1935  BufferQueueDebug        surfaceflinger                       E  [ActivityRecord{3aa9e96 u0 com.example.nutrisaur11/.FavoritesActivity t818}#12250](this:0xb400007e9afdda30,id:-1,api:0,p:-1,c:-1) id info cannot be read from 'ActivityRecord{3aa9e96 u0 com.example.nutrisaur11/.FavoritesActivity t818}#12250'
