---------------------------- PROCESS ENDED (28193) for package com.example.nutrisaur11 ----------------------------
2025-09-12 18:55:30.379 28364-30959 ActivityManagerWrapper  com.miui.home                        E  getRecentTasks: taskId=8395   userId=0   baseIntent=Intent { act=android.intent.action.MAIN cat=[android.intent.category.LAUNCHER] flg=0x10000000 cmp=com.example.nutrisaur11/.MainActivity }
---------------------------- PROCESS STARTED (29416) for package com.example.nutrisaur11 ----------------------------
2025-09-12 18:55:30.766 29416-29416 AppCompatDelegate       com.example.nutrisaur11              D  Checking for metadata for AppLocalesMetadataHolderService : Service not found
2025-09-12 18:55:30.770 29416-29445 ple.nutrisaur1          com.example.nutrisaur11              W  ClassLoaderContext classpath size mismatch. expected=1, found=0 (DLC[];PCL[base.apk*549733019]{PCL[/system/framework/org.apache.http.legacy.jar*2058259661]#PCL[/apex/com.android.extservices/javalib/android.ext.adservices.jar*3549398240]#PCL[/system/framework/com.android.media.remotedisplay.jar*3472798123]#PCL[/system/framework/com.android.location.provider.jar*3633238672]#PCL[/system/framework/org.apache.http.legacy.jar*2058259661]#PCL[/apex/com.android.extservices/javalib/android.ext.adservices.jar*3549398240]} | DLC[];PCL[])
2025-09-12 18:55:30.773 29416-29445 DynamiteModule          com.example.nutrisaur11              I  Considering local module com.google.android.gms.measurement.dynamite:155 and remote module com.google.android.gms.measurement.dynamite:158
2025-09-12 18:55:30.773 29416-29445 DynamiteModule          com.example.nutrisaur11              I  Selected remote version of com.google.android.gms.measurement.dynamite, version >= 158
2025-09-12 18:55:30.774 29416-29445 DynamiteModule          com.example.nutrisaur11              V  Dynamite loader version >= 2, using loadModule2NoCrashUtils
2025-09-12 18:55:30.796 29416-29445 System                  com.example.nutrisaur11              W  ClassLoader referenced unknown path: 
2025-09-12 18:55:30.796 29416-29445 nativeloader            com.example.nutrisaur11              D  Configuring clns-6 for other apk . target_sdk_version=36, uses_libraries=, library_path=/data/app/~~kH7VzkzVM7MD3-6iD4sNAQ==/com.google.android.gms-GdgvXmMcgxMp_7PO_4z2Zg==/lib/arm64:/data/app/~~kH7VzkzVM7MD3-6iD4sNAQ==/com.google.android.gms-GdgvXmMcgxMp_7PO_4z2Zg==/base.apk!/lib/arm64-v8a, permitted_path=/data:/mnt/expand:/data/user/0/com.google.android.gms
2025-09-12 18:55:30.816 29416-29445 ple.nutrisaur1          com.example.nutrisaur11              W  ClassLoaderContext classpath size mismatch. expected=1, found=2 (DLC[];PCL[base.apk*549733019]{PCL[/system/framework/org.apache.http.legacy.jar*2058259661]#PCL[/apex/com.android.extservices/javalib/android.ext.adservices.jar*3549398240]#PCL[/system/framework/com.android.media.remotedisplay.jar*3472798123]#PCL[/system/framework/com.android.location.provider.jar*3633238672]#PCL[/system/framework/org.apache.http.legacy.jar*2058259661]#PCL[/apex/com.android.extservices/javalib/android.ext.adservices.jar*3549398240]} | DLC[];PCL[/data/data/com.example.nutrisaur11/code_cache/.overlay/base.apk/classes3.dex*2481547668:/data/app/~~NOKkvFaTF6aDtd0L6T7pHw==/com.example.nutrisaur11-UqBf474WpF61fDOoxjY1qg==/base.apk*3162972709]{PCL[/apex/com.android.extservices/javalib/android.ext.adservices.jar*3549398240]})
2025-09-12 18:55:30.825 29416-29416 DailyResetManager       com.example.nutrisaur11              D  Same day, no reset needed. Current: 2025-09-12
2025-09-12 18:55:30.840 29416-29416 MainActivity            com.example.nutrisaur11              D  Started food preload service
2025-09-12 18:55:30.841 29416-29416 MainActivity            com.example.nutrisaur11              D  Login check - isLoggedIn: true, email: vjuc@vjv.kb
2025-09-12 18:55:30.842 29416-29416 ViewScrollStubImpl      com.example.nutrisaur11              D  the value of ScrollFrictionRes is: 0.019499999
2025-09-12 18:55:30.851 29416-29416 IS_CTS_MODE             com.example.nutrisaur11              D  false
2025-09-12 18:55:30.851 29416-29416 MULTI_WIND...CH_ENABLED com.example.nutrisaur11              D  false
2025-09-12 18:55:30.852 29416-29416 IS_CTS_MODE             com.example.nutrisaur11              D  false
2025-09-12 18:55:30.852 29416-29416 MULTI_WIND...CH_ENABLED com.example.nutrisaur11              D  false
2025-09-12 18:55:30.852 29416-29416 IS_CTS_MODE             com.example.nutrisaur11              D  false
2025-09-12 18:55:30.852 29416-29416 MULTI_WIND...CH_ENABLED com.example.nutrisaur11              D  false
2025-09-12 18:55:30.856 29416-29416 DecorView[]             com.example.nutrisaur11              D  getWindowModeFromSystem  windowmode is 1
2025-09-12 18:55:30.873 29416-29416 ple.nutrisaur1          com.example.nutrisaur11              I  hiddenapi: Accessing hidden method Landroid/view/ViewGroup;->makeOptionalFitsSystemWindows()V (runtime_flags=0, domain=platform, api=unsupported) from Landroidx/appcompat/widget/ViewUtils; (domain=app) using reflection: allowed
2025-09-12 18:55:30.885 29416-29465 ple.nutrisaur1          com.example.nutrisaur11              I  hiddenapi: Accessing hidden method Ldalvik/system/VMStack;->getStackClass2()Ljava/lang/Class; (runtime_flags=0, domain=core-platform, api=unsupported) from Lm7/aop; (domain=app) using reflection: allowed
2025-09-12 18:55:30.887 29416-29416 Compatibil...geReporter com.example.nutrisaur11              D  Compat change id reported: 171228096; UID 10328; state: ENABLED
2025-09-12 18:55:30.946 29416-29463 ple.nutrisaur1          com.example.nutrisaur11              E  No package ID 6a found for ID 0x6a0b000f.
2025-09-12 18:55:30.947 29416-29463 FA                      com.example.nutrisaur11              I  App measurement initialized, version: 136000
2025-09-12 18:55:30.947 29416-29463 FA                      com.example.nutrisaur11              I  To enable debug logging run: adb shell setprop log.tag.FA VERBOSE
2025-09-12 18:55:30.947 29416-29463 FA                      com.example.nutrisaur11              I  To enable faster debug mode event logging run:
                                                                                                      adb shell setprop debug.firebase.analytics.app com.example.nutrisaur11
2025-09-12 18:55:31.012 29416-29416 MainActivity            com.example.nutrisaur11              D  Fetched barangay from database for vjuc@vjv.kb: 
2025-09-12 18:55:31.013 29416-29416 MainActivity            com.example.nutrisaur11              D  User has no barangay data, FCM initialization delayed until screening completion
2025-09-12 18:55:31.019 29416-29416 CalorieTracker          com.example.nutrisaur11              D  Cleared all calorie data for the day
2025-09-12 18:55:31.019 29416-29416 MainActivity            com.example.nutrisaur11              D  Cleared old calorie data for fresh start
2025-09-12 18:55:31.019 29416-29416 MainActivity            com.example.nutrisaur11              D  Fetching dashboard events for user: vjuc@vjv.kb
2025-09-12 18:55:31.041 29416-29416 MainActivity            com.example.nutrisaur11              D  Checking for new events for user: vjuc@vjv.kb
2025-09-12 18:55:31.054 29416-29463 FA                      com.example.nutrisaur11              I  Tag Manager is not found and thus will not be used
2025-09-12 18:55:31.075 29416-29416 Looper                  com.example.nutrisaur11              W  PerfMonitor looperActivity : package=com.example.nutrisaur11/.MainActivity time=338ms latency=348ms running=281ms  procState=-1  historyMsgCount=3 (msgIndex=1 wall=248ms seq=1 running=41ms runnable=4ms io=6ms h=android.app.ActivityThread$H w=162) (msgIndex=3 wall=128ms seq=3 running=106ms runnable=5ms io=10ms binder=11ms h=android.app.ActivityThread$H w=110)
2025-09-12 18:55:31.075 29416-29416 Looper                  com.example.nutrisaur11              W  PerfMonitor looperActivity : package=com.example.nutrisaur11/.MainActivity time=1ms latency=686ms running=0ms  procState=-1  historyMsgCount=4 (msgIndex=1 wall=248ms seq=1 running=41ms runnable=4ms io=6ms h=android.app.ActivityThread$H w=162) (msgIndex=3 wall=128ms seq=3 running=106ms runnable=5ms io=10ms binder=11ms h=android.app.ActivityThread$H w=110) (msgIndex=4 wall=338ms seq=4 running=281ms runnable=18ms io=4ms swapin=1ms binder=38ms h=android.app.ActivityThread$H w=159)
2025-09-12 18:55:31.135 29416-29448 AdrenoGLES-0            com.example.nutrisaur11              I  QUALCOMM build                   : c5f0e23, I9972db7aac
                                                                                                    Build Date                       : 04/28/21
                                                                                                    OpenGL ES Shader Compiler Version: EV031.32.02.10
                                                                                                    Local Branch                     : mybrancheba83f1e-3815-f156-b760-08f1eafda2d8
                                                                                                    Remote Branch                    : quic/gfx-adreno.lnx.1.0.r99-rel
                                                                                                    Remote Branch                    : NONE
                                                                                                    Reconstruct Branch               : NOTHING
2025-09-12 18:55:31.135 29416-29448 AdrenoGLES-0            com.example.nutrisaur11              I  Build Config                     : S P 10.0.7 AArch64
2025-09-12 18:55:31.135 29416-29448 AdrenoGLES-0            com.example.nutrisaur11              I  Driver Path                      : /vendor/lib64/egl/libGLESv2_adreno.so
2025-09-12 18:55:31.142 29416-29448 AdrenoGLES-0            com.example.nutrisaur11              I  PFP: 0x016ee190, ME: 0x00000000
2025-09-12 18:55:31.157 29416-29448 hw-ProcessState         com.example.nutrisaur11              D  Binder ioctl to enable oneway spam detection failed: Invalid argument
2025-09-12 18:55:31.223 29416-29448 ple.nutrisaur1          com.example.nutrisaur11              E  open libmigui.so failed! dlopen - dlopen failed: library "libmigui.so" not found
2025-09-12 18:55:31.230 29416-29416 Looper                  com.example.nutrisaur11              W  PerfMonitor doFrame : time=155ms vsyncFrame=0 latency=338ms procState=-1 historyMsgCount=3 (msgIndex=1 wall=155ms seq=7 running=104ms runnable=3ms io=1ms binder=11ms late=338ms h=android.view.Choreographer$FrameHandler c=android.view.Choreographer$FrameDisplayEventReceiver)
2025-09-12 18:55:31.233 29416-29416 FoodPreloadService      com.example.nutrisaur11              D  FoodPreloadService created
2025-09-12 18:55:31.234 29416-29416 FoodPreloadService      com.example.nutrisaur11              D  FoodPreloadService started
2025-09-12 18:55:31.237 29416-29484 FoodPreloadService      com.example.nutrisaur11              D  Starting background food preload
2025-09-12 18:55:31.237 29416-29484 FoodPreloadService      com.example.nutrisaur11              D  Successfully preloaded 0 food recommendations
2025-09-12 18:55:31.249 29416-29416 FoodPreloadService      com.example.nutrisaur11              D  FoodPreloadService destroyed
2025-09-12 18:55:31.264 29416-29416 DecorView[]             com.example.nutrisaur11              D  onWindowFocusChanged hasWindowFocus true
2025-09-12 18:55:31.579 29416-29474 MainActivity            com.example.nutrisaur11              D  Events API response code: 200
2025-09-12 18:55:31.584 29416-29474 MainActivity            com.example.nutrisaur11              D  Events API response: {"success":true,"events":[{"id":0,"title":"Test Event for Alion","type":"test","description":"Testing event notification system for meow@m.m","date_time":"2025-01-27 17:30:00","location":"Alion","organizer":"System","created_at":false},{"id":1,"title":"Sample Event","type":"Workshop","description":"Sample description","date_time":"2025-09-08 13:07:00","location":"Sample Location","organizer":"Sample Organizer","created_at":false}]}
2025-09-12 18:55:31.584 29416-29474 MainActivity            com.example.nutrisaur11              D  Found 2 events
2025-09-12 18:55:31.630 29416-29478 MainActivity            com.example.nutrisaur11              D  Events API response code: 200
2025-09-12 18:55:31.649 29416-29474 MainActivity            com.example.nutrisaur11              D  Unified API user events response code: 404
2025-09-12 18:55:31.649 29416-29474 MainActivity            com.example.nutrisaur11              D  Processing 2 events from API
2025-09-12 18:55:31.650 29416-29474 MainActivity            com.example.nutrisaur11              D  Processing event: Test Event for Alion at 2025-01-27 17:30:00
2025-09-12 18:55:31.653 29416-29474 MainActivity            com.example.nutrisaur11              D  Added event: Test Event for Alion at 2025-01-27 17:30:00
2025-09-12 18:55:31.653 29416-29474 MainActivity            com.example.nutrisaur11              D  New event detected: Test Event for Alion
2025-09-12 18:55:31.653 29416-29474 MainActivity            com.example.nutrisaur11              D  Processing event: Sample Event at 2025-09-08 13:07:00
2025-09-12 18:55:31.654 29416-29474 MainActivity            com.example.nutrisaur11              D  Added event: Sample Event at 2025-09-08 13:07:00
2025-09-12 18:55:31.654 29416-29474 MainActivity            com.example.nutrisaur11              D  New event detected: Sample Event
2025-09-12 18:55:31.654 29416-29474 MainActivity            com.example.nutrisaur11              D  Total future events found: 2
2025-09-12 18:55:31.656 29416-29474 MainActivity            com.example.nutrisaur11              D  Displaying 2 events on dashboard
2025-09-12 18:55:31.657 29416-29416 MainActivity            com.example.nutrisaur11              D  Dashboard events refreshed. Count: 2
2025-09-12 18:55:31.931 29416-29478 MainActivity            com.example.nutrisaur11              D  Events API response: {"success":true,"events":[{"id":0,"title":"Test Event for Alion","type":"test","description":"Testing event notification system for meow@m.m","date_time":"2025-01-27 17:30:00","location":"Alion","organizer":"System","created_at":false},{"id":1,"title":"Sample Event","type":"Workshop","description":"Sample description","date_time":"2025-09-08 13:07:00","location":"Sample Location","organizer":"Sample Organizer","created_at":false}]}
2025-09-12 18:55:31.931 29416-29478 MainActivity            com.example.nutrisaur11              D  Found 2 events
2025-09-12 18:55:31.931 29416-29478 MainActivity            com.example.nutrisaur11              D  No new events found
2025-09-12 18:55:31.932 29416-29416 MainActivity            com.example.nutrisaur11              D  Fetching dashboard events for user: vjuc@vjv.kb
2025-09-12 18:55:32.001 29416-29495 MainActivity            com.example.nutrisaur11              D  Events API response code: 200
2025-09-12 18:55:32.003 29416-29495 MainActivity            com.example.nutrisaur11              D  Events API response: {"success":true,"events":[{"id":0,"title":"Test Event for Alion","type":"test","description":"Testing event notification system for meow@m.m","date_time":"2025-01-27 17:30:00","location":"Alion","organizer":"System","created_at":false},{"id":1,"title":"Sample Event","type":"Workshop","description":"Sample description","date_time":"2025-09-08 13:07:00","location":"Sample Location","organizer":"Sample Organizer","created_at":false}]}
2025-09-12 18:55:32.003 29416-29495 MainActivity            com.example.nutrisaur11              D  Found 2 events
2025-09-12 18:55:32.054 29416-29495 MainActivity            com.example.nutrisaur11              D  Unified API user events response code: 404
2025-09-12 18:55:32.054 29416-29495 MainActivity            com.example.nutrisaur11              D  Processing 2 events from API
2025-09-12 18:55:32.054 29416-29495 MainActivity            com.example.nutrisaur11              D  Processing event: Test Event for Alion at 2025-01-27 17:30:00
2025-09-12 18:55:32.055 29416-29495 MainActivity            com.example.nutrisaur11              D  Added event: Test Event for Alion at 2025-01-27 17:30:00
2025-09-12 18:55:32.056 29416-29495 MainActivity            com.example.nutrisaur11              D  Processing event: Sample Event at 2025-09-08 13:07:00
2025-09-12 18:55:32.057 29416-29495 MainActivity            com.example.nutrisaur11              D  Added event: Sample Event at 2025-09-08 13:07:00
2025-09-12 18:55:32.057 29416-29495 MainActivity            com.example.nutrisaur11              D  Total future events found: 2
2025-09-12 18:55:32.058 29416-29495 MainActivity            com.example.nutrisaur11              D  Displaying 2 events on dashboard
2025-09-12 18:55:32.059 29416-29416 MainActivity            com.example.nutrisaur11              D  Dashboard events refreshed. Count: 2
2025-09-12 18:55:34.899 29416-29416 IS_CTS_MODE             com.example.nutrisaur11              D  false
2025-09-12 18:55:34.899 29416-29416 MULTI_WIND...CH_ENABLED com.example.nutrisaur11              D  false
2025-09-12 18:55:34.901 29416-29416 DecorView[]             com.example.nutrisaur11              D  getWindowModeFromSystem  windowmode is 1
2025-09-12 18:55:34.983 29416-29416 DecorView[]             com.example.nutrisaur11              D  onWindowFocusChanged hasWindowFocus false
2025-09-12 18:55:35.003 28364-30959 ActivityManagerWrapper  com.miui.home                        E  getRecentTasks: taskId=8395   userId=0   baseIntent=Intent { act=android.intent.action.MAIN cat=[android.intent.category.LAUNCHER] flg=0x10000000 cmp=com.example.nutrisaur11/.MainActivity }
2025-09-12 18:55:35.009 29416-29416 DecorView[]             com.example.nutrisaur11              D  onWindowFocusChanged hasWindowFocus true
2025-09-12 18:55:35.629 29416-29416 IS_CTS_MODE             com.example.nutrisaur11              D  false
2025-09-12 18:55:35.629 29416-29416 MULTI_WIND...CH_ENABLED com.example.nutrisaur11              D  false
2025-09-12 18:55:35.632 29416-29416 DecorView[]             com.example.nutrisaur11              D  getWindowModeFromSystem  windowmode is 1
2025-09-12 18:55:35.653 29416-29416 FullScreenCamera        com.example.nutrisaur11              D  Using camera 0
2025-09-12 18:55:35.653 29416-29416 CameraManagerGlobal     com.example.nutrisaur11              I  Connecting to camera service
2025-09-12 18:55:35.657 29416-29416 CameraExtStub           com.example.nutrisaur11              D  init android.hardware.camera2.impl.CameraExtImplXiaoMi
2025-09-12 18:55:35.658 29416-29416 libc                    com.example.nutrisaur11              W  Access denied finding property "vendor.camera.aux.packagelist"
2025-09-12 18:55:35.658 29416-29416 CameraManagerGlobal     com.example.nutrisaur11              W  [soar.cts] ignore the status update of camera: 2
2025-09-12 18:55:35.658 29416-29416 libc                    com.example.nutrisaur11              W  Access denied finding property "vendor.camera.aux.packagelist"
2025-09-12 18:55:35.659 29416-29416 CameraManagerGlobal     com.example.nutrisaur11              W  [soar.cts] ignore the status update of camera: 3
2025-09-12 18:55:35.659 29416-29416 libc                    com.example.nutrisaur11              W  Access denied finding property "vendor.camera.aux.packagelist"
2025-09-12 18:55:35.659 29416-29416 CameraManagerGlobal     com.example.nutrisaur11              W  [soar.cts] ignore the status update of camera: 4
2025-09-12 18:55:35.659 29416-29416 libc                    com.example.nutrisaur11              W  Access denied finding property "vendor.camera.aux.packagelist"
2025-09-12 18:55:35.659 29416-29416 CameraManagerGlobal     com.example.nutrisaur11              W  [soar.cts] ignore the status update of camera: 5
2025-09-12 18:55:35.659 29416-29416 libc                    com.example.nutrisaur11              W  Access denied finding property "vendor.camera.aux.packagelist"
2025-09-12 18:55:35.659 29416-29416 CameraManagerGlobal     com.example.nutrisaur11              W  [soar.cts] ignore the status update of camera: 6
2025-09-12 18:55:35.659 29416-29416 libc                    com.example.nutrisaur11              W  Access denied finding property "vendor.camera.aux.packagelist"
2025-09-12 18:55:35.659 29416-29416 CameraManagerGlobal     com.example.nutrisaur11              W  [soar.cts] ignore the status update of camera: 7
2025-09-12 18:55:35.659 29416-29416 libc                    com.example.nutrisaur11              W  Access denied finding property "vendor.camera.aux.packagelist"
2025-09-12 18:55:35.659 29416-29416 CameraManagerGlobal     com.example.nutrisaur11              W  [soar.cts] ignore the status update of camera: 8
2025-09-12 18:55:35.660 29416-29434 libc                    com.example.nutrisaur11              W  Access denied finding property "vendor.camera.aux.packagelist"
2025-09-12 18:55:35.660 29416-29434 CameraManagerGlobal     com.example.nutrisaur11              W  ignore the torch status update of camera: 3
2025-09-12 18:55:35.660 29416-29434 libc                    com.example.nutrisaur11              W  Access denied finding property "vendor.camera.aux.packagelist"
2025-09-12 18:55:35.661 29416-29434 CameraManagerGlobal     com.example.nutrisaur11              W  ignore the torch status update of camera: 4
2025-09-12 18:55:35.661 29416-29434 libc                    com.example.nutrisaur11              W  Access denied finding property "vendor.camera.aux.packagelist"
2025-09-12 18:55:35.661 29416-29434 CameraManagerGlobal     com.example.nutrisaur11              W  ignore the torch status update of camera: 5
2025-09-12 18:55:35.661 29416-29434 libc                    com.example.nutrisaur11              W  Access denied finding property "vendor.camera.aux.packagelist"
2025-09-12 18:55:35.661 29416-29434 CameraManagerGlobal     com.example.nutrisaur11              W  ignore the torch status update of camera: 6
2025-09-12 18:55:35.661 29416-29434 libc                    com.example.nutrisaur11              W  Access denied finding property "vendor.camera.aux.packagelist"
2025-09-12 18:55:35.661 29416-29434 CameraManagerGlobal     com.example.nutrisaur11              W  ignore the torch status update of camera: 7
2025-09-12 18:55:35.669 29416-29416 libc                    com.example.nutrisaur11              W  Access denied finding property "persist.vendor.camera.privapp.list"
2025-09-12 18:55:35.669 29416-29416 CameraExtImplXiaoMi     com.example.nutrisaur11              D  initCameraDevice: 0
2025-09-12 18:55:35.704 29416-29512 CameraManagerGlobal     com.example.nutrisaur11              E  Camera 5 is not available. Ignore physical camera status change
2025-09-12 18:55:35.704 29416-29512 CameraManagerGlobal     com.example.nutrisaur11              E  Camera 6 is not available. Ignore physical camera status change
2025-09-12 18:55:35.705 29416-29434 libc                    com.example.nutrisaur11              W  Access denied finding property "vendor.camera.aux.packagelist"
2025-09-12 18:55:35.705 29416-29434 CameraManagerGlobal     com.example.nutrisaur11              W  ignore the torch status update of camera: 3
2025-09-12 18:55:35.709 29416-29434 libc                    com.example.nutrisaur11              W  Access denied finding property "vendor.camera.aux.packagelist"
2025-09-12 18:55:35.709 29416-29434 CameraManagerGlobal     com.example.nutrisaur11              W  ignore the torch status update of camera: 4
2025-09-12 18:55:35.709 29416-29430 libc                    com.example.nutrisaur11              W  Access denied finding property "vendor.camera.aux.packagelist"
2025-09-12 18:55:35.709 29416-29430 CameraManagerGlobal     com.example.nutrisaur11              W  ignore the torch status update of camera: 5
2025-09-12 18:55:35.709 29416-29430 libc                    com.example.nutrisaur11              W  Access denied finding property "vendor.camera.aux.packagelist"
2025-09-12 18:55:35.710 29416-29430 CameraManagerGlobal     com.example.nutrisaur11              W  ignore the torch status update of camera: 6
2025-09-12 18:55:35.710 29416-29430 libc                    com.example.nutrisaur11              W  Access denied finding property "vendor.camera.aux.packagelist"
2025-09-12 18:55:35.710 29416-29430 CameraManagerGlobal     com.example.nutrisaur11              W  ignore the torch status update of camera: 7
2025-09-12 18:55:35.717 28364-30959 ActivityManagerWrapper  com.miui.home                        E  getRecentTasks: taskId=8395   userId=0   baseIntent=Intent { act=android.intent.action.MAIN cat=[android.intent.category.LAUNCHER] flg=0x10000000 cmp=com.example.nutrisaur11/.MainActivity }
2025-09-12 18:55:35.720 29416-29511 FullScreenCamera        com.example.nutrisaur11              D  Camera opened successfully, creating preview immediately...
2025-09-12 18:55:35.720 29416-29511 FullScreenCamera        com.example.nutrisaur11              W  Surface texture is null, cannot create preview session
2025-09-12 18:55:35.734 29416-29416 DecorView[]             com.example.nutrisaur11              D  getWindowModeFromSystem  windowmode is 1
2025-09-12 18:55:35.734 29416-29416 DecorView[]             com.example.nutrisaur11              D  updateDecorCaptionStatus displayWindowDecor is false
2025-09-12 18:55:35.777 29416-29416 FullScreenCamera        com.example.nutrisaur11              D  Using camera 0
2025-09-12 18:55:35.784 29416-29416 libc                    com.example.nutrisaur11              W  Access denied finding property "persist.vendor.camera.privapp.list"
2025-09-12 18:55:35.784 29416-29416 CameraExtImplXiaoMi     com.example.nutrisaur11              D  initCameraDevice: 0
2025-09-12 18:55:35.788 29416-29512 CameraDevice-JV-0       com.example.nutrisaur11              W  Device error received, code 0, frame number 0, request ID -1, subseq ID 0
2025-09-12 18:55:35.789 29416-29511 FullScreenCamera        com.example.nutrisaur11              W  Camera disconnected
2025-09-12 18:55:35.789 29416-29511 CameraExtImplXiaoMi     com.example.nutrisaur11              D  releaseCameraDevice: 0
2025-09-12 18:55:35.791 29416-29511 CameraDevice-JV-0       com.example.nutrisaur11              D  close: E. id = 0
2025-09-12 18:55:35.810 29416-29512 libc                    com.example.nutrisaur11              W  Access denied finding property "vendor.camera.aux.packagelist"
2025-09-12 18:55:35.810 29416-29512 CameraManagerGlobal     com.example.nutrisaur11              W  ignore the torch status update of camera: 3
2025-09-12 18:55:35.811 29416-29512 libc                    com.example.nutrisaur11              W  Access denied finding property "vendor.camera.aux.packagelist"
2025-09-12 18:55:35.811 29416-29512 CameraManagerGlobal     com.example.nutrisaur11              W  ignore the torch status update of camera: 4
2025-09-12 18:55:35.811 29416-29434 libc                    com.example.nutrisaur11              W  Access denied finding property "vendor.camera.aux.packagelist"
2025-09-12 18:55:35.811 29416-29434 CameraManagerGlobal     com.example.nutrisaur11              W  ignore the torch status update of camera: 5
2025-09-12 18:55:35.811 29416-29434 libc                    com.example.nutrisaur11              W  Access denied finding property "vendor.camera.aux.packagelist"
2025-09-12 18:55:35.811 29416-29434 CameraManagerGlobal     com.example.nutrisaur11              W  ignore the torch status update of camera: 6
2025-09-12 18:55:35.811 29416-29434 libc                    com.example.nutrisaur11              W  Access denied finding property "vendor.camera.aux.packagelist"
2025-09-12 18:55:35.811 29416-29434 CameraManagerGlobal     com.example.nutrisaur11              W  ignore the torch status update of camera: 7
2025-09-12 18:55:35.820 29416-29512 CameraManagerGlobal     com.example.nutrisaur11              E  Camera 5 is not available. Ignore physical camera status change
2025-09-12 18:55:35.820 29416-29512 CameraManagerGlobal     com.example.nutrisaur11              E  Camera 6 is not available. Ignore physical camera status change
2025-09-12 18:55:35.823 29416-29511 CameraDevice-JV-0       com.example.nutrisaur11              D  close: X
2025-09-12 18:55:35.829 29416-29434 CameraManagerGlobal     com.example.nutrisaur11              E  Camera 5 is not available. Ignore physical camera status change
2025-09-12 18:55:35.829 29416-29434 CameraManagerGlobal     com.example.nutrisaur11              E  Camera 6 is not available. Ignore physical camera status change
2025-09-12 18:55:35.830 29416-29430 libc                    com.example.nutrisaur11              W  Access denied finding property "vendor.camera.aux.packagelist"
2025-09-12 18:55:35.830 29416-29430 CameraManagerGlobal     com.example.nutrisaur11              W  ignore the torch status update of camera: 3
2025-09-12 18:55:35.831 29416-29430 libc                    com.example.nutrisaur11              W  Access denied finding property "vendor.camera.aux.packagelist"
2025-09-12 18:55:35.831 29416-29430 CameraManagerGlobal     com.example.nutrisaur11              W  ignore the torch status update of camera: 4
2025-09-12 18:55:35.831 29416-29430 libc                    com.example.nutrisaur11              W  Access denied finding property "vendor.camera.aux.packagelist"
2025-09-12 18:55:35.831 29416-29430 CameraManagerGlobal     com.example.nutrisaur11              W  ignore the torch status update of camera: 5
2025-09-12 18:55:35.832 29416-29430 libc                    com.example.nutrisaur11              W  Access denied finding property "vendor.camera.aux.packagelist"
2025-09-12 18:55:35.832 29416-29430 CameraManagerGlobal     com.example.nutrisaur11              W  ignore the torch status update of camera: 6
2025-09-12 18:55:35.833 29416-29430 libc                    com.example.nutrisaur11              W  Access denied finding property "vendor.camera.aux.packagelist"
2025-09-12 18:55:35.833 29416-29430 CameraManagerGlobal     com.example.nutrisaur11              W  ignore the torch status update of camera: 7
2025-09-12 18:55:35.838 29416-29511 FullScreenCamera        com.example.nutrisaur11              D  Camera opened successfully, creating preview immediately...
2025-09-12 18:55:35.842 29416-29511 CameraDevice-JV-0       com.example.nutrisaur11              D  waitUntilIdle: E. id = 0
2025-09-12 18:55:35.842 29416-29511 CameraDevice-JV-0       com.example.nutrisaur11              D  waitUntilIdle: X
2025-09-12 18:55:35.855 29416-29416 DecorView[]             com.example.nutrisaur11              D  onWindowFocusChanged hasWindowFocus false
2025-09-12 18:55:35.858 29416-29430 OpenGLRenderer          com.example.nutrisaur11              I  Davey! duration=9222643729355ms; Flags=1, FrameTimelineVsyncId=31385568, IntendedVsync=728307498645505, Vsync=728307498645505, InputEventId=0, HandleInputStart=728307505350499, AnimationStart=728307505355030, PerformTraversalsStart=728307505357478, DrawStart=728307536200864, FrameDeadline=728307515312171, FrameInterval=728307505319718, FrameStartTime=16666666, SyncQueued=728307600511385, SyncStart=728307600929562, IssueDrawCommandsStart=728307601161541, SwapBuffers=728307612018051, FrameCompleted=9223372036854775807, DequeueBufferDuration=81250, QueueBufferDuration=1429843, GpuCompleted=9223372036854775807, SwapBuffersCompleted=728307613794978, DisplayPresentTime=8242834580892380258, 
2025-09-12 18:55:35.915 29416-29416 DecorView[]             com.example.nutrisaur11              D  onWindowFocusChanged hasWindowFocus true
2025-09-12 18:55:36.269 29416-29430 CameraDevice-JV-0       com.example.nutrisaur11              W  Device error received, code 4, frame number 2, request ID 0, subseq ID 0
2025-09-12 18:55:36.270 29416-29430 CameraDevice-JV-0       com.example.nutrisaur11              W  got error frame 2
2025-09-12 18:55:36.980 29416-29546 ProfileInstaller        com.example.nutrisaur11              D  Installing profile for com.example.nutrisaur11
2025-09-12 18:55:39.571 29416-29416 FullScreenCamera        com.example.nutrisaur11              D  Analysis complete - staying on camera screen
2025-09-12 18:55:58.927 29416-29425 ple.nutrisaur1          com.example.nutrisaur11              W  Cleared Reference was only reachable from finalizer (only reported once)
2025-09-12 18:55:58.936 29416-29425 ple.nutrisaur1          com.example.nutrisaur11              I  Background concurrent copying GC freed 8898KB AllocSpace bytes, 39(1036KB) LOS objects, 49% free, 5458KB/10MB, paused 208us,57us total 109.973ms
2025-09-12 18:55:58.958 29416-29427 System                  com.example.nutrisaur11              W  A resource failed to call close. 
2025-09-12 18:55:58.964 29416-29427 System                  com.example.nutrisaur11              W  A resource failed to call close. 
2025-09-12 18:56:18.184 29416-29430 CameraDevice-JV-0       com.example.nutrisaur11              W  Device error received, code 4, frame number 0, request ID 0, subseq ID 0
2025-09-12 18:56:18.187 29416-29430 CameraDevice-JV-0       com.example.nutrisaur11              W  got error frame 0
2025-09-12 18:56:18.198 29416-29430 CameraDevice-JV-0       com.example.nutrisaur11              W  Device error received, code 5, frame number 0, request ID 0, subseq ID 0
2025-09-12 18:56:18.201 29416-29430 CameraDevice-JV-0       com.example.nutrisaur11              W  Device error received, code 4, frame number 1, request ID 0, subseq ID 0
2025-09-12 18:56:18.202 29416-29430 CameraDevice-JV-0       com.example.nutrisaur11              W  got error frame 1
2025-09-12 18:56:18.202 29416-29430 CameraDevice-JV-0       com.example.nutrisaur11              W  Device error received, code 5, frame number 1, request ID 0, subseq ID 0
2025-09-12 18:56:18.203 29416-29430 CameraDevice-JV-0       com.example.nutrisaur11              W  Device error received, code 5, frame number 2, request ID 0, subseq ID 0
2025-09-12 18:56:18.205 29416-29512 CameraDevice-JV-0       com.example.nutrisaur11              W  Device error received, code 3, frame number 3, request ID 0, subseq ID 0
2025-09-12 18:56:18.205 29416-29512 CameraDevice-JV-0       com.example.nutrisaur11              W  got error frame 3
2025-09-12 18:56:18.206 29416-29512 CameraDevice-JV-0       com.example.nutrisaur11              W  Device error received, code 3, frame number 4, request ID 0, subseq ID 0
2025-09-12 18:56:18.207 29416-29512 CameraDevice-JV-0       com.example.nutrisaur11              W  got error frame 4
2025-09-12 18:56:18.207 29416-29512 CameraDevice-JV-0       com.example.nutrisaur11              W  Device error received, code 3, frame number 5, request ID 0, subseq ID 0
2025-09-12 18:56:18.208 29416-29512 CameraDevice-JV-0       com.example.nutrisaur11              W  got error frame 5
2025-09-12 18:56:18.875 29416-29512 OpenGLRenderer          com.example.nutrisaur11              I  Davey! duration=9222643686373ms; Flags=0, FrameTimelineVsyncId=31385950, IntendedVsync=728350478629503, Vsync=728350478629503, InputEventId=0, HandleInputStart=728350479305014, AnimationStart=728350479308608, PerformTraversalsStart=728350479311264, DrawStart=728350479425274, FrameDeadline=728350511962835, FrameInterval=728350479283452, FrameStartTime=16666666, SyncQueued=728350483238087, SyncStart=728350485718399, IssueDrawCommandsStart=728350485833035, SwapBuffers=728350621701160, FrameCompleted=9223372036854775807, DequeueBufferDuration=21094, QueueBufferDuration=1609792, GpuCompleted=9223372036854775807, SwapBuffersCompleted=728350624096264, DisplayPresentTime=99082501578070596, 
2025-09-12 18:56:18.892 29416-29512 OpenGLRenderer          com.example.nutrisaur11              I  Davey! duration=9222643686235ms; Flags=0, FrameTimelineVsyncId=31385951, IntendedVsync=728350495379560, Vsync=728350495379560, InputEventId=0, HandleInputStart=728350498328556, AnimationStart=728350498331056, PerformTraversalsStart=728350498332670, DrawStart=728350499290639, FrameDeadline=728350528712892, FrameInterval=728350498313139, FrameStartTime=16666666, SyncQueued=728350499858556, SyncStart=728350624124962, IssueDrawCommandsStart=728350624450691, SwapBuffers=728350629893035, FrameCompleted=9223372036854775807, DequeueBufferDuration=49271, QueueBufferDuration=12339219, GpuCompleted=9223372036854775807, SwapBuffersCompleted=728350643971004, DisplayPresentTime=188593286418962184, 
2025-09-12 18:56:18.910 29416-29512 OpenGLRenderer          com.example.nutrisaur11              I  Davey! duration=9222643686202ms; Flags=0, FrameTimelineVsyncId=31385955, IntendedVsync=728350629380016, Vsync=728350629380016, InputEventId=0, HandleInputStart=728350630382722, AnimationStart=728350630384754, PerformTraversalsStart=728350630386056, DrawStart=728350630590691, FrameDeadline=728350662713348, FrameInterval=728350630366889, FrameStartTime=16666666, SyncQueued=728350630816004, SyncStart=728350653293556, IssueDrawCommandsStart=728350653480274, SwapBuffers=728350656929493, FrameCompleted=9223372036854775807, DequeueBufferDuration=57448, QueueBufferDuration=3740052, GpuCompleted=9223372036854775807, SwapBuffersCompleted=728350661731837, DisplayPresentTime=4900373852820865024, 
2025-09-12 18:56:18.978 29416-29512 OpenGLRenderer          com.example.nutrisaur11              I  Davey! duration=9222643686135ms; Flags=0, FrameTimelineVsyncId=31385959, IntendedVsync=728350715698100, Vsync=728350715698100, InputEventId=0, HandleInputStart=728350717393087, AnimationStart=728350717397410, PerformTraversalsStart=728350717400691, DrawStart=728350717513035, FrameDeadline=728350749031432, FrameInterval=728350717369649, FrameStartTime=16666666, SyncQueued=728350717691472, SyncStart=728350721152514, IssueDrawCommandsStart=728350721293087, SwapBuffers=728350722792410, FrameCompleted=9223372036854775807, DequeueBufferDuration=29636, QueueBufferDuration=1909531, GpuCompleted=9223372036854775807, SwapBuffersCompleted=728350725309233, DisplayPresentTime=41156608, 
2025-09-12 18:56:19.045 29416-29512 OpenGLRenderer          com.example.nutrisaur11              I  Davey! duration=9222643686069ms; Flags=0, FrameTimelineVsyncId=31385962, IntendedVsync=728350781831666, Vsync=728350781831666, InputEventId=0, HandleInputStart=728350782878295, AnimationStart=728350782884545, PerformTraversalsStart=728350782888816, DrawStart=728350783079701, FrameDeadline=728350815164998, FrameInterval=728350782844441, FrameStartTime=16666666, SyncQueued=728350783482514, SyncStart=728350787197983, IssueDrawCommandsStart=728350787283087, SwapBuffers=728350788767462, FrameCompleted=9223372036854775807, DequeueBufferDuration=27083, QueueBufferDuration=2106094, GpuCompleted=9223372036854775807, SwapBuffersCompleted=728350791494181, DisplayPresentTime=41156608, 
2025-09-12 18:56:19.109 29416-29430 OpenGLRenderer          com.example.nutrisaur11              I  Davey! duration=9222643686000ms; Flags=0, FrameTimelineVsyncId=31385965, IntendedVsync=728350848498330, Vsync=728350848498330, InputEventId=0, HandleInputStart=728350849720014, AnimationStart=728350849726056, PerformTraversalsStart=728350849730222, DrawStart=728350849952566, FrameDeadline=728350881831662, FrameInterval=728350849681785, FrameStartTime=16666666, SyncQueued=728350850431108, SyncStart=728350856184337, IssueDrawCommandsStart=728350856394545, SwapBuffers=728350861191160, FrameCompleted=9223372036854775807, DequeueBufferDuration=50156, QueueBufferDuration=1653229, GpuCompleted=9223372036854775807, SwapBuffersCompleted=728350863673920, DisplayPresentTime=1011977308304891610, 
2025-09-12 18:56:19.178 29416-29430 OpenGLRenderer          com.example.nutrisaur11              I  Davey! duration=9222643685933ms; Flags=0, FrameTimelineVsyncId=31385968, IntendedVsync=728350915199370, Vsync=728350915199370, InputEventId=0, HandleInputStart=728350916337618, AnimationStart=728350916345118, PerformTraversalsStart=728350916350326, DrawStart=728350916623295, FrameDeadline=728350948532702, FrameInterval=728350916296785, FrameStartTime=16666666, SyncQueued=728350916988243, SyncStart=728350923114389, IssueDrawCommandsStart=728350923287774, SwapBuffers=728350926532410, FrameCompleted=9223372036854775807, DequeueBufferDuration=52864, QueueBufferDuration=1588750, GpuCompleted=9223372036854775807, SwapBuffersCompleted=728350929054806, DisplayPresentTime=1028191639691646788, 
2025-09-12 18:56:19.247 29416-29430 OpenGLRenderer          com.example.nutrisaur11              I  Davey! duration=9222643685866ms; Flags=0, FrameTimelineVsyncId=31385971, IntendedVsync=728350982254381, Vsync=728350982254381, InputEventId=0, HandleInputStart=728350983525431, AnimationStart=728350983533191, PerformTraversalsStart=728350983538556, DrawStart=728350983853660, FrameDeadline=728351015587713, FrameInterval=728350983479962, FrameStartTime=16666666, SyncQueued=728350984308191, SyncStart=728350990790795, IssueDrawCommandsStart=728350991039597, SwapBuffers=728350994988868, FrameCompleted=9223372036854775807, DequeueBufferDuration=58541, QueueBufferDuration=2532188, GpuCompleted=9223372036854775807, SwapBuffersCompleted=728350999000483, DisplayPresentTime=19922944, 
2025-09-12 18:56:19.310 29416-29512 OpenGLRenderer          com.example.nutrisaur11              I  Davey! duration=9222643685800ms; Flags=0, FrameTimelineVsyncId=31385976, IntendedVsync=728351048788604, Vsync=728351048788604, InputEventId=0, HandleInputStart=728351051260639, AnimationStart=728351051266576, PerformTraversalsStart=728351051271576, DrawStart=728351051592097, FrameDeadline=728351082121936, FrameInterval=728351051205222, FrameStartTime=16666666, SyncQueued=728351051914597, SyncStart=728351057023295, IssueDrawCommandsStart=728351057223191, SwapBuffers=728351060601160, FrameCompleted=9223372036854775807, DequeueBufferDuration=59687, QueueBufferDuration=1675208, GpuCompleted=9223372036854775807, SwapBuffersCompleted=728351063234285, DisplayPresentTime=188593286418962184, 
2025-09-12 18:56:19.378 29416-29430 OpenGLRenderer          com.example.nutrisaur11              I  Davey! duration=9222643685738ms; Flags=0, FrameTimelineVsyncId=31385979, IntendedVsync=728351115359225, Vsync=728351115359225, InputEventId=0, HandleInputStart=728351116793295, AnimationStart=728351116800743, PerformTraversalsStart=728351116806368, DrawStart=728351117045691, FrameDeadline=728351148692557, FrameInterval=728351116749649, FrameStartTime=16666666, SyncQueued=728351117433191, SyncStart=728351118094441, IssueDrawCommandsStart=728351118260795, SwapBuffers=728351121929649, FrameCompleted=9223372036854775807, DequeueBufferDuration=43386, QueueBufferDuration=2157917, GpuCompleted=9223372036854775807, SwapBuffersCompleted=728351125233503, DisplayPresentTime=847302635242502, 
2025-09-12 18:56:19.451 29416-29430 OpenGLRenderer          com.example.nutrisaur11              I  Davey! duration=9222643685672ms; Flags=0, FrameTimelineVsyncId=31385982, IntendedVsync=728351181978150, Vsync=728351181978150, InputEventId=0, HandleInputStart=728351182898347, AnimationStart=728351182903503, PerformTraversalsStart=728351182907514, DrawStart=728351183095170, FrameDeadline=728351215311482, FrameInterval=728351182864805, FrameStartTime=16666666, SyncQueued=728351183395691, SyncStart=728351183896472, IssueDrawCommandsStart=728351184054962, SwapBuffers=728351186821993, FrameCompleted=9223372036854775807, DequeueBufferDuration=42240, QueueBufferDuration=1512343, GpuCompleted=9223372036854775807, SwapBuffersCompleted=728351189253764, DisplayPresentTime=206394049536, 
2025-09-12 18:56:19.513 29416-29512 OpenGLRenderer          com.example.nutrisaur11              I  Davey! duration=9222643685605ms; Flags=0, FrameTimelineVsyncId=31385986, IntendedVsync=728351248853644, Vsync=728351248853644, InputEventId=0, HandleInputStart=728351249916889, AnimationStart=728351249923868, PerformTraversalsStart=728351249929024, DrawStart=728351250464753, FrameDeadline=728351282186976, FrameInterval=728351249874441, FrameStartTime=16666666, SyncQueued=728351250860378, SyncStart=728351251561628, IssueDrawCommandsStart=728351251998868, SwapBuffers=728351255625951, FrameCompleted=9223372036854775807, DequeueBufferDuration=58125, QueueBufferDuration=1795729, GpuCompleted=9223372036854775807, SwapBuffersCompleted=728351258484024, DisplayPresentTime=3407872, 
2025-09-12 18:56:19.578 29416-29430 OpenGLRenderer          com.example.nutrisaur11              I  Davey! duration=9222643685538ms; Flags=0, FrameTimelineVsyncId=31385989, IntendedVsync=728351315409703, Vsync=728351315409703, InputEventId=0, HandleInputStart=728351316482826, AnimationStart=728351316489389, PerformTraversalsStart=728351316493712, DrawStart=728351316728816, FrameDeadline=728351348743035, FrameInterval=728351316443451, FrameStartTime=16666666, SyncQueued=728351317172410, SyncStart=728351317793295, IssueDrawCommandsStart=728351317943816, SwapBuffers=728351321435222, FrameCompleted=9223372036854775807, DequeueBufferDuration=39635, QueueBufferDuration=2112239, GpuCompleted=9223372036854775807, SwapBuffersCompleted=728351324675482, DisplayPresentTime=3407968, 
2025-09-12 18:56:19.652 29416-29430 OpenGLRenderer          com.example.nutrisaur11              I  Davey! duration=9222643685472ms; Flags=0, FrameTimelineVsyncId=31385992, IntendedVsync=728351382043839, Vsync=728351382043839, InputEventId=0, HandleInputStart=728351383299232, AnimationStart=728351383306316, PerformTraversalsStart=728351383311785, DrawStart=728351383555639, FrameDeadline=728351415377171, FrameInterval=728351383254962, FrameStartTime=16666666, SyncQueued=728351383948451, SyncStart=728351384632305, IssueDrawCommandsStart=728351384834545, SwapBuffers=728351388413295, FrameCompleted=9223372036854775807, DequeueBufferDuration=44740, QueueBufferDuration=2478854, GpuCompleted=9223372036854775807, SwapBuffersCompleted=728351392096264, DisplayPresentTime=264589787883936324, 
2025-09-12 18:56:19.714 29416-29430 OpenGLRenderer          com.example.nutrisaur11              I  Davey! duration=9222643685405ms; Flags=0, FrameTimelineVsyncId=31385996, IntendedVsync=728351448678129, Vsync=728351448678129, InputEventId=0, HandleInputStart=728351449681003, AnimationStart=728351449687826, PerformTraversalsStart=728351449692930, DrawStart=728351449898243, FrameDeadline=728351482011461, FrameInterval=728351449644597, FrameStartTime=16666666, SyncQueued=728351450307045, SyncStart=728351451305951, IssueDrawCommandsStart=728351451658451, SwapBuffers=728351455555535, FrameCompleted=9223372036854775807, DequeueBufferDuration=52135, QueueBufferDuration=2521615, GpuCompleted=9223372036854775807, SwapBuffersCompleted=728351459585274, DisplayPresentTime=4962640530061396481, 
2025-09-12 18:56:19.852 29416-29512 OpenGLRenderer          com.example.nutrisaur11              I  Davey! duration=9222643685272ms; Flags=0, FrameTimelineVsyncId=31386003, IntendedVsync=728351581967556, Vsync=728351581967556, InputEventId=0, HandleInputStart=728351583533191, AnimationStart=728351583540326, PerformTraversalsStart=728351583545482, DrawStart=728351583787982, FrameDeadline=728351615300888, FrameInterval=728351583484805, FrameStartTime=16666666, SyncQueued=728351584164128, SyncStart=728351584874076, IssueDrawCommandsStart=728351585388034, SwapBuffers=728351588835691, FrameCompleted=9223372036854775807, DequeueBufferDuration=49011, QueueBufferDuration=2198594, GpuCompleted=9223372036854775807, SwapBuffersCompleted=728351592133659, DisplayPresentTime=3407872, 
2025-09-12 18:56:19.912 29416-29430 OpenGLRenderer          com.example.nutrisaur11              I  Davey! duration=9222643685205ms; Flags=0, FrameTimelineVsyncId=31386007, IntendedVsync=728351648646125, Vsync=728351648646125, InputEventId=0, HandleInputStart=728351650607357, AnimationStart=728351650614076, PerformTraversalsStart=728351650618503, DrawStart=728351650888451, FrameDeadline=728351681979457, FrameInterval=728351650558920, FrameStartTime=16666666, SyncQueued=728351651304962, SyncStart=728351652008451, IssueDrawCommandsStart=728351652182253, SwapBuffers=728351655522409, FrameCompleted=9223372036854775807, DequeueBufferDuration=62448, QueueBufferDuration=2603229, GpuCompleted=9223372036854775807, SwapBuffersCompleted=728351659295066, DisplayPresentTime=3407952, 
2025-09-12 18:56:19.977 29416-29512 OpenGLRenderer          com.example.nutrisaur11              I  Davey! duration=9222643685138ms; Flags=0, FrameTimelineVsyncId=31386010, IntendedVsync=728351715290653, Vsync=728351715290653, InputEventId=0, HandleInputStart=728351716944076, AnimationStart=728351716951264, PerformTraversalsStart=728351716956524, DrawStart=728351717194180, FrameDeadline=728351748623985, FrameInterval=728351716901628, FrameStartTime=16666666, SyncQueued=728351717567357, SyncStart=728351718223451, IssueDrawCommandsStart=728351718386889, SwapBuffers=728351722197930, FrameCompleted=9223372036854775807, DequeueBufferDuration=44844, QueueBufferDuration=2375834, GpuCompleted=9223372036854775807, SwapBuffersCompleted=728351725810691, DisplayPresentTime=65798144, 
2025-09-12 18:56:20.112 29416-29512 OpenGLRenderer          com.example.nutrisaur11              I  Davey! duration=9222643685005ms; Flags=0, FrameTimelineVsyncId=31386017, IntendedVsync=728351848607724, Vsync=728351848607724, InputEventId=0, HandleInputStart=728351850824024, AnimationStart=728351850830170, PerformTraversalsStart=728351850834336, DrawStart=728351851192826, FrameDeadline=728351881941056, FrameInterval=728351850703659, FrameStartTime=16666666, SyncQueued=728351851642409, SyncStart=728351852278191, IssueDrawCommandsStart=728351852426784, SwapBuffers=728351855550274, FrameCompleted=9223372036854775807, DequeueBufferDuration=42448, QueueBufferDuration=1852812, GpuCompleted=9223372036854775807, SwapBuffersCompleted=728351858449545, DisplayPresentTime=2883584, 
