2025-09-14 20:35:44.400  2558-2558  ActivityManagerWrapper  com.miui.home                        E  getRecentTasks: mainTaskId=817   userId=0   windowMode=1   baseIntent=Intent { act=android.intent.action.MAIN flag=268435456 cmp=ComponentInfo{com.example.nutrisaur11/com.example.nutrisaur11.MainActivity} }
2025-09-14 20:35:44.645  2558-2882  ActivityManagerWrapper  com.miui.home                        E  getRecentTasks: mainTaskId=817   userId=0   windowMode=1   baseIntent=Intent { act=android.intent.action.MAIN flag=268435456 cmp=ComponentInfo{com.example.nutrisaur11/com.example.nutrisaur11.MainActivity} }
2025-09-14 20:35:47.356  1178-1285  BufferQueueDebug        surfaceflinger                       E  [ActivityRecord{a479b04 u0 com.example.nutrisaur11/.MainActivity t818}#12212](this:0xb400007e9aef1a30,id:-1,api:0,p:-1,c:-1) id info cannot be read from 'ActivityRecord{a479b04 u0 com.example.nutrisaur11/.MainActivity t818}#12212'
2025-09-14 20:35:47.378  1178-1285  BufferQueueDebug        surfaceflinger                       E  [ae33f6e Splash Screen com.example.nutrisaur11#12213](this:0xb400007e9af00a30,id:-1,api:0,p:-1,c:-1) id info cannot be read from 'ae33f6e Splash Screen com.example.nutrisaur11#12213'
2025-09-14 20:35:47.387  1178-1285  BufferQueueDebug        surfaceflinger                       E  [Splash Screen com.example.nutrisaur11#12214](this:0xb400007ea3d5da30,id:-1,api:0,p:-1,c:-1) id info cannot be read from 'Splash Screen com.example.nutrisaur11#12214'
2025-09-14 20:35:47.414 28549-28549 Zygote                  com.miui.cloudbackup                 E  process_name_ptr:28549 com.example.nutrisaur11
2025-09-14 20:35:47.419  2558-2882  ActivityManagerWrapper  com.miui.home                        E  getRecentTasks: mainTaskId=818   userId=0   windowMode=1   baseIntent=Intent { act=android.intent.action.MAIN flag=268435456 cmp=ComponentInfo{com.example.nutrisaur11/com.example.nutrisaur11.MainActivity} }
2025-09-14 20:35:47.443  1178-1934  BufferQueueDebug        surfaceflinger                       E  [3e87b17 ActivityRecordInputSink com.example.nutrisaur11/.MainActivity#12216](this:0xb400007ea44fca30,id:-1,api:0,p:-1,c:-1) id info cannot be read from '3e87b17 ActivityRecordInputSink com.example.nutrisaur11/.MainActivity#12216'
2025-09-14 20:35:47.582  2558-2882  ActivityManagerWrapper  com.miui.home                        E  getRecentTasks: mainTaskId=818   userId=0   windowMode=1   baseIntent=Intent { act=android.intent.action.MAIN flag=268435456 cmp=ComponentInfo{com.example.nutrisaur11/com.example.nutrisaur11.MainActivity} }
---------------------------- PROCESS STARTED (28549) for package com.example.nutrisaur11 ----------------------------
2025-09-14 20:35:48.513 28549-28549 nativeloader            com.example.nutrisaur11              D  Configuring clns-4 for other apk /data/app/~~ogjB_ZM5TRFDfwpkEKt6jw==/com.example.nutrisaur11-EUQ5rlL0knEH53ashqnNJQ==/base.apk. target_sdk_version=35, uses_libraries=, library_path=/data/app/~~ogjB_ZM5TRFDfwpkEKt6jw==/com.example.nutrisaur11-EUQ5rlL0knEH53ashqnNJQ==/lib/arm64:/data/app/~~ogjB_ZM5TRFDfwpkEKt6jw==/com.example.nutrisaur11-EUQ5rlL0knEH53ashqnNJQ==/base.apk!/lib/arm64-v8a, permitted_path=/data:/mnt/expand:/data/user/0/com.example.nutrisaur11
2025-09-14 20:35:48.529 28549-28549 nativeloader            com.example.nutrisaur11              D  Load libframework-connectivity-jni.so using APEX ns com_android_tethering for caller /apex/com.android.tethering/javalib/framework-connectivity.jar: ok
2025-09-14 20:35:48.534 28549-28549 GraphicsEnvironment     com.example.nutrisaur11              V  Currently set values for:
2025-09-14 20:35:48.534 28549-28549 GraphicsEnvironment     com.example.nutrisaur11              V    angle_gl_driver_selection_pkgs=[]
2025-09-14 20:35:48.534 28549-28549 GraphicsEnvironment     com.example.nutrisaur11              V    angle_gl_driver_selection_values=[]
2025-09-14 20:35:48.537 28549-28549 GraphicsEnvironment     com.example.nutrisaur11              V  ANGLE GameManagerService for com.example.nutrisaur11: false
2025-09-14 20:35:48.537 28549-28549 GraphicsEnvironment     com.example.nutrisaur11              V  com.example.nutrisaur11 is not listed in per-application setting
2025-09-14 20:35:48.538 28549-28549 GraphicsEnvironment     com.example.nutrisaur11              V  Neither updatable production driver nor prerelease driver is supported.
2025-09-14 20:35:48.541 28549-28549 ForceDarkHelperStubImpl com.example.nutrisaur11              I  initialize for com.example.nutrisaur11 , ForceDarkOrigin
2025-09-14 20:35:48.544 28549-28549 nativeloader            com.example.nutrisaur11              D  Load libforcedarkimpl.so using system ns (caller=/system_ext/framework/miui-framework.jar): ok
2025-09-14 20:35:48.545 28549-28549 OpenGLRenderer          com.example.nutrisaur11              D  JNI_OnLoad success
2025-09-14 20:35:48.545 28549-28549 MiuiForceDarkConfig     com.example.nutrisaur11              I  setConfig density:2.000000, mainRule:0, secondaryRule:0, tertiaryRule:0
2025-09-14 20:35:48.552 28549-28549 Compatibil...geReporter com.example.nutrisaur11              D  Compat change id reported: 183155436; UID 10132; state: ENABLED
2025-09-14 20:35:48.593 28549-28549 FirebaseApp             com.example.nutrisaur11              I  Device unlocked: initializing all Firebase APIs for app [DEFAULT]
2025-09-14 20:35:48.626 28549-28549 FirebaseInitProvider    com.example.nutrisaur11              I  FirebaseApp initialization successful
2025-09-14 20:35:48.663 28549-28549 M-ProMotion             com.example.nutrisaur11              I  M-ProMotion is disabled
2025-09-14 20:35:48.670 28549-28590 libMEOW                 com.example.nutrisaur11              D  meow new tls: 0xb400007018f31400
2025-09-14 20:35:48.671 28549-28590 libMEOW                 com.example.nutrisaur11              D  meow reload base cfg path: na
2025-09-14 20:35:48.671 28549-28590 libMEOW                 com.example.nutrisaur11              D  meow reload overlay cfg path: na
2025-09-14 20:35:48.675 28549-28590 QT                      com.example.nutrisaur11              E  [QT]file does not exist
2025-09-14 20:35:48.676 28549-28590 libMEOW                 com.example.nutrisaur11              D  applied 1 plugins for [com.example.nutrisaur11]:
2025-09-14 20:35:48.676 28549-28590 libMEOW                 com.example.nutrisaur11              D    plugin 1: [libMEOW_gift.so]: 0xb4000070766c5080
2025-09-14 20:35:48.677 28549-28590 libMEOW                 com.example.nutrisaur11              D  rebuild call chain: 0xb400007018f6a000
2025-09-14 20:35:48.677 28549-28590 libMEOW                 com.example.nutrisaur11              D  meow delete tls: 0xb400007018f31400
2025-09-14 20:35:48.689 28549-28580 DynamiteModule          com.example.nutrisaur11              I  Considering local module com.google.android.gms.measurement.dynamite:155 and remote module com.google.android.gms.measurement.dynamite:158
2025-09-14 20:35:48.689 28549-28580 DynamiteModule          com.example.nutrisaur11              I  Selected remote version of com.google.android.gms.measurement.dynamite, version >= 158
2025-09-14 20:35:48.689 28549-28580 DynamiteModule          com.example.nutrisaur11              V  Dynamite loader version >= 2, using loadModule2NoCrashUtils
2025-09-14 20:35:48.714 28549-28580 System                  com.example.nutrisaur11              W  ClassLoader referenced unknown path: 
2025-09-14 20:35:48.716 28549-28580 nativeloader            com.example.nutrisaur11              D  Configuring clns-5 for other apk . target_sdk_version=36, uses_libraries=, library_path=/data/app/~~07TmKFCcqoI1w3hzD78fnA==/com.google.android.gms-PxJN8Fhg9FhEupzjdWiLZg==/lib/arm64:/data/app/~~07TmKFCcqoI1w3hzD78fnA==/com.google.android.gms-PxJN8Fhg9FhEupzjdWiLZg==/base.apk!/lib/arm64-v8a, permitted_path=/data:/mnt/expand:/data/user/0/com.google.android.gms
2025-09-14 20:35:48.717 28549-28549 AppCompatDelegate       com.example.nutrisaur11              D  Checking for metadata for AppLocalesMetadataHolderService : Service not found
2025-09-14 20:35:48.757 28549-28549 libc                    com.example.nutrisaur11              W  Access denied finding property "ro.vendor.df.effect.conflict"
2025-09-14 20:35:48.751 28549-28549 ple.nutrisaur11         com.example.nutrisaur11              W  type=1400 audit(0.0:105612): avc:  denied  { read } for  name="u:object_r:vendor_displayfeature_prop:s0" dev="tmpfs" ino=7848 scontext=u:r:untrusted_app:s0:c132,c256,c512,c768 tcontext=u:object_r:vendor_displayfeature_prop:s0 tclass=file permissive=0 app=com.example.nutrisaur11
2025-09-14 20:35:48.773 28549-28549 DailyResetManager       com.example.nutrisaur11              D  Same day, no reset needed. Current: 2025-09-14
2025-09-14 20:35:48.826 28549-28549 MainActivity            com.example.nutrisaur11              D  Started food preload service
2025-09-14 20:35:48.827 28549-28549 MainActivity            com.example.nutrisaur11              D  Login check - isLoggedIn: true, email: jdjdh@jshs.s
2025-09-14 20:35:48.835 28549-28601 ple.nutrisaur11         com.example.nutrisaur11              I  hiddenapi: Accessing hidden method Ldalvik/system/VMStack;->getStackClass2()Ljava/lang/Class; (runtime_flags=0, domain=core-platform, api=unsupported) from Lm7/aop; (domain=app) using reflection: allowed
2025-09-14 20:35:48.841 28549-28549 DecorView[]             com.example.nutrisaur11              D  getWindowModeFromSystem  windowmode is 1
2025-09-14 20:35:48.866 28549-28549 ple.nutrisaur11         com.example.nutrisaur11              I  hiddenapi: Accessing hidden method Landroid/view/ViewGroup;->makeOptionalFitsSystemWindows()V (runtime_flags=0, domain=platform, api=unsupported) from Landroidx/appcompat/widget/ViewUtils; (domain=app) using reflection: allowed
2025-09-14 20:35:48.882 28549-28598 ple.nutrisaur11         com.example.nutrisaur11              E  No package ID 6a found for resource ID 0x6a0b000f.
2025-09-14 20:35:48.884 28549-28598 FA                      com.example.nutrisaur11              I  App measurement initialized, version: 136005
2025-09-14 20:35:48.884 28549-28598 FA                      com.example.nutrisaur11              I  To enable debug logging run: adb shell setprop log.tag.FA VERBOSE
2025-09-14 20:35:48.884 28549-28598 FA                      com.example.nutrisaur11              I  To enable faster debug mode event logging run:
                                                                                                      adb shell setprop debug.firebase.analytics.app com.example.nutrisaur11
2025-09-14 20:35:48.896 28549-28549 Compatibil...geReporter com.example.nutrisaur11              D  Compat change id reported: 171228096; UID 10132; state: ENABLED
2025-09-14 20:35:48.900 28549-28549 ScrollerOp...ionManager com.example.nutrisaur11              D  registerConfigChangedListener
2025-09-14 20:35:48.913 28549-28549 Compatibil...geReporter com.example.nutrisaur11              D  Compat change id reported: 210923482; UID 10132; state: ENABLED
2025-09-14 20:35:48.989 28549-28549 ScrollerOp...ionManager com.example.nutrisaur11              D  registerConfigChangedListener
2025-09-14 20:35:49.155 28549-28549 MainActivity            com.example.nutrisaur11              D  Fetched barangay from database for jdjdh@jshs.s: null
2025-09-14 20:35:49.155 28549-28549 MainActivity            com.example.nutrisaur11              D  User has no barangay data, FCM initialization delayed until screening completion
2025-09-14 20:35:49.167 28549-28549 CalorieTracker          com.example.nutrisaur11              D  Cleared all calorie data for the day
2025-09-14 20:35:49.167 28549-28549 MainActivity            com.example.nutrisaur11              D  Cleared old calorie data for fresh start
2025-09-14 20:35:49.167 28549-28549 MainActivity            com.example.nutrisaur11              D  Fetching dashboard events for user: jdjdh@jshs.s
2025-09-14 20:35:49.187 28549-28549 MainActivity            com.example.nutrisaur11              D  Checking for new events for user: jdjdh@jshs.s
2025-09-14 20:35:49.187 28549-28598 FA                      com.example.nutrisaur11              I  Tag Manager is not found and thus will not be used
2025-09-14 20:35:49.199 28549-28549 SurfaceFactory          com.example.nutrisaur11              I  [static] sSurfaceFactory = com.mediatek.view.impl.SurfaceFactoryImpl@80199ca
2025-09-14 20:35:49.202 28549-28549 Compatibil...geReporter com.example.nutrisaur11              D  Compat change id reported: 237531167; UID 10132; state: DISABLED
2025-09-14 20:35:49.204 28549-28587 nativeloader            com.example.nutrisaur11              D  Load libpowerhalwrap_jni.so using system ns (caller=/system_ext/framework/mediatek-framework.jar): ok
2025-09-14 20:35:49.205 28549-28587 PowerHalWrapper         com.example.nutrisaur11              I  PowerHalWrapper.getInstance 
2025-09-14 20:35:49.207 28549-28549 FramePredict            com.example.nutrisaur11              D  FramePredict init: true
2025-09-14 20:35:49.208 28549-28549 FramePredict            com.example.nutrisaur11              D  init success
2025-09-14 20:35:49.210 28549-28549 OpenGLRenderer          com.example.nutrisaur11              W  Unknown dataspace 0
2025-09-14 20:35:49.211 28549-28617 FramePredict            com.example.nutrisaur11              E  registerContentObserver fail
2025-09-14 20:35:49.216 28549-28588 libc                    com.example.nutrisaur11              W  Access denied finding property "ro.vendor.display.iris_x7.support"
2025-09-14 20:35:49.221 28549-28549 VRI[MainActivity]       com.example.nutrisaur11              D  hardware acceleration = true, forceHwAccelerated = false
2025-09-14 20:35:49.226  1178-1935  BufferQueueDebug        surfaceflinger                       E  [e739b3a com.example.nutrisaur11/com.example.nutrisaur11.MainActivity#12219](this:0xb400007e9af79a30,id:-1,api:0,p:-1,c:-1) id info cannot be read from 'e739b3a com.example.nutrisaur11/com.example.nutrisaur11.MainActivity#12219'
2025-09-14 20:35:49.233 28549-28549 libMEOW                 com.example.nutrisaur11              D  meow new tls: 0xb400007076776540
2025-09-14 20:35:49.233 28549-28549 libMEOW                 com.example.nutrisaur11              D  applied 1 plugins for [com.example.nutrisaur11]:
2025-09-14 20:35:49.233 28549-28549 libMEOW                 com.example.nutrisaur11              D    plugin 1: [libMEOW_gift.so]: 0xb4000070766c5080
2025-09-14 20:35:49.233 28549-28549 libMEOW                 com.example.nutrisaur11              D  rebuild call chain: 0xb400007076785140
2025-09-14 20:35:49.236 28549-28549 Looper                  com.example.nutrisaur11              W  PerfMonitor looperActivity : package=com.example.nutrisaur11/.MainActivity time=570ms latency=1000ms  procState=-1  historyMsgCount=3 (msgIndex=1 wall=479ms seq=1 late=24ms h=android.app.ActivityThread$H w=162) (msgIndex=3 wall=535ms seq=3 late=489ms h=android.app.ActivityThread$H w=110)
2025-09-14 20:35:49.236 28549-28549 Looper                  com.example.nutrisaur11              W  PerfMonitor looperActivity : package=com.example.nutrisaur11/.MainActivity time=0ms latency=1569ms  procState=-1  historyMsgCount=4 (msgIndex=1 wall=479ms seq=1 late=24ms h=android.app.ActivityThread$H w=162) (msgIndex=3 wall=535ms seq=3 late=489ms h=android.app.ActivityThread$H w=110) (msgIndex=4 wall=570ms seq=4 late=1000ms h=android.app.ActivityThread$H w=159)
2025-09-14 20:35:49.238 28549-28549 Choreographer           com.example.nutrisaur11              I  Skipped 35 frames!  The application may be doing too much work on its main thread.
2025-09-14 20:35:49.325  1178-1283  BufferQueueDebug        surfaceflinger                       E  [com.example.nutrisaur11/com.example.nutrisaur11.MainActivity#12220](this:0xb400007ea4238a30,id:-1,api:0,p:-1,c:-1) id info cannot be read from 'com.example.nutrisaur11/com.example.nutrisaur11.MainActivity#12220'
2025-09-14 20:35:49.340 28549-28549 BufferQueueConsumer     com.example.nutrisaur11              D  [](id:6f8500000000,api:0,p:-1,c:28549) connect: controlledByApp=false
2025-09-14 20:35:49.348 28549-28588 libMEOW                 com.example.nutrisaur11              D  meow new tls: 0xb400007019bea400
2025-09-14 20:35:49.348 28549-28588 libMEOW                 com.example.nutrisaur11              D  applied 1 plugins for [com.example.nutrisaur11]:
2025-09-14 20:35:49.348 28549-28588 libMEOW                 com.example.nutrisaur11              D    plugin 1: [libMEOW_gift.so]: 0xb4000070766c5080
2025-09-14 20:35:49.348 28549-28588 libMEOW                 com.example.nutrisaur11              D  rebuild call chain: 0xb400007019bf9e00
2025-09-14 20:35:49.371 28549-28588 OpenGLRenderer          com.example.nutrisaur11              E  Device claims wide gamut support, cannot find matching config, error = EGL_SUCCESS
2025-09-14 20:35:49.371 28549-28588 OpenGLRenderer          com.example.nutrisaur11              W  Failed to initialize 101010-2 format, error = EGL_SUCCESS
2025-09-14 20:35:49.383 28549-28588 libc                    com.example.nutrisaur11              W  Access denied finding property "vendor.migl.debug"
2025-09-14 20:35:49.384 28549-28549 VRI[MainActivity]       com.example.nutrisaur11              D  vri.reportNextDraw android.view.ViewRootImpl.performTraversals:4402 android.view.ViewRootImpl.doTraversal:3018 android.view.ViewRootImpl$TraversalRunnable.run:10526 android.view.Choreographer$CallbackRecord.run:1682 android.view.Choreographer$CallbackRecord.run:1691 
2025-09-14 20:35:49.384 28549-28588 libMiGL                 com.example.nutrisaur11              E  libmigl:This GPU version is note support Variable Shading Rate
2025-09-14 20:35:49.384 28549-28549 VRI[MainActivity]       com.example.nutrisaur11              D  vri.Setup new sync=wmsSync-VRI[MainActivity]#0
2025-09-14 20:35:49.389 28549-28588 libEGL                  com.example.nutrisaur11              E  pre_cache appList: ,,
2025-09-14 20:35:49.397 28549-28588 OpenGLRenderer          com.example.nutrisaur11              E  Unable to match the desired swap behavior.
2025-09-14 20:35:49.429 28549-28549 libc                    com.example.nutrisaur11              W  Access denied finding property "ro.vendor.display.iris_x7.support"
2025-09-14 20:35:49.430 28549-28588 OpenGLRenderer          com.example.nutrisaur11              D  makeCurrent grContext:0xb40000708461c560 reset mTextureAvailable
2025-09-14 20:35:49.433 28549-28588 ple.nutrisaur11         com.example.nutrisaur11              D  MiuiProcessManagerServiceStub setSchedFifo
2025-09-14 20:35:49.433 28549-28588 MiuiProcessManagerImpl  com.example.nutrisaur11              I  setSchedFifo pid:28549, mode:3
2025-09-14 20:35:49.437 28549-28588 libc                    com.example.nutrisaur11              W  Access denied finding property "ro.vendor.magt.mtk_magt_support"
2025-09-14 20:35:49.437 28549-28588 MAGT_SYNC_FRAME         com.example.nutrisaur11              D  MAGT Sync: MAGT is not supported. Disabling Sync.
2025-09-14 20:35:49.441 28549-28588 hw-ProcessState         com.example.nutrisaur11              D  Binder ioctl to enable oneway spam detection failed: Invalid argument
2025-09-14 20:35:49.449 28549-28588 libc                    com.example.nutrisaur11              W  Access denied finding property "ro.vendor.display.iris_x7.support"
2025-09-14 20:35:49.680 28549-28588 LB                      com.example.nutrisaur11              E  fail to open file: No such file or directory
2025-09-14 20:35:49.681 28549-28588 LB                      com.example.nutrisaur11              E  fail to open node: No such file or directory
2025-09-14 20:35:49.682 28549-28588 libc                    com.example.nutrisaur11              W  Access denied finding property "ro.vendor.display.iris_x7.support"
2025-09-14 20:35:49.682 28549-28588 BLASTBufferQueue        com.example.nutrisaur11              D  [VRI[MainActivity]#0](f:0,a:1) acquireNextBufferLocked size=720x1600 mFrameNumber=1 applyTransaction=true mTimestamp=34227226742578(auto) mPendingTransactions.size=0 graphicBufferId=122617021333508 transform=0
2025-09-14 20:35:49.687 28549-28549 VRI[MainActivity]       com.example.nutrisaur11              D  vri.reportDrawFinished
2025-09-14 20:35:49.689 28549-28549 Looper                  com.example.nutrisaur11              W  PerfMonitor doFrame : time=450ms vsyncFrame=0 latency=587ms procState=-1 historyMsgCount=5 (msgIndex=1 wall=535ms seq=3 late=489ms h=android.app.ActivityThread$H w=110) (msgIndex=2 wall=570ms seq=4 late=1000ms h=android.app.ActivityThread$H w=159)
2025-09-14 20:35:49.690 28549-28558 OpenGLRenderer          com.example.nutrisaur11              I  Davey! duration=1034ms; Flags=1, FrameTimelineVsyncId=20803820, IntendedVsync=34226196112022, Vsync=34226779495347, InputEventId=0, HandleInputStart=34226785042193, AnimationStart=34226785060424, PerformTraversalsStart=34226785377347, DrawStart=34226943752732, FrameDeadline=34226213112022, FrameInterval=34226783881270, FrameStartTime=16668095, SyncQueued=34226975251732, SyncStart=34226975645655, IssueDrawCommandsStart=34226979549039, SwapBuffers=34227219172962, FrameCompleted=34227231317270, DequeueBufferDuration=52000, QueueBufferDuration=1373308, GpuCompleted=34227224226809, SwapBuffersCompleted=34227231317270, DisplayPresentTime=0, CommandSubmissionCompleted=34227219172962, 
2025-09-14 20:35:49.692  1178-1285  BufferQueueDebug        surfaceflinger                       E  [Surface(name=e739b3a com.example.nutrisaur11/com.example.nutrisaur11.MainActivity#12219)/@0x2c884bf - animation-leash of starting_reveal#12223](this:0xb400007e9ae0ba30,id:-1,api:0,p:-1,c:-1) id info cannot be read from 'Surface(name=e739b3a com.example.nutrisaur11/com.example.nutrisaur11.MainActivity#12219)/@0x2c884bf - animation-leash of starting_reveal#12223'
2025-09-14 20:35:49.698 28549-28549 FoodPreloadService      com.example.nutrisaur11              D  FoodPreloadService created
2025-09-14 20:35:49.699 28549-28549 FoodPreloadService      com.example.nutrisaur11              D  FoodPreloadService started
2025-09-14 20:35:49.709 28549-28549 Compatibil...geReporter com.example.nutrisaur11              D  Compat change id reported: 160794467; UID 10132; state: ENABLED
2025-09-14 20:35:49.724 28549-28639 FoodPreloadService      com.example.nutrisaur11              D  Starting background food preload
2025-09-14 20:35:49.724 28549-28639 FoodPreloadService      com.example.nutrisaur11              D  Successfully preloaded 0 food recommendations
2025-09-14 20:35:49.726  1178-1283  BufferQueueDebug        surfaceflinger                       E  [Surface(name=ae33f6e Splash Screen com.example.nutrisaur11#12213)/@0x2f35690 - animation-leash of window_animation#12224](this:0xb400007e99ca1a30,id:-1,api:0,p:-1,c:-1) id info cannot be read from 'Surface(name=ae33f6e Splash Screen com.example.nutrisaur11#12213)/@0x2f35690 - animation-leash of window_animation#12224'
2025-09-14 20:35:49.732 28549-28549 Looper                  com.example.nutrisaur11              W  PerfMonitor doFrame : time=4ms vsyncFrame=0 latency=344ms procState=-1 historyMsgCount=23 (msgIndex=1 wall=450ms seq=8 late=587ms h=android.view.Choreographer$FrameHandler c=android.view.Choreographer$FrameDisplayEventReceiver)
2025-09-14 20:35:49.749 28549-28609 MainActivity            com.example.nutrisaur11              D  Events API response code: 200
2025-09-14 20:35:49.753 28549-28609 MainActivity            com.example.nutrisaur11              D  Events API response: {"success":true,"events":[{"id":0,"title":"Test Event for Alion","type":"test","description":"Testing event notification system for meow@m.m","date_time":"2025-01-27 17:30:00","location":"Alion","organizer":"System","created_at":false},{"id":1,"title":"Sample Event","type":"Workshop","description":"Sample description","date_time":"2025-09-08 13:07:00","location":"Sample Location","organizer":"Sample Organizer","created_at":false}]}
2025-09-14 20:35:49.754 28549-28609 MainActivity            com.example.nutrisaur11              D  Found 2 events
2025-09-14 20:35:49.756 28549-28549 HandWritingStubImpl     com.example.nutrisaur11              I  refreshLastKeyboardType: 1
2025-09-14 20:35:49.757 28549-28549 HandWritingStubImpl     com.example.nutrisaur11              I  getCurrentKeyboardType: 1
2025-09-14 20:35:49.776 28549-28549 FoodPreloadService      com.example.nutrisaur11              D  FoodPreloadService destroyed
2025-09-14 20:35:49.788 28549-28613 MainActivity            com.example.nutrisaur11              D  Events API response code: 200
2025-09-14 20:35:49.793 28549-28613 MainActivity            com.example.nutrisaur11              D  Events API response: {"success":true,"events":[{"id":0,"title":"Test Event for Alion","type":"test","description":"Testing event notification system for meow@m.m","date_time":"2025-01-27 17:30:00","location":"Alion","organizer":"System","created_at":false},{"id":1,"title":"Sample Event","type":"Workshop","description":"Sample description","date_time":"2025-09-08 13:07:00","location":"Sample Location","organizer":"Sample Organizer","created_at":false}]}
2025-09-14 20:35:49.794 28549-28613 MainActivity            com.example.nutrisaur11              D  Found 2 events
2025-09-14 20:35:49.796 28549-28613 MainActivity            com.example.nutrisaur11              E  Error processing event at index 0: Value false at created_at of type java.lang.Boolean cannot be converted to long
2025-09-14 20:35:49.796 28549-28613 MainActivity            com.example.nutrisaur11              E  Error processing event at index 1: Value false at created_at of type java.lang.Boolean cannot be converted to long
2025-09-14 20:35:49.796 28549-28613 MainActivity            com.example.nutrisaur11              D  No new events found
2025-09-14 20:35:49.799 28549-28549 HandWritingStubImpl     com.example.nutrisaur11              I  getCurrentKeyboardType: 1
2025-09-14 20:35:49.816 28549-28549 MainActivity            com.example.nutrisaur11              D  Fetching dashboard events for user: jdjdh@jshs.s
2025-09-14 20:35:49.865 28549-28588 gralloc4                com.example.nutrisaur11              I  @set_metadata: update dataspace from GM (0x00000000 -> 0x08010000)
2025-09-14 20:35:49.879 28549-28588 gralloc4                com.example.nutrisaur11              I  @set_metadata: update dataspace from GM (0x00000000 -> 0x08010000)
2025-09-14 20:35:49.894 28549-28588 gralloc4                com.example.nutrisaur11              I  @set_metadata: update dataspace from GM (0x00000000 -> 0x08010000)
2025-09-14 20:35:49.901 28549-28588 gralloc4                com.example.nutrisaur11              I  @set_metadata: update dataspace from GM (0x00000000 -> 0x08010000)
2025-09-14 20:35:49.941 28549-28609 MainActivity            com.example.nutrisaur11              D  Unified API user events response code: 404
2025-09-14 20:35:49.941 28549-28609 MainActivity            com.example.nutrisaur11              D  Processing 2 events from API
2025-09-14 20:35:49.941 28549-28609 MainActivity            com.example.nutrisaur11              D  Processing event: Test Event for Alion at 2025-01-27 17:30:00
2025-09-14 20:35:49.944 28549-28609 MainActivity            com.example.nutrisaur11              D  Added event: Test Event for Alion at 2025-01-27 17:30:00
2025-09-14 20:35:49.944 28549-28609 MainActivity            com.example.nutrisaur11              D  New event detected: Test Event for Alion
2025-09-14 20:35:49.944 28549-28609 MainActivity            com.example.nutrisaur11              D  Processing event: Sample Event at 2025-09-08 13:07:00
2025-09-14 20:35:49.945 28549-28609 MainActivity            com.example.nutrisaur11              D  Added event: Sample Event at 2025-09-08 13:07:00
2025-09-14 20:35:49.945 28549-28609 MainActivity            com.example.nutrisaur11              D  New event detected: Sample Event
2025-09-14 20:35:49.945 28549-28609 MainActivity            com.example.nutrisaur11              D  Total future events found: 2
2025-09-14 20:35:49.953 28549-28609 MainActivity            com.example.nutrisaur11              D  Displaying 2 events on dashboard
2025-09-14 20:35:49.955 28549-28549 MainActivity            com.example.nutrisaur11              D  Dashboard events refreshed. Count: 2
2025-09-14 20:35:50.010 28549-28641 MainActivity            com.example.nutrisaur11              D  Events API response code: 200
2025-09-14 20:35:50.014 28549-28641 MainActivity            com.example.nutrisaur11              D  Events API response: {"success":true,"events":[{"id":0,"title":"Test Event for Alion","type":"test","description":"Testing event notification system for meow@m.m","date_time":"2025-01-27 17:30:00","location":"Alion","organizer":"System","created_at":false},{"id":1,"title":"Sample Event","type":"Workshop","description":"Sample description","date_time":"2025-09-08 13:07:00","location":"Sample Location","organizer":"Sample Organizer","created_at":false}]}
2025-09-14 20:35:50.015 28549-28641 MainActivity            com.example.nutrisaur11              D  Found 2 events
2025-09-14 20:35:50.092 28549-28641 MainActivity            com.example.nutrisaur11              D  Unified API user events response code: 404
2025-09-14 20:35:50.092 28549-28641 MainActivity            com.example.nutrisaur11              D  Processing 2 events from API
2025-09-14 20:35:50.092 28549-28641 MainActivity            com.example.nutrisaur11              D  Processing event: Test Event for Alion at 2025-01-27 17:30:00
2025-09-14 20:35:50.098 28549-28641 MainActivity            com.example.nutrisaur11              D  Added event: Test Event for Alion at 2025-01-27 17:30:00
2025-09-14 20:35:50.098 28549-28641 MainActivity            com.example.nutrisaur11              D  Processing event: Sample Event at 2025-09-08 13:07:00
2025-09-14 20:35:50.102 28549-28641 MainActivity            com.example.nutrisaur11              D  Added event: Sample Event at 2025-09-08 13:07:00
2025-09-14 20:35:50.102 28549-28641 MainActivity            com.example.nutrisaur11              D  Total future events found: 2
2025-09-14 20:35:50.110 28549-28641 MainActivity            com.example.nutrisaur11              D  Displaying 2 events on dashboard
2025-09-14 20:35:50.127 28549-28588 libc                    com.example.nutrisaur11              W  Access denied finding property "ro.vendor.display.iris_x7.support"
2025-09-14 20:35:50.134 28549-28588 gralloc4                com.example.nutrisaur11              I  @set_metadata: update dataspace from GM (0x00000000 -> 0x08010000)
2025-09-14 20:35:50.137 28549-28549 MainActivity            com.example.nutrisaur11              D  Dashboard events refreshed. Count: 2
2025-09-14 20:35:50.140 28549-28588 gralloc4                com.example.nutrisaur11              I  @set_metadata: update dataspace from GM (0x00000000 -> 0x08010000)
2025-09-14 20:35:50.255 28549-28588 gralloc4                com.example.nutrisaur11              I  @set_metadata: update dataspace from GM (0x00000000 -> 0x08010000)
2025-09-14 20:35:50.864 28549-28553 ple.nutrisaur11         com.example.nutrisaur11              I  Compiler allocated 6229KB to compile void android.view.ViewRootImpl.performTraversals()
2025-09-14 20:35:52.591 28549-28549 MirrorManager           com.example.nutrisaur11              W  this model don't Support
2025-09-14 20:35:52.593 28549-28549 MiuiMultiWindowUtils    com.example.nutrisaur11              D  freeform resolution args raw data:{  "wide_default":{    "freeform_args": {        "vertical_portrait":{"aspect_ratio":0.626, "original_ratio":0.5643,"original_scale":0.74,"top_margin":0.168,"left_margin":0.484},        "horizontal_portrait":{"aspect_ratio":0.626, "original_ratio":0.5643,"original_scale":0.74,"top_margin":0.1222,"left_margin":0.59745},        "vertical_landscape":{"aspect_ratio":1.6, "original_ratio":1,"original_scale":0.604,"top_margin":0.2596,"left_margin":0.2624},        "horizontal_landscape":{"aspect_ratio":1.6, "original_ratio":1,"original_scale":0.604,"top_margin":0.213,"left_margin":0.3758}    },    "mini_freeform_args":{        "vertical_portrait":{"original_ratio":0.147},        "horizontal_portrait":{"original_ratio":0.147},        "vertical_landscape":{"original_ratio":0.165},        "horizontal_landscape":{"original_ratio":0.165}    }  },  "narrow_default": {    "freeform_args": {        "vertical_portrait":{"aspect_ratio":0.626, "original_ratio":1,"original_scale":0.74,"top_margin":0.0753,"left_margin":-1},        "horizontal_portrait":{"aspect_ratio":0.626, "original_ratio":1,"original_scale":0.5756,"top_margin":-1,"left_margin":0.0753},        "vertical_landscape":{"aspect_ratio":1.6, "original_ratio":0.6847,"original_scale":0.587,"top_margin":0.0753,"left_margin":-1},        "horizontal_landscape":{"aspect_ratio":1.6, "original_ratio":0.6847,"original_scale":0.587,"top_margin":-1,"left_margin":0.0753}    },    "mini_freeform_args":{        "vertical_portrait":{"original_ratio":0.26},        "horizontal_portrait":{"original_ratio":0.26},        "vertical_landscape":{"original_ratio":0.293},        "horizontal_landscape":{"original_ratio":0.293}    }  },  "regular_default": {    "freeform_args": {      "vertical_portrait":{"aspect_ratio":0.625, "original_ratio":1,"original_scale":0.7,"top_margin":0.109,"left_margin":-1},      "horizontal_portrait":{"aspect_ratio":0.6667, "original_ratio":1,"original_scale":0.6102,"top_margin":-1,"left_margin":0.026},      "vertical_landscape":{"aspect_ratio":1.6, "original_ratio":1,"original_scale":0.4244,"top_margin":0.109,"left_margin":-1},      "horizontal_landscape":{"aspect_ratio":1.6, "original_ratio":1,"original_scale":0.4244,"top_margin":-1,"left_margin":0.026}    },    "mini_freeform_args":{      "vertical_portrait":{"original_ratio":0.25},      "horizontal_portrait":{"original_ratio":0.25},      "vertical_landscape":{"original_ratio":0.25},      "horizontal_landscape":{"original_ratio":0.25}    }  },  "pad_default": {    "freeform_args": {      "vertical_portrait":{"aspect_ratio":0.5625, "original_ratio":0.375,"original_scale":0.835,"top_margin":0.049,"left_margin":0.2775},      "horizontal_portrait":{"aspect_ratio":0.5625, "original_ratio":0.375,"original_scale":0.835,"top_margin":-1,"left_margin":0.6525},      "vertical_landscape":{"aspect_ratio":-1, "original_ratio":1,"original_scale":0.468,"top_margin":0.049,"left_margin":-1},      "horizontal_landscape":{"aspect_ratio":-1, "original_ratio":1,"original_scale":0.468,"top_margin":-1,"left_margin":0.4976}    },    "mini_freeform_args":{      "vertical_portrait":{"original_ratio":0.144},      "horizontal_portrait":{"original_ratio":0.144},      "vertical_landscape":{"original_ratio":0.2},      "horizontal_landscape":{"original_ratio":0.2}    }  }}
2025-09-14 20:35:52.595 28549-28549 MiuiMultiWindowUtils    com.example.nutrisaur11              D  initFreeFormResolutionArgs failed, device is gale
2025-09-14 20:35:52.596 28549-28549 IS_CTS_MODE             com.example.nutrisaur11              D  false
2025-09-14 20:35:52.596 28549-28549 MULTI_WIND...CH_ENABLED com.example.nutrisaur11              D  false
2025-09-14 20:35:52.622  1178-1935  BufferQueueDebug        surfaceflinger                       E  [ActivityRecord{16d5cf0 u0 com.example.nutrisaur11/.FoodActivity t818}#12226](this:0xb400007e9afd1a30,id:-1,api:0,p:-1,c:-1) id info cannot be read from 'ActivityRecord{16d5cf0 u0 com.example.nutrisaur11/.FoodActivity t818}#12226'
2025-09-14 20:35:52.671 28549-28651 libMEOW                 com.example.nutrisaur11              D  meow new tls: 0xb4000070192141c0
2025-09-14 20:35:52.671 28549-28651 libMEOW                 com.example.nutrisaur11              D  applied 1 plugins for [com.example.nutrisaur11]:
2025-09-14 20:35:52.671 28549-28651 libMEOW                 com.example.nutrisaur11              D    plugin 1: [libMEOW_gift.so]: 0xb4000070766c5080
2025-09-14 20:35:52.672 28549-28651 libMEOW                 com.example.nutrisaur11              D  rebuild call chain: 0xb40000701922b900
2025-09-14 20:35:52.672 28549-28651 libMEOW                 com.example.nutrisaur11              D  meow delete tls: 0xb4000070192141c0
2025-09-14 20:35:52.695 28549-28549 DecorView[]             com.example.nutrisaur11              D  getWindowModeFromSystem  windowmode is 1
2025-09-14 20:35:52.701 28549-28549 ScrollerOp...ionManager com.example.nutrisaur11              D  registerConfigChangedListener
2025-09-14 20:35:52.772  2558-2882  ActivityManagerWrapper  com.miui.home                        E  getRecentTasks: mainTaskId=818   userId=0   windowMode=1   baseIntent=Intent { act=android.intent.action.MAIN flag=268435456 cmp=ComponentInfo{com.example.nutrisaur11/com.example.nutrisaur11.MainActivity} }
2025-09-14 20:35:52.785 28549-28549 FoodActivity            com.example.nutrisaur11              D  FoodActivity onCreate started
2025-09-14 20:35:52.786 28549-28549 DailyResetManager       com.example.nutrisaur11              D  Same day, no reset needed. Current: 2025-09-14
2025-09-14 20:35:52.790 28549-28549 FoodActivity            com.example.nutrisaur11              D  Date set to: Today, Sept 14
2025-09-14 20:35:52.790 28549-28549 FoodActivity            com.example.nutrisaur11              D  Nutrition views initialized
2025-09-14 20:35:52.790 28549-28549 FoodActivity            com.example.nutrisaur11              D  Views initialized
2025-09-14 20:35:52.791 28549-28549 FoodActivity            com.example.nutrisaur11              D  Fetching user screening data from community_users table...
2025-09-14 20:35:52.791 28549-28654 CommunityUserManager    com.example.nutrisaur11              D  === GETTING CURRENT USER DATA FROM DATABASE ===
2025-09-14 20:35:52.791 28549-28654 CommunityUserManager    com.example.nutrisaur11              D  Making API request to: https://nutrisaur-production.up.railway.app/api/DatabaseAPI.php?action=get_community_user_data
2025-09-14 20:35:52.791 28549-28654 CommunityUserManager    com.example.nutrisaur11              D  Request data: {"email":"jdjdh@jshs.s"}
2025-09-14 20:35:52.795 28549-28549 WindowOnBackDispatcher  com.example.nutrisaur11              W  OnBackInvokedCallback is not enabled for the application.
                                                                                                    Set 'android:enableOnBackInvokedCallback="true"' in the application manifest.
2025-09-14 20:35:52.802 28549-28588 libc                    com.example.nutrisaur11              W  Access denied finding property "ro.vendor.display.iris_x7.support"
2025-09-14 20:35:52.803 28549-28549 VRI[FoodActivity]       com.example.nutrisaur11              D  hardware acceleration = true, forceHwAccelerated = false
2025-09-14 20:35:52.806  1178-1283  BufferQueueDebug        surfaceflinger                       E  [cba75a1 com.example.nutrisaur11/com.example.nutrisaur11.FoodActivity#12227](this:0xb400007e99ce4a30,id:-1,api:0,p:-1,c:-1) id info cannot be read from 'cba75a1 com.example.nutrisaur11/com.example.nutrisaur11.FoodActivity#12227'
2025-09-14 20:35:52.839  1178-1283  BufferQueueDebug        surfaceflinger                       E  [com.example.nutrisaur11/com.example.nutrisaur11.FoodActivity#12228](this:0xb400007e99d03a30,id:-1,api:0,p:-1,c:-1) id info cannot be read from 'com.example.nutrisaur11/com.example.nutrisaur11.FoodActivity#12228'
2025-09-14 20:35:52.839  2558-2882  ActivityManagerWrapper  com.miui.home                        E  getRecentTasks: mainTaskId=818   userId=0   windowMode=1   baseIntent=Intent { act=android.intent.action.MAIN flag=268435456 cmp=ComponentInfo{com.example.nutrisaur11/com.example.nutrisaur11.MainActivity} }
2025-09-14 20:35:52.854 28549-28549 BufferQueueConsumer     com.example.nutrisaur11              D  [](id:6f8500000001,api:0,p:-1,c:28549) connect: controlledByApp=false
2025-09-14 20:35:52.856 28549-28588 OpenGLRenderer          com.example.nutrisaur11              E  Unable to match the desired swap behavior.
2025-09-14 20:35:52.864 28549-28549 VRI[FoodActivity]       com.example.nutrisaur11              D  vri.reportNextDraw android.view.ViewRootImpl.performTraversals:4402 android.view.ViewRootImpl.doTraversal:3018 android.view.ViewRootImpl$TraversalRunnable.run:10526 android.view.Choreographer$CallbackRecord.run:1682 android.view.Choreographer$CallbackRecord.run:1691 
2025-09-14 20:35:52.864 28549-28549 VRI[FoodActivity]       com.example.nutrisaur11              D  vri.Setup new sync=wmsSync-VRI[FoodActivity]#2
2025-09-14 20:35:52.877 28549-28588 OpenGLRenderer          com.example.nutrisaur11              D  makeCurrent grContext:0xb40000708461c560 reset mTextureAvailable
2025-09-14 20:35:52.893 28549-28588 ple.nutrisaur11         com.example.nutrisaur11              E  DynamicFPS DF open fail: No such file or directory
2025-09-14 20:35:52.894 28549-28588 ple.nutrisaur11         com.example.nutrisaur11              W  remote service is not exist
2025-09-14 20:35:52.895 28549-28588 BLASTBufferQueue        com.example.nutrisaur11              D  [VRI[FoodActivity]#1](f:0,a:1) acquireNextBufferLocked size=720x1600 mFrameNumber=1 applyTransaction=true mTimestamp=34230439478193(auto) mPendingTransactions.size=0 graphicBufferId=122617021333513 transform=0
2025-09-14 20:35:52.896 28549-28549 VRI[FoodActivity]       com.example.nutrisaur11              D  vri.reportDrawFinished
2025-09-14 20:35:52.908 28549-28588 gralloc4                com.example.nutrisaur11              I  @set_metadata: update dataspace from GM (0x00000000 -> 0x08010000)
2025-09-14 20:35:52.908  1178-1935  BufferQueueDebug        surfaceflinger                       E  [Transition Root: ActivityRecord{16d5cf0 u0 com.example.nutrisaur11/.FoodActivity t818}#12231](this:0xb400007e9afdaa30,id:-1,api:0,p:-1,c:-1) id info cannot be read from 'Transition Root: ActivityRecord{16d5cf0 u0 com.example.nutrisaur11/.FoodActivity t818}#12231'
2025-09-14 20:35:52.914 28549-28588 gralloc4                com.example.nutrisaur11              I  @set_metadata: update dataspace from GM (0x00000000 -> 0x08010000)
2025-09-14 20:35:52.921  1178-2859  BufferQueueDebug        surfaceflinger                       E  [a5da133 ActivityRecordInputSink com.example.nutrisaur11/.FoodActivity#12232](this:0xb400007ea3da1a30,id:-1,api:0,p:-1,c:-1) id info cannot be read from 'a5da133 ActivityRecordInputSink com.example.nutrisaur11/.FoodActivity#12232'
2025-09-14 20:35:52.932 28549-28588 gralloc4                com.example.nutrisaur11              I  @set_metadata: update dataspace from GM (0x00000000 -> 0x08010000)
2025-09-14 20:35:52.946 28549-28588 gralloc4                com.example.nutrisaur11              I  @set_metadata: update dataspace from GM (0x00000000 -> 0x08010000)
2025-09-14 20:35:52.951 28549-28588 gralloc4                com.example.nutrisaur11              I  @set_metadata: update dataspace from GM (0x00000000 -> 0x08010000)
2025-09-14 20:35:52.958 28549-28588 gralloc4                com.example.nutrisaur11              I  @set_metadata: update dataspace from GM (0x00000000 -> 0x08010000)
2025-09-14 20:35:52.965 28549-28588 gralloc4                com.example.nutrisaur11              I  @set_metadata: update dataspace from GM (0x00000000 -> 0x08010000)
2025-09-14 20:35:52.969 28549-28588 gralloc4                com.example.nutrisaur11              I  @set_metadata: update dataspace from GM (0x00000000 -> 0x08010000)
2025-09-14 20:35:52.975 28549-28588 gralloc4                com.example.nutrisaur11              I  @set_metadata: update dataspace from GM (0x00000000 -> 0x08010000)
2025-09-14 20:35:52.978 28549-28549 HandWritingStubImpl     com.example.nutrisaur11              I  refreshLastKeyboardType: 1
2025-09-14 20:35:52.978 28549-28549 HandWritingStubImpl     com.example.nutrisaur11              I  getCurrentKeyboardType: 1
2025-09-14 20:35:52.979 28549-28588 gralloc4                com.example.nutrisaur11              I  @set_metadata: update dataspace from GM (0x00000000 -> 0x08010000)
2025-09-14 20:35:52.990 28549-28588 gralloc4                com.example.nutrisaur11              I  @set_metadata: update dataspace from GM (0x00000000 -> 0x08010000)
2025-09-14 20:35:52.994 28549-28588 gralloc4                com.example.nutrisaur11              I  @set_metadata: update dataspace from GM (0x00000000 -> 0x08010000)
2025-09-14 20:35:53.000 28549-28588 gralloc4                com.example.nutrisaur11              I  @set_metadata: update dataspace from GM (0x00000000 -> 0x08010000)
2025-09-14 20:35:53.003 28549-28588 gralloc4                com.example.nutrisaur11              I  @set_metadata: update dataspace from GM (0x00000000 -> 0x08010000)
2025-09-14 20:35:53.007 28549-28588 gralloc4                com.example.nutrisaur11              I  @set_metadata: update dataspace from GM (0x00000000 -> 0x08010000)
2025-09-14 20:35:53.012 28549-28588 gralloc4                com.example.nutrisaur11              I  @set_metadata: update dataspace from GM (0x00000000 -> 0x08010000)
2025-09-14 20:35:53.025 28549-28588 gralloc4                com.example.nutrisaur11              I  @set_metadata: update dataspace from GM (0x00000000 -> 0x08010000)
2025-09-14 20:35:53.032 28549-28646 MainActivity            com.example.nutrisaur11              E  Failed to sync preferences: 404
2025-09-14 20:35:53.035 28549-28588 gralloc4                com.example.nutrisaur11              I  @set_metadata: update dataspace from GM (0x00000000 -> 0x08010000)
2025-09-14 20:35:53.046 28549-28588 gralloc4                com.example.nutrisaur11              I  @set_metadata: update dataspace from GM (0x00000000 -> 0x08010000)
2025-09-14 20:35:53.062 28549-28588 gralloc4                com.example.nutrisaur11              I  @set_metadata: update dataspace from GM (0x00000000 -> 0x08010000)
2025-09-14 20:35:53.070 28549-28588 gralloc4                com.example.nutrisaur11              I  @set_metadata: update dataspace from GM (0x00000000 -> 0x08010000)
2025-09-14 20:35:53.081 28549-28588 gralloc4                com.example.nutrisaur11              I  @set_metadata: update dataspace from GM (0x00000000 -> 0x08010000)
2025-09-14 20:35:53.124 28549-28654 CommunityUserManager    com.example.nutrisaur11              D  API response code: 200
2025-09-14 20:35:53.124 28549-28654 CommunityUserManager    com.example.nutrisaur11              D  API response message: 
2025-09-14 20:35:53.128 28549-28654 CommunityUserManager    com.example.nutrisaur11              D  API response for get_community_user_data: {"success":true,"message":"User data retrieved successfully","user":{"name":"hdhdh","email":"jdjdh@jshs.s","municipality":"Not specified","barangay":"Not specified","sex":"Not specified","birthday":"","age":"","is_pregnant":"No","weight_kg":"0","height_cm":"0","muac_cm":"","bmi":"","bmi_category":"","muac_category":"","nutritional_risk":"","screening_date":"2025-09-14 17:10:26","screened_by":"","notes":"","status":"","created_at":"","updated_at":""}}
2025-09-14 20:35:53.129 28549-28654 CommunityUserManager    com.example.nutrisaur11              D  Retrieved user data from database:
2025-09-14 20:35:53.129 28549-28654 CommunityUserManager    com.example.nutrisaur11              D    birthday: 
2025-09-14 20:35:53.129 28549-28654 CommunityUserManager    com.example.nutrisaur11              D    is_pregnant: No
2025-09-14 20:35:53.129 28549-28654 CommunityUserManager    com.example.nutrisaur11              D    muac_category: 
2025-09-14 20:35:53.129 28549-28654 CommunityUserManager    com.example.nutrisaur11              D    notes: 
2025-09-14 20:35:53.129 28549-28654 CommunityUserManager    com.example.nutrisaur11              D    weight_kg: 0
2025-09-14 20:35:53.129 28549-28654 CommunityUserManager    com.example.nutrisaur11              D    nutritional_risk: 
2025-09-14 20:35:53.129 28549-28654 CommunityUserManager    com.example.nutrisaur11              D    height_cm: 0
2025-09-14 20:35:53.129 28549-28654 CommunityUserManager    com.example.nutrisaur11              D    sex: Not specified
2025-09-14 20:35:53.129 28549-28654 CommunityUserManager    com.example.nutrisaur11              D    municipality: Not specified
2025-09-14 20:35:53.129 28549-28654 CommunityUserManager    com.example.nutrisaur11              D    muac_cm: 
2025-09-14 20:35:53.129 28549-28654 CommunityUserManager    com.example.nutrisaur11              D    screening_date: 2025-09-14 17:10:26
2025-09-14 20:35:53.130 28549-28654 CommunityUserManager    com.example.nutrisaur11              D    bmi_category: 
2025-09-14 20:35:53.130 28549-28654 CommunityUserManager    com.example.nutrisaur11              D    name: hdhdh
2025-09-14 20:35:53.130 28549-28654 CommunityUserManager    com.example.nutrisaur11              D    barangay: Not specified
2025-09-14 20:35:53.130 28549-28654 CommunityUserManager    com.example.nutrisaur11              D    email: jdjdh@jshs.s
2025-09-14 20:35:53.130 28549-28654 CommunityUserManager    com.example.nutrisaur11              D    age: 
2025-09-14 20:35:53.130 28549-28654 CommunityUserManager    com.example.nutrisaur11              D    bmi: 
2025-09-14 20:35:53.130 28549-28654 CommunityUserManager    com.example.nutrisaur11              D  Essential user data found for personalization
2025-09-14 20:35:53.130 28549-28654 FoodActivity            com.example.nutrisaur11              D  User screening data fetched from community_users table
2025-09-14 20:35:53.130 28549-28549 FoodActivity            com.example.nutrisaur11              D  Loading nutrition data with user data from community_users table...
2025-09-14 20:35:53.132 28549-28662 NutritionService        com.example.nutrisaur11              D  Starting nutrition recommendations with database user data...
