2025-09-12 18:56:23.095 29416-29431 OpenGLRenderer          com.example.nutrisaur11              I  Davey! duration=9222643682022ms; Flags=0, FrameTimelineVsyncId=31386214, IntendedVsync=728354832057301, Vsync=728354832057301, InputEventId=0, HandleInputStart=728354833500064, AnimationStart=728354833506314, PerformTraversalsStart=728354833510794, DrawStart=728354833819231, FrameDeadline=728354865390633, FrameInterval=728354833457773, FrameStartTime=16666666, SyncQueued=728354834216679, SyncStart=728354834916575, IssueDrawCommandsStart=728354835149856, SwapBuffers=728354838407408, FrameCompleted=9223372036854775807, DequeueBufferDuration=49323, QueueBufferDuration=2560937, GpuCompleted=9223372036854775807, SwapBuffersCompleted=728354842019856, DisplayPresentTime=8242764291118819440, 
2025-09-12 18:56:23.127 29416-29431 OpenGLRenderer          com.example.nutrisaur11              I  Davey! duration=9222643681988ms; Flags=0, FrameTimelineVsyncId=31386217, IntendedVsync=728354865388568, Vsync=728354865388568, InputEventId=0, HandleInputStart=728354866296939, AnimationStart=728354866302044, PerformTraversalsStart=728354866305429, DrawStart=728354866485898, FrameDeadline=728354898721900, FrameInterval=728354866266106, FrameStartTime=16666666, SyncQueued=728354866750950, SyncStart=728354867236835, IssueDrawCommandsStart=728354867350429, SwapBuffers=728354869943971, FrameCompleted=9223372036854775807, DequeueBufferDuration=36719, QueueBufferDuration=2096094, GpuCompleted=9223372036854775807, SwapBuffersCompleted=728354873275377, DisplayPresentTime=7947010996343566949, 
2025-09-12 18:56:23.160 29416-29431 OpenGLRenderer          com.example.nutrisaur11              I  Davey! duration=9222643681955ms; Flags=0, FrameTimelineVsyncId=31386220, IntendedVsync=728354898678091, Vsync=728354898678091, InputEventId=0, HandleInputStart=728354899562200, AnimationStart=728354899566992, PerformTraversalsStart=728354899569752, DrawStart=728354899733502, FrameDeadline=728354932011423, FrameInterval=728354899527200, FrameStartTime=16666666, SyncQueued=728354899986158, SyncStart=728354900656054, IssueDrawCommandsStart=728354900869544, SwapBuffers=728354903285533, FrameCompleted=9223372036854775807, DequeueBufferDuration=91563, QueueBufferDuration=1721250, GpuCompleted=9223372036854775807, SwapBuffersCompleted=728354905842773, DisplayPresentTime=7590382201052492389, 
2025-09-12 18:56:23.193 29416-29431 OpenGLRenderer          com.example.nutrisaur11              I  Davey! duration=9222643681922ms; Flags=0, FrameTimelineVsyncId=31386223, IntendedVsync=728354932035347, Vsync=728354932035347, InputEventId=0, HandleInputStart=728354932746887, AnimationStart=728354932750794, PerformTraversalsStart=728354932753398, DrawStart=728354932911835, FrameDeadline=728354965368679, FrameInterval=728354932720794, FrameStartTime=16666666, SyncQueued=728354933201627, SyncStart=728354933624075, IssueDrawCommandsStart=728354933783346, SwapBuffers=728354935914908, FrameCompleted=9223372036854775807, DequeueBufferDuration=53177, QueueBufferDuration=2311823, GpuCompleted=9223372036854775807, SwapBuffersCompleted=728354939029752, DisplayPresentTime=8316273219228037729, 
2025-09-12 18:56:23.227 29416-29431 OpenGLRenderer          com.example.nutrisaur11              I  Davey! duration=9222643681888ms; Flags=0, FrameTimelineVsyncId=31386226, IntendedVsync=728354965363946, Vsync=728354965363946, InputEventId=0, HandleInputStart=728354966200846, AnimationStart=728354966205637, PerformTraversalsStart=728354966209075, DrawStart=728354966384804, FrameDeadline=728354998697278, FrameInterval=728354966173398, FrameStartTime=16666666, SyncQueued=728354966673762, SyncStart=728354967192148, IssueDrawCommandsStart=728354967310637, SwapBuffers=728354969672512, FrameCompleted=9223372036854775807, DequeueBufferDuration=41093, QueueBufferDuration=1830572, GpuCompleted=9223372036854775807, SwapBuffersCompleted=728354972657825, DisplayPresentTime=8386104280731430500, 
2025-09-12 18:56:23.262 29416-29431 OpenGLRenderer          com.example.nutrisaur11              I  Davey! duration=9222643681855ms; Flags=0, FrameTimelineVsyncId=31386229, IntendedVsync=728354998743786, Vsync=728354998743786, InputEventId=0, HandleInputStart=728354999498658, AnimationStart=728354999504544, PerformTraversalsStart=728354999507877, DrawStart=728354999672773, FrameDeadline=728355032077118, FrameInterval=728354999469908, FrameStartTime=16666666, SyncQueued=728354999927252, SyncStart=728355000637825, IssueDrawCommandsStart=728355000754127, SwapBuffers=728355003506262, FrameCompleted=9223372036854775807, DequeueBufferDuration=35365, QueueBufferDuration=2241355, GpuCompleted=9223372036854775807, SwapBuffersCompleted=728355006717669, DisplayPresentTime=7308604914265580875, 
2025-09-12 18:56:23.297 29416-29512 OpenGLRenderer          com.example.nutrisaur11              I  Davey! duration=9222643681822ms; Flags=0, FrameTimelineVsyncId=31386232, IntendedVsync=728355032036951, Vsync=728355032036951, InputEventId=0, HandleInputStart=728355032939856, AnimationStart=728355032944387, PerformTraversalsStart=728355032947669, DrawStart=728355033121262, FrameDeadline=728355065370283, FrameInterval=728355032908606, FrameStartTime=16666666, SyncQueued=728355033384700, SyncStart=728355033894387, IssueDrawCommandsStart=728355034131627, SwapBuffers=728355037182096, FrameCompleted=9223372036854775807, DequeueBufferDuration=43646, QueueBufferDuration=2835000, GpuCompleted=9223372036854775807, SwapBuffersCompleted=728355041271002, DisplayPresentTime=7308604914265580875, 
2025-09-12 18:56:23.329 29416-29431 OpenGLRenderer          com.example.nutrisaur11              I  Davey! duration=9222643681788ms; Flags=0, FrameTimelineVsyncId=31386235, IntendedVsync=728355065332633, Vsync=728355065332633, InputEventId=0, HandleInputStart=728355066272877, AnimationStart=728355066278554, PerformTraversalsStart=728355066281939, DrawStart=728355066523919, FrameDeadline=728355098665965, FrameInterval=728355066237981, FrameStartTime=16666666, SyncQueued=728355066914335, SyncStart=728355067643294, IssueDrawCommandsStart=728355067782616, SwapBuffers=728355071100637, FrameCompleted=9223372036854775807, DequeueBufferDuration=48281, QueueBufferDuration=3711093, GpuCompleted=9223372036854775807, SwapBuffersCompleted=728355076050846, DisplayPresentTime=5066549597372416, 
2025-09-12 18:56:23.361 29416-29431 OpenGLRenderer          com.example.nutrisaur11              I  Davey! duration=9222643681755ms; Flags=0, FrameTimelineVsyncId=31386238, IntendedVsync=728355098650096, Vsync=728355098650096, InputEventId=0, HandleInputStart=728355099387721, AnimationStart=728355099392096, PerformTraversalsStart=728355099395273, DrawStart=728355099551471, FrameDeadline=728355131983428, FrameInterval=728355099361419, FrameStartTime=16666666, SyncQueued=728355099788710, SyncStart=728355100765221, IssueDrawCommandsStart=728355100906106, SwapBuffers=728355104396627, FrameCompleted=9223372036854775807, DequeueBufferDuration=34219, QueueBufferDuration=3506146, GpuCompleted=9223372036854775807, SwapBuffersCompleted=728355109275689, DisplayPresentTime=114800798466050, 
2025-09-12 18:56:23.394 29416-29431 OpenGLRenderer          com.example.nutrisaur11              I  Davey! duration=9222643681722ms; Flags=0, FrameTimelineVsyncId=31386241, IntendedVsync=728355131965158, Vsync=728355131965158, InputEventId=0, HandleInputStart=728355132597981, AnimationStart=728355132602200, PerformTraversalsStart=728355132605116, DrawStart=728355132767148, FrameDeadline=728355165298490, FrameInterval=728355132567721, FrameStartTime=16666666, SyncQueued=728355133022148, SyncStart=728355133487356, IssueDrawCommandsStart=728355133654387, SwapBuffers=728355135934023, FrameCompleted=9223372036854775807, DequeueBufferDuration=32448, QueueBufferDuration=2080833, GpuCompleted=9223372036854775807, SwapBuffersCompleted=728355138881679, DisplayPresentTime=34865152, 
2025-09-12 18:56:23.428 29416-29837 OpenGLRenderer          com.example.nutrisaur11              I  Davey! duration=9222643681688ms; Flags=0, FrameTimelineVsyncId=31386244, IntendedVsync=728355165280834, Vsync=728355165280834, InputEventId=0, HandleInputStart=728355166127616, AnimationStart=728355166133033, PerformTraversalsStart=728355166136939, DrawStart=728355166306783, FrameDeadline=728355198614166, FrameInterval=728355166098189, FrameStartTime=16666666, SyncQueued=728355166612408, SyncStart=728355167227200, IssueDrawCommandsStart=728355167418658, SwapBuffers=728355170109544, FrameCompleted=9223372036854775807, DequeueBufferDuration=47084, QueueBufferDuration=2592812, GpuCompleted=9223372036854775807, SwapBuffersCompleted=728355173936054, DisplayPresentTime=5066549658910720, 
2025-09-12 18:56:23.462 29416-29837 OpenGLRenderer          com.example.nutrisaur11              I  Davey! duration=9222643681655ms; Flags=0, FrameTimelineVsyncId=31386247, IntendedVsync=728355198579737, Vsync=728355198579737, InputEventId=0, HandleInputStart=728355199853762, AnimationStart=728355199859387, PerformTraversalsStart=728355199863450, DrawStart=728355200265116, FrameDeadline=728355231913069, FrameInterval=728355199820325, FrameStartTime=16666666, SyncQueued=728355200613398, SyncStart=728355201258762, IssueDrawCommandsStart=728355201382616, SwapBuffers=728355204108450, FrameCompleted=9223372036854775807, DequeueBufferDuration=44323, QueueBufferDuration=2367240, GpuCompleted=9223372036854775807, SwapBuffersCompleted=728355207522877, DisplayPresentTime=114801538760706, 
2025-09-12 18:56:23.495 29416-29837 OpenGLRenderer          com.example.nutrisaur11              I  Davey! duration=9222643681622ms; Flags=0, FrameTimelineVsyncId=31386250, IntendedVsync=728355231908167, Vsync=728355231908167, InputEventId=0, HandleInputStart=728355232887564, AnimationStart=728355232892877, PerformTraversalsStart=728355232896887, DrawStart=728355233260689, FrameDeadline=728355265241499, FrameInterval=728355232850585, FrameStartTime=16666666, SyncQueued=728355233575846, SyncStart=728355234123450, IssueDrawCommandsStart=728355234298710, SwapBuffers=728355237546314, FrameCompleted=9223372036854775807, DequeueBufferDuration=40104, QueueBufferDuration=3009323, GpuCompleted=9223372036854775807, SwapBuffersCompleted=728355241664127, DisplayPresentTime=50331648, 
2025-09-12 18:56:23.530 29416-29837 OpenGLRenderer          com.example.nutrisaur11              I  Davey! duration=9222643681589ms; Flags=0, FrameTimelineVsyncId=31386253, IntendedVsync=728355265187806, Vsync=728355265187806, InputEventId=0, HandleInputStart=728355266104127, AnimationStart=728355266109075, PerformTraversalsStart=728355266112460, DrawStart=728355266316783, FrameDeadline=728355298521138, FrameInterval=728355266072408, FrameStartTime=16666666, SyncQueued=728355266605429, SyncStart=728355267090950, IssueDrawCommandsStart=728355267251314, SwapBuffers=728355269480533, FrameCompleted=9223372036854775807, DequeueBufferDuration=33229, QueueBufferDuration=2195364, GpuCompleted=9223372036854775807, SwapBuffersCompleted=728355272947564, DisplayPresentTime=5066549738340352, 
2025-09-12 18:56:23.561 29416-29431 OpenGLRenderer          com.example.nutrisaur11              I  Davey! duration=9222643681555ms; Flags=0, FrameTimelineVsyncId=31386256, IntendedVsync=728355298481175, Vsync=728355298481175, InputEventId=0, HandleInputStart=728355299242356, AnimationStart=728355299247721, PerformTraversalsStart=728355299251106, DrawStart=728355299462356, FrameDeadline=728355331814507, FrameInterval=728355299194648, FrameStartTime=16666666, SyncQueued=728355299715637, SyncStart=728355300484231, IssueDrawCommandsStart=728355300618762, SwapBuffers=728355303288293, FrameCompleted=9223372036854775807, DequeueBufferDuration=36354, QueueBufferDuration=1893437, GpuCompleted=9223372036854775807, SwapBuffersCompleted=728355306317564, DisplayPresentTime=114802347212802, 
2025-09-12 18:56:23.594 29416-29431 OpenGLRenderer          com.example.nutrisaur11              I  Davey! duration=9222643681522ms; Flags=0, FrameTimelineVsyncId=31386259, IntendedVsync=728355331822336, Vsync=728355331822336, InputEventId=0, HandleInputStart=728355333050116, AnimationStart=728355333055793, PerformTraversalsStart=728355333059856, DrawStart=728355333248033, FrameDeadline=728355365155668, FrameInterval=728355333016939, FrameStartTime=16666666, SyncQueued=728355333566939, SyncStart=728355334115325, IssueDrawCommandsStart=728355334306210, SwapBuffers=728355337379752, FrameCompleted=9223372036854775807, DequeueBufferDuration=43490, QueueBufferDuration=3662865, GpuCompleted=9223372036854775807, SwapBuffersCompleted=728355342611366, DisplayPresentTime=37224448, 
2025-09-12 18:56:23.627 29416-29837 OpenGLRenderer          com.example.nutrisaur11              I  Davey! duration=9222643681488ms; Flags=0, FrameTimelineVsyncId=31386262, IntendedVsync=728355365157604, Vsync=728355365157604, InputEventId=0, HandleInputStart=728355365860221, AnimationStart=728355365865585, PerformTraversalsStart=728355365869127, DrawStart=728355366058502, FrameDeadline=728355398490936, FrameInterval=728355365832460, FrameStartTime=16666666, SyncQueued=728355366369283, SyncStart=728355367227512, IssueDrawCommandsStart=728355367340585, SwapBuffers=728355369792096, FrameCompleted=9223372036854775807, DequeueBufferDuration=33437, QueueBufferDuration=2127187, GpuCompleted=9223372036854775807, SwapBuffersCompleted=728355373020481, DisplayPresentTime=5066549825699840, 
2025-09-12 18:56:23.663 29416-29837 OpenGLRenderer          com.example.nutrisaur11              I  Davey! duration=9222643681455ms; Flags=0, FrameTimelineVsyncId=31386265, IntendedVsync=728355398481632, Vsync=728355398481632, InputEventId=0, HandleInputStart=728355400742929, AnimationStart=728355400750429, PerformTraversalsStart=728355400755637, DrawStart=728355401029752, FrameDeadline=728355431814964, FrameInterval=728355400688814, FrameStartTime=16666666, SyncQueued=728355401426835, SyncStart=728355402281887, IssueDrawCommandsStart=728355402405168, SwapBuffers=728355403684700, FrameCompleted=9223372036854775807, DequeueBufferDuration=31354, QueueBufferDuration=2585730, GpuCompleted=9223372036854775807, SwapBuffersCompleted=728355406964439, DisplayPresentTime=114803185025026, 
2025-09-12 18:56:23.695 29416-29837 OpenGLRenderer          com.example.nutrisaur11              I  Davey! duration=9222643681422ms; Flags=0, FrameTimelineVsyncId=31386268, IntendedVsync=728355431833345, Vsync=728355431833345, InputEventId=0, HandleInputStart=728355432790220, AnimationStart=728355432795845, PerformTraversalsStart=728355432799856, DrawStart=728355432990168, FrameDeadline=728355465166677, FrameInterval=728355432756939, FrameStartTime=16666666, SyncQueued=728355433312877, SyncStart=728355433642304, IssueDrawCommandsStart=728355433698606, SwapBuffers=728355434621470, FrameCompleted=9223372036854775807, DequeueBufferDuration=16562, QueueBufferDuration=1300417, GpuCompleted=9223372036854775807, SwapBuffersCompleted=728355436361991, DisplayPresentTime=41943040, 
2025-09-12 18:56:23.727 29416-29837 OpenGLRenderer          com.example.nutrisaur11              I  Davey! duration=9222643681388ms; Flags=0, FrameTimelineVsyncId=31386271, IntendedVsync=728355465133794, Vsync=728355465133794, InputEventId=0, HandleInputStart=728355466054543, AnimationStart=728355466059648, PerformTraversalsStart=728355466063658, DrawStart=728355466252252, FrameDeadline=728355498467126, FrameInterval=728355466022825, FrameStartTime=16666666, SyncQueued=728355466649491, SyncStart=728355467905950, IssueDrawCommandsStart=728355468020116, SwapBuffers=728355469442304, FrameCompleted=9223372036854775807, DequeueBufferDuration=30156, QueueBufferDuration=1550208, GpuCompleted=9223372036854775807, SwapBuffersCompleted=728355471591210, DisplayPresentTime=5066549910372352, 
2025-09-12 18:56:23.760 29416-29837 OpenGLRenderer          com.example.nutrisaur11              I  Davey! duration=9222643681355ms; Flags=0, FrameTimelineVsyncId=31386274, IntendedVsync=728355498509371, Vsync=728355498509371, InputEventId=0, HandleInputStart=728355499230168, AnimationStart=728355499234908, PerformTraversalsStart=728355499237825, DrawStart=728355499443085, FrameDeadline=728355531842703, FrameInterval=728355499196783, FrameStartTime=16666666, SyncQueued=728355499838398, SyncStart=728355500671523, IssueDrawCommandsStart=728355501128918, SwapBuffers=728355502618398, FrameCompleted=9223372036854775807, DequeueBufferDuration=32187, QueueBufferDuration=2734166, GpuCompleted=9223372036854775807, SwapBuffersCompleted=728355505986002, DisplayPresentTime=114803895959554, 
2025-09-12 18:56:23.796 29416-29837 OpenGLRenderer          com.example.nutrisaur11              I  Davey! duration=9222643681322ms; Flags=0, FrameTimelineVsyncId=31386277, IntendedVsync=728355531851754, Vsync=728355531851754, InputEventId=0, HandleInputStart=728355532961002, AnimationStart=728355532966939, PerformTraversalsStart=728355532971002, DrawStart=728355533250116, FrameDeadline=728355565185086, FrameInterval=728355532926210, FrameStartTime=16666666, SyncQueued=728355533685898, SyncStart=728355534256106, IssueDrawCommandsStart=728355534373554, SwapBuffers=728355536005220, FrameCompleted=9223372036854775807, DequeueBufferDuration=29947, QueueBufferDuration=2407917, GpuCompleted=9223372036854775807, SwapBuffersCompleted=728355539146262, DisplayPresentTime=19398656, 
2025-09-12 18:56:23.830 29416-29837 OpenGLRenderer          com.example.nutrisaur11              I  Davey! duration=9222643681288ms; Flags=0, FrameTimelineVsyncId=31386280, IntendedVsync=728355565174512, Vsync=728355565174512, InputEventId=0, HandleInputStart=728355566561835, AnimationStart=728355566571575, PerformTraversalsStart=728355566576470, DrawStart=728355566975689, FrameDeadline=728355598507844, FrameInterval=728355566482564, FrameStartTime=16666666, SyncQueued=728355567401314, SyncStart=728355568225898, IssueDrawCommandsStart=728355568388606, SwapBuffers=728355572560793, FrameCompleted=9223372036854775807, DequeueBufferDuration=35261, QueueBufferDuration=3516458, GpuCompleted=9223372036854775807, SwapBuffersCompleted=728355577345220, DisplayPresentTime=5066549973811200, 
2025-09-12 18:56:23.861 29416-29837 OpenGLRenderer          com.example.nutrisaur11              I  Davey! duration=9222643681255ms; Flags=0, FrameTimelineVsyncId=31386283, IntendedVsync=728355598522414, Vsync=728355598522414, InputEventId=0, HandleInputStart=728355599140377, AnimationStart=728355599144387, PerformTraversalsStart=728355599146991, DrawStart=728355599298658, FrameDeadline=728355631855746, FrameInterval=728355599117304, FrameStartTime=16666666, SyncQueued=728355599521731, SyncStart=728355599934023, IssueDrawCommandsStart=728355600197252, SwapBuffers=728355602154595, FrameCompleted=9223372036854775807, DequeueBufferDuration=41927, QueueBufferDuration=4174479, GpuCompleted=9223372036854775807, SwapBuffersCompleted=728355607437356, DisplayPresentTime=5694887526369086472, 
2025-09-12 18:56:23.893 29416-29431 OpenGLRenderer          com.example.nutrisaur11              I  Davey! duration=9222643681221ms; Flags=0, FrameTimelineVsyncId=31386286, IntendedVsync=728355631866520, Vsync=728355631866520, InputEventId=0, HandleInputStart=728355632779700, AnimationStart=728355632783970, PerformTraversalsStart=728355632786679, DrawStart=728355632998450, FrameDeadline=728355665199852, FrameInterval=728355632746939, FrameStartTime=16666666, SyncQueued=728355633494491, SyncStart=728355634513710, IssueDrawCommandsStart=728355634623450, SwapBuffers=728355636569023, FrameCompleted=9223372036854775807, DequeueBufferDuration=29740, QueueBufferDuration=1534791, GpuCompleted=9223372036854775807, SwapBuffersCompleted=728355638861002, DisplayPresentTime=114800287809536, 
2025-09-12 18:56:23.926 29416-29431 OpenGLRenderer          com.example.nutrisaur11              I  Davey! duration=9222643681189ms; Flags=0, FrameTimelineVsyncId=31386289, IntendedVsync=728355665205981, Vsync=728355665205981, InputEventId=0, HandleInputStart=728355665776210, AnimationStart=728355665780741, PerformTraversalsStart=728355665783554, DrawStart=728355665934856, FrameDeadline=728355698539313, FrameInterval=728355665751835, FrameStartTime=16666666, SyncQueued=728355666161991, SyncStart=728355666592512, IssueDrawCommandsStart=728355666706470, SwapBuffers=728355668807668, FrameCompleted=9223372036854775807, DequeueBufferDuration=36198, QueueBufferDuration=2470625, GpuCompleted=9223372036854775807, SwapBuffersCompleted=728355672230533, DisplayPresentTime=-2387676512074278183, 
2025-09-12 18:56:23.961 29416-29837 OpenGLRenderer          com.example.nutrisaur11              I  Davey! duration=9222643681155ms; Flags=0, FrameTimelineVsyncId=31386292, IntendedVsync=728355698532816, Vsync=728355698532816, InputEventId=0, HandleInputStart=728355699339491, AnimationStart=728355699344231, PerformTraversalsStart=728355699347668, DrawStart=728355699536262, FrameDeadline=728355731866148, FrameInterval=728355699301522, FrameStartTime=16666666, SyncQueued=728355699868085, SyncStart=728355700696731, IssueDrawCommandsStart=728355700924179, SwapBuffers=728355703507772, FrameCompleted=9223372036854775807, DequeueBufferDuration=38854, QueueBufferDuration=2174583, GpuCompleted=9223372036854775807, SwapBuffersCompleted=728355706619439, DisplayPresentTime=275113526272, 
2025-09-12 18:56:23.994 29416-29431 OpenGLRenderer          com.example.nutrisaur11              I  Davey! duration=9222643681122ms; Flags=0, FrameTimelineVsyncId=31386295, IntendedVsync=728355731864446, Vsync=728355731864446, InputEventId=0, HandleInputStart=728355732745272, AnimationStart=728355732750689, PerformTraversalsStart=728355732754647, DrawStart=728355732940116, FrameDeadline=728355765197778, FrameInterval=728355732713397, FrameStartTime=16666666, SyncQueued=728355733231939, SyncStart=728355733752252, IssueDrawCommandsStart=728355733885845, SwapBuffers=728355737486262, FrameCompleted=9223372036854775807, DequeueBufferDuration=46718, QueueBufferDuration=2525521, GpuCompleted=9223372036854775807, SwapBuffersCompleted=728355741176262, DisplayPresentTime=-7618876647269203968, 
2025-09-12 18:56:24.028 29416-29837 OpenGLRenderer          com.example.nutrisaur11              I  Davey! duration=9222643681089ms; Flags=0, FrameTimelineVsyncId=31386298, IntendedVsync=728355765196680, Vsync=728355765196680, InputEventId=0, HandleInputStart=728355766201991, AnimationStart=728355766207304, PerformTraversalsStart=728355766211262, DrawStart=728355766393397, FrameDeadline=728355798530012, FrameInterval=728355766170481, FrameStartTime=16666666, SyncQueued=728355766681210, SyncStart=728355767180429, IssueDrawCommandsStart=728355767343970, SwapBuffers=728355770386106, FrameCompleted=9223372036854775807, DequeueBufferDuration=35157, QueueBufferDuration=2022864, GpuCompleted=9223372036854775807, SwapBuffersCompleted=728355773412825, DisplayPresentTime=-3007266779853316604, 
2025-09-12 18:56:24.061 29416-29431 OpenGLRenderer          com.example.nutrisaur11              I  Davey! duration=9222643681055ms; Flags=0, FrameTimelineVsyncId=31386301, IntendedVsync=728355798544045, Vsync=728355798544045, InputEventId=0, HandleInputStart=728355799573137, AnimationStart=728355799578397, PerformTraversalsStart=728355799582616, DrawStart=728355799794752, FrameDeadline=728355831877377, FrameInterval=728355799538658, FrameStartTime=16666666, SyncQueued=728355800196835, SyncStart=728355801378658, IssueDrawCommandsStart=728355801528554, SwapBuffers=728355803823189, FrameCompleted=9223372036854775807, DequeueBufferDuration=33646, QueueBufferDuration=1908698, GpuCompleted=9223372036854775807, SwapBuffersCompleted=728355806982200, DisplayPresentTime=17825792, 
2025-09-12 18:56:24.095 29416-29837 OpenGLRenderer          com.example.nutrisaur11              I  Davey! duration=9222643681022ms; Flags=0, FrameTimelineVsyncId=31386304, IntendedVsync=728355831873963, Vsync=728355831873963, InputEventId=0, HandleInputStart=728355832774127, AnimationStart=728355832779804, PerformTraversalsStart=728355832783970, DrawStart=728355832982095, FrameDeadline=728355865207295, FrameInterval=728355832736470, FrameStartTime=16666666, SyncQueued=728355833291522, SyncStart=728355833900325, IssueDrawCommandsStart=728355834028606, SwapBuffers=728355836447772, FrameCompleted=9223372036854775807, DequeueBufferDuration=36146, QueueBufferDuration=1891250, GpuCompleted=9223372036854775807, SwapBuffersCompleted=728355839435741, DisplayPresentTime=3407872, 
2025-09-12 18:56:24.128 29416-29431 OpenGLRenderer          com.example.nutrisaur11              I  Davey! duration=9222643680989ms; Flags=0, FrameTimelineVsyncId=31386307, IntendedVsync=728355865210468, Vsync=728355865210468, InputEventId=0, HandleInputStart=728355866099127, AnimationStart=728355866104387, PerformTraversalsStart=728355866107772, DrawStart=728355866289804, FrameDeadline=728355898543800, FrameInterval=728355866064231, FrameStartTime=16666666, SyncQueued=728355866596054, SyncStart=728355867066679, IssueDrawCommandsStart=728355867181366, SwapBuffers=728355869623814, FrameCompleted=9223372036854775807, DequeueBufferDuration=48021, QueueBufferDuration=2000625, GpuCompleted=9223372036854775807, SwapBuffersCompleted=728355872856731, DisplayPresentTime=3407872, 
2025-09-12 18:56:24.161 29416-29431 OpenGLRenderer          com.example.nutrisaur11              I  Davey! duration=9222643680955ms; Flags=0, FrameTimelineVsyncId=31386310, IntendedVsync=728355898538099, Vsync=728355898538099, InputEventId=0, HandleInputStart=728355899516262, AnimationStart=728355899523293, PerformTraversalsStart=728355899526887, DrawStart=728355899793397, FrameDeadline=728355931871431, FrameInterval=728355899476679, FrameStartTime=16666666, SyncQueued=728355900365220, SyncStart=728355901019543, IssueDrawCommandsStart=728355901130845, SwapBuffers=728355903682147, FrameCompleted=9223372036854775807, DequeueBufferDuration=33385, QueueBufferDuration=1919375, GpuCompleted=9223372036854775807, SwapBuffersCompleted=728355906691418, DisplayPresentTime=4960951680201132551, 
2025-09-12 18:56:24.213 29416-29837 OpenGLRenderer          com.example.nutrisaur11              I  Davey! duration=9222643680905ms; Flags=0, FrameTimelineVsyncId=31386313, IntendedVsync=728355948634102, Vsync=728355948634102, InputEventId=0, HandleInputStart=728355950216470, AnimationStart=728355950222929, PerformTraversalsStart=728355950228085, DrawStart=728355950439022, FrameDeadline=728355981967434, FrameInterval=728355950151106, FrameStartTime=16666666, SyncQueued=728355950842772, SyncStart=728355951523293, IssueDrawCommandsStart=728355951906366, SwapBuffers=728355955306522, FrameCompleted=9223372036854775807, DequeueBufferDuration=49948, QueueBufferDuration=2320886, GpuCompleted=9223372036854775807, SwapBuffersCompleted=728355958758085, DisplayPresentTime=1011977308304891608, 
2025-09-12 18:56:24.260 29416-29837 OpenGLRenderer          com.example.nutrisaur11              I  Davey! duration=9222643680855ms; Flags=0, FrameTimelineVsyncId=31386316, IntendedVsync=728355998625079, Vsync=728355998625079, InputEventId=0, HandleInputStart=728355999872199, AnimationStart=728355999877564, PerformTraversalsStart=728355999880845, DrawStart=728356000158137, FrameDeadline=728356031958411, FrameInterval=728355999837512, FrameStartTime=16666666, SyncQueued=728356000595324, SyncStart=728356001559699, IssueDrawCommandsStart=728356001747824, SwapBuffers=728356004306783, FrameCompleted=9223372036854775807, DequeueBufferDuration=43438, QueueBufferDuration=2472135, GpuCompleted=9223372036854775807, SwapBuffersCompleted=728356008273762, DisplayPresentTime=102414, 
2025-09-12 18:56:24.294 29416-29837 OpenGLRenderer          com.example.nutrisaur11              I  Davey! duration=9222643680822ms; Flags=0, FrameTimelineVsyncId=31386319, IntendedVsync=728356031962927, Vsync=728356031962927, InputEventId=0, HandleInputStart=728356032868606, AnimationStart=728356032873345, PerformTraversalsStart=728356032875741, DrawStart=728356033043345, FrameDeadline=728356065296259, FrameInterval=728356032837147, FrameStartTime=16666666, SyncQueued=728356033379387, SyncStart=728356033893918, IssueDrawCommandsStart=728356034012564, SwapBuffers=728356035942512, FrameCompleted=9223372036854775807, DequeueBufferDuration=38177, QueueBufferDuration=1740729, GpuCompleted=9223372036854775807, SwapBuffersCompleted=728356038573293, DisplayPresentTime=4961234254715831306, 
2025-09-12 18:56:24.332 29416-29837 OpenGLRenderer          com.example.nutrisaur11              I  Davey! duration=9222643680789ms; Flags=0, FrameTimelineVsyncId=31386322, IntendedVsync=728356065263474, Vsync=728356065263474, InputEventId=0, HandleInputStart=728356066094387, AnimationStart=728356066098554, PerformTraversalsStart=728356066101262, DrawStart=728356066260324, FrameDeadline=728356098596806, FrameInterval=728356066067356, FrameStartTime=16666666, SyncQueued=728356066499752, SyncStart=728356066930585, IssueDrawCommandsStart=728356067034074, SwapBuffers=728356069376939, FrameCompleted=9223372036854775807, DequeueBufferDuration=31563, QueueBufferDuration=4253698, GpuCompleted=9223372036854775807, SwapBuffersCompleted=728356074480481, DisplayPresentTime=99082501578070596, 
2025-09-12 18:56:24.379 29416-29837 OpenGLRenderer          com.example.nutrisaur11              I  Davey! duration=9222643680738ms; Flags=0, FrameTimelineVsyncId=31386325, IntendedVsync=728356115249605, Vsync=728356115249605, InputEventId=181645876, HandleInputStart=728356116388033, AnimationStart=728356116395689, PerformTraversalsStart=728356116398814, DrawStart=728356116967356, FrameDeadline=728356148582937, FrameInterval=728356116321731, FrameStartTime=16666666, SyncQueued=728356117467616, SyncStart=728356118060897, IssueDrawCommandsStart=728356118245272, SwapBuffers=728356121513033, FrameCompleted=9223372036854775807, DequeueBufferDuration=96667, QueueBufferDuration=1993489, GpuCompleted=9223372036854775807, SwapBuffersCompleted=728356124357095, DisplayPresentTime=188593286418962184, 
2025-09-12 18:56:24.394 29416-29837 OpenGLRenderer          com.example.nutrisaur11              I  Davey! duration=9222643680709ms; Flags=0, FrameTimelineVsyncId=-1, IntendedVsync=728356145128137, Vsync=728356145130845, InputEventId=0, HandleInputStart=728356145147199, AnimationStart=728356145149231, PerformTraversalsStart=728356145150637, DrawStart=728356145218085, FrameDeadline=-9223372036838109143, FrameInterval=728356145130845, FrameStartTime=16666666, SyncQueued=728356145322251, SyncStart=728356145543970, IssueDrawCommandsStart=728356145586314, SwapBuffers=728356146393085, FrameCompleted=9223372036854775807, DequeueBufferDuration=14687, QueueBufferDuration=759114, GpuCompleted=9223372036854775807, SwapBuffersCompleted=728356147556731, DisplayPresentTime=4900373852820865024, 
2025-09-12 18:56:24.443 29416-29431 OpenGLRenderer          com.example.nutrisaur11              I  Davey! duration=9222643680672ms; Flags=0, FrameTimelineVsyncId=31386329, IntendedVsync=728356181912123, Vsync=728356181912123, InputEventId=0, HandleInputStart=728356182522981, AnimationStart=728356182526887, PerformTraversalsStart=728356182530220, DrawStart=728356182639179, FrameDeadline=728356215245455, FrameInterval=728356182501262, FrameStartTime=16666666, SyncQueued=728356182818397, SyncStart=728356183176054, IssueDrawCommandsStart=728356183249647, SwapBuffers=728356184819491, FrameCompleted=9223372036854775807, DequeueBufferDuration=25416, QueueBufferDuration=953334, GpuCompleted=9223372036854775807, SwapBuffersCompleted=728356186356939, DisplayPresentTime=41156608, 
2025-09-12 18:56:24.495 29416-29431 OpenGLRenderer          com.example.nutrisaur11              I  Davey! duration=9222643680622ms; Flags=0, FrameTimelineVsyncId=31386332, IntendedVsync=728356231905744, Vsync=728356231905744, InputEventId=0, HandleInputStart=728356232538866, AnimationStart=728356232542668, PerformTraversalsStart=728356232545845, DrawStart=728356232655533, FrameDeadline=728356265239076, FrameInterval=728356232517147, FrameStartTime=16666666, SyncQueued=728356232844074, SyncStart=728356233251731, IssueDrawCommandsStart=728356233323241, SwapBuffers=728356234698658, FrameCompleted=9223372036854775807, DequeueBufferDuration=23802, QueueBufferDuration=987240, GpuCompleted=9223372036854775807, SwapBuffersCompleted=728356236255429, DisplayPresentTime=41156608, 
2025-09-12 18:56:24.520 29416-29416 CameraExtImplXiaoMi     com.example.nutrisaur11              D  releaseCameraDevice: 0
2025-09-12 18:56:24.522 29416-29416 CameraDevice-JV-0       com.example.nutrisaur11              D  close: E. id = 0
2025-09-12 18:56:24.802 29416-29434 libc                    com.example.nutrisaur11              W  Access denied finding property "vendor.camera.aux.packagelist"
2025-09-12 18:56:24.804 29416-29434 CameraManagerGlobal     com.example.nutrisaur11              W  ignore the torch status update of camera: 3
2025-09-12 18:56:24.805 29416-29434 libc                    com.example.nutrisaur11              W  Access denied finding property "vendor.camera.aux.packagelist"
2025-09-12 18:56:24.805 29416-29434 CameraManagerGlobal     com.example.nutrisaur11              W  ignore the torch status update of camera: 4
2025-09-12 18:56:24.807 29416-29434 libc                    com.example.nutrisaur11              W  Access denied finding property "vendor.camera.aux.packagelist"
2025-09-12 18:56:24.807 29416-29434 CameraManagerGlobal     com.example.nutrisaur11              W  ignore the torch status update of camera: 5
2025-09-12 18:56:24.810 29416-29434 libc                    com.example.nutrisaur11              W  Access denied finding property "vendor.camera.aux.packagelist"
2025-09-12 18:56:24.810 29416-29434 CameraManagerGlobal     com.example.nutrisaur11              W  ignore the torch status update of camera: 6
2025-09-12 18:56:24.812 29416-29434 libc                    com.example.nutrisaur11              W  Access denied finding property "vendor.camera.aux.packagelist"
2025-09-12 18:56:24.812 29416-29434 CameraManagerGlobal     com.example.nutrisaur11              W  ignore the torch status update of camera: 7
2025-09-12 18:56:24.817 29416-29416 BpBinder                com.example.nutrisaur11              W  Slow Binder: BpBinder transact took 295 ms, interface=android.hardware.camera2.ICameraDeviceUser, code=1 oneway=false
2025-09-12 18:56:24.817 29416-29416 CameraDevice-JV-0       com.example.nutrisaur11              D  close: X
2025-09-12 18:56:24.817 29416-29434 CameraManagerGlobal     com.example.nutrisaur11              E  Camera 5 is not available. Ignore physical camera status change
2025-09-12 18:56:24.817 29416-29416 Activity                com.example.nutrisaur11              W  PerfMonitor: Slow Operation: Activity com.example.nutrisaur11/.FullScreenCameraActivity onPause took 300ms
2025-09-12 18:56:24.818 29416-29434 CameraManagerGlobal     com.example.nutrisaur11              E  Camera 6 is not available. Ignore physical camera status change
2025-09-12 18:56:24.818 29416-29848 CameraDevice-JV-0       com.example.nutrisaur11              W  Device error received, code 4, frame number 134, request ID 0, subseq ID 0
2025-09-12 18:56:24.819 29416-29848 CameraDevice-JV-0       com.example.nutrisaur11              W  Device error received, code 5, frame number 134, request ID 0, subseq ID 0
2025-09-12 18:56:24.820 29416-29848 CameraDevice-JV-0       com.example.nutrisaur11              W  Device error received, code 4, frame number 137, request ID 0, subseq ID 0
2025-09-12 18:56:24.820 29416-29848 CameraDevice-JV-0       com.example.nutrisaur11              W  Device error received, code 4, frame number 138, request ID 0, subseq ID 0
2025-09-12 18:56:24.821 29416-29837 CameraDevice-JV-0       com.example.nutrisaur11              W  Device error received, code 4, frame number 135, request ID 0, subseq ID 0
2025-09-12 18:56:24.821 29416-29837 CameraDevice-JV-0       com.example.nutrisaur11              W  Device error received, code 5, frame number 135, request ID 0, subseq ID 0
2025-09-12 18:56:24.822 29416-29837 CameraDevice-JV-0       com.example.nutrisaur11              W  Device error received, code 4, frame number 136, request ID 0, subseq ID 0
2025-09-12 18:56:24.822 29416-29837 CameraDevice-JV-0       com.example.nutrisaur11              W  Device error received, code 5, frame number 136, request ID 0, subseq ID 0
2025-09-12 18:56:24.823 29416-29837 CameraDevice-JV-0       com.example.nutrisaur11              W  Device error received, code 5, frame number 137, request ID 0, subseq ID 0
2025-09-12 18:56:24.823 29416-29837 CameraDevice-JV-0       com.example.nutrisaur11              W  Device error received, code 5, frame number 138, request ID 0, subseq ID 0
2025-09-12 18:56:24.835 29416-29416 Looper                  com.example.nutrisaur11              W  PerfMonitor doFrame : time=1ms vsyncFrame=0 latency=313ms procState=-1 historyMsgCount=1
2025-09-12 18:56:24.837 29416-29416 DecorView[]             com.example.nutrisaur11              D  onWindowFocusChanged hasWindowFocus false
2025-09-12 18:56:24.858 29416-29849 OpenGLRenderer          com.example.nutrisaur11              I  Davey! duration=9222643680572ms; Flags=0, FrameTimelineVsyncId=31386338, IntendedVsync=728356281890183, Vsync=728356581890171, InputEventId=534017539, HandleInputStart=728356594605533, AnimationStart=728356594610168, PerformTraversalsStart=728356594612824, DrawStart=728356594783658, FrameDeadline=728356315223515, FrameInterval=728356594565064, FrameStartTime=16666666, SyncQueued=728356595094335, SyncStart=728356595593189, IssueDrawCommandsStart=728356595780220, SwapBuffers=728356598084283, FrameCompleted=9223372036854775807, DequeueBufferDuration=49583, QueueBufferDuration=1017188, GpuCompleted=9223372036854775807, SwapBuffersCompleted=728356600889803, DisplayPresentTime=1011977308304891610, 
2025-09-12 18:56:24.894 29416-29849 OpenGLRenderer          com.example.nutrisaur11              I  Davey! duration=49944ms; Flags=1, FrameTimelineVsyncId=31385529, IntendedVsync=728306698613659, Vsync=728306698613659, InputEventId=0, HandleInputStart=728306699764250, AnimationStart=728306699765916, PerformTraversalsStart=728306699767114, DrawStart=728306726004302, FrameDeadline=728306731946991, FrameInterval=728306699753520, FrameStartTime=16666666, SyncQueued=728306728420291, SyncStart=728306729688885, IssueDrawCommandsStart=728306730217895, SwapBuffers=728306740607374, FrameCompleted=728356644211939, DequeueBufferDuration=49167, QueueBufferDuration=1081771, GpuCompleted=728356644211939, SwapBuffersCompleted=728306742145656, DisplayPresentTime=0, 
2025-09-12 18:56:24.942 28364-30959 ActivityManagerWrapper  com.miui.home                        E  getRecentTasks: taskId=8395   userId=0   baseIntent=Intent { act=android.intent.action.MAIN cat=[android.intent.category.LAUNCHER] flg=0x10000000 cmp=com.example.nutrisaur11/.MainActivity }
2025-09-12 18:56:24.963 29416-29416 DecorView[]             com.example.nutrisaur11              D  onWindowFocusChanged hasWindowFocus true
2025-09-12 18:56:26.201 29416-29416 IS_CTS_MODE             com.example.nutrisaur11              D  false
2025-09-12 18:56:26.201 29416-29416 MULTI_WIND...CH_ENABLED com.example.nutrisaur11              D  false
2025-09-12 18:56:26.203 29416-29416 DecorView[]             com.example.nutrisaur11              D  getWindowModeFromSystem  windowmode is 1
2025-09-12 18:56:26.216 29416-29416 FullScreenCamera        com.example.nutrisaur11              D  Using camera 0
2025-09-12 18:56:26.219 29416-29416 libc                    com.example.nutrisaur11              W  Access denied finding property "persist.vendor.camera.privapp.list"
2025-09-12 18:56:26.220 29416-29416 CameraExtImplXiaoMi     com.example.nutrisaur11              D  initCameraDevice: 0
2025-09-12 18:56:26.243 29416-29849 CameraManagerGlobal     com.example.nutrisaur11              E  Camera 5 is not available. Ignore physical camera status change
2025-09-12 18:56:26.243 29416-29430 CameraManagerGlobal     com.example.nutrisaur11              E  Camera 6 is not available. Ignore physical camera status change
2025-09-12 18:56:26.245 29416-29849 libc                    com.example.nutrisaur11              W  Access denied finding property "vendor.camera.aux.packagelist"
2025-09-12 18:56:26.245 29416-29849 CameraManagerGlobal     com.example.nutrisaur11              W  ignore the torch status update of camera: 3
2025-09-12 18:56:26.245 29416-29430 libc                    com.example.nutrisaur11              W  Access denied finding property "vendor.camera.aux.packagelist"
2025-09-12 18:56:26.246 29416-29430 CameraManagerGlobal     com.example.nutrisaur11              W  ignore the torch status update of camera: 4
2025-09-12 18:56:26.246 29416-29430 libc                    com.example.nutrisaur11              W  Access denied finding property "vendor.camera.aux.packagelist"
2025-09-12 18:56:26.246 29416-29430 CameraManagerGlobal     com.example.nutrisaur11              W  ignore the torch status update of camera: 5
2025-09-12 18:56:26.246 29416-29430 libc                    com.example.nutrisaur11              W  Access denied finding property "vendor.camera.aux.packagelist"
2025-09-12 18:56:26.246 29416-29430 CameraManagerGlobal     com.example.nutrisaur11              W  ignore the torch status update of camera: 6
2025-09-12 18:56:26.247 29416-29430 libc                    com.example.nutrisaur11              W  Access denied finding property "vendor.camera.aux.packagelist"
2025-09-12 18:56:26.247 29416-29430 CameraManagerGlobal     com.example.nutrisaur11              W  ignore the torch status update of camera: 7
2025-09-12 18:56:26.255 29416-29862 FullScreenCamera        com.example.nutrisaur11              D  Camera opened successfully, creating preview immediately...
2025-09-12 18:56:26.255 29416-29862 FullScreenCamera        com.example.nutrisaur11              W  Surface texture is null, cannot create preview session
2025-09-12 18:56:26.265 29416-29416 DecorView[]             com.example.nutrisaur11              D  getWindowModeFromSystem  windowmode is 1
2025-09-12 18:56:26.265 29416-29416 DecorView[]             com.example.nutrisaur11              D  updateDecorCaptionStatus displayWindowDecor is false
2025-09-12 18:56:26.299 29416-29416 FullScreenCamera        com.example.nutrisaur11              D  Using camera 0
2025-09-12 18:56:26.304 28364-30959 ActivityManagerWrapper  com.miui.home                        E  getRecentTasks: taskId=8395   userId=0   baseIntent=Intent { act=android.intent.action.MAIN cat=[android.intent.category.LAUNCHER] flg=0x10000000 cmp=com.example.nutrisaur11/.MainActivity }
2025-09-12 18:56:26.308 29416-29416 libc                    com.example.nutrisaur11              W  Access denied finding property "persist.vendor.camera.privapp.list"
2025-09-12 18:56:26.308 29416-29416 CameraExtImplXiaoMi     com.example.nutrisaur11              D  initCameraDevice: 0
2025-09-12 18:56:26.311 29416-29848 CameraDevice-JV-0       com.example.nutrisaur11              W  Device error received, code 0, frame number 0, request ID -1, subseq ID 0
2025-09-12 18:56:26.311 29416-29862 FullScreenCamera        com.example.nutrisaur11              W  Camera disconnected
2025-09-12 18:56:26.311 29416-29862 CameraExtImplXiaoMi     com.example.nutrisaur11              D  releaseCameraDevice: 0
2025-09-12 18:56:26.313 29416-29862 CameraDevice-JV-0       com.example.nutrisaur11              D  close: E. id = 0
2025-09-12 18:56:26.316 29416-29848 libc                    com.example.nutrisaur11              W  Access denied finding property "vendor.camera.aux.packagelist"
2025-09-12 18:56:26.317 29416-29848 CameraManagerGlobal     com.example.nutrisaur11              W  ignore the torch status update of camera: 3
2025-09-12 18:56:26.317 29416-29848 libc                    com.example.nutrisaur11              W  Access denied finding property "vendor.camera.aux.packagelist"
2025-09-12 18:56:26.317 29416-29848 CameraManagerGlobal     com.example.nutrisaur11              W  ignore the torch status update of camera: 4
2025-09-12 18:56:26.317 29416-29848 libc                    com.example.nutrisaur11              W  Access denied finding property "vendor.camera.aux.packagelist"
2025-09-12 18:56:26.317 29416-29848 CameraManagerGlobal     com.example.nutrisaur11              W  ignore the torch status update of camera: 5
2025-09-12 18:56:26.317 29416-29849 libc                    com.example.nutrisaur11              W  Access denied finding property "vendor.camera.aux.packagelist"
2025-09-12 18:56:26.317 29416-29849 CameraManagerGlobal     com.example.nutrisaur11              W  ignore the torch status update of camera: 6
2025-09-12 18:56:26.317 29416-29430 libc                    com.example.nutrisaur11              W  Access denied finding property "vendor.camera.aux.packagelist"
2025-09-12 18:56:26.318 29416-29430 CameraManagerGlobal     com.example.nutrisaur11              W  ignore the torch status update of camera: 7
2025-09-12 18:56:26.327 29416-29848 CameraManagerGlobal     com.example.nutrisaur11              E  Camera 5 is not available. Ignore physical camera status change
2025-09-12 18:56:26.328 29416-29862 CameraDevice-JV-0       com.example.nutrisaur11              D  close: X
2025-09-12 18:56:26.328 29416-29848 CameraManagerGlobal     com.example.nutrisaur11              E  Camera 6 is not available. Ignore physical camera status change
2025-09-12 18:56:26.337 29416-29849 CameraManagerGlobal     com.example.nutrisaur11              E  Camera 5 is not available. Ignore physical camera status change
2025-09-12 18:56:26.337 29416-29849 CameraManagerGlobal     com.example.nutrisaur11              E  Camera 6 is not available. Ignore physical camera status change
2025-09-12 18:56:26.339 29416-29848 libc                    com.example.nutrisaur11              W  Access denied finding property "vendor.camera.aux.packagelist"
2025-09-12 18:56:26.339 29416-29848 CameraManagerGlobal     com.example.nutrisaur11              W  ignore the torch status update of camera: 3
2025-09-12 18:56:26.340 29416-29848 libc                    com.example.nutrisaur11              W  Access denied finding property "vendor.camera.aux.packagelist"
2025-09-12 18:56:26.340 29416-29848 CameraManagerGlobal     com.example.nutrisaur11              W  ignore the torch status update of camera: 4
2025-09-12 18:56:26.340 29416-29848 libc                    com.example.nutrisaur11              W  Access denied finding property "vendor.camera.aux.packagelist"
2025-09-12 18:56:26.340 29416-29848 CameraManagerGlobal     com.example.nutrisaur11              W  ignore the torch status update of camera: 5
2025-09-12 18:56:26.340 29416-29848 libc                    com.example.nutrisaur11              W  Access denied finding property "vendor.camera.aux.packagelist"
2025-09-12 18:56:26.340 29416-29848 CameraManagerGlobal     com.example.nutrisaur11              W  ignore the torch status update of camera: 6
2025-09-12 18:56:26.341 29416-29848 libc                    com.example.nutrisaur11              W  Access denied finding property "vendor.camera.aux.packagelist"
2025-09-12 18:56:26.341 29416-29848 CameraManagerGlobal     com.example.nutrisaur11              W  ignore the torch status update of camera: 7
2025-09-12 18:56:26.347 29416-29862 FullScreenCamera        com.example.nutrisaur11              D  Camera opened successfully, creating preview immediately...
2025-09-12 18:56:26.348 29416-29862 CameraDevice-JV-0       com.example.nutrisaur11              D  waitUntilIdle: E. id = 0
2025-09-12 18:56:26.349 29416-29862 CameraDevice-JV-0       com.example.nutrisaur11              D  waitUntilIdle: X
2025-09-12 18:56:26.355 29416-29416 DecorView[]             com.example.nutrisaur11              D  onWindowFocusChanged hasWindowFocus false
2025-09-12 18:56:26.373 29416-29416 DecorView[]             com.example.nutrisaur11              D  onWindowFocusChanged hasWindowFocus true
2025-09-12 18:56:26.603 29416-29430 CameraDevice-JV-0       com.example.nutrisaur11              W  Device error received, code 4, frame number 2, request ID 0, subseq ID 0
2025-09-12 18:56:26.603 29416-29430 CameraDevice-JV-0       com.example.nutrisaur11              W  got error frame 2
2025-09-12 18:56:27.124 29416-29416 CameraExtImplXiaoMi     com.example.nutrisaur11              D  releaseCameraDevice: 0
2025-09-12 18:56:27.125 29416-29416 CameraDevice-JV-0       com.example.nutrisaur11              D  close: E. id = 0
2025-09-12 18:56:27.765 28364-30959 ActivityManagerWrapper  com.miui.home                        E  getRecentTasks: taskId=8395   userId=0   baseIntent=Intent { act=android.intent.action.MAIN cat=[android.intent.category.LAUNCHER] flg=0x10000000 cmp=com.example.nutrisaur11/.MainActivity }
2025-09-12 18:56:30.489 29416-29435 MIUIScout App           com.example.nutrisaur11              W  Enter APP_SCOUT_WARNING State
2025-09-12 18:56:30.499 29416-29896 MIUIScout App           com.example.nutrisaur11              W  Event:APP_SCOUT_WARNING Thread:main backtrace:
                                                                                                        at android.os.BinderProxy.transactNative(Native Method)
                                                                                                        at android.os.BinderProxy.transact(BinderProxy.java:624)
                                                                                                        at android.hardware.camera2.ICameraDeviceUser$Stub$Proxy.disconnect(ICameraDeviceUser.java:648)
                                                                                                        at android.hardware.camera2.impl.ICameraDeviceUserWrapper.disconnect(ICameraDeviceUserWrapper.java:69)
