2025-09-14 20:36:00.050 28549-28680 libMEOW                 com.example.nutrisaur11              D  meow new tls: 0xb40000701a38d340
2025-09-14 20:36:00.050 28549-28680 libMEOW                 com.example.nutrisaur11              D  applied 1 plugins for [com.example.nutrisaur11]:
2025-09-14 20:36:00.050 28549-28680 libMEOW                 com.example.nutrisaur11              D    plugin 1: [libMEOW_gift.so]: 0xb4000070766c5080
2025-09-14 20:36:00.050 28549-28680 libMEOW                 com.example.nutrisaur11              D  rebuild call chain: 0xb40000701a19eb00
2025-09-14 20:36:00.050 28549-28680 libMEOW                 com.example.nutrisaur11              D  meow delete tls: 0xb40000701a38d340
2025-09-14 20:36:00.066 28549-28549 DecorView[]             com.example.nutrisaur11              D  getWindowModeFromSystem  windowmode is 1
2025-09-14 20:36:00.072 28549-28549 ScrollerOp...ionManager com.example.nutrisaur11              D  registerConfigChangedListener
2025-09-14 20:36:00.101 28549-28588 libc                    com.example.nutrisaur11              W  Access denied finding property "ro.vendor.display.iris_x7.support"
2025-09-14 20:36:00.102 28549-28549 VRI[FavoritesActivity]  com.example.nutrisaur11              D  hardware acceleration = true, forceHwAccelerated = false
2025-09-14 20:36:00.104  1178-1285  BufferQueueDebug        surfaceflinger                       E  [84290b3 com.example.nutrisaur11/com.example.nutrisaur11.FavoritesActivity#12251](this:0xb400007e9aedaa30,id:-1,api:0,p:-1,c:-1) id info cannot be read from '84290b3 com.example.nutrisaur11/com.example.nutrisaur11.FavoritesActivity#12251'
2025-09-14 20:36:00.126  1178-1935  BufferQueueDebug        surfaceflinger                       E  [com.example.nutrisaur11/com.example.nutrisaur11.FavoritesActivity#12252](this:0xb400007ea3cb2a30,id:-1,api:0,p:-1,c:-1) id info cannot be read from 'com.example.nutrisaur11/com.example.nutrisaur11.FavoritesActivity#12252'
2025-09-14 20:36:00.137 28549-28549 BufferQueueConsumer     com.example.nutrisaur11              D  [](id:6f8500000004,api:0,p:-1,c:28549) connect: controlledByApp=false
2025-09-14 20:36:00.140 28549-28588 OpenGLRenderer          com.example.nutrisaur11              E  Unable to match the desired swap behavior.
2025-09-14 20:36:00.142 28549-28549 VRI[FavoritesActivity]  com.example.nutrisaur11              D  vri.reportNextDraw android.view.ViewRootImpl.performTraversals:4402 android.view.ViewRootImpl.doTraversal:3018 android.view.ViewRootImpl$TraversalRunnable.run:10526 android.view.Choreographer$CallbackRecord.run:1682 android.view.Choreographer$CallbackRecord.run:1691 
2025-09-14 20:36:00.142 28549-28549 VRI[FavoritesActivity]  com.example.nutrisaur11              D  vri.Setup new sync=wmsSync-VRI[FavoritesActivity]#8
2025-09-14 20:36:00.155 28549-28588 BLASTBufferQueue        com.example.nutrisaur11              D  [VRI[FavoritesActivity]#4](f:0,a:1) acquireNextBufferLocked size=720x1600 mFrameNumber=1 applyTransaction=true mTimestamp=34237699896963(auto) mPendingTransactions.size=0 graphicBufferId=122617021333528 transform=0
2025-09-14 20:36:00.156 28549-28549 VRI[FavoritesActivity]  com.example.nutrisaur11              D  vri.reportDrawFinished
2025-09-14 20:36:00.156  2558-2882  ActivityManagerWrapper  com.miui.home                        E  getRecentTasks: mainTaskId=818   userId=0   windowMode=1   baseIntent=Intent { act=android.intent.action.MAIN flag=268435456 cmp=ComponentInfo{com.example.nutrisaur11/com.example.nutrisaur11.MainActivity} }
2025-09-14 20:36:00.160  1178-2859  BufferQueueDebug        surfaceflinger                       E  [Transition Root: ActivityRecord{3aa9e96 u0 com.example.nutrisaur11/.FavoritesActivity t818}#12255](this:0xb400007ea3dd8a30,id:-1,api:0,p:-1,c:-1) id info cannot be read from 'Transition Root: ActivityRecord{3aa9e96 u0 com.example.nutrisaur11/.FavoritesActivity t818}#12255'
2025-09-14 20:36:00.167  1178-2859  BufferQueueDebug        surfaceflinger                       E  [cc1e9b1 ActivityRecordInputSink com.example.nutrisaur11/.FavoritesActivity#12256](this:0xb400007ea3e20a30,id:-1,api:0,p:-1,c:-1) id info cannot be read from 'cc1e9b1 ActivityRecordInputSink com.example.nutrisaur11/.FavoritesActivity#12256'
2025-09-14 20:36:00.167 28549-28588 gralloc4                com.example.nutrisaur11              I  @set_metadata: update dataspace from GM (0x00000000 -> 0x08010000)
2025-09-14 20:36:00.173 28549-28588 gralloc4                com.example.nutrisaur11              I  @set_metadata: update dataspace from GM (0x00000000 -> 0x08010000)
2025-09-14 20:36:00.185 28549-28588 gralloc4                com.example.nutrisaur11              I  @set_metadata: update dataspace from GM (0x00000000 -> 0x08010000)
2025-09-14 20:36:00.201 28549-28588 gralloc4                com.example.nutrisaur11              I  @set_metadata: update dataspace from GM (0x00000000 -> 0x08010000)
2025-09-14 20:36:00.201  2558-2882  ActivityManagerWrapper  com.miui.home                        E  getRecentTasks: mainTaskId=818   userId=0   windowMode=1   baseIntent=Intent { act=android.intent.action.MAIN flag=268435456 cmp=ComponentInfo{com.example.nutrisaur11/com.example.nutrisaur11.MainActivity} }
2025-09-14 20:36:00.208 28549-28588 gralloc4                com.example.nutrisaur11              I  @set_metadata: update dataspace from GM (0x00000000 -> 0x08010000)
2025-09-14 20:36:00.217 28549-28549 HandWritingStubImpl     com.example.nutrisaur11              I  refreshLastKeyboardType: 1
2025-09-14 20:36:00.217 28549-28549 HandWritingStubImpl     com.example.nutrisaur11              I  getCurrentKeyboardType: 1
2025-09-14 20:36:00.219 28549-28588 gralloc4                com.example.nutrisaur11              I  @set_metadata: update dataspace from GM (0x00000000 -> 0x08010000)
2025-09-14 20:36:00.228 28549-28588 gralloc4                com.example.nutrisaur11              I  @set_metadata: update dataspace from GM (0x00000000 -> 0x08010000)
2025-09-14 20:36:00.236 28549-28588 gralloc4                com.example.nutrisaur11              I  @set_metadata: update dataspace from GM (0x00000000 -> 0x08010000)
2025-09-14 20:36:00.247 28549-28588 gralloc4                com.example.nutrisaur11              I  @set_metadata: update dataspace from GM (0x00000000 -> 0x08010000)
2025-09-14 20:36:00.260 28549-28588 gralloc4                com.example.nutrisaur11              I  @set_metadata: update dataspace from GM (0x00000000 -> 0x08010000)
2025-09-14 20:36:00.591  1178-1935  BufferQueueDebug        surfaceflinger                       E  [ActivityRecord{4142e64 u0 com.example.nutrisaur11/.FoodActivity t818}#12258](this:0xb400007ea3d6fa30,id:-1,api:0,p:-1,c:-1) id info cannot be read from 'ActivityRecord{4142e64 u0 com.example.nutrisaur11/.FoodActivity t818}#12258'
2025-09-14 20:36:00.630 28549-28686 libMEOW                 com.example.nutrisaur11              D  meow new tls: 0xb40000701a408800
2025-09-14 20:36:00.630 28549-28686 libMEOW                 com.example.nutrisaur11              D  applied 1 plugins for [com.example.nutrisaur11]:
2025-09-14 20:36:00.630 28549-28686 libMEOW                 com.example.nutrisaur11              D    plugin 1: [libMEOW_gift.so]: 0xb4000070766c5080
2025-09-14 20:36:00.630 28549-28686 libMEOW                 com.example.nutrisaur11              D  rebuild call chain: 0xb40000701a417b00
2025-09-14 20:36:00.630 28549-28686 libMEOW                 com.example.nutrisaur11              D  meow delete tls: 0xb40000701a408800
2025-09-14 20:36:00.644 28549-28549 DecorView[]             com.example.nutrisaur11              D  getWindowModeFromSystem  windowmode is 1
2025-09-14 20:36:00.649 28549-28549 ScrollerOp...ionManager com.example.nutrisaur11              D  registerConfigChangedListener
2025-09-14 20:36:00.727 28549-28549 FoodActivity            com.example.nutrisaur11              D  FoodActivity onCreate started
2025-09-14 20:36:00.728 28549-28549 DailyResetManager       com.example.nutrisaur11              D  Same day, no reset needed. Current: 2025-09-14
2025-09-14 20:36:00.730 28549-28549 FoodActivity            com.example.nutrisaur11              D  Date set to: Today, Sept 14
2025-09-14 20:36:00.730 28549-28549 FoodActivity            com.example.nutrisaur11              D  Nutrition views initialized
2025-09-14 20:36:00.731 28549-28549 FoodActivity            com.example.nutrisaur11              D  Views initialized
2025-09-14 20:36:00.731 28549-28549 FoodActivity            com.example.nutrisaur11              D  Fetching user screening data from community_users table...
2025-09-14 20:36:00.731 28549-28688 CommunityUserManager    com.example.nutrisaur11              D  === GETTING CURRENT USER DATA FROM DATABASE ===
2025-09-14 20:36:00.731 28549-28688 CommunityUserManager    com.example.nutrisaur11              D  Making API request to: https://nutrisaur-production.up.railway.app/api/DatabaseAPI.php?action=get_community_user_data
2025-09-14 20:36:00.731 28549-28688 CommunityUserManager    com.example.nutrisaur11              D  Request data: {"email":"jdjdh@jshs.s"}
2025-09-14 20:36:00.735 28549-28549 WindowOnBackDispatcher  com.example.nutrisaur11              W  OnBackInvokedCallback is not enabled for the application.
                                                                                                    Set 'android:enableOnBackInvokedCallback="true"' in the application manifest.
2025-09-14 20:36:00.736  2558-2882  ActivityManagerWrapper  com.miui.home                        E  getRecentTasks: mainTaskId=818   userId=0   windowMode=1   baseIntent=Intent { act=android.intent.action.MAIN flag=268435456 cmp=ComponentInfo{com.example.nutrisaur11/com.example.nutrisaur11.MainActivity} }
2025-09-14 20:36:00.741 28549-28588 libc                    com.example.nutrisaur11              W  Access denied finding property "ro.vendor.display.iris_x7.support"
2025-09-14 20:36:00.741 28549-28549 VRI[FoodActivity]       com.example.nutrisaur11              D  hardware acceleration = true, forceHwAccelerated = false
2025-09-14 20:36:00.744  1178-1935  BufferQueueDebug        surfaceflinger                       E  [cc0e485 com.example.nutrisaur11/com.example.nutrisaur11.FoodActivity#12259](this:0xb400007e9ae57a30,id:-1,api:0,p:-1,c:-1) id info cannot be read from 'cc0e485 com.example.nutrisaur11/com.example.nutrisaur11.FoodActivity#12259'
2025-09-14 20:36:00.769  2558-2882  ActivityManagerWrapper  com.miui.home                        E  getRecentTasks: mainTaskId=818   userId=0   windowMode=1   baseIntent=Intent { act=android.intent.action.MAIN flag=268435456 cmp=ComponentInfo{com.example.nutrisaur11/com.example.nutrisaur11.MainActivity} }
2025-09-14 20:36:00.773  1178-1935  BufferQueueDebug        surfaceflinger                       E  [com.example.nutrisaur11/com.example.nutrisaur11.FoodActivity#12260](this:0xb400007e9ae64a30,id:-1,api:0,p:-1,c:-1) id info cannot be read from 'com.example.nutrisaur11/com.example.nutrisaur11.FoodActivity#12260'
2025-09-14 20:36:00.787 28549-28549 BufferQueueConsumer     com.example.nutrisaur11              D  [](id:6f8500000005,api:0,p:-1,c:28549) connect: controlledByApp=false
2025-09-14 20:36:00.789 28549-28588 OpenGLRenderer          com.example.nutrisaur11              E  Unable to match the desired swap behavior.
2025-09-14 20:36:00.796 28549-28549 VRI[FoodActivity]       com.example.nutrisaur11              D  vri.reportNextDraw android.view.ViewRootImpl.performTraversals:4402 android.view.ViewRootImpl.doTraversal:3018 android.view.ViewRootImpl$TraversalRunnable.run:10526 android.view.Choreographer$CallbackRecord.run:1682 android.view.Choreographer$CallbackRecord.run:1691 
2025-09-14 20:36:00.796 28549-28549 VRI[FoodActivity]       com.example.nutrisaur11              D  vri.Setup new sync=wmsSync-VRI[FoodActivity]#10
2025-09-14 20:36:00.808 28549-28588 OpenGLRenderer          com.example.nutrisaur11              D  makeCurrent grContext:0xb40000708461c560 reset mTextureAvailable
2025-09-14 20:36:00.816 28549-28588 BLASTBufferQueue        com.example.nutrisaur11              D  [VRI[FoodActivity]#5](f:0,a:1) acquireNextBufferLocked size=720x1600 mFrameNumber=1 applyTransaction=true mTimestamp=34238361179732(auto) mPendingTransactions.size=0 graphicBufferId=122617021333533 transform=0
2025-09-14 20:36:00.817 28549-28549 VRI[FoodActivity]       com.example.nutrisaur11              D  vri.reportDrawFinished
2025-09-14 20:36:00.822  1178-1935  BufferQueueDebug        surfaceflinger                       E  [Transition Root: ActivityRecord{4142e64 u0 com.example.nutrisaur11/.FoodActivity t818}#12263](this:0xb400007e9aea6a30,id:-1,api:0,p:-1,c:-1) id info cannot be read from 'Transition Root: ActivityRecord{4142e64 u0 com.example.nutrisaur11/.FoodActivity t818}#12263'
2025-09-14 20:36:00.826  1178-1935  BufferQueueDebug        surfaceflinger                       E  [d47bff7 ActivityRecordInputSink com.example.nutrisaur11/.FoodActivity#12264](this:0xb400007e9ae61a30,id:-1,api:0,p:-1,c:-1) id info cannot be read from 'd47bff7 ActivityRecordInputSink com.example.nutrisaur11/.FoodActivity#12264'
2025-09-14 20:36:00.835 28549-28549 BLASTBufferQueue        com.example.nutrisaur11              D  [VRI[FoodActivity]#3](f:0,a:1) destructor()
2025-09-14 20:36:00.835 28549-28549 BufferQueueConsumer     com.example.nutrisaur11              D  [VRI[FoodActivity]#3(BLAST Consumer)3](id:6f8500000003,api:0,p:-1,c:28549) disconnect
2025-09-14 20:36:00.848 28549-28549 NutritionService        com.example.nutrisaur11              D  Shutting down executor service
2025-09-14 20:36:00.848 28549-28549 WindowOnBackDispatcher  com.example.nutrisaur11              W  sendCancelIfRunning: isInProgress=falsecallback=android.view.ViewRootImpl$$ExternalSyntheticLambda23@dc0af87
2025-09-14 20:36:00.850 28549-28549 View                    com.example.nutrisaur11              D  [Warning] assignParent to null: this = DecorView@93d954[FoodActivity]
2025-09-14 20:36:00.878 28549-28549 HandWritingStubImpl     com.example.nutrisaur11              I  refreshLastKeyboardType: 1
2025-09-14 20:36:00.878 28549-28549 HandWritingStubImpl     com.example.nutrisaur11              I  getCurrentKeyboardType: 1
2025-09-14 20:36:00.892 28549-28588 gralloc4                com.example.nutrisaur11              I  @set_metadata: update dataspace from GM (0x00000000 -> 0x08010000)
2025-09-14 20:36:00.897 28549-28588 gralloc4                com.example.nutrisaur11              I  @set_metadata: update dataspace from GM (0x00000000 -> 0x08010000)
2025-09-14 20:36:00.908 28549-28588 gralloc4                com.example.nutrisaur11              I  @set_metadata: update dataspace from GM (0x00000000 -> 0x08010000)
2025-09-14 20:36:00.919 28549-28588 gralloc4                com.example.nutrisaur11              I  @set_metadata: update dataspace from GM (0x00000000 -> 0x08010000)
2025-09-14 20:36:00.928 28549-28588 gralloc4                com.example.nutrisaur11              I  @set_metadata: update dataspace from GM (0x00000000 -> 0x08010000)
2025-09-14 20:36:00.941 28549-28588 gralloc4                com.example.nutrisaur11              I  @set_metadata: update dataspace from GM (0x00000000 -> 0x08010000)
2025-09-14 20:36:00.951 28549-28588 gralloc4                com.example.nutrisaur11              I  @set_metadata: update dataspace from GM (0x00000000 -> 0x08010000)
2025-09-14 20:36:00.963 28549-28588 gralloc4                com.example.nutrisaur11              I  @set_metadata: update dataspace from GM (0x00000000 -> 0x08010000)
2025-09-14 20:36:00.974 28549-28588 gralloc4                com.example.nutrisaur11              I  @set_metadata: update dataspace from GM (0x00000000 -> 0x08010000)
2025-09-14 20:36:00.985 28549-28588 gralloc4                com.example.nutrisaur11              I  @set_metadata: update dataspace from GM (0x00000000 -> 0x08010000)
2025-09-14 20:36:01.378 28549-28549 BLASTBufferQueue        com.example.nutrisaur11              D  [VRI[FavoritesActivity]#4](f:0,a:1) destructor()
2025-09-14 20:36:01.379 28549-28549 BufferQueueConsumer     com.example.nutrisaur11              D  [VRI[FavoritesActivity]#4(BLAST Consumer)4](id:6f8500000004,api:0,p:-1,c:28549) disconnect
2025-09-14 20:36:01.386 28549-28549 WindowOnBackDispatcher  com.example.nutrisaur11              W  sendCancelIfRunning: isInProgress=falsecallback=android.view.ViewRootImpl$$ExternalSyntheticLambda23@dfbefed
2025-09-14 20:36:01.388 28549-28549 View                    com.example.nutrisaur11              D  [Warning] assignParent to null: this = DecorView@8a0a2b5[FavoritesActivity]
2025-09-14 20:36:02.719 28549-28688 CommunityUserManager    com.example.nutrisaur11              D  API response code: 200
2025-09-14 20:36:02.719 28549-28688 CommunityUserManager    com.example.nutrisaur11              D  API response message: 
2025-09-14 20:36:02.721 28549-28688 CommunityUserManager    com.example.nutrisaur11              D  API response for get_community_user_data: {"success":true,"message":"User data retrieved successfully","user":{"name":"hdhdh","email":"jdjdh@jshs.s","municipality":"Not specified","barangay":"Not specified","sex":"Not specified","birthday":"","age":"","is_pregnant":"No","weight_kg":"0","height_cm":"0","muac_cm":"","bmi":"","bmi_category":"","muac_category":"","nutritional_risk":"","screening_date":"2025-09-14 17:10:26","screened_by":"","notes":"","status":"","created_at":"","updated_at":""}}
2025-09-14 20:36:02.721 28549-28688 CommunityUserManager    com.example.nutrisaur11              D  Retrieved user data from database:
2025-09-14 20:36:02.721 28549-28688 CommunityUserManager    com.example.nutrisaur11              D    birthday: 
2025-09-14 20:36:02.721 28549-28688 CommunityUserManager    com.example.nutrisaur11              D    is_pregnant: No
2025-09-14 20:36:02.721 28549-28688 CommunityUserManager    com.example.nutrisaur11              D    muac_category: 
2025-09-14 20:36:02.721 28549-28688 CommunityUserManager    com.example.nutrisaur11              D    notes: 
2025-09-14 20:36:02.721 28549-28688 CommunityUserManager    com.example.nutrisaur11              D    weight_kg: 0
2025-09-14 20:36:02.721 28549-28688 CommunityUserManager    com.example.nutrisaur11              D    nutritional_risk: 
2025-09-14 20:36:02.721 28549-28688 CommunityUserManager    com.example.nutrisaur11              D    height_cm: 0
2025-09-14 20:36:02.721 28549-28688 CommunityUserManager    com.example.nutrisaur11              D    sex: Not specified
2025-09-14 20:36:02.721 28549-28688 CommunityUserManager    com.example.nutrisaur11              D    municipality: Not specified
2025-09-14 20:36:02.721 28549-28688 CommunityUserManager    com.example.nutrisaur11              D    muac_cm: 
2025-09-14 20:36:02.721 28549-28688 CommunityUserManager    com.example.nutrisaur11              D    screening_date: 2025-09-14 17:10:26
2025-09-14 20:36:02.721 28549-28688 CommunityUserManager    com.example.nutrisaur11              D    bmi_category: 
2025-09-14 20:36:02.721 28549-28688 CommunityUserManager    com.example.nutrisaur11              D    name: hdhdh
2025-09-14 20:36:02.722 28549-28688 CommunityUserManager    com.example.nutrisaur11              D    barangay: Not specified
2025-09-14 20:36:02.722 28549-28688 CommunityUserManager    com.example.nutrisaur11              D    email: jdjdh@jshs.s
2025-09-14 20:36:02.722 28549-28688 CommunityUserManager    com.example.nutrisaur11              D    age: 
2025-09-14 20:36:02.722 28549-28688 CommunityUserManager    com.example.nutrisaur11              D    bmi: 
2025-09-14 20:36:02.722 28549-28688 CommunityUserManager    com.example.nutrisaur11              D  Essential user data found for personalization
2025-09-14 20:36:02.722 28549-28688 FoodActivity            com.example.nutrisaur11              D  User screening data fetched from community_users table
2025-09-14 20:36:02.722 28549-28549 FoodActivity            com.example.nutrisaur11              D  Loading nutrition data with user data from community_users table...
2025-09-14 20:36:02.723 28549-28694 NutritionService        com.example.nutrisaur11              D  Starting nutrition recommendations with database user data...
2025-09-14 20:36:02.724 28549-28694 NutritionService        com.example.nutrisaur11              D  Creating user profile from community_users table data...
2025-09-14 20:36:02.724 28549-28694 NutritionService        com.example.nutrisaur11              W  No birthday provided, using default age: 25
2025-09-14 20:36:02.724 28549-28694 NutritionService        com.example.nutrisaur11              W  Weight is 0 or invalid, using default: 70
2025-09-14 20:36:02.724 28549-28694 NutritionService        com.example.nutrisaur11              W  Height is 0 or invalid, using default: 170
2025-09-14 20:36:02.724 28549-28694 NutritionService        com.example.nutrisaur11              D  Database user data: name=hdhdh, age=25, weight=70.0, height=170.0, gender=Not specified
2025-09-14 20:36:02.724 28549-28694 NutritionService        com.example.nutrisaur11              D  User profile created from database: hdhdh, BMI: 24.221453287197235
2025-09-14 20:36:02.724 28549-28694 KcalSuggestionCache     com.example.nutrisaur11              D  Cached kcal suggestion is valid
2025-09-14 20:36:02.724 28549-28694 NutritionService        com.example.nutrisaur11              D  Using cached kcal suggestion - user profile unchanged
2025-09-14 20:36:02.725 28549-28694 KcalSuggestionCache     com.example.nutrisaur11              D  Successfully loaded cached kcal suggestion
2025-09-14 20:36:02.729 28549-28549 FoodActivity            com.example.nutrisaur11              D  Updating nutrition UI with data
2025-09-14 20:36:02.731 28549-28549 CalorieTracker          com.example.nutrisaur11              D  Syncing with 0 added foods
2025-09-14 20:36:02.732 28549-28549 CalorieTracker          com.example.nutrisaur11              D  Synced CalorieTracker with AddedFoodManager. Total meals: 0
2025-09-14 20:36:02.737 28549-28588 gralloc4                com.example.nutrisaur11              I  @set_metadata: update dataspace from GM (0x00000000 -> 0x08010000)
2025-09-14 20:36:02.740 28549-28549 FoodActivity            com.example.nutrisaur11              D  === CALORIE UPDATE ===
2025-09-14 20:36:02.740 28549-28549 FoodActivity            com.example.nutrisaur11              D  Total Daily Calories: 2288
2025-09-14 20:36:02.740 28549-28549 FoodActivity            com.example.nutrisaur11              D  Total Eaten Calories: 0
2025-09-14 20:36:02.740 28549-28549 FoodActivity            com.example.nutrisaur11              D  Calories Left: 2288
2025-09-14 20:36:02.740 28549-28549 FoodActivity            com.example.nutrisaur11              D  Calories Burned: 0
2025-09-14 20:36:02.741 28549-28549 FoodActivity            com.example.nutrisaur11              D  Calorie data updated and saved to SharedPreferences
2025-09-14 20:36:02.749 28549-28549 FoodActivity            com.example.nutrisaur11              D  Macronutrients remaining - Protein: 112/112, Carbs: 288/288, Fat: 76/76
2025-09-14 20:36:02.750 28549-28549 FoodActivity            com.example.nutrisaur11              D  Walking Calories: 0
2025-09-14 20:36:02.750 28549-28549 FoodActivity            com.example.nutrisaur11              D  Activity Calories: 0
2025-09-14 20:36:02.758 28549-28549 FoodActivity            com.example.nutrisaur11              D  Meal progress updated with CalorieTracker data
2025-09-14 20:36:02.759 28549-28549 FoodActivity            com.example.nutrisaur11              D  Meal distribution stored
2025-09-14 20:36:02.759 28549-28549 FoodActivity            com.example.nutrisaur11              D  Nutrition data loaded successfully with database user data
2025-09-14 20:36:02.781 28549-28588 gralloc4                com.example.nutrisaur11              I  @set_metadata: update dataspace from GM (0x00000000 -> 0x08010000)
2025-09-14 20:36:02.788 28549-28588 gralloc4                com.example.nutrisaur11              I  @set_metadata: update dataspace from GM (0x00000000 -> 0x08010000)
2025-09-14 20:36:02.798 28549-28588 gralloc4                com.example.nutrisaur11              I  @set_metadata: update dataspace from GM (0x00000000 -> 0x08010000)
2025-09-14 20:36:02.816 28549-28588 gralloc4                com.example.nutrisaur11              I  @set_metadata: update dataspace from GM (0x00000000 -> 0x08010000)
2025-09-14 20:36:02.831 28549-28588 gralloc4                com.example.nutrisaur11              I  @set_metadata: update dataspace from GM (0x00000000 -> 0x08010000)
2025-09-14 20:36:02.847 28549-28588 gralloc4                com.example.nutrisaur11              I  @set_metadata: update dataspace from GM (0x00000000 -> 0x08010000)
2025-09-14 20:36:02.864 28549-28588 gralloc4                com.example.nutrisaur11              I  @set_metadata: update dataspace from GM (0x00000000 -> 0x08010000)
2025-09-14 20:36:02.881 28549-28588 gralloc4                com.example.nutrisaur11              I  @set_metadata: update dataspace from GM (0x00000000 -> 0x08010000)
2025-09-14 20:36:02.897 28549-28588 gralloc4                com.example.nutrisaur11              I  @set_metadata: update dataspace from GM (0x00000000 -> 0x08010000)
2025-09-14 20:36:02.914 28549-28588 gralloc4                com.example.nutrisaur11              I  @set_metadata: update dataspace from GM (0x00000000 -> 0x08010000)
2025-09-14 20:36:02.931 28549-28588 gralloc4                com.example.nutrisaur11              I  @set_metadata: update dataspace from GM (0x00000000 -> 0x08010000)
2025-09-14 20:36:02.947 28549-28588 gralloc4                com.example.nutrisaur11              I  @set_metadata: update dataspace from GM (0x00000000 -> 0x08010000)
2025-09-14 20:36:02.964 28549-28588 gralloc4                com.example.nutrisaur11              I  @set_metadata: update dataspace from GM (0x00000000 -> 0x08010000)
2025-09-14 20:36:02.981 28549-28588 gralloc4                com.example.nutrisaur11              I  @set_metadata: update dataspace from GM (0x00000000 -> 0x08010000)
2025-09-14 20:36:02.997 28549-28588 gralloc4                com.example.nutrisaur11              I  @set_metadata: update dataspace from GM (0x00000000 -> 0x08010000)
2025-09-14 20:36:03.014 28549-28588 gralloc4                com.example.nutrisaur11              I  @set_metadata: update dataspace from GM (0x00000000 -> 0x08010000)
2025-09-14 20:36:03.031 28549-28588 gralloc4                com.example.nutrisaur11              I  @set_metadata: update dataspace from GM (0x00000000 -> 0x08010000)
2025-09-14 20:36:03.047 28549-28588 gralloc4                com.example.nutrisaur11              I  @set_metadata: update dataspace from GM (0x00000000 -> 0x08010000)
2025-09-14 20:36:03.064 28549-28588 gralloc4                com.example.nutrisaur11              I  @set_metadata: update dataspace from GM (0x00000000 -> 0x08010000)
2025-09-14 20:36:03.081 28549-28588 gralloc4                com.example.nutrisaur11              I  @set_metadata: update dataspace from GM (0x00000000 -> 0x08010000)
2025-09-14 20:36:03.097 28549-28588 gralloc4                com.example.nutrisaur11              I  @set_metadata: update dataspace from GM (0x00000000 -> 0x08010000)
2025-09-14 20:36:03.113 28549-28588 gralloc4                com.example.nutrisaur11              I  @set_metadata: update dataspace from GM (0x00000000 -> 0x08010000)
2025-09-14 20:36:03.130 28549-28588 gralloc4                com.example.nutrisaur11              I  @set_metadata: update dataspace from GM (0x00000000 -> 0x08010000)
2025-09-14 20:36:03.147 28549-28588 gralloc4                com.example.nutrisaur11              I  @set_metadata: update dataspace from GM (0x00000000 -> 0x08010000)
2025-09-14 20:36:03.164 28549-28588 gralloc4                com.example.nutrisaur11              I  @set_metadata: update dataspace from GM (0x00000000 -> 0x08010000)
2025-09-14 20:36:03.180 28549-28588 gralloc4                com.example.nutrisaur11              I  @set_metadata: update dataspace from GM (0x00000000 -> 0x08010000)
2025-09-14 20:36:03.197 28549-28588 gralloc4                com.example.nutrisaur11              I  @set_metadata: update dataspace from GM (0x00000000 -> 0x08010000)
2025-09-14 20:36:03.213 28549-28588 gralloc4                com.example.nutrisaur11              I  @set_metadata: update dataspace from GM (0x00000000 -> 0x08010000)
2025-09-14 20:36:03.230 28549-28588 gralloc4                com.example.nutrisaur11              I  @set_metadata: update dataspace from GM (0x00000000 -> 0x08010000)
2025-09-14 20:36:03.247 28549-28588 gralloc4                com.example.nutrisaur11              I  @set_metadata: update dataspace from GM (0x00000000 -> 0x08010000)
2025-09-14 20:36:03.264 28549-28588 gralloc4                com.example.nutrisaur11              I  @set_metadata: update dataspace from GM (0x00000000 -> 0x08010000)
2025-09-14 20:36:03.280 28549-28588 gralloc4                com.example.nutrisaur11              I  @set_metadata: update dataspace from GM (0x00000000 -> 0x08010000)
2025-09-14 20:36:03.297 28549-28588 gralloc4                com.example.nutrisaur11              I  @set_metadata: update dataspace from GM (0x00000000 -> 0x08010000)
2025-09-14 20:36:03.313 28549-28588 gralloc4                com.example.nutrisaur11              I  @set_metadata: update dataspace from GM (0x00000000 -> 0x08010000)
2025-09-14 20:36:03.331 28549-28588 gralloc4                com.example.nutrisaur11              I  @set_metadata: update dataspace from GM (0x00000000 -> 0x08010000)
2025-09-14 20:36:03.347 28549-28588 gralloc4                com.example.nutrisaur11              I  @set_metadata: update dataspace from GM (0x00000000 -> 0x08010000)
2025-09-14 20:36:03.364 28549-28588 gralloc4                com.example.nutrisaur11              I  @set_metadata: update dataspace from GM (0x00000000 -> 0x08010000)
2025-09-14 20:36:03.381 28549-28588 gralloc4                com.example.nutrisaur11              I  @set_metadata: update dataspace from GM (0x00000000 -> 0x08010000)
2025-09-14 20:36:03.397 28549-28588 gralloc4                com.example.nutrisaur11              I  @set_metadata: update dataspace from GM (0x00000000 -> 0x08010000)
2025-09-14 20:36:03.414 28549-28588 gralloc4                com.example.nutrisaur11              I  @set_metadata: update dataspace from GM (0x00000000 -> 0x08010000)
2025-09-14 20:36:03.431 28549-28588 gralloc4                com.example.nutrisaur11              I  @set_metadata: update dataspace from GM (0x00000000 -> 0x08010000)
2025-09-14 20:36:03.447 28549-28588 gralloc4                com.example.nutrisaur11              I  @set_metadata: update dataspace from GM (0x00000000 -> 0x08010000)
2025-09-14 20:36:03.464 28549-28588 gralloc4                com.example.nutrisaur11              I  @set_metadata: update dataspace from GM (0x00000000 -> 0x08010000)
2025-09-14 20:36:03.481 28549-28588 gralloc4                com.example.nutrisaur11              I  @set_metadata: update dataspace from GM (0x00000000 -> 0x08010000)
2025-09-14 20:36:03.497 28549-28588 gralloc4                com.example.nutrisaur11              I  @set_metadata: update dataspace from GM (0x00000000 -> 0x08010000)
2025-09-14 20:36:03.514 28549-28588 gralloc4                com.example.nutrisaur11              I  @set_metadata: update dataspace from GM (0x00000000 -> 0x08010000)
2025-09-14 20:36:03.532 28549-28588 gralloc4                com.example.nutrisaur11              I  @set_metadata: update dataspace from GM (0x00000000 -> 0x08010000)
2025-09-14 20:36:03.547 28549-28588 gralloc4                com.example.nutrisaur11              I  @set_metadata: update dataspace from GM (0x00000000 -> 0x08010000)
2025-09-14 20:36:03.564 28549-28588 gralloc4                com.example.nutrisaur11              I  @set_metadata: update dataspace from GM (0x00000000 -> 0x08010000)
2025-09-14 20:36:03.580 28549-28588 gralloc4                com.example.nutrisaur11              I  @set_metadata: update dataspace from GM (0x00000000 -> 0x08010000)
2025-09-14 20:36:03.597 28549-28588 gralloc4                com.example.nutrisaur11              I  @set_metadata: update dataspace from GM (0x00000000 -> 0x08010000)
2025-09-14 20:36:03.613 28549-28588 gralloc4                com.example.nutrisaur11              I  @set_metadata: update dataspace from GM (0x00000000 -> 0x08010000)
2025-09-14 20:36:03.631 28549-28588 gralloc4                com.example.nutrisaur11              I  @set_metadata: update dataspace from GM (0x00000000 -> 0x08010000)
2025-09-14 20:36:03.647 28549-28588 gralloc4                com.example.nutrisaur11              I  @set_metadata: update dataspace from GM (0x00000000 -> 0x08010000)
2025-09-14 20:36:03.664 28549-28588 gralloc4                com.example.nutrisaur11              I  @set_metadata: update dataspace from GM (0x00000000 -> 0x08010000)
2025-09-14 20:36:03.680 28549-28588 gralloc4                com.example.nutrisaur11              I  @set_metadata: update dataspace from GM (0x00000000 -> 0x08010000)
2025-09-14 20:36:03.697 28549-28588 gralloc4                com.example.nutrisaur11              I  @set_metadata: update dataspace from GM (0x00000000 -> 0x08010000)
2025-09-14 20:36:03.714 28549-28588 gralloc4                com.example.nutrisaur11              I  @set_metadata: update dataspace from GM (0x00000000 -> 0x08010000)
2025-09-14 20:36:03.730 28549-28588 gralloc4                com.example.nutrisaur11              I  @set_metadata: update dataspace from GM (0x00000000 -> 0x08010000)
2025-09-14 20:36:03.747 28549-28588 gralloc4                com.example.nutrisaur11              I  @set_metadata: update dataspace from GM (0x00000000 -> 0x08010000)
2025-09-14 20:36:03.764 28549-28588 gralloc4                com.example.nutrisaur11              I  @set_metadata: update dataspace from GM (0x00000000 -> 0x08010000)
